java.util.concurrent.ExecutionException: jetbrains.exodus.ExodusException
	at java.base/java.util.concurrent.FutureTask.report(FutureTask.java:122)
	at java.base/java.util.concurrent.FutureTask.get(FutureTask.java:191)
	at jetbrains.exodus.newLogConcept.MVCC.MVCCDataStructure.commitTransaction(MVCCDataStructure.java:299)
	at site.ycsb.db.XodusClient.insert(XodusClient.java:60)
	at site.ycsb.DBWrapper.insert(DBWrapper.java:227)
	at site.ycsb.workloads.CoreWorkload.doInsert(CoreWorkload.java:621)
	at site.ycsb.ClientThread.run(ClientThread.java:135)
	at java.base/java.lang.Thread.run(Thread.java:829)
Caused by: jetbrains.exodus.ExodusException
	at jetbrains.exodus.newLogConcept.garbageCollector.OperationLogGarbageCollector.moveAndRemoveRecordsFromLog(OperationLogGarbageCollector.java:69)
	at jetbrains.exodus.newLogConcept.garbageCollector.OperationLogGarbageCollector.clean(OperationLogGarbageCollector.java:51)
	at jetbrains.exodus.newLogConcept.MVCC.MVCCDataStructure.lambda$commitTransaction$1(MVCCDataStructure.java:297)
	at java.base/java.util.concurrent.Executors$RunnableAdapter.call(Executors.java:515)
	at java.base/java.util.concurrent.FutureTask.run(FutureTask.java:264)
	at java.base/java.util.concurrent.ThreadPoolExecutor.runWorker(ThreadPoolExecutor.java:1128)
	at java.base/java.util.concurrent.ThreadPoolExecutor$Worker.run(ThreadPoolExecutor.java:628)
	... 1 more
java.util.concurrent.ExecutionException: jetbrains.exodus.ExodusException
	at java.base/java.util.concurrent.FutureTask.report(FutureTask.java:122)
	at java.base/java.util.concurrent.FutureTask.get(FutureTask.java:191)
	at jetbrains.exodus.newLogConcept.MVCC.MVCCDataStructure.commitTransaction(MVCCDataStructure.java:299)
	at site.ycsb.db.XodusClient.insert(XodusClient.java:60)
	at site.ycsb.DBWrapper.insert(DBWrapper.java:227)
	at site.ycsb.workloads.CoreWorkload.doInsert(CoreWorkload.java:621)
	at site.ycsb.ClientThread.run(ClientThread.java:135)
	at java.base/java.lang.Thread.run(Thread.java:829)
Caused by: jetbrains.exodus.ExodusException
	at jetbrains.exodus.newLogConcept.garbageCollector.OperationLogGarbageCollector.moveAndRemoveRecordsFromLog(OperationLogGarbageCollector.java:69)
	at jetbrains.exodus.newLogConcept.garbageCollector.OperationLogGarbageCollector.clean(OperationLogGarbageCollector.java:51)
	at jetbrains.exodus.newLogConcept.MVCC.MVCCDataStructure.lambda$commitTransaction$1(MVCCDataStructure.java:297)
	at java.base/java.util.concurrent.Executors$RunnableAdapter.call(Executors.java:515)
	at java.base/java.util.concurrent.FutureTask.run(FutureTask.java:264)
	at java.base/java.util.concurrent.ThreadPoolExecutor.runWorker(ThreadPoolExecutor.java:1128)
	at java.base/java.util.concurrent.ThreadPoolExecutor$Worker.run(ThreadPoolExecutor.java:628)
	... 1 more
java.util.concurrent.ExecutionException: jetbrains.exodus.ExodusException
	at java.base/java.util.concurrent.FutureTask.report(FutureTask.java:122)
	at java.base/java.util.concurrent.FutureTask.get(FutureTask.java:191)
	at jetbrains.exodus.newLogConcept.MVCC.MVCCDataStructure.commitTransaction(MVCCDataStructure.java:299)
	at site.ycsb.db.XodusClient.insert(XodusClient.java:60)
	at site.ycsb.DBWrapper.insert(DBWrapper.java:227)
	at site.ycsb.workloads.CoreWorkload.doInsert(CoreWorkload.java:621)
	at site.ycsb.ClientThread.run(ClientThread.java:135)
	at java.base/java.lang.Thread.run(Thread.java:829)
Caused by: jetbrains.exodus.ExodusException
	at jetbrains.exodus.newLogConcept.garbageCollector.OperationLogGarbageCollector.moveAndRemoveRecordsFromLog(OperationLogGarbageCollector.java:69)
	at jetbrains.exodus.newLogConcept.garbageCollector.OperationLogGarbageCollector.clean(OperationLogGarbageCollector.java:51)
	at jetbrains.exodus.newLogConcept.MVCC.MVCCDataStructure.lambda$commitTransaction$1(MVCCDataStructure.java:297)
	at java.base/java.util.concurrent.Executors$RunnableAdapter.call(Executors.java:515)
	at java.base/java.util.concurrent.FutureTask.run(FutureTask.java:264)
	at java.base/java.util.concurrent.ThreadPoolExecutor.runWorker(ThreadPoolExecutor.java:1128)
	at java.base/java.util.concurrent.ThreadPoolExecutor$Worker.run(ThreadPoolExecutor.java:628)
	... 1 more
java.util.concurrent.ExecutionException: jetbrains.exodus.ExodusException
	at java.base/java.util.concurrent.FutureTask.report(FutureTask.java:122)
	at java.base/java.util.concurrent.FutureTask.get(FutureTask.java:191)
	at jetbrains.exodus.newLogConcept.MVCC.MVCCDataStructure.commitTransaction(MVCCDataStructure.java:299)
	at site.ycsb.db.XodusClient.insert(XodusClient.java:60)
	at site.ycsb.DBWrapper.insert(DBWrapper.java:227)
	at site.ycsb.workloads.CoreWorkload.doInsert(CoreWorkload.java:621)
	at site.ycsb.ClientThread.run(ClientThread.java:135)
	at java.base/java.lang.Thread.run(Thread.java:829)
Caused by: jetbrains.exodus.ExodusException
	at jetbrains.exodus.newLogConcept.garbageCollector.OperationLogGarbageCollector.moveAndRemoveRecordsFromLog(OperationLogGarbageCollector.java:69)
	at jetbrains.exodus.newLogConcept.garbageCollector.OperationLogGarbageCollector.clean(OperationLogGarbageCollector.java:51)
	at jetbrains.exodus.newLogConcept.MVCC.MVCCDataStructure.lambda$commitTransaction$1(MVCCDataStructure.java:297)
	at java.base/java.util.concurrent.Executors$RunnableAdapter.call(Executors.java:515)
	at java.base/java.util.concurrent.FutureTask.run(FutureTask.java:264)
	at java.base/java.util.concurrent.ThreadPoolExecutor.runWorker(ThreadPoolExecutor.java:1128)
	at java.base/java.util.concurrent.ThreadPoolExecutor$Worker.run(ThreadPoolExecutor.java:628)
	... 1 more
java.util.concurrent.ExecutionException: jetbrains.exodus.ExodusException
	at java.base/java.util.concurrent.FutureTask.report(FutureTask.java:122)
	at java.base/java.util.concurrent.FutureTask.get(FutureTask.java:191)
	at jetbrains.exodus.newLogConcept.MVCC.MVCCDataStructure.commitTransaction(MVCCDataStructure.java:299)
	at site.ycsb.db.XodusClient.insert(XodusClient.java:60)
	at site.ycsb.DBWrapper.insert(DBWrapper.java:227)
	at site.ycsb.workloads.CoreWorkload.doInsert(CoreWorkload.java:621)
	at site.ycsb.ClientThread.run(ClientThread.java:135)
	at java.base/java.lang.Thread.run(Thread.java:829)
Caused by: jetbrains.exodus.ExodusException
	at jetbrains.exodus.newLogConcept.garbageCollector.OperationLogGarbageCollector.moveAndRemoveRecordsFromLog(OperationLogGarbageCollector.java:69)
	at jetbrains.exodus.newLogConcept.garbageCollector.OperationLogGarbageCollector.clean(OperationLogGarbageCollector.java:51)
	at jetbrains.exodus.newLogConcept.MVCC.MVCCDataStructure.lambda$commitTransaction$1(MVCCDataStructure.java:297)
	at java.base/java.util.concurrent.Executors$RunnableAdapter.call(Executors.java:515)
	at java.base/java.util.concurrent.FutureTask.run(FutureTask.java:264)
	at java.base/java.util.concurrent.ThreadPoolExecutor.runWorker(ThreadPoolExecutor.java:1128)
	at java.base/java.util.concurrent.ThreadPoolExecutor$Worker.run(ThreadPoolExecutor.java:628)
	... 1 more
java.util.concurrent.ExecutionException: jetbrains.exodus.ExodusException
	at java.base/java.util.concurrent.FutureTask.report(FutureTask.java:122)
	at java.base/java.util.concurrent.FutureTask.get(FutureTask.java:191)
	at jetbrains.exodus.newLogConcept.MVCC.MVCCDataStructure.commitTransaction(MVCCDataStructure.java:299)
	at site.ycsb.db.XodusClient.insert(XodusClient.java:60)
	at site.ycsb.DBWrapper.insert(DBWrapper.java:227)
	at site.ycsb.workloads.CoreWorkload.doInsert(CoreWorkload.java:621)
	at site.ycsb.ClientThread.run(ClientThread.java:135)
	at java.base/java.lang.Thread.run(Thread.java:829)
Caused by: jetbrains.exodus.ExodusException
	at jetbrains.exodus.newLogConcept.garbageCollector.OperationLogGarbageCollector.moveAndRemoveRecordsFromLog(OperationLogGarbageCollector.java:69)
	at jetbrains.exodus.newLogConcept.garbageCollector.OperationLogGarbageCollector.clean(OperationLogGarbageCollector.java:51)
	at jetbrains.exodus.newLogConcept.MVCC.MVCCDataStructure.lambda$commitTransaction$1(MVCCDataStructure.java:297)
	at java.base/java.util.concurrent.Executors$RunnableAdapter.call(Executors.java:515)
	at java.base/java.util.concurrent.FutureTask.run(FutureTask.java:264)
	at java.base/java.util.concurrent.ThreadPoolExecutor.runWorker(ThreadPoolExecutor.java:1128)
	at java.base/java.util.concurrent.ThreadPoolExecutor$Worker.run(ThreadPoolExecutor.java:628)
	... 1 more
java.util.concurrent.ExecutionException: jetbrains.exodus.ExodusException
	at java.base/java.util.concurrent.FutureTask.report(FutureTask.java:122)
	at java.base/java.util.concurrent.FutureTask.get(FutureTask.java:191)
	at jetbrains.exodus.newLogConcept.MVCC.MVCCDataStructure.commitTransaction(MVCCDataStructure.java:299)
	at site.ycsb.db.XodusClient.insert(XodusClient.java:60)
	at site.ycsb.DBWrapper.insert(DBWrapper.java:227)
	at site.ycsb.workloads.CoreWorkload.doInsert(CoreWorkload.java:621)
	at site.ycsb.ClientThread.run(ClientThread.java:135)
	at java.base/java.lang.Thread.run(Thread.java:829)
Caused by: jetbrains.exodus.ExodusException
	at jetbrains.exodus.newLogConcept.garbageCollector.OperationLogGarbageCollector.moveAndRemoveRecordsFromLog(OperationLogGarbageCollector.java:69)
	at jetbrains.exodus.newLogConcept.garbageCollector.OperationLogGarbageCollector.clean(OperationLogGarbageCollector.java:51)
	at jetbrains.exodus.newLogConcept.MVCC.MVCCDataStructure.lambda$commitTransaction$1(MVCCDataStructure.java:297)
	at java.base/java.util.concurrent.Executors$RunnableAdapter.call(Executors.java:515)
	at java.base/java.util.concurrent.FutureTask.run(FutureTask.java:264)
	at java.base/java.util.concurrent.ThreadPoolExecutor.runWorker(ThreadPoolExecutor.java:1128)
	at java.base/java.util.concurrent.ThreadPoolExecutor$Worker.run(ThreadPoolExecutor.java:628)
	... 1 more
java.util.concurrent.ExecutionException: jetbrains.exodus.ExodusException
	at java.base/java.util.concurrent.FutureTask.report(FutureTask.java:122)
	at java.base/java.util.concurrent.FutureTask.get(FutureTask.java:191)
	at jetbrains.exodus.newLogConcept.MVCC.MVCCDataStructure.commitTransaction(MVCCDataStructure.java:299)
	at site.ycsb.db.XodusClient.insert(XodusClient.java:60)
	at site.ycsb.DBWrapper.insert(DBWrapper.java:227)
	at site.ycsb.workloads.CoreWorkload.doInsert(CoreWorkload.java:621)
	at site.ycsb.ClientThread.run(ClientThread.java:135)
	at java.base/java.lang.Thread.run(Thread.java:829)
Caused by: jetbrains.exodus.ExodusException
	at jetbrains.exodus.newLogConcept.garbageCollector.OperationLogGarbageCollector.moveAndRemoveRecordsFromLog(OperationLogGarbageCollector.java:69)
	at jetbrains.exodus.newLogConcept.garbageCollector.OperationLogGarbageCollector.clean(OperationLogGarbageCollector.java:51)
	at jetbrains.exodus.newLogConcept.MVCC.MVCCDataStructure.lambda$commitTransaction$1(MVCCDataStructure.java:297)
	at java.base/java.util.concurrent.Executors$RunnableAdapter.call(Executors.java:515)
	at java.base/java.util.concurrent.FutureTask.run(FutureTask.java:264)
	at java.base/java.util.concurrent.ThreadPoolExecutor.runWorker(ThreadPoolExecutor.java:1128)
	at java.base/java.util.concurrent.ThreadPoolExecutor$Worker.run(ThreadPoolExecutor.java:628)
	... 1 more
java.util.concurrent.ExecutionException: jetbrains.exodus.ExodusException
	at java.base/java.util.concurrent.FutureTask.report(FutureTask.java:122)
	at java.base/java.util.concurrent.FutureTask.get(FutureTask.java:191)
	at jetbrains.exodus.newLogConcept.MVCC.MVCCDataStructure.commitTransaction(MVCCDataStructure.java:299)
	at site.ycsb.db.XodusClient.insert(XodusClient.java:60)
	at site.ycsb.DBWrapper.insert(DBWrapper.java:227)
	at site.ycsb.workloads.CoreWorkload.doInsert(CoreWorkload.java:621)
	at site.ycsb.ClientThread.run(ClientThread.java:135)
	at java.base/java.lang.Thread.run(Thread.java:829)
Caused by: jetbrains.exodus.ExodusException
	at jetbrains.exodus.newLogConcept.garbageCollector.OperationLogGarbageCollector.moveAndRemoveRecordsFromLog(OperationLogGarbageCollector.java:69)
	at jetbrains.exodus.newLogConcept.garbageCollector.OperationLogGarbageCollector.clean(OperationLogGarbageCollector.java:51)
	at jetbrains.exodus.newLogConcept.MVCC.MVCCDataStructure.lambda$commitTransaction$1(MVCCDataStructure.java:297)
	at java.base/java.util.concurrent.Executors$RunnableAdapter.call(Executors.java:515)
	at java.base/java.util.concurrent.FutureTask.run(FutureTask.java:264)
	at java.base/java.util.concurrent.ThreadPoolExecutor.runWorker(ThreadPoolExecutor.java:1128)
	at java.base/java.util.concurrent.ThreadPoolExecutor$Worker.run(ThreadPoolExecutor.java:628)
	... 1 more
java.util.concurrent.ExecutionException: jetbrains.exodus.ExodusException
	at java.base/java.util.concurrent.FutureTask.report(FutureTask.java:122)
	at java.base/java.util.concurrent.FutureTask.get(FutureTask.java:191)
	at jetbrains.exodus.newLogConcept.MVCC.MVCCDataStructure.commitTransaction(MVCCDataStructure.java:299)
	at site.ycsb.db.XodusClient.insert(XodusClient.java:60)
	at site.ycsb.DBWrapper.insert(DBWrapper.java:227)
	at site.ycsb.workloads.CoreWorkload.doInsert(CoreWorkload.java:621)
	at site.ycsb.ClientThread.run(ClientThread.java:135)
	at java.base/java.lang.Thread.run(Thread.java:829)
Caused by: jetbrains.exodus.ExodusException
	at jetbrains.exodus.newLogConcept.garbageCollector.OperationLogGarbageCollector.moveAndRemoveRecordsFromLog(OperationLogGarbageCollector.java:69)
	at jetbrains.exodus.newLogConcept.garbageCollector.OperationLogGarbageCollector.clean(OperationLogGarbageCollector.java:51)
	at jetbrains.exodus.newLogConcept.MVCC.MVCCDataStructure.lambda$commitTransaction$1(MVCCDataStructure.java:297)
	at java.base/java.util.concurrent.Executors$RunnableAdapter.call(Executors.java:515)
	at java.base/java.util.concurrent.FutureTask.run(FutureTask.java:264)
	at java.base/java.util.concurrent.ThreadPoolExecutor.runWorker(ThreadPoolExecutor.java:1128)
	at java.base/java.util.concurrent.ThreadPoolExecutor$Worker.run(ThreadPoolExecutor.java:628)
	... 1 more
java.util.concurrent.ExecutionException: jetbrains.exodus.ExodusException
	at java.base/java.util.concurrent.FutureTask.report(FutureTask.java:122)
	at java.base/java.util.concurrent.FutureTask.get(FutureTask.java:191)
	at jetbrains.exodus.newLogConcept.MVCC.MVCCDataStructure.commitTransaction(MVCCDataStructure.java:299)
	at site.ycsb.db.XodusClient.insert(XodusClient.java:60)
	at site.ycsb.DBWrapper.insert(DBWrapper.java:227)
	at site.ycsb.workloads.CoreWorkload.doInsert(CoreWorkload.java:621)
	at site.ycsb.ClientThread.run(ClientThread.java:135)
	at java.base/java.lang.Thread.run(Thread.java:829)
Caused by: jetbrains.exodus.ExodusException
	at jetbrains.exodus.newLogConcept.garbageCollector.OperationLogGarbageCollector.moveAndRemoveRecordsFromLog(OperationLogGarbageCollector.java:69)
	at jetbrains.exodus.newLogConcept.garbageCollector.OperationLogGarbageCollector.clean(OperationLogGarbageCollector.java:51)
	at jetbrains.exodus.newLogConcept.MVCC.MVCCDataStructure.lambda$commitTransaction$1(MVCCDataStructure.java:297)
	at java.base/java.util.concurrent.Executors$RunnableAdapter.call(Executors.java:515)
	at java.base/java.util.concurrent.FutureTask.run(FutureTask.java:264)
	at java.base/java.util.concurrent.ThreadPoolExecutor.runWorker(ThreadPoolExecutor.java:1128)
	at java.base/java.util.concurrent.ThreadPoolExecutor$Worker.run(ThreadPoolExecutor.java:628)
	... 1 more
java.util.concurrent.ExecutionException: jetbrains.exodus.ExodusException
	at java.base/java.util.concurrent.FutureTask.report(FutureTask.java:122)
	at java.base/java.util.concurrent.FutureTask.get(FutureTask.java:191)
	at jetbrains.exodus.newLogConcept.MVCC.MVCCDataStructure.commitTransaction(MVCCDataStructure.java:299)
	at site.ycsb.db.XodusClient.insert(XodusClient.java:60)
	at site.ycsb.DBWrapper.insert(DBWrapper.java:227)
	at site.ycsb.workloads.CoreWorkload.doInsert(CoreWorkload.java:621)
	at site.ycsb.ClientThread.run(ClientThread.java:135)
	at java.base/java.lang.Thread.run(Thread.java:829)
Caused by: jetbrains.exodus.ExodusException
	at jetbrains.exodus.newLogConcept.garbageCollector.OperationLogGarbageCollector.moveAndRemoveRecordsFromLog(OperationLogGarbageCollector.java:69)
	at jetbrains.exodus.newLogConcept.garbageCollector.OperationLogGarbageCollector.clean(OperationLogGarbageCollector.java:51)
	at jetbrains.exodus.newLogConcept.MVCC.MVCCDataStructure.lambda$commitTransaction$1(MVCCDataStructure.java:297)
	at java.base/java.util.concurrent.Executors$RunnableAdapter.call(Executors.java:515)
	at java.base/java.util.concurrent.FutureTask.run(FutureTask.java:264)
	at java.base/java.util.concurrent.ThreadPoolExecutor.runWorker(ThreadPoolExecutor.java:1128)
	at java.base/java.util.concurrent.ThreadPoolExecutor$Worker.run(ThreadPoolExecutor.java:628)
	... 1 more
java.util.concurrent.ExecutionException: jetbrains.exodus.ExodusException
	at java.base/java.util.concurrent.FutureTask.report(FutureTask.java:122)
	at java.base/java.util.concurrent.FutureTask.get(FutureTask.java:191)
	at jetbrains.exodus.newLogConcept.MVCC.MVCCDataStructure.commitTransaction(MVCCDataStructure.java:299)
	at site.ycsb.db.XodusClient.insert(XodusClient.java:60)
	at site.ycsb.DBWrapper.insert(DBWrapper.java:227)
	at site.ycsb.workloads.CoreWorkload.doInsert(CoreWorkload.java:621)
	at site.ycsb.ClientThread.run(ClientThread.java:135)
	at java.base/java.lang.Thread.run(Thread.java:829)
Caused by: jetbrains.exodus.ExodusException
	at jetbrains.exodus.newLogConcept.garbageCollector.OperationLogGarbageCollector.moveAndRemoveRecordsFromLog(OperationLogGarbageCollector.java:69)
	at jetbrains.exodus.newLogConcept.garbageCollector.OperationLogGarbageCollector.clean(OperationLogGarbageCollector.java:51)
	at jetbrains.exodus.newLogConcept.MVCC.MVCCDataStructure.lambda$commitTransaction$1(MVCCDataStructure.java:297)
	at java.base/java.util.concurrent.Executors$RunnableAdapter.call(Executors.java:515)
	at java.base/java.util.concurrent.FutureTask.run(FutureTask.java:264)
	at java.base/java.util.concurrent.ThreadPoolExecutor.runWorker(ThreadPoolExecutor.java:1128)
	at java.base/java.util.concurrent.ThreadPoolExecutor$Worker.run(ThreadPoolExecutor.java:628)
	... 1 more
java.util.concurrent.ExecutionException: jetbrains.exodus.ExodusException
	at java.base/java.util.concurrent.FutureTask.report(FutureTask.java:122)
	at java.base/java.util.concurrent.FutureTask.get(FutureTask.java:191)
	at jetbrains.exodus.newLogConcept.MVCC.MVCCDataStructure.commitTransaction(MVCCDataStructure.java:299)
	at site.ycsb.db.XodusClient.insert(XodusClient.java:60)
	at site.ycsb.DBWrapper.insert(DBWrapper.java:227)
	at site.ycsb.workloads.CoreWorkload.doInsert(CoreWorkload.java:621)
	at site.ycsb.ClientThread.run(ClientThread.java:135)
	at java.base/java.lang.Thread.run(Thread.java:829)
Caused by: jetbrains.exodus.ExodusException
	at jetbrains.exodus.newLogConcept.garbageCollector.OperationLogGarbageCollector.moveAndRemoveRecordsFromLog(OperationLogGarbageCollector.java:69)
	at jetbrains.exodus.newLogConcept.garbageCollector.OperationLogGarbageCollector.clean(OperationLogGarbageCollector.java:51)
	at jetbrains.exodus.newLogConcept.MVCC.MVCCDataStructure.lambda$commitTransaction$1(MVCCDataStructure.java:297)
	at java.base/java.util.concurrent.Executors$RunnableAdapter.call(Executors.java:515)
	at java.base/java.util.concurrent.FutureTask.run(FutureTask.java:264)
	at java.base/java.util.concurrent.ThreadPoolExecutor.runWorker(ThreadPoolExecutor.java:1128)
	at java.base/java.util.concurrent.ThreadPoolExecutor$Worker.run(ThreadPoolExecutor.java:628)
	... 1 more
java.util.concurrent.ExecutionException: jetbrains.exodus.ExodusException
	at java.base/java.util.concurrent.FutureTask.report(FutureTask.java:122)
	at java.base/java.util.concurrent.FutureTask.get(FutureTask.java:191)
	at jetbrains.exodus.newLogConcept.MVCC.MVCCDataStructure.commitTransaction(MVCCDataStructure.java:299)
	at site.ycsb.db.XodusClient.insert(XodusClient.java:60)
	at site.ycsb.DBWrapper.insert(DBWrapper.java:227)
	at site.ycsb.workloads.CoreWorkload.doInsert(CoreWorkload.java:621)
	at site.ycsb.ClientThread.run(ClientThread.java:135)
	at java.base/java.lang.Thread.run(Thread.java:829)
Caused by: jetbrains.exodus.ExodusException
	at jetbrains.exodus.newLogConcept.garbageCollector.OperationLogGarbageCollector.moveAndRemoveRecordsFromLog(OperationLogGarbageCollector.java:69)
	at jetbrains.exodus.newLogConcept.garbageCollector.OperationLogGarbageCollector.clean(OperationLogGarbageCollector.java:51)
	at jetbrains.exodus.newLogConcept.MVCC.MVCCDataStructure.lambda$commitTransaction$1(MVCCDataStructure.java:297)
	at java.base/java.util.concurrent.Executors$RunnableAdapter.call(Executors.java:515)
	at java.base/java.util.concurrent.FutureTask.run(FutureTask.java:264)
	at java.base/java.util.concurrent.ThreadPoolExecutor.runWorker(ThreadPoolExecutor.java:1128)
	at java.base/java.util.concurrent.ThreadPoolExecutor$Worker.run(ThreadPoolExecutor.java:628)
	... 1 more
java.util.concurrent.ExecutionException: jetbrains.exodus.ExodusException
	at java.base/java.util.concurrent.FutureTask.report(FutureTask.java:122)
	at java.base/java.util.concurrent.FutureTask.get(FutureTask.java:191)
	at jetbrains.exodus.newLogConcept.MVCC.MVCCDataStructure.commitTransaction(MVCCDataStructure.java:299)
	at site.ycsb.db.XodusClient.insert(XodusClient.java:60)
	at site.ycsb.DBWrapper.insert(DBWrapper.java:227)
	at site.ycsb.workloads.CoreWorkload.doInsert(CoreWorkload.java:621)
	at site.ycsb.ClientThread.run(ClientThread.java:135)
	at java.base/java.lang.Thread.run(Thread.java:829)
Caused by: jetbrains.exodus.ExodusException
	at jetbrains.exodus.newLogConcept.garbageCollector.OperationLogGarbageCollector.moveAndRemoveRecordsFromLog(OperationLogGarbageCollector.java:69)
	at jetbrains.exodus.newLogConcept.garbageCollector.OperationLogGarbageCollector.clean(OperationLogGarbageCollector.java:51)
	at jetbrains.exodus.newLogConcept.MVCC.MVCCDataStructure.lambda$commitTransaction$1(MVCCDataStructure.java:297)
	at java.base/java.util.concurrent.Executors$RunnableAdapter.call(Executors.java:515)
	at java.base/java.util.concurrent.FutureTask.run(FutureTask.java:264)
	at java.base/java.util.concurrent.ThreadPoolExecutor.runWorker(ThreadPoolExecutor.java:1128)
	at java.base/java.util.concurrent.ThreadPoolExecutor$Worker.run(ThreadPoolExecutor.java:628)
	... 1 more
java.util.concurrent.ExecutionException: jetbrains.exodus.ExodusException
	at java.base/java.util.concurrent.FutureTask.report(FutureTask.java:122)
	at java.base/java.util.concurrent.FutureTask.get(FutureTask.java:191)
	at jetbrains.exodus.newLogConcept.MVCC.MVCCDataStructure.commitTransaction(MVCCDataStructure.java:299)
	at site.ycsb.db.XodusClient.insert(XodusClient.java:60)
	at site.ycsb.DBWrapper.insert(DBWrapper.java:227)
	at site.ycsb.workloads.CoreWorkload.doInsert(CoreWorkload.java:621)
	at site.ycsb.ClientThread.run(ClientThread.java:135)
	at java.base/java.lang.Thread.run(Thread.java:829)
Caused by: jetbrains.exodus.ExodusException
	at jetbrains.exodus.newLogConcept.garbageCollector.OperationLogGarbageCollector.moveAndRemoveRecordsFromLog(OperationLogGarbageCollector.java:69)
	at jetbrains.exodus.newLogConcept.garbageCollector.OperationLogGarbageCollector.clean(OperationLogGarbageCollector.java:51)
	at jetbrains.exodus.newLogConcept.MVCC.MVCCDataStructure.lambda$commitTransaction$1(MVCCDataStructure.java:297)
	at java.base/java.util.concurrent.Executors$RunnableAdapter.call(Executors.java:515)
	at java.base/java.util.concurrent.FutureTask.run(FutureTask.java:264)
	at java.base/java.util.concurrent.ThreadPoolExecutor.runWorker(ThreadPoolExecutor.java:1128)
	at java.base/java.util.concurrent.ThreadPoolExecutor$Worker.run(ThreadPoolExecutor.java:628)
	... 1 more
java.util.concurrent.ExecutionException: jetbrains.exodus.ExodusException
	at java.base/java.util.concurrent.FutureTask.report(FutureTask.java:122)
	at java.base/java.util.concurrent.FutureTask.get(FutureTask.java:191)
	at jetbrains.exodus.newLogConcept.MVCC.MVCCDataStructure.commitTransaction(MVCCDataStructure.java:299)
	at site.ycsb.db.XodusClient.insert(XodusClient.java:60)
	at site.ycsb.DBWrapper.insert(DBWrapper.java:227)
	at site.ycsb.workloads.CoreWorkload.doInsert(CoreWorkload.java:621)
	at site.ycsb.ClientThread.run(ClientThread.java:135)
	at java.base/java.lang.Thread.run(Thread.java:829)
Caused by: jetbrains.exodus.ExodusException
	at jetbrains.exodus.newLogConcept.garbageCollector.OperationLogGarbageCollector.moveAndRemoveRecordsFromLog(OperationLogGarbageCollector.java:69)
	at jetbrains.exodus.newLogConcept.garbageCollector.OperationLogGarbageCollector.clean(OperationLogGarbageCollector.java:51)
	at jetbrains.exodus.newLogConcept.MVCC.MVCCDataStructure.lambda$commitTransaction$1(MVCCDataStructure.java:297)
	at java.base/java.util.concurrent.Executors$RunnableAdapter.call(Executors.java:515)
	at java.base/java.util.concurrent.FutureTask.run(FutureTask.java:264)
	at java.base/java.util.concurrent.ThreadPoolExecutor.runWorker(ThreadPoolExecutor.java:1128)
	at java.base/java.util.concurrent.ThreadPoolExecutor$Worker.run(ThreadPoolExecutor.java:628)
	... 1 more
java.util.concurrent.ExecutionException: jetbrains.exodus.ExodusException
	at java.base/java.util.concurrent.FutureTask.report(FutureTask.java:122)
	at java.base/java.util.concurrent.FutureTask.get(FutureTask.java:191)
	at jetbrains.exodus.newLogConcept.MVCC.MVCCDataStructure.commitTransaction(MVCCDataStructure.java:299)
	at site.ycsb.db.XodusClient.insert(XodusClient.java:60)
	at site.ycsb.DBWrapper.insert(DBWrapper.java:227)
	at site.ycsb.workloads.CoreWorkload.doInsert(CoreWorkload.java:621)
	at site.ycsb.ClientThread.run(ClientThread.java:135)
	at java.base/java.lang.Thread.run(Thread.java:829)
Caused by: jetbrains.exodus.ExodusException
	at jetbrains.exodus.newLogConcept.garbageCollector.OperationLogGarbageCollector.moveAndRemoveRecordsFromLog(OperationLogGarbageCollector.java:69)
	at jetbrains.exodus.newLogConcept.garbageCollector.OperationLogGarbageCollector.clean(OperationLogGarbageCollector.java:51)
	at jetbrains.exodus.newLogConcept.MVCC.MVCCDataStructure.lambda$commitTransaction$1(MVCCDataStructure.java:297)
	at java.base/java.util.concurrent.Executors$RunnableAdapter.call(Executors.java:515)
	at java.base/java.util.concurrent.FutureTask.run(FutureTask.java:264)
	at java.base/java.util.concurrent.ThreadPoolExecutor.runWorker(ThreadPoolExecutor.java:1128)
	at java.base/java.util.concurrent.ThreadPoolExecutor$Worker.run(ThreadPoolExecutor.java:628)
	... 1 more
java.util.concurrent.ExecutionException: jetbrains.exodus.ExodusException
	at java.base/java.util.concurrent.FutureTask.report(FutureTask.java:122)
	at java.base/java.util.concurrent.FutureTask.get(FutureTask.java:191)
	at jetbrains.exodus.newLogConcept.MVCC.MVCCDataStructure.commitTransaction(MVCCDataStructure.java:299)
	at site.ycsb.db.XodusClient.insert(XodusClient.java:60)
	at site.ycsb.DBWrapper.insert(DBWrapper.java:227)
	at site.ycsb.workloads.CoreWorkload.doInsert(CoreWorkload.java:621)
	at site.ycsb.ClientThread.run(ClientThread.java:135)
	at java.base/java.lang.Thread.run(Thread.java:829)
Caused by: jetbrains.exodus.ExodusException
	at jetbrains.exodus.newLogConcept.garbageCollector.OperationLogGarbageCollector.moveAndRemoveRecordsFromLog(OperationLogGarbageCollector.java:69)
	at jetbrains.exodus.newLogConcept.garbageCollector.OperationLogGarbageCollector.clean(OperationLogGarbageCollector.java:51)
	at jetbrains.exodus.newLogConcept.MVCC.MVCCDataStructure.lambda$commitTransaction$1(MVCCDataStructure.java:297)
	at java.base/java.util.concurrent.Executors$RunnableAdapter.call(Executors.java:515)
	at java.base/java.util.concurrent.FutureTask.run(FutureTask.java:264)
	at java.base/java.util.concurrent.ThreadPoolExecutor.runWorker(ThreadPoolExecutor.java:1128)
	at java.base/java.util.concurrent.ThreadPoolExecutor$Worker.run(ThreadPoolExecutor.java:628)
	... 1 more
java.util.concurrent.ExecutionException: jetbrains.exodus.ExodusException
	at java.base/java.util.concurrent.FutureTask.report(FutureTask.java:122)
	at java.base/java.util.concurrent.FutureTask.get(FutureTask.java:191)
	at jetbrains.exodus.newLogConcept.MVCC.MVCCDataStructure.commitTransaction(MVCCDataStructure.java:299)
	at site.ycsb.db.XodusClient.insert(XodusClient.java:60)
	at site.ycsb.DBWrapper.insert(DBWrapper.java:227)
	at site.ycsb.workloads.CoreWorkload.doInsert(CoreWorkload.java:621)
	at site.ycsb.ClientThread.run(ClientThread.java:135)
	at java.base/java.lang.Thread.run(Thread.java:829)
Caused by: jetbrains.exodus.ExodusException
	at jetbrains.exodus.newLogConcept.garbageCollector.OperationLogGarbageCollector.moveAndRemoveRecordsFromLog(OperationLogGarbageCollector.java:69)
	at jetbrains.exodus.newLogConcept.garbageCollector.OperationLogGarbageCollector.clean(OperationLogGarbageCollector.java:51)
	at jetbrains.exodus.newLogConcept.MVCC.MVCCDataStructure.lambda$commitTransaction$1(MVCCDataStructure.java:297)
	at java.base/java.util.concurrent.Executors$RunnableAdapter.call(Executors.java:515)
	at java.base/java.util.concurrent.FutureTask.run(FutureTask.java:264)
	at java.base/java.util.concurrent.ThreadPoolExecutor.runWorker(ThreadPoolExecutor.java:1128)
	at java.base/java.util.concurrent.ThreadPoolExecutor$Worker.run(ThreadPoolExecutor.java:628)
	... 1 more
java.util.concurrent.ExecutionException: jetbrains.exodus.ExodusException
	at java.base/java.util.concurrent.FutureTask.report(FutureTask.java:122)
	at java.base/java.util.concurrent.FutureTask.get(FutureTask.java:191)
	at jetbrains.exodus.newLogConcept.MVCC.MVCCDataStructure.commitTransaction(MVCCDataStructure.java:299)
	at site.ycsb.db.XodusClient.insert(XodusClient.java:60)
	at site.ycsb.DBWrapper.insert(DBWrapper.java:227)
	at site.ycsb.workloads.CoreWorkload.doInsert(CoreWorkload.java:621)
	at site.ycsb.ClientThread.run(ClientThread.java:135)
	at java.base/java.lang.Thread.run(Thread.java:829)
Caused by: jetbrains.exodus.ExodusException
	at jetbrains.exodus.newLogConcept.garbageCollector.OperationLogGarbageCollector.moveAndRemoveRecordsFromLog(OperationLogGarbageCollector.java:69)
	at jetbrains.exodus.newLogConcept.garbageCollector.OperationLogGarbageCollector.clean(OperationLogGarbageCollector.java:51)
	at jetbrains.exodus.newLogConcept.MVCC.MVCCDataStructure.lambda$commitTransaction$1(MVCCDataStructure.java:297)
	at java.base/java.util.concurrent.Executors$RunnableAdapter.call(Executors.java:515)
	at java.base/java.util.concurrent.FutureTask.run(FutureTask.java:264)
	at java.base/java.util.concurrent.ThreadPoolExecutor.runWorker(ThreadPoolExecutor.java:1128)
	at java.base/java.util.concurrent.ThreadPoolExecutor$Worker.run(ThreadPoolExecutor.java:628)
	... 1 more
java.util.concurrent.ExecutionException: jetbrains.exodus.ExodusException
	at java.base/java.util.concurrent.FutureTask.report(FutureTask.java:122)
	at java.base/java.util.concurrent.FutureTask.get(FutureTask.java:191)
	at jetbrains.exodus.newLogConcept.MVCC.MVCCDataStructure.commitTransaction(MVCCDataStructure.java:299)
	at site.ycsb.db.XodusClient.insert(XodusClient.java:60)
	at site.ycsb.DBWrapper.insert(DBWrapper.java:227)
	at site.ycsb.workloads.CoreWorkload.doInsert(CoreWorkload.java:621)
	at site.ycsb.ClientThread.run(ClientThread.java:135)
	at java.base/java.lang.Thread.run(Thread.java:829)
Caused by: jetbrains.exodus.ExodusException
	at jetbrains.exodus.newLogConcept.garbageCollector.OperationLogGarbageCollector.moveAndRemoveRecordsFromLog(OperationLogGarbageCollector.java:69)
	at jetbrains.exodus.newLogConcept.garbageCollector.OperationLogGarbageCollector.clean(OperationLogGarbageCollector.java:51)
	at jetbrains.exodus.newLogConcept.MVCC.MVCCDataStructure.lambda$commitTransaction$1(MVCCDataStructure.java:297)
	at java.base/java.util.concurrent.Executors$RunnableAdapter.call(Executors.java:515)
	at java.base/java.util.concurrent.FutureTask.run(FutureTask.java:264)
	at java.base/java.util.concurrent.ThreadPoolExecutor.runWorker(ThreadPoolExecutor.java:1128)
	at java.base/java.util.concurrent.ThreadPoolExecutor$Worker.run(ThreadPoolExecutor.java:628)
	... 1 more
java.util.concurrent.ExecutionException: jetbrains.exodus.ExodusException
	at java.base/java.util.concurrent.FutureTask.report(FutureTask.java:122)
	at java.base/java.util.concurrent.FutureTask.get(FutureTask.java:191)
	at jetbrains.exodus.newLogConcept.MVCC.MVCCDataStructure.commitTransaction(MVCCDataStructure.java:299)
	at site.ycsb.db.XodusClient.insert(XodusClient.java:60)
	at site.ycsb.DBWrapper.insert(DBWrapper.java:227)
	at site.ycsb.workloads.CoreWorkload.doInsert(CoreWorkload.java:621)
	at site.ycsb.ClientThread.run(ClientThread.java:135)
	at java.base/java.lang.Thread.run(Thread.java:829)
Caused by: jetbrains.exodus.ExodusException
	at jetbrains.exodus.newLogConcept.garbageCollector.OperationLogGarbageCollector.moveAndRemoveRecordsFromLog(OperationLogGarbageCollector.java:69)
	at jetbrains.exodus.newLogConcept.garbageCollector.OperationLogGarbageCollector.clean(OperationLogGarbageCollector.java:51)
	at jetbrains.exodus.newLogConcept.MVCC.MVCCDataStructure.lambda$commitTransaction$1(MVCCDataStructure.java:297)
	at java.base/java.util.concurrent.Executors$RunnableAdapter.call(Executors.java:515)
	at java.base/java.util.concurrent.FutureTask.run(FutureTask.java:264)
	at java.base/java.util.concurrent.ThreadPoolExecutor.runWorker(ThreadPoolExecutor.java:1128)
	at java.base/java.util.concurrent.ThreadPoolExecutor$Worker.run(ThreadPoolExecutor.java:628)
	... 1 more
java.util.concurrent.ExecutionException: jetbrains.exodus.ExodusException
	at java.base/java.util.concurrent.FutureTask.report(FutureTask.java:122)
	at java.base/java.util.concurrent.FutureTask.get(FutureTask.java:191)
	at jetbrains.exodus.newLogConcept.MVCC.MVCCDataStructure.commitTransaction(MVCCDataStructure.java:299)
	at site.ycsb.db.XodusClient.insert(XodusClient.java:60)
	at site.ycsb.DBWrapper.insert(DBWrapper.java:227)
	at site.ycsb.workloads.CoreWorkload.doInsert(CoreWorkload.java:621)
	at site.ycsb.ClientThread.run(ClientThread.java:135)
	at java.base/java.lang.Thread.run(Thread.java:829)
Caused by: jetbrains.exodus.ExodusException
	at jetbrains.exodus.newLogConcept.garbageCollector.OperationLogGarbageCollector.moveAndRemoveRecordsFromLog(OperationLogGarbageCollector.java:69)
	at jetbrains.exodus.newLogConcept.garbageCollector.OperationLogGarbageCollector.clean(OperationLogGarbageCollector.java:51)
	at jetbrains.exodus.newLogConcept.MVCC.MVCCDataStructure.lambda$commitTransaction$1(MVCCDataStructure.java:297)
	at java.base/java.util.concurrent.Executors$RunnableAdapter.call(Executors.java:515)
	at java.base/java.util.concurrent.FutureTask.run(FutureTask.java:264)
	at java.base/java.util.concurrent.ThreadPoolExecutor.runWorker(ThreadPoolExecutor.java:1128)
	at java.base/java.util.concurrent.ThreadPoolExecutor$Worker.run(ThreadPoolExecutor.java:628)
	... 1 more
java.util.concurrent.ExecutionException: jetbrains.exodus.ExodusException
	at java.base/java.util.concurrent.FutureTask.report(FutureTask.java:122)
	at java.base/java.util.concurrent.FutureTask.get(FutureTask.java:191)
	at jetbrains.exodus.newLogConcept.MVCC.MVCCDataStructure.commitTransaction(MVCCDataStructure.java:299)
	at site.ycsb.db.XodusClient.insert(XodusClient.java:60)
	at site.ycsb.DBWrapper.insert(DBWrapper.java:227)
	at site.ycsb.workloads.CoreWorkload.doInsert(CoreWorkload.java:621)
	at site.ycsb.ClientThread.run(ClientThread.java:135)
	at java.base/java.lang.Thread.run(Thread.java:829)
Caused by: jetbrains.exodus.ExodusException
	at jetbrains.exodus.newLogConcept.garbageCollector.OperationLogGarbageCollector.moveAndRemoveRecordsFromLog(OperationLogGarbageCollector.java:69)
	at jetbrains.exodus.newLogConcept.garbageCollector.OperationLogGarbageCollector.clean(OperationLogGarbageCollector.java:51)
	at jetbrains.exodus.newLogConcept.MVCC.MVCCDataStructure.lambda$commitTransaction$1(MVCCDataStructure.java:297)
	at java.base/java.util.concurrent.Executors$RunnableAdapter.call(Executors.java:515)
	at java.base/java.util.concurrent.FutureTask.run(FutureTask.java:264)
	at java.base/java.util.concurrent.ThreadPoolExecutor.runWorker(ThreadPoolExecutor.java:1128)
	at java.base/java.util.concurrent.ThreadPoolExecutor$Worker.run(ThreadPoolExecutor.java:628)
	... 1 more
java.util.concurrent.ExecutionException: jetbrains.exodus.ExodusException
	at java.base/java.util.concurrent.FutureTask.report(FutureTask.java:122)
	at java.base/java.util.concurrent.FutureTask.get(FutureTask.java:191)
	at jetbrains.exodus.newLogConcept.MVCC.MVCCDataStructure.commitTransaction(MVCCDataStructure.java:299)
	at site.ycsb.db.XodusClient.insert(XodusClient.java:60)
	at site.ycsb.DBWrapper.insert(DBWrapper.java:227)
	at site.ycsb.workloads.CoreWorkload.doInsert(CoreWorkload.java:621)
	at site.ycsb.ClientThread.run(ClientThread.java:135)
	at java.base/java.lang.Thread.run(Thread.java:829)
Caused by: jetbrains.exodus.ExodusException
	at jetbrains.exodus.newLogConcept.garbageCollector.OperationLogGarbageCollector.moveAndRemoveRecordsFromLog(OperationLogGarbageCollector.java:69)
	at jetbrains.exodus.newLogConcept.garbageCollector.OperationLogGarbageCollector.clean(OperationLogGarbageCollector.java:51)
	at jetbrains.exodus.newLogConcept.MVCC.MVCCDataStructure.lambda$commitTransaction$1(MVCCDataStructure.java:297)
	at java.base/java.util.concurrent.Executors$RunnableAdapter.call(Executors.java:515)
	at java.base/java.util.concurrent.FutureTask.run(FutureTask.java:264)
	at java.base/java.util.concurrent.ThreadPoolExecutor.runWorker(ThreadPoolExecutor.java:1128)
	at java.base/java.util.concurrent.ThreadPoolExecutor$Worker.run(ThreadPoolExecutor.java:628)
	... 1 more
java.util.concurrent.ExecutionException: jetbrains.exodus.ExodusException
	at java.base/java.util.concurrent.FutureTask.report(FutureTask.java:122)
	at java.base/java.util.concurrent.FutureTask.get(FutureTask.java:191)
	at jetbrains.exodus.newLogConcept.MVCC.MVCCDataStructure.commitTransaction(MVCCDataStructure.java:299)
	at site.ycsb.db.XodusClient.insert(XodusClient.java:60)
	at site.ycsb.DBWrapper.insert(DBWrapper.java:227)
	at site.ycsb.workloads.CoreWorkload.doInsert(CoreWorkload.java:621)
	at site.ycsb.ClientThread.run(ClientThread.java:135)
	at java.base/java.lang.Thread.run(Thread.java:829)
Caused by: jetbrains.exodus.ExodusException
	at jetbrains.exodus.newLogConcept.garbageCollector.OperationLogGarbageCollector.moveAndRemoveRecordsFromLog(OperationLogGarbageCollector.java:69)
	at jetbrains.exodus.newLogConcept.garbageCollector.OperationLogGarbageCollector.clean(OperationLogGarbageCollector.java:51)
	at jetbrains.exodus.newLogConcept.MVCC.MVCCDataStructure.lambda$commitTransaction$1(MVCCDataStructure.java:297)
	at java.base/java.util.concurrent.Executors$RunnableAdapter.call(Executors.java:515)
	at java.base/java.util.concurrent.FutureTask.run(FutureTask.java:264)
	at java.base/java.util.concurrent.ThreadPoolExecutor.runWorker(ThreadPoolExecutor.java:1128)
	at java.base/java.util.concurrent.ThreadPoolExecutor$Worker.run(ThreadPoolExecutor.java:628)
	... 1 more
java.util.concurrent.ExecutionException: jetbrains.exodus.ExodusException
	at java.base/java.util.concurrent.FutureTask.report(FutureTask.java:122)
	at java.base/java.util.concurrent.FutureTask.get(FutureTask.java:191)
	at jetbrains.exodus.newLogConcept.MVCC.MVCCDataStructure.commitTransaction(MVCCDataStructure.java:299)
	at site.ycsb.db.XodusClient.insert(XodusClient.java:60)
	at site.ycsb.DBWrapper.insert(DBWrapper.java:227)
	at site.ycsb.workloads.CoreWorkload.doInsert(CoreWorkload.java:621)
	at site.ycsb.ClientThread.run(ClientThread.java:135)
	at java.base/java.lang.Thread.run(Thread.java:829)
Caused by: jetbrains.exodus.ExodusException
	at jetbrains.exodus.newLogConcept.garbageCollector.OperationLogGarbageCollector.moveAndRemoveRecordsFromLog(OperationLogGarbageCollector.java:69)
	at jetbrains.exodus.newLogConcept.garbageCollector.OperationLogGarbageCollector.clean(OperationLogGarbageCollector.java:51)
	at jetbrains.exodus.newLogConcept.MVCC.MVCCDataStructure.lambda$commitTransaction$1(MVCCDataStructure.java:297)
	at java.base/java.util.concurrent.Executors$RunnableAdapter.call(Executors.java:515)
	at java.base/java.util.concurrent.FutureTask.run(FutureTask.java:264)
	at java.base/java.util.concurrent.ThreadPoolExecutor.runWorker(ThreadPoolExecutor.java:1128)
	at java.base/java.util.concurrent.ThreadPoolExecutor$Worker.run(ThreadPoolExecutor.java:628)
	... 1 more
java.util.concurrent.ExecutionException: jetbrains.exodus.ExodusException
	at java.base/java.util.concurrent.FutureTask.report(FutureTask.java:122)
	at java.base/java.util.concurrent.FutureTask.get(FutureTask.java:191)
	at jetbrains.exodus.newLogConcept.MVCC.MVCCDataStructure.commitTransaction(MVCCDataStructure.java:299)
	at site.ycsb.db.XodusClient.insert(XodusClient.java:60)
	at site.ycsb.DBWrapper.insert(DBWrapper.java:227)
	at site.ycsb.workloads.CoreWorkload.doInsert(CoreWorkload.java:621)
	at site.ycsb.ClientThread.run(ClientThread.java:135)
	at java.base/java.lang.Thread.run(Thread.java:829)
Caused by: jetbrains.exodus.ExodusException
	at jetbrains.exodus.newLogConcept.garbageCollector.OperationLogGarbageCollector.moveAndRemoveRecordsFromLog(OperationLogGarbageCollector.java:69)
	at jetbrains.exodus.newLogConcept.garbageCollector.OperationLogGarbageCollector.clean(OperationLogGarbageCollector.java:51)
	at jetbrains.exodus.newLogConcept.MVCC.MVCCDataStructure.lambda$commitTransaction$1(MVCCDataStructure.java:297)
	at java.base/java.util.concurrent.Executors$RunnableAdapter.call(Executors.java:515)
	at java.base/java.util.concurrent.FutureTask.run(FutureTask.java:264)
	at java.base/java.util.concurrent.ThreadPoolExecutor.runWorker(ThreadPoolExecutor.java:1128)
	at java.base/java.util.concurrent.ThreadPoolExecutor$Worker.run(ThreadPoolExecutor.java:628)
	... 1 more
java.util.concurrent.ExecutionException: jetbrains.exodus.ExodusException
	at java.base/java.util.concurrent.FutureTask.report(FutureTask.java:122)
	at java.base/java.util.concurrent.FutureTask.get(FutureTask.java:191)
	at jetbrains.exodus.newLogConcept.MVCC.MVCCDataStructure.commitTransaction(MVCCDataStructure.java:299)
	at site.ycsb.db.XodusClient.insert(XodusClient.java:60)
	at site.ycsb.DBWrapper.insert(DBWrapper.java:227)
	at site.ycsb.workloads.CoreWorkload.doInsert(CoreWorkload.java:621)
	at site.ycsb.ClientThread.run(ClientThread.java:135)
	at java.base/java.lang.Thread.run(Thread.java:829)
Caused by: jetbrains.exodus.ExodusException
	at jetbrains.exodus.newLogConcept.garbageCollector.OperationLogGarbageCollector.moveAndRemoveRecordsFromLog(OperationLogGarbageCollector.java:69)
	at jetbrains.exodus.newLogConcept.garbageCollector.OperationLogGarbageCollector.clean(OperationLogGarbageCollector.java:51)
	at jetbrains.exodus.newLogConcept.MVCC.MVCCDataStructure.lambda$commitTransaction$1(MVCCDataStructure.java:297)
	at java.base/java.util.concurrent.Executors$RunnableAdapter.call(Executors.java:515)
	at java.base/java.util.concurrent.FutureTask.run(FutureTask.java:264)
	at java.base/java.util.concurrent.ThreadPoolExecutor.runWorker(ThreadPoolExecutor.java:1128)
	at java.base/java.util.concurrent.ThreadPoolExecutor$Worker.run(ThreadPoolExecutor.java:628)
	... 1 more
java.util.concurrent.ExecutionException: jetbrains.exodus.ExodusException
	at java.base/java.util.concurrent.FutureTask.report(FutureTask.java:122)
	at java.base/java.util.concurrent.FutureTask.get(FutureTask.java:191)
	at jetbrains.exodus.newLogConcept.MVCC.MVCCDataStructure.commitTransaction(MVCCDataStructure.java:299)
	at site.ycsb.db.XodusClient.insert(XodusClient.java:60)
	at site.ycsb.DBWrapper.insert(DBWrapper.java:227)
	at site.ycsb.workloads.CoreWorkload.doInsert(CoreWorkload.java:621)
	at site.ycsb.ClientThread.run(ClientThread.java:135)
	at java.base/java.lang.Thread.run(Thread.java:829)
Caused by: jetbrains.exodus.ExodusException
	at jetbrains.exodus.newLogConcept.garbageCollector.OperationLogGarbageCollector.moveAndRemoveRecordsFromLog(OperationLogGarbageCollector.java:69)
	at jetbrains.exodus.newLogConcept.garbageCollector.OperationLogGarbageCollector.clean(OperationLogGarbageCollector.java:51)
	at jetbrains.exodus.newLogConcept.MVCC.MVCCDataStructure.lambda$commitTransaction$1(MVCCDataStructure.java:297)
	at java.base/java.util.concurrent.Executors$RunnableAdapter.call(Executors.java:515)
	at java.base/java.util.concurrent.FutureTask.run(FutureTask.java:264)
	at java.base/java.util.concurrent.ThreadPoolExecutor.runWorker(ThreadPoolExecutor.java:1128)
	at java.base/java.util.concurrent.ThreadPoolExecutor$Worker.run(ThreadPoolExecutor.java:628)
	... 1 more
java.util.concurrent.ExecutionException: jetbrains.exodus.ExodusException
	at java.base/java.util.concurrent.FutureTask.report(FutureTask.java:122)
	at java.base/java.util.concurrent.FutureTask.get(FutureTask.java:191)
	at jetbrains.exodus.newLogConcept.MVCC.MVCCDataStructure.commitTransaction(MVCCDataStructure.java:299)
	at site.ycsb.db.XodusClient.insert(XodusClient.java:60)
	at site.ycsb.DBWrapper.insert(DBWrapper.java:227)
	at site.ycsb.workloads.CoreWorkload.doInsert(CoreWorkload.java:621)
	at site.ycsb.ClientThread.run(ClientThread.java:135)
	at java.base/java.lang.Thread.run(Thread.java:829)
Caused by: jetbrains.exodus.ExodusException
	at jetbrains.exodus.newLogConcept.garbageCollector.OperationLogGarbageCollector.moveAndRemoveRecordsFromLog(OperationLogGarbageCollector.java:69)
	at jetbrains.exodus.newLogConcept.garbageCollector.OperationLogGarbageCollector.clean(OperationLogGarbageCollector.java:51)
	at jetbrains.exodus.newLogConcept.MVCC.MVCCDataStructure.lambda$commitTransaction$1(MVCCDataStructure.java:297)
	at java.base/java.util.concurrent.Executors$RunnableAdapter.call(Executors.java:515)
	at java.base/java.util.concurrent.FutureTask.run(FutureTask.java:264)
	at java.base/java.util.concurrent.ThreadPoolExecutor.runWorker(ThreadPoolExecutor.java:1128)
	at java.base/java.util.concurrent.ThreadPoolExecutor$Worker.run(ThreadPoolExecutor.java:628)
	... 1 more
java.util.concurrent.ExecutionException: jetbrains.exodus.ExodusException
	at java.base/java.util.concurrent.FutureTask.report(FutureTask.java:122)
	at java.base/java.util.concurrent.FutureTask.get(FutureTask.java:191)
	at jetbrains.exodus.newLogConcept.MVCC.MVCCDataStructure.commitTransaction(MVCCDataStructure.java:299)
	at site.ycsb.db.XodusClient.insert(XodusClient.java:60)
	at site.ycsb.DBWrapper.insert(DBWrapper.java:227)
	at site.ycsb.workloads.CoreWorkload.doInsert(CoreWorkload.java:621)
	at site.ycsb.ClientThread.run(ClientThread.java:135)
	at java.base/java.lang.Thread.run(Thread.java:829)
Caused by: jetbrains.exodus.ExodusException
	at jetbrains.exodus.newLogConcept.garbageCollector.OperationLogGarbageCollector.moveAndRemoveRecordsFromLog(OperationLogGarbageCollector.java:69)
	at jetbrains.exodus.newLogConcept.garbageCollector.OperationLogGarbageCollector.clean(OperationLogGarbageCollector.java:51)
	at jetbrains.exodus.newLogConcept.MVCC.MVCCDataStructure.lambda$commitTransaction$1(MVCCDataStructure.java:297)
	at java.base/java.util.concurrent.Executors$RunnableAdapter.call(Executors.java:515)
	at java.base/java.util.concurrent.FutureTask.run(FutureTask.java:264)
	at java.base/java.util.concurrent.ThreadPoolExecutor.runWorker(ThreadPoolExecutor.java:1128)
	at java.base/java.util.concurrent.ThreadPoolExecutor$Worker.run(ThreadPoolExecutor.java:628)
	... 1 more
java.util.concurrent.ExecutionException: jetbrains.exodus.ExodusException
	at java.base/java.util.concurrent.FutureTask.report(FutureTask.java:122)
	at java.base/java.util.concurrent.FutureTask.get(FutureTask.java:191)
	at jetbrains.exodus.newLogConcept.MVCC.MVCCDataStructure.commitTransaction(MVCCDataStructure.java:299)
	at site.ycsb.db.XodusClient.insert(XodusClient.java:60)
	at site.ycsb.DBWrapper.insert(DBWrapper.java:227)
	at site.ycsb.workloads.CoreWorkload.doInsert(CoreWorkload.java:621)
	at site.ycsb.ClientThread.run(ClientThread.java:135)
	at java.base/java.lang.Thread.run(Thread.java:829)
Caused by: jetbrains.exodus.ExodusException
	at jetbrains.exodus.newLogConcept.garbageCollector.OperationLogGarbageCollector.moveAndRemoveRecordsFromLog(OperationLogGarbageCollector.java:69)
	at jetbrains.exodus.newLogConcept.garbageCollector.OperationLogGarbageCollector.clean(OperationLogGarbageCollector.java:51)
	at jetbrains.exodus.newLogConcept.MVCC.MVCCDataStructure.lambda$commitTransaction$1(MVCCDataStructure.java:297)
	at java.base/java.util.concurrent.Executors$RunnableAdapter.call(Executors.java:515)
	at java.base/java.util.concurrent.FutureTask.run(FutureTask.java:264)
	at java.base/java.util.concurrent.ThreadPoolExecutor.runWorker(ThreadPoolExecutor.java:1128)
	at java.base/java.util.concurrent.ThreadPoolExecutor$Worker.run(ThreadPoolExecutor.java:628)
	... 1 more
java.util.concurrent.ExecutionException: jetbrains.exodus.ExodusException
	at java.base/java.util.concurrent.FutureTask.report(FutureTask.java:122)
	at java.base/java.util.concurrent.FutureTask.get(FutureTask.java:191)
	at jetbrains.exodus.newLogConcept.MVCC.MVCCDataStructure.commitTransaction(MVCCDataStructure.java:299)
	at site.ycsb.db.XodusClient.insert(XodusClient.java:60)
	at site.ycsb.DBWrapper.insert(DBWrapper.java:227)
	at site.ycsb.workloads.CoreWorkload.doInsert(CoreWorkload.java:621)
	at site.ycsb.ClientThread.run(ClientThread.java:135)
	at java.base/java.lang.Thread.run(Thread.java:829)
Caused by: jetbrains.exodus.ExodusException
	at jetbrains.exodus.newLogConcept.garbageCollector.OperationLogGarbageCollector.moveAndRemoveRecordsFromLog(OperationLogGarbageCollector.java:69)
	at jetbrains.exodus.newLogConcept.garbageCollector.OperationLogGarbageCollector.clean(OperationLogGarbageCollector.java:51)
	at jetbrains.exodus.newLogConcept.MVCC.MVCCDataStructure.lambda$commitTransaction$1(MVCCDataStructure.java:297)
	at java.base/java.util.concurrent.Executors$RunnableAdapter.call(Executors.java:515)
	at java.base/java.util.concurrent.FutureTask.run(FutureTask.java:264)
	at java.base/java.util.concurrent.ThreadPoolExecutor.runWorker(ThreadPoolExecutor.java:1128)
	at java.base/java.util.concurrent.ThreadPoolExecutor$Worker.run(ThreadPoolExecutor.java:628)
	... 1 more
java.util.concurrent.ExecutionException: jetbrains.exodus.ExodusException
	at java.base/java.util.concurrent.FutureTask.report(FutureTask.java:122)
	at java.base/java.util.concurrent.FutureTask.get(FutureTask.java:191)
	at jetbrains.exodus.newLogConcept.MVCC.MVCCDataStructure.commitTransaction(MVCCDataStructure.java:299)
	at site.ycsb.db.XodusClient.insert(XodusClient.java:60)
	at site.ycsb.DBWrapper.insert(DBWrapper.java:227)
	at site.ycsb.workloads.CoreWorkload.doInsert(CoreWorkload.java:621)
	at site.ycsb.ClientThread.run(ClientThread.java:135)
	at java.base/java.lang.Thread.run(Thread.java:829)
Caused by: jetbrains.exodus.ExodusException
	at jetbrains.exodus.newLogConcept.garbageCollector.OperationLogGarbageCollector.moveAndRemoveRecordsFromLog(OperationLogGarbageCollector.java:69)
	at jetbrains.exodus.newLogConcept.garbageCollector.OperationLogGarbageCollector.clean(OperationLogGarbageCollector.java:51)
	at jetbrains.exodus.newLogConcept.MVCC.MVCCDataStructure.lambda$commitTransaction$1(MVCCDataStructure.java:297)
	at java.base/java.util.concurrent.Executors$RunnableAdapter.call(Executors.java:515)
	at java.base/java.util.concurrent.FutureTask.run(FutureTask.java:264)
	at java.base/java.util.concurrent.ThreadPoolExecutor.runWorker(ThreadPoolExecutor.java:1128)
	at java.base/java.util.concurrent.ThreadPoolExecutor$Worker.run(ThreadPoolExecutor.java:628)
	... 1 more
java.util.concurrent.ExecutionException: jetbrains.exodus.ExodusException
	at java.base/java.util.concurrent.FutureTask.report(FutureTask.java:122)
	at java.base/java.util.concurrent.FutureTask.get(FutureTask.java:191)
	at jetbrains.exodus.newLogConcept.MVCC.MVCCDataStructure.commitTransaction(MVCCDataStructure.java:299)
	at site.ycsb.db.XodusClient.insert(XodusClient.java:60)
	at site.ycsb.DBWrapper.insert(DBWrapper.java:227)
	at site.ycsb.workloads.CoreWorkload.doInsert(CoreWorkload.java:621)
	at site.ycsb.ClientThread.run(ClientThread.java:135)
	at java.base/java.lang.Thread.run(Thread.java:829)
Caused by: jetbrains.exodus.ExodusException
	at jetbrains.exodus.newLogConcept.garbageCollector.OperationLogGarbageCollector.moveAndRemoveRecordsFromLog(OperationLogGarbageCollector.java:69)
	at jetbrains.exodus.newLogConcept.garbageCollector.OperationLogGarbageCollector.clean(OperationLogGarbageCollector.java:51)
	at jetbrains.exodus.newLogConcept.MVCC.MVCCDataStructure.lambda$commitTransaction$1(MVCCDataStructure.java:297)
	at java.base/java.util.concurrent.Executors$RunnableAdapter.call(Executors.java:515)
	at java.base/java.util.concurrent.FutureTask.run(FutureTask.java:264)
	at java.base/java.util.concurrent.ThreadPoolExecutor.runWorker(ThreadPoolExecutor.java:1128)
	at java.base/java.util.concurrent.ThreadPoolExecutor$Worker.run(ThreadPoolExecutor.java:628)
	... 1 more
java.util.concurrent.ExecutionException: jetbrains.exodus.ExodusException
	at java.base/java.util.concurrent.FutureTask.report(FutureTask.java:122)
	at java.base/java.util.concurrent.FutureTask.get(FutureTask.java:191)
	at jetbrains.exodus.newLogConcept.MVCC.MVCCDataStructure.commitTransaction(MVCCDataStructure.java:299)
	at site.ycsb.db.XodusClient.insert(XodusClient.java:60)
	at site.ycsb.DBWrapper.insert(DBWrapper.java:227)
	at site.ycsb.workloads.CoreWorkload.doInsert(CoreWorkload.java:621)
	at site.ycsb.ClientThread.run(ClientThread.java:135)
	at java.base/java.lang.Thread.run(Thread.java:829)
Caused by: jetbrains.exodus.ExodusException
	at jetbrains.exodus.newLogConcept.garbageCollector.OperationLogGarbageCollector.moveAndRemoveRecordsFromLog(OperationLogGarbageCollector.java:69)
	at jetbrains.exodus.newLogConcept.garbageCollector.OperationLogGarbageCollector.clean(OperationLogGarbageCollector.java:51)
	at jetbrains.exodus.newLogConcept.MVCC.MVCCDataStructure.lambda$commitTransaction$1(MVCCDataStructure.java:297)
	at java.base/java.util.concurrent.Executors$RunnableAdapter.call(Executors.java:515)
	at java.base/java.util.concurrent.FutureTask.run(FutureTask.java:264)
	at java.base/java.util.concurrent.ThreadPoolExecutor.runWorker(ThreadPoolExecutor.java:1128)
	at java.base/java.util.concurrent.ThreadPoolExecutor$Worker.run(ThreadPoolExecutor.java:628)
	... 1 more
java.util.concurrent.ExecutionException: jetbrains.exodus.ExodusException
	at java.base/java.util.concurrent.FutureTask.report(FutureTask.java:122)
	at java.base/java.util.concurrent.FutureTask.get(FutureTask.java:191)
	at jetbrains.exodus.newLogConcept.MVCC.MVCCDataStructure.commitTransaction(MVCCDataStructure.java:299)
	at site.ycsb.db.XodusClient.insert(XodusClient.java:60)
	at site.ycsb.DBWrapper.insert(DBWrapper.java:227)
	at site.ycsb.workloads.CoreWorkload.doInsert(CoreWorkload.java:621)
	at site.ycsb.ClientThread.run(ClientThread.java:135)
	at java.base/java.lang.Thread.run(Thread.java:829)
Caused by: jetbrains.exodus.ExodusException
	at jetbrains.exodus.newLogConcept.garbageCollector.OperationLogGarbageCollector.moveAndRemoveRecordsFromLog(OperationLogGarbageCollector.java:69)
	at jetbrains.exodus.newLogConcept.garbageCollector.OperationLogGarbageCollector.clean(OperationLogGarbageCollector.java:51)
	at jetbrains.exodus.newLogConcept.MVCC.MVCCDataStructure.lambda$commitTransaction$1(MVCCDataStructure.java:297)
	at java.base/java.util.concurrent.Executors$RunnableAdapter.call(Executors.java:515)
	at java.base/java.util.concurrent.FutureTask.run(FutureTask.java:264)
	at java.base/java.util.concurrent.ThreadPoolExecutor.runWorker(ThreadPoolExecutor.java:1128)
	at java.base/java.util.concurrent.ThreadPoolExecutor$Worker.run(ThreadPoolExecutor.java:628)
	... 1 more
java.util.concurrent.ExecutionException: jetbrains.exodus.ExodusException
	at java.base/java.util.concurrent.FutureTask.report(FutureTask.java:122)
	at java.base/java.util.concurrent.FutureTask.get(FutureTask.java:191)
	at jetbrains.exodus.newLogConcept.MVCC.MVCCDataStructure.commitTransaction(MVCCDataStructure.java:299)
	at site.ycsb.db.XodusClient.insert(XodusClient.java:60)
	at site.ycsb.DBWrapper.insert(DBWrapper.java:227)
	at site.ycsb.workloads.CoreWorkload.doInsert(CoreWorkload.java:621)
	at site.ycsb.ClientThread.run(ClientThread.java:135)
	at java.base/java.lang.Thread.run(Thread.java:829)
Caused by: jetbrains.exodus.ExodusException
	at jetbrains.exodus.newLogConcept.garbageCollector.OperationLogGarbageCollector.moveAndRemoveRecordsFromLog(OperationLogGarbageCollector.java:69)
	at jetbrains.exodus.newLogConcept.garbageCollector.OperationLogGarbageCollector.clean(OperationLogGarbageCollector.java:51)
	at jetbrains.exodus.newLogConcept.MVCC.MVCCDataStructure.lambda$commitTransaction$1(MVCCDataStructure.java:297)
	at java.base/java.util.concurrent.Executors$RunnableAdapter.call(Executors.java:515)
	at java.base/java.util.concurrent.FutureTask.run(FutureTask.java:264)
	at java.base/java.util.concurrent.ThreadPoolExecutor.runWorker(ThreadPoolExecutor.java:1128)
	at java.base/java.util.concurrent.ThreadPoolExecutor$Worker.run(ThreadPoolExecutor.java:628)
	... 1 more
java.util.concurrent.ExecutionException: jetbrains.exodus.ExodusException
	at java.base/java.util.concurrent.FutureTask.report(FutureTask.java:122)
	at java.base/java.util.concurrent.FutureTask.get(FutureTask.java:191)
	at jetbrains.exodus.newLogConcept.MVCC.MVCCDataStructure.commitTransaction(MVCCDataStructure.java:299)
	at site.ycsb.db.XodusClient.insert(XodusClient.java:60)
	at site.ycsb.DBWrapper.insert(DBWrapper.java:227)
	at site.ycsb.workloads.CoreWorkload.doInsert(CoreWorkload.java:621)
	at site.ycsb.ClientThread.run(ClientThread.java:135)
	at java.base/java.lang.Thread.run(Thread.java:829)
Caused by: jetbrains.exodus.ExodusException
	at jetbrains.exodus.newLogConcept.garbageCollector.OperationLogGarbageCollector.moveAndRemoveRecordsFromLog(OperationLogGarbageCollector.java:69)
	at jetbrains.exodus.newLogConcept.garbageCollector.OperationLogGarbageCollector.clean(OperationLogGarbageCollector.java:51)
	at jetbrains.exodus.newLogConcept.MVCC.MVCCDataStructure.lambda$commitTransaction$1(MVCCDataStructure.java:297)
	at java.base/java.util.concurrent.Executors$RunnableAdapter.call(Executors.java:515)
	at java.base/java.util.concurrent.FutureTask.run(FutureTask.java:264)
	at java.base/java.util.concurrent.ThreadPoolExecutor.runWorker(ThreadPoolExecutor.java:1128)
	at java.base/java.util.concurrent.ThreadPoolExecutor$Worker.run(ThreadPoolExecutor.java:628)
	... 1 more
java.util.concurrent.ExecutionException: jetbrains.exodus.ExodusException
	at java.base/java.util.concurrent.FutureTask.report(FutureTask.java:122)
	at java.base/java.util.concurrent.FutureTask.get(FutureTask.java:191)
	at jetbrains.exodus.newLogConcept.MVCC.MVCCDataStructure.commitTransaction(MVCCDataStructure.java:299)
	at site.ycsb.db.XodusClient.insert(XodusClient.java:60)
	at site.ycsb.DBWrapper.insert(DBWrapper.java:227)
	at site.ycsb.workloads.CoreWorkload.doInsert(CoreWorkload.java:621)
	at site.ycsb.ClientThread.run(ClientThread.java:135)
	at java.base/java.lang.Thread.run(Thread.java:829)
Caused by: jetbrains.exodus.ExodusException
	at jetbrains.exodus.newLogConcept.garbageCollector.OperationLogGarbageCollector.moveAndRemoveRecordsFromLog(OperationLogGarbageCollector.java:69)
	at jetbrains.exodus.newLogConcept.garbageCollector.OperationLogGarbageCollector.clean(OperationLogGarbageCollector.java:51)
	at jetbrains.exodus.newLogConcept.MVCC.MVCCDataStructure.lambda$commitTransaction$1(MVCCDataStructure.java:297)
	at java.base/java.util.concurrent.Executors$RunnableAdapter.call(Executors.java:515)
	at java.base/java.util.concurrent.FutureTask.run(FutureTask.java:264)
	at java.base/java.util.concurrent.ThreadPoolExecutor.runWorker(ThreadPoolExecutor.java:1128)
	at java.base/java.util.concurrent.ThreadPoolExecutor$Worker.run(ThreadPoolExecutor.java:628)
	... 1 more
java.util.concurrent.ExecutionException: jetbrains.exodus.ExodusException
	at java.base/java.util.concurrent.FutureTask.report(FutureTask.java:122)
	at java.base/java.util.concurrent.FutureTask.get(FutureTask.java:191)
	at jetbrains.exodus.newLogConcept.MVCC.MVCCDataStructure.commitTransaction(MVCCDataStructure.java:299)
	at site.ycsb.db.XodusClient.insert(XodusClient.java:60)
	at site.ycsb.DBWrapper.insert(DBWrapper.java:227)
	at site.ycsb.workloads.CoreWorkload.doInsert(CoreWorkload.java:621)
	at site.ycsb.ClientThread.run(ClientThread.java:135)
	at java.base/java.lang.Thread.run(Thread.java:829)
Caused by: jetbrains.exodus.ExodusException
	at jetbrains.exodus.newLogConcept.garbageCollector.OperationLogGarbageCollector.moveAndRemoveRecordsFromLog(OperationLogGarbageCollector.java:69)
	at jetbrains.exodus.newLogConcept.garbageCollector.OperationLogGarbageCollector.clean(OperationLogGarbageCollector.java:51)
	at jetbrains.exodus.newLogConcept.MVCC.MVCCDataStructure.lambda$commitTransaction$1(MVCCDataStructure.java:297)
	at java.base/java.util.concurrent.Executors$RunnableAdapter.call(Executors.java:515)
	at java.base/java.util.concurrent.FutureTask.run(FutureTask.java:264)
	at java.base/java.util.concurrent.ThreadPoolExecutor.runWorker(ThreadPoolExecutor.java:1128)
	at java.base/java.util.concurrent.ThreadPoolExecutor$Worker.run(ThreadPoolExecutor.java:628)
	... 1 more
java.util.concurrent.ExecutionException: jetbrains.exodus.ExodusException
	at java.base/java.util.concurrent.FutureTask.report(FutureTask.java:122)
	at java.base/java.util.concurrent.FutureTask.get(FutureTask.java:191)
	at jetbrains.exodus.newLogConcept.MVCC.MVCCDataStructure.commitTransaction(MVCCDataStructure.java:299)
	at site.ycsb.db.XodusClient.insert(XodusClient.java:60)
	at site.ycsb.DBWrapper.insert(DBWrapper.java:227)
	at site.ycsb.workloads.CoreWorkload.doInsert(CoreWorkload.java:621)
	at site.ycsb.ClientThread.run(ClientThread.java:135)
	at java.base/java.lang.Thread.run(Thread.java:829)
Caused by: jetbrains.exodus.ExodusException
	at jetbrains.exodus.newLogConcept.garbageCollector.OperationLogGarbageCollector.moveAndRemoveRecordsFromLog(OperationLogGarbageCollector.java:69)
	at jetbrains.exodus.newLogConcept.garbageCollector.OperationLogGarbageCollector.clean(OperationLogGarbageCollector.java:51)
	at jetbrains.exodus.newLogConcept.MVCC.MVCCDataStructure.lambda$commitTransaction$1(MVCCDataStructure.java:297)
	at java.base/java.util.concurrent.Executors$RunnableAdapter.call(Executors.java:515)
	at java.base/java.util.concurrent.FutureTask.run(FutureTask.java:264)
	at java.base/java.util.concurrent.ThreadPoolExecutor.runWorker(ThreadPoolExecutor.java:1128)
	at java.base/java.util.concurrent.ThreadPoolExecutor$Worker.run(ThreadPoolExecutor.java:628)
	... 1 more
java.util.concurrent.ExecutionException: jetbrains.exodus.ExodusException
	at java.base/java.util.concurrent.FutureTask.report(FutureTask.java:122)
	at java.base/java.util.concurrent.FutureTask.get(FutureTask.java:191)
	at jetbrains.exodus.newLogConcept.MVCC.MVCCDataStructure.commitTransaction(MVCCDataStructure.java:299)
	at site.ycsb.db.XodusClient.insert(XodusClient.java:60)
	at site.ycsb.DBWrapper.insert(DBWrapper.java:227)
	at site.ycsb.workloads.CoreWorkload.doInsert(CoreWorkload.java:621)
	at site.ycsb.ClientThread.run(ClientThread.java:135)
	at java.base/java.lang.Thread.run(Thread.java:829)
Caused by: jetbrains.exodus.ExodusException
	at jetbrains.exodus.newLogConcept.garbageCollector.OperationLogGarbageCollector.moveAndRemoveRecordsFromLog(OperationLogGarbageCollector.java:69)
	at jetbrains.exodus.newLogConcept.garbageCollector.OperationLogGarbageCollector.clean(OperationLogGarbageCollector.java:51)
	at jetbrains.exodus.newLogConcept.MVCC.MVCCDataStructure.lambda$commitTransaction$1(MVCCDataStructure.java:297)
	at java.base/java.util.concurrent.Executors$RunnableAdapter.call(Executors.java:515)
	at java.base/java.util.concurrent.FutureTask.run(FutureTask.java:264)
	at java.base/java.util.concurrent.ThreadPoolExecutor.runWorker(ThreadPoolExecutor.java:1128)
	at java.base/java.util.concurrent.ThreadPoolExecutor$Worker.run(ThreadPoolExecutor.java:628)
	... 1 more
java.util.concurrent.ExecutionException: jetbrains.exodus.ExodusException
	at java.base/java.util.concurrent.FutureTask.report(FutureTask.java:122)
	at java.base/java.util.concurrent.FutureTask.get(FutureTask.java:191)
	at jetbrains.exodus.newLogConcept.MVCC.MVCCDataStructure.commitTransaction(MVCCDataStructure.java:299)
	at site.ycsb.db.XodusClient.insert(XodusClient.java:60)
	at site.ycsb.DBWrapper.insert(DBWrapper.java:227)
	at site.ycsb.workloads.CoreWorkload.doInsert(CoreWorkload.java:621)
	at site.ycsb.ClientThread.run(ClientThread.java:135)
	at java.base/java.lang.Thread.run(Thread.java:829)
Caused by: jetbrains.exodus.ExodusException
	at jetbrains.exodus.newLogConcept.garbageCollector.OperationLogGarbageCollector.moveAndRemoveRecordsFromLog(OperationLogGarbageCollector.java:69)
	at jetbrains.exodus.newLogConcept.garbageCollector.OperationLogGarbageCollector.clean(OperationLogGarbageCollector.java:51)
	at jetbrains.exodus.newLogConcept.MVCC.MVCCDataStructure.lambda$commitTransaction$1(MVCCDataStructure.java:297)
	at java.base/java.util.concurrent.Executors$RunnableAdapter.call(Executors.java:515)
	at java.base/java.util.concurrent.FutureTask.run(FutureTask.java:264)
	at java.base/java.util.concurrent.ThreadPoolExecutor.runWorker(ThreadPoolExecutor.java:1128)
	at java.base/java.util.concurrent.ThreadPoolExecutor$Worker.run(ThreadPoolExecutor.java:628)
	... 1 more
java.util.concurrent.ExecutionException: jetbrains.exodus.ExodusException
	at java.base/java.util.concurrent.FutureTask.report(FutureTask.java:122)
	at java.base/java.util.concurrent.FutureTask.get(FutureTask.java:191)
	at jetbrains.exodus.newLogConcept.MVCC.MVCCDataStructure.commitTransaction(MVCCDataStructure.java:299)
	at site.ycsb.db.XodusClient.insert(XodusClient.java:60)
	at site.ycsb.DBWrapper.insert(DBWrapper.java:227)
	at site.ycsb.workloads.CoreWorkload.doInsert(CoreWorkload.java:621)
	at site.ycsb.ClientThread.run(ClientThread.java:135)
	at java.base/java.lang.Thread.run(Thread.java:829)
Caused by: jetbrains.exodus.ExodusException
	at jetbrains.exodus.newLogConcept.garbageCollector.OperationLogGarbageCollector.moveAndRemoveRecordsFromLog(OperationLogGarbageCollector.java:69)
	at jetbrains.exodus.newLogConcept.garbageCollector.OperationLogGarbageCollector.clean(OperationLogGarbageCollector.java:51)
	at jetbrains.exodus.newLogConcept.MVCC.MVCCDataStructure.lambda$commitTransaction$1(MVCCDataStructure.java:297)
	at java.base/java.util.concurrent.Executors$RunnableAdapter.call(Executors.java:515)
	at java.base/java.util.concurrent.FutureTask.run(FutureTask.java:264)
	at java.base/java.util.concurrent.ThreadPoolExecutor.runWorker(ThreadPoolExecutor.java:1128)
	at java.base/java.util.concurrent.ThreadPoolExecutor$Worker.run(ThreadPoolExecutor.java:628)
	... 1 more
java.util.concurrent.ExecutionException: jetbrains.exodus.ExodusException
	at java.base/java.util.concurrent.FutureTask.report(FutureTask.java:122)
	at java.base/java.util.concurrent.FutureTask.get(FutureTask.java:191)
	at jetbrains.exodus.newLogConcept.MVCC.MVCCDataStructure.commitTransaction(MVCCDataStructure.java:299)
	at site.ycsb.db.XodusClient.insert(XodusClient.java:60)
	at site.ycsb.DBWrapper.insert(DBWrapper.java:227)
	at site.ycsb.workloads.CoreWorkload.doInsert(CoreWorkload.java:621)
	at site.ycsb.ClientThread.run(ClientThread.java:135)
	at java.base/java.lang.Thread.run(Thread.java:829)
Caused by: jetbrains.exodus.ExodusException
	at jetbrains.exodus.newLogConcept.garbageCollector.OperationLogGarbageCollector.moveAndRemoveRecordsFromLog(OperationLogGarbageCollector.java:69)
	at jetbrains.exodus.newLogConcept.garbageCollector.OperationLogGarbageCollector.clean(OperationLogGarbageCollector.java:51)
	at jetbrains.exodus.newLogConcept.MVCC.MVCCDataStructure.lambda$commitTransaction$1(MVCCDataStructure.java:297)
	at java.base/java.util.concurrent.Executors$RunnableAdapter.call(Executors.java:515)
	at java.base/java.util.concurrent.FutureTask.run(FutureTask.java:264)
	at java.base/java.util.concurrent.ThreadPoolExecutor.runWorker(ThreadPoolExecutor.java:1128)
	at java.base/java.util.concurrent.ThreadPoolExecutor$Worker.run(ThreadPoolExecutor.java:628)
	... 1 more
java.util.concurrent.ExecutionException: jetbrains.exodus.ExodusException
	at java.base/java.util.concurrent.FutureTask.report(FutureTask.java:122)
	at java.base/java.util.concurrent.FutureTask.get(FutureTask.java:191)
	at jetbrains.exodus.newLogConcept.MVCC.MVCCDataStructure.commitTransaction(MVCCDataStructure.java:299)
	at site.ycsb.db.XodusClient.insert(XodusClient.java:60)
	at site.ycsb.DBWrapper.insert(DBWrapper.java:227)
	at site.ycsb.workloads.CoreWorkload.doInsert(CoreWorkload.java:621)
	at site.ycsb.ClientThread.run(ClientThread.java:135)
	at java.base/java.lang.Thread.run(Thread.java:829)
Caused by: jetbrains.exodus.ExodusException
	at jetbrains.exodus.newLogConcept.garbageCollector.OperationLogGarbageCollector.moveAndRemoveRecordsFromLog(OperationLogGarbageCollector.java:69)
	at jetbrains.exodus.newLogConcept.garbageCollector.OperationLogGarbageCollector.clean(OperationLogGarbageCollector.java:51)
	at jetbrains.exodus.newLogConcept.MVCC.MVCCDataStructure.lambda$commitTransaction$1(MVCCDataStructure.java:297)
	at java.base/java.util.concurrent.Executors$RunnableAdapter.call(Executors.java:515)
	at java.base/java.util.concurrent.FutureTask.run(FutureTask.java:264)
	at java.base/java.util.concurrent.ThreadPoolExecutor.runWorker(ThreadPoolExecutor.java:1128)
	at java.base/java.util.concurrent.ThreadPoolExecutor$Worker.run(ThreadPoolExecutor.java:628)
	... 1 more
java.util.concurrent.ExecutionException: jetbrains.exodus.ExodusException
	at java.base/java.util.concurrent.FutureTask.report(FutureTask.java:122)
	at java.base/java.util.concurrent.FutureTask.get(FutureTask.java:191)
	at jetbrains.exodus.newLogConcept.MVCC.MVCCDataStructure.commitTransaction(MVCCDataStructure.java:299)
	at site.ycsb.db.XodusClient.insert(XodusClient.java:60)
	at site.ycsb.DBWrapper.insert(DBWrapper.java:227)
	at site.ycsb.workloads.CoreWorkload.doInsert(CoreWorkload.java:621)
	at site.ycsb.ClientThread.run(ClientThread.java:135)
	at java.base/java.lang.Thread.run(Thread.java:829)
Caused by: jetbrains.exodus.ExodusException
	at jetbrains.exodus.newLogConcept.garbageCollector.OperationLogGarbageCollector.moveAndRemoveRecordsFromLog(OperationLogGarbageCollector.java:69)
	at jetbrains.exodus.newLogConcept.garbageCollector.OperationLogGarbageCollector.clean(OperationLogGarbageCollector.java:51)
	at jetbrains.exodus.newLogConcept.MVCC.MVCCDataStructure.lambda$commitTransaction$1(MVCCDataStructure.java:297)
	at java.base/java.util.concurrent.Executors$RunnableAdapter.call(Executors.java:515)
	at java.base/java.util.concurrent.FutureTask.run(FutureTask.java:264)
	at java.base/java.util.concurrent.ThreadPoolExecutor.runWorker(ThreadPoolExecutor.java:1128)
	at java.base/java.util.concurrent.ThreadPoolExecutor$Worker.run(ThreadPoolExecutor.java:628)
	... 1 more
java.util.concurrent.ExecutionException: jetbrains.exodus.ExodusException
	at java.base/java.util.concurrent.FutureTask.report(FutureTask.java:122)
	at java.base/java.util.concurrent.FutureTask.get(FutureTask.java:191)
	at jetbrains.exodus.newLogConcept.MVCC.MVCCDataStructure.commitTransaction(MVCCDataStructure.java:299)
	at site.ycsb.db.XodusClient.insert(XodusClient.java:60)
	at site.ycsb.DBWrapper.insert(DBWrapper.java:227)
	at site.ycsb.workloads.CoreWorkload.doInsert(CoreWorkload.java:621)
	at site.ycsb.ClientThread.run(ClientThread.java:135)
	at java.base/java.lang.Thread.run(Thread.java:829)
Caused by: jetbrains.exodus.ExodusException
	at jetbrains.exodus.newLogConcept.garbageCollector.OperationLogGarbageCollector.moveAndRemoveRecordsFromLog(OperationLogGarbageCollector.java:69)
	at jetbrains.exodus.newLogConcept.garbageCollector.OperationLogGarbageCollector.clean(OperationLogGarbageCollector.java:51)
	at jetbrains.exodus.newLogConcept.MVCC.MVCCDataStructure.lambda$commitTransaction$1(MVCCDataStructure.java:297)
	at java.base/java.util.concurrent.Executors$RunnableAdapter.call(Executors.java:515)
	at java.base/java.util.concurrent.FutureTask.run(FutureTask.java:264)
	at java.base/java.util.concurrent.ThreadPoolExecutor.runWorker(ThreadPoolExecutor.java:1128)
	at java.base/java.util.concurrent.ThreadPoolExecutor$Worker.run(ThreadPoolExecutor.java:628)
	... 1 more
java.util.concurrent.ExecutionException: jetbrains.exodus.ExodusException
	at java.base/java.util.concurrent.FutureTask.report(FutureTask.java:122)
	at java.base/java.util.concurrent.FutureTask.get(FutureTask.java:191)
	at jetbrains.exodus.newLogConcept.MVCC.MVCCDataStructure.commitTransaction(MVCCDataStructure.java:299)
	at site.ycsb.db.XodusClient.insert(XodusClient.java:60)
	at site.ycsb.DBWrapper.insert(DBWrapper.java:227)
	at site.ycsb.workloads.CoreWorkload.doInsert(CoreWorkload.java:621)
	at site.ycsb.ClientThread.run(ClientThread.java:135)
	at java.base/java.lang.Thread.run(Thread.java:829)
Caused by: jetbrains.exodus.ExodusException
	at jetbrains.exodus.newLogConcept.garbageCollector.OperationLogGarbageCollector.moveAndRemoveRecordsFromLog(OperationLogGarbageCollector.java:69)
	at jetbrains.exodus.newLogConcept.garbageCollector.OperationLogGarbageCollector.clean(OperationLogGarbageCollector.java:51)
	at jetbrains.exodus.newLogConcept.MVCC.MVCCDataStructure.lambda$commitTransaction$1(MVCCDataStructure.java:297)
	at java.base/java.util.concurrent.Executors$RunnableAdapter.call(Executors.java:515)
	at java.base/java.util.concurrent.FutureTask.run(FutureTask.java:264)
	at java.base/java.util.concurrent.ThreadPoolExecutor.runWorker(ThreadPoolExecutor.java:1128)
	at java.base/java.util.concurrent.ThreadPoolExecutor$Worker.run(ThreadPoolExecutor.java:628)
	... 1 more
java.util.concurrent.ExecutionException: jetbrains.exodus.ExodusException
	at java.base/java.util.concurrent.FutureTask.report(FutureTask.java:122)
	at java.base/java.util.concurrent.FutureTask.get(FutureTask.java:191)
	at jetbrains.exodus.newLogConcept.MVCC.MVCCDataStructure.commitTransaction(MVCCDataStructure.java:299)
	at site.ycsb.db.XodusClient.insert(XodusClient.java:60)
	at site.ycsb.DBWrapper.insert(DBWrapper.java:227)
	at site.ycsb.workloads.CoreWorkload.doInsert(CoreWorkload.java:621)
	at site.ycsb.ClientThread.run(ClientThread.java:135)
	at java.base/java.lang.Thread.run(Thread.java:829)
Caused by: jetbrains.exodus.ExodusException
	at jetbrains.exodus.newLogConcept.garbageCollector.OperationLogGarbageCollector.moveAndRemoveRecordsFromLog(OperationLogGarbageCollector.java:69)
	at jetbrains.exodus.newLogConcept.garbageCollector.OperationLogGarbageCollector.clean(OperationLogGarbageCollector.java:51)
	at jetbrains.exodus.newLogConcept.MVCC.MVCCDataStructure.lambda$commitTransaction$1(MVCCDataStructure.java:297)
	at java.base/java.util.concurrent.Executors$RunnableAdapter.call(Executors.java:515)
	at java.base/java.util.concurrent.FutureTask.run(FutureTask.java:264)
	at java.base/java.util.concurrent.ThreadPoolExecutor.runWorker(ThreadPoolExecutor.java:1128)
	at java.base/java.util.concurrent.ThreadPoolExecutor$Worker.run(ThreadPoolExecutor.java:628)
	... 1 more
java.util.concurrent.ExecutionException: jetbrains.exodus.ExodusException
	at java.base/java.util.concurrent.FutureTask.report(FutureTask.java:122)
	at java.base/java.util.concurrent.FutureTask.get(FutureTask.java:191)
	at jetbrains.exodus.newLogConcept.MVCC.MVCCDataStructure.commitTransaction(MVCCDataStructure.java:299)
	at site.ycsb.db.XodusClient.insert(XodusClient.java:60)
	at site.ycsb.DBWrapper.insert(DBWrapper.java:227)
	at site.ycsb.workloads.CoreWorkload.doInsert(CoreWorkload.java:621)
	at site.ycsb.ClientThread.run(ClientThread.java:135)
	at java.base/java.lang.Thread.run(Thread.java:829)
Caused by: jetbrains.exodus.ExodusException
	at jetbrains.exodus.newLogConcept.garbageCollector.OperationLogGarbageCollector.moveAndRemoveRecordsFromLog(OperationLogGarbageCollector.java:69)
	at jetbrains.exodus.newLogConcept.garbageCollector.OperationLogGarbageCollector.clean(OperationLogGarbageCollector.java:51)
	at jetbrains.exodus.newLogConcept.MVCC.MVCCDataStructure.lambda$commitTransaction$1(MVCCDataStructure.java:297)
	at java.base/java.util.concurrent.Executors$RunnableAdapter.call(Executors.java:515)
	at java.base/java.util.concurrent.FutureTask.run(FutureTask.java:264)
	at java.base/java.util.concurrent.ThreadPoolExecutor.runWorker(ThreadPoolExecutor.java:1128)
	at java.base/java.util.concurrent.ThreadPoolExecutor$Worker.run(ThreadPoolExecutor.java:628)
	... 1 more
java.util.concurrent.ExecutionException: jetbrains.exodus.ExodusException
	at java.base/java.util.concurrent.FutureTask.report(FutureTask.java:122)
	at java.base/java.util.concurrent.FutureTask.get(FutureTask.java:191)
	at jetbrains.exodus.newLogConcept.MVCC.MVCCDataStructure.commitTransaction(MVCCDataStructure.java:299)
	at site.ycsb.db.XodusClient.insert(XodusClient.java:60)
	at site.ycsb.DBWrapper.insert(DBWrapper.java:227)
	at site.ycsb.workloads.CoreWorkload.doInsert(CoreWorkload.java:621)
	at site.ycsb.ClientThread.run(ClientThread.java:135)
	at java.base/java.lang.Thread.run(Thread.java:829)
Caused by: jetbrains.exodus.ExodusException
	at jetbrains.exodus.newLogConcept.garbageCollector.OperationLogGarbageCollector.moveAndRemoveRecordsFromLog(OperationLogGarbageCollector.java:69)
	at jetbrains.exodus.newLogConcept.garbageCollector.OperationLogGarbageCollector.clean(OperationLogGarbageCollector.java:51)
	at jetbrains.exodus.newLogConcept.MVCC.MVCCDataStructure.lambda$commitTransaction$1(MVCCDataStructure.java:297)
	at java.base/java.util.concurrent.Executors$RunnableAdapter.call(Executors.java:515)
	at java.base/java.util.concurrent.FutureTask.run(FutureTask.java:264)
	at java.base/java.util.concurrent.ThreadPoolExecutor.runWorker(ThreadPoolExecutor.java:1128)
	at java.base/java.util.concurrent.ThreadPoolExecutor$Worker.run(ThreadPoolExecutor.java:628)
	... 1 more
java.util.concurrent.ExecutionException: jetbrains.exodus.ExodusException
	at java.base/java.util.concurrent.FutureTask.report(FutureTask.java:122)
	at java.base/java.util.concurrent.FutureTask.get(FutureTask.java:191)
	at jetbrains.exodus.newLogConcept.MVCC.MVCCDataStructure.commitTransaction(MVCCDataStructure.java:299)
	at site.ycsb.db.XodusClient.insert(XodusClient.java:60)
	at site.ycsb.DBWrapper.insert(DBWrapper.java:227)
	at site.ycsb.workloads.CoreWorkload.doInsert(CoreWorkload.java:621)
	at site.ycsb.ClientThread.run(ClientThread.java:135)
	at java.base/java.lang.Thread.run(Thread.java:829)
Caused by: jetbrains.exodus.ExodusException
	at jetbrains.exodus.newLogConcept.garbageCollector.OperationLogGarbageCollector.moveAndRemoveRecordsFromLog(OperationLogGarbageCollector.java:69)
	at jetbrains.exodus.newLogConcept.garbageCollector.OperationLogGarbageCollector.clean(OperationLogGarbageCollector.java:51)
	at jetbrains.exodus.newLogConcept.MVCC.MVCCDataStructure.lambda$commitTransaction$1(MVCCDataStructure.java:297)
	at java.base/java.util.concurrent.Executors$RunnableAdapter.call(Executors.java:515)
	at java.base/java.util.concurrent.FutureTask.run(FutureTask.java:264)
	at java.base/java.util.concurrent.ThreadPoolExecutor.runWorker(ThreadPoolExecutor.java:1128)
	at java.base/java.util.concurrent.ThreadPoolExecutor$Worker.run(ThreadPoolExecutor.java:628)
	... 1 more
java.util.concurrent.ExecutionException: jetbrains.exodus.ExodusException
	at java.base/java.util.concurrent.FutureTask.report(FutureTask.java:122)
	at java.base/java.util.concurrent.FutureTask.get(FutureTask.java:191)
	at jetbrains.exodus.newLogConcept.MVCC.MVCCDataStructure.commitTransaction(MVCCDataStructure.java:299)
	at site.ycsb.db.XodusClient.insert(XodusClient.java:60)
	at site.ycsb.DBWrapper.insert(DBWrapper.java:227)
	at site.ycsb.workloads.CoreWorkload.doInsert(CoreWorkload.java:621)
	at site.ycsb.ClientThread.run(ClientThread.java:135)
	at java.base/java.lang.Thread.run(Thread.java:829)
Caused by: jetbrains.exodus.ExodusException
	at jetbrains.exodus.newLogConcept.garbageCollector.OperationLogGarbageCollector.moveAndRemoveRecordsFromLog(OperationLogGarbageCollector.java:69)
	at jetbrains.exodus.newLogConcept.garbageCollector.OperationLogGarbageCollector.clean(OperationLogGarbageCollector.java:51)
	at jetbrains.exodus.newLogConcept.MVCC.MVCCDataStructure.lambda$commitTransaction$1(MVCCDataStructure.java:297)
	at java.base/java.util.concurrent.Executors$RunnableAdapter.call(Executors.java:515)
	at java.base/java.util.concurrent.FutureTask.run(FutureTask.java:264)
	at java.base/java.util.concurrent.ThreadPoolExecutor.runWorker(ThreadPoolExecutor.java:1128)
	at java.base/java.util.concurrent.ThreadPoolExecutor$Worker.run(ThreadPoolExecutor.java:628)
	... 1 more
java.util.concurrent.ExecutionException: jetbrains.exodus.ExodusException
	at java.base/java.util.concurrent.FutureTask.report(FutureTask.java:122)
	at java.base/java.util.concurrent.FutureTask.get(FutureTask.java:191)
	at jetbrains.exodus.newLogConcept.MVCC.MVCCDataStructure.commitTransaction(MVCCDataStructure.java:299)
	at site.ycsb.db.XodusClient.insert(XodusClient.java:60)
	at site.ycsb.DBWrapper.insert(DBWrapper.java:227)
	at site.ycsb.workloads.CoreWorkload.doInsert(CoreWorkload.java:621)
	at site.ycsb.ClientThread.run(ClientThread.java:135)
	at java.base/java.lang.Thread.run(Thread.java:829)
Caused by: jetbrains.exodus.ExodusException
	at jetbrains.exodus.newLogConcept.garbageCollector.OperationLogGarbageCollector.moveAndRemoveRecordsFromLog(OperationLogGarbageCollector.java:69)
	at jetbrains.exodus.newLogConcept.garbageCollector.OperationLogGarbageCollector.clean(OperationLogGarbageCollector.java:51)
	at jetbrains.exodus.newLogConcept.MVCC.MVCCDataStructure.lambda$commitTransaction$1(MVCCDataStructure.java:297)
	at java.base/java.util.concurrent.Executors$RunnableAdapter.call(Executors.java:515)
	at java.base/java.util.concurrent.FutureTask.run(FutureTask.java:264)
	at java.base/java.util.concurrent.ThreadPoolExecutor.runWorker(ThreadPoolExecutor.java:1128)
	at java.base/java.util.concurrent.ThreadPoolExecutor$Worker.run(ThreadPoolExecutor.java:628)
	... 1 more
java.util.concurrent.ExecutionException: jetbrains.exodus.ExodusException
	at java.base/java.util.concurrent.FutureTask.report(FutureTask.java:122)
	at java.base/java.util.concurrent.FutureTask.get(FutureTask.java:191)
	at jetbrains.exodus.newLogConcept.MVCC.MVCCDataStructure.commitTransaction(MVCCDataStructure.java:299)
	at site.ycsb.db.XodusClient.insert(XodusClient.java:60)
	at site.ycsb.DBWrapper.insert(DBWrapper.java:227)
	at site.ycsb.workloads.CoreWorkload.doInsert(CoreWorkload.java:621)
	at site.ycsb.ClientThread.run(ClientThread.java:135)
	at java.base/java.lang.Thread.run(Thread.java:829)
Caused by: jetbrains.exodus.ExodusException
	at jetbrains.exodus.newLogConcept.garbageCollector.OperationLogGarbageCollector.moveAndRemoveRecordsFromLog(OperationLogGarbageCollector.java:69)
	at jetbrains.exodus.newLogConcept.garbageCollector.OperationLogGarbageCollector.clean(OperationLogGarbageCollector.java:51)
	at jetbrains.exodus.newLogConcept.MVCC.MVCCDataStructure.lambda$commitTransaction$1(MVCCDataStructure.java:297)
	at java.base/java.util.concurrent.Executors$RunnableAdapter.call(Executors.java:515)
	at java.base/java.util.concurrent.FutureTask.run(FutureTask.java:264)
	at java.base/java.util.concurrent.ThreadPoolExecutor.runWorker(ThreadPoolExecutor.java:1128)
	at java.base/java.util.concurrent.ThreadPoolExecutor$Worker.run(ThreadPoolExecutor.java:628)
	... 1 more
java.util.concurrent.ExecutionException: jetbrains.exodus.ExodusException
	at java.base/java.util.concurrent.FutureTask.report(FutureTask.java:122)
	at java.base/java.util.concurrent.FutureTask.get(FutureTask.java:191)
	at jetbrains.exodus.newLogConcept.MVCC.MVCCDataStructure.commitTransaction(MVCCDataStructure.java:299)
	at site.ycsb.db.XodusClient.insert(XodusClient.java:60)
	at site.ycsb.DBWrapper.insert(DBWrapper.java:227)
	at site.ycsb.workloads.CoreWorkload.doInsert(CoreWorkload.java:621)
	at site.ycsb.ClientThread.run(ClientThread.java:135)
	at java.base/java.lang.Thread.run(Thread.java:829)
Caused by: jetbrains.exodus.ExodusException
	at jetbrains.exodus.newLogConcept.garbageCollector.OperationLogGarbageCollector.moveAndRemoveRecordsFromLog(OperationLogGarbageCollector.java:69)
	at jetbrains.exodus.newLogConcept.garbageCollector.OperationLogGarbageCollector.clean(OperationLogGarbageCollector.java:51)
	at jetbrains.exodus.newLogConcept.MVCC.MVCCDataStructure.lambda$commitTransaction$1(MVCCDataStructure.java:297)
	at java.base/java.util.concurrent.Executors$RunnableAdapter.call(Executors.java:515)
	at java.base/java.util.concurrent.FutureTask.run(FutureTask.java:264)
	at java.base/java.util.concurrent.ThreadPoolExecutor.runWorker(ThreadPoolExecutor.java:1128)
	at java.base/java.util.concurrent.ThreadPoolExecutor$Worker.run(ThreadPoolExecutor.java:628)
	... 1 more
java.util.concurrent.ExecutionException: jetbrains.exodus.ExodusException
	at java.base/java.util.concurrent.FutureTask.report(FutureTask.java:122)
	at java.base/java.util.concurrent.FutureTask.get(FutureTask.java:191)
	at jetbrains.exodus.newLogConcept.MVCC.MVCCDataStructure.commitTransaction(MVCCDataStructure.java:299)
	at site.ycsb.db.XodusClient.insert(XodusClient.java:60)
	at site.ycsb.DBWrapper.insert(DBWrapper.java:227)
	at site.ycsb.workloads.CoreWorkload.doInsert(CoreWorkload.java:621)
	at site.ycsb.ClientThread.run(ClientThread.java:135)
	at java.base/java.lang.Thread.run(Thread.java:829)
Caused by: jetbrains.exodus.ExodusException
	at jetbrains.exodus.newLogConcept.garbageCollector.OperationLogGarbageCollector.moveAndRemoveRecordsFromLog(OperationLogGarbageCollector.java:69)
	at jetbrains.exodus.newLogConcept.garbageCollector.OperationLogGarbageCollector.clean(OperationLogGarbageCollector.java:51)
	at jetbrains.exodus.newLogConcept.MVCC.MVCCDataStructure.lambda$commitTransaction$1(MVCCDataStructure.java:297)
	at java.base/java.util.concurrent.Executors$RunnableAdapter.call(Executors.java:515)
	at java.base/java.util.concurrent.FutureTask.run(FutureTask.java:264)
	at java.base/java.util.concurrent.ThreadPoolExecutor.runWorker(ThreadPoolExecutor.java:1128)
	at java.base/java.util.concurrent.ThreadPoolExecutor$Worker.run(ThreadPoolExecutor.java:628)
	... 1 more
java.util.concurrent.ExecutionException: jetbrains.exodus.ExodusException
	at java.base/java.util.concurrent.FutureTask.report(FutureTask.java:122)
	at java.base/java.util.concurrent.FutureTask.get(FutureTask.java:191)
	at jetbrains.exodus.newLogConcept.MVCC.MVCCDataStructure.commitTransaction(MVCCDataStructure.java:299)
	at site.ycsb.db.XodusClient.insert(XodusClient.java:60)
	at site.ycsb.DBWrapper.insert(DBWrapper.java:227)
	at site.ycsb.workloads.CoreWorkload.doInsert(CoreWorkload.java:621)
	at site.ycsb.ClientThread.run(ClientThread.java:135)
	at java.base/java.lang.Thread.run(Thread.java:829)
Caused by: jetbrains.exodus.ExodusException
	at jetbrains.exodus.newLogConcept.garbageCollector.OperationLogGarbageCollector.moveAndRemoveRecordsFromLog(OperationLogGarbageCollector.java:69)
	at jetbrains.exodus.newLogConcept.garbageCollector.OperationLogGarbageCollector.clean(OperationLogGarbageCollector.java:51)
	at jetbrains.exodus.newLogConcept.MVCC.MVCCDataStructure.lambda$commitTransaction$1(MVCCDataStructure.java:297)
	at java.base/java.util.concurrent.Executors$RunnableAdapter.call(Executors.java:515)
	at java.base/java.util.concurrent.FutureTask.run(FutureTask.java:264)
	at java.base/java.util.concurrent.ThreadPoolExecutor.runWorker(ThreadPoolExecutor.java:1128)
	at java.base/java.util.concurrent.ThreadPoolExecutor$Worker.run(ThreadPoolExecutor.java:628)
	... 1 more
java.util.concurrent.ExecutionException: jetbrains.exodus.ExodusException
	at java.base/java.util.concurrent.FutureTask.report(FutureTask.java:122)
	at java.base/java.util.concurrent.FutureTask.get(FutureTask.java:191)
	at jetbrains.exodus.newLogConcept.MVCC.MVCCDataStructure.commitTransaction(MVCCDataStructure.java:299)
	at site.ycsb.db.XodusClient.insert(XodusClient.java:60)
	at site.ycsb.DBWrapper.insert(DBWrapper.java:227)
	at site.ycsb.workloads.CoreWorkload.doInsert(CoreWorkload.java:621)
	at site.ycsb.ClientThread.run(ClientThread.java:135)
	at java.base/java.lang.Thread.run(Thread.java:829)
Caused by: jetbrains.exodus.ExodusException
	at jetbrains.exodus.newLogConcept.garbageCollector.OperationLogGarbageCollector.moveAndRemoveRecordsFromLog(OperationLogGarbageCollector.java:69)
	at jetbrains.exodus.newLogConcept.garbageCollector.OperationLogGarbageCollector.clean(OperationLogGarbageCollector.java:51)
	at jetbrains.exodus.newLogConcept.MVCC.MVCCDataStructure.lambda$commitTransaction$1(MVCCDataStructure.java:297)
	at java.base/java.util.concurrent.Executors$RunnableAdapter.call(Executors.java:515)
	at java.base/java.util.concurrent.FutureTask.run(FutureTask.java:264)
	at java.base/java.util.concurrent.ThreadPoolExecutor.runWorker(ThreadPoolExecutor.java:1128)
	at java.base/java.util.concurrent.ThreadPoolExecutor$Worker.run(ThreadPoolExecutor.java:628)
	... 1 more
java.util.concurrent.ExecutionException: jetbrains.exodus.ExodusException
	at java.base/java.util.concurrent.FutureTask.report(FutureTask.java:122)
	at java.base/java.util.concurrent.FutureTask.get(FutureTask.java:191)
	at jetbrains.exodus.newLogConcept.MVCC.MVCCDataStructure.commitTransaction(MVCCDataStructure.java:299)
	at site.ycsb.db.XodusClient.insert(XodusClient.java:60)
	at site.ycsb.DBWrapper.insert(DBWrapper.java:227)
	at site.ycsb.workloads.CoreWorkload.doInsert(CoreWorkload.java:621)
	at site.ycsb.ClientThread.run(ClientThread.java:135)
	at java.base/java.lang.Thread.run(Thread.java:829)
Caused by: jetbrains.exodus.ExodusException
	at jetbrains.exodus.newLogConcept.garbageCollector.OperationLogGarbageCollector.moveAndRemoveRecordsFromLog(OperationLogGarbageCollector.java:69)
	at jetbrains.exodus.newLogConcept.garbageCollector.OperationLogGarbageCollector.clean(OperationLogGarbageCollector.java:51)
	at jetbrains.exodus.newLogConcept.MVCC.MVCCDataStructure.lambda$commitTransaction$1(MVCCDataStructure.java:297)
	at java.base/java.util.concurrent.Executors$RunnableAdapter.call(Executors.java:515)
	at java.base/java.util.concurrent.FutureTask.run(FutureTask.java:264)
	at java.base/java.util.concurrent.ThreadPoolExecutor.runWorker(ThreadPoolExecutor.java:1128)
	at java.base/java.util.concurrent.ThreadPoolExecutor$Worker.run(ThreadPoolExecutor.java:628)
	... 1 more
java.util.concurrent.ExecutionException: jetbrains.exodus.ExodusException
	at java.base/java.util.concurrent.FutureTask.report(FutureTask.java:122)
	at java.base/java.util.concurrent.FutureTask.get(FutureTask.java:191)
	at jetbrains.exodus.newLogConcept.MVCC.MVCCDataStructure.commitTransaction(MVCCDataStructure.java:299)
	at site.ycsb.db.XodusClient.insert(XodusClient.java:60)
	at site.ycsb.DBWrapper.insert(DBWrapper.java:227)
	at site.ycsb.workloads.CoreWorkload.doInsert(CoreWorkload.java:621)
	at site.ycsb.ClientThread.run(ClientThread.java:135)
	at java.base/java.lang.Thread.run(Thread.java:829)
Caused by: jetbrains.exodus.ExodusException
	at jetbrains.exodus.newLogConcept.garbageCollector.OperationLogGarbageCollector.moveAndRemoveRecordsFromLog(OperationLogGarbageCollector.java:69)
	at jetbrains.exodus.newLogConcept.garbageCollector.OperationLogGarbageCollector.clean(OperationLogGarbageCollector.java:51)
	at jetbrains.exodus.newLogConcept.MVCC.MVCCDataStructure.lambda$commitTransaction$1(MVCCDataStructure.java:297)
	at java.base/java.util.concurrent.Executors$RunnableAdapter.call(Executors.java:515)
	at java.base/java.util.concurrent.FutureTask.run(FutureTask.java:264)
	at java.base/java.util.concurrent.ThreadPoolExecutor.runWorker(ThreadPoolExecutor.java:1128)
	at java.base/java.util.concurrent.ThreadPoolExecutor$Worker.run(ThreadPoolExecutor.java:628)
	... 1 more
java.util.concurrent.ExecutionException: jetbrains.exodus.ExodusException
	at java.base/java.util.concurrent.FutureTask.report(FutureTask.java:122)
	at java.base/java.util.concurrent.FutureTask.get(FutureTask.java:191)
	at jetbrains.exodus.newLogConcept.MVCC.MVCCDataStructure.commitTransaction(MVCCDataStructure.java:299)
	at site.ycsb.db.XodusClient.insert(XodusClient.java:60)
	at site.ycsb.DBWrapper.insert(DBWrapper.java:227)
	at site.ycsb.workloads.CoreWorkload.doInsert(CoreWorkload.java:621)
	at site.ycsb.ClientThread.run(ClientThread.java:135)
	at java.base/java.lang.Thread.run(Thread.java:829)
Caused by: jetbrains.exodus.ExodusException
	at jetbrains.exodus.newLogConcept.garbageCollector.OperationLogGarbageCollector.moveAndRemoveRecordsFromLog(OperationLogGarbageCollector.java:69)
	at jetbrains.exodus.newLogConcept.garbageCollector.OperationLogGarbageCollector.clean(OperationLogGarbageCollector.java:51)
	at jetbrains.exodus.newLogConcept.MVCC.MVCCDataStructure.lambda$commitTransaction$1(MVCCDataStructure.java:297)
	at java.base/java.util.concurrent.Executors$RunnableAdapter.call(Executors.java:515)
	at java.base/java.util.concurrent.FutureTask.run(FutureTask.java:264)
	at java.base/java.util.concurrent.ThreadPoolExecutor.runWorker(ThreadPoolExecutor.java:1128)
	at java.base/java.util.concurrent.ThreadPoolExecutor$Worker.run(ThreadPoolExecutor.java:628)
	... 1 more
java.util.concurrent.ExecutionException: jetbrains.exodus.ExodusException
	at java.base/java.util.concurrent.FutureTask.report(FutureTask.java:122)
	at java.base/java.util.concurrent.FutureTask.get(FutureTask.java:191)
	at jetbrains.exodus.newLogConcept.MVCC.MVCCDataStructure.commitTransaction(MVCCDataStructure.java:299)
	at site.ycsb.db.XodusClient.insert(XodusClient.java:60)
	at site.ycsb.DBWrapper.insert(DBWrapper.java:227)
	at site.ycsb.workloads.CoreWorkload.doInsert(CoreWorkload.java:621)
	at site.ycsb.ClientThread.run(ClientThread.java:135)
	at java.base/java.lang.Thread.run(Thread.java:829)
Caused by: jetbrains.exodus.ExodusException
	at jetbrains.exodus.newLogConcept.garbageCollector.OperationLogGarbageCollector.moveAndRemoveRecordsFromLog(OperationLogGarbageCollector.java:69)
	at jetbrains.exodus.newLogConcept.garbageCollector.OperationLogGarbageCollector.clean(OperationLogGarbageCollector.java:51)
	at jetbrains.exodus.newLogConcept.MVCC.MVCCDataStructure.lambda$commitTransaction$1(MVCCDataStructure.java:297)
	at java.base/java.util.concurrent.Executors$RunnableAdapter.call(Executors.java:515)
	at java.base/java.util.concurrent.FutureTask.run(FutureTask.java:264)
	at java.base/java.util.concurrent.ThreadPoolExecutor.runWorker(ThreadPoolExecutor.java:1128)
	at java.base/java.util.concurrent.ThreadPoolExecutor$Worker.run(ThreadPoolExecutor.java:628)
	... 1 more
java.util.concurrent.ExecutionException: jetbrains.exodus.ExodusException
	at java.base/java.util.concurrent.FutureTask.report(FutureTask.java:122)
	at java.base/java.util.concurrent.FutureTask.get(FutureTask.java:191)
	at jetbrains.exodus.newLogConcept.MVCC.MVCCDataStructure.commitTransaction(MVCCDataStructure.java:299)
	at site.ycsb.db.XodusClient.insert(XodusClient.java:60)
	at site.ycsb.DBWrapper.insert(DBWrapper.java:227)
	at site.ycsb.workloads.CoreWorkload.doInsert(CoreWorkload.java:621)
	at site.ycsb.ClientThread.run(ClientThread.java:135)
	at java.base/java.lang.Thread.run(Thread.java:829)
Caused by: jetbrains.exodus.ExodusException
	at jetbrains.exodus.newLogConcept.garbageCollector.OperationLogGarbageCollector.moveAndRemoveRecordsFromLog(OperationLogGarbageCollector.java:69)
	at jetbrains.exodus.newLogConcept.garbageCollector.OperationLogGarbageCollector.clean(OperationLogGarbageCollector.java:51)
	at jetbrains.exodus.newLogConcept.MVCC.MVCCDataStructure.lambda$commitTransaction$1(MVCCDataStructure.java:297)
	at java.base/java.util.concurrent.Executors$RunnableAdapter.call(Executors.java:515)
	at java.base/java.util.concurrent.FutureTask.run(FutureTask.java:264)
	at java.base/java.util.concurrent.ThreadPoolExecutor.runWorker(ThreadPoolExecutor.java:1128)
	at java.base/java.util.concurrent.ThreadPoolExecutor$Worker.run(ThreadPoolExecutor.java:628)
	... 1 more
java.util.concurrent.ExecutionException: jetbrains.exodus.ExodusException
	at java.base/java.util.concurrent.FutureTask.report(FutureTask.java:122)
	at java.base/java.util.concurrent.FutureTask.get(FutureTask.java:191)
	at jetbrains.exodus.newLogConcept.MVCC.MVCCDataStructure.commitTransaction(MVCCDataStructure.java:299)
	at site.ycsb.db.XodusClient.insert(XodusClient.java:60)
	at site.ycsb.DBWrapper.insert(DBWrapper.java:227)
	at site.ycsb.workloads.CoreWorkload.doInsert(CoreWorkload.java:621)
	at site.ycsb.ClientThread.run(ClientThread.java:135)
	at java.base/java.lang.Thread.run(Thread.java:829)
Caused by: jetbrains.exodus.ExodusException
	at jetbrains.exodus.newLogConcept.garbageCollector.OperationLogGarbageCollector.moveAndRemoveRecordsFromLog(OperationLogGarbageCollector.java:69)
	at jetbrains.exodus.newLogConcept.garbageCollector.OperationLogGarbageCollector.clean(OperationLogGarbageCollector.java:51)
	at jetbrains.exodus.newLogConcept.MVCC.MVCCDataStructure.lambda$commitTransaction$1(MVCCDataStructure.java:297)
	at java.base/java.util.concurrent.Executors$RunnableAdapter.call(Executors.java:515)
	at java.base/java.util.concurrent.FutureTask.run(FutureTask.java:264)
	at java.base/java.util.concurrent.ThreadPoolExecutor.runWorker(ThreadPoolExecutor.java:1128)
	at java.base/java.util.concurrent.ThreadPoolExecutor$Worker.run(ThreadPoolExecutor.java:628)
	... 1 more
java.util.concurrent.ExecutionException: jetbrains.exodus.ExodusException
	at java.base/java.util.concurrent.FutureTask.report(FutureTask.java:122)
	at java.base/java.util.concurrent.FutureTask.get(FutureTask.java:191)
	at jetbrains.exodus.newLogConcept.MVCC.MVCCDataStructure.commitTransaction(MVCCDataStructure.java:299)
	at site.ycsb.db.XodusClient.insert(XodusClient.java:60)
	at site.ycsb.DBWrapper.insert(DBWrapper.java:227)
	at site.ycsb.workloads.CoreWorkload.doInsert(CoreWorkload.java:621)
	at site.ycsb.ClientThread.run(ClientThread.java:135)
	at java.base/java.lang.Thread.run(Thread.java:829)
Caused by: jetbrains.exodus.ExodusException
	at jetbrains.exodus.newLogConcept.garbageCollector.OperationLogGarbageCollector.moveAndRemoveRecordsFromLog(OperationLogGarbageCollector.java:69)
	at jetbrains.exodus.newLogConcept.garbageCollector.OperationLogGarbageCollector.clean(OperationLogGarbageCollector.java:51)
	at jetbrains.exodus.newLogConcept.MVCC.MVCCDataStructure.lambda$commitTransaction$1(MVCCDataStructure.java:297)
	at java.base/java.util.concurrent.Executors$RunnableAdapter.call(Executors.java:515)
	at java.base/java.util.concurrent.FutureTask.run(FutureTask.java:264)
	at java.base/java.util.concurrent.ThreadPoolExecutor.runWorker(ThreadPoolExecutor.java:1128)
	at java.base/java.util.concurrent.ThreadPoolExecutor$Worker.run(ThreadPoolExecutor.java:628)
	... 1 more
java.util.concurrent.ExecutionException: jetbrains.exodus.ExodusException
	at java.base/java.util.concurrent.FutureTask.report(FutureTask.java:122)
	at java.base/java.util.concurrent.FutureTask.get(FutureTask.java:191)
	at jetbrains.exodus.newLogConcept.MVCC.MVCCDataStructure.commitTransaction(MVCCDataStructure.java:299)
	at site.ycsb.db.XodusClient.insert(XodusClient.java:60)
	at site.ycsb.DBWrapper.insert(DBWrapper.java:227)
	at site.ycsb.workloads.CoreWorkload.doInsert(CoreWorkload.java:621)
	at site.ycsb.ClientThread.run(ClientThread.java:135)
	at java.base/java.lang.Thread.run(Thread.java:829)
Caused by: jetbrains.exodus.ExodusException
	at jetbrains.exodus.newLogConcept.garbageCollector.OperationLogGarbageCollector.moveAndRemoveRecordsFromLog(OperationLogGarbageCollector.java:69)
	at jetbrains.exodus.newLogConcept.garbageCollector.OperationLogGarbageCollector.clean(OperationLogGarbageCollector.java:51)
	at jetbrains.exodus.newLogConcept.MVCC.MVCCDataStructure.lambda$commitTransaction$1(MVCCDataStructure.java:297)
	at java.base/java.util.concurrent.Executors$RunnableAdapter.call(Executors.java:515)
	at java.base/java.util.concurrent.FutureTask.run(FutureTask.java:264)
	at java.base/java.util.concurrent.ThreadPoolExecutor.runWorker(ThreadPoolExecutor.java:1128)
	at java.base/java.util.concurrent.ThreadPoolExecutor$Worker.run(ThreadPoolExecutor.java:628)
	... 1 more
java.util.concurrent.ExecutionException: jetbrains.exodus.ExodusException
	at java.base/java.util.concurrent.FutureTask.report(FutureTask.java:122)
	at java.base/java.util.concurrent.FutureTask.get(FutureTask.java:191)
	at jetbrains.exodus.newLogConcept.MVCC.MVCCDataStructure.commitTransaction(MVCCDataStructure.java:299)
	at site.ycsb.db.XodusClient.insert(XodusClient.java:60)
	at site.ycsb.DBWrapper.insert(DBWrapper.java:227)
	at site.ycsb.workloads.CoreWorkload.doInsert(CoreWorkload.java:621)
	at site.ycsb.ClientThread.run(ClientThread.java:135)
	at java.base/java.lang.Thread.run(Thread.java:829)
Caused by: jetbrains.exodus.ExodusException
	at jetbrains.exodus.newLogConcept.garbageCollector.OperationLogGarbageCollector.moveAndRemoveRecordsFromLog(OperationLogGarbageCollector.java:69)
	at jetbrains.exodus.newLogConcept.garbageCollector.OperationLogGarbageCollector.clean(OperationLogGarbageCollector.java:51)
	at jetbrains.exodus.newLogConcept.MVCC.MVCCDataStructure.lambda$commitTransaction$1(MVCCDataStructure.java:297)
	at java.base/java.util.concurrent.Executors$RunnableAdapter.call(Executors.java:515)
	at java.base/java.util.concurrent.FutureTask.run(FutureTask.java:264)
	at java.base/java.util.concurrent.ThreadPoolExecutor.runWorker(ThreadPoolExecutor.java:1128)
	at java.base/java.util.concurrent.ThreadPoolExecutor$Worker.run(ThreadPoolExecutor.java:628)
	... 1 more
java.util.concurrent.ExecutionException: jetbrains.exodus.ExodusException
	at java.base/java.util.concurrent.FutureTask.report(FutureTask.java:122)
	at java.base/java.util.concurrent.FutureTask.get(FutureTask.java:191)
	at jetbrains.exodus.newLogConcept.MVCC.MVCCDataStructure.commitTransaction(MVCCDataStructure.java:299)
	at site.ycsb.db.XodusClient.insert(XodusClient.java:60)
	at site.ycsb.DBWrapper.insert(DBWrapper.java:227)
	at site.ycsb.workloads.CoreWorkload.doInsert(CoreWorkload.java:621)
	at site.ycsb.ClientThread.run(ClientThread.java:135)
	at java.base/java.lang.Thread.run(Thread.java:829)
Caused by: jetbrains.exodus.ExodusException
	at jetbrains.exodus.newLogConcept.garbageCollector.OperationLogGarbageCollector.moveAndRemoveRecordsFromLog(OperationLogGarbageCollector.java:69)
	at jetbrains.exodus.newLogConcept.garbageCollector.OperationLogGarbageCollector.clean(OperationLogGarbageCollector.java:51)
	at jetbrains.exodus.newLogConcept.MVCC.MVCCDataStructure.lambda$commitTransaction$1(MVCCDataStructure.java:297)
	at java.base/java.util.concurrent.Executors$RunnableAdapter.call(Executors.java:515)
	at java.base/java.util.concurrent.FutureTask.run(FutureTask.java:264)
	at java.base/java.util.concurrent.ThreadPoolExecutor.runWorker(ThreadPoolExecutor.java:1128)
	at java.base/java.util.concurrent.ThreadPoolExecutor$Worker.run(ThreadPoolExecutor.java:628)
	... 1 more
java.util.concurrent.ExecutionException: jetbrains.exodus.ExodusException
	at java.base/java.util.concurrent.FutureTask.report(FutureTask.java:122)
	at java.base/java.util.concurrent.FutureTask.get(FutureTask.java:191)
	at jetbrains.exodus.newLogConcept.MVCC.MVCCDataStructure.commitTransaction(MVCCDataStructure.java:299)
	at site.ycsb.db.XodusClient.insert(XodusClient.java:60)
	at site.ycsb.DBWrapper.insert(DBWrapper.java:227)
	at site.ycsb.workloads.CoreWorkload.doInsert(CoreWorkload.java:621)
	at site.ycsb.ClientThread.run(ClientThread.java:135)
	at java.base/java.lang.Thread.run(Thread.java:829)
Caused by: jetbrains.exodus.ExodusException
	at jetbrains.exodus.newLogConcept.garbageCollector.OperationLogGarbageCollector.moveAndRemoveRecordsFromLog(OperationLogGarbageCollector.java:69)
	at jetbrains.exodus.newLogConcept.garbageCollector.OperationLogGarbageCollector.clean(OperationLogGarbageCollector.java:51)
	at jetbrains.exodus.newLogConcept.MVCC.MVCCDataStructure.lambda$commitTransaction$1(MVCCDataStructure.java:297)
	at java.base/java.util.concurrent.Executors$RunnableAdapter.call(Executors.java:515)
	at java.base/java.util.concurrent.FutureTask.run(FutureTask.java:264)
	at java.base/java.util.concurrent.ThreadPoolExecutor.runWorker(ThreadPoolExecutor.java:1128)
	at java.base/java.util.concurrent.ThreadPoolExecutor$Worker.run(ThreadPoolExecutor.java:628)
	... 1 more
java.util.concurrent.ExecutionException: jetbrains.exodus.ExodusException
	at java.base/java.util.concurrent.FutureTask.report(FutureTask.java:122)
	at java.base/java.util.concurrent.FutureTask.get(FutureTask.java:191)
	at jetbrains.exodus.newLogConcept.MVCC.MVCCDataStructure.commitTransaction(MVCCDataStructure.java:299)
	at site.ycsb.db.XodusClient.insert(XodusClient.java:60)
	at site.ycsb.DBWrapper.insert(DBWrapper.java:227)
	at site.ycsb.workloads.CoreWorkload.doInsert(CoreWorkload.java:621)
	at site.ycsb.ClientThread.run(ClientThread.java:135)
	at java.base/java.lang.Thread.run(Thread.java:829)
Caused by: jetbrains.exodus.ExodusException
	at jetbrains.exodus.newLogConcept.garbageCollector.OperationLogGarbageCollector.moveAndRemoveRecordsFromLog(OperationLogGarbageCollector.java:69)
	at jetbrains.exodus.newLogConcept.garbageCollector.OperationLogGarbageCollector.clean(OperationLogGarbageCollector.java:51)
	at jetbrains.exodus.newLogConcept.MVCC.MVCCDataStructure.lambda$commitTransaction$1(MVCCDataStructure.java:297)
	at java.base/java.util.concurrent.Executors$RunnableAdapter.call(Executors.java:515)
	at java.base/java.util.concurrent.FutureTask.run(FutureTask.java:264)
	at java.base/java.util.concurrent.ThreadPoolExecutor.runWorker(ThreadPoolExecutor.java:1128)
	at java.base/java.util.concurrent.ThreadPoolExecutor$Worker.run(ThreadPoolExecutor.java:628)
	... 1 more
java.util.concurrent.ExecutionException: jetbrains.exodus.ExodusException
	at java.base/java.util.concurrent.FutureTask.report(FutureTask.java:122)
	at java.base/java.util.concurrent.FutureTask.get(FutureTask.java:191)
	at jetbrains.exodus.newLogConcept.MVCC.MVCCDataStructure.commitTransaction(MVCCDataStructure.java:299)
	at site.ycsb.db.XodusClient.insert(XodusClient.java:60)
	at site.ycsb.DBWrapper.insert(DBWrapper.java:227)
	at site.ycsb.workloads.CoreWorkload.doInsert(CoreWorkload.java:621)
	at site.ycsb.ClientThread.run(ClientThread.java:135)
	at java.base/java.lang.Thread.run(Thread.java:829)
Caused by: jetbrains.exodus.ExodusException
	at jetbrains.exodus.newLogConcept.garbageCollector.OperationLogGarbageCollector.moveAndRemoveRecordsFromLog(OperationLogGarbageCollector.java:69)
	at jetbrains.exodus.newLogConcept.garbageCollector.OperationLogGarbageCollector.clean(OperationLogGarbageCollector.java:51)
	at jetbrains.exodus.newLogConcept.MVCC.MVCCDataStructure.lambda$commitTransaction$1(MVCCDataStructure.java:297)
	at java.base/java.util.concurrent.Executors$RunnableAdapter.call(Executors.java:515)
	at java.base/java.util.concurrent.FutureTask.run(FutureTask.java:264)
	at java.base/java.util.concurrent.ThreadPoolExecutor.runWorker(ThreadPoolExecutor.java:1128)
	at java.base/java.util.concurrent.ThreadPoolExecutor$Worker.run(ThreadPoolExecutor.java:628)
	... 1 more
java.util.concurrent.ExecutionException: jetbrains.exodus.ExodusException
	at java.base/java.util.concurrent.FutureTask.report(FutureTask.java:122)
	at java.base/java.util.concurrent.FutureTask.get(FutureTask.java:191)
	at jetbrains.exodus.newLogConcept.MVCC.MVCCDataStructure.commitTransaction(MVCCDataStructure.java:299)
	at site.ycsb.db.XodusClient.insert(XodusClient.java:60)
	at site.ycsb.DBWrapper.insert(DBWrapper.java:227)
	at site.ycsb.workloads.CoreWorkload.doInsert(CoreWorkload.java:621)
	at site.ycsb.ClientThread.run(ClientThread.java:135)
	at java.base/java.lang.Thread.run(Thread.java:829)
Caused by: jetbrains.exodus.ExodusException
	at jetbrains.exodus.newLogConcept.garbageCollector.OperationLogGarbageCollector.moveAndRemoveRecordsFromLog(OperationLogGarbageCollector.java:69)
	at jetbrains.exodus.newLogConcept.garbageCollector.OperationLogGarbageCollector.clean(OperationLogGarbageCollector.java:51)
	at jetbrains.exodus.newLogConcept.MVCC.MVCCDataStructure.lambda$commitTransaction$1(MVCCDataStructure.java:297)
	at java.base/java.util.concurrent.Executors$RunnableAdapter.call(Executors.java:515)
	at java.base/java.util.concurrent.FutureTask.run(FutureTask.java:264)
	at java.base/java.util.concurrent.ThreadPoolExecutor.runWorker(ThreadPoolExecutor.java:1128)
	at java.base/java.util.concurrent.ThreadPoolExecutor$Worker.run(ThreadPoolExecutor.java:628)
	... 1 more
java.util.concurrent.ExecutionException: jetbrains.exodus.ExodusException
	at java.base/java.util.concurrent.FutureTask.report(FutureTask.java:122)
	at java.base/java.util.concurrent.FutureTask.get(FutureTask.java:191)
	at jetbrains.exodus.newLogConcept.MVCC.MVCCDataStructure.commitTransaction(MVCCDataStructure.java:299)
	at site.ycsb.db.XodusClient.insert(XodusClient.java:60)
	at site.ycsb.DBWrapper.insert(DBWrapper.java:227)
	at site.ycsb.workloads.CoreWorkload.doInsert(CoreWorkload.java:621)
	at site.ycsb.ClientThread.run(ClientThread.java:135)
	at java.base/java.lang.Thread.run(Thread.java:829)
Caused by: jetbrains.exodus.ExodusException
	at jetbrains.exodus.newLogConcept.garbageCollector.OperationLogGarbageCollector.moveAndRemoveRecordsFromLog(OperationLogGarbageCollector.java:69)
	at jetbrains.exodus.newLogConcept.garbageCollector.OperationLogGarbageCollector.clean(OperationLogGarbageCollector.java:51)
	at jetbrains.exodus.newLogConcept.MVCC.MVCCDataStructure.lambda$commitTransaction$1(MVCCDataStructure.java:297)
	at java.base/java.util.concurrent.Executors$RunnableAdapter.call(Executors.java:515)
	at java.base/java.util.concurrent.FutureTask.run(FutureTask.java:264)
	at java.base/java.util.concurrent.ThreadPoolExecutor.runWorker(ThreadPoolExecutor.java:1128)
	at java.base/java.util.concurrent.ThreadPoolExecutor$Worker.run(ThreadPoolExecutor.java:628)
	... 1 more
java.util.concurrent.ExecutionException: jetbrains.exodus.ExodusException
	at java.base/java.util.concurrent.FutureTask.report(FutureTask.java:122)
	at java.base/java.util.concurrent.FutureTask.get(FutureTask.java:191)
	at jetbrains.exodus.newLogConcept.MVCC.MVCCDataStructure.commitTransaction(MVCCDataStructure.java:299)
	at site.ycsb.db.XodusClient.insert(XodusClient.java:60)
	at site.ycsb.DBWrapper.insert(DBWrapper.java:227)
	at site.ycsb.workloads.CoreWorkload.doInsert(CoreWorkload.java:621)
	at site.ycsb.ClientThread.run(ClientThread.java:135)
	at java.base/java.lang.Thread.run(Thread.java:829)
Caused by: jetbrains.exodus.ExodusException
	at jetbrains.exodus.newLogConcept.garbageCollector.OperationLogGarbageCollector.moveAndRemoveRecordsFromLog(OperationLogGarbageCollector.java:69)
	at jetbrains.exodus.newLogConcept.garbageCollector.OperationLogGarbageCollector.clean(OperationLogGarbageCollector.java:51)
	at jetbrains.exodus.newLogConcept.MVCC.MVCCDataStructure.lambda$commitTransaction$1(MVCCDataStructure.java:297)
	at java.base/java.util.concurrent.Executors$RunnableAdapter.call(Executors.java:515)
	at java.base/java.util.concurrent.FutureTask.run(FutureTask.java:264)
	at java.base/java.util.concurrent.ThreadPoolExecutor.runWorker(ThreadPoolExecutor.java:1128)
	at java.base/java.util.concurrent.ThreadPoolExecutor$Worker.run(ThreadPoolExecutor.java:628)
	... 1 more
java.util.concurrent.ExecutionException: jetbrains.exodus.ExodusException
	at java.base/java.util.concurrent.FutureTask.report(FutureTask.java:122)
	at java.base/java.util.concurrent.FutureTask.get(FutureTask.java:191)
	at jetbrains.exodus.newLogConcept.MVCC.MVCCDataStructure.commitTransaction(MVCCDataStructure.java:299)
	at site.ycsb.db.XodusClient.insert(XodusClient.java:60)
	at site.ycsb.DBWrapper.insert(DBWrapper.java:227)
	at site.ycsb.workloads.CoreWorkload.doInsert(CoreWorkload.java:621)
	at site.ycsb.ClientThread.run(ClientThread.java:135)
	at java.base/java.lang.Thread.run(Thread.java:829)
Caused by: jetbrains.exodus.ExodusException
	at jetbrains.exodus.newLogConcept.garbageCollector.OperationLogGarbageCollector.moveAndRemoveRecordsFromLog(OperationLogGarbageCollector.java:69)
	at jetbrains.exodus.newLogConcept.garbageCollector.OperationLogGarbageCollector.clean(OperationLogGarbageCollector.java:51)
	at jetbrains.exodus.newLogConcept.MVCC.MVCCDataStructure.lambda$commitTransaction$1(MVCCDataStructure.java:297)
	at java.base/java.util.concurrent.Executors$RunnableAdapter.call(Executors.java:515)
	at java.base/java.util.concurrent.FutureTask.run(FutureTask.java:264)
	at java.base/java.util.concurrent.ThreadPoolExecutor.runWorker(ThreadPoolExecutor.java:1128)
	at java.base/java.util.concurrent.ThreadPoolExecutor$Worker.run(ThreadPoolExecutor.java:628)
	... 1 more
java.util.concurrent.ExecutionException: jetbrains.exodus.ExodusException
	at java.base/java.util.concurrent.FutureTask.report(FutureTask.java:122)
	at java.base/java.util.concurrent.FutureTask.get(FutureTask.java:191)
	at jetbrains.exodus.newLogConcept.MVCC.MVCCDataStructure.commitTransaction(MVCCDataStructure.java:299)
	at site.ycsb.db.XodusClient.insert(XodusClient.java:60)
	at site.ycsb.DBWrapper.insert(DBWrapper.java:227)
	at site.ycsb.workloads.CoreWorkload.doInsert(CoreWorkload.java:621)
	at site.ycsb.ClientThread.run(ClientThread.java:135)
	at java.base/java.lang.Thread.run(Thread.java:829)
Caused by: jetbrains.exodus.ExodusException
	at jetbrains.exodus.newLogConcept.garbageCollector.OperationLogGarbageCollector.moveAndRemoveRecordsFromLog(OperationLogGarbageCollector.java:69)
	at jetbrains.exodus.newLogConcept.garbageCollector.OperationLogGarbageCollector.clean(OperationLogGarbageCollector.java:51)
	at jetbrains.exodus.newLogConcept.MVCC.MVCCDataStructure.lambda$commitTransaction$1(MVCCDataStructure.java:297)
	at java.base/java.util.concurrent.Executors$RunnableAdapter.call(Executors.java:515)
	at java.base/java.util.concurrent.FutureTask.run(FutureTask.java:264)
	at java.base/java.util.concurrent.ThreadPoolExecutor.runWorker(ThreadPoolExecutor.java:1128)
	at java.base/java.util.concurrent.ThreadPoolExecutor$Worker.run(ThreadPoolExecutor.java:628)
	... 1 more
java.util.concurrent.ExecutionException: jetbrains.exodus.ExodusException
	at java.base/java.util.concurrent.FutureTask.report(FutureTask.java:122)
	at java.base/java.util.concurrent.FutureTask.get(FutureTask.java:191)
	at jetbrains.exodus.newLogConcept.MVCC.MVCCDataStructure.commitTransaction(MVCCDataStructure.java:299)
	at site.ycsb.db.XodusClient.insert(XodusClient.java:60)
	at site.ycsb.DBWrapper.insert(DBWrapper.java:227)
	at site.ycsb.workloads.CoreWorkload.doInsert(CoreWorkload.java:621)
	at site.ycsb.ClientThread.run(ClientThread.java:135)
	at java.base/java.lang.Thread.run(Thread.java:829)
Caused by: jetbrains.exodus.ExodusException
	at jetbrains.exodus.newLogConcept.garbageCollector.OperationLogGarbageCollector.moveAndRemoveRecordsFromLog(OperationLogGarbageCollector.java:69)
	at jetbrains.exodus.newLogConcept.garbageCollector.OperationLogGarbageCollector.clean(OperationLogGarbageCollector.java:51)
	at jetbrains.exodus.newLogConcept.MVCC.MVCCDataStructure.lambda$commitTransaction$1(MVCCDataStructure.java:297)
	at java.base/java.util.concurrent.Executors$RunnableAdapter.call(Executors.java:515)
	at java.base/java.util.concurrent.FutureTask.run(FutureTask.java:264)
	at java.base/java.util.concurrent.ThreadPoolExecutor.runWorker(ThreadPoolExecutor.java:1128)
	at java.base/java.util.concurrent.ThreadPoolExecutor$Worker.run(ThreadPoolExecutor.java:628)
	... 1 more
java.util.concurrent.ExecutionException: jetbrains.exodus.ExodusException
	at java.base/java.util.concurrent.FutureTask.report(FutureTask.java:122)
	at java.base/java.util.concurrent.FutureTask.get(FutureTask.java:191)
	at jetbrains.exodus.newLogConcept.MVCC.MVCCDataStructure.commitTransaction(MVCCDataStructure.java:299)
	at site.ycsb.db.XodusClient.insert(XodusClient.java:60)
	at site.ycsb.DBWrapper.insert(DBWrapper.java:227)
	at site.ycsb.workloads.CoreWorkload.doInsert(CoreWorkload.java:621)
	at site.ycsb.ClientThread.run(ClientThread.java:135)
	at java.base/java.lang.Thread.run(Thread.java:829)
Caused by: jetbrains.exodus.ExodusException
	at jetbrains.exodus.newLogConcept.garbageCollector.OperationLogGarbageCollector.moveAndRemoveRecordsFromLog(OperationLogGarbageCollector.java:69)
	at jetbrains.exodus.newLogConcept.garbageCollector.OperationLogGarbageCollector.clean(OperationLogGarbageCollector.java:51)
	at jetbrains.exodus.newLogConcept.MVCC.MVCCDataStructure.lambda$commitTransaction$1(MVCCDataStructure.java:297)
	at java.base/java.util.concurrent.Executors$RunnableAdapter.call(Executors.java:515)
	at java.base/java.util.concurrent.FutureTask.run(FutureTask.java:264)
	at java.base/java.util.concurrent.ThreadPoolExecutor.runWorker(ThreadPoolExecutor.java:1128)
	at java.base/java.util.concurrent.ThreadPoolExecutor$Worker.run(ThreadPoolExecutor.java:628)
	... 1 more
java.util.concurrent.ExecutionException: jetbrains.exodus.ExodusException
	at java.base/java.util.concurrent.FutureTask.report(FutureTask.java:122)
	at java.base/java.util.concurrent.FutureTask.get(FutureTask.java:191)
	at jetbrains.exodus.newLogConcept.MVCC.MVCCDataStructure.commitTransaction(MVCCDataStructure.java:299)
	at site.ycsb.db.XodusClient.insert(XodusClient.java:60)
	at site.ycsb.DBWrapper.insert(DBWrapper.java:227)
	at site.ycsb.workloads.CoreWorkload.doInsert(CoreWorkload.java:621)
	at site.ycsb.ClientThread.run(ClientThread.java:135)
	at java.base/java.lang.Thread.run(Thread.java:829)
Caused by: jetbrains.exodus.ExodusException
	at jetbrains.exodus.newLogConcept.garbageCollector.OperationLogGarbageCollector.moveAndRemoveRecordsFromLog(OperationLogGarbageCollector.java:69)
	at jetbrains.exodus.newLogConcept.garbageCollector.OperationLogGarbageCollector.clean(OperationLogGarbageCollector.java:51)
	at jetbrains.exodus.newLogConcept.MVCC.MVCCDataStructure.lambda$commitTransaction$1(MVCCDataStructure.java:297)
	at java.base/java.util.concurrent.Executors$RunnableAdapter.call(Executors.java:515)
	at java.base/java.util.concurrent.FutureTask.run(FutureTask.java:264)
	at java.base/java.util.concurrent.ThreadPoolExecutor.runWorker(ThreadPoolExecutor.java:1128)
	at java.base/java.util.concurrent.ThreadPoolExecutor$Worker.run(ThreadPoolExecutor.java:628)
	... 1 more
java.util.concurrent.ExecutionException: jetbrains.exodus.ExodusException
	at java.base/java.util.concurrent.FutureTask.report(FutureTask.java:122)
	at java.base/java.util.concurrent.FutureTask.get(FutureTask.java:191)
	at jetbrains.exodus.newLogConcept.MVCC.MVCCDataStructure.commitTransaction(MVCCDataStructure.java:299)
	at site.ycsb.db.XodusClient.insert(XodusClient.java:60)
	at site.ycsb.DBWrapper.insert(DBWrapper.java:227)
	at site.ycsb.workloads.CoreWorkload.doInsert(CoreWorkload.java:621)
	at site.ycsb.ClientThread.run(ClientThread.java:135)
	at java.base/java.lang.Thread.run(Thread.java:829)
Caused by: jetbrains.exodus.ExodusException
	at jetbrains.exodus.newLogConcept.garbageCollector.OperationLogGarbageCollector.moveAndRemoveRecordsFromLog(OperationLogGarbageCollector.java:69)
	at jetbrains.exodus.newLogConcept.garbageCollector.OperationLogGarbageCollector.clean(OperationLogGarbageCollector.java:51)
	at jetbrains.exodus.newLogConcept.MVCC.MVCCDataStructure.lambda$commitTransaction$1(MVCCDataStructure.java:297)
	at java.base/java.util.concurrent.Executors$RunnableAdapter.call(Executors.java:515)
	at java.base/java.util.concurrent.FutureTask.run(FutureTask.java:264)
	at java.base/java.util.concurrent.ThreadPoolExecutor.runWorker(ThreadPoolExecutor.java:1128)
	at java.base/java.util.concurrent.ThreadPoolExecutor$Worker.run(ThreadPoolExecutor.java:628)
	... 1 more
java.util.concurrent.ExecutionException: jetbrains.exodus.ExodusException
	at java.base/java.util.concurrent.FutureTask.report(FutureTask.java:122)
	at java.base/java.util.concurrent.FutureTask.get(FutureTask.java:191)
	at jetbrains.exodus.newLogConcept.MVCC.MVCCDataStructure.commitTransaction(MVCCDataStructure.java:299)
	at site.ycsb.db.XodusClient.insert(XodusClient.java:60)
	at site.ycsb.DBWrapper.insert(DBWrapper.java:227)
	at site.ycsb.workloads.CoreWorkload.doInsert(CoreWorkload.java:621)
	at site.ycsb.ClientThread.run(ClientThread.java:135)
	at java.base/java.lang.Thread.run(Thread.java:829)
Caused by: jetbrains.exodus.ExodusException
	at jetbrains.exodus.newLogConcept.garbageCollector.OperationLogGarbageCollector.moveAndRemoveRecordsFromLog(OperationLogGarbageCollector.java:69)
	at jetbrains.exodus.newLogConcept.garbageCollector.OperationLogGarbageCollector.clean(OperationLogGarbageCollector.java:51)
	at jetbrains.exodus.newLogConcept.MVCC.MVCCDataStructure.lambda$commitTransaction$1(MVCCDataStructure.java:297)
	at java.base/java.util.concurrent.Executors$RunnableAdapter.call(Executors.java:515)
	at java.base/java.util.concurrent.FutureTask.run(FutureTask.java:264)
	at java.base/java.util.concurrent.ThreadPoolExecutor.runWorker(ThreadPoolExecutor.java:1128)
	at java.base/java.util.concurrent.ThreadPoolExecutor$Worker.run(ThreadPoolExecutor.java:628)
	... 1 more
java.util.concurrent.ExecutionException: jetbrains.exodus.ExodusException
	at java.base/java.util.concurrent.FutureTask.report(FutureTask.java:122)
	at java.base/java.util.concurrent.FutureTask.get(FutureTask.java:191)
	at jetbrains.exodus.newLogConcept.MVCC.MVCCDataStructure.commitTransaction(MVCCDataStructure.java:299)
	at site.ycsb.db.XodusClient.insert(XodusClient.java:60)
	at site.ycsb.DBWrapper.insert(DBWrapper.java:227)
	at site.ycsb.workloads.CoreWorkload.doInsert(CoreWorkload.java:621)
	at site.ycsb.ClientThread.run(ClientThread.java:135)
	at java.base/java.lang.Thread.run(Thread.java:829)
Caused by: jetbrains.exodus.ExodusException
	at jetbrains.exodus.newLogConcept.garbageCollector.OperationLogGarbageCollector.moveAndRemoveRecordsFromLog(OperationLogGarbageCollector.java:69)
	at jetbrains.exodus.newLogConcept.garbageCollector.OperationLogGarbageCollector.clean(OperationLogGarbageCollector.java:51)
	at jetbrains.exodus.newLogConcept.MVCC.MVCCDataStructure.lambda$commitTransaction$1(MVCCDataStructure.java:297)
	at java.base/java.util.concurrent.Executors$RunnableAdapter.call(Executors.java:515)
	at java.base/java.util.concurrent.FutureTask.run(FutureTask.java:264)
	at java.base/java.util.concurrent.ThreadPoolExecutor.runWorker(ThreadPoolExecutor.java:1128)
	at java.base/java.util.concurrent.ThreadPoolExecutor$Worker.run(ThreadPoolExecutor.java:628)
	... 1 more
java.util.concurrent.ExecutionException: jetbrains.exodus.ExodusException
	at java.base/java.util.concurrent.FutureTask.report(FutureTask.java:122)
	at java.base/java.util.concurrent.FutureTask.get(FutureTask.java:191)
	at jetbrains.exodus.newLogConcept.MVCC.MVCCDataStructure.commitTransaction(MVCCDataStructure.java:299)
	at site.ycsb.db.XodusClient.insert(XodusClient.java:60)
	at site.ycsb.DBWrapper.insert(DBWrapper.java:227)
	at site.ycsb.workloads.CoreWorkload.doInsert(CoreWorkload.java:621)
	at site.ycsb.ClientThread.run(ClientThread.java:135)
	at java.base/java.lang.Thread.run(Thread.java:829)
Caused by: jetbrains.exodus.ExodusException
	at jetbrains.exodus.newLogConcept.garbageCollector.OperationLogGarbageCollector.moveAndRemoveRecordsFromLog(OperationLogGarbageCollector.java:69)
	at jetbrains.exodus.newLogConcept.garbageCollector.OperationLogGarbageCollector.clean(OperationLogGarbageCollector.java:51)
	at jetbrains.exodus.newLogConcept.MVCC.MVCCDataStructure.lambda$commitTransaction$1(MVCCDataStructure.java:297)
	at java.base/java.util.concurrent.Executors$RunnableAdapter.call(Executors.java:515)
	at java.base/java.util.concurrent.FutureTask.run(FutureTask.java:264)
	at java.base/java.util.concurrent.ThreadPoolExecutor.runWorker(ThreadPoolExecutor.java:1128)
	at java.base/java.util.concurrent.ThreadPoolExecutor$Worker.run(ThreadPoolExecutor.java:628)
	... 1 more
java.util.concurrent.ExecutionException: jetbrains.exodus.ExodusException
	at java.base/java.util.concurrent.FutureTask.report(FutureTask.java:122)
	at java.base/java.util.concurrent.FutureTask.get(FutureTask.java:191)
	at jetbrains.exodus.newLogConcept.MVCC.MVCCDataStructure.commitTransaction(MVCCDataStructure.java:299)
	at site.ycsb.db.XodusClient.insert(XodusClient.java:60)
	at site.ycsb.DBWrapper.insert(DBWrapper.java:227)
	at site.ycsb.workloads.CoreWorkload.doInsert(CoreWorkload.java:621)
	at site.ycsb.ClientThread.run(ClientThread.java:135)
	at java.base/java.lang.Thread.run(Thread.java:829)
Caused by: jetbrains.exodus.ExodusException
	at jetbrains.exodus.newLogConcept.garbageCollector.OperationLogGarbageCollector.moveAndRemoveRecordsFromLog(OperationLogGarbageCollector.java:69)
	at jetbrains.exodus.newLogConcept.garbageCollector.OperationLogGarbageCollector.clean(OperationLogGarbageCollector.java:51)
	at jetbrains.exodus.newLogConcept.MVCC.MVCCDataStructure.lambda$commitTransaction$1(MVCCDataStructure.java:297)
	at java.base/java.util.concurrent.Executors$RunnableAdapter.call(Executors.java:515)
	at java.base/java.util.concurrent.FutureTask.run(FutureTask.java:264)
	at java.base/java.util.concurrent.ThreadPoolExecutor.runWorker(ThreadPoolExecutor.java:1128)
	at java.base/java.util.concurrent.ThreadPoolExecutor$Worker.run(ThreadPoolExecutor.java:628)
	... 1 more
java.util.concurrent.ExecutionException: jetbrains.exodus.ExodusException
	at java.base/java.util.concurrent.FutureTask.report(FutureTask.java:122)
	at java.base/java.util.concurrent.FutureTask.get(FutureTask.java:191)
	at jetbrains.exodus.newLogConcept.MVCC.MVCCDataStructure.commitTransaction(MVCCDataStructure.java:299)
	at site.ycsb.db.XodusClient.insert(XodusClient.java:60)
	at site.ycsb.DBWrapper.insert(DBWrapper.java:227)
	at site.ycsb.workloads.CoreWorkload.doInsert(CoreWorkload.java:621)
	at site.ycsb.ClientThread.run(ClientThread.java:135)
	at java.base/java.lang.Thread.run(Thread.java:829)
Caused by: jetbrains.exodus.ExodusException
	at jetbrains.exodus.newLogConcept.garbageCollector.OperationLogGarbageCollector.moveAndRemoveRecordsFromLog(OperationLogGarbageCollector.java:69)
	at jetbrains.exodus.newLogConcept.garbageCollector.OperationLogGarbageCollector.clean(OperationLogGarbageCollector.java:51)
	at jetbrains.exodus.newLogConcept.MVCC.MVCCDataStructure.lambda$commitTransaction$1(MVCCDataStructure.java:297)
	at java.base/java.util.concurrent.Executors$RunnableAdapter.call(Executors.java:515)
	at java.base/java.util.concurrent.FutureTask.run(FutureTask.java:264)
	at java.base/java.util.concurrent.ThreadPoolExecutor.runWorker(ThreadPoolExecutor.java:1128)
	at java.base/java.util.concurrent.ThreadPoolExecutor$Worker.run(ThreadPoolExecutor.java:628)
	... 1 more
java.util.concurrent.ExecutionException: jetbrains.exodus.ExodusException
	at java.base/java.util.concurrent.FutureTask.report(FutureTask.java:122)
	at java.base/java.util.concurrent.FutureTask.get(FutureTask.java:191)
	at jetbrains.exodus.newLogConcept.MVCC.MVCCDataStructure.commitTransaction(MVCCDataStructure.java:299)
	at site.ycsb.db.XodusClient.insert(XodusClient.java:60)
	at site.ycsb.DBWrapper.insert(DBWrapper.java:227)
	at site.ycsb.workloads.CoreWorkload.doInsert(CoreWorkload.java:621)
	at site.ycsb.ClientThread.run(ClientThread.java:135)
	at java.base/java.lang.Thread.run(Thread.java:829)
Caused by: jetbrains.exodus.ExodusException
	at jetbrains.exodus.newLogConcept.garbageCollector.OperationLogGarbageCollector.moveAndRemoveRecordsFromLog(OperationLogGarbageCollector.java:69)
	at jetbrains.exodus.newLogConcept.garbageCollector.OperationLogGarbageCollector.clean(OperationLogGarbageCollector.java:51)
	at jetbrains.exodus.newLogConcept.MVCC.MVCCDataStructure.lambda$commitTransaction$1(MVCCDataStructure.java:297)
	at java.base/java.util.concurrent.Executors$RunnableAdapter.call(Executors.java:515)
	at java.base/java.util.concurrent.FutureTask.run(FutureTask.java:264)
	at java.base/java.util.concurrent.ThreadPoolExecutor.runWorker(ThreadPoolExecutor.java:1128)
	at java.base/java.util.concurrent.ThreadPoolExecutor$Worker.run(ThreadPoolExecutor.java:628)
	... 1 more
java.util.concurrent.ExecutionException: jetbrains.exodus.ExodusException
	at java.base/java.util.concurrent.FutureTask.report(FutureTask.java:122)
	at java.base/java.util.concurrent.FutureTask.get(FutureTask.java:191)
	at jetbrains.exodus.newLogConcept.MVCC.MVCCDataStructure.commitTransaction(MVCCDataStructure.java:299)
	at site.ycsb.db.XodusClient.insert(XodusClient.java:60)
	at site.ycsb.DBWrapper.insert(DBWrapper.java:227)
	at site.ycsb.workloads.CoreWorkload.doInsert(CoreWorkload.java:621)
	at site.ycsb.ClientThread.run(ClientThread.java:135)
	at java.base/java.lang.Thread.run(Thread.java:829)
Caused by: jetbrains.exodus.ExodusException
	at jetbrains.exodus.newLogConcept.garbageCollector.OperationLogGarbageCollector.moveAndRemoveRecordsFromLog(OperationLogGarbageCollector.java:69)
	at jetbrains.exodus.newLogConcept.garbageCollector.OperationLogGarbageCollector.clean(OperationLogGarbageCollector.java:51)
	at jetbrains.exodus.newLogConcept.MVCC.MVCCDataStructure.lambda$commitTransaction$1(MVCCDataStructure.java:297)
	at java.base/java.util.concurrent.Executors$RunnableAdapter.call(Executors.java:515)
	at java.base/java.util.concurrent.FutureTask.run(FutureTask.java:264)
	at java.base/java.util.concurrent.ThreadPoolExecutor.runWorker(ThreadPoolExecutor.java:1128)
	at java.base/java.util.concurrent.ThreadPoolExecutor$Worker.run(ThreadPoolExecutor.java:628)
	... 1 more
java.util.concurrent.ExecutionException: jetbrains.exodus.ExodusException
	at java.base/java.util.concurrent.FutureTask.report(FutureTask.java:122)
	at java.base/java.util.concurrent.FutureTask.get(FutureTask.java:191)
	at jetbrains.exodus.newLogConcept.MVCC.MVCCDataStructure.commitTransaction(MVCCDataStructure.java:299)
	at site.ycsb.db.XodusClient.insert(XodusClient.java:60)
	at site.ycsb.DBWrapper.insert(DBWrapper.java:227)
	at site.ycsb.workloads.CoreWorkload.doInsert(CoreWorkload.java:621)
	at site.ycsb.ClientThread.run(ClientThread.java:135)
	at java.base/java.lang.Thread.run(Thread.java:829)
Caused by: jetbrains.exodus.ExodusException
	at jetbrains.exodus.newLogConcept.garbageCollector.OperationLogGarbageCollector.moveAndRemoveRecordsFromLog(OperationLogGarbageCollector.java:69)
	at jetbrains.exodus.newLogConcept.garbageCollector.OperationLogGarbageCollector.clean(OperationLogGarbageCollector.java:51)
	at jetbrains.exodus.newLogConcept.MVCC.MVCCDataStructure.lambda$commitTransaction$1(MVCCDataStructure.java:297)
	at java.base/java.util.concurrent.Executors$RunnableAdapter.call(Executors.java:515)
	at java.base/java.util.concurrent.FutureTask.run(FutureTask.java:264)
	at java.base/java.util.concurrent.ThreadPoolExecutor.runWorker(ThreadPoolExecutor.java:1128)
	at java.base/java.util.concurrent.ThreadPoolExecutor$Worker.run(ThreadPoolExecutor.java:628)
	... 1 more
java.util.concurrent.ExecutionException: jetbrains.exodus.ExodusException
	at java.base/java.util.concurrent.FutureTask.report(FutureTask.java:122)
	at java.base/java.util.concurrent.FutureTask.get(FutureTask.java:191)
	at jetbrains.exodus.newLogConcept.MVCC.MVCCDataStructure.commitTransaction(MVCCDataStructure.java:299)
	at site.ycsb.db.XodusClient.insert(XodusClient.java:60)
	at site.ycsb.DBWrapper.insert(DBWrapper.java:227)
	at site.ycsb.workloads.CoreWorkload.doInsert(CoreWorkload.java:621)
	at site.ycsb.ClientThread.run(ClientThread.java:135)
	at java.base/java.lang.Thread.run(Thread.java:829)
Caused by: jetbrains.exodus.ExodusException
	at jetbrains.exodus.newLogConcept.garbageCollector.OperationLogGarbageCollector.moveAndRemoveRecordsFromLog(OperationLogGarbageCollector.java:69)
	at jetbrains.exodus.newLogConcept.garbageCollector.OperationLogGarbageCollector.clean(OperationLogGarbageCollector.java:51)
	at jetbrains.exodus.newLogConcept.MVCC.MVCCDataStructure.lambda$commitTransaction$1(MVCCDataStructure.java:297)
	at java.base/java.util.concurrent.Executors$RunnableAdapter.call(Executors.java:515)
	at java.base/java.util.concurrent.FutureTask.run(FutureTask.java:264)
	at java.base/java.util.concurrent.ThreadPoolExecutor.runWorker(ThreadPoolExecutor.java:1128)
	at java.base/java.util.concurrent.ThreadPoolExecutor$Worker.run(ThreadPoolExecutor.java:628)
	... 1 more
java.util.concurrent.ExecutionException: jetbrains.exodus.ExodusException
	at java.base/java.util.concurrent.FutureTask.report(FutureTask.java:122)
	at java.base/java.util.concurrent.FutureTask.get(FutureTask.java:191)
	at jetbrains.exodus.newLogConcept.MVCC.MVCCDataStructure.commitTransaction(MVCCDataStructure.java:299)
	at site.ycsb.db.XodusClient.insert(XodusClient.java:60)
	at site.ycsb.DBWrapper.insert(DBWrapper.java:227)
	at site.ycsb.workloads.CoreWorkload.doInsert(CoreWorkload.java:621)
	at site.ycsb.ClientThread.run(ClientThread.java:135)
	at java.base/java.lang.Thread.run(Thread.java:829)
Caused by: jetbrains.exodus.ExodusException
	at jetbrains.exodus.newLogConcept.garbageCollector.OperationLogGarbageCollector.moveAndRemoveRecordsFromLog(OperationLogGarbageCollector.java:69)
	at jetbrains.exodus.newLogConcept.garbageCollector.OperationLogGarbageCollector.clean(OperationLogGarbageCollector.java:51)
	at jetbrains.exodus.newLogConcept.MVCC.MVCCDataStructure.lambda$commitTransaction$1(MVCCDataStructure.java:297)
	at java.base/java.util.concurrent.Executors$RunnableAdapter.call(Executors.java:515)
	at java.base/java.util.concurrent.FutureTask.run(FutureTask.java:264)
	at java.base/java.util.concurrent.ThreadPoolExecutor.runWorker(ThreadPoolExecutor.java:1128)
	at java.base/java.util.concurrent.ThreadPoolExecutor$Worker.run(ThreadPoolExecutor.java:628)
	... 1 more
java.util.concurrent.ExecutionException: jetbrains.exodus.ExodusException
	at java.base/java.util.concurrent.FutureTask.report(FutureTask.java:122)
	at java.base/java.util.concurrent.FutureTask.get(FutureTask.java:191)
	at jetbrains.exodus.newLogConcept.MVCC.MVCCDataStructure.commitTransaction(MVCCDataStructure.java:299)
	at site.ycsb.db.XodusClient.insert(XodusClient.java:60)
	at site.ycsb.DBWrapper.insert(DBWrapper.java:227)
	at site.ycsb.workloads.CoreWorkload.doInsert(CoreWorkload.java:621)
	at site.ycsb.ClientThread.run(ClientThread.java:135)
	at java.base/java.lang.Thread.run(Thread.java:829)
Caused by: jetbrains.exodus.ExodusException
	at jetbrains.exodus.newLogConcept.garbageCollector.OperationLogGarbageCollector.moveAndRemoveRecordsFromLog(OperationLogGarbageCollector.java:69)
	at jetbrains.exodus.newLogConcept.garbageCollector.OperationLogGarbageCollector.clean(OperationLogGarbageCollector.java:51)
	at jetbrains.exodus.newLogConcept.MVCC.MVCCDataStructure.lambda$commitTransaction$1(MVCCDataStructure.java:297)
	at java.base/java.util.concurrent.Executors$RunnableAdapter.call(Executors.java:515)
	at java.base/java.util.concurrent.FutureTask.run(FutureTask.java:264)
	at java.base/java.util.concurrent.ThreadPoolExecutor.runWorker(ThreadPoolExecutor.java:1128)
	at java.base/java.util.concurrent.ThreadPoolExecutor$Worker.run(ThreadPoolExecutor.java:628)
	... 1 more
java.util.concurrent.ExecutionException: jetbrains.exodus.ExodusException
	at java.base/java.util.concurrent.FutureTask.report(FutureTask.java:122)
	at java.base/java.util.concurrent.FutureTask.get(FutureTask.java:191)
	at jetbrains.exodus.newLogConcept.MVCC.MVCCDataStructure.commitTransaction(MVCCDataStructure.java:299)
	at site.ycsb.db.XodusClient.insert(XodusClient.java:60)
	at site.ycsb.DBWrapper.insert(DBWrapper.java:227)
	at site.ycsb.workloads.CoreWorkload.doInsert(CoreWorkload.java:621)
	at site.ycsb.ClientThread.run(ClientThread.java:135)
	at java.base/java.lang.Thread.run(Thread.java:829)
Caused by: jetbrains.exodus.ExodusException
	at jetbrains.exodus.newLogConcept.garbageCollector.OperationLogGarbageCollector.moveAndRemoveRecordsFromLog(OperationLogGarbageCollector.java:69)
	at jetbrains.exodus.newLogConcept.garbageCollector.OperationLogGarbageCollector.clean(OperationLogGarbageCollector.java:51)
	at jetbrains.exodus.newLogConcept.MVCC.MVCCDataStructure.lambda$commitTransaction$1(MVCCDataStructure.java:297)
	at java.base/java.util.concurrent.Executors$RunnableAdapter.call(Executors.java:515)
	at java.base/java.util.concurrent.FutureTask.run(FutureTask.java:264)
	at java.base/java.util.concurrent.ThreadPoolExecutor.runWorker(ThreadPoolExecutor.java:1128)
	at java.base/java.util.concurrent.ThreadPoolExecutor$Worker.run(ThreadPoolExecutor.java:628)
	... 1 more
java.util.concurrent.ExecutionException: jetbrains.exodus.ExodusException
	at java.base/java.util.concurrent.FutureTask.report(FutureTask.java:122)
	at java.base/java.util.concurrent.FutureTask.get(FutureTask.java:191)
	at jetbrains.exodus.newLogConcept.MVCC.MVCCDataStructure.commitTransaction(MVCCDataStructure.java:299)
	at site.ycsb.db.XodusClient.insert(XodusClient.java:60)
	at site.ycsb.DBWrapper.insert(DBWrapper.java:227)
	at site.ycsb.workloads.CoreWorkload.doInsert(CoreWorkload.java:621)
	at site.ycsb.ClientThread.run(ClientThread.java:135)
	at java.base/java.lang.Thread.run(Thread.java:829)
Caused by: jetbrains.exodus.ExodusException
	at jetbrains.exodus.newLogConcept.garbageCollector.OperationLogGarbageCollector.moveAndRemoveRecordsFromLog(OperationLogGarbageCollector.java:69)
	at jetbrains.exodus.newLogConcept.garbageCollector.OperationLogGarbageCollector.clean(OperationLogGarbageCollector.java:51)
	at jetbrains.exodus.newLogConcept.MVCC.MVCCDataStructure.lambda$commitTransaction$1(MVCCDataStructure.java:297)
	at java.base/java.util.concurrent.Executors$RunnableAdapter.call(Executors.java:515)
	at java.base/java.util.concurrent.FutureTask.run(FutureTask.java:264)
	at java.base/java.util.concurrent.ThreadPoolExecutor.runWorker(ThreadPoolExecutor.java:1128)
	at java.base/java.util.concurrent.ThreadPoolExecutor$Worker.run(ThreadPoolExecutor.java:628)
	... 1 more
java.util.concurrent.ExecutionException: jetbrains.exodus.ExodusException
	at java.base/java.util.concurrent.FutureTask.report(FutureTask.java:122)
	at java.base/java.util.concurrent.FutureTask.get(FutureTask.java:191)
	at jetbrains.exodus.newLogConcept.MVCC.MVCCDataStructure.commitTransaction(MVCCDataStructure.java:299)
	at site.ycsb.db.XodusClient.insert(XodusClient.java:60)
	at site.ycsb.DBWrapper.insert(DBWrapper.java:227)
	at site.ycsb.workloads.CoreWorkload.doInsert(CoreWorkload.java:621)
	at site.ycsb.ClientThread.run(ClientThread.java:135)
	at java.base/java.lang.Thread.run(Thread.java:829)
Caused by: jetbrains.exodus.ExodusException
	at jetbrains.exodus.newLogConcept.garbageCollector.OperationLogGarbageCollector.moveAndRemoveRecordsFromLog(OperationLogGarbageCollector.java:69)
	at jetbrains.exodus.newLogConcept.garbageCollector.OperationLogGarbageCollector.clean(OperationLogGarbageCollector.java:51)
	at jetbrains.exodus.newLogConcept.MVCC.MVCCDataStructure.lambda$commitTransaction$1(MVCCDataStructure.java:297)
	at java.base/java.util.concurrent.Executors$RunnableAdapter.call(Executors.java:515)
	at java.base/java.util.concurrent.FutureTask.run(FutureTask.java:264)
	at java.base/java.util.concurrent.ThreadPoolExecutor.runWorker(ThreadPoolExecutor.java:1128)
	at java.base/java.util.concurrent.ThreadPoolExecutor$Worker.run(ThreadPoolExecutor.java:628)
	... 1 more
java.util.concurrent.ExecutionException: jetbrains.exodus.ExodusException
	at java.base/java.util.concurrent.FutureTask.report(FutureTask.java:122)
	at java.base/java.util.concurrent.FutureTask.get(FutureTask.java:191)
	at jetbrains.exodus.newLogConcept.MVCC.MVCCDataStructure.commitTransaction(MVCCDataStructure.java:299)
	at site.ycsb.db.XodusClient.insert(XodusClient.java:60)
	at site.ycsb.DBWrapper.insert(DBWrapper.java:227)
	at site.ycsb.workloads.CoreWorkload.doInsert(CoreWorkload.java:621)
	at site.ycsb.ClientThread.run(ClientThread.java:135)
	at java.base/java.lang.Thread.run(Thread.java:829)
Caused by: jetbrains.exodus.ExodusException
	at jetbrains.exodus.newLogConcept.garbageCollector.OperationLogGarbageCollector.moveAndRemoveRecordsFromLog(OperationLogGarbageCollector.java:69)
	at jetbrains.exodus.newLogConcept.garbageCollector.OperationLogGarbageCollector.clean(OperationLogGarbageCollector.java:51)
	at jetbrains.exodus.newLogConcept.MVCC.MVCCDataStructure.lambda$commitTransaction$1(MVCCDataStructure.java:297)
	at java.base/java.util.concurrent.Executors$RunnableAdapter.call(Executors.java:515)
	at java.base/java.util.concurrent.FutureTask.run(FutureTask.java:264)
	at java.base/java.util.concurrent.ThreadPoolExecutor.runWorker(ThreadPoolExecutor.java:1128)
	at java.base/java.util.concurrent.ThreadPoolExecutor$Worker.run(ThreadPoolExecutor.java:628)
	... 1 more
java.util.concurrent.ExecutionException: jetbrains.exodus.ExodusException
	at java.base/java.util.concurrent.FutureTask.report(FutureTask.java:122)
	at java.base/java.util.concurrent.FutureTask.get(FutureTask.java:191)
	at jetbrains.exodus.newLogConcept.MVCC.MVCCDataStructure.commitTransaction(MVCCDataStructure.java:299)
	at site.ycsb.db.XodusClient.insert(XodusClient.java:60)
	at site.ycsb.DBWrapper.insert(DBWrapper.java:227)
	at site.ycsb.workloads.CoreWorkload.doInsert(CoreWorkload.java:621)
	at site.ycsb.ClientThread.run(ClientThread.java:135)
	at java.base/java.lang.Thread.run(Thread.java:829)
Caused by: jetbrains.exodus.ExodusException
	at jetbrains.exodus.newLogConcept.garbageCollector.OperationLogGarbageCollector.moveAndRemoveRecordsFromLog(OperationLogGarbageCollector.java:69)
	at jetbrains.exodus.newLogConcept.garbageCollector.OperationLogGarbageCollector.clean(OperationLogGarbageCollector.java:51)
	at jetbrains.exodus.newLogConcept.MVCC.MVCCDataStructure.lambda$commitTransaction$1(MVCCDataStructure.java:297)
	at java.base/java.util.concurrent.Executors$RunnableAdapter.call(Executors.java:515)
	at java.base/java.util.concurrent.FutureTask.run(FutureTask.java:264)
	at java.base/java.util.concurrent.ThreadPoolExecutor.runWorker(ThreadPoolExecutor.java:1128)
	at java.base/java.util.concurrent.ThreadPoolExecutor$Worker.run(ThreadPoolExecutor.java:628)
	... 1 more
java.util.concurrent.ExecutionException: jetbrains.exodus.ExodusException
	at java.base/java.util.concurrent.FutureTask.report(FutureTask.java:122)
	at java.base/java.util.concurrent.FutureTask.get(FutureTask.java:191)
	at jetbrains.exodus.newLogConcept.MVCC.MVCCDataStructure.commitTransaction(MVCCDataStructure.java:299)
	at site.ycsb.db.XodusClient.insert(XodusClient.java:60)
	at site.ycsb.DBWrapper.insert(DBWrapper.java:227)
	at site.ycsb.workloads.CoreWorkload.doInsert(CoreWorkload.java:621)
	at site.ycsb.ClientThread.run(ClientThread.java:135)
	at java.base/java.lang.Thread.run(Thread.java:829)
Caused by: jetbrains.exodus.ExodusException
	at jetbrains.exodus.newLogConcept.garbageCollector.OperationLogGarbageCollector.moveAndRemoveRecordsFromLog(OperationLogGarbageCollector.java:69)
	at jetbrains.exodus.newLogConcept.garbageCollector.OperationLogGarbageCollector.clean(OperationLogGarbageCollector.java:51)
	at jetbrains.exodus.newLogConcept.MVCC.MVCCDataStructure.lambda$commitTransaction$1(MVCCDataStructure.java:297)
	at java.base/java.util.concurrent.Executors$RunnableAdapter.call(Executors.java:515)
	at java.base/java.util.concurrent.FutureTask.run(FutureTask.java:264)
	at java.base/java.util.concurrent.ThreadPoolExecutor.runWorker(ThreadPoolExecutor.java:1128)
	at java.base/java.util.concurrent.ThreadPoolExecutor$Worker.run(ThreadPoolExecutor.java:628)
	... 1 more
java.util.concurrent.ExecutionException: jetbrains.exodus.ExodusException
	at java.base/java.util.concurrent.FutureTask.report(FutureTask.java:122)
	at java.base/java.util.concurrent.FutureTask.get(FutureTask.java:191)
	at jetbrains.exodus.newLogConcept.MVCC.MVCCDataStructure.commitTransaction(MVCCDataStructure.java:299)
	at site.ycsb.db.XodusClient.insert(XodusClient.java:60)
	at site.ycsb.DBWrapper.insert(DBWrapper.java:227)
	at site.ycsb.workloads.CoreWorkload.doInsert(CoreWorkload.java:621)
	at site.ycsb.ClientThread.run(ClientThread.java:135)
	at java.base/java.lang.Thread.run(Thread.java:829)
Caused by: jetbrains.exodus.ExodusException
	at jetbrains.exodus.newLogConcept.garbageCollector.OperationLogGarbageCollector.moveAndRemoveRecordsFromLog(OperationLogGarbageCollector.java:69)
	at jetbrains.exodus.newLogConcept.garbageCollector.OperationLogGarbageCollector.clean(OperationLogGarbageCollector.java:51)
	at jetbrains.exodus.newLogConcept.MVCC.MVCCDataStructure.lambda$commitTransaction$1(MVCCDataStructure.java:297)
	at java.base/java.util.concurrent.Executors$RunnableAdapter.call(Executors.java:515)
	at java.base/java.util.concurrent.FutureTask.run(FutureTask.java:264)
	at java.base/java.util.concurrent.ThreadPoolExecutor.runWorker(ThreadPoolExecutor.java:1128)
	at java.base/java.util.concurrent.ThreadPoolExecutor$Worker.run(ThreadPoolExecutor.java:628)
	... 1 more
java.util.concurrent.ExecutionException: jetbrains.exodus.ExodusException
	at java.base/java.util.concurrent.FutureTask.report(FutureTask.java:122)
	at java.base/java.util.concurrent.FutureTask.get(FutureTask.java:191)
	at jetbrains.exodus.newLogConcept.MVCC.MVCCDataStructure.commitTransaction(MVCCDataStructure.java:299)
	at site.ycsb.db.XodusClient.insert(XodusClient.java:60)
	at site.ycsb.DBWrapper.insert(DBWrapper.java:227)
	at site.ycsb.workloads.CoreWorkload.doInsert(CoreWorkload.java:621)
	at site.ycsb.ClientThread.run(ClientThread.java:135)
	at java.base/java.lang.Thread.run(Thread.java:829)
Caused by: jetbrains.exodus.ExodusException
	at jetbrains.exodus.newLogConcept.garbageCollector.OperationLogGarbageCollector.moveAndRemoveRecordsFromLog(OperationLogGarbageCollector.java:69)
	at jetbrains.exodus.newLogConcept.garbageCollector.OperationLogGarbageCollector.clean(OperationLogGarbageCollector.java:51)
	at jetbrains.exodus.newLogConcept.MVCC.MVCCDataStructure.lambda$commitTransaction$1(MVCCDataStructure.java:297)
	at java.base/java.util.concurrent.Executors$RunnableAdapter.call(Executors.java:515)
	at java.base/java.util.concurrent.FutureTask.run(FutureTask.java:264)
	at java.base/java.util.concurrent.ThreadPoolExecutor.runWorker(ThreadPoolExecutor.java:1128)
	at java.base/java.util.concurrent.ThreadPoolExecutor$Worker.run(ThreadPoolExecutor.java:628)
	... 1 more
java.util.concurrent.ExecutionException: jetbrains.exodus.ExodusException
	at java.base/java.util.concurrent.FutureTask.report(FutureTask.java:122)
	at java.base/java.util.concurrent.FutureTask.get(FutureTask.java:191)
	at jetbrains.exodus.newLogConcept.MVCC.MVCCDataStructure.commitTransaction(MVCCDataStructure.java:299)
	at site.ycsb.db.XodusClient.insert(XodusClient.java:60)
	at site.ycsb.DBWrapper.insert(DBWrapper.java:227)
	at site.ycsb.workloads.CoreWorkload.doInsert(CoreWorkload.java:621)
	at site.ycsb.ClientThread.run(ClientThread.java:135)
	at java.base/java.lang.Thread.run(Thread.java:829)
Caused by: jetbrains.exodus.ExodusException
	at jetbrains.exodus.newLogConcept.garbageCollector.OperationLogGarbageCollector.moveAndRemoveRecordsFromLog(OperationLogGarbageCollector.java:69)
	at jetbrains.exodus.newLogConcept.garbageCollector.OperationLogGarbageCollector.clean(OperationLogGarbageCollector.java:51)
	at jetbrains.exodus.newLogConcept.MVCC.MVCCDataStructure.lambda$commitTransaction$1(MVCCDataStructure.java:297)
	at java.base/java.util.concurrent.Executors$RunnableAdapter.call(Executors.java:515)
	at java.base/java.util.concurrent.FutureTask.run(FutureTask.java:264)
	at java.base/java.util.concurrent.ThreadPoolExecutor.runWorker(ThreadPoolExecutor.java:1128)
	at java.base/java.util.concurrent.ThreadPoolExecutor$Worker.run(ThreadPoolExecutor.java:628)
	... 1 more
java.util.concurrent.ExecutionException: jetbrains.exodus.ExodusException
	at java.base/java.util.concurrent.FutureTask.report(FutureTask.java:122)
	at java.base/java.util.concurrent.FutureTask.get(FutureTask.java:191)
	at jetbrains.exodus.newLogConcept.MVCC.MVCCDataStructure.commitTransaction(MVCCDataStructure.java:299)
	at site.ycsb.db.XodusClient.insert(XodusClient.java:60)
	at site.ycsb.DBWrapper.insert(DBWrapper.java:227)
	at site.ycsb.workloads.CoreWorkload.doInsert(CoreWorkload.java:621)
	at site.ycsb.ClientThread.run(ClientThread.java:135)
	at java.base/java.lang.Thread.run(Thread.java:829)
Caused by: jetbrains.exodus.ExodusException
	at jetbrains.exodus.newLogConcept.garbageCollector.OperationLogGarbageCollector.moveAndRemoveRecordsFromLog(OperationLogGarbageCollector.java:69)
	at jetbrains.exodus.newLogConcept.garbageCollector.OperationLogGarbageCollector.clean(OperationLogGarbageCollector.java:51)
	at jetbrains.exodus.newLogConcept.MVCC.MVCCDataStructure.lambda$commitTransaction$1(MVCCDataStructure.java:297)
	at java.base/java.util.concurrent.Executors$RunnableAdapter.call(Executors.java:515)
	at java.base/java.util.concurrent.FutureTask.run(FutureTask.java:264)
	at java.base/java.util.concurrent.ThreadPoolExecutor.runWorker(ThreadPoolExecutor.java:1128)
	at java.base/java.util.concurrent.ThreadPoolExecutor$Worker.run(ThreadPoolExecutor.java:628)
	... 1 more
java.util.concurrent.ExecutionException: jetbrains.exodus.ExodusException
	at java.base/java.util.concurrent.FutureTask.report(FutureTask.java:122)
	at java.base/java.util.concurrent.FutureTask.get(FutureTask.java:191)
	at jetbrains.exodus.newLogConcept.MVCC.MVCCDataStructure.commitTransaction(MVCCDataStructure.java:299)
	at site.ycsb.db.XodusClient.insert(XodusClient.java:60)
	at site.ycsb.DBWrapper.insert(DBWrapper.java:227)
	at site.ycsb.workloads.CoreWorkload.doInsert(CoreWorkload.java:621)
	at site.ycsb.ClientThread.run(ClientThread.java:135)
	at java.base/java.lang.Thread.run(Thread.java:829)
Caused by: jetbrains.exodus.ExodusException
	at jetbrains.exodus.newLogConcept.garbageCollector.OperationLogGarbageCollector.moveAndRemoveRecordsFromLog(OperationLogGarbageCollector.java:69)
	at jetbrains.exodus.newLogConcept.garbageCollector.OperationLogGarbageCollector.clean(OperationLogGarbageCollector.java:51)
	at jetbrains.exodus.newLogConcept.MVCC.MVCCDataStructure.lambda$commitTransaction$1(MVCCDataStructure.java:297)
	at java.base/java.util.concurrent.Executors$RunnableAdapter.call(Executors.java:515)
	at java.base/java.util.concurrent.FutureTask.run(FutureTask.java:264)
	at java.base/java.util.concurrent.ThreadPoolExecutor.runWorker(ThreadPoolExecutor.java:1128)
	at java.base/java.util.concurrent.ThreadPoolExecutor$Worker.run(ThreadPoolExecutor.java:628)
	... 1 more
java.util.concurrent.ExecutionException: jetbrains.exodus.ExodusException
	at java.base/java.util.concurrent.FutureTask.report(FutureTask.java:122)
	at java.base/java.util.concurrent.FutureTask.get(FutureTask.java:191)
	at jetbrains.exodus.newLogConcept.MVCC.MVCCDataStructure.commitTransaction(MVCCDataStructure.java:299)
	at site.ycsb.db.XodusClient.insert(XodusClient.java:60)
	at site.ycsb.DBWrapper.insert(DBWrapper.java:227)
	at site.ycsb.workloads.CoreWorkload.doInsert(CoreWorkload.java:621)
	at site.ycsb.ClientThread.run(ClientThread.java:135)
	at java.base/java.lang.Thread.run(Thread.java:829)
Caused by: jetbrains.exodus.ExodusException
	at jetbrains.exodus.newLogConcept.garbageCollector.OperationLogGarbageCollector.moveAndRemoveRecordsFromLog(OperationLogGarbageCollector.java:69)
	at jetbrains.exodus.newLogConcept.garbageCollector.OperationLogGarbageCollector.clean(OperationLogGarbageCollector.java:51)
	at jetbrains.exodus.newLogConcept.MVCC.MVCCDataStructure.lambda$commitTransaction$1(MVCCDataStructure.java:297)
	at java.base/java.util.concurrent.Executors$RunnableAdapter.call(Executors.java:515)
	at java.base/java.util.concurrent.FutureTask.run(FutureTask.java:264)
	at java.base/java.util.concurrent.ThreadPoolExecutor.runWorker(ThreadPoolExecutor.java:1128)
	at java.base/java.util.concurrent.ThreadPoolExecutor$Worker.run(ThreadPoolExecutor.java:628)
	... 1 more
java.util.concurrent.ExecutionException: jetbrains.exodus.ExodusException
	at java.base/java.util.concurrent.FutureTask.report(FutureTask.java:122)
	at java.base/java.util.concurrent.FutureTask.get(FutureTask.java:191)
	at jetbrains.exodus.newLogConcept.MVCC.MVCCDataStructure.commitTransaction(MVCCDataStructure.java:299)
	at site.ycsb.db.XodusClient.insert(XodusClient.java:60)
	at site.ycsb.DBWrapper.insert(DBWrapper.java:227)
	at site.ycsb.workloads.CoreWorkload.doInsert(CoreWorkload.java:621)
	at site.ycsb.ClientThread.run(ClientThread.java:135)
	at java.base/java.lang.Thread.run(Thread.java:829)
Caused by: jetbrains.exodus.ExodusException
	at jetbrains.exodus.newLogConcept.garbageCollector.OperationLogGarbageCollector.moveAndRemoveRecordsFromLog(OperationLogGarbageCollector.java:69)
	at jetbrains.exodus.newLogConcept.garbageCollector.OperationLogGarbageCollector.clean(OperationLogGarbageCollector.java:51)
	at jetbrains.exodus.newLogConcept.MVCC.MVCCDataStructure.lambda$commitTransaction$1(MVCCDataStructure.java:297)
	at java.base/java.util.concurrent.Executors$RunnableAdapter.call(Executors.java:515)
	at java.base/java.util.concurrent.FutureTask.run(FutureTask.java:264)
	at java.base/java.util.concurrent.ThreadPoolExecutor.runWorker(ThreadPoolExecutor.java:1128)
	at java.base/java.util.concurrent.ThreadPoolExecutor$Worker.run(ThreadPoolExecutor.java:628)
	... 1 more
java.util.concurrent.ExecutionException: jetbrains.exodus.ExodusException
	at java.base/java.util.concurrent.FutureTask.report(FutureTask.java:122)
	at java.base/java.util.concurrent.FutureTask.get(FutureTask.java:191)
	at jetbrains.exodus.newLogConcept.MVCC.MVCCDataStructure.commitTransaction(MVCCDataStructure.java:299)
	at site.ycsb.db.XodusClient.insert(XodusClient.java:60)
	at site.ycsb.DBWrapper.insert(DBWrapper.java:227)
	at site.ycsb.workloads.CoreWorkload.doInsert(CoreWorkload.java:621)
	at site.ycsb.ClientThread.run(ClientThread.java:135)
	at java.base/java.lang.Thread.run(Thread.java:829)
Caused by: jetbrains.exodus.ExodusException
	at jetbrains.exodus.newLogConcept.garbageCollector.OperationLogGarbageCollector.moveAndRemoveRecordsFromLog(OperationLogGarbageCollector.java:69)
	at jetbrains.exodus.newLogConcept.garbageCollector.OperationLogGarbageCollector.clean(OperationLogGarbageCollector.java:51)
	at jetbrains.exodus.newLogConcept.MVCC.MVCCDataStructure.lambda$commitTransaction$1(MVCCDataStructure.java:297)
	at java.base/java.util.concurrent.Executors$RunnableAdapter.call(Executors.java:515)
	at java.base/java.util.concurrent.FutureTask.run(FutureTask.java:264)
	at java.base/java.util.concurrent.ThreadPoolExecutor.runWorker(ThreadPoolExecutor.java:1128)
	at java.base/java.util.concurrent.ThreadPoolExecutor$Worker.run(ThreadPoolExecutor.java:628)
	... 1 more
java.util.concurrent.ExecutionException: jetbrains.exodus.ExodusException
	at java.base/java.util.concurrent.FutureTask.report(FutureTask.java:122)
	at java.base/java.util.concurrent.FutureTask.get(FutureTask.java:191)
	at jetbrains.exodus.newLogConcept.MVCC.MVCCDataStructure.commitTransaction(MVCCDataStructure.java:299)
	at site.ycsb.db.XodusClient.insert(XodusClient.java:60)
	at site.ycsb.DBWrapper.insert(DBWrapper.java:227)
	at site.ycsb.workloads.CoreWorkload.doInsert(CoreWorkload.java:621)
	at site.ycsb.ClientThread.run(ClientThread.java:135)
	at java.base/java.lang.Thread.run(Thread.java:829)
Caused by: jetbrains.exodus.ExodusException
	at jetbrains.exodus.newLogConcept.garbageCollector.OperationLogGarbageCollector.moveAndRemoveRecordsFromLog(OperationLogGarbageCollector.java:69)
	at jetbrains.exodus.newLogConcept.garbageCollector.OperationLogGarbageCollector.clean(OperationLogGarbageCollector.java:51)
	at jetbrains.exodus.newLogConcept.MVCC.MVCCDataStructure.lambda$commitTransaction$1(MVCCDataStructure.java:297)
	at java.base/java.util.concurrent.Executors$RunnableAdapter.call(Executors.java:515)
	at java.base/java.util.concurrent.FutureTask.run(FutureTask.java:264)
	at java.base/java.util.concurrent.ThreadPoolExecutor.runWorker(ThreadPoolExecutor.java:1128)
	at java.base/java.util.concurrent.ThreadPoolExecutor$Worker.run(ThreadPoolExecutor.java:628)
	... 1 more
java.util.concurrent.ExecutionException: jetbrains.exodus.ExodusException
	at java.base/java.util.concurrent.FutureTask.report(FutureTask.java:122)
	at java.base/java.util.concurrent.FutureTask.get(FutureTask.java:191)
	at jetbrains.exodus.newLogConcept.MVCC.MVCCDataStructure.commitTransaction(MVCCDataStructure.java:299)
	at site.ycsb.db.XodusClient.insert(XodusClient.java:60)
	at site.ycsb.DBWrapper.insert(DBWrapper.java:227)
	at site.ycsb.workloads.CoreWorkload.doInsert(CoreWorkload.java:621)
	at site.ycsb.ClientThread.run(ClientThread.java:135)
	at java.base/java.lang.Thread.run(Thread.java:829)
Caused by: jetbrains.exodus.ExodusException
	at jetbrains.exodus.newLogConcept.garbageCollector.OperationLogGarbageCollector.moveAndRemoveRecordsFromLog(OperationLogGarbageCollector.java:69)
	at jetbrains.exodus.newLogConcept.garbageCollector.OperationLogGarbageCollector.clean(OperationLogGarbageCollector.java:51)
	at jetbrains.exodus.newLogConcept.MVCC.MVCCDataStructure.lambda$commitTransaction$1(MVCCDataStructure.java:297)
	at java.base/java.util.concurrent.Executors$RunnableAdapter.call(Executors.java:515)
	at java.base/java.util.concurrent.FutureTask.run(FutureTask.java:264)
	at java.base/java.util.concurrent.ThreadPoolExecutor.runWorker(ThreadPoolExecutor.java:1128)
	at java.base/java.util.concurrent.ThreadPoolExecutor$Worker.run(ThreadPoolExecutor.java:628)
	... 1 more
java.util.concurrent.ExecutionException: jetbrains.exodus.ExodusException
	at java.base/java.util.concurrent.FutureTask.report(FutureTask.java:122)
	at java.base/java.util.concurrent.FutureTask.get(FutureTask.java:191)
	at jetbrains.exodus.newLogConcept.MVCC.MVCCDataStructure.commitTransaction(MVCCDataStructure.java:299)
	at site.ycsb.db.XodusClient.insert(XodusClient.java:60)
	at site.ycsb.DBWrapper.insert(DBWrapper.java:227)
	at site.ycsb.workloads.CoreWorkload.doInsert(CoreWorkload.java:621)
	at site.ycsb.ClientThread.run(ClientThread.java:135)
	at java.base/java.lang.Thread.run(Thread.java:829)
Caused by: jetbrains.exodus.ExodusException
	at jetbrains.exodus.newLogConcept.garbageCollector.OperationLogGarbageCollector.moveAndRemoveRecordsFromLog(OperationLogGarbageCollector.java:69)
	at jetbrains.exodus.newLogConcept.garbageCollector.OperationLogGarbageCollector.clean(OperationLogGarbageCollector.java:51)
	at jetbrains.exodus.newLogConcept.MVCC.MVCCDataStructure.lambda$commitTransaction$1(MVCCDataStructure.java:297)
	at java.base/java.util.concurrent.Executors$RunnableAdapter.call(Executors.java:515)
	at java.base/java.util.concurrent.FutureTask.run(FutureTask.java:264)
	at java.base/java.util.concurrent.ThreadPoolExecutor.runWorker(ThreadPoolExecutor.java:1128)
	at java.base/java.util.concurrent.ThreadPoolExecutor$Worker.run(ThreadPoolExecutor.java:628)
	... 1 more
java.util.concurrent.ExecutionException: jetbrains.exodus.ExodusException
	at java.base/java.util.concurrent.FutureTask.report(FutureTask.java:122)
	at java.base/java.util.concurrent.FutureTask.get(FutureTask.java:191)
	at jetbrains.exodus.newLogConcept.MVCC.MVCCDataStructure.commitTransaction(MVCCDataStructure.java:299)
	at site.ycsb.db.XodusClient.insert(XodusClient.java:60)
	at site.ycsb.DBWrapper.insert(DBWrapper.java:227)
	at site.ycsb.workloads.CoreWorkload.doInsert(CoreWorkload.java:621)
	at site.ycsb.ClientThread.run(ClientThread.java:135)
	at java.base/java.lang.Thread.run(Thread.java:829)
Caused by: jetbrains.exodus.ExodusException
	at jetbrains.exodus.newLogConcept.garbageCollector.OperationLogGarbageCollector.moveAndRemoveRecordsFromLog(OperationLogGarbageCollector.java:69)
	at jetbrains.exodus.newLogConcept.garbageCollector.OperationLogGarbageCollector.clean(OperationLogGarbageCollector.java:51)
	at jetbrains.exodus.newLogConcept.MVCC.MVCCDataStructure.lambda$commitTransaction$1(MVCCDataStructure.java:297)
	at java.base/java.util.concurrent.Executors$RunnableAdapter.call(Executors.java:515)
	at java.base/java.util.concurrent.FutureTask.run(FutureTask.java:264)
	at java.base/java.util.concurrent.ThreadPoolExecutor.runWorker(ThreadPoolExecutor.java:1128)
	at java.base/java.util.concurrent.ThreadPoolExecutor$Worker.run(ThreadPoolExecutor.java:628)
	... 1 more
java.util.concurrent.ExecutionException: jetbrains.exodus.ExodusException
	at java.base/java.util.concurrent.FutureTask.report(FutureTask.java:122)
	at java.base/java.util.concurrent.FutureTask.get(FutureTask.java:191)
	at jetbrains.exodus.newLogConcept.MVCC.MVCCDataStructure.commitTransaction(MVCCDataStructure.java:299)
	at site.ycsb.db.XodusClient.insert(XodusClient.java:60)
	at site.ycsb.DBWrapper.insert(DBWrapper.java:227)
	at site.ycsb.workloads.CoreWorkload.doInsert(CoreWorkload.java:621)
	at site.ycsb.ClientThread.run(ClientThread.java:135)
	at java.base/java.lang.Thread.run(Thread.java:829)
Caused by: jetbrains.exodus.ExodusException
	at jetbrains.exodus.newLogConcept.garbageCollector.OperationLogGarbageCollector.moveAndRemoveRecordsFromLog(OperationLogGarbageCollector.java:69)
	at jetbrains.exodus.newLogConcept.garbageCollector.OperationLogGarbageCollector.clean(OperationLogGarbageCollector.java:51)
	at jetbrains.exodus.newLogConcept.MVCC.MVCCDataStructure.lambda$commitTransaction$1(MVCCDataStructure.java:297)
	at java.base/java.util.concurrent.Executors$RunnableAdapter.call(Executors.java:515)
	at java.base/java.util.concurrent.FutureTask.run(FutureTask.java:264)
	at java.base/java.util.concurrent.ThreadPoolExecutor.runWorker(ThreadPoolExecutor.java:1128)
	at java.base/java.util.concurrent.ThreadPoolExecutor$Worker.run(ThreadPoolExecutor.java:628)
	... 1 more
java.util.concurrent.ExecutionException: jetbrains.exodus.ExodusException
	at java.base/java.util.concurrent.FutureTask.report(FutureTask.java:122)
	at java.base/java.util.concurrent.FutureTask.get(FutureTask.java:191)
	at jetbrains.exodus.newLogConcept.MVCC.MVCCDataStructure.commitTransaction(MVCCDataStructure.java:299)
	at site.ycsb.db.XodusClient.insert(XodusClient.java:60)
	at site.ycsb.DBWrapper.insert(DBWrapper.java:227)
	at site.ycsb.workloads.CoreWorkload.doInsert(CoreWorkload.java:621)
	at site.ycsb.ClientThread.run(ClientThread.java:135)
	at java.base/java.lang.Thread.run(Thread.java:829)
Caused by: jetbrains.exodus.ExodusException
	at jetbrains.exodus.newLogConcept.garbageCollector.OperationLogGarbageCollector.moveAndRemoveRecordsFromLog(OperationLogGarbageCollector.java:69)
	at jetbrains.exodus.newLogConcept.garbageCollector.OperationLogGarbageCollector.clean(OperationLogGarbageCollector.java:51)
	at jetbrains.exodus.newLogConcept.MVCC.MVCCDataStructure.lambda$commitTransaction$1(MVCCDataStructure.java:297)
	at java.base/java.util.concurrent.Executors$RunnableAdapter.call(Executors.java:515)
	at java.base/java.util.concurrent.FutureTask.run(FutureTask.java:264)
	at java.base/java.util.concurrent.ThreadPoolExecutor.runWorker(ThreadPoolExecutor.java:1128)
	at java.base/java.util.concurrent.ThreadPoolExecutor$Worker.run(ThreadPoolExecutor.java:628)
	... 1 more
java.util.concurrent.ExecutionException: jetbrains.exodus.ExodusException
	at java.base/java.util.concurrent.FutureTask.report(FutureTask.java:122)
	at java.base/java.util.concurrent.FutureTask.get(FutureTask.java:191)
	at jetbrains.exodus.newLogConcept.MVCC.MVCCDataStructure.commitTransaction(MVCCDataStructure.java:299)
	at site.ycsb.db.XodusClient.insert(XodusClient.java:60)
	at site.ycsb.DBWrapper.insert(DBWrapper.java:227)
	at site.ycsb.workloads.CoreWorkload.doInsert(CoreWorkload.java:621)
	at site.ycsb.ClientThread.run(ClientThread.java:135)
	at java.base/java.lang.Thread.run(Thread.java:829)
Caused by: jetbrains.exodus.ExodusException
	at jetbrains.exodus.newLogConcept.garbageCollector.OperationLogGarbageCollector.moveAndRemoveRecordsFromLog(OperationLogGarbageCollector.java:69)
	at jetbrains.exodus.newLogConcept.garbageCollector.OperationLogGarbageCollector.clean(OperationLogGarbageCollector.java:51)
	at jetbrains.exodus.newLogConcept.MVCC.MVCCDataStructure.lambda$commitTransaction$1(MVCCDataStructure.java:297)
	at java.base/java.util.concurrent.Executors$RunnableAdapter.call(Executors.java:515)
	at java.base/java.util.concurrent.FutureTask.run(FutureTask.java:264)
	at java.base/java.util.concurrent.ThreadPoolExecutor.runWorker(ThreadPoolExecutor.java:1128)
	at java.base/java.util.concurrent.ThreadPoolExecutor$Worker.run(ThreadPoolExecutor.java:628)
	... 1 more
java.util.concurrent.ExecutionException: jetbrains.exodus.ExodusException
	at java.base/java.util.concurrent.FutureTask.report(FutureTask.java:122)
	at java.base/java.util.concurrent.FutureTask.get(FutureTask.java:191)
	at jetbrains.exodus.newLogConcept.MVCC.MVCCDataStructure.commitTransaction(MVCCDataStructure.java:299)
	at site.ycsb.db.XodusClient.insert(XodusClient.java:60)
	at site.ycsb.DBWrapper.insert(DBWrapper.java:227)
	at site.ycsb.workloads.CoreWorkload.doInsert(CoreWorkload.java:621)
	at site.ycsb.ClientThread.run(ClientThread.java:135)
	at java.base/java.lang.Thread.run(Thread.java:829)
Caused by: jetbrains.exodus.ExodusException
	at jetbrains.exodus.newLogConcept.garbageCollector.OperationLogGarbageCollector.moveAndRemoveRecordsFromLog(OperationLogGarbageCollector.java:69)
	at jetbrains.exodus.newLogConcept.garbageCollector.OperationLogGarbageCollector.clean(OperationLogGarbageCollector.java:51)
	at jetbrains.exodus.newLogConcept.MVCC.MVCCDataStructure.lambda$commitTransaction$1(MVCCDataStructure.java:297)
	at java.base/java.util.concurrent.Executors$RunnableAdapter.call(Executors.java:515)
	at java.base/java.util.concurrent.FutureTask.run(FutureTask.java:264)
	at java.base/java.util.concurrent.ThreadPoolExecutor.runWorker(ThreadPoolExecutor.java:1128)
	at java.base/java.util.concurrent.ThreadPoolExecutor$Worker.run(ThreadPoolExecutor.java:628)
	... 1 more
java.util.concurrent.ExecutionException: jetbrains.exodus.ExodusException
	at java.base/java.util.concurrent.FutureTask.report(FutureTask.java:122)
	at java.base/java.util.concurrent.FutureTask.get(FutureTask.java:191)
	at jetbrains.exodus.newLogConcept.MVCC.MVCCDataStructure.commitTransaction(MVCCDataStructure.java:299)
	at site.ycsb.db.XodusClient.insert(XodusClient.java:60)
	at site.ycsb.DBWrapper.insert(DBWrapper.java:227)
	at site.ycsb.workloads.CoreWorkload.doInsert(CoreWorkload.java:621)
	at site.ycsb.ClientThread.run(ClientThread.java:135)
	at java.base/java.lang.Thread.run(Thread.java:829)
Caused by: jetbrains.exodus.ExodusException
	at jetbrains.exodus.newLogConcept.garbageCollector.OperationLogGarbageCollector.moveAndRemoveRecordsFromLog(OperationLogGarbageCollector.java:69)
	at jetbrains.exodus.newLogConcept.garbageCollector.OperationLogGarbageCollector.clean(OperationLogGarbageCollector.java:51)
	at jetbrains.exodus.newLogConcept.MVCC.MVCCDataStructure.lambda$commitTransaction$1(MVCCDataStructure.java:297)
	at java.base/java.util.concurrent.Executors$RunnableAdapter.call(Executors.java:515)
	at java.base/java.util.concurrent.FutureTask.run(FutureTask.java:264)
	at java.base/java.util.concurrent.ThreadPoolExecutor.runWorker(ThreadPoolExecutor.java:1128)
	at java.base/java.util.concurrent.ThreadPoolExecutor$Worker.run(ThreadPoolExecutor.java:628)
	... 1 more
java.util.concurrent.ExecutionException: jetbrains.exodus.ExodusException
	at java.base/java.util.concurrent.FutureTask.report(FutureTask.java:122)
	at java.base/java.util.concurrent.FutureTask.get(FutureTask.java:191)
	at jetbrains.exodus.newLogConcept.MVCC.MVCCDataStructure.commitTransaction(MVCCDataStructure.java:299)
	at site.ycsb.db.XodusClient.insert(XodusClient.java:60)
	at site.ycsb.DBWrapper.insert(DBWrapper.java:227)
	at site.ycsb.workloads.CoreWorkload.doInsert(CoreWorkload.java:621)
	at site.ycsb.ClientThread.run(ClientThread.java:135)
	at java.base/java.lang.Thread.run(Thread.java:829)
Caused by: jetbrains.exodus.ExodusException
	at jetbrains.exodus.newLogConcept.garbageCollector.OperationLogGarbageCollector.moveAndRemoveRecordsFromLog(OperationLogGarbageCollector.java:69)
	at jetbrains.exodus.newLogConcept.garbageCollector.OperationLogGarbageCollector.clean(OperationLogGarbageCollector.java:51)
	at jetbrains.exodus.newLogConcept.MVCC.MVCCDataStructure.lambda$commitTransaction$1(MVCCDataStructure.java:297)
	at java.base/java.util.concurrent.Executors$RunnableAdapter.call(Executors.java:515)
	at java.base/java.util.concurrent.FutureTask.run(FutureTask.java:264)
	at java.base/java.util.concurrent.ThreadPoolExecutor.runWorker(ThreadPoolExecutor.java:1128)
	at java.base/java.util.concurrent.ThreadPoolExecutor$Worker.run(ThreadPoolExecutor.java:628)
	... 1 more
java.util.concurrent.ExecutionException: jetbrains.exodus.ExodusException
	at java.base/java.util.concurrent.FutureTask.report(FutureTask.java:122)
	at java.base/java.util.concurrent.FutureTask.get(FutureTask.java:191)
	at jetbrains.exodus.newLogConcept.MVCC.MVCCDataStructure.commitTransaction(MVCCDataStructure.java:299)
	at site.ycsb.db.XodusClient.insert(XodusClient.java:60)
	at site.ycsb.DBWrapper.insert(DBWrapper.java:227)
	at site.ycsb.workloads.CoreWorkload.doInsert(CoreWorkload.java:621)
	at site.ycsb.ClientThread.run(ClientThread.java:135)
	at java.base/java.lang.Thread.run(Thread.java:829)
Caused by: jetbrains.exodus.ExodusException
	at jetbrains.exodus.newLogConcept.garbageCollector.OperationLogGarbageCollector.moveAndRemoveRecordsFromLog(OperationLogGarbageCollector.java:69)
	at jetbrains.exodus.newLogConcept.garbageCollector.OperationLogGarbageCollector.clean(OperationLogGarbageCollector.java:51)
	at jetbrains.exodus.newLogConcept.MVCC.MVCCDataStructure.lambda$commitTransaction$1(MVCCDataStructure.java:297)
	at java.base/java.util.concurrent.Executors$RunnableAdapter.call(Executors.java:515)
	at java.base/java.util.concurrent.FutureTask.run(FutureTask.java:264)
	at java.base/java.util.concurrent.ThreadPoolExecutor.runWorker(ThreadPoolExecutor.java:1128)
	at java.base/java.util.concurrent.ThreadPoolExecutor$Worker.run(ThreadPoolExecutor.java:628)
	... 1 more
java.util.concurrent.ExecutionException: jetbrains.exodus.ExodusException
	at java.base/java.util.concurrent.FutureTask.report(FutureTask.java:122)
	at java.base/java.util.concurrent.FutureTask.get(FutureTask.java:191)
	at jetbrains.exodus.newLogConcept.MVCC.MVCCDataStructure.commitTransaction(MVCCDataStructure.java:299)
	at site.ycsb.db.XodusClient.insert(XodusClient.java:60)
	at site.ycsb.DBWrapper.insert(DBWrapper.java:227)
	at site.ycsb.workloads.CoreWorkload.doInsert(CoreWorkload.java:621)
	at site.ycsb.ClientThread.run(ClientThread.java:135)
	at java.base/java.lang.Thread.run(Thread.java:829)
Caused by: jetbrains.exodus.ExodusException
	at jetbrains.exodus.newLogConcept.garbageCollector.OperationLogGarbageCollector.moveAndRemoveRecordsFromLog(OperationLogGarbageCollector.java:69)
	at jetbrains.exodus.newLogConcept.garbageCollector.OperationLogGarbageCollector.clean(OperationLogGarbageCollector.java:51)
	at jetbrains.exodus.newLogConcept.MVCC.MVCCDataStructure.lambda$commitTransaction$1(MVCCDataStructure.java:297)
	at java.base/java.util.concurrent.Executors$RunnableAdapter.call(Executors.java:515)
	at java.base/java.util.concurrent.FutureTask.run(FutureTask.java:264)
	at java.base/java.util.concurrent.ThreadPoolExecutor.runWorker(ThreadPoolExecutor.java:1128)
	at java.base/java.util.concurrent.ThreadPoolExecutor$Worker.run(ThreadPoolExecutor.java:628)
	... 1 more
java.util.concurrent.ExecutionException: jetbrains.exodus.ExodusException
	at java.base/java.util.concurrent.FutureTask.report(FutureTask.java:122)
	at java.base/java.util.concurrent.FutureTask.get(FutureTask.java:191)
	at jetbrains.exodus.newLogConcept.MVCC.MVCCDataStructure.commitTransaction(MVCCDataStructure.java:299)
	at site.ycsb.db.XodusClient.insert(XodusClient.java:60)
	at site.ycsb.DBWrapper.insert(DBWrapper.java:227)
	at site.ycsb.workloads.CoreWorkload.doInsert(CoreWorkload.java:621)
	at site.ycsb.ClientThread.run(ClientThread.java:135)
	at java.base/java.lang.Thread.run(Thread.java:829)
Caused by: jetbrains.exodus.ExodusException
	at jetbrains.exodus.newLogConcept.garbageCollector.OperationLogGarbageCollector.moveAndRemoveRecordsFromLog(OperationLogGarbageCollector.java:69)
	at jetbrains.exodus.newLogConcept.garbageCollector.OperationLogGarbageCollector.clean(OperationLogGarbageCollector.java:51)
	at jetbrains.exodus.newLogConcept.MVCC.MVCCDataStructure.lambda$commitTransaction$1(MVCCDataStructure.java:297)
	at java.base/java.util.concurrent.Executors$RunnableAdapter.call(Executors.java:515)
	at java.base/java.util.concurrent.FutureTask.run(FutureTask.java:264)
	at java.base/java.util.concurrent.ThreadPoolExecutor.runWorker(ThreadPoolExecutor.java:1128)
	at java.base/java.util.concurrent.ThreadPoolExecutor$Worker.run(ThreadPoolExecutor.java:628)
	... 1 more
java.util.concurrent.ExecutionException: jetbrains.exodus.ExodusException
	at java.base/java.util.concurrent.FutureTask.report(FutureTask.java:122)
	at java.base/java.util.concurrent.FutureTask.get(FutureTask.java:191)
	at jetbrains.exodus.newLogConcept.MVCC.MVCCDataStructure.commitTransaction(MVCCDataStructure.java:299)
	at site.ycsb.db.XodusClient.insert(XodusClient.java:60)
	at site.ycsb.DBWrapper.insert(DBWrapper.java:227)
	at site.ycsb.workloads.CoreWorkload.doInsert(CoreWorkload.java:621)
	at site.ycsb.ClientThread.run(ClientThread.java:135)
	at java.base/java.lang.Thread.run(Thread.java:829)
Caused by: jetbrains.exodus.ExodusException
	at jetbrains.exodus.newLogConcept.garbageCollector.OperationLogGarbageCollector.moveAndRemoveRecordsFromLog(OperationLogGarbageCollector.java:69)
	at jetbrains.exodus.newLogConcept.garbageCollector.OperationLogGarbageCollector.clean(OperationLogGarbageCollector.java:51)
	at jetbrains.exodus.newLogConcept.MVCC.MVCCDataStructure.lambda$commitTransaction$1(MVCCDataStructure.java:297)
	at java.base/java.util.concurrent.Executors$RunnableAdapter.call(Executors.java:515)
	at java.base/java.util.concurrent.FutureTask.run(FutureTask.java:264)
	at java.base/java.util.concurrent.ThreadPoolExecutor.runWorker(ThreadPoolExecutor.java:1128)
	at java.base/java.util.concurrent.ThreadPoolExecutor$Worker.run(ThreadPoolExecutor.java:628)
	... 1 more
java.util.concurrent.ExecutionException: jetbrains.exodus.ExodusException
	at java.base/java.util.concurrent.FutureTask.report(FutureTask.java:122)
	at java.base/java.util.concurrent.FutureTask.get(FutureTask.java:191)
	at jetbrains.exodus.newLogConcept.MVCC.MVCCDataStructure.commitTransaction(MVCCDataStructure.java:299)
	at site.ycsb.db.XodusClient.insert(XodusClient.java:60)
	at site.ycsb.DBWrapper.insert(DBWrapper.java:227)
	at site.ycsb.workloads.CoreWorkload.doInsert(CoreWorkload.java:621)
	at site.ycsb.ClientThread.run(ClientThread.java:135)
	at java.base/java.lang.Thread.run(Thread.java:829)
Caused by: jetbrains.exodus.ExodusException
	at jetbrains.exodus.newLogConcept.garbageCollector.OperationLogGarbageCollector.moveAndRemoveRecordsFromLog(OperationLogGarbageCollector.java:69)
	at jetbrains.exodus.newLogConcept.garbageCollector.OperationLogGarbageCollector.clean(OperationLogGarbageCollector.java:51)
	at jetbrains.exodus.newLogConcept.MVCC.MVCCDataStructure.lambda$commitTransaction$1(MVCCDataStructure.java:297)
	at java.base/java.util.concurrent.Executors$RunnableAdapter.call(Executors.java:515)
	at java.base/java.util.concurrent.FutureTask.run(FutureTask.java:264)
	at java.base/java.util.concurrent.ThreadPoolExecutor.runWorker(ThreadPoolExecutor.java:1128)
	at java.base/java.util.concurrent.ThreadPoolExecutor$Worker.run(ThreadPoolExecutor.java:628)
	... 1 more
java.util.concurrent.ExecutionException: jetbrains.exodus.ExodusException
	at java.base/java.util.concurrent.FutureTask.report(FutureTask.java:122)
	at java.base/java.util.concurrent.FutureTask.get(FutureTask.java:191)
	at jetbrains.exodus.newLogConcept.MVCC.MVCCDataStructure.commitTransaction(MVCCDataStructure.java:299)
	at site.ycsb.db.XodusClient.insert(XodusClient.java:60)
	at site.ycsb.DBWrapper.insert(DBWrapper.java:227)
	at site.ycsb.workloads.CoreWorkload.doInsert(CoreWorkload.java:621)
	at site.ycsb.ClientThread.run(ClientThread.java:135)
	at java.base/java.lang.Thread.run(Thread.java:829)
Caused by: jetbrains.exodus.ExodusException
	at jetbrains.exodus.newLogConcept.garbageCollector.OperationLogGarbageCollector.moveAndRemoveRecordsFromLog(OperationLogGarbageCollector.java:69)
	at jetbrains.exodus.newLogConcept.garbageCollector.OperationLogGarbageCollector.clean(OperationLogGarbageCollector.java:51)
	at jetbrains.exodus.newLogConcept.MVCC.MVCCDataStructure.lambda$commitTransaction$1(MVCCDataStructure.java:297)
	at java.base/java.util.concurrent.Executors$RunnableAdapter.call(Executors.java:515)
	at java.base/java.util.concurrent.FutureTask.run(FutureTask.java:264)
	at java.base/java.util.concurrent.ThreadPoolExecutor.runWorker(ThreadPoolExecutor.java:1128)
	at java.base/java.util.concurrent.ThreadPoolExecutor$Worker.run(ThreadPoolExecutor.java:628)
	... 1 more
java.util.concurrent.ExecutionException: jetbrains.exodus.ExodusException
	at java.base/java.util.concurrent.FutureTask.report(FutureTask.java:122)
	at java.base/java.util.concurrent.FutureTask.get(FutureTask.java:191)
	at jetbrains.exodus.newLogConcept.MVCC.MVCCDataStructure.commitTransaction(MVCCDataStructure.java:299)
	at site.ycsb.db.XodusClient.insert(XodusClient.java:60)
	at site.ycsb.DBWrapper.insert(DBWrapper.java:227)
	at site.ycsb.workloads.CoreWorkload.doInsert(CoreWorkload.java:621)
	at site.ycsb.ClientThread.run(ClientThread.java:135)
	at java.base/java.lang.Thread.run(Thread.java:829)
Caused by: jetbrains.exodus.ExodusException
	at jetbrains.exodus.newLogConcept.garbageCollector.OperationLogGarbageCollector.moveAndRemoveRecordsFromLog(OperationLogGarbageCollector.java:69)
	at jetbrains.exodus.newLogConcept.garbageCollector.OperationLogGarbageCollector.clean(OperationLogGarbageCollector.java:51)
	at jetbrains.exodus.newLogConcept.MVCC.MVCCDataStructure.lambda$commitTransaction$1(MVCCDataStructure.java:297)
	at java.base/java.util.concurrent.Executors$RunnableAdapter.call(Executors.java:515)
	at java.base/java.util.concurrent.FutureTask.run(FutureTask.java:264)
	at java.base/java.util.concurrent.ThreadPoolExecutor.runWorker(ThreadPoolExecutor.java:1128)
	at java.base/java.util.concurrent.ThreadPoolExecutor$Worker.run(ThreadPoolExecutor.java:628)
	... 1 more
java.util.concurrent.ExecutionException: jetbrains.exodus.ExodusException
	at java.base/java.util.concurrent.FutureTask.report(FutureTask.java:122)
	at java.base/java.util.concurrent.FutureTask.get(FutureTask.java:191)
	at jetbrains.exodus.newLogConcept.MVCC.MVCCDataStructure.commitTransaction(MVCCDataStructure.java:299)
	at site.ycsb.db.XodusClient.insert(XodusClient.java:60)
	at site.ycsb.DBWrapper.insert(DBWrapper.java:227)
	at site.ycsb.workloads.CoreWorkload.doInsert(CoreWorkload.java:621)
	at site.ycsb.ClientThread.run(ClientThread.java:135)
	at java.base/java.lang.Thread.run(Thread.java:829)
Caused by: jetbrains.exodus.ExodusException
	at jetbrains.exodus.newLogConcept.garbageCollector.OperationLogGarbageCollector.moveAndRemoveRecordsFromLog(OperationLogGarbageCollector.java:69)
	at jetbrains.exodus.newLogConcept.garbageCollector.OperationLogGarbageCollector.clean(OperationLogGarbageCollector.java:51)
	at jetbrains.exodus.newLogConcept.MVCC.MVCCDataStructure.lambda$commitTransaction$1(MVCCDataStructure.java:297)
	at java.base/java.util.concurrent.Executors$RunnableAdapter.call(Executors.java:515)
	at java.base/java.util.concurrent.FutureTask.run(FutureTask.java:264)
	at java.base/java.util.concurrent.ThreadPoolExecutor.runWorker(ThreadPoolExecutor.java:1128)
	at java.base/java.util.concurrent.ThreadPoolExecutor$Worker.run(ThreadPoolExecutor.java:628)
	... 1 more
java.util.concurrent.ExecutionException: jetbrains.exodus.ExodusException
	at java.base/java.util.concurrent.FutureTask.report(FutureTask.java:122)
	at java.base/java.util.concurrent.FutureTask.get(FutureTask.java:191)
	at jetbrains.exodus.newLogConcept.MVCC.MVCCDataStructure.commitTransaction(MVCCDataStructure.java:299)
	at site.ycsb.db.XodusClient.insert(XodusClient.java:60)
	at site.ycsb.DBWrapper.insert(DBWrapper.java:227)
	at site.ycsb.workloads.CoreWorkload.doInsert(CoreWorkload.java:621)
	at site.ycsb.ClientThread.run(ClientThread.java:135)
	at java.base/java.lang.Thread.run(Thread.java:829)
Caused by: jetbrains.exodus.ExodusException
	at jetbrains.exodus.newLogConcept.garbageCollector.OperationLogGarbageCollector.moveAndRemoveRecordsFromLog(OperationLogGarbageCollector.java:69)
	at jetbrains.exodus.newLogConcept.garbageCollector.OperationLogGarbageCollector.clean(OperationLogGarbageCollector.java:51)
	at jetbrains.exodus.newLogConcept.MVCC.MVCCDataStructure.lambda$commitTransaction$1(MVCCDataStructure.java:297)
	at java.base/java.util.concurrent.Executors$RunnableAdapter.call(Executors.java:515)
	at java.base/java.util.concurrent.FutureTask.run(FutureTask.java:264)
	at java.base/java.util.concurrent.ThreadPoolExecutor.runWorker(ThreadPoolExecutor.java:1128)
	at java.base/java.util.concurrent.ThreadPoolExecutor$Worker.run(ThreadPoolExecutor.java:628)
	... 1 more
java.util.concurrent.ExecutionException: jetbrains.exodus.ExodusException
	at java.base/java.util.concurrent.FutureTask.report(FutureTask.java:122)
	at java.base/java.util.concurrent.FutureTask.get(FutureTask.java:191)
	at jetbrains.exodus.newLogConcept.MVCC.MVCCDataStructure.commitTransaction(MVCCDataStructure.java:299)
	at site.ycsb.db.XodusClient.insert(XodusClient.java:60)
	at site.ycsb.DBWrapper.insert(DBWrapper.java:227)
	at site.ycsb.workloads.CoreWorkload.doInsert(CoreWorkload.java:621)
	at site.ycsb.ClientThread.run(ClientThread.java:135)
	at java.base/java.lang.Thread.run(Thread.java:829)
Caused by: jetbrains.exodus.ExodusException
	at jetbrains.exodus.newLogConcept.garbageCollector.OperationLogGarbageCollector.moveAndRemoveRecordsFromLog(OperationLogGarbageCollector.java:69)
	at jetbrains.exodus.newLogConcept.garbageCollector.OperationLogGarbageCollector.clean(OperationLogGarbageCollector.java:51)
	at jetbrains.exodus.newLogConcept.MVCC.MVCCDataStructure.lambda$commitTransaction$1(MVCCDataStructure.java:297)
	at java.base/java.util.concurrent.Executors$RunnableAdapter.call(Executors.java:515)
	at java.base/java.util.concurrent.FutureTask.run(FutureTask.java:264)
	at java.base/java.util.concurrent.ThreadPoolExecutor.runWorker(ThreadPoolExecutor.java:1128)
	at java.base/java.util.concurrent.ThreadPoolExecutor$Worker.run(ThreadPoolExecutor.java:628)
	... 1 more
java.util.concurrent.ExecutionException: jetbrains.exodus.ExodusException
	at java.base/java.util.concurrent.FutureTask.report(FutureTask.java:122)
	at java.base/java.util.concurrent.FutureTask.get(FutureTask.java:191)
	at jetbrains.exodus.newLogConcept.MVCC.MVCCDataStructure.commitTransaction(MVCCDataStructure.java:299)
	at site.ycsb.db.XodusClient.insert(XodusClient.java:60)
	at site.ycsb.DBWrapper.insert(DBWrapper.java:227)
	at site.ycsb.workloads.CoreWorkload.doInsert(CoreWorkload.java:621)
	at site.ycsb.ClientThread.run(ClientThread.java:135)
	at java.base/java.lang.Thread.run(Thread.java:829)
Caused by: jetbrains.exodus.ExodusException
	at jetbrains.exodus.newLogConcept.garbageCollector.OperationLogGarbageCollector.moveAndRemoveRecordsFromLog(OperationLogGarbageCollector.java:69)
	at jetbrains.exodus.newLogConcept.garbageCollector.OperationLogGarbageCollector.clean(OperationLogGarbageCollector.java:51)
	at jetbrains.exodus.newLogConcept.MVCC.MVCCDataStructure.lambda$commitTransaction$1(MVCCDataStructure.java:297)
	at java.base/java.util.concurrent.Executors$RunnableAdapter.call(Executors.java:515)
	at java.base/java.util.concurrent.FutureTask.run(FutureTask.java:264)
	at java.base/java.util.concurrent.ThreadPoolExecutor.runWorker(ThreadPoolExecutor.java:1128)
	at java.base/java.util.concurrent.ThreadPoolExecutor$Worker.run(ThreadPoolExecutor.java:628)
	... 1 more
java.util.concurrent.ExecutionException: jetbrains.exodus.ExodusException
	at java.base/java.util.concurrent.FutureTask.report(FutureTask.java:122)
	at java.base/java.util.concurrent.FutureTask.get(FutureTask.java:191)
	at jetbrains.exodus.newLogConcept.MVCC.MVCCDataStructure.commitTransaction(MVCCDataStructure.java:299)
	at site.ycsb.db.XodusClient.insert(XodusClient.java:60)
	at site.ycsb.DBWrapper.insert(DBWrapper.java:227)
	at site.ycsb.workloads.CoreWorkload.doInsert(CoreWorkload.java:621)
	at site.ycsb.ClientThread.run(ClientThread.java:135)
	at java.base/java.lang.Thread.run(Thread.java:829)
Caused by: jetbrains.exodus.ExodusException
	at jetbrains.exodus.newLogConcept.garbageCollector.OperationLogGarbageCollector.moveAndRemoveRecordsFromLog(OperationLogGarbageCollector.java:69)
	at jetbrains.exodus.newLogConcept.garbageCollector.OperationLogGarbageCollector.clean(OperationLogGarbageCollector.java:51)
	at jetbrains.exodus.newLogConcept.MVCC.MVCCDataStructure.lambda$commitTransaction$1(MVCCDataStructure.java:297)
	at java.base/java.util.concurrent.Executors$RunnableAdapter.call(Executors.java:515)
	at java.base/java.util.concurrent.FutureTask.run(FutureTask.java:264)
	at java.base/java.util.concurrent.ThreadPoolExecutor.runWorker(ThreadPoolExecutor.java:1128)
	at java.base/java.util.concurrent.ThreadPoolExecutor$Worker.run(ThreadPoolExecutor.java:628)
	... 1 more
java.util.concurrent.ExecutionException: jetbrains.exodus.ExodusException
	at java.base/java.util.concurrent.FutureTask.report(FutureTask.java:122)
	at java.base/java.util.concurrent.FutureTask.get(FutureTask.java:191)
	at jetbrains.exodus.newLogConcept.MVCC.MVCCDataStructure.commitTransaction(MVCCDataStructure.java:299)
	at site.ycsb.db.XodusClient.insert(XodusClient.java:60)
	at site.ycsb.DBWrapper.insert(DBWrapper.java:227)
	at site.ycsb.workloads.CoreWorkload.doInsert(CoreWorkload.java:621)
	at site.ycsb.ClientThread.run(ClientThread.java:135)
	at java.base/java.lang.Thread.run(Thread.java:829)
Caused by: jetbrains.exodus.ExodusException
	at jetbrains.exodus.newLogConcept.garbageCollector.OperationLogGarbageCollector.moveAndRemoveRecordsFromLog(OperationLogGarbageCollector.java:69)
	at jetbrains.exodus.newLogConcept.garbageCollector.OperationLogGarbageCollector.clean(OperationLogGarbageCollector.java:51)
	at jetbrains.exodus.newLogConcept.MVCC.MVCCDataStructure.lambda$commitTransaction$1(MVCCDataStructure.java:297)
	at java.base/java.util.concurrent.Executors$RunnableAdapter.call(Executors.java:515)
	at java.base/java.util.concurrent.FutureTask.run(FutureTask.java:264)
	at java.base/java.util.concurrent.ThreadPoolExecutor.runWorker(ThreadPoolExecutor.java:1128)
	at java.base/java.util.concurrent.ThreadPoolExecutor$Worker.run(ThreadPoolExecutor.java:628)
	... 1 more
java.util.concurrent.ExecutionException: jetbrains.exodus.ExodusException
	at java.base/java.util.concurrent.FutureTask.report(FutureTask.java:122)
	at java.base/java.util.concurrent.FutureTask.get(FutureTask.java:191)
	at jetbrains.exodus.newLogConcept.MVCC.MVCCDataStructure.commitTransaction(MVCCDataStructure.java:299)
	at site.ycsb.db.XodusClient.insert(XodusClient.java:60)
	at site.ycsb.DBWrapper.insert(DBWrapper.java:227)
	at site.ycsb.workloads.CoreWorkload.doInsert(CoreWorkload.java:621)
	at site.ycsb.ClientThread.run(ClientThread.java:135)
	at java.base/java.lang.Thread.run(Thread.java:829)
Caused by: jetbrains.exodus.ExodusException
	at jetbrains.exodus.newLogConcept.garbageCollector.OperationLogGarbageCollector.moveAndRemoveRecordsFromLog(OperationLogGarbageCollector.java:69)
	at jetbrains.exodus.newLogConcept.garbageCollector.OperationLogGarbageCollector.clean(OperationLogGarbageCollector.java:51)
	at jetbrains.exodus.newLogConcept.MVCC.MVCCDataStructure.lambda$commitTransaction$1(MVCCDataStructure.java:297)
	at java.base/java.util.concurrent.Executors$RunnableAdapter.call(Executors.java:515)
	at java.base/java.util.concurrent.FutureTask.run(FutureTask.java:264)
	at java.base/java.util.concurrent.ThreadPoolExecutor.runWorker(ThreadPoolExecutor.java:1128)
	at java.base/java.util.concurrent.ThreadPoolExecutor$Worker.run(ThreadPoolExecutor.java:628)
	... 1 more
java.util.concurrent.ExecutionException: jetbrains.exodus.ExodusException
	at java.base/java.util.concurrent.FutureTask.report(FutureTask.java:122)
	at java.base/java.util.concurrent.FutureTask.get(FutureTask.java:191)
	at jetbrains.exodus.newLogConcept.MVCC.MVCCDataStructure.commitTransaction(MVCCDataStructure.java:299)
	at site.ycsb.db.XodusClient.insert(XodusClient.java:60)
	at site.ycsb.DBWrapper.insert(DBWrapper.java:227)
	at site.ycsb.workloads.CoreWorkload.doInsert(CoreWorkload.java:621)
	at site.ycsb.ClientThread.run(ClientThread.java:135)
	at java.base/java.lang.Thread.run(Thread.java:829)
Caused by: jetbrains.exodus.ExodusException
	at jetbrains.exodus.newLogConcept.garbageCollector.OperationLogGarbageCollector.moveAndRemoveRecordsFromLog(OperationLogGarbageCollector.java:69)
	at jetbrains.exodus.newLogConcept.garbageCollector.OperationLogGarbageCollector.clean(OperationLogGarbageCollector.java:51)
	at jetbrains.exodus.newLogConcept.MVCC.MVCCDataStructure.lambda$commitTransaction$1(MVCCDataStructure.java:297)
	at java.base/java.util.concurrent.Executors$RunnableAdapter.call(Executors.java:515)
	at java.base/java.util.concurrent.FutureTask.run(FutureTask.java:264)
	at java.base/java.util.concurrent.ThreadPoolExecutor.runWorker(ThreadPoolExecutor.java:1128)
	at java.base/java.util.concurrent.ThreadPoolExecutor$Worker.run(ThreadPoolExecutor.java:628)
	... 1 more
java.util.concurrent.ExecutionException: jetbrains.exodus.ExodusException
	at java.base/java.util.concurrent.FutureTask.report(FutureTask.java:122)
	at java.base/java.util.concurrent.FutureTask.get(FutureTask.java:191)
	at jetbrains.exodus.newLogConcept.MVCC.MVCCDataStructure.commitTransaction(MVCCDataStructure.java:299)
	at site.ycsb.db.XodusClient.insert(XodusClient.java:60)
	at site.ycsb.DBWrapper.insert(DBWrapper.java:227)
	at site.ycsb.workloads.CoreWorkload.doInsert(CoreWorkload.java:621)
	at site.ycsb.ClientThread.run(ClientThread.java:135)
	at java.base/java.lang.Thread.run(Thread.java:829)
Caused by: jetbrains.exodus.ExodusException
	at jetbrains.exodus.newLogConcept.garbageCollector.OperationLogGarbageCollector.moveAndRemoveRecordsFromLog(OperationLogGarbageCollector.java:69)
	at jetbrains.exodus.newLogConcept.garbageCollector.OperationLogGarbageCollector.clean(OperationLogGarbageCollector.java:51)
	at jetbrains.exodus.newLogConcept.MVCC.MVCCDataStructure.lambda$commitTransaction$1(MVCCDataStructure.java:297)
	at java.base/java.util.concurrent.Executors$RunnableAdapter.call(Executors.java:515)
	at java.base/java.util.concurrent.FutureTask.run(FutureTask.java:264)
	at java.base/java.util.concurrent.ThreadPoolExecutor.runWorker(ThreadPoolExecutor.java:1128)
	at java.base/java.util.concurrent.ThreadPoolExecutor$Worker.run(ThreadPoolExecutor.java:628)
	... 1 more
java.util.concurrent.ExecutionException: jetbrains.exodus.ExodusException
	at java.base/java.util.concurrent.FutureTask.report(FutureTask.java:122)
	at java.base/java.util.concurrent.FutureTask.get(FutureTask.java:191)
	at jetbrains.exodus.newLogConcept.MVCC.MVCCDataStructure.commitTransaction(MVCCDataStructure.java:299)
	at site.ycsb.db.XodusClient.insert(XodusClient.java:60)
	at site.ycsb.DBWrapper.insert(DBWrapper.java:227)
	at site.ycsb.workloads.CoreWorkload.doInsert(CoreWorkload.java:621)
	at site.ycsb.ClientThread.run(ClientThread.java:135)
	at java.base/java.lang.Thread.run(Thread.java:829)
Caused by: jetbrains.exodus.ExodusException
	at jetbrains.exodus.newLogConcept.garbageCollector.OperationLogGarbageCollector.moveAndRemoveRecordsFromLog(OperationLogGarbageCollector.java:69)
	at jetbrains.exodus.newLogConcept.garbageCollector.OperationLogGarbageCollector.clean(OperationLogGarbageCollector.java:51)
	at jetbrains.exodus.newLogConcept.MVCC.MVCCDataStructure.lambda$commitTransaction$1(MVCCDataStructure.java:297)
	at java.base/java.util.concurrent.Executors$RunnableAdapter.call(Executors.java:515)
	at java.base/java.util.concurrent.FutureTask.run(FutureTask.java:264)
	at java.base/java.util.concurrent.ThreadPoolExecutor.runWorker(ThreadPoolExecutor.java:1128)
	at java.base/java.util.concurrent.ThreadPoolExecutor$Worker.run(ThreadPoolExecutor.java:628)
	... 1 more
java.util.concurrent.ExecutionException: jetbrains.exodus.ExodusException
	at java.base/java.util.concurrent.FutureTask.report(FutureTask.java:122)
	at java.base/java.util.concurrent.FutureTask.get(FutureTask.java:191)
	at jetbrains.exodus.newLogConcept.MVCC.MVCCDataStructure.commitTransaction(MVCCDataStructure.java:299)
	at site.ycsb.db.XodusClient.insert(XodusClient.java:60)
	at site.ycsb.DBWrapper.insert(DBWrapper.java:227)
	at site.ycsb.workloads.CoreWorkload.doInsert(CoreWorkload.java:621)
	at site.ycsb.ClientThread.run(ClientThread.java:135)
	at java.base/java.lang.Thread.run(Thread.java:829)
Caused by: jetbrains.exodus.ExodusException
	at jetbrains.exodus.newLogConcept.garbageCollector.OperationLogGarbageCollector.moveAndRemoveRecordsFromLog(OperationLogGarbageCollector.java:69)
	at jetbrains.exodus.newLogConcept.garbageCollector.OperationLogGarbageCollector.clean(OperationLogGarbageCollector.java:51)
	at jetbrains.exodus.newLogConcept.MVCC.MVCCDataStructure.lambda$commitTransaction$1(MVCCDataStructure.java:297)
	at java.base/java.util.concurrent.Executors$RunnableAdapter.call(Executors.java:515)
	at java.base/java.util.concurrent.FutureTask.run(FutureTask.java:264)
	at java.base/java.util.concurrent.ThreadPoolExecutor.runWorker(ThreadPoolExecutor.java:1128)
	at java.base/java.util.concurrent.ThreadPoolExecutor$Worker.run(ThreadPoolExecutor.java:628)
	... 1 more
java.util.concurrent.ExecutionException: jetbrains.exodus.ExodusException
	at java.base/java.util.concurrent.FutureTask.report(FutureTask.java:122)
	at java.base/java.util.concurrent.FutureTask.get(FutureTask.java:191)
	at jetbrains.exodus.newLogConcept.MVCC.MVCCDataStructure.commitTransaction(MVCCDataStructure.java:299)
	at site.ycsb.db.XodusClient.insert(XodusClient.java:60)
	at site.ycsb.DBWrapper.insert(DBWrapper.java:227)
	at site.ycsb.workloads.CoreWorkload.doInsert(CoreWorkload.java:621)
	at site.ycsb.ClientThread.run(ClientThread.java:135)
	at java.base/java.lang.Thread.run(Thread.java:829)
Caused by: jetbrains.exodus.ExodusException
	at jetbrains.exodus.newLogConcept.garbageCollector.OperationLogGarbageCollector.moveAndRemoveRecordsFromLog(OperationLogGarbageCollector.java:69)
	at jetbrains.exodus.newLogConcept.garbageCollector.OperationLogGarbageCollector.clean(OperationLogGarbageCollector.java:51)
	at jetbrains.exodus.newLogConcept.MVCC.MVCCDataStructure.lambda$commitTransaction$1(MVCCDataStructure.java:297)
	at java.base/java.util.concurrent.Executors$RunnableAdapter.call(Executors.java:515)
	at java.base/java.util.concurrent.FutureTask.run(FutureTask.java:264)
	at java.base/java.util.concurrent.ThreadPoolExecutor.runWorker(ThreadPoolExecutor.java:1128)
	at java.base/java.util.concurrent.ThreadPoolExecutor$Worker.run(ThreadPoolExecutor.java:628)
	... 1 more
java.util.concurrent.ExecutionException: jetbrains.exodus.ExodusException
	at java.base/java.util.concurrent.FutureTask.report(FutureTask.java:122)
	at java.base/java.util.concurrent.FutureTask.get(FutureTask.java:191)
	at jetbrains.exodus.newLogConcept.MVCC.MVCCDataStructure.commitTransaction(MVCCDataStructure.java:299)
	at site.ycsb.db.XodusClient.insert(XodusClient.java:60)
	at site.ycsb.DBWrapper.insert(DBWrapper.java:227)
	at site.ycsb.workloads.CoreWorkload.doInsert(CoreWorkload.java:621)
	at site.ycsb.ClientThread.run(ClientThread.java:135)
	at java.base/java.lang.Thread.run(Thread.java:829)
Caused by: jetbrains.exodus.ExodusException
	at jetbrains.exodus.newLogConcept.garbageCollector.OperationLogGarbageCollector.moveAndRemoveRecordsFromLog(OperationLogGarbageCollector.java:69)
	at jetbrains.exodus.newLogConcept.garbageCollector.OperationLogGarbageCollector.clean(OperationLogGarbageCollector.java:51)
	at jetbrains.exodus.newLogConcept.MVCC.MVCCDataStructure.lambda$commitTransaction$1(MVCCDataStructure.java:297)
	at java.base/java.util.concurrent.Executors$RunnableAdapter.call(Executors.java:515)
	at java.base/java.util.concurrent.FutureTask.run(FutureTask.java:264)
	at java.base/java.util.concurrent.ThreadPoolExecutor.runWorker(ThreadPoolExecutor.java:1128)
	at java.base/java.util.concurrent.ThreadPoolExecutor$Worker.run(ThreadPoolExecutor.java:628)
	... 1 more
java.util.concurrent.ExecutionException: jetbrains.exodus.ExodusException
	at java.base/java.util.concurrent.FutureTask.report(FutureTask.java:122)
	at java.base/java.util.concurrent.FutureTask.get(FutureTask.java:191)
	at jetbrains.exodus.newLogConcept.MVCC.MVCCDataStructure.commitTransaction(MVCCDataStructure.java:299)
	at site.ycsb.db.XodusClient.insert(XodusClient.java:60)
	at site.ycsb.DBWrapper.insert(DBWrapper.java:227)
	at site.ycsb.workloads.CoreWorkload.doInsert(CoreWorkload.java:621)
	at site.ycsb.ClientThread.run(ClientThread.java:135)
	at java.base/java.lang.Thread.run(Thread.java:829)
Caused by: jetbrains.exodus.ExodusException
	at jetbrains.exodus.newLogConcept.garbageCollector.OperationLogGarbageCollector.moveAndRemoveRecordsFromLog(OperationLogGarbageCollector.java:69)
	at jetbrains.exodus.newLogConcept.garbageCollector.OperationLogGarbageCollector.clean(OperationLogGarbageCollector.java:51)
	at jetbrains.exodus.newLogConcept.MVCC.MVCCDataStructure.lambda$commitTransaction$1(MVCCDataStructure.java:297)
	at java.base/java.util.concurrent.Executors$RunnableAdapter.call(Executors.java:515)
	at java.base/java.util.concurrent.FutureTask.run(FutureTask.java:264)
	at java.base/java.util.concurrent.ThreadPoolExecutor.runWorker(ThreadPoolExecutor.java:1128)
	at java.base/java.util.concurrent.ThreadPoolExecutor$Worker.run(ThreadPoolExecutor.java:628)
	... 1 more
java.util.concurrent.ExecutionException: jetbrains.exodus.ExodusException
	at java.base/java.util.concurrent.FutureTask.report(FutureTask.java:122)
	at java.base/java.util.concurrent.FutureTask.get(FutureTask.java:191)
	at jetbrains.exodus.newLogConcept.MVCC.MVCCDataStructure.commitTransaction(MVCCDataStructure.java:299)
	at site.ycsb.db.XodusClient.insert(XodusClient.java:60)
	at site.ycsb.DBWrapper.insert(DBWrapper.java:227)
	at site.ycsb.workloads.CoreWorkload.doInsert(CoreWorkload.java:621)
	at site.ycsb.ClientThread.run(ClientThread.java:135)
	at java.base/java.lang.Thread.run(Thread.java:829)
Caused by: jetbrains.exodus.ExodusException
	at jetbrains.exodus.newLogConcept.garbageCollector.OperationLogGarbageCollector.moveAndRemoveRecordsFromLog(OperationLogGarbageCollector.java:69)
	at jetbrains.exodus.newLogConcept.garbageCollector.OperationLogGarbageCollector.clean(OperationLogGarbageCollector.java:51)
	at jetbrains.exodus.newLogConcept.MVCC.MVCCDataStructure.lambda$commitTransaction$1(MVCCDataStructure.java:297)
	at java.base/java.util.concurrent.Executors$RunnableAdapter.call(Executors.java:515)
	at java.base/java.util.concurrent.FutureTask.run(FutureTask.java:264)
	at java.base/java.util.concurrent.ThreadPoolExecutor.runWorker(ThreadPoolExecutor.java:1128)
	at java.base/java.util.concurrent.ThreadPoolExecutor$Worker.run(ThreadPoolExecutor.java:628)
	... 1 more
java.util.concurrent.ExecutionException: jetbrains.exodus.ExodusException
	at java.base/java.util.concurrent.FutureTask.report(FutureTask.java:122)
	at java.base/java.util.concurrent.FutureTask.get(FutureTask.java:191)
	at jetbrains.exodus.newLogConcept.MVCC.MVCCDataStructure.commitTransaction(MVCCDataStructure.java:299)
	at site.ycsb.db.XodusClient.insert(XodusClient.java:60)
	at site.ycsb.DBWrapper.insert(DBWrapper.java:227)
	at site.ycsb.workloads.CoreWorkload.doInsert(CoreWorkload.java:621)
	at site.ycsb.ClientThread.run(ClientThread.java:135)
	at java.base/java.lang.Thread.run(Thread.java:829)
Caused by: jetbrains.exodus.ExodusException
	at jetbrains.exodus.newLogConcept.garbageCollector.OperationLogGarbageCollector.moveAndRemoveRecordsFromLog(OperationLogGarbageCollector.java:69)
	at jetbrains.exodus.newLogConcept.garbageCollector.OperationLogGarbageCollector.clean(OperationLogGarbageCollector.java:51)
	at jetbrains.exodus.newLogConcept.MVCC.MVCCDataStructure.lambda$commitTransaction$1(MVCCDataStructure.java:297)
	at java.base/java.util.concurrent.Executors$RunnableAdapter.call(Executors.java:515)
	at java.base/java.util.concurrent.FutureTask.run(FutureTask.java:264)
	at java.base/java.util.concurrent.ThreadPoolExecutor.runWorker(ThreadPoolExecutor.java:1128)
	at java.base/java.util.concurrent.ThreadPoolExecutor$Worker.run(ThreadPoolExecutor.java:628)
	... 1 more
java.util.concurrent.ExecutionException: jetbrains.exodus.ExodusException
	at java.base/java.util.concurrent.FutureTask.report(FutureTask.java:122)
	at java.base/java.util.concurrent.FutureTask.get(FutureTask.java:191)
	at jetbrains.exodus.newLogConcept.MVCC.MVCCDataStructure.commitTransaction(MVCCDataStructure.java:299)
	at site.ycsb.db.XodusClient.insert(XodusClient.java:60)
	at site.ycsb.DBWrapper.insert(DBWrapper.java:227)
	at site.ycsb.workloads.CoreWorkload.doInsert(CoreWorkload.java:621)
	at site.ycsb.ClientThread.run(ClientThread.java:135)
	at java.base/java.lang.Thread.run(Thread.java:829)
Caused by: jetbrains.exodus.ExodusException
	at jetbrains.exodus.newLogConcept.garbageCollector.OperationLogGarbageCollector.moveAndRemoveRecordsFromLog(OperationLogGarbageCollector.java:69)
	at jetbrains.exodus.newLogConcept.garbageCollector.OperationLogGarbageCollector.clean(OperationLogGarbageCollector.java:51)
	at jetbrains.exodus.newLogConcept.MVCC.MVCCDataStructure.lambda$commitTransaction$1(MVCCDataStructure.java:297)
	at java.base/java.util.concurrent.Executors$RunnableAdapter.call(Executors.java:515)
	at java.base/java.util.concurrent.FutureTask.run(FutureTask.java:264)
	at java.base/java.util.concurrent.ThreadPoolExecutor.runWorker(ThreadPoolExecutor.java:1128)
	at java.base/java.util.concurrent.ThreadPoolExecutor$Worker.run(ThreadPoolExecutor.java:628)
	... 1 more
java.util.concurrent.ExecutionException: jetbrains.exodus.ExodusException
	at java.base/java.util.concurrent.FutureTask.report(FutureTask.java:122)
	at java.base/java.util.concurrent.FutureTask.get(FutureTask.java:191)
	at jetbrains.exodus.newLogConcept.MVCC.MVCCDataStructure.commitTransaction(MVCCDataStructure.java:299)
	at site.ycsb.db.XodusClient.insert(XodusClient.java:60)
	at site.ycsb.DBWrapper.insert(DBWrapper.java:227)
	at site.ycsb.workloads.CoreWorkload.doInsert(CoreWorkload.java:621)
	at site.ycsb.ClientThread.run(ClientThread.java:135)
	at java.base/java.lang.Thread.run(Thread.java:829)
Caused by: jetbrains.exodus.ExodusException
	at jetbrains.exodus.newLogConcept.garbageCollector.OperationLogGarbageCollector.moveAndRemoveRecordsFromLog(OperationLogGarbageCollector.java:69)
	at jetbrains.exodus.newLogConcept.garbageCollector.OperationLogGarbageCollector.clean(OperationLogGarbageCollector.java:51)
	at jetbrains.exodus.newLogConcept.MVCC.MVCCDataStructure.lambda$commitTransaction$1(MVCCDataStructure.java:297)
	at java.base/java.util.concurrent.Executors$RunnableAdapter.call(Executors.java:515)
	at java.base/java.util.concurrent.FutureTask.run(FutureTask.java:264)
	at java.base/java.util.concurrent.ThreadPoolExecutor.runWorker(ThreadPoolExecutor.java:1128)
	at java.base/java.util.concurrent.ThreadPoolExecutor$Worker.run(ThreadPoolExecutor.java:628)
	... 1 more
java.util.concurrent.ExecutionException: jetbrains.exodus.ExodusException
	at java.base/java.util.concurrent.FutureTask.report(FutureTask.java:122)
	at java.base/java.util.concurrent.FutureTask.get(FutureTask.java:191)
	at jetbrains.exodus.newLogConcept.MVCC.MVCCDataStructure.commitTransaction(MVCCDataStructure.java:299)
	at site.ycsb.db.XodusClient.insert(XodusClient.java:60)
	at site.ycsb.DBWrapper.insert(DBWrapper.java:227)
	at site.ycsb.workloads.CoreWorkload.doInsert(CoreWorkload.java:621)
	at site.ycsb.ClientThread.run(ClientThread.java:135)
	at java.base/java.lang.Thread.run(Thread.java:829)
Caused by: jetbrains.exodus.ExodusException
	at jetbrains.exodus.newLogConcept.garbageCollector.OperationLogGarbageCollector.moveAndRemoveRecordsFromLog(OperationLogGarbageCollector.java:69)
	at jetbrains.exodus.newLogConcept.garbageCollector.OperationLogGarbageCollector.clean(OperationLogGarbageCollector.java:51)
	at jetbrains.exodus.newLogConcept.MVCC.MVCCDataStructure.lambda$commitTransaction$1(MVCCDataStructure.java:297)
	at java.base/java.util.concurrent.Executors$RunnableAdapter.call(Executors.java:515)
	at java.base/java.util.concurrent.FutureTask.run(FutureTask.java:264)
	at java.base/java.util.concurrent.ThreadPoolExecutor.runWorker(ThreadPoolExecutor.java:1128)
	at java.base/java.util.concurrent.ThreadPoolExecutor$Worker.run(ThreadPoolExecutor.java:628)
	... 1 more
java.util.concurrent.ExecutionException: jetbrains.exodus.ExodusException
	at java.base/java.util.concurrent.FutureTask.report(FutureTask.java:122)
	at java.base/java.util.concurrent.FutureTask.get(FutureTask.java:191)
	at jetbrains.exodus.newLogConcept.MVCC.MVCCDataStructure.commitTransaction(MVCCDataStructure.java:299)
	at site.ycsb.db.XodusClient.insert(XodusClient.java:60)
	at site.ycsb.DBWrapper.insert(DBWrapper.java:227)
	at site.ycsb.workloads.CoreWorkload.doInsert(CoreWorkload.java:621)
	at site.ycsb.ClientThread.run(ClientThread.java:135)
	at java.base/java.lang.Thread.run(Thread.java:829)
Caused by: jetbrains.exodus.ExodusException
	at jetbrains.exodus.newLogConcept.garbageCollector.OperationLogGarbageCollector.moveAndRemoveRecordsFromLog(OperationLogGarbageCollector.java:69)
	at jetbrains.exodus.newLogConcept.garbageCollector.OperationLogGarbageCollector.clean(OperationLogGarbageCollector.java:51)
	at jetbrains.exodus.newLogConcept.MVCC.MVCCDataStructure.lambda$commitTransaction$1(MVCCDataStructure.java:297)
	at java.base/java.util.concurrent.Executors$RunnableAdapter.call(Executors.java:515)
	at java.base/java.util.concurrent.FutureTask.run(FutureTask.java:264)
	at java.base/java.util.concurrent.ThreadPoolExecutor.runWorker(ThreadPoolExecutor.java:1128)
	at java.base/java.util.concurrent.ThreadPoolExecutor$Worker.run(ThreadPoolExecutor.java:628)
	... 1 more
java.util.concurrent.ExecutionException: jetbrains.exodus.ExodusException
	at java.base/java.util.concurrent.FutureTask.report(FutureTask.java:122)
	at java.base/java.util.concurrent.FutureTask.get(FutureTask.java:191)
	at jetbrains.exodus.newLogConcept.MVCC.MVCCDataStructure.commitTransaction(MVCCDataStructure.java:299)
	at site.ycsb.db.XodusClient.insert(XodusClient.java:60)
	at site.ycsb.DBWrapper.insert(DBWrapper.java:227)
	at site.ycsb.workloads.CoreWorkload.doInsert(CoreWorkload.java:621)
	at site.ycsb.ClientThread.run(ClientThread.java:135)
	at java.base/java.lang.Thread.run(Thread.java:829)
Caused by: jetbrains.exodus.ExodusException
	at jetbrains.exodus.newLogConcept.garbageCollector.OperationLogGarbageCollector.moveAndRemoveRecordsFromLog(OperationLogGarbageCollector.java:69)
	at jetbrains.exodus.newLogConcept.garbageCollector.OperationLogGarbageCollector.clean(OperationLogGarbageCollector.java:51)
	at jetbrains.exodus.newLogConcept.MVCC.MVCCDataStructure.lambda$commitTransaction$1(MVCCDataStructure.java:297)
	at java.base/java.util.concurrent.Executors$RunnableAdapter.call(Executors.java:515)
	at java.base/java.util.concurrent.FutureTask.run(FutureTask.java:264)
	at java.base/java.util.concurrent.ThreadPoolExecutor.runWorker(ThreadPoolExecutor.java:1128)
	at java.base/java.util.concurrent.ThreadPoolExecutor$Worker.run(ThreadPoolExecutor.java:628)
	... 1 more
java.util.concurrent.ExecutionException: jetbrains.exodus.ExodusException
	at java.base/java.util.concurrent.FutureTask.report(FutureTask.java:122)
	at java.base/java.util.concurrent.FutureTask.get(FutureTask.java:191)
	at jetbrains.exodus.newLogConcept.MVCC.MVCCDataStructure.commitTransaction(MVCCDataStructure.java:299)
	at site.ycsb.db.XodusClient.insert(XodusClient.java:60)
	at site.ycsb.DBWrapper.insert(DBWrapper.java:227)
	at site.ycsb.workloads.CoreWorkload.doInsert(CoreWorkload.java:621)
	at site.ycsb.ClientThread.run(ClientThread.java:135)
	at java.base/java.lang.Thread.run(Thread.java:829)
Caused by: jetbrains.exodus.ExodusException
	at jetbrains.exodus.newLogConcept.garbageCollector.OperationLogGarbageCollector.moveAndRemoveRecordsFromLog(OperationLogGarbageCollector.java:69)
	at jetbrains.exodus.newLogConcept.garbageCollector.OperationLogGarbageCollector.clean(OperationLogGarbageCollector.java:51)
	at jetbrains.exodus.newLogConcept.MVCC.MVCCDataStructure.lambda$commitTransaction$1(MVCCDataStructure.java:297)
	at java.base/java.util.concurrent.Executors$RunnableAdapter.call(Executors.java:515)
	at java.base/java.util.concurrent.FutureTask.run(FutureTask.java:264)
	at java.base/java.util.concurrent.ThreadPoolExecutor.runWorker(ThreadPoolExecutor.java:1128)
	at java.base/java.util.concurrent.ThreadPoolExecutor$Worker.run(ThreadPoolExecutor.java:628)
	... 1 more
java.util.concurrent.ExecutionException: jetbrains.exodus.ExodusException
	at java.base/java.util.concurrent.FutureTask.report(FutureTask.java:122)
	at java.base/java.util.concurrent.FutureTask.get(FutureTask.java:191)
	at jetbrains.exodus.newLogConcept.MVCC.MVCCDataStructure.commitTransaction(MVCCDataStructure.java:299)
	at site.ycsb.db.XodusClient.insert(XodusClient.java:60)
	at site.ycsb.DBWrapper.insert(DBWrapper.java:227)
	at site.ycsb.workloads.CoreWorkload.doInsert(CoreWorkload.java:621)
	at site.ycsb.ClientThread.run(ClientThread.java:135)
	at java.base/java.lang.Thread.run(Thread.java:829)
Caused by: jetbrains.exodus.ExodusException
	at jetbrains.exodus.newLogConcept.garbageCollector.OperationLogGarbageCollector.moveAndRemoveRecordsFromLog(OperationLogGarbageCollector.java:69)
	at jetbrains.exodus.newLogConcept.garbageCollector.OperationLogGarbageCollector.clean(OperationLogGarbageCollector.java:51)
	at jetbrains.exodus.newLogConcept.MVCC.MVCCDataStructure.lambda$commitTransaction$1(MVCCDataStructure.java:297)
	at java.base/java.util.concurrent.Executors$RunnableAdapter.call(Executors.java:515)
	at java.base/java.util.concurrent.FutureTask.run(FutureTask.java:264)
	at java.base/java.util.concurrent.ThreadPoolExecutor.runWorker(ThreadPoolExecutor.java:1128)
	at java.base/java.util.concurrent.ThreadPoolExecutor$Worker.run(ThreadPoolExecutor.java:628)
	... 1 more
java.util.concurrent.ExecutionException: jetbrains.exodus.ExodusException
	at java.base/java.util.concurrent.FutureTask.report(FutureTask.java:122)
	at java.base/java.util.concurrent.FutureTask.get(FutureTask.java:191)
	at jetbrains.exodus.newLogConcept.MVCC.MVCCDataStructure.commitTransaction(MVCCDataStructure.java:299)
	at site.ycsb.db.XodusClient.insert(XodusClient.java:60)
	at site.ycsb.DBWrapper.insert(DBWrapper.java:227)
	at site.ycsb.workloads.CoreWorkload.doInsert(CoreWorkload.java:621)
	at site.ycsb.ClientThread.run(ClientThread.java:135)
	at java.base/java.lang.Thread.run(Thread.java:829)
Caused by: jetbrains.exodus.ExodusException
	at jetbrains.exodus.newLogConcept.garbageCollector.OperationLogGarbageCollector.moveAndRemoveRecordsFromLog(OperationLogGarbageCollector.java:69)
	at jetbrains.exodus.newLogConcept.garbageCollector.OperationLogGarbageCollector.clean(OperationLogGarbageCollector.java:51)
	at jetbrains.exodus.newLogConcept.MVCC.MVCCDataStructure.lambda$commitTransaction$1(MVCCDataStructure.java:297)
	at java.base/java.util.concurrent.Executors$RunnableAdapter.call(Executors.java:515)
	at java.base/java.util.concurrent.FutureTask.run(FutureTask.java:264)
	at java.base/java.util.concurrent.ThreadPoolExecutor.runWorker(ThreadPoolExecutor.java:1128)
	at java.base/java.util.concurrent.ThreadPoolExecutor$Worker.run(ThreadPoolExecutor.java:628)
	... 1 more
java.util.concurrent.ExecutionException: jetbrains.exodus.ExodusException
	at java.base/java.util.concurrent.FutureTask.report(FutureTask.java:122)
	at java.base/java.util.concurrent.FutureTask.get(FutureTask.java:191)
	at jetbrains.exodus.newLogConcept.MVCC.MVCCDataStructure.commitTransaction(MVCCDataStructure.java:299)
	at site.ycsb.db.XodusClient.insert(XodusClient.java:60)
	at site.ycsb.DBWrapper.insert(DBWrapper.java:227)
	at site.ycsb.workloads.CoreWorkload.doInsert(CoreWorkload.java:621)
	at site.ycsb.ClientThread.run(ClientThread.java:135)
	at java.base/java.lang.Thread.run(Thread.java:829)
Caused by: jetbrains.exodus.ExodusException
	at jetbrains.exodus.newLogConcept.garbageCollector.OperationLogGarbageCollector.moveAndRemoveRecordsFromLog(OperationLogGarbageCollector.java:69)
	at jetbrains.exodus.newLogConcept.garbageCollector.OperationLogGarbageCollector.clean(OperationLogGarbageCollector.java:51)
	at jetbrains.exodus.newLogConcept.MVCC.MVCCDataStructure.lambda$commitTransaction$1(MVCCDataStructure.java:297)
	at java.base/java.util.concurrent.Executors$RunnableAdapter.call(Executors.java:515)
	at java.base/java.util.concurrent.FutureTask.run(FutureTask.java:264)
	at java.base/java.util.concurrent.ThreadPoolExecutor.runWorker(ThreadPoolExecutor.java:1128)
	at java.base/java.util.concurrent.ThreadPoolExecutor$Worker.run(ThreadPoolExecutor.java:628)
	... 1 more
java.util.concurrent.ExecutionException: jetbrains.exodus.ExodusException
	at java.base/java.util.concurrent.FutureTask.report(FutureTask.java:122)
	at java.base/java.util.concurrent.FutureTask.get(FutureTask.java:191)
	at jetbrains.exodus.newLogConcept.MVCC.MVCCDataStructure.commitTransaction(MVCCDataStructure.java:299)
	at site.ycsb.db.XodusClient.insert(XodusClient.java:60)
	at site.ycsb.DBWrapper.insert(DBWrapper.java:227)
	at site.ycsb.workloads.CoreWorkload.doInsert(CoreWorkload.java:621)
	at site.ycsb.ClientThread.run(ClientThread.java:135)
	at java.base/java.lang.Thread.run(Thread.java:829)
Caused by: jetbrains.exodus.ExodusException
	at jetbrains.exodus.newLogConcept.garbageCollector.OperationLogGarbageCollector.moveAndRemoveRecordsFromLog(OperationLogGarbageCollector.java:69)
	at jetbrains.exodus.newLogConcept.garbageCollector.OperationLogGarbageCollector.clean(OperationLogGarbageCollector.java:51)
	at jetbrains.exodus.newLogConcept.MVCC.MVCCDataStructure.lambda$commitTransaction$1(MVCCDataStructure.java:297)
	at java.base/java.util.concurrent.Executors$RunnableAdapter.call(Executors.java:515)
	at java.base/java.util.concurrent.FutureTask.run(FutureTask.java:264)
	at java.base/java.util.concurrent.ThreadPoolExecutor.runWorker(ThreadPoolExecutor.java:1128)
	at java.base/java.util.concurrent.ThreadPoolExecutor$Worker.run(ThreadPoolExecutor.java:628)
	... 1 more
java.util.concurrent.ExecutionException: jetbrains.exodus.ExodusException
	at java.base/java.util.concurrent.FutureTask.report(FutureTask.java:122)
	at java.base/java.util.concurrent.FutureTask.get(FutureTask.java:191)
	at jetbrains.exodus.newLogConcept.MVCC.MVCCDataStructure.commitTransaction(MVCCDataStructure.java:299)
	at site.ycsb.db.XodusClient.insert(XodusClient.java:60)
	at site.ycsb.DBWrapper.insert(DBWrapper.java:227)
	at site.ycsb.workloads.CoreWorkload.doInsert(CoreWorkload.java:621)
	at site.ycsb.ClientThread.run(ClientThread.java:135)
	at java.base/java.lang.Thread.run(Thread.java:829)
Caused by: jetbrains.exodus.ExodusException
	at jetbrains.exodus.newLogConcept.garbageCollector.OperationLogGarbageCollector.moveAndRemoveRecordsFromLog(OperationLogGarbageCollector.java:69)
	at jetbrains.exodus.newLogConcept.garbageCollector.OperationLogGarbageCollector.clean(OperationLogGarbageCollector.java:51)
	at jetbrains.exodus.newLogConcept.MVCC.MVCCDataStructure.lambda$commitTransaction$1(MVCCDataStructure.java:297)
	at java.base/java.util.concurrent.Executors$RunnableAdapter.call(Executors.java:515)
	at java.base/java.util.concurrent.FutureTask.run(FutureTask.java:264)
	at java.base/java.util.concurrent.ThreadPoolExecutor.runWorker(ThreadPoolExecutor.java:1128)
	at java.base/java.util.concurrent.ThreadPoolExecutor$Worker.run(ThreadPoolExecutor.java:628)
	... 1 more
java.util.concurrent.ExecutionException: jetbrains.exodus.ExodusException
	at java.base/java.util.concurrent.FutureTask.report(FutureTask.java:122)
	at java.base/java.util.concurrent.FutureTask.get(FutureTask.java:191)
	at jetbrains.exodus.newLogConcept.MVCC.MVCCDataStructure.commitTransaction(MVCCDataStructure.java:299)
	at site.ycsb.db.XodusClient.insert(XodusClient.java:60)
	at site.ycsb.DBWrapper.insert(DBWrapper.java:227)
	at site.ycsb.workloads.CoreWorkload.doInsert(CoreWorkload.java:621)
	at site.ycsb.ClientThread.run(ClientThread.java:135)
	at java.base/java.lang.Thread.run(Thread.java:829)
Caused by: jetbrains.exodus.ExodusException
	at jetbrains.exodus.newLogConcept.garbageCollector.OperationLogGarbageCollector.moveAndRemoveRecordsFromLog(OperationLogGarbageCollector.java:69)
	at jetbrains.exodus.newLogConcept.garbageCollector.OperationLogGarbageCollector.clean(OperationLogGarbageCollector.java:51)
	at jetbrains.exodus.newLogConcept.MVCC.MVCCDataStructure.lambda$commitTransaction$1(MVCCDataStructure.java:297)
	at java.base/java.util.concurrent.Executors$RunnableAdapter.call(Executors.java:515)
	at java.base/java.util.concurrent.FutureTask.run(FutureTask.java:264)
	at java.base/java.util.concurrent.ThreadPoolExecutor.runWorker(ThreadPoolExecutor.java:1128)
	at java.base/java.util.concurrent.ThreadPoolExecutor$Worker.run(ThreadPoolExecutor.java:628)
	... 1 more
java.util.concurrent.ExecutionException: jetbrains.exodus.ExodusException
	at java.base/java.util.concurrent.FutureTask.report(FutureTask.java:122)
	at java.base/java.util.concurrent.FutureTask.get(FutureTask.java:191)
	at jetbrains.exodus.newLogConcept.MVCC.MVCCDataStructure.commitTransaction(MVCCDataStructure.java:299)
	at site.ycsb.db.XodusClient.insert(XodusClient.java:60)
	at site.ycsb.DBWrapper.insert(DBWrapper.java:227)
	at site.ycsb.workloads.CoreWorkload.doInsert(CoreWorkload.java:621)
	at site.ycsb.ClientThread.run(ClientThread.java:135)
	at java.base/java.lang.Thread.run(Thread.java:829)
Caused by: jetbrains.exodus.ExodusException
	at jetbrains.exodus.newLogConcept.garbageCollector.OperationLogGarbageCollector.moveAndRemoveRecordsFromLog(OperationLogGarbageCollector.java:69)
	at jetbrains.exodus.newLogConcept.garbageCollector.OperationLogGarbageCollector.clean(OperationLogGarbageCollector.java:51)
	at jetbrains.exodus.newLogConcept.MVCC.MVCCDataStructure.lambda$commitTransaction$1(MVCCDataStructure.java:297)
	at java.base/java.util.concurrent.Executors$RunnableAdapter.call(Executors.java:515)
	at java.base/java.util.concurrent.FutureTask.run(FutureTask.java:264)
	at java.base/java.util.concurrent.ThreadPoolExecutor.runWorker(ThreadPoolExecutor.java:1128)
	at java.base/java.util.concurrent.ThreadPoolExecutor$Worker.run(ThreadPoolExecutor.java:628)
	... 1 more
java.util.concurrent.ExecutionException: jetbrains.exodus.ExodusException
	at java.base/java.util.concurrent.FutureTask.report(FutureTask.java:122)
	at java.base/java.util.concurrent.FutureTask.get(FutureTask.java:191)
	at jetbrains.exodus.newLogConcept.MVCC.MVCCDataStructure.commitTransaction(MVCCDataStructure.java:299)
	at site.ycsb.db.XodusClient.insert(XodusClient.java:60)
	at site.ycsb.DBWrapper.insert(DBWrapper.java:227)
	at site.ycsb.workloads.CoreWorkload.doInsert(CoreWorkload.java:621)
	at site.ycsb.ClientThread.run(ClientThread.java:135)
	at java.base/java.lang.Thread.run(Thread.java:829)
Caused by: jetbrains.exodus.ExodusException
	at jetbrains.exodus.newLogConcept.garbageCollector.OperationLogGarbageCollector.moveAndRemoveRecordsFromLog(OperationLogGarbageCollector.java:69)
	at jetbrains.exodus.newLogConcept.garbageCollector.OperationLogGarbageCollector.clean(OperationLogGarbageCollector.java:51)
	at jetbrains.exodus.newLogConcept.MVCC.MVCCDataStructure.lambda$commitTransaction$1(MVCCDataStructure.java:297)
	at java.base/java.util.concurrent.Executors$RunnableAdapter.call(Executors.java:515)
	at java.base/java.util.concurrent.FutureTask.run(FutureTask.java:264)
	at java.base/java.util.concurrent.ThreadPoolExecutor.runWorker(ThreadPoolExecutor.java:1128)
	at java.base/java.util.concurrent.ThreadPoolExecutor$Worker.run(ThreadPoolExecutor.java:628)
	... 1 more
java.util.concurrent.ExecutionException: jetbrains.exodus.ExodusException
	at java.base/java.util.concurrent.FutureTask.report(FutureTask.java:122)
	at java.base/java.util.concurrent.FutureTask.get(FutureTask.java:191)
	at jetbrains.exodus.newLogConcept.MVCC.MVCCDataStructure.commitTransaction(MVCCDataStructure.java:299)
	at site.ycsb.db.XodusClient.insert(XodusClient.java:60)
	at site.ycsb.DBWrapper.insert(DBWrapper.java:227)
	at site.ycsb.workloads.CoreWorkload.doInsert(CoreWorkload.java:621)
	at site.ycsb.ClientThread.run(ClientThread.java:135)
	at java.base/java.lang.Thread.run(Thread.java:829)
Caused by: jetbrains.exodus.ExodusException
	at jetbrains.exodus.newLogConcept.garbageCollector.OperationLogGarbageCollector.moveAndRemoveRecordsFromLog(OperationLogGarbageCollector.java:69)
	at jetbrains.exodus.newLogConcept.garbageCollector.OperationLogGarbageCollector.clean(OperationLogGarbageCollector.java:51)
	at jetbrains.exodus.newLogConcept.MVCC.MVCCDataStructure.lambda$commitTransaction$1(MVCCDataStructure.java:297)
	at java.base/java.util.concurrent.Executors$RunnableAdapter.call(Executors.java:515)
	at java.base/java.util.concurrent.FutureTask.run(FutureTask.java:264)
	at java.base/java.util.concurrent.ThreadPoolExecutor.runWorker(ThreadPoolExecutor.java:1128)
	at java.base/java.util.concurrent.ThreadPoolExecutor$Worker.run(ThreadPoolExecutor.java:628)
	... 1 more
java.util.concurrent.ExecutionException: jetbrains.exodus.ExodusException
	at java.base/java.util.concurrent.FutureTask.report(FutureTask.java:122)
	at java.base/java.util.concurrent.FutureTask.get(FutureTask.java:191)
	at jetbrains.exodus.newLogConcept.MVCC.MVCCDataStructure.commitTransaction(MVCCDataStructure.java:299)
	at site.ycsb.db.XodusClient.insert(XodusClient.java:60)
	at site.ycsb.DBWrapper.insert(DBWrapper.java:227)
	at site.ycsb.workloads.CoreWorkload.doInsert(CoreWorkload.java:621)
	at site.ycsb.ClientThread.run(ClientThread.java:135)
	at java.base/java.lang.Thread.run(Thread.java:829)
Caused by: jetbrains.exodus.ExodusException
	at jetbrains.exodus.newLogConcept.garbageCollector.OperationLogGarbageCollector.moveAndRemoveRecordsFromLog(OperationLogGarbageCollector.java:69)
	at jetbrains.exodus.newLogConcept.garbageCollector.OperationLogGarbageCollector.clean(OperationLogGarbageCollector.java:51)
	at jetbrains.exodus.newLogConcept.MVCC.MVCCDataStructure.lambda$commitTransaction$1(MVCCDataStructure.java:297)
	at java.base/java.util.concurrent.Executors$RunnableAdapter.call(Executors.java:515)
	at java.base/java.util.concurrent.FutureTask.run(FutureTask.java:264)
	at java.base/java.util.concurrent.ThreadPoolExecutor.runWorker(ThreadPoolExecutor.java:1128)
	at java.base/java.util.concurrent.ThreadPoolExecutor$Worker.run(ThreadPoolExecutor.java:628)
	... 1 more
java.util.concurrent.ExecutionException: jetbrains.exodus.ExodusException
	at java.base/java.util.concurrent.FutureTask.report(FutureTask.java:122)
	at java.base/java.util.concurrent.FutureTask.get(FutureTask.java:191)
	at jetbrains.exodus.newLogConcept.MVCC.MVCCDataStructure.commitTransaction(MVCCDataStructure.java:299)
	at site.ycsb.db.XodusClient.insert(XodusClient.java:60)
	at site.ycsb.DBWrapper.insert(DBWrapper.java:227)
	at site.ycsb.workloads.CoreWorkload.doInsert(CoreWorkload.java:621)
	at site.ycsb.ClientThread.run(ClientThread.java:135)
	at java.base/java.lang.Thread.run(Thread.java:829)
Caused by: jetbrains.exodus.ExodusException
	at jetbrains.exodus.newLogConcept.garbageCollector.OperationLogGarbageCollector.moveAndRemoveRecordsFromLog(OperationLogGarbageCollector.java:69)
	at jetbrains.exodus.newLogConcept.garbageCollector.OperationLogGarbageCollector.clean(OperationLogGarbageCollector.java:51)
	at jetbrains.exodus.newLogConcept.MVCC.MVCCDataStructure.lambda$commitTransaction$1(MVCCDataStructure.java:297)
	at java.base/java.util.concurrent.Executors$RunnableAdapter.call(Executors.java:515)
	at java.base/java.util.concurrent.FutureTask.run(FutureTask.java:264)
	at java.base/java.util.concurrent.ThreadPoolExecutor.runWorker(ThreadPoolExecutor.java:1128)
	at java.base/java.util.concurrent.ThreadPoolExecutor$Worker.run(ThreadPoolExecutor.java:628)
	... 1 more
java.util.concurrent.ExecutionException: jetbrains.exodus.ExodusException
	at java.base/java.util.concurrent.FutureTask.report(FutureTask.java:122)
	at java.base/java.util.concurrent.FutureTask.get(FutureTask.java:191)
	at jetbrains.exodus.newLogConcept.MVCC.MVCCDataStructure.commitTransaction(MVCCDataStructure.java:299)
	at site.ycsb.db.XodusClient.insert(XodusClient.java:60)
	at site.ycsb.DBWrapper.insert(DBWrapper.java:227)
	at site.ycsb.workloads.CoreWorkload.doInsert(CoreWorkload.java:621)
	at site.ycsb.ClientThread.run(ClientThread.java:135)
	at java.base/java.lang.Thread.run(Thread.java:829)
Caused by: jetbrains.exodus.ExodusException
	at jetbrains.exodus.newLogConcept.garbageCollector.OperationLogGarbageCollector.moveAndRemoveRecordsFromLog(OperationLogGarbageCollector.java:69)
	at jetbrains.exodus.newLogConcept.garbageCollector.OperationLogGarbageCollector.clean(OperationLogGarbageCollector.java:51)
	at jetbrains.exodus.newLogConcept.MVCC.MVCCDataStructure.lambda$commitTransaction$1(MVCCDataStructure.java:297)
	at java.base/java.util.concurrent.Executors$RunnableAdapter.call(Executors.java:515)
	at java.base/java.util.concurrent.FutureTask.run(FutureTask.java:264)
	at java.base/java.util.concurrent.ThreadPoolExecutor.runWorker(ThreadPoolExecutor.java:1128)
	at java.base/java.util.concurrent.ThreadPoolExecutor$Worker.run(ThreadPoolExecutor.java:628)
	... 1 more
java.util.concurrent.ExecutionException: jetbrains.exodus.ExodusException
	at java.base/java.util.concurrent.FutureTask.report(FutureTask.java:122)
	at java.base/java.util.concurrent.FutureTask.get(FutureTask.java:191)
	at jetbrains.exodus.newLogConcept.MVCC.MVCCDataStructure.commitTransaction(MVCCDataStructure.java:299)
	at site.ycsb.db.XodusClient.insert(XodusClient.java:60)
	at site.ycsb.DBWrapper.insert(DBWrapper.java:227)
	at site.ycsb.workloads.CoreWorkload.doInsert(CoreWorkload.java:621)
	at site.ycsb.ClientThread.run(ClientThread.java:135)
	at java.base/java.lang.Thread.run(Thread.java:829)
Caused by: jetbrains.exodus.ExodusException
	at jetbrains.exodus.newLogConcept.garbageCollector.OperationLogGarbageCollector.moveAndRemoveRecordsFromLog(OperationLogGarbageCollector.java:69)
	at jetbrains.exodus.newLogConcept.garbageCollector.OperationLogGarbageCollector.clean(OperationLogGarbageCollector.java:51)
	at jetbrains.exodus.newLogConcept.MVCC.MVCCDataStructure.lambda$commitTransaction$1(MVCCDataStructure.java:297)
	at java.base/java.util.concurrent.Executors$RunnableAdapter.call(Executors.java:515)
	at java.base/java.util.concurrent.FutureTask.run(FutureTask.java:264)
	at java.base/java.util.concurrent.ThreadPoolExecutor.runWorker(ThreadPoolExecutor.java:1128)
	at java.base/java.util.concurrent.ThreadPoolExecutor$Worker.run(ThreadPoolExecutor.java:628)
	... 1 more
java.util.concurrent.ExecutionException: jetbrains.exodus.ExodusException
	at java.base/java.util.concurrent.FutureTask.report(FutureTask.java:122)
	at java.base/java.util.concurrent.FutureTask.get(FutureTask.java:191)
	at jetbrains.exodus.newLogConcept.MVCC.MVCCDataStructure.commitTransaction(MVCCDataStructure.java:299)
	at site.ycsb.db.XodusClient.insert(XodusClient.java:60)
	at site.ycsb.DBWrapper.insert(DBWrapper.java:227)
	at site.ycsb.workloads.CoreWorkload.doInsert(CoreWorkload.java:621)
	at site.ycsb.ClientThread.run(ClientThread.java:135)
	at java.base/java.lang.Thread.run(Thread.java:829)
Caused by: jetbrains.exodus.ExodusException
	at jetbrains.exodus.newLogConcept.garbageCollector.OperationLogGarbageCollector.moveAndRemoveRecordsFromLog(OperationLogGarbageCollector.java:69)
	at jetbrains.exodus.newLogConcept.garbageCollector.OperationLogGarbageCollector.clean(OperationLogGarbageCollector.java:51)
	at jetbrains.exodus.newLogConcept.MVCC.MVCCDataStructure.lambda$commitTransaction$1(MVCCDataStructure.java:297)
	at java.base/java.util.concurrent.Executors$RunnableAdapter.call(Executors.java:515)
	at java.base/java.util.concurrent.FutureTask.run(FutureTask.java:264)
	at java.base/java.util.concurrent.ThreadPoolExecutor.runWorker(ThreadPoolExecutor.java:1128)
	at java.base/java.util.concurrent.ThreadPoolExecutor$Worker.run(ThreadPoolExecutor.java:628)
	... 1 more
java.util.concurrent.ExecutionException: jetbrains.exodus.ExodusException
	at java.base/java.util.concurrent.FutureTask.report(FutureTask.java:122)
	at java.base/java.util.concurrent.FutureTask.get(FutureTask.java:191)
	at jetbrains.exodus.newLogConcept.MVCC.MVCCDataStructure.commitTransaction(MVCCDataStructure.java:299)
	at site.ycsb.db.XodusClient.insert(XodusClient.java:60)
	at site.ycsb.DBWrapper.insert(DBWrapper.java:227)
	at site.ycsb.workloads.CoreWorkload.doInsert(CoreWorkload.java:621)
	at site.ycsb.ClientThread.run(ClientThread.java:135)
	at java.base/java.lang.Thread.run(Thread.java:829)
Caused by: jetbrains.exodus.ExodusException
	at jetbrains.exodus.newLogConcept.garbageCollector.OperationLogGarbageCollector.moveAndRemoveRecordsFromLog(OperationLogGarbageCollector.java:69)
	at jetbrains.exodus.newLogConcept.garbageCollector.OperationLogGarbageCollector.clean(OperationLogGarbageCollector.java:51)
	at jetbrains.exodus.newLogConcept.MVCC.MVCCDataStructure.lambda$commitTransaction$1(MVCCDataStructure.java:297)
	at java.base/java.util.concurrent.Executors$RunnableAdapter.call(Executors.java:515)
	at java.base/java.util.concurrent.FutureTask.run(FutureTask.java:264)
	at java.base/java.util.concurrent.ThreadPoolExecutor.runWorker(ThreadPoolExecutor.java:1128)
	at java.base/java.util.concurrent.ThreadPoolExecutor$Worker.run(ThreadPoolExecutor.java:628)
	... 1 more
java.util.concurrent.ExecutionException: jetbrains.exodus.ExodusException
	at java.base/java.util.concurrent.FutureTask.report(FutureTask.java:122)
	at java.base/java.util.concurrent.FutureTask.get(FutureTask.java:191)
	at jetbrains.exodus.newLogConcept.MVCC.MVCCDataStructure.commitTransaction(MVCCDataStructure.java:299)
	at site.ycsb.db.XodusClient.insert(XodusClient.java:60)
	at site.ycsb.DBWrapper.insert(DBWrapper.java:227)
	at site.ycsb.workloads.CoreWorkload.doInsert(CoreWorkload.java:621)
	at site.ycsb.ClientThread.run(ClientThread.java:135)
	at java.base/java.lang.Thread.run(Thread.java:829)
Caused by: jetbrains.exodus.ExodusException
	at jetbrains.exodus.newLogConcept.garbageCollector.OperationLogGarbageCollector.moveAndRemoveRecordsFromLog(OperationLogGarbageCollector.java:69)
	at jetbrains.exodus.newLogConcept.garbageCollector.OperationLogGarbageCollector.clean(OperationLogGarbageCollector.java:51)
	at jetbrains.exodus.newLogConcept.MVCC.MVCCDataStructure.lambda$commitTransaction$1(MVCCDataStructure.java:297)
	at java.base/java.util.concurrent.Executors$RunnableAdapter.call(Executors.java:515)
	at java.base/java.util.concurrent.FutureTask.run(FutureTask.java:264)
	at java.base/java.util.concurrent.ThreadPoolExecutor.runWorker(ThreadPoolExecutor.java:1128)
	at java.base/java.util.concurrent.ThreadPoolExecutor$Worker.run(ThreadPoolExecutor.java:628)
	... 1 more
java.util.concurrent.ExecutionException: jetbrains.exodus.ExodusException
	at java.base/java.util.concurrent.FutureTask.report(FutureTask.java:122)
	at java.base/java.util.concurrent.FutureTask.get(FutureTask.java:191)
	at jetbrains.exodus.newLogConcept.MVCC.MVCCDataStructure.commitTransaction(MVCCDataStructure.java:299)
	at site.ycsb.db.XodusClient.insert(XodusClient.java:60)
	at site.ycsb.DBWrapper.insert(DBWrapper.java:227)
	at site.ycsb.workloads.CoreWorkload.doInsert(CoreWorkload.java:621)
	at site.ycsb.ClientThread.run(ClientThread.java:135)
	at java.base/java.lang.Thread.run(Thread.java:829)
Caused by: jetbrains.exodus.ExodusException
	at jetbrains.exodus.newLogConcept.garbageCollector.OperationLogGarbageCollector.moveAndRemoveRecordsFromLog(OperationLogGarbageCollector.java:69)
	at jetbrains.exodus.newLogConcept.garbageCollector.OperationLogGarbageCollector.clean(OperationLogGarbageCollector.java:51)
	at jetbrains.exodus.newLogConcept.MVCC.MVCCDataStructure.lambda$commitTransaction$1(MVCCDataStructure.java:297)
	at java.base/java.util.concurrent.Executors$RunnableAdapter.call(Executors.java:515)
	at java.base/java.util.concurrent.FutureTask.run(FutureTask.java:264)
	at java.base/java.util.concurrent.ThreadPoolExecutor.runWorker(ThreadPoolExecutor.java:1128)
	at java.base/java.util.concurrent.ThreadPoolExecutor$Worker.run(ThreadPoolExecutor.java:628)
	... 1 more
java.util.concurrent.ExecutionException: jetbrains.exodus.ExodusException
	at java.base/java.util.concurrent.FutureTask.report(FutureTask.java:122)
	at java.base/java.util.concurrent.FutureTask.get(FutureTask.java:191)
	at jetbrains.exodus.newLogConcept.MVCC.MVCCDataStructure.commitTransaction(MVCCDataStructure.java:299)
	at site.ycsb.db.XodusClient.insert(XodusClient.java:60)
	at site.ycsb.DBWrapper.insert(DBWrapper.java:227)
	at site.ycsb.workloads.CoreWorkload.doInsert(CoreWorkload.java:621)
	at site.ycsb.ClientThread.run(ClientThread.java:135)
	at java.base/java.lang.Thread.run(Thread.java:829)
Caused by: jetbrains.exodus.ExodusException
	at jetbrains.exodus.newLogConcept.garbageCollector.OperationLogGarbageCollector.moveAndRemoveRecordsFromLog(OperationLogGarbageCollector.java:69)
	at jetbrains.exodus.newLogConcept.garbageCollector.OperationLogGarbageCollector.clean(OperationLogGarbageCollector.java:51)
	at jetbrains.exodus.newLogConcept.MVCC.MVCCDataStructure.lambda$commitTransaction$1(MVCCDataStructure.java:297)
	at java.base/java.util.concurrent.Executors$RunnableAdapter.call(Executors.java:515)
	at java.base/java.util.concurrent.FutureTask.run(FutureTask.java:264)
	at java.base/java.util.concurrent.ThreadPoolExecutor.runWorker(ThreadPoolExecutor.java:1128)
	at java.base/java.util.concurrent.ThreadPoolExecutor$Worker.run(ThreadPoolExecutor.java:628)
	... 1 more
java.util.concurrent.ExecutionException: jetbrains.exodus.ExodusException
	at java.base/java.util.concurrent.FutureTask.report(FutureTask.java:122)
	at java.base/java.util.concurrent.FutureTask.get(FutureTask.java:191)
	at jetbrains.exodus.newLogConcept.MVCC.MVCCDataStructure.commitTransaction(MVCCDataStructure.java:299)
	at site.ycsb.db.XodusClient.insert(XodusClient.java:60)
	at site.ycsb.DBWrapper.insert(DBWrapper.java:227)
	at site.ycsb.workloads.CoreWorkload.doInsert(CoreWorkload.java:621)
	at site.ycsb.ClientThread.run(ClientThread.java:135)
	at java.base/java.lang.Thread.run(Thread.java:829)
Caused by: jetbrains.exodus.ExodusException
	at jetbrains.exodus.newLogConcept.garbageCollector.OperationLogGarbageCollector.moveAndRemoveRecordsFromLog(OperationLogGarbageCollector.java:69)
	at jetbrains.exodus.newLogConcept.garbageCollector.OperationLogGarbageCollector.clean(OperationLogGarbageCollector.java:51)
	at jetbrains.exodus.newLogConcept.MVCC.MVCCDataStructure.lambda$commitTransaction$1(MVCCDataStructure.java:297)
	at java.base/java.util.concurrent.Executors$RunnableAdapter.call(Executors.java:515)
	at java.base/java.util.concurrent.FutureTask.run(FutureTask.java:264)
	at java.base/java.util.concurrent.ThreadPoolExecutor.runWorker(ThreadPoolExecutor.java:1128)
	at java.base/java.util.concurrent.ThreadPoolExecutor$Worker.run(ThreadPoolExecutor.java:628)
	... 1 more
java.util.concurrent.ExecutionException: jetbrains.exodus.ExodusException
	at java.base/java.util.concurrent.FutureTask.report(FutureTask.java:122)
	at java.base/java.util.concurrent.FutureTask.get(FutureTask.java:191)
	at jetbrains.exodus.newLogConcept.MVCC.MVCCDataStructure.commitTransaction(MVCCDataStructure.java:299)
	at site.ycsb.db.XodusClient.insert(XodusClient.java:60)
	at site.ycsb.DBWrapper.insert(DBWrapper.java:227)
	at site.ycsb.workloads.CoreWorkload.doInsert(CoreWorkload.java:621)
	at site.ycsb.ClientThread.run(ClientThread.java:135)
	at java.base/java.lang.Thread.run(Thread.java:829)
Caused by: jetbrains.exodus.ExodusException
	at jetbrains.exodus.newLogConcept.garbageCollector.OperationLogGarbageCollector.moveAndRemoveRecordsFromLog(OperationLogGarbageCollector.java:69)
	at jetbrains.exodus.newLogConcept.garbageCollector.OperationLogGarbageCollector.clean(OperationLogGarbageCollector.java:51)
	at jetbrains.exodus.newLogConcept.MVCC.MVCCDataStructure.lambda$commitTransaction$1(MVCCDataStructure.java:297)
	at java.base/java.util.concurrent.Executors$RunnableAdapter.call(Executors.java:515)
	at java.base/java.util.concurrent.FutureTask.run(FutureTask.java:264)
	at java.base/java.util.concurrent.ThreadPoolExecutor.runWorker(ThreadPoolExecutor.java:1128)
	at java.base/java.util.concurrent.ThreadPoolExecutor$Worker.run(ThreadPoolExecutor.java:628)
	... 1 more
java.util.concurrent.ExecutionException: jetbrains.exodus.ExodusException
	at java.base/java.util.concurrent.FutureTask.report(FutureTask.java:122)
	at java.base/java.util.concurrent.FutureTask.get(FutureTask.java:191)
	at jetbrains.exodus.newLogConcept.MVCC.MVCCDataStructure.commitTransaction(MVCCDataStructure.java:299)
	at site.ycsb.db.XodusClient.insert(XodusClient.java:60)
	at site.ycsb.DBWrapper.insert(DBWrapper.java:227)
	at site.ycsb.workloads.CoreWorkload.doInsert(CoreWorkload.java:621)
	at site.ycsb.ClientThread.run(ClientThread.java:135)
	at java.base/java.lang.Thread.run(Thread.java:829)
Caused by: jetbrains.exodus.ExodusException
	at jetbrains.exodus.newLogConcept.garbageCollector.OperationLogGarbageCollector.moveAndRemoveRecordsFromLog(OperationLogGarbageCollector.java:69)
	at jetbrains.exodus.newLogConcept.garbageCollector.OperationLogGarbageCollector.clean(OperationLogGarbageCollector.java:51)
	at jetbrains.exodus.newLogConcept.MVCC.MVCCDataStructure.lambda$commitTransaction$1(MVCCDataStructure.java:297)
	at java.base/java.util.concurrent.Executors$RunnableAdapter.call(Executors.java:515)
	at java.base/java.util.concurrent.FutureTask.run(FutureTask.java:264)
	at java.base/java.util.concurrent.ThreadPoolExecutor.runWorker(ThreadPoolExecutor.java:1128)
	at java.base/java.util.concurrent.ThreadPoolExecutor$Worker.run(ThreadPoolExecutor.java:628)
	... 1 more
java.util.concurrent.ExecutionException: jetbrains.exodus.ExodusException
	at java.base/java.util.concurrent.FutureTask.report(FutureTask.java:122)
	at java.base/java.util.concurrent.FutureTask.get(FutureTask.java:191)
	at jetbrains.exodus.newLogConcept.MVCC.MVCCDataStructure.commitTransaction(MVCCDataStructure.java:299)
	at site.ycsb.db.XodusClient.insert(XodusClient.java:60)
	at site.ycsb.DBWrapper.insert(DBWrapper.java:227)
	at site.ycsb.workloads.CoreWorkload.doInsert(CoreWorkload.java:621)
	at site.ycsb.ClientThread.run(ClientThread.java:135)
	at java.base/java.lang.Thread.run(Thread.java:829)
Caused by: jetbrains.exodus.ExodusException
	at jetbrains.exodus.newLogConcept.garbageCollector.OperationLogGarbageCollector.moveAndRemoveRecordsFromLog(OperationLogGarbageCollector.java:69)
	at jetbrains.exodus.newLogConcept.garbageCollector.OperationLogGarbageCollector.clean(OperationLogGarbageCollector.java:51)
	at jetbrains.exodus.newLogConcept.MVCC.MVCCDataStructure.lambda$commitTransaction$1(MVCCDataStructure.java:297)
	at java.base/java.util.concurrent.Executors$RunnableAdapter.call(Executors.java:515)
	at java.base/java.util.concurrent.FutureTask.run(FutureTask.java:264)
	at java.base/java.util.concurrent.ThreadPoolExecutor.runWorker(ThreadPoolExecutor.java:1128)
	at java.base/java.util.concurrent.ThreadPoolExecutor$Worker.run(ThreadPoolExecutor.java:628)
	... 1 more
java.util.concurrent.ExecutionException: jetbrains.exodus.ExodusException
	at java.base/java.util.concurrent.FutureTask.report(FutureTask.java:122)
	at java.base/java.util.concurrent.FutureTask.get(FutureTask.java:191)
	at jetbrains.exodus.newLogConcept.MVCC.MVCCDataStructure.commitTransaction(MVCCDataStructure.java:299)
	at site.ycsb.db.XodusClient.insert(XodusClient.java:60)
	at site.ycsb.DBWrapper.insert(DBWrapper.java:227)
	at site.ycsb.workloads.CoreWorkload.doInsert(CoreWorkload.java:621)
	at site.ycsb.ClientThread.run(ClientThread.java:135)
	at java.base/java.lang.Thread.run(Thread.java:829)
Caused by: jetbrains.exodus.ExodusException
	at jetbrains.exodus.newLogConcept.garbageCollector.OperationLogGarbageCollector.moveAndRemoveRecordsFromLog(OperationLogGarbageCollector.java:69)
	at jetbrains.exodus.newLogConcept.garbageCollector.OperationLogGarbageCollector.clean(OperationLogGarbageCollector.java:51)
	at jetbrains.exodus.newLogConcept.MVCC.MVCCDataStructure.lambda$commitTransaction$1(MVCCDataStructure.java:297)
	at java.base/java.util.concurrent.Executors$RunnableAdapter.call(Executors.java:515)
	at java.base/java.util.concurrent.FutureTask.run(FutureTask.java:264)
	at java.base/java.util.concurrent.ThreadPoolExecutor.runWorker(ThreadPoolExecutor.java:1128)
	at java.base/java.util.concurrent.ThreadPoolExecutor$Worker.run(ThreadPoolExecutor.java:628)
	... 1 more
java.util.concurrent.ExecutionException: jetbrains.exodus.ExodusException
	at java.base/java.util.concurrent.FutureTask.report(FutureTask.java:122)
	at java.base/java.util.concurrent.FutureTask.get(FutureTask.java:191)
	at jetbrains.exodus.newLogConcept.MVCC.MVCCDataStructure.commitTransaction(MVCCDataStructure.java:299)
	at site.ycsb.db.XodusClient.insert(XodusClient.java:60)
	at site.ycsb.DBWrapper.insert(DBWrapper.java:227)
	at site.ycsb.workloads.CoreWorkload.doInsert(CoreWorkload.java:621)
	at site.ycsb.ClientThread.run(ClientThread.java:135)
	at java.base/java.lang.Thread.run(Thread.java:829)
Caused by: jetbrains.exodus.ExodusException
	at jetbrains.exodus.newLogConcept.garbageCollector.OperationLogGarbageCollector.moveAndRemoveRecordsFromLog(OperationLogGarbageCollector.java:69)
	at jetbrains.exodus.newLogConcept.garbageCollector.OperationLogGarbageCollector.clean(OperationLogGarbageCollector.java:51)
	at jetbrains.exodus.newLogConcept.MVCC.MVCCDataStructure.lambda$commitTransaction$1(MVCCDataStructure.java:297)
	at java.base/java.util.concurrent.Executors$RunnableAdapter.call(Executors.java:515)
	at java.base/java.util.concurrent.FutureTask.run(FutureTask.java:264)
	at java.base/java.util.concurrent.ThreadPoolExecutor.runWorker(ThreadPoolExecutor.java:1128)
	at java.base/java.util.concurrent.ThreadPoolExecutor$Worker.run(ThreadPoolExecutor.java:628)
	... 1 more
java.util.concurrent.ExecutionException: jetbrains.exodus.ExodusException
	at java.base/java.util.concurrent.FutureTask.report(FutureTask.java:122)
	at java.base/java.util.concurrent.FutureTask.get(FutureTask.java:191)
	at jetbrains.exodus.newLogConcept.MVCC.MVCCDataStructure.commitTransaction(MVCCDataStructure.java:299)
	at site.ycsb.db.XodusClient.insert(XodusClient.java:60)
	at site.ycsb.DBWrapper.insert(DBWrapper.java:227)
	at site.ycsb.workloads.CoreWorkload.doInsert(CoreWorkload.java:621)
	at site.ycsb.ClientThread.run(ClientThread.java:135)
	at java.base/java.lang.Thread.run(Thread.java:829)
Caused by: jetbrains.exodus.ExodusException
	at jetbrains.exodus.newLogConcept.garbageCollector.OperationLogGarbageCollector.moveAndRemoveRecordsFromLog(OperationLogGarbageCollector.java:69)
	at jetbrains.exodus.newLogConcept.garbageCollector.OperationLogGarbageCollector.clean(OperationLogGarbageCollector.java:51)
	at jetbrains.exodus.newLogConcept.MVCC.MVCCDataStructure.lambda$commitTransaction$1(MVCCDataStructure.java:297)
	at java.base/java.util.concurrent.Executors$RunnableAdapter.call(Executors.java:515)
	at java.base/java.util.concurrent.FutureTask.run(FutureTask.java:264)
	at java.base/java.util.concurrent.ThreadPoolExecutor.runWorker(ThreadPoolExecutor.java:1128)
	at java.base/java.util.concurrent.ThreadPoolExecutor$Worker.run(ThreadPoolExecutor.java:628)
	... 1 more
java.util.concurrent.ExecutionException: jetbrains.exodus.ExodusException
	at java.base/java.util.concurrent.FutureTask.report(FutureTask.java:122)
	at java.base/java.util.concurrent.FutureTask.get(FutureTask.java:191)
	at jetbrains.exodus.newLogConcept.MVCC.MVCCDataStructure.commitTransaction(MVCCDataStructure.java:299)
	at site.ycsb.db.XodusClient.insert(XodusClient.java:60)
	at site.ycsb.DBWrapper.insert(DBWrapper.java:227)
	at site.ycsb.workloads.CoreWorkload.doInsert(CoreWorkload.java:621)
	at site.ycsb.ClientThread.run(ClientThread.java:135)
	at java.base/java.lang.Thread.run(Thread.java:829)
Caused by: jetbrains.exodus.ExodusException
	at jetbrains.exodus.newLogConcept.garbageCollector.OperationLogGarbageCollector.moveAndRemoveRecordsFromLog(OperationLogGarbageCollector.java:69)
	at jetbrains.exodus.newLogConcept.garbageCollector.OperationLogGarbageCollector.clean(OperationLogGarbageCollector.java:51)
	at jetbrains.exodus.newLogConcept.MVCC.MVCCDataStructure.lambda$commitTransaction$1(MVCCDataStructure.java:297)
	at java.base/java.util.concurrent.Executors$RunnableAdapter.call(Executors.java:515)
	at java.base/java.util.concurrent.FutureTask.run(FutureTask.java:264)
	at java.base/java.util.concurrent.ThreadPoolExecutor.runWorker(ThreadPoolExecutor.java:1128)
	at java.base/java.util.concurrent.ThreadPoolExecutor$Worker.run(ThreadPoolExecutor.java:628)
	... 1 more
java.util.concurrent.ExecutionException: jetbrains.exodus.ExodusException
	at java.base/java.util.concurrent.FutureTask.report(FutureTask.java:122)
	at java.base/java.util.concurrent.FutureTask.get(FutureTask.java:191)
	at jetbrains.exodus.newLogConcept.MVCC.MVCCDataStructure.commitTransaction(MVCCDataStructure.java:299)
	at site.ycsb.db.XodusClient.insert(XodusClient.java:60)
	at site.ycsb.DBWrapper.insert(DBWrapper.java:227)
	at site.ycsb.workloads.CoreWorkload.doInsert(CoreWorkload.java:621)
	at site.ycsb.ClientThread.run(ClientThread.java:135)
	at java.base/java.lang.Thread.run(Thread.java:829)
Caused by: jetbrains.exodus.ExodusException
	at jetbrains.exodus.newLogConcept.garbageCollector.OperationLogGarbageCollector.moveAndRemoveRecordsFromLog(OperationLogGarbageCollector.java:69)
	at jetbrains.exodus.newLogConcept.garbageCollector.OperationLogGarbageCollector.clean(OperationLogGarbageCollector.java:51)
	at jetbrains.exodus.newLogConcept.MVCC.MVCCDataStructure.lambda$commitTransaction$1(MVCCDataStructure.java:297)
	at java.base/java.util.concurrent.Executors$RunnableAdapter.call(Executors.java:515)
	at java.base/java.util.concurrent.FutureTask.run(FutureTask.java:264)
	at java.base/java.util.concurrent.ThreadPoolExecutor.runWorker(ThreadPoolExecutor.java:1128)
	at java.base/java.util.concurrent.ThreadPoolExecutor$Worker.run(ThreadPoolExecutor.java:628)
	... 1 more
java.util.concurrent.ExecutionException: jetbrains.exodus.ExodusException
	at java.base/java.util.concurrent.FutureTask.report(FutureTask.java:122)
	at java.base/java.util.concurrent.FutureTask.get(FutureTask.java:191)
	at jetbrains.exodus.newLogConcept.MVCC.MVCCDataStructure.commitTransaction(MVCCDataStructure.java:299)
	at site.ycsb.db.XodusClient.insert(XodusClient.java:60)
	at site.ycsb.DBWrapper.insert(DBWrapper.java:227)
	at site.ycsb.workloads.CoreWorkload.doInsert(CoreWorkload.java:621)
	at site.ycsb.ClientThread.run(ClientThread.java:135)
	at java.base/java.lang.Thread.run(Thread.java:829)
Caused by: jetbrains.exodus.ExodusException
	at jetbrains.exodus.newLogConcept.garbageCollector.OperationLogGarbageCollector.moveAndRemoveRecordsFromLog(OperationLogGarbageCollector.java:69)
	at jetbrains.exodus.newLogConcept.garbageCollector.OperationLogGarbageCollector.clean(OperationLogGarbageCollector.java:51)
	at jetbrains.exodus.newLogConcept.MVCC.MVCCDataStructure.lambda$commitTransaction$1(MVCCDataStructure.java:297)
	at java.base/java.util.concurrent.Executors$RunnableAdapter.call(Executors.java:515)
	at java.base/java.util.concurrent.FutureTask.run(FutureTask.java:264)
	at java.base/java.util.concurrent.ThreadPoolExecutor.runWorker(ThreadPoolExecutor.java:1128)
	at java.base/java.util.concurrent.ThreadPoolExecutor$Worker.run(ThreadPoolExecutor.java:628)
	... 1 more
java.util.concurrent.ExecutionException: jetbrains.exodus.ExodusException
	at java.base/java.util.concurrent.FutureTask.report(FutureTask.java:122)
	at java.base/java.util.concurrent.FutureTask.get(FutureTask.java:191)
	at jetbrains.exodus.newLogConcept.MVCC.MVCCDataStructure.commitTransaction(MVCCDataStructure.java:299)
	at site.ycsb.db.XodusClient.insert(XodusClient.java:60)
	at site.ycsb.DBWrapper.insert(DBWrapper.java:227)
	at site.ycsb.workloads.CoreWorkload.doInsert(CoreWorkload.java:621)
	at site.ycsb.ClientThread.run(ClientThread.java:135)
	at java.base/java.lang.Thread.run(Thread.java:829)
Caused by: jetbrains.exodus.ExodusException
	at jetbrains.exodus.newLogConcept.garbageCollector.OperationLogGarbageCollector.moveAndRemoveRecordsFromLog(OperationLogGarbageCollector.java:69)
	at jetbrains.exodus.newLogConcept.garbageCollector.OperationLogGarbageCollector.clean(OperationLogGarbageCollector.java:51)
	at jetbrains.exodus.newLogConcept.MVCC.MVCCDataStructure.lambda$commitTransaction$1(MVCCDataStructure.java:297)
	at java.base/java.util.concurrent.Executors$RunnableAdapter.call(Executors.java:515)
	at java.base/java.util.concurrent.FutureTask.run(FutureTask.java:264)
	at java.base/java.util.concurrent.ThreadPoolExecutor.runWorker(ThreadPoolExecutor.java:1128)
	at java.base/java.util.concurrent.ThreadPoolExecutor$Worker.run(ThreadPoolExecutor.java:628)
	... 1 more
java.util.concurrent.ExecutionException: jetbrains.exodus.ExodusException
	at java.base/java.util.concurrent.FutureTask.report(FutureTask.java:122)
	at java.base/java.util.concurrent.FutureTask.get(FutureTask.java:191)
	at jetbrains.exodus.newLogConcept.MVCC.MVCCDataStructure.commitTransaction(MVCCDataStructure.java:299)
	at site.ycsb.db.XodusClient.insert(XodusClient.java:60)
	at site.ycsb.DBWrapper.insert(DBWrapper.java:227)
	at site.ycsb.workloads.CoreWorkload.doInsert(CoreWorkload.java:621)
	at site.ycsb.ClientThread.run(ClientThread.java:135)
	at java.base/java.lang.Thread.run(Thread.java:829)
Caused by: jetbrains.exodus.ExodusException
	at jetbrains.exodus.newLogConcept.garbageCollector.OperationLogGarbageCollector.moveAndRemoveRecordsFromLog(OperationLogGarbageCollector.java:69)
	at jetbrains.exodus.newLogConcept.garbageCollector.OperationLogGarbageCollector.clean(OperationLogGarbageCollector.java:51)
	at jetbrains.exodus.newLogConcept.MVCC.MVCCDataStructure.lambda$commitTransaction$1(MVCCDataStructure.java:297)
	at java.base/java.util.concurrent.Executors$RunnableAdapter.call(Executors.java:515)
	at java.base/java.util.concurrent.FutureTask.run(FutureTask.java:264)
	at java.base/java.util.concurrent.ThreadPoolExecutor.runWorker(ThreadPoolExecutor.java:1128)
	at java.base/java.util.concurrent.ThreadPoolExecutor$Worker.run(ThreadPoolExecutor.java:628)
	... 1 more
java.util.concurrent.ExecutionException: jetbrains.exodus.ExodusException
	at java.base/java.util.concurrent.FutureTask.report(FutureTask.java:122)
	at java.base/java.util.concurrent.FutureTask.get(FutureTask.java:191)
	at jetbrains.exodus.newLogConcept.MVCC.MVCCDataStructure.commitTransaction(MVCCDataStructure.java:299)
	at site.ycsb.db.XodusClient.insert(XodusClient.java:60)
	at site.ycsb.DBWrapper.insert(DBWrapper.java:227)
	at site.ycsb.workloads.CoreWorkload.doInsert(CoreWorkload.java:621)
	at site.ycsb.ClientThread.run(ClientThread.java:135)
	at java.base/java.lang.Thread.run(Thread.java:829)
Caused by: jetbrains.exodus.ExodusException
	at jetbrains.exodus.newLogConcept.garbageCollector.OperationLogGarbageCollector.moveAndRemoveRecordsFromLog(OperationLogGarbageCollector.java:69)
	at jetbrains.exodus.newLogConcept.garbageCollector.OperationLogGarbageCollector.clean(OperationLogGarbageCollector.java:51)
	at jetbrains.exodus.newLogConcept.MVCC.MVCCDataStructure.lambda$commitTransaction$1(MVCCDataStructure.java:297)
	at java.base/java.util.concurrent.Executors$RunnableAdapter.call(Executors.java:515)
	at java.base/java.util.concurrent.FutureTask.run(FutureTask.java:264)
	at java.base/java.util.concurrent.ThreadPoolExecutor.runWorker(ThreadPoolExecutor.java:1128)
	at java.base/java.util.concurrent.ThreadPoolExecutor$Worker.run(ThreadPoolExecutor.java:628)
	... 1 more
java.util.concurrent.ExecutionException: jetbrains.exodus.ExodusException
	at java.base/java.util.concurrent.FutureTask.report(FutureTask.java:122)
	at java.base/java.util.concurrent.FutureTask.get(FutureTask.java:191)
	at jetbrains.exodus.newLogConcept.MVCC.MVCCDataStructure.commitTransaction(MVCCDataStructure.java:299)
	at site.ycsb.db.XodusClient.insert(XodusClient.java:60)
	at site.ycsb.DBWrapper.insert(DBWrapper.java:227)
	at site.ycsb.workloads.CoreWorkload.doInsert(CoreWorkload.java:621)
	at site.ycsb.ClientThread.run(ClientThread.java:135)
	at java.base/java.lang.Thread.run(Thread.java:829)
Caused by: jetbrains.exodus.ExodusException
	at jetbrains.exodus.newLogConcept.garbageCollector.OperationLogGarbageCollector.moveAndRemoveRecordsFromLog(OperationLogGarbageCollector.java:69)
	at jetbrains.exodus.newLogConcept.garbageCollector.OperationLogGarbageCollector.clean(OperationLogGarbageCollector.java:51)
	at jetbrains.exodus.newLogConcept.MVCC.MVCCDataStructure.lambda$commitTransaction$1(MVCCDataStructure.java:297)
	at java.base/java.util.concurrent.Executors$RunnableAdapter.call(Executors.java:515)
	at java.base/java.util.concurrent.FutureTask.run(FutureTask.java:264)
	at java.base/java.util.concurrent.ThreadPoolExecutor.runWorker(ThreadPoolExecutor.java:1128)
	at java.base/java.util.concurrent.ThreadPoolExecutor$Worker.run(ThreadPoolExecutor.java:628)
	... 1 more
java.util.concurrent.ExecutionException: jetbrains.exodus.ExodusException
	at java.base/java.util.concurrent.FutureTask.report(FutureTask.java:122)
	at java.base/java.util.concurrent.FutureTask.get(FutureTask.java:191)
	at jetbrains.exodus.newLogConcept.MVCC.MVCCDataStructure.commitTransaction(MVCCDataStructure.java:299)
	at site.ycsb.db.XodusClient.insert(XodusClient.java:60)
	at site.ycsb.DBWrapper.insert(DBWrapper.java:227)
	at site.ycsb.workloads.CoreWorkload.doInsert(CoreWorkload.java:621)
	at site.ycsb.ClientThread.run(ClientThread.java:135)
	at java.base/java.lang.Thread.run(Thread.java:829)
Caused by: jetbrains.exodus.ExodusException
	at jetbrains.exodus.newLogConcept.garbageCollector.OperationLogGarbageCollector.moveAndRemoveRecordsFromLog(OperationLogGarbageCollector.java:69)
	at jetbrains.exodus.newLogConcept.garbageCollector.OperationLogGarbageCollector.clean(OperationLogGarbageCollector.java:51)
	at jetbrains.exodus.newLogConcept.MVCC.MVCCDataStructure.lambda$commitTransaction$1(MVCCDataStructure.java:297)
	at java.base/java.util.concurrent.Executors$RunnableAdapter.call(Executors.java:515)
	at java.base/java.util.concurrent.FutureTask.run(FutureTask.java:264)
	at java.base/java.util.concurrent.ThreadPoolExecutor.runWorker(ThreadPoolExecutor.java:1128)
	at java.base/java.util.concurrent.ThreadPoolExecutor$Worker.run(ThreadPoolExecutor.java:628)
	... 1 more
java.util.concurrent.ExecutionException: jetbrains.exodus.ExodusException
	at java.base/java.util.concurrent.FutureTask.report(FutureTask.java:122)
	at java.base/java.util.concurrent.FutureTask.get(FutureTask.java:191)
	at jetbrains.exodus.newLogConcept.MVCC.MVCCDataStructure.commitTransaction(MVCCDataStructure.java:299)
	at site.ycsb.db.XodusClient.insert(XodusClient.java:60)
	at site.ycsb.DBWrapper.insert(DBWrapper.java:227)
	at site.ycsb.workloads.CoreWorkload.doInsert(CoreWorkload.java:621)
	at site.ycsb.ClientThread.run(ClientThread.java:135)
	at java.base/java.lang.Thread.run(Thread.java:829)
Caused by: jetbrains.exodus.ExodusException
	at jetbrains.exodus.newLogConcept.garbageCollector.OperationLogGarbageCollector.moveAndRemoveRecordsFromLog(OperationLogGarbageCollector.java:69)
	at jetbrains.exodus.newLogConcept.garbageCollector.OperationLogGarbageCollector.clean(OperationLogGarbageCollector.java:51)
	at jetbrains.exodus.newLogConcept.MVCC.MVCCDataStructure.lambda$commitTransaction$1(MVCCDataStructure.java:297)
	at java.base/java.util.concurrent.Executors$RunnableAdapter.call(Executors.java:515)
	at java.base/java.util.concurrent.FutureTask.run(FutureTask.java:264)
	at java.base/java.util.concurrent.ThreadPoolExecutor.runWorker(ThreadPoolExecutor.java:1128)
	at java.base/java.util.concurrent.ThreadPoolExecutor$Worker.run(ThreadPoolExecutor.java:628)
	... 1 more
java.util.concurrent.ExecutionException: jetbrains.exodus.ExodusException
	at java.base/java.util.concurrent.FutureTask.report(FutureTask.java:122)
	at java.base/java.util.concurrent.FutureTask.get(FutureTask.java:191)
	at jetbrains.exodus.newLogConcept.MVCC.MVCCDataStructure.commitTransaction(MVCCDataStructure.java:299)
	at site.ycsb.db.XodusClient.insert(XodusClient.java:60)
	at site.ycsb.DBWrapper.insert(DBWrapper.java:227)
	at site.ycsb.workloads.CoreWorkload.doInsert(CoreWorkload.java:621)
	at site.ycsb.ClientThread.run(ClientThread.java:135)
	at java.base/java.lang.Thread.run(Thread.java:829)
Caused by: jetbrains.exodus.ExodusException
	at jetbrains.exodus.newLogConcept.garbageCollector.OperationLogGarbageCollector.moveAndRemoveRecordsFromLog(OperationLogGarbageCollector.java:69)
	at jetbrains.exodus.newLogConcept.garbageCollector.OperationLogGarbageCollector.clean(OperationLogGarbageCollector.java:51)
	at jetbrains.exodus.newLogConcept.MVCC.MVCCDataStructure.lambda$commitTransaction$1(MVCCDataStructure.java:297)
	at java.base/java.util.concurrent.Executors$RunnableAdapter.call(Executors.java:515)
	at java.base/java.util.concurrent.FutureTask.run(FutureTask.java:264)
	at java.base/java.util.concurrent.ThreadPoolExecutor.runWorker(ThreadPoolExecutor.java:1128)
	at java.base/java.util.concurrent.ThreadPoolExecutor$Worker.run(ThreadPoolExecutor.java:628)
	... 1 more
java.util.concurrent.ExecutionException: jetbrains.exodus.ExodusException
	at java.base/java.util.concurrent.FutureTask.report(FutureTask.java:122)
	at java.base/java.util.concurrent.FutureTask.get(FutureTask.java:191)
	at jetbrains.exodus.newLogConcept.MVCC.MVCCDataStructure.commitTransaction(MVCCDataStructure.java:299)
	at site.ycsb.db.XodusClient.insert(XodusClient.java:60)
	at site.ycsb.DBWrapper.insert(DBWrapper.java:227)
	at site.ycsb.workloads.CoreWorkload.doInsert(CoreWorkload.java:621)
	at site.ycsb.ClientThread.run(ClientThread.java:135)
	at java.base/java.lang.Thread.run(Thread.java:829)
Caused by: jetbrains.exodus.ExodusException
	at jetbrains.exodus.newLogConcept.garbageCollector.OperationLogGarbageCollector.moveAndRemoveRecordsFromLog(OperationLogGarbageCollector.java:69)
	at jetbrains.exodus.newLogConcept.garbageCollector.OperationLogGarbageCollector.clean(OperationLogGarbageCollector.java:51)
	at jetbrains.exodus.newLogConcept.MVCC.MVCCDataStructure.lambda$commitTransaction$1(MVCCDataStructure.java:297)
	at java.base/java.util.concurrent.Executors$RunnableAdapter.call(Executors.java:515)
	at java.base/java.util.concurrent.FutureTask.run(FutureTask.java:264)
	at java.base/java.util.concurrent.ThreadPoolExecutor.runWorker(ThreadPoolExecutor.java:1128)
	at java.base/java.util.concurrent.ThreadPoolExecutor$Worker.run(ThreadPoolExecutor.java:628)
	... 1 more
java.util.concurrent.ExecutionException: jetbrains.exodus.ExodusException
	at java.base/java.util.concurrent.FutureTask.report(FutureTask.java:122)
	at java.base/java.util.concurrent.FutureTask.get(FutureTask.java:191)
	at jetbrains.exodus.newLogConcept.MVCC.MVCCDataStructure.commitTransaction(MVCCDataStructure.java:299)
	at site.ycsb.db.XodusClient.insert(XodusClient.java:60)
	at site.ycsb.DBWrapper.insert(DBWrapper.java:227)
	at site.ycsb.workloads.CoreWorkload.doInsert(CoreWorkload.java:621)
	at site.ycsb.ClientThread.run(ClientThread.java:135)
	at java.base/java.lang.Thread.run(Thread.java:829)
Caused by: jetbrains.exodus.ExodusException
	at jetbrains.exodus.newLogConcept.garbageCollector.OperationLogGarbageCollector.moveAndRemoveRecordsFromLog(OperationLogGarbageCollector.java:69)
	at jetbrains.exodus.newLogConcept.garbageCollector.OperationLogGarbageCollector.clean(OperationLogGarbageCollector.java:51)
	at jetbrains.exodus.newLogConcept.MVCC.MVCCDataStructure.lambda$commitTransaction$1(MVCCDataStructure.java:297)
	at java.base/java.util.concurrent.Executors$RunnableAdapter.call(Executors.java:515)
	at java.base/java.util.concurrent.FutureTask.run(FutureTask.java:264)
	at java.base/java.util.concurrent.ThreadPoolExecutor.runWorker(ThreadPoolExecutor.java:1128)
	at java.base/java.util.concurrent.ThreadPoolExecutor$Worker.run(ThreadPoolExecutor.java:628)
	... 1 more
java.util.concurrent.ExecutionException: jetbrains.exodus.ExodusException
	at java.base/java.util.concurrent.FutureTask.report(FutureTask.java:122)
	at java.base/java.util.concurrent.FutureTask.get(FutureTask.java:191)
	at jetbrains.exodus.newLogConcept.MVCC.MVCCDataStructure.commitTransaction(MVCCDataStructure.java:299)
	at site.ycsb.db.XodusClient.insert(XodusClient.java:60)
	at site.ycsb.DBWrapper.insert(DBWrapper.java:227)
	at site.ycsb.workloads.CoreWorkload.doInsert(CoreWorkload.java:621)
	at site.ycsb.ClientThread.run(ClientThread.java:135)
	at java.base/java.lang.Thread.run(Thread.java:829)
Caused by: jetbrains.exodus.ExodusException
	at jetbrains.exodus.newLogConcept.garbageCollector.OperationLogGarbageCollector.moveAndRemoveRecordsFromLog(OperationLogGarbageCollector.java:69)
	at jetbrains.exodus.newLogConcept.garbageCollector.OperationLogGarbageCollector.clean(OperationLogGarbageCollector.java:51)
	at jetbrains.exodus.newLogConcept.MVCC.MVCCDataStructure.lambda$commitTransaction$1(MVCCDataStructure.java:297)
	at java.base/java.util.concurrent.Executors$RunnableAdapter.call(Executors.java:515)
	at java.base/java.util.concurrent.FutureTask.run(FutureTask.java:264)
	at java.base/java.util.concurrent.ThreadPoolExecutor.runWorker(ThreadPoolExecutor.java:1128)
	at java.base/java.util.concurrent.ThreadPoolExecutor$Worker.run(ThreadPoolExecutor.java:628)
	... 1 more
java.util.concurrent.ExecutionException: jetbrains.exodus.ExodusException
	at java.base/java.util.concurrent.FutureTask.report(FutureTask.java:122)
	at java.base/java.util.concurrent.FutureTask.get(FutureTask.java:191)
	at jetbrains.exodus.newLogConcept.MVCC.MVCCDataStructure.commitTransaction(MVCCDataStructure.java:299)
	at site.ycsb.db.XodusClient.insert(XodusClient.java:60)
	at site.ycsb.DBWrapper.insert(DBWrapper.java:227)
	at site.ycsb.workloads.CoreWorkload.doInsert(CoreWorkload.java:621)
	at site.ycsb.ClientThread.run(ClientThread.java:135)
	at java.base/java.lang.Thread.run(Thread.java:829)
Caused by: jetbrains.exodus.ExodusException
	at jetbrains.exodus.newLogConcept.garbageCollector.OperationLogGarbageCollector.moveAndRemoveRecordsFromLog(OperationLogGarbageCollector.java:69)
	at jetbrains.exodus.newLogConcept.garbageCollector.OperationLogGarbageCollector.clean(OperationLogGarbageCollector.java:51)
	at jetbrains.exodus.newLogConcept.MVCC.MVCCDataStructure.lambda$commitTransaction$1(MVCCDataStructure.java:297)
	at java.base/java.util.concurrent.Executors$RunnableAdapter.call(Executors.java:515)
	at java.base/java.util.concurrent.FutureTask.run(FutureTask.java:264)
	at java.base/java.util.concurrent.ThreadPoolExecutor.runWorker(ThreadPoolExecutor.java:1128)
	at java.base/java.util.concurrent.ThreadPoolExecutor$Worker.run(ThreadPoolExecutor.java:628)
	... 1 more
java.util.concurrent.ExecutionException: jetbrains.exodus.ExodusException
	at java.base/java.util.concurrent.FutureTask.report(FutureTask.java:122)
	at java.base/java.util.concurrent.FutureTask.get(FutureTask.java:191)
	at jetbrains.exodus.newLogConcept.MVCC.MVCCDataStructure.commitTransaction(MVCCDataStructure.java:299)
	at site.ycsb.db.XodusClient.insert(XodusClient.java:60)
	at site.ycsb.DBWrapper.insert(DBWrapper.java:227)
	at site.ycsb.workloads.CoreWorkload.doInsert(CoreWorkload.java:621)
	at site.ycsb.ClientThread.run(ClientThread.java:135)
	at java.base/java.lang.Thread.run(Thread.java:829)
Caused by: jetbrains.exodus.ExodusException
	at jetbrains.exodus.newLogConcept.garbageCollector.OperationLogGarbageCollector.moveAndRemoveRecordsFromLog(OperationLogGarbageCollector.java:69)
	at jetbrains.exodus.newLogConcept.garbageCollector.OperationLogGarbageCollector.clean(OperationLogGarbageCollector.java:51)
	at jetbrains.exodus.newLogConcept.MVCC.MVCCDataStructure.lambda$commitTransaction$1(MVCCDataStructure.java:297)
	at java.base/java.util.concurrent.Executors$RunnableAdapter.call(Executors.java:515)
	at java.base/java.util.concurrent.FutureTask.run(FutureTask.java:264)
	at java.base/java.util.concurrent.ThreadPoolExecutor.runWorker(ThreadPoolExecutor.java:1128)
	at java.base/java.util.concurrent.ThreadPoolExecutor$Worker.run(ThreadPoolExecutor.java:628)
	... 1 more
java.util.concurrent.ExecutionException: jetbrains.exodus.ExodusException
	at java.base/java.util.concurrent.FutureTask.report(FutureTask.java:122)
	at java.base/java.util.concurrent.FutureTask.get(FutureTask.java:191)
	at jetbrains.exodus.newLogConcept.MVCC.MVCCDataStructure.commitTransaction(MVCCDataStructure.java:299)
	at site.ycsb.db.XodusClient.insert(XodusClient.java:60)
	at site.ycsb.DBWrapper.insert(DBWrapper.java:227)
	at site.ycsb.workloads.CoreWorkload.doInsert(CoreWorkload.java:621)
	at site.ycsb.ClientThread.run(ClientThread.java:135)
	at java.base/java.lang.Thread.run(Thread.java:829)
Caused by: jetbrains.exodus.ExodusException
	at jetbrains.exodus.newLogConcept.garbageCollector.OperationLogGarbageCollector.moveAndRemoveRecordsFromLog(OperationLogGarbageCollector.java:69)
	at jetbrains.exodus.newLogConcept.garbageCollector.OperationLogGarbageCollector.clean(OperationLogGarbageCollector.java:51)
	at jetbrains.exodus.newLogConcept.MVCC.MVCCDataStructure.lambda$commitTransaction$1(MVCCDataStructure.java:297)
	at java.base/java.util.concurrent.Executors$RunnableAdapter.call(Executors.java:515)
	at java.base/java.util.concurrent.FutureTask.run(FutureTask.java:264)
	at java.base/java.util.concurrent.ThreadPoolExecutor.runWorker(ThreadPoolExecutor.java:1128)
	at java.base/java.util.concurrent.ThreadPoolExecutor$Worker.run(ThreadPoolExecutor.java:628)
	... 1 more
java.util.concurrent.ExecutionException: jetbrains.exodus.ExodusException
	at java.base/java.util.concurrent.FutureTask.report(FutureTask.java:122)
	at java.base/java.util.concurrent.FutureTask.get(FutureTask.java:191)
	at jetbrains.exodus.newLogConcept.MVCC.MVCCDataStructure.commitTransaction(MVCCDataStructure.java:299)
	at site.ycsb.db.XodusClient.insert(XodusClient.java:60)
	at site.ycsb.DBWrapper.insert(DBWrapper.java:227)
	at site.ycsb.workloads.CoreWorkload.doInsert(CoreWorkload.java:621)
	at site.ycsb.ClientThread.run(ClientThread.java:135)
	at java.base/java.lang.Thread.run(Thread.java:829)
Caused by: jetbrains.exodus.ExodusException
	at jetbrains.exodus.newLogConcept.garbageCollector.OperationLogGarbageCollector.moveAndRemoveRecordsFromLog(OperationLogGarbageCollector.java:69)
	at jetbrains.exodus.newLogConcept.garbageCollector.OperationLogGarbageCollector.clean(OperationLogGarbageCollector.java:51)
	at jetbrains.exodus.newLogConcept.MVCC.MVCCDataStructure.lambda$commitTransaction$1(MVCCDataStructure.java:297)
	at java.base/java.util.concurrent.Executors$RunnableAdapter.call(Executors.java:515)
	at java.base/java.util.concurrent.FutureTask.run(FutureTask.java:264)
	at java.base/java.util.concurrent.ThreadPoolExecutor.runWorker(ThreadPoolExecutor.java:1128)
	at java.base/java.util.concurrent.ThreadPoolExecutor$Worker.run(ThreadPoolExecutor.java:628)
	... 1 more
java.util.concurrent.ExecutionException: jetbrains.exodus.ExodusException
	at java.base/java.util.concurrent.FutureTask.report(FutureTask.java:122)
	at java.base/java.util.concurrent.FutureTask.get(FutureTask.java:191)
	at jetbrains.exodus.newLogConcept.MVCC.MVCCDataStructure.commitTransaction(MVCCDataStructure.java:299)
	at site.ycsb.db.XodusClient.insert(XodusClient.java:60)
	at site.ycsb.DBWrapper.insert(DBWrapper.java:227)
	at site.ycsb.workloads.CoreWorkload.doInsert(CoreWorkload.java:621)
	at site.ycsb.ClientThread.run(ClientThread.java:135)
	at java.base/java.lang.Thread.run(Thread.java:829)
Caused by: jetbrains.exodus.ExodusException
	at jetbrains.exodus.newLogConcept.garbageCollector.OperationLogGarbageCollector.moveAndRemoveRecordsFromLog(OperationLogGarbageCollector.java:69)
	at jetbrains.exodus.newLogConcept.garbageCollector.OperationLogGarbageCollector.clean(OperationLogGarbageCollector.java:51)
	at jetbrains.exodus.newLogConcept.MVCC.MVCCDataStructure.lambda$commitTransaction$1(MVCCDataStructure.java:297)
	at java.base/java.util.concurrent.Executors$RunnableAdapter.call(Executors.java:515)
	at java.base/java.util.concurrent.FutureTask.run(FutureTask.java:264)
	at java.base/java.util.concurrent.ThreadPoolExecutor.runWorker(ThreadPoolExecutor.java:1128)
	at java.base/java.util.concurrent.ThreadPoolExecutor$Worker.run(ThreadPoolExecutor.java:628)
	... 1 more
java.util.concurrent.ExecutionException: jetbrains.exodus.ExodusException
	at java.base/java.util.concurrent.FutureTask.report(FutureTask.java:122)
	at java.base/java.util.concurrent.FutureTask.get(FutureTask.java:191)
	at jetbrains.exodus.newLogConcept.MVCC.MVCCDataStructure.commitTransaction(MVCCDataStructure.java:299)
	at site.ycsb.db.XodusClient.insert(XodusClient.java:60)
	at site.ycsb.DBWrapper.insert(DBWrapper.java:227)
	at site.ycsb.workloads.CoreWorkload.doInsert(CoreWorkload.java:621)
	at site.ycsb.ClientThread.run(ClientThread.java:135)
	at java.base/java.lang.Thread.run(Thread.java:829)
Caused by: jetbrains.exodus.ExodusException
	at jetbrains.exodus.newLogConcept.garbageCollector.OperationLogGarbageCollector.moveAndRemoveRecordsFromLog(OperationLogGarbageCollector.java:69)
	at jetbrains.exodus.newLogConcept.garbageCollector.OperationLogGarbageCollector.clean(OperationLogGarbageCollector.java:51)
	at jetbrains.exodus.newLogConcept.MVCC.MVCCDataStructure.lambda$commitTransaction$1(MVCCDataStructure.java:297)
	at java.base/java.util.concurrent.Executors$RunnableAdapter.call(Executors.java:515)
	at java.base/java.util.concurrent.FutureTask.run(FutureTask.java:264)
	at java.base/java.util.concurrent.ThreadPoolExecutor.runWorker(ThreadPoolExecutor.java:1128)
	at java.base/java.util.concurrent.ThreadPoolExecutor$Worker.run(ThreadPoolExecutor.java:628)
	... 1 more
java.util.concurrent.ExecutionException: jetbrains.exodus.ExodusException
	at java.base/java.util.concurrent.FutureTask.report(FutureTask.java:122)
	at java.base/java.util.concurrent.FutureTask.get(FutureTask.java:191)
	at jetbrains.exodus.newLogConcept.MVCC.MVCCDataStructure.commitTransaction(MVCCDataStructure.java:299)
	at site.ycsb.db.XodusClient.insert(XodusClient.java:60)
	at site.ycsb.DBWrapper.insert(DBWrapper.java:227)
	at site.ycsb.workloads.CoreWorkload.doInsert(CoreWorkload.java:621)
	at site.ycsb.ClientThread.run(ClientThread.java:135)
	at java.base/java.lang.Thread.run(Thread.java:829)
Caused by: jetbrains.exodus.ExodusException
	at jetbrains.exodus.newLogConcept.garbageCollector.OperationLogGarbageCollector.moveAndRemoveRecordsFromLog(OperationLogGarbageCollector.java:69)
	at jetbrains.exodus.newLogConcept.garbageCollector.OperationLogGarbageCollector.clean(OperationLogGarbageCollector.java:51)
	at jetbrains.exodus.newLogConcept.MVCC.MVCCDataStructure.lambda$commitTransaction$1(MVCCDataStructure.java:297)
	at java.base/java.util.concurrent.Executors$RunnableAdapter.call(Executors.java:515)
	at java.base/java.util.concurrent.FutureTask.run(FutureTask.java:264)
	at java.base/java.util.concurrent.ThreadPoolExecutor.runWorker(ThreadPoolExecutor.java:1128)
	at java.base/java.util.concurrent.ThreadPoolExecutor$Worker.run(ThreadPoolExecutor.java:628)
	... 1 more
java.util.concurrent.ExecutionException: jetbrains.exodus.ExodusException
	at java.base/java.util.concurrent.FutureTask.report(FutureTask.java:122)
	at java.base/java.util.concurrent.FutureTask.get(FutureTask.java:191)
	at jetbrains.exodus.newLogConcept.MVCC.MVCCDataStructure.commitTransaction(MVCCDataStructure.java:299)
	at site.ycsb.db.XodusClient.insert(XodusClient.java:60)
	at site.ycsb.DBWrapper.insert(DBWrapper.java:227)
	at site.ycsb.workloads.CoreWorkload.doInsert(CoreWorkload.java:621)
	at site.ycsb.ClientThread.run(ClientThread.java:135)
	at java.base/java.lang.Thread.run(Thread.java:829)
Caused by: jetbrains.exodus.ExodusException
	at jetbrains.exodus.newLogConcept.garbageCollector.OperationLogGarbageCollector.moveAndRemoveRecordsFromLog(OperationLogGarbageCollector.java:69)
	at jetbrains.exodus.newLogConcept.garbageCollector.OperationLogGarbageCollector.clean(OperationLogGarbageCollector.java:51)
	at jetbrains.exodus.newLogConcept.MVCC.MVCCDataStructure.lambda$commitTransaction$1(MVCCDataStructure.java:297)
	at java.base/java.util.concurrent.Executors$RunnableAdapter.call(Executors.java:515)
	at java.base/java.util.concurrent.FutureTask.run(FutureTask.java:264)
	at java.base/java.util.concurrent.ThreadPoolExecutor.runWorker(ThreadPoolExecutor.java:1128)
	at java.base/java.util.concurrent.ThreadPoolExecutor$Worker.run(ThreadPoolExecutor.java:628)
	... 1 more
java.util.concurrent.ExecutionException: jetbrains.exodus.ExodusException
	at java.base/java.util.concurrent.FutureTask.report(FutureTask.java:122)
	at java.base/java.util.concurrent.FutureTask.get(FutureTask.java:191)
	at jetbrains.exodus.newLogConcept.MVCC.MVCCDataStructure.commitTransaction(MVCCDataStructure.java:299)
	at site.ycsb.db.XodusClient.insert(XodusClient.java:60)
	at site.ycsb.DBWrapper.insert(DBWrapper.java:227)
	at site.ycsb.workloads.CoreWorkload.doInsert(CoreWorkload.java:621)
	at site.ycsb.ClientThread.run(ClientThread.java:135)
	at java.base/java.lang.Thread.run(Thread.java:829)
Caused by: jetbrains.exodus.ExodusException
	at jetbrains.exodus.newLogConcept.garbageCollector.OperationLogGarbageCollector.moveAndRemoveRecordsFromLog(OperationLogGarbageCollector.java:69)
	at jetbrains.exodus.newLogConcept.garbageCollector.OperationLogGarbageCollector.clean(OperationLogGarbageCollector.java:51)
	at jetbrains.exodus.newLogConcept.MVCC.MVCCDataStructure.lambda$commitTransaction$1(MVCCDataStructure.java:297)
	at java.base/java.util.concurrent.Executors$RunnableAdapter.call(Executors.java:515)
	at java.base/java.util.concurrent.FutureTask.run(FutureTask.java:264)
	at java.base/java.util.concurrent.ThreadPoolExecutor.runWorker(ThreadPoolExecutor.java:1128)
	at java.base/java.util.concurrent.ThreadPoolExecutor$Worker.run(ThreadPoolExecutor.java:628)
	... 1 more
java.util.concurrent.ExecutionException: jetbrains.exodus.ExodusException
	at java.base/java.util.concurrent.FutureTask.report(FutureTask.java:122)
	at java.base/java.util.concurrent.FutureTask.get(FutureTask.java:191)
	at jetbrains.exodus.newLogConcept.MVCC.MVCCDataStructure.commitTransaction(MVCCDataStructure.java:299)
	at site.ycsb.db.XodusClient.insert(XodusClient.java:60)
	at site.ycsb.DBWrapper.insert(DBWrapper.java:227)
	at site.ycsb.workloads.CoreWorkload.doInsert(CoreWorkload.java:621)
	at site.ycsb.ClientThread.run(ClientThread.java:135)
	at java.base/java.lang.Thread.run(Thread.java:829)
Caused by: jetbrains.exodus.ExodusException
	at jetbrains.exodus.newLogConcept.garbageCollector.OperationLogGarbageCollector.moveAndRemoveRecordsFromLog(OperationLogGarbageCollector.java:69)
	at jetbrains.exodus.newLogConcept.garbageCollector.OperationLogGarbageCollector.clean(OperationLogGarbageCollector.java:51)
	at jetbrains.exodus.newLogConcept.MVCC.MVCCDataStructure.lambda$commitTransaction$1(MVCCDataStructure.java:297)
	at java.base/java.util.concurrent.Executors$RunnableAdapter.call(Executors.java:515)
	at java.base/java.util.concurrent.FutureTask.run(FutureTask.java:264)
	at java.base/java.util.concurrent.ThreadPoolExecutor.runWorker(ThreadPoolExecutor.java:1128)
	at java.base/java.util.concurrent.ThreadPoolExecutor$Worker.run(ThreadPoolExecutor.java:628)
	... 1 more
java.util.concurrent.ExecutionException: jetbrains.exodus.ExodusException
	at java.base/java.util.concurrent.FutureTask.report(FutureTask.java:122)
	at java.base/java.util.concurrent.FutureTask.get(FutureTask.java:191)
	at jetbrains.exodus.newLogConcept.MVCC.MVCCDataStructure.commitTransaction(MVCCDataStructure.java:299)
	at site.ycsb.db.XodusClient.insert(XodusClient.java:60)
	at site.ycsb.DBWrapper.insert(DBWrapper.java:227)
	at site.ycsb.workloads.CoreWorkload.doInsert(CoreWorkload.java:621)
	at site.ycsb.ClientThread.run(ClientThread.java:135)
	at java.base/java.lang.Thread.run(Thread.java:829)
Caused by: jetbrains.exodus.ExodusException
	at jetbrains.exodus.newLogConcept.garbageCollector.OperationLogGarbageCollector.moveAndRemoveRecordsFromLog(OperationLogGarbageCollector.java:69)
	at jetbrains.exodus.newLogConcept.garbageCollector.OperationLogGarbageCollector.clean(OperationLogGarbageCollector.java:51)
	at jetbrains.exodus.newLogConcept.MVCC.MVCCDataStructure.lambda$commitTransaction$1(MVCCDataStructure.java:297)
	at java.base/java.util.concurrent.Executors$RunnableAdapter.call(Executors.java:515)
	at java.base/java.util.concurrent.FutureTask.run(FutureTask.java:264)
	at java.base/java.util.concurrent.ThreadPoolExecutor.runWorker(ThreadPoolExecutor.java:1128)
	at java.base/java.util.concurrent.ThreadPoolExecutor$Worker.run(ThreadPoolExecutor.java:628)
	... 1 more
java.util.concurrent.ExecutionException: jetbrains.exodus.ExodusException
	at java.base/java.util.concurrent.FutureTask.report(FutureTask.java:122)
	at java.base/java.util.concurrent.FutureTask.get(FutureTask.java:191)
	at jetbrains.exodus.newLogConcept.MVCC.MVCCDataStructure.commitTransaction(MVCCDataStructure.java:299)
	at site.ycsb.db.XodusClient.insert(XodusClient.java:60)
	at site.ycsb.DBWrapper.insert(DBWrapper.java:227)
	at site.ycsb.workloads.CoreWorkload.doInsert(CoreWorkload.java:621)
	at site.ycsb.ClientThread.run(ClientThread.java:135)
	at java.base/java.lang.Thread.run(Thread.java:829)
Caused by: jetbrains.exodus.ExodusException
	at jetbrains.exodus.newLogConcept.garbageCollector.OperationLogGarbageCollector.moveAndRemoveRecordsFromLog(OperationLogGarbageCollector.java:69)
	at jetbrains.exodus.newLogConcept.garbageCollector.OperationLogGarbageCollector.clean(OperationLogGarbageCollector.java:51)
	at jetbrains.exodus.newLogConcept.MVCC.MVCCDataStructure.lambda$commitTransaction$1(MVCCDataStructure.java:297)
	at java.base/java.util.concurrent.Executors$RunnableAdapter.call(Executors.java:515)
	at java.base/java.util.concurrent.FutureTask.run(FutureTask.java:264)
	at java.base/java.util.concurrent.ThreadPoolExecutor.runWorker(ThreadPoolExecutor.java:1128)
	at java.base/java.util.concurrent.ThreadPoolExecutor$Worker.run(ThreadPoolExecutor.java:628)
	... 1 more
java.util.concurrent.ExecutionException: jetbrains.exodus.ExodusException
	at java.base/java.util.concurrent.FutureTask.report(FutureTask.java:122)
	at java.base/java.util.concurrent.FutureTask.get(FutureTask.java:191)
	at jetbrains.exodus.newLogConcept.MVCC.MVCCDataStructure.commitTransaction(MVCCDataStructure.java:299)
	at site.ycsb.db.XodusClient.insert(XodusClient.java:60)
	at site.ycsb.DBWrapper.insert(DBWrapper.java:227)
	at site.ycsb.workloads.CoreWorkload.doInsert(CoreWorkload.java:621)
	at site.ycsb.ClientThread.run(ClientThread.java:135)
	at java.base/java.lang.Thread.run(Thread.java:829)
Caused by: jetbrains.exodus.ExodusException
	at jetbrains.exodus.newLogConcept.garbageCollector.OperationLogGarbageCollector.moveAndRemoveRecordsFromLog(OperationLogGarbageCollector.java:69)
	at jetbrains.exodus.newLogConcept.garbageCollector.OperationLogGarbageCollector.clean(OperationLogGarbageCollector.java:51)
	at jetbrains.exodus.newLogConcept.MVCC.MVCCDataStructure.lambda$commitTransaction$1(MVCCDataStructure.java:297)
	at java.base/java.util.concurrent.Executors$RunnableAdapter.call(Executors.java:515)
	at java.base/java.util.concurrent.FutureTask.run(FutureTask.java:264)
	at java.base/java.util.concurrent.ThreadPoolExecutor.runWorker(ThreadPoolExecutor.java:1128)
	at java.base/java.util.concurrent.ThreadPoolExecutor$Worker.run(ThreadPoolExecutor.java:628)
	... 1 more
java.util.concurrent.ExecutionException: jetbrains.exodus.ExodusException
	at java.base/java.util.concurrent.FutureTask.report(FutureTask.java:122)
	at java.base/java.util.concurrent.FutureTask.get(FutureTask.java:191)
	at jetbrains.exodus.newLogConcept.MVCC.MVCCDataStructure.commitTransaction(MVCCDataStructure.java:299)
	at site.ycsb.db.XodusClient.insert(XodusClient.java:60)
	at site.ycsb.DBWrapper.insert(DBWrapper.java:227)
	at site.ycsb.workloads.CoreWorkload.doInsert(CoreWorkload.java:621)
	at site.ycsb.ClientThread.run(ClientThread.java:135)
	at java.base/java.lang.Thread.run(Thread.java:829)
Caused by: jetbrains.exodus.ExodusException
	at jetbrains.exodus.newLogConcept.garbageCollector.OperationLogGarbageCollector.moveAndRemoveRecordsFromLog(OperationLogGarbageCollector.java:69)
	at jetbrains.exodus.newLogConcept.garbageCollector.OperationLogGarbageCollector.clean(OperationLogGarbageCollector.java:51)
	at jetbrains.exodus.newLogConcept.MVCC.MVCCDataStructure.lambda$commitTransaction$1(MVCCDataStructure.java:297)
	at java.base/java.util.concurrent.Executors$RunnableAdapter.call(Executors.java:515)
	at java.base/java.util.concurrent.FutureTask.run(FutureTask.java:264)
	at java.base/java.util.concurrent.ThreadPoolExecutor.runWorker(ThreadPoolExecutor.java:1128)
	at java.base/java.util.concurrent.ThreadPoolExecutor$Worker.run(ThreadPoolExecutor.java:628)
	... 1 more
java.util.concurrent.ExecutionException: jetbrains.exodus.ExodusException
	at java.base/java.util.concurrent.FutureTask.report(FutureTask.java:122)
	at java.base/java.util.concurrent.FutureTask.get(FutureTask.java:191)
	at jetbrains.exodus.newLogConcept.MVCC.MVCCDataStructure.commitTransaction(MVCCDataStructure.java:299)
	at site.ycsb.db.XodusClient.insert(XodusClient.java:60)
	at site.ycsb.DBWrapper.insert(DBWrapper.java:227)
	at site.ycsb.workloads.CoreWorkload.doInsert(CoreWorkload.java:621)
	at site.ycsb.ClientThread.run(ClientThread.java:135)
	at java.base/java.lang.Thread.run(Thread.java:829)
Caused by: jetbrains.exodus.ExodusException
	at jetbrains.exodus.newLogConcept.garbageCollector.OperationLogGarbageCollector.moveAndRemoveRecordsFromLog(OperationLogGarbageCollector.java:69)
	at jetbrains.exodus.newLogConcept.garbageCollector.OperationLogGarbageCollector.clean(OperationLogGarbageCollector.java:51)
	at jetbrains.exodus.newLogConcept.MVCC.MVCCDataStructure.lambda$commitTransaction$1(MVCCDataStructure.java:297)
	at java.base/java.util.concurrent.Executors$RunnableAdapter.call(Executors.java:515)
	at java.base/java.util.concurrent.FutureTask.run(FutureTask.java:264)
	at java.base/java.util.concurrent.ThreadPoolExecutor.runWorker(ThreadPoolExecutor.java:1128)
	at java.base/java.util.concurrent.ThreadPoolExecutor$Worker.run(ThreadPoolExecutor.java:628)
	... 1 more
java.util.concurrent.ExecutionException: jetbrains.exodus.ExodusException
	at java.base/java.util.concurrent.FutureTask.report(FutureTask.java:122)
	at java.base/java.util.concurrent.FutureTask.get(FutureTask.java:191)
	at jetbrains.exodus.newLogConcept.MVCC.MVCCDataStructure.commitTransaction(MVCCDataStructure.java:299)
	at site.ycsb.db.XodusClient.insert(XodusClient.java:60)
	at site.ycsb.DBWrapper.insert(DBWrapper.java:227)
	at site.ycsb.workloads.CoreWorkload.doInsert(CoreWorkload.java:621)
	at site.ycsb.ClientThread.run(ClientThread.java:135)
	at java.base/java.lang.Thread.run(Thread.java:829)
Caused by: jetbrains.exodus.ExodusException
	at jetbrains.exodus.newLogConcept.garbageCollector.OperationLogGarbageCollector.moveAndRemoveRecordsFromLog(OperationLogGarbageCollector.java:69)
	at jetbrains.exodus.newLogConcept.garbageCollector.OperationLogGarbageCollector.clean(OperationLogGarbageCollector.java:51)
	at jetbrains.exodus.newLogConcept.MVCC.MVCCDataStructure.lambda$commitTransaction$1(MVCCDataStructure.java:297)
	at java.base/java.util.concurrent.Executors$RunnableAdapter.call(Executors.java:515)
	at java.base/java.util.concurrent.FutureTask.run(FutureTask.java:264)
	at java.base/java.util.concurrent.ThreadPoolExecutor.runWorker(ThreadPoolExecutor.java:1128)
	at java.base/java.util.concurrent.ThreadPoolExecutor$Worker.run(ThreadPoolExecutor.java:628)
	... 1 more
java.util.concurrent.ExecutionException: jetbrains.exodus.ExodusException
	at java.base/java.util.concurrent.FutureTask.report(FutureTask.java:122)
	at java.base/java.util.concurrent.FutureTask.get(FutureTask.java:191)
	at jetbrains.exodus.newLogConcept.MVCC.MVCCDataStructure.commitTransaction(MVCCDataStructure.java:299)
	at site.ycsb.db.XodusClient.insert(XodusClient.java:60)
	at site.ycsb.DBWrapper.insert(DBWrapper.java:227)
	at site.ycsb.workloads.CoreWorkload.doInsert(CoreWorkload.java:621)
	at site.ycsb.ClientThread.run(ClientThread.java:135)
	at java.base/java.lang.Thread.run(Thread.java:829)
Caused by: jetbrains.exodus.ExodusException
	at jetbrains.exodus.newLogConcept.garbageCollector.OperationLogGarbageCollector.moveAndRemoveRecordsFromLog(OperationLogGarbageCollector.java:69)
	at jetbrains.exodus.newLogConcept.garbageCollector.OperationLogGarbageCollector.clean(OperationLogGarbageCollector.java:51)
	at jetbrains.exodus.newLogConcept.MVCC.MVCCDataStructure.lambda$commitTransaction$1(MVCCDataStructure.java:297)
	at java.base/java.util.concurrent.Executors$RunnableAdapter.call(Executors.java:515)
	at java.base/java.util.concurrent.FutureTask.run(FutureTask.java:264)
	at java.base/java.util.concurrent.ThreadPoolExecutor.runWorker(ThreadPoolExecutor.java:1128)
	at java.base/java.util.concurrent.ThreadPoolExecutor$Worker.run(ThreadPoolExecutor.java:628)
	... 1 more
java.util.concurrent.ExecutionException: jetbrains.exodus.ExodusException
	at java.base/java.util.concurrent.FutureTask.report(FutureTask.java:122)
	at java.base/java.util.concurrent.FutureTask.get(FutureTask.java:191)
	at jetbrains.exodus.newLogConcept.MVCC.MVCCDataStructure.commitTransaction(MVCCDataStructure.java:299)
	at site.ycsb.db.XodusClient.insert(XodusClient.java:60)
	at site.ycsb.DBWrapper.insert(DBWrapper.java:227)
	at site.ycsb.workloads.CoreWorkload.doInsert(CoreWorkload.java:621)
	at site.ycsb.ClientThread.run(ClientThread.java:135)
	at java.base/java.lang.Thread.run(Thread.java:829)
Caused by: jetbrains.exodus.ExodusException
	at jetbrains.exodus.newLogConcept.garbageCollector.OperationLogGarbageCollector.moveAndRemoveRecordsFromLog(OperationLogGarbageCollector.java:69)
	at jetbrains.exodus.newLogConcept.garbageCollector.OperationLogGarbageCollector.clean(OperationLogGarbageCollector.java:51)
	at jetbrains.exodus.newLogConcept.MVCC.MVCCDataStructure.lambda$commitTransaction$1(MVCCDataStructure.java:297)
	at java.base/java.util.concurrent.Executors$RunnableAdapter.call(Executors.java:515)
	at java.base/java.util.concurrent.FutureTask.run(FutureTask.java:264)
	at java.base/java.util.concurrent.ThreadPoolExecutor.runWorker(ThreadPoolExecutor.java:1128)
	at java.base/java.util.concurrent.ThreadPoolExecutor$Worker.run(ThreadPoolExecutor.java:628)
	... 1 more
java.util.concurrent.ExecutionException: jetbrains.exodus.ExodusException
	at java.base/java.util.concurrent.FutureTask.report(FutureTask.java:122)
	at java.base/java.util.concurrent.FutureTask.get(FutureTask.java:191)
	at jetbrains.exodus.newLogConcept.MVCC.MVCCDataStructure.commitTransaction(MVCCDataStructure.java:299)
	at site.ycsb.db.XodusClient.insert(XodusClient.java:60)
	at site.ycsb.DBWrapper.insert(DBWrapper.java:227)
	at site.ycsb.workloads.CoreWorkload.doInsert(CoreWorkload.java:621)
	at site.ycsb.ClientThread.run(ClientThread.java:135)
	at java.base/java.lang.Thread.run(Thread.java:829)
Caused by: jetbrains.exodus.ExodusException
	at jetbrains.exodus.newLogConcept.garbageCollector.OperationLogGarbageCollector.moveAndRemoveRecordsFromLog(OperationLogGarbageCollector.java:69)
	at jetbrains.exodus.newLogConcept.garbageCollector.OperationLogGarbageCollector.clean(OperationLogGarbageCollector.java:51)
	at jetbrains.exodus.newLogConcept.MVCC.MVCCDataStructure.lambda$commitTransaction$1(MVCCDataStructure.java:297)
	at java.base/java.util.concurrent.Executors$RunnableAdapter.call(Executors.java:515)
	at java.base/java.util.concurrent.FutureTask.run(FutureTask.java:264)
	at java.base/java.util.concurrent.ThreadPoolExecutor.runWorker(ThreadPoolExecutor.java:1128)
	at java.base/java.util.concurrent.ThreadPoolExecutor$Worker.run(ThreadPoolExecutor.java:628)
	... 1 more
java.util.concurrent.ExecutionException: jetbrains.exodus.ExodusException
	at java.base/java.util.concurrent.FutureTask.report(FutureTask.java:122)
	at java.base/java.util.concurrent.FutureTask.get(FutureTask.java:191)
	at jetbrains.exodus.newLogConcept.MVCC.MVCCDataStructure.commitTransaction(MVCCDataStructure.java:299)
	at site.ycsb.db.XodusClient.insert(XodusClient.java:60)
	at site.ycsb.DBWrapper.insert(DBWrapper.java:227)
	at site.ycsb.workloads.CoreWorkload.doInsert(CoreWorkload.java:621)
	at site.ycsb.ClientThread.run(ClientThread.java:135)
	at java.base/java.lang.Thread.run(Thread.java:829)
Caused by: jetbrains.exodus.ExodusException
	at jetbrains.exodus.newLogConcept.garbageCollector.OperationLogGarbageCollector.moveAndRemoveRecordsFromLog(OperationLogGarbageCollector.java:69)
	at jetbrains.exodus.newLogConcept.garbageCollector.OperationLogGarbageCollector.clean(OperationLogGarbageCollector.java:51)
	at jetbrains.exodus.newLogConcept.MVCC.MVCCDataStructure.lambda$commitTransaction$1(MVCCDataStructure.java:297)
	at java.base/java.util.concurrent.Executors$RunnableAdapter.call(Executors.java:515)
	at java.base/java.util.concurrent.FutureTask.run(FutureTask.java:264)
	at java.base/java.util.concurrent.ThreadPoolExecutor.runWorker(ThreadPoolExecutor.java:1128)
	at java.base/java.util.concurrent.ThreadPoolExecutor$Worker.run(ThreadPoolExecutor.java:628)
	... 1 more
java.util.concurrent.ExecutionException: jetbrains.exodus.ExodusException
	at java.base/java.util.concurrent.FutureTask.report(FutureTask.java:122)
	at java.base/java.util.concurrent.FutureTask.get(FutureTask.java:191)
	at jetbrains.exodus.newLogConcept.MVCC.MVCCDataStructure.commitTransaction(MVCCDataStructure.java:299)
	at site.ycsb.db.XodusClient.insert(XodusClient.java:60)
	at site.ycsb.DBWrapper.insert(DBWrapper.java:227)
	at site.ycsb.workloads.CoreWorkload.doInsert(CoreWorkload.java:621)
	at site.ycsb.ClientThread.run(ClientThread.java:135)
	at java.base/java.lang.Thread.run(Thread.java:829)
Caused by: jetbrains.exodus.ExodusException
	at jetbrains.exodus.newLogConcept.garbageCollector.OperationLogGarbageCollector.moveAndRemoveRecordsFromLog(OperationLogGarbageCollector.java:69)
	at jetbrains.exodus.newLogConcept.garbageCollector.OperationLogGarbageCollector.clean(OperationLogGarbageCollector.java:51)
	at jetbrains.exodus.newLogConcept.MVCC.MVCCDataStructure.lambda$commitTransaction$1(MVCCDataStructure.java:297)
	at java.base/java.util.concurrent.Executors$RunnableAdapter.call(Executors.java:515)
	at java.base/java.util.concurrent.FutureTask.run(FutureTask.java:264)
	at java.base/java.util.concurrent.ThreadPoolExecutor.runWorker(ThreadPoolExecutor.java:1128)
	at java.base/java.util.concurrent.ThreadPoolExecutor$Worker.run(ThreadPoolExecutor.java:628)
	... 1 more
java.util.concurrent.ExecutionException: jetbrains.exodus.ExodusException
	at java.base/java.util.concurrent.FutureTask.report(FutureTask.java:122)
	at java.base/java.util.concurrent.FutureTask.get(FutureTask.java:191)
	at jetbrains.exodus.newLogConcept.MVCC.MVCCDataStructure.commitTransaction(MVCCDataStructure.java:299)
	at site.ycsb.db.XodusClient.insert(XodusClient.java:60)
	at site.ycsb.DBWrapper.insert(DBWrapper.java:227)
	at site.ycsb.workloads.CoreWorkload.doInsert(CoreWorkload.java:621)
	at site.ycsb.ClientThread.run(ClientThread.java:135)
	at java.base/java.lang.Thread.run(Thread.java:829)
Caused by: jetbrains.exodus.ExodusException
	at jetbrains.exodus.newLogConcept.garbageCollector.OperationLogGarbageCollector.moveAndRemoveRecordsFromLog(OperationLogGarbageCollector.java:69)
	at jetbrains.exodus.newLogConcept.garbageCollector.OperationLogGarbageCollector.clean(OperationLogGarbageCollector.java:51)
	at jetbrains.exodus.newLogConcept.MVCC.MVCCDataStructure.lambda$commitTransaction$1(MVCCDataStructure.java:297)
	at java.base/java.util.concurrent.Executors$RunnableAdapter.call(Executors.java:515)
	at java.base/java.util.concurrent.FutureTask.run(FutureTask.java:264)
	at java.base/java.util.concurrent.ThreadPoolExecutor.runWorker(ThreadPoolExecutor.java:1128)
	at java.base/java.util.concurrent.ThreadPoolExecutor$Worker.run(ThreadPoolExecutor.java:628)
	... 1 more
java.util.concurrent.ExecutionException: jetbrains.exodus.ExodusException
	at java.base/java.util.concurrent.FutureTask.report(FutureTask.java:122)
	at java.base/java.util.concurrent.FutureTask.get(FutureTask.java:191)
	at jetbrains.exodus.newLogConcept.MVCC.MVCCDataStructure.commitTransaction(MVCCDataStructure.java:299)
	at site.ycsb.db.XodusClient.insert(XodusClient.java:60)
	at site.ycsb.DBWrapper.insert(DBWrapper.java:227)
	at site.ycsb.workloads.CoreWorkload.doInsert(CoreWorkload.java:621)
	at site.ycsb.ClientThread.run(ClientThread.java:135)
	at java.base/java.lang.Thread.run(Thread.java:829)
Caused by: jetbrains.exodus.ExodusException
	at jetbrains.exodus.newLogConcept.garbageCollector.OperationLogGarbageCollector.moveAndRemoveRecordsFromLog(OperationLogGarbageCollector.java:69)
	at jetbrains.exodus.newLogConcept.garbageCollector.OperationLogGarbageCollector.clean(OperationLogGarbageCollector.java:51)
	at jetbrains.exodus.newLogConcept.MVCC.MVCCDataStructure.lambda$commitTransaction$1(MVCCDataStructure.java:297)
	at java.base/java.util.concurrent.Executors$RunnableAdapter.call(Executors.java:515)
	at java.base/java.util.concurrent.FutureTask.run(FutureTask.java:264)
	at java.base/java.util.concurrent.ThreadPoolExecutor.runWorker(ThreadPoolExecutor.java:1128)
	at java.base/java.util.concurrent.ThreadPoolExecutor$Worker.run(ThreadPoolExecutor.java:628)
	... 1 more
java.util.concurrent.ExecutionException: jetbrains.exodus.ExodusException
	at java.base/java.util.concurrent.FutureTask.report(FutureTask.java:122)
	at java.base/java.util.concurrent.FutureTask.get(FutureTask.java:191)
	at jetbrains.exodus.newLogConcept.MVCC.MVCCDataStructure.commitTransaction(MVCCDataStructure.java:299)
	at site.ycsb.db.XodusClient.insert(XodusClient.java:60)
	at site.ycsb.DBWrapper.insert(DBWrapper.java:227)
	at site.ycsb.workloads.CoreWorkload.doInsert(CoreWorkload.java:621)
	at site.ycsb.ClientThread.run(ClientThread.java:135)
	at java.base/java.lang.Thread.run(Thread.java:829)
Caused by: jetbrains.exodus.ExodusException
	at jetbrains.exodus.newLogConcept.garbageCollector.OperationLogGarbageCollector.moveAndRemoveRecordsFromLog(OperationLogGarbageCollector.java:69)
	at jetbrains.exodus.newLogConcept.garbageCollector.OperationLogGarbageCollector.clean(OperationLogGarbageCollector.java:51)
	at jetbrains.exodus.newLogConcept.MVCC.MVCCDataStructure.lambda$commitTransaction$1(MVCCDataStructure.java:297)
	at java.base/java.util.concurrent.Executors$RunnableAdapter.call(Executors.java:515)
	at java.base/java.util.concurrent.FutureTask.run(FutureTask.java:264)
	at java.base/java.util.concurrent.ThreadPoolExecutor.runWorker(ThreadPoolExecutor.java:1128)
	at java.base/java.util.concurrent.ThreadPoolExecutor$Worker.run(ThreadPoolExecutor.java:628)
	... 1 more
java.util.concurrent.ExecutionException: jetbrains.exodus.ExodusException
	at java.base/java.util.concurrent.FutureTask.report(FutureTask.java:122)
	at java.base/java.util.concurrent.FutureTask.get(FutureTask.java:191)
	at jetbrains.exodus.newLogConcept.MVCC.MVCCDataStructure.commitTransaction(MVCCDataStructure.java:299)
	at site.ycsb.db.XodusClient.insert(XodusClient.java:60)
	at site.ycsb.DBWrapper.insert(DBWrapper.java:227)
	at site.ycsb.workloads.CoreWorkload.doInsert(CoreWorkload.java:621)
	at site.ycsb.ClientThread.run(ClientThread.java:135)
	at java.base/java.lang.Thread.run(Thread.java:829)
Caused by: jetbrains.exodus.ExodusException
	at jetbrains.exodus.newLogConcept.garbageCollector.OperationLogGarbageCollector.moveAndRemoveRecordsFromLog(OperationLogGarbageCollector.java:69)
	at jetbrains.exodus.newLogConcept.garbageCollector.OperationLogGarbageCollector.clean(OperationLogGarbageCollector.java:51)
	at jetbrains.exodus.newLogConcept.MVCC.MVCCDataStructure.lambda$commitTransaction$1(MVCCDataStructure.java:297)
	at java.base/java.util.concurrent.Executors$RunnableAdapter.call(Executors.java:515)
	at java.base/java.util.concurrent.FutureTask.run(FutureTask.java:264)
	at java.base/java.util.concurrent.ThreadPoolExecutor.runWorker(ThreadPoolExecutor.java:1128)
	at java.base/java.util.concurrent.ThreadPoolExecutor$Worker.run(ThreadPoolExecutor.java:628)
	... 1 more
java.util.concurrent.ExecutionException: jetbrains.exodus.ExodusException
	at java.base/java.util.concurrent.FutureTask.report(FutureTask.java:122)
	at java.base/java.util.concurrent.FutureTask.get(FutureTask.java:191)
	at jetbrains.exodus.newLogConcept.MVCC.MVCCDataStructure.commitTransaction(MVCCDataStructure.java:299)
	at site.ycsb.db.XodusClient.insert(XodusClient.java:60)
	at site.ycsb.DBWrapper.insert(DBWrapper.java:227)
	at site.ycsb.workloads.CoreWorkload.doInsert(CoreWorkload.java:621)
	at site.ycsb.ClientThread.run(ClientThread.java:135)
	at java.base/java.lang.Thread.run(Thread.java:829)
Caused by: jetbrains.exodus.ExodusException
	at jetbrains.exodus.newLogConcept.garbageCollector.OperationLogGarbageCollector.moveAndRemoveRecordsFromLog(OperationLogGarbageCollector.java:69)
	at jetbrains.exodus.newLogConcept.garbageCollector.OperationLogGarbageCollector.clean(OperationLogGarbageCollector.java:51)
	at jetbrains.exodus.newLogConcept.MVCC.MVCCDataStructure.lambda$commitTransaction$1(MVCCDataStructure.java:297)
	at java.base/java.util.concurrent.Executors$RunnableAdapter.call(Executors.java:515)
	at java.base/java.util.concurrent.FutureTask.run(FutureTask.java:264)
	at java.base/java.util.concurrent.ThreadPoolExecutor.runWorker(ThreadPoolExecutor.java:1128)
	at java.base/java.util.concurrent.ThreadPoolExecutor$Worker.run(ThreadPoolExecutor.java:628)
	... 1 more
java.util.concurrent.ExecutionException: jetbrains.exodus.ExodusException
	at java.base/java.util.concurrent.FutureTask.report(FutureTask.java:122)
	at java.base/java.util.concurrent.FutureTask.get(FutureTask.java:191)
	at jetbrains.exodus.newLogConcept.MVCC.MVCCDataStructure.commitTransaction(MVCCDataStructure.java:299)
	at site.ycsb.db.XodusClient.insert(XodusClient.java:60)
	at site.ycsb.DBWrapper.insert(DBWrapper.java:227)
	at site.ycsb.workloads.CoreWorkload.doInsert(CoreWorkload.java:621)
	at site.ycsb.ClientThread.run(ClientThread.java:135)
	at java.base/java.lang.Thread.run(Thread.java:829)
Caused by: jetbrains.exodus.ExodusException
	at jetbrains.exodus.newLogConcept.garbageCollector.OperationLogGarbageCollector.moveAndRemoveRecordsFromLog(OperationLogGarbageCollector.java:69)
	at jetbrains.exodus.newLogConcept.garbageCollector.OperationLogGarbageCollector.clean(OperationLogGarbageCollector.java:51)
	at jetbrains.exodus.newLogConcept.MVCC.MVCCDataStructure.lambda$commitTransaction$1(MVCCDataStructure.java:297)
	at java.base/java.util.concurrent.Executors$RunnableAdapter.call(Executors.java:515)
	at java.base/java.util.concurrent.FutureTask.run(FutureTask.java:264)
	at java.base/java.util.concurrent.ThreadPoolExecutor.runWorker(ThreadPoolExecutor.java:1128)
	at java.base/java.util.concurrent.ThreadPoolExecutor$Worker.run(ThreadPoolExecutor.java:628)
	... 1 more
java.util.concurrent.ExecutionException: jetbrains.exodus.ExodusException
	at java.base/java.util.concurrent.FutureTask.report(FutureTask.java:122)
	at java.base/java.util.concurrent.FutureTask.get(FutureTask.java:191)
	at jetbrains.exodus.newLogConcept.MVCC.MVCCDataStructure.commitTransaction(MVCCDataStructure.java:299)
	at site.ycsb.db.XodusClient.insert(XodusClient.java:60)
	at site.ycsb.DBWrapper.insert(DBWrapper.java:227)
	at site.ycsb.workloads.CoreWorkload.doInsert(CoreWorkload.java:621)
	at site.ycsb.ClientThread.run(ClientThread.java:135)
	at java.base/java.lang.Thread.run(Thread.java:829)
Caused by: jetbrains.exodus.ExodusException
	at jetbrains.exodus.newLogConcept.garbageCollector.OperationLogGarbageCollector.moveAndRemoveRecordsFromLog(OperationLogGarbageCollector.java:69)
	at jetbrains.exodus.newLogConcept.garbageCollector.OperationLogGarbageCollector.clean(OperationLogGarbageCollector.java:51)
	at jetbrains.exodus.newLogConcept.MVCC.MVCCDataStructure.lambda$commitTransaction$1(MVCCDataStructure.java:297)
	at java.base/java.util.concurrent.Executors$RunnableAdapter.call(Executors.java:515)
	at java.base/java.util.concurrent.FutureTask.run(FutureTask.java:264)
	at java.base/java.util.concurrent.ThreadPoolExecutor.runWorker(ThreadPoolExecutor.java:1128)
	at java.base/java.util.concurrent.ThreadPoolExecutor$Worker.run(ThreadPoolExecutor.java:628)
	... 1 more
java.util.concurrent.ExecutionException: jetbrains.exodus.ExodusException
	at java.base/java.util.concurrent.FutureTask.report(FutureTask.java:122)
	at java.base/java.util.concurrent.FutureTask.get(FutureTask.java:191)
	at jetbrains.exodus.newLogConcept.MVCC.MVCCDataStructure.commitTransaction(MVCCDataStructure.java:299)
	at site.ycsb.db.XodusClient.insert(XodusClient.java:60)
	at site.ycsb.DBWrapper.insert(DBWrapper.java:227)
	at site.ycsb.workloads.CoreWorkload.doInsert(CoreWorkload.java:621)
	at site.ycsb.ClientThread.run(ClientThread.java:135)
	at java.base/java.lang.Thread.run(Thread.java:829)
Caused by: jetbrains.exodus.ExodusException
	at jetbrains.exodus.newLogConcept.garbageCollector.OperationLogGarbageCollector.moveAndRemoveRecordsFromLog(OperationLogGarbageCollector.java:69)
	at jetbrains.exodus.newLogConcept.garbageCollector.OperationLogGarbageCollector.clean(OperationLogGarbageCollector.java:51)
	at jetbrains.exodus.newLogConcept.MVCC.MVCCDataStructure.lambda$commitTransaction$1(MVCCDataStructure.java:297)
	at java.base/java.util.concurrent.Executors$RunnableAdapter.call(Executors.java:515)
	at java.base/java.util.concurrent.FutureTask.run(FutureTask.java:264)
	at java.base/java.util.concurrent.ThreadPoolExecutor.runWorker(ThreadPoolExecutor.java:1128)
	at java.base/java.util.concurrent.ThreadPoolExecutor$Worker.run(ThreadPoolExecutor.java:628)
	... 1 more
java.util.concurrent.ExecutionException: jetbrains.exodus.ExodusException
	at java.base/java.util.concurrent.FutureTask.report(FutureTask.java:122)
	at java.base/java.util.concurrent.FutureTask.get(FutureTask.java:191)
	at jetbrains.exodus.newLogConcept.MVCC.MVCCDataStructure.commitTransaction(MVCCDataStructure.java:299)
	at site.ycsb.db.XodusClient.insert(XodusClient.java:60)
	at site.ycsb.DBWrapper.insert(DBWrapper.java:227)
	at site.ycsb.workloads.CoreWorkload.doInsert(CoreWorkload.java:621)
	at site.ycsb.ClientThread.run(ClientThread.java:135)
	at java.base/java.lang.Thread.run(Thread.java:829)
Caused by: jetbrains.exodus.ExodusException
	at jetbrains.exodus.newLogConcept.garbageCollector.OperationLogGarbageCollector.moveAndRemoveRecordsFromLog(OperationLogGarbageCollector.java:69)
	at jetbrains.exodus.newLogConcept.garbageCollector.OperationLogGarbageCollector.clean(OperationLogGarbageCollector.java:51)
	at jetbrains.exodus.newLogConcept.MVCC.MVCCDataStructure.lambda$commitTransaction$1(MVCCDataStructure.java:297)
	at java.base/java.util.concurrent.Executors$RunnableAdapter.call(Executors.java:515)
	at java.base/java.util.concurrent.FutureTask.run(FutureTask.java:264)
	at java.base/java.util.concurrent.ThreadPoolExecutor.runWorker(ThreadPoolExecutor.java:1128)
	at java.base/java.util.concurrent.ThreadPoolExecutor$Worker.run(ThreadPoolExecutor.java:628)
	... 1 more
java.util.concurrent.ExecutionException: jetbrains.exodus.ExodusException
	at java.base/java.util.concurrent.FutureTask.report(FutureTask.java:122)
	at java.base/java.util.concurrent.FutureTask.get(FutureTask.java:191)
	at jetbrains.exodus.newLogConcept.MVCC.MVCCDataStructure.commitTransaction(MVCCDataStructure.java:299)
	at site.ycsb.db.XodusClient.insert(XodusClient.java:60)
	at site.ycsb.DBWrapper.insert(DBWrapper.java:227)
	at site.ycsb.workloads.CoreWorkload.doInsert(CoreWorkload.java:621)
	at site.ycsb.ClientThread.run(ClientThread.java:135)
	at java.base/java.lang.Thread.run(Thread.java:829)
Caused by: jetbrains.exodus.ExodusException
	at jetbrains.exodus.newLogConcept.garbageCollector.OperationLogGarbageCollector.moveAndRemoveRecordsFromLog(OperationLogGarbageCollector.java:69)
	at jetbrains.exodus.newLogConcept.garbageCollector.OperationLogGarbageCollector.clean(OperationLogGarbageCollector.java:51)
	at jetbrains.exodus.newLogConcept.MVCC.MVCCDataStructure.lambda$commitTransaction$1(MVCCDataStructure.java:297)
	at java.base/java.util.concurrent.Executors$RunnableAdapter.call(Executors.java:515)
	at java.base/java.util.concurrent.FutureTask.run(FutureTask.java:264)
	at java.base/java.util.concurrent.ThreadPoolExecutor.runWorker(ThreadPoolExecutor.java:1128)
	at java.base/java.util.concurrent.ThreadPoolExecutor$Worker.run(ThreadPoolExecutor.java:628)
	... 1 more
java.util.concurrent.ExecutionException: jetbrains.exodus.ExodusException
	at java.base/java.util.concurrent.FutureTask.report(FutureTask.java:122)
	at java.base/java.util.concurrent.FutureTask.get(FutureTask.java:191)
	at jetbrains.exodus.newLogConcept.MVCC.MVCCDataStructure.commitTransaction(MVCCDataStructure.java:299)
	at site.ycsb.db.XodusClient.insert(XodusClient.java:60)
	at site.ycsb.DBWrapper.insert(DBWrapper.java:227)
	at site.ycsb.workloads.CoreWorkload.doInsert(CoreWorkload.java:621)
	at site.ycsb.ClientThread.run(ClientThread.java:135)
	at java.base/java.lang.Thread.run(Thread.java:829)
Caused by: jetbrains.exodus.ExodusException
	at jetbrains.exodus.newLogConcept.garbageCollector.OperationLogGarbageCollector.moveAndRemoveRecordsFromLog(OperationLogGarbageCollector.java:69)
	at jetbrains.exodus.newLogConcept.garbageCollector.OperationLogGarbageCollector.clean(OperationLogGarbageCollector.java:51)
	at jetbrains.exodus.newLogConcept.MVCC.MVCCDataStructure.lambda$commitTransaction$1(MVCCDataStructure.java:297)
	at java.base/java.util.concurrent.Executors$RunnableAdapter.call(Executors.java:515)
	at java.base/java.util.concurrent.FutureTask.run(FutureTask.java:264)
	at java.base/java.util.concurrent.ThreadPoolExecutor.runWorker(ThreadPoolExecutor.java:1128)
	at java.base/java.util.concurrent.ThreadPoolExecutor$Worker.run(ThreadPoolExecutor.java:628)
	... 1 more
java.util.concurrent.ExecutionException: jetbrains.exodus.ExodusException
	at java.base/java.util.concurrent.FutureTask.report(FutureTask.java:122)
	at java.base/java.util.concurrent.FutureTask.get(FutureTask.java:191)
	at jetbrains.exodus.newLogConcept.MVCC.MVCCDataStructure.commitTransaction(MVCCDataStructure.java:299)
	at site.ycsb.db.XodusClient.insert(XodusClient.java:60)
	at site.ycsb.DBWrapper.insert(DBWrapper.java:227)
	at site.ycsb.workloads.CoreWorkload.doInsert(CoreWorkload.java:621)
	at site.ycsb.ClientThread.run(ClientThread.java:135)
	at java.base/java.lang.Thread.run(Thread.java:829)
Caused by: jetbrains.exodus.ExodusException
	at jetbrains.exodus.newLogConcept.garbageCollector.OperationLogGarbageCollector.moveAndRemoveRecordsFromLog(OperationLogGarbageCollector.java:69)
	at jetbrains.exodus.newLogConcept.garbageCollector.OperationLogGarbageCollector.clean(OperationLogGarbageCollector.java:51)
	at jetbrains.exodus.newLogConcept.MVCC.MVCCDataStructure.lambda$commitTransaction$1(MVCCDataStructure.java:297)
	at java.base/java.util.concurrent.Executors$RunnableAdapter.call(Executors.java:515)
	at java.base/java.util.concurrent.FutureTask.run(FutureTask.java:264)
	at java.base/java.util.concurrent.ThreadPoolExecutor.runWorker(ThreadPoolExecutor.java:1128)
	at java.base/java.util.concurrent.ThreadPoolExecutor$Worker.run(ThreadPoolExecutor.java:628)
	... 1 more
java.util.concurrent.ExecutionException: jetbrains.exodus.ExodusException
	at java.base/java.util.concurrent.FutureTask.report(FutureTask.java:122)
	at java.base/java.util.concurrent.FutureTask.get(FutureTask.java:191)
	at jetbrains.exodus.newLogConcept.MVCC.MVCCDataStructure.commitTransaction(MVCCDataStructure.java:299)
	at site.ycsb.db.XodusClient.insert(XodusClient.java:60)
	at site.ycsb.DBWrapper.insert(DBWrapper.java:227)
	at site.ycsb.workloads.CoreWorkload.doInsert(CoreWorkload.java:621)
	at site.ycsb.ClientThread.run(ClientThread.java:135)
	at java.base/java.lang.Thread.run(Thread.java:829)
Caused by: jetbrains.exodus.ExodusException
	at jetbrains.exodus.newLogConcept.garbageCollector.OperationLogGarbageCollector.moveAndRemoveRecordsFromLog(OperationLogGarbageCollector.java:69)
	at jetbrains.exodus.newLogConcept.garbageCollector.OperationLogGarbageCollector.clean(OperationLogGarbageCollector.java:51)
	at jetbrains.exodus.newLogConcept.MVCC.MVCCDataStructure.lambda$commitTransaction$1(MVCCDataStructure.java:297)
	at java.base/java.util.concurrent.Executors$RunnableAdapter.call(Executors.java:515)
	at java.base/java.util.concurrent.FutureTask.run(FutureTask.java:264)
	at java.base/java.util.concurrent.ThreadPoolExecutor.runWorker(ThreadPoolExecutor.java:1128)
	at java.base/java.util.concurrent.ThreadPoolExecutor$Worker.run(ThreadPoolExecutor.java:628)
	... 1 more
java.util.concurrent.ExecutionException: jetbrains.exodus.ExodusException
	at java.base/java.util.concurrent.FutureTask.report(FutureTask.java:122)
	at java.base/java.util.concurrent.FutureTask.get(FutureTask.java:191)
	at jetbrains.exodus.newLogConcept.MVCC.MVCCDataStructure.commitTransaction(MVCCDataStructure.java:299)
	at site.ycsb.db.XodusClient.insert(XodusClient.java:60)
	at site.ycsb.DBWrapper.insert(DBWrapper.java:227)
	at site.ycsb.workloads.CoreWorkload.doInsert(CoreWorkload.java:621)
	at site.ycsb.ClientThread.run(ClientThread.java:135)
	at java.base/java.lang.Thread.run(Thread.java:829)
Caused by: jetbrains.exodus.ExodusException
	at jetbrains.exodus.newLogConcept.garbageCollector.OperationLogGarbageCollector.moveAndRemoveRecordsFromLog(OperationLogGarbageCollector.java:69)
	at jetbrains.exodus.newLogConcept.garbageCollector.OperationLogGarbageCollector.clean(OperationLogGarbageCollector.java:51)
	at jetbrains.exodus.newLogConcept.MVCC.MVCCDataStructure.lambda$commitTransaction$1(MVCCDataStructure.java:297)
	at java.base/java.util.concurrent.Executors$RunnableAdapter.call(Executors.java:515)
	at java.base/java.util.concurrent.FutureTask.run(FutureTask.java:264)
	at java.base/java.util.concurrent.ThreadPoolExecutor.runWorker(ThreadPoolExecutor.java:1128)
	at java.base/java.util.concurrent.ThreadPoolExecutor$Worker.run(ThreadPoolExecutor.java:628)
	... 1 more
java.util.concurrent.ExecutionException: jetbrains.exodus.ExodusException
	at java.base/java.util.concurrent.FutureTask.report(FutureTask.java:122)
	at java.base/java.util.concurrent.FutureTask.get(FutureTask.java:191)
	at jetbrains.exodus.newLogConcept.MVCC.MVCCDataStructure.commitTransaction(MVCCDataStructure.java:299)
	at site.ycsb.db.XodusClient.insert(XodusClient.java:60)
	at site.ycsb.DBWrapper.insert(DBWrapper.java:227)
	at site.ycsb.workloads.CoreWorkload.doInsert(CoreWorkload.java:621)
	at site.ycsb.ClientThread.run(ClientThread.java:135)
	at java.base/java.lang.Thread.run(Thread.java:829)
Caused by: jetbrains.exodus.ExodusException
	at jetbrains.exodus.newLogConcept.garbageCollector.OperationLogGarbageCollector.moveAndRemoveRecordsFromLog(OperationLogGarbageCollector.java:69)
	at jetbrains.exodus.newLogConcept.garbageCollector.OperationLogGarbageCollector.clean(OperationLogGarbageCollector.java:51)
	at jetbrains.exodus.newLogConcept.MVCC.MVCCDataStructure.lambda$commitTransaction$1(MVCCDataStructure.java:297)
	at java.base/java.util.concurrent.Executors$RunnableAdapter.call(Executors.java:515)
	at java.base/java.util.concurrent.FutureTask.run(FutureTask.java:264)
	at java.base/java.util.concurrent.ThreadPoolExecutor.runWorker(ThreadPoolExecutor.java:1128)
	at java.base/java.util.concurrent.ThreadPoolExecutor$Worker.run(ThreadPoolExecutor.java:628)
	... 1 more
java.util.concurrent.ExecutionException: jetbrains.exodus.ExodusException
	at java.base/java.util.concurrent.FutureTask.report(FutureTask.java:122)
	at java.base/java.util.concurrent.FutureTask.get(FutureTask.java:191)
	at jetbrains.exodus.newLogConcept.MVCC.MVCCDataStructure.commitTransaction(MVCCDataStructure.java:299)
	at site.ycsb.db.XodusClient.insert(XodusClient.java:60)
	at site.ycsb.DBWrapper.insert(DBWrapper.java:227)
	at site.ycsb.workloads.CoreWorkload.doInsert(CoreWorkload.java:621)
	at site.ycsb.ClientThread.run(ClientThread.java:135)
	at java.base/java.lang.Thread.run(Thread.java:829)
Caused by: jetbrains.exodus.ExodusException
	at jetbrains.exodus.newLogConcept.garbageCollector.OperationLogGarbageCollector.moveAndRemoveRecordsFromLog(OperationLogGarbageCollector.java:69)
	at jetbrains.exodus.newLogConcept.garbageCollector.OperationLogGarbageCollector.clean(OperationLogGarbageCollector.java:51)
	at jetbrains.exodus.newLogConcept.MVCC.MVCCDataStructure.lambda$commitTransaction$1(MVCCDataStructure.java:297)
	at java.base/java.util.concurrent.Executors$RunnableAdapter.call(Executors.java:515)
	at java.base/java.util.concurrent.FutureTask.run(FutureTask.java:264)
	at java.base/java.util.concurrent.ThreadPoolExecutor.runWorker(ThreadPoolExecutor.java:1128)
	at java.base/java.util.concurrent.ThreadPoolExecutor$Worker.run(ThreadPoolExecutor.java:628)
	... 1 more
java.util.concurrent.ExecutionException: jetbrains.exodus.ExodusException
	at java.base/java.util.concurrent.FutureTask.report(FutureTask.java:122)
	at java.base/java.util.concurrent.FutureTask.get(FutureTask.java:191)
	at jetbrains.exodus.newLogConcept.MVCC.MVCCDataStructure.commitTransaction(MVCCDataStructure.java:299)
	at site.ycsb.db.XodusClient.insert(XodusClient.java:60)
	at site.ycsb.DBWrapper.insert(DBWrapper.java:227)
	at site.ycsb.workloads.CoreWorkload.doInsert(CoreWorkload.java:621)
	at site.ycsb.ClientThread.run(ClientThread.java:135)
	at java.base/java.lang.Thread.run(Thread.java:829)
Caused by: jetbrains.exodus.ExodusException
	at jetbrains.exodus.newLogConcept.garbageCollector.OperationLogGarbageCollector.moveAndRemoveRecordsFromLog(OperationLogGarbageCollector.java:69)
	at jetbrains.exodus.newLogConcept.garbageCollector.OperationLogGarbageCollector.clean(OperationLogGarbageCollector.java:51)
	at jetbrains.exodus.newLogConcept.MVCC.MVCCDataStructure.lambda$commitTransaction$1(MVCCDataStructure.java:297)
	at java.base/java.util.concurrent.Executors$RunnableAdapter.call(Executors.java:515)
	at java.base/java.util.concurrent.FutureTask.run(FutureTask.java:264)
	at java.base/java.util.concurrent.ThreadPoolExecutor.runWorker(ThreadPoolExecutor.java:1128)
	at java.base/java.util.concurrent.ThreadPoolExecutor$Worker.run(ThreadPoolExecutor.java:628)
	... 1 more
java.util.concurrent.ExecutionException: jetbrains.exodus.ExodusException
	at java.base/java.util.concurrent.FutureTask.report(FutureTask.java:122)
	at java.base/java.util.concurrent.FutureTask.get(FutureTask.java:191)
	at jetbrains.exodus.newLogConcept.MVCC.MVCCDataStructure.commitTransaction(MVCCDataStructure.java:299)
	at site.ycsb.db.XodusClient.insert(XodusClient.java:60)
	at site.ycsb.DBWrapper.insert(DBWrapper.java:227)
	at site.ycsb.workloads.CoreWorkload.doInsert(CoreWorkload.java:621)
	at site.ycsb.ClientThread.run(ClientThread.java:135)
	at java.base/java.lang.Thread.run(Thread.java:829)
Caused by: jetbrains.exodus.ExodusException
	at jetbrains.exodus.newLogConcept.garbageCollector.OperationLogGarbageCollector.moveAndRemoveRecordsFromLog(OperationLogGarbageCollector.java:69)
	at jetbrains.exodus.newLogConcept.garbageCollector.OperationLogGarbageCollector.clean(OperationLogGarbageCollector.java:51)
	at jetbrains.exodus.newLogConcept.MVCC.MVCCDataStructure.lambda$commitTransaction$1(MVCCDataStructure.java:297)
	at java.base/java.util.concurrent.Executors$RunnableAdapter.call(Executors.java:515)
	at java.base/java.util.concurrent.FutureTask.run(FutureTask.java:264)
	at java.base/java.util.concurrent.ThreadPoolExecutor.runWorker(ThreadPoolExecutor.java:1128)
	at java.base/java.util.concurrent.ThreadPoolExecutor$Worker.run(ThreadPoolExecutor.java:628)
	... 1 more
java.util.concurrent.ExecutionException: jetbrains.exodus.ExodusException
	at java.base/java.util.concurrent.FutureTask.report(FutureTask.java:122)
	at java.base/java.util.concurrent.FutureTask.get(FutureTask.java:191)
	at jetbrains.exodus.newLogConcept.MVCC.MVCCDataStructure.commitTransaction(MVCCDataStructure.java:299)
	at site.ycsb.db.XodusClient.insert(XodusClient.java:60)
	at site.ycsb.DBWrapper.insert(DBWrapper.java:227)
	at site.ycsb.workloads.CoreWorkload.doInsert(CoreWorkload.java:621)
	at site.ycsb.ClientThread.run(ClientThread.java:135)
	at java.base/java.lang.Thread.run(Thread.java:829)
Caused by: jetbrains.exodus.ExodusException
	at jetbrains.exodus.newLogConcept.garbageCollector.OperationLogGarbageCollector.moveAndRemoveRecordsFromLog(OperationLogGarbageCollector.java:69)
	at jetbrains.exodus.newLogConcept.garbageCollector.OperationLogGarbageCollector.clean(OperationLogGarbageCollector.java:51)
	at jetbrains.exodus.newLogConcept.MVCC.MVCCDataStructure.lambda$commitTransaction$1(MVCCDataStructure.java:297)
	at java.base/java.util.concurrent.Executors$RunnableAdapter.call(Executors.java:515)
	at java.base/java.util.concurrent.FutureTask.run(FutureTask.java:264)
	at java.base/java.util.concurrent.ThreadPoolExecutor.runWorker(ThreadPoolExecutor.java:1128)
	at java.base/java.util.concurrent.ThreadPoolExecutor$Worker.run(ThreadPoolExecutor.java:628)
	... 1 more
java.util.concurrent.ExecutionException: jetbrains.exodus.ExodusException
	at java.base/java.util.concurrent.FutureTask.report(FutureTask.java:122)
	at java.base/java.util.concurrent.FutureTask.get(FutureTask.java:191)
	at jetbrains.exodus.newLogConcept.MVCC.MVCCDataStructure.commitTransaction(MVCCDataStructure.java:299)
	at site.ycsb.db.XodusClient.insert(XodusClient.java:60)
	at site.ycsb.DBWrapper.insert(DBWrapper.java:227)
	at site.ycsb.workloads.CoreWorkload.doInsert(CoreWorkload.java:621)
	at site.ycsb.ClientThread.run(ClientThread.java:135)
	at java.base/java.lang.Thread.run(Thread.java:829)
Caused by: jetbrains.exodus.ExodusException
	at jetbrains.exodus.newLogConcept.garbageCollector.OperationLogGarbageCollector.moveAndRemoveRecordsFromLog(OperationLogGarbageCollector.java:69)
	at jetbrains.exodus.newLogConcept.garbageCollector.OperationLogGarbageCollector.clean(OperationLogGarbageCollector.java:51)
	at jetbrains.exodus.newLogConcept.MVCC.MVCCDataStructure.lambda$commitTransaction$1(MVCCDataStructure.java:297)
	at java.base/java.util.concurrent.Executors$RunnableAdapter.call(Executors.java:515)
	at java.base/java.util.concurrent.FutureTask.run(FutureTask.java:264)
	at java.base/java.util.concurrent.ThreadPoolExecutor.runWorker(ThreadPoolExecutor.java:1128)
	at java.base/java.util.concurrent.ThreadPoolExecutor$Worker.run(ThreadPoolExecutor.java:628)
	... 1 more
java.util.concurrent.ExecutionException: jetbrains.exodus.ExodusException
	at java.base/java.util.concurrent.FutureTask.report(FutureTask.java:122)
	at java.base/java.util.concurrent.FutureTask.get(FutureTask.java:191)
	at jetbrains.exodus.newLogConcept.MVCC.MVCCDataStructure.commitTransaction(MVCCDataStructure.java:299)
	at site.ycsb.db.XodusClient.insert(XodusClient.java:60)
	at site.ycsb.DBWrapper.insert(DBWrapper.java:227)
	at site.ycsb.workloads.CoreWorkload.doInsert(CoreWorkload.java:621)
	at site.ycsb.ClientThread.run(ClientThread.java:135)
	at java.base/java.lang.Thread.run(Thread.java:829)
Caused by: jetbrains.exodus.ExodusException
	at jetbrains.exodus.newLogConcept.garbageCollector.OperationLogGarbageCollector.moveAndRemoveRecordsFromLog(OperationLogGarbageCollector.java:69)
	at jetbrains.exodus.newLogConcept.garbageCollector.OperationLogGarbageCollector.clean(OperationLogGarbageCollector.java:51)
	at jetbrains.exodus.newLogConcept.MVCC.MVCCDataStructure.lambda$commitTransaction$1(MVCCDataStructure.java:297)
	at java.base/java.util.concurrent.Executors$RunnableAdapter.call(Executors.java:515)
	at java.base/java.util.concurrent.FutureTask.run(FutureTask.java:264)
	at java.base/java.util.concurrent.ThreadPoolExecutor.runWorker(ThreadPoolExecutor.java:1128)
	at java.base/java.util.concurrent.ThreadPoolExecutor$Worker.run(ThreadPoolExecutor.java:628)
	... 1 more
java.util.concurrent.ExecutionException: jetbrains.exodus.ExodusException
	at java.base/java.util.concurrent.FutureTask.report(FutureTask.java:122)
	at java.base/java.util.concurrent.FutureTask.get(FutureTask.java:191)
	at jetbrains.exodus.newLogConcept.MVCC.MVCCDataStructure.commitTransaction(MVCCDataStructure.java:299)
	at site.ycsb.db.XodusClient.insert(XodusClient.java:60)
	at site.ycsb.DBWrapper.insert(DBWrapper.java:227)
	at site.ycsb.workloads.CoreWorkload.doInsert(CoreWorkload.java:621)
	at site.ycsb.ClientThread.run(ClientThread.java:135)
	at java.base/java.lang.Thread.run(Thread.java:829)
Caused by: jetbrains.exodus.ExodusException
	at jetbrains.exodus.newLogConcept.garbageCollector.OperationLogGarbageCollector.moveAndRemoveRecordsFromLog(OperationLogGarbageCollector.java:69)
	at jetbrains.exodus.newLogConcept.garbageCollector.OperationLogGarbageCollector.clean(OperationLogGarbageCollector.java:51)
	at jetbrains.exodus.newLogConcept.MVCC.MVCCDataStructure.lambda$commitTransaction$1(MVCCDataStructure.java:297)
	at java.base/java.util.concurrent.Executors$RunnableAdapter.call(Executors.java:515)
	at java.base/java.util.concurrent.FutureTask.run(FutureTask.java:264)
	at java.base/java.util.concurrent.ThreadPoolExecutor.runWorker(ThreadPoolExecutor.java:1128)
	at java.base/java.util.concurrent.ThreadPoolExecutor$Worker.run(ThreadPoolExecutor.java:628)
	... 1 more
java.util.concurrent.ExecutionException: jetbrains.exodus.ExodusException
	at java.base/java.util.concurrent.FutureTask.report(FutureTask.java:122)
	at java.base/java.util.concurrent.FutureTask.get(FutureTask.java:191)
	at jetbrains.exodus.newLogConcept.MVCC.MVCCDataStructure.commitTransaction(MVCCDataStructure.java:299)
	at site.ycsb.db.XodusClient.insert(XodusClient.java:60)
	at site.ycsb.DBWrapper.insert(DBWrapper.java:227)
	at site.ycsb.workloads.CoreWorkload.doInsert(CoreWorkload.java:621)
	at site.ycsb.ClientThread.run(ClientThread.java:135)
	at java.base/java.lang.Thread.run(Thread.java:829)
Caused by: jetbrains.exodus.ExodusException
	at jetbrains.exodus.newLogConcept.garbageCollector.OperationLogGarbageCollector.moveAndRemoveRecordsFromLog(OperationLogGarbageCollector.java:69)
	at jetbrains.exodus.newLogConcept.garbageCollector.OperationLogGarbageCollector.clean(OperationLogGarbageCollector.java:51)
	at jetbrains.exodus.newLogConcept.MVCC.MVCCDataStructure.lambda$commitTransaction$1(MVCCDataStructure.java:297)
	at java.base/java.util.concurrent.Executors$RunnableAdapter.call(Executors.java:515)
	at java.base/java.util.concurrent.FutureTask.run(FutureTask.java:264)
	at java.base/java.util.concurrent.ThreadPoolExecutor.runWorker(ThreadPoolExecutor.java:1128)
	at java.base/java.util.concurrent.ThreadPoolExecutor$Worker.run(ThreadPoolExecutor.java:628)
	... 1 more
java.util.concurrent.ExecutionException: jetbrains.exodus.ExodusException
	at java.base/java.util.concurrent.FutureTask.report(FutureTask.java:122)
	at java.base/java.util.concurrent.FutureTask.get(FutureTask.java:191)
	at jetbrains.exodus.newLogConcept.MVCC.MVCCDataStructure.commitTransaction(MVCCDataStructure.java:299)
	at site.ycsb.db.XodusClient.insert(XodusClient.java:60)
	at site.ycsb.DBWrapper.insert(DBWrapper.java:227)
	at site.ycsb.workloads.CoreWorkload.doInsert(CoreWorkload.java:621)
	at site.ycsb.ClientThread.run(ClientThread.java:135)
	at java.base/java.lang.Thread.run(Thread.java:829)
Caused by: jetbrains.exodus.ExodusException
	at jetbrains.exodus.newLogConcept.garbageCollector.OperationLogGarbageCollector.moveAndRemoveRecordsFromLog(OperationLogGarbageCollector.java:69)
	at jetbrains.exodus.newLogConcept.garbageCollector.OperationLogGarbageCollector.clean(OperationLogGarbageCollector.java:51)
	at jetbrains.exodus.newLogConcept.MVCC.MVCCDataStructure.lambda$commitTransaction$1(MVCCDataStructure.java:297)
	at java.base/java.util.concurrent.Executors$RunnableAdapter.call(Executors.java:515)
	at java.base/java.util.concurrent.FutureTask.run(FutureTask.java:264)
	at java.base/java.util.concurrent.ThreadPoolExecutor.runWorker(ThreadPoolExecutor.java:1128)
	at java.base/java.util.concurrent.ThreadPoolExecutor$Worker.run(ThreadPoolExecutor.java:628)
	... 1 more
java.util.concurrent.ExecutionException: jetbrains.exodus.ExodusException
	at java.base/java.util.concurrent.FutureTask.report(FutureTask.java:122)
	at java.base/java.util.concurrent.FutureTask.get(FutureTask.java:191)
	at jetbrains.exodus.newLogConcept.MVCC.MVCCDataStructure.commitTransaction(MVCCDataStructure.java:299)
	at site.ycsb.db.XodusClient.insert(XodusClient.java:60)
	at site.ycsb.DBWrapper.insert(DBWrapper.java:227)
	at site.ycsb.workloads.CoreWorkload.doInsert(CoreWorkload.java:621)
	at site.ycsb.ClientThread.run(ClientThread.java:135)
	at java.base/java.lang.Thread.run(Thread.java:829)
Caused by: jetbrains.exodus.ExodusException
	at jetbrains.exodus.newLogConcept.garbageCollector.OperationLogGarbageCollector.moveAndRemoveRecordsFromLog(OperationLogGarbageCollector.java:69)
	at jetbrains.exodus.newLogConcept.garbageCollector.OperationLogGarbageCollector.clean(OperationLogGarbageCollector.java:51)
	at jetbrains.exodus.newLogConcept.MVCC.MVCCDataStructure.lambda$commitTransaction$1(MVCCDataStructure.java:297)
	at java.base/java.util.concurrent.Executors$RunnableAdapter.call(Executors.java:515)
	at java.base/java.util.concurrent.FutureTask.run(FutureTask.java:264)
	at java.base/java.util.concurrent.ThreadPoolExecutor.runWorker(ThreadPoolExecutor.java:1128)
	at java.base/java.util.concurrent.ThreadPoolExecutor$Worker.run(ThreadPoolExecutor.java:628)
	... 1 more
java.util.concurrent.ExecutionException: jetbrains.exodus.ExodusException
	at java.base/java.util.concurrent.FutureTask.report(FutureTask.java:122)
	at java.base/java.util.concurrent.FutureTask.get(FutureTask.java:191)
	at jetbrains.exodus.newLogConcept.MVCC.MVCCDataStructure.commitTransaction(MVCCDataStructure.java:299)
	at site.ycsb.db.XodusClient.insert(XodusClient.java:60)
	at site.ycsb.DBWrapper.insert(DBWrapper.java:227)
	at site.ycsb.workloads.CoreWorkload.doInsert(CoreWorkload.java:621)
	at site.ycsb.ClientThread.run(ClientThread.java:135)
	at java.base/java.lang.Thread.run(Thread.java:829)
Caused by: jetbrains.exodus.ExodusException
	at jetbrains.exodus.newLogConcept.garbageCollector.OperationLogGarbageCollector.moveAndRemoveRecordsFromLog(OperationLogGarbageCollector.java:69)
	at jetbrains.exodus.newLogConcept.garbageCollector.OperationLogGarbageCollector.clean(OperationLogGarbageCollector.java:51)
	at jetbrains.exodus.newLogConcept.MVCC.MVCCDataStructure.lambda$commitTransaction$1(MVCCDataStructure.java:297)
	at java.base/java.util.concurrent.Executors$RunnableAdapter.call(Executors.java:515)
	at java.base/java.util.concurrent.FutureTask.run(FutureTask.java:264)
	at java.base/java.util.concurrent.ThreadPoolExecutor.runWorker(ThreadPoolExecutor.java:1128)
	at java.base/java.util.concurrent.ThreadPoolExecutor$Worker.run(ThreadPoolExecutor.java:628)
	... 1 more
java.util.concurrent.ExecutionException: jetbrains.exodus.ExodusException
	at java.base/java.util.concurrent.FutureTask.report(FutureTask.java:122)
	at java.base/java.util.concurrent.FutureTask.get(FutureTask.java:191)
	at jetbrains.exodus.newLogConcept.MVCC.MVCCDataStructure.commitTransaction(MVCCDataStructure.java:299)
	at site.ycsb.db.XodusClient.insert(XodusClient.java:60)
	at site.ycsb.DBWrapper.insert(DBWrapper.java:227)
	at site.ycsb.workloads.CoreWorkload.doInsert(CoreWorkload.java:621)
	at site.ycsb.ClientThread.run(ClientThread.java:135)
	at java.base/java.lang.Thread.run(Thread.java:829)
Caused by: jetbrains.exodus.ExodusException
	at jetbrains.exodus.newLogConcept.garbageCollector.OperationLogGarbageCollector.moveAndRemoveRecordsFromLog(OperationLogGarbageCollector.java:69)
	at jetbrains.exodus.newLogConcept.garbageCollector.OperationLogGarbageCollector.clean(OperationLogGarbageCollector.java:51)
	at jetbrains.exodus.newLogConcept.MVCC.MVCCDataStructure.lambda$commitTransaction$1(MVCCDataStructure.java:297)
	at java.base/java.util.concurrent.Executors$RunnableAdapter.call(Executors.java:515)
	at java.base/java.util.concurrent.FutureTask.run(FutureTask.java:264)
	at java.base/java.util.concurrent.ThreadPoolExecutor.runWorker(ThreadPoolExecutor.java:1128)
	at java.base/java.util.concurrent.ThreadPoolExecutor$Worker.run(ThreadPoolExecutor.java:628)
	... 1 more
java.util.concurrent.ExecutionException: jetbrains.exodus.ExodusException
	at java.base/java.util.concurrent.FutureTask.report(FutureTask.java:122)
	at java.base/java.util.concurrent.FutureTask.get(FutureTask.java:191)
	at jetbrains.exodus.newLogConcept.MVCC.MVCCDataStructure.commitTransaction(MVCCDataStructure.java:299)
	at site.ycsb.db.XodusClient.insert(XodusClient.java:60)
	at site.ycsb.DBWrapper.insert(DBWrapper.java:227)
	at site.ycsb.workloads.CoreWorkload.doInsert(CoreWorkload.java:621)
	at site.ycsb.ClientThread.run(ClientThread.java:135)
	at java.base/java.lang.Thread.run(Thread.java:829)
Caused by: jetbrains.exodus.ExodusException
	at jetbrains.exodus.newLogConcept.garbageCollector.OperationLogGarbageCollector.moveAndRemoveRecordsFromLog(OperationLogGarbageCollector.java:69)
	at jetbrains.exodus.newLogConcept.garbageCollector.OperationLogGarbageCollector.clean(OperationLogGarbageCollector.java:51)
	at jetbrains.exodus.newLogConcept.MVCC.MVCCDataStructure.lambda$commitTransaction$1(MVCCDataStructure.java:297)
	at java.base/java.util.concurrent.Executors$RunnableAdapter.call(Executors.java:515)
	at java.base/java.util.concurrent.FutureTask.run(FutureTask.java:264)
	at java.base/java.util.concurrent.ThreadPoolExecutor.runWorker(ThreadPoolExecutor.java:1128)
	at java.base/java.util.concurrent.ThreadPoolExecutor$Worker.run(ThreadPoolExecutor.java:628)
	... 1 more
java.util.concurrent.ExecutionException: jetbrains.exodus.ExodusException
	at java.base/java.util.concurrent.FutureTask.report(FutureTask.java:122)
	at java.base/java.util.concurrent.FutureTask.get(FutureTask.java:191)
	at jetbrains.exodus.newLogConcept.MVCC.MVCCDataStructure.commitTransaction(MVCCDataStructure.java:299)
	at site.ycsb.db.XodusClient.insert(XodusClient.java:60)
	at site.ycsb.DBWrapper.insert(DBWrapper.java:227)
	at site.ycsb.workloads.CoreWorkload.doInsert(CoreWorkload.java:621)
	at site.ycsb.ClientThread.run(ClientThread.java:135)
	at java.base/java.lang.Thread.run(Thread.java:829)
Caused by: jetbrains.exodus.ExodusException
	at jetbrains.exodus.newLogConcept.garbageCollector.OperationLogGarbageCollector.moveAndRemoveRecordsFromLog(OperationLogGarbageCollector.java:69)
	at jetbrains.exodus.newLogConcept.garbageCollector.OperationLogGarbageCollector.clean(OperationLogGarbageCollector.java:51)
	at jetbrains.exodus.newLogConcept.MVCC.MVCCDataStructure.lambda$commitTransaction$1(MVCCDataStructure.java:297)
	at java.base/java.util.concurrent.Executors$RunnableAdapter.call(Executors.java:515)
	at java.base/java.util.concurrent.FutureTask.run(FutureTask.java:264)
	at java.base/java.util.concurrent.ThreadPoolExecutor.runWorker(ThreadPoolExecutor.java:1128)
	at java.base/java.util.concurrent.ThreadPoolExecutor$Worker.run(ThreadPoolExecutor.java:628)
	... 1 more
java.util.concurrent.ExecutionException: jetbrains.exodus.ExodusException
	at java.base/java.util.concurrent.FutureTask.report(FutureTask.java:122)
	at java.base/java.util.concurrent.FutureTask.get(FutureTask.java:191)
	at jetbrains.exodus.newLogConcept.MVCC.MVCCDataStructure.commitTransaction(MVCCDataStructure.java:299)
	at site.ycsb.db.XodusClient.insert(XodusClient.java:60)
	at site.ycsb.DBWrapper.insert(DBWrapper.java:227)
	at site.ycsb.workloads.CoreWorkload.doInsert(CoreWorkload.java:621)
	at site.ycsb.ClientThread.run(ClientThread.java:135)
	at java.base/java.lang.Thread.run(Thread.java:829)
Caused by: jetbrains.exodus.ExodusException
	at jetbrains.exodus.newLogConcept.garbageCollector.OperationLogGarbageCollector.moveAndRemoveRecordsFromLog(OperationLogGarbageCollector.java:69)
	at jetbrains.exodus.newLogConcept.garbageCollector.OperationLogGarbageCollector.clean(OperationLogGarbageCollector.java:51)
	at jetbrains.exodus.newLogConcept.MVCC.MVCCDataStructure.lambda$commitTransaction$1(MVCCDataStructure.java:297)
	at java.base/java.util.concurrent.Executors$RunnableAdapter.call(Executors.java:515)
	at java.base/java.util.concurrent.FutureTask.run(FutureTask.java:264)
	at java.base/java.util.concurrent.ThreadPoolExecutor.runWorker(ThreadPoolExecutor.java:1128)
	at java.base/java.util.concurrent.ThreadPoolExecutor$Worker.run(ThreadPoolExecutor.java:628)
	... 1 more
java.util.concurrent.ExecutionException: jetbrains.exodus.ExodusException
	at java.base/java.util.concurrent.FutureTask.report(FutureTask.java:122)
	at java.base/java.util.concurrent.FutureTask.get(FutureTask.java:191)
	at jetbrains.exodus.newLogConcept.MVCC.MVCCDataStructure.commitTransaction(MVCCDataStructure.java:299)
	at site.ycsb.db.XodusClient.insert(XodusClient.java:60)
	at site.ycsb.DBWrapper.insert(DBWrapper.java:227)
	at site.ycsb.workloads.CoreWorkload.doInsert(CoreWorkload.java:621)
	at site.ycsb.ClientThread.run(ClientThread.java:135)
	at java.base/java.lang.Thread.run(Thread.java:829)
Caused by: jetbrains.exodus.ExodusException
	at jetbrains.exodus.newLogConcept.garbageCollector.OperationLogGarbageCollector.moveAndRemoveRecordsFromLog(OperationLogGarbageCollector.java:69)
	at jetbrains.exodus.newLogConcept.garbageCollector.OperationLogGarbageCollector.clean(OperationLogGarbageCollector.java:51)
	at jetbrains.exodus.newLogConcept.MVCC.MVCCDataStructure.lambda$commitTransaction$1(MVCCDataStructure.java:297)
	at java.base/java.util.concurrent.Executors$RunnableAdapter.call(Executors.java:515)
	at java.base/java.util.concurrent.FutureTask.run(FutureTask.java:264)
	at java.base/java.util.concurrent.ThreadPoolExecutor.runWorker(ThreadPoolExecutor.java:1128)
	at java.base/java.util.concurrent.ThreadPoolExecutor$Worker.run(ThreadPoolExecutor.java:628)
	... 1 more
java.util.concurrent.ExecutionException: jetbrains.exodus.ExodusException
	at java.base/java.util.concurrent.FutureTask.report(FutureTask.java:122)
	at java.base/java.util.concurrent.FutureTask.get(FutureTask.java:191)
	at jetbrains.exodus.newLogConcept.MVCC.MVCCDataStructure.commitTransaction(MVCCDataStructure.java:299)
	at site.ycsb.db.XodusClient.insert(XodusClient.java:60)
	at site.ycsb.DBWrapper.insert(DBWrapper.java:227)
	at site.ycsb.workloads.CoreWorkload.doInsert(CoreWorkload.java:621)
	at site.ycsb.ClientThread.run(ClientThread.java:135)
	at java.base/java.lang.Thread.run(Thread.java:829)
Caused by: jetbrains.exodus.ExodusException
	at jetbrains.exodus.newLogConcept.garbageCollector.OperationLogGarbageCollector.moveAndRemoveRecordsFromLog(OperationLogGarbageCollector.java:69)
	at jetbrains.exodus.newLogConcept.garbageCollector.OperationLogGarbageCollector.clean(OperationLogGarbageCollector.java:51)
	at jetbrains.exodus.newLogConcept.MVCC.MVCCDataStructure.lambda$commitTransaction$1(MVCCDataStructure.java:297)
	at java.base/java.util.concurrent.Executors$RunnableAdapter.call(Executors.java:515)
	at java.base/java.util.concurrent.FutureTask.run(FutureTask.java:264)
	at java.base/java.util.concurrent.ThreadPoolExecutor.runWorker(ThreadPoolExecutor.java:1128)
	at java.base/java.util.concurrent.ThreadPoolExecutor$Worker.run(ThreadPoolExecutor.java:628)
	... 1 more
java.util.concurrent.ExecutionException: jetbrains.exodus.ExodusException
	at java.base/java.util.concurrent.FutureTask.report(FutureTask.java:122)
	at java.base/java.util.concurrent.FutureTask.get(FutureTask.java:191)
	at jetbrains.exodus.newLogConcept.MVCC.MVCCDataStructure.commitTransaction(MVCCDataStructure.java:299)
	at site.ycsb.db.XodusClient.insert(XodusClient.java:60)
	at site.ycsb.DBWrapper.insert(DBWrapper.java:227)
	at site.ycsb.workloads.CoreWorkload.doInsert(CoreWorkload.java:621)
	at site.ycsb.ClientThread.run(ClientThread.java:135)
	at java.base/java.lang.Thread.run(Thread.java:829)
Caused by: jetbrains.exodus.ExodusException
	at jetbrains.exodus.newLogConcept.garbageCollector.OperationLogGarbageCollector.moveAndRemoveRecordsFromLog(OperationLogGarbageCollector.java:69)
	at jetbrains.exodus.newLogConcept.garbageCollector.OperationLogGarbageCollector.clean(OperationLogGarbageCollector.java:51)
	at jetbrains.exodus.newLogConcept.MVCC.MVCCDataStructure.lambda$commitTransaction$1(MVCCDataStructure.java:297)
	at java.base/java.util.concurrent.Executors$RunnableAdapter.call(Executors.java:515)
	at java.base/java.util.concurrent.FutureTask.run(FutureTask.java:264)
	at java.base/java.util.concurrent.ThreadPoolExecutor.runWorker(ThreadPoolExecutor.java:1128)
	at java.base/java.util.concurrent.ThreadPoolExecutor$Worker.run(ThreadPoolExecutor.java:628)
	... 1 more
java.util.concurrent.ExecutionException: jetbrains.exodus.ExodusException
	at java.base/java.util.concurrent.FutureTask.report(FutureTask.java:122)
	at java.base/java.util.concurrent.FutureTask.get(FutureTask.java:191)
	at jetbrains.exodus.newLogConcept.MVCC.MVCCDataStructure.commitTransaction(MVCCDataStructure.java:299)
	at site.ycsb.db.XodusClient.insert(XodusClient.java:60)
	at site.ycsb.DBWrapper.insert(DBWrapper.java:227)
	at site.ycsb.workloads.CoreWorkload.doInsert(CoreWorkload.java:621)
	at site.ycsb.ClientThread.run(ClientThread.java:135)
	at java.base/java.lang.Thread.run(Thread.java:829)
Caused by: jetbrains.exodus.ExodusException
	at jetbrains.exodus.newLogConcept.garbageCollector.OperationLogGarbageCollector.moveAndRemoveRecordsFromLog(OperationLogGarbageCollector.java:69)
	at jetbrains.exodus.newLogConcept.garbageCollector.OperationLogGarbageCollector.clean(OperationLogGarbageCollector.java:51)
	at jetbrains.exodus.newLogConcept.MVCC.MVCCDataStructure.lambda$commitTransaction$1(MVCCDataStructure.java:297)
	at java.base/java.util.concurrent.Executors$RunnableAdapter.call(Executors.java:515)
	at java.base/java.util.concurrent.FutureTask.run(FutureTask.java:264)
	at java.base/java.util.concurrent.ThreadPoolExecutor.runWorker(ThreadPoolExecutor.java:1128)
	at java.base/java.util.concurrent.ThreadPoolExecutor$Worker.run(ThreadPoolExecutor.java:628)
	... 1 more
java.util.concurrent.ExecutionException: jetbrains.exodus.ExodusException
	at java.base/java.util.concurrent.FutureTask.report(FutureTask.java:122)
	at java.base/java.util.concurrent.FutureTask.get(FutureTask.java:191)
	at jetbrains.exodus.newLogConcept.MVCC.MVCCDataStructure.commitTransaction(MVCCDataStructure.java:299)
	at site.ycsb.db.XodusClient.insert(XodusClient.java:60)
	at site.ycsb.DBWrapper.insert(DBWrapper.java:227)
	at site.ycsb.workloads.CoreWorkload.doInsert(CoreWorkload.java:621)
	at site.ycsb.ClientThread.run(ClientThread.java:135)
	at java.base/java.lang.Thread.run(Thread.java:829)
Caused by: jetbrains.exodus.ExodusException
	at jetbrains.exodus.newLogConcept.garbageCollector.OperationLogGarbageCollector.moveAndRemoveRecordsFromLog(OperationLogGarbageCollector.java:69)
	at jetbrains.exodus.newLogConcept.garbageCollector.OperationLogGarbageCollector.clean(OperationLogGarbageCollector.java:51)
	at jetbrains.exodus.newLogConcept.MVCC.MVCCDataStructure.lambda$commitTransaction$1(MVCCDataStructure.java:297)
	at java.base/java.util.concurrent.Executors$RunnableAdapter.call(Executors.java:515)
	at java.base/java.util.concurrent.FutureTask.run(FutureTask.java:264)
	at java.base/java.util.concurrent.ThreadPoolExecutor.runWorker(ThreadPoolExecutor.java:1128)
	at java.base/java.util.concurrent.ThreadPoolExecutor$Worker.run(ThreadPoolExecutor.java:628)
	... 1 more
java.util.concurrent.ExecutionException: jetbrains.exodus.ExodusException
	at java.base/java.util.concurrent.FutureTask.report(FutureTask.java:122)
	at java.base/java.util.concurrent.FutureTask.get(FutureTask.java:191)
	at jetbrains.exodus.newLogConcept.MVCC.MVCCDataStructure.commitTransaction(MVCCDataStructure.java:299)
	at site.ycsb.db.XodusClient.insert(XodusClient.java:60)
	at site.ycsb.DBWrapper.insert(DBWrapper.java:227)
	at site.ycsb.workloads.CoreWorkload.doInsert(CoreWorkload.java:621)
	at site.ycsb.ClientThread.run(ClientThread.java:135)
	at java.base/java.lang.Thread.run(Thread.java:829)
Caused by: jetbrains.exodus.ExodusException
	at jetbrains.exodus.newLogConcept.garbageCollector.OperationLogGarbageCollector.moveAndRemoveRecordsFromLog(OperationLogGarbageCollector.java:69)
	at jetbrains.exodus.newLogConcept.garbageCollector.OperationLogGarbageCollector.clean(OperationLogGarbageCollector.java:51)
	at jetbrains.exodus.newLogConcept.MVCC.MVCCDataStructure.lambda$commitTransaction$1(MVCCDataStructure.java:297)
	at java.base/java.util.concurrent.Executors$RunnableAdapter.call(Executors.java:515)
	at java.base/java.util.concurrent.FutureTask.run(FutureTask.java:264)
	at java.base/java.util.concurrent.ThreadPoolExecutor.runWorker(ThreadPoolExecutor.java:1128)
	at java.base/java.util.concurrent.ThreadPoolExecutor$Worker.run(ThreadPoolExecutor.java:628)
	... 1 more
java.util.concurrent.ExecutionException: jetbrains.exodus.ExodusException
	at java.base/java.util.concurrent.FutureTask.report(FutureTask.java:122)
	at java.base/java.util.concurrent.FutureTask.get(FutureTask.java:191)
	at jetbrains.exodus.newLogConcept.MVCC.MVCCDataStructure.commitTransaction(MVCCDataStructure.java:299)
	at site.ycsb.db.XodusClient.insert(XodusClient.java:60)
	at site.ycsb.DBWrapper.insert(DBWrapper.java:227)
	at site.ycsb.workloads.CoreWorkload.doInsert(CoreWorkload.java:621)
	at site.ycsb.ClientThread.run(ClientThread.java:135)
	at java.base/java.lang.Thread.run(Thread.java:829)
Caused by: jetbrains.exodus.ExodusException
	at jetbrains.exodus.newLogConcept.garbageCollector.OperationLogGarbageCollector.moveAndRemoveRecordsFromLog(OperationLogGarbageCollector.java:69)
	at jetbrains.exodus.newLogConcept.garbageCollector.OperationLogGarbageCollector.clean(OperationLogGarbageCollector.java:51)
	at jetbrains.exodus.newLogConcept.MVCC.MVCCDataStructure.lambda$commitTransaction$1(MVCCDataStructure.java:297)
	at java.base/java.util.concurrent.Executors$RunnableAdapter.call(Executors.java:515)
	at java.base/java.util.concurrent.FutureTask.run(FutureTask.java:264)
	at java.base/java.util.concurrent.ThreadPoolExecutor.runWorker(ThreadPoolExecutor.java:1128)
	at java.base/java.util.concurrent.ThreadPoolExecutor$Worker.run(ThreadPoolExecutor.java:628)
	... 1 more
java.util.concurrent.ExecutionException: jetbrains.exodus.ExodusException
	at java.base/java.util.concurrent.FutureTask.report(FutureTask.java:122)
	at java.base/java.util.concurrent.FutureTask.get(FutureTask.java:191)
	at jetbrains.exodus.newLogConcept.MVCC.MVCCDataStructure.commitTransaction(MVCCDataStructure.java:299)
	at site.ycsb.db.XodusClient.insert(XodusClient.java:60)
	at site.ycsb.DBWrapper.insert(DBWrapper.java:227)
	at site.ycsb.workloads.CoreWorkload.doInsert(CoreWorkload.java:621)
	at site.ycsb.ClientThread.run(ClientThread.java:135)
	at java.base/java.lang.Thread.run(Thread.java:829)
Caused by: jetbrains.exodus.ExodusException
	at jetbrains.exodus.newLogConcept.garbageCollector.OperationLogGarbageCollector.moveAndRemoveRecordsFromLog(OperationLogGarbageCollector.java:69)
	at jetbrains.exodus.newLogConcept.garbageCollector.OperationLogGarbageCollector.clean(OperationLogGarbageCollector.java:51)
	at jetbrains.exodus.newLogConcept.MVCC.MVCCDataStructure.lambda$commitTransaction$1(MVCCDataStructure.java:297)
	at java.base/java.util.concurrent.Executors$RunnableAdapter.call(Executors.java:515)
	at java.base/java.util.concurrent.FutureTask.run(FutureTask.java:264)
	at java.base/java.util.concurrent.ThreadPoolExecutor.runWorker(ThreadPoolExecutor.java:1128)
	at java.base/java.util.concurrent.ThreadPoolExecutor$Worker.run(ThreadPoolExecutor.java:628)
	... 1 more
java.util.concurrent.ExecutionException: jetbrains.exodus.ExodusException
	at java.base/java.util.concurrent.FutureTask.report(FutureTask.java:122)
	at java.base/java.util.concurrent.FutureTask.get(FutureTask.java:191)
	at jetbrains.exodus.newLogConcept.MVCC.MVCCDataStructure.commitTransaction(MVCCDataStructure.java:299)
	at site.ycsb.db.XodusClient.insert(XodusClient.java:60)
	at site.ycsb.DBWrapper.insert(DBWrapper.java:227)
	at site.ycsb.workloads.CoreWorkload.doInsert(CoreWorkload.java:621)
	at site.ycsb.ClientThread.run(ClientThread.java:135)
	at java.base/java.lang.Thread.run(Thread.java:829)
Caused by: jetbrains.exodus.ExodusException
	at jetbrains.exodus.newLogConcept.garbageCollector.OperationLogGarbageCollector.moveAndRemoveRecordsFromLog(OperationLogGarbageCollector.java:69)
	at jetbrains.exodus.newLogConcept.garbageCollector.OperationLogGarbageCollector.clean(OperationLogGarbageCollector.java:51)
	at jetbrains.exodus.newLogConcept.MVCC.MVCCDataStructure.lambda$commitTransaction$1(MVCCDataStructure.java:297)
	at java.base/java.util.concurrent.Executors$RunnableAdapter.call(Executors.java:515)
	at java.base/java.util.concurrent.FutureTask.run(FutureTask.java:264)
	at java.base/java.util.concurrent.ThreadPoolExecutor.runWorker(ThreadPoolExecutor.java:1128)
	at java.base/java.util.concurrent.ThreadPoolExecutor$Worker.run(ThreadPoolExecutor.java:628)
	... 1 more
java.util.concurrent.ExecutionException: jetbrains.exodus.ExodusException
	at java.base/java.util.concurrent.FutureTask.report(FutureTask.java:122)
	at java.base/java.util.concurrent.FutureTask.get(FutureTask.java:191)
	at jetbrains.exodus.newLogConcept.MVCC.MVCCDataStructure.commitTransaction(MVCCDataStructure.java:299)
	at site.ycsb.db.XodusClient.insert(XodusClient.java:60)
	at site.ycsb.DBWrapper.insert(DBWrapper.java:227)
	at site.ycsb.workloads.CoreWorkload.doInsert(CoreWorkload.java:621)
	at site.ycsb.ClientThread.run(ClientThread.java:135)
	at java.base/java.lang.Thread.run(Thread.java:829)
Caused by: jetbrains.exodus.ExodusException
	at jetbrains.exodus.newLogConcept.garbageCollector.OperationLogGarbageCollector.moveAndRemoveRecordsFromLog(OperationLogGarbageCollector.java:69)
	at jetbrains.exodus.newLogConcept.garbageCollector.OperationLogGarbageCollector.clean(OperationLogGarbageCollector.java:51)
	at jetbrains.exodus.newLogConcept.MVCC.MVCCDataStructure.lambda$commitTransaction$1(MVCCDataStructure.java:297)
	at java.base/java.util.concurrent.Executors$RunnableAdapter.call(Executors.java:515)
	at java.base/java.util.concurrent.FutureTask.run(FutureTask.java:264)
	at java.base/java.util.concurrent.ThreadPoolExecutor.runWorker(ThreadPoolExecutor.java:1128)
	at java.base/java.util.concurrent.ThreadPoolExecutor$Worker.run(ThreadPoolExecutor.java:628)
	... 1 more
java.util.concurrent.ExecutionException: jetbrains.exodus.ExodusException
	at java.base/java.util.concurrent.FutureTask.report(FutureTask.java:122)
	at java.base/java.util.concurrent.FutureTask.get(FutureTask.java:191)
	at jetbrains.exodus.newLogConcept.MVCC.MVCCDataStructure.commitTransaction(MVCCDataStructure.java:299)
	at site.ycsb.db.XodusClient.insert(XodusClient.java:60)
	at site.ycsb.DBWrapper.insert(DBWrapper.java:227)
	at site.ycsb.workloads.CoreWorkload.doInsert(CoreWorkload.java:621)
	at site.ycsb.ClientThread.run(ClientThread.java:135)
	at java.base/java.lang.Thread.run(Thread.java:829)
Caused by: jetbrains.exodus.ExodusException
	at jetbrains.exodus.newLogConcept.garbageCollector.OperationLogGarbageCollector.moveAndRemoveRecordsFromLog(OperationLogGarbageCollector.java:69)
	at jetbrains.exodus.newLogConcept.garbageCollector.OperationLogGarbageCollector.clean(OperationLogGarbageCollector.java:51)
	at jetbrains.exodus.newLogConcept.MVCC.MVCCDataStructure.lambda$commitTransaction$1(MVCCDataStructure.java:297)
	at java.base/java.util.concurrent.Executors$RunnableAdapter.call(Executors.java:515)
	at java.base/java.util.concurrent.FutureTask.run(FutureTask.java:264)
	at java.base/java.util.concurrent.ThreadPoolExecutor.runWorker(ThreadPoolExecutor.java:1128)
	at java.base/java.util.concurrent.ThreadPoolExecutor$Worker.run(ThreadPoolExecutor.java:628)
	... 1 more
java.util.concurrent.ExecutionException: jetbrains.exodus.ExodusException
	at java.base/java.util.concurrent.FutureTask.report(FutureTask.java:122)
	at java.base/java.util.concurrent.FutureTask.get(FutureTask.java:191)
	at jetbrains.exodus.newLogConcept.MVCC.MVCCDataStructure.commitTransaction(MVCCDataStructure.java:299)
	at site.ycsb.db.XodusClient.insert(XodusClient.java:60)
	at site.ycsb.DBWrapper.insert(DBWrapper.java:227)
	at site.ycsb.workloads.CoreWorkload.doInsert(CoreWorkload.java:621)
	at site.ycsb.ClientThread.run(ClientThread.java:135)
	at java.base/java.lang.Thread.run(Thread.java:829)
Caused by: jetbrains.exodus.ExodusException
	at jetbrains.exodus.newLogConcept.garbageCollector.OperationLogGarbageCollector.moveAndRemoveRecordsFromLog(OperationLogGarbageCollector.java:69)
	at jetbrains.exodus.newLogConcept.garbageCollector.OperationLogGarbageCollector.clean(OperationLogGarbageCollector.java:51)
	at jetbrains.exodus.newLogConcept.MVCC.MVCCDataStructure.lambda$commitTransaction$1(MVCCDataStructure.java:297)
	at java.base/java.util.concurrent.Executors$RunnableAdapter.call(Executors.java:515)
	at java.base/java.util.concurrent.FutureTask.run(FutureTask.java:264)
	at java.base/java.util.concurrent.ThreadPoolExecutor.runWorker(ThreadPoolExecutor.java:1128)
	at java.base/java.util.concurrent.ThreadPoolExecutor$Worker.run(ThreadPoolExecutor.java:628)
	... 1 more
java.util.concurrent.ExecutionException: jetbrains.exodus.ExodusException
	at java.base/java.util.concurrent.FutureTask.report(FutureTask.java:122)
	at java.base/java.util.concurrent.FutureTask.get(FutureTask.java:191)
	at jetbrains.exodus.newLogConcept.MVCC.MVCCDataStructure.commitTransaction(MVCCDataStructure.java:299)
	at site.ycsb.db.XodusClient.insert(XodusClient.java:60)
	at site.ycsb.DBWrapper.insert(DBWrapper.java:227)
	at site.ycsb.workloads.CoreWorkload.doInsert(CoreWorkload.java:621)
	at site.ycsb.ClientThread.run(ClientThread.java:135)
	at java.base/java.lang.Thread.run(Thread.java:829)
Caused by: jetbrains.exodus.ExodusException
	at jetbrains.exodus.newLogConcept.garbageCollector.OperationLogGarbageCollector.moveAndRemoveRecordsFromLog(OperationLogGarbageCollector.java:69)
	at jetbrains.exodus.newLogConcept.garbageCollector.OperationLogGarbageCollector.clean(OperationLogGarbageCollector.java:51)
	at jetbrains.exodus.newLogConcept.MVCC.MVCCDataStructure.lambda$commitTransaction$1(MVCCDataStructure.java:297)
	at java.base/java.util.concurrent.Executors$RunnableAdapter.call(Executors.java:515)
	at java.base/java.util.concurrent.FutureTask.run(FutureTask.java:264)
	at java.base/java.util.concurrent.ThreadPoolExecutor.runWorker(ThreadPoolExecutor.java:1128)
	at java.base/java.util.concurrent.ThreadPoolExecutor$Worker.run(ThreadPoolExecutor.java:628)
	... 1 more
java.util.concurrent.ExecutionException: jetbrains.exodus.ExodusException
	at java.base/java.util.concurrent.FutureTask.report(FutureTask.java:122)
	at java.base/java.util.concurrent.FutureTask.get(FutureTask.java:191)
	at jetbrains.exodus.newLogConcept.MVCC.MVCCDataStructure.commitTransaction(MVCCDataStructure.java:299)
	at site.ycsb.db.XodusClient.insert(XodusClient.java:60)
	at site.ycsb.DBWrapper.insert(DBWrapper.java:227)
	at site.ycsb.workloads.CoreWorkload.doInsert(CoreWorkload.java:621)
	at site.ycsb.ClientThread.run(ClientThread.java:135)
	at java.base/java.lang.Thread.run(Thread.java:829)
Caused by: jetbrains.exodus.ExodusException
	at jetbrains.exodus.newLogConcept.garbageCollector.OperationLogGarbageCollector.moveAndRemoveRecordsFromLog(OperationLogGarbageCollector.java:69)
	at jetbrains.exodus.newLogConcept.garbageCollector.OperationLogGarbageCollector.clean(OperationLogGarbageCollector.java:51)
	at jetbrains.exodus.newLogConcept.MVCC.MVCCDataStructure.lambda$commitTransaction$1(MVCCDataStructure.java:297)
	at java.base/java.util.concurrent.Executors$RunnableAdapter.call(Executors.java:515)
	at java.base/java.util.concurrent.FutureTask.run(FutureTask.java:264)
	at java.base/java.util.concurrent.ThreadPoolExecutor.runWorker(ThreadPoolExecutor.java:1128)
	at java.base/java.util.concurrent.ThreadPoolExecutor$Worker.run(ThreadPoolExecutor.java:628)
	... 1 more
java.util.concurrent.ExecutionException: jetbrains.exodus.ExodusException
	at java.base/java.util.concurrent.FutureTask.report(FutureTask.java:122)
	at java.base/java.util.concurrent.FutureTask.get(FutureTask.java:191)
	at jetbrains.exodus.newLogConcept.MVCC.MVCCDataStructure.commitTransaction(MVCCDataStructure.java:299)
	at site.ycsb.db.XodusClient.insert(XodusClient.java:60)
	at site.ycsb.DBWrapper.insert(DBWrapper.java:227)
	at site.ycsb.workloads.CoreWorkload.doInsert(CoreWorkload.java:621)
	at site.ycsb.ClientThread.run(ClientThread.java:135)
	at java.base/java.lang.Thread.run(Thread.java:829)
Caused by: jetbrains.exodus.ExodusException
	at jetbrains.exodus.newLogConcept.garbageCollector.OperationLogGarbageCollector.moveAndRemoveRecordsFromLog(OperationLogGarbageCollector.java:69)
	at jetbrains.exodus.newLogConcept.garbageCollector.OperationLogGarbageCollector.clean(OperationLogGarbageCollector.java:51)
	at jetbrains.exodus.newLogConcept.MVCC.MVCCDataStructure.lambda$commitTransaction$1(MVCCDataStructure.java:297)
	at java.base/java.util.concurrent.Executors$RunnableAdapter.call(Executors.java:515)
	at java.base/java.util.concurrent.FutureTask.run(FutureTask.java:264)
	at java.base/java.util.concurrent.ThreadPoolExecutor.runWorker(ThreadPoolExecutor.java:1128)
	at java.base/java.util.concurrent.ThreadPoolExecutor$Worker.run(ThreadPoolExecutor.java:628)
	... 1 more
java.util.concurrent.ExecutionException: jetbrains.exodus.ExodusException
	at java.base/java.util.concurrent.FutureTask.report(FutureTask.java:122)
	at java.base/java.util.concurrent.FutureTask.get(FutureTask.java:191)
	at jetbrains.exodus.newLogConcept.MVCC.MVCCDataStructure.commitTransaction(MVCCDataStructure.java:299)
	at site.ycsb.db.XodusClient.insert(XodusClient.java:60)
	at site.ycsb.DBWrapper.insert(DBWrapper.java:227)
	at site.ycsb.workloads.CoreWorkload.doInsert(CoreWorkload.java:621)
	at site.ycsb.ClientThread.run(ClientThread.java:135)
	at java.base/java.lang.Thread.run(Thread.java:829)
Caused by: jetbrains.exodus.ExodusException
	at jetbrains.exodus.newLogConcept.garbageCollector.OperationLogGarbageCollector.moveAndRemoveRecordsFromLog(OperationLogGarbageCollector.java:69)
	at jetbrains.exodus.newLogConcept.garbageCollector.OperationLogGarbageCollector.clean(OperationLogGarbageCollector.java:51)
	at jetbrains.exodus.newLogConcept.MVCC.MVCCDataStructure.lambda$commitTransaction$1(MVCCDataStructure.java:297)
	at java.base/java.util.concurrent.Executors$RunnableAdapter.call(Executors.java:515)
	at java.base/java.util.concurrent.FutureTask.run(FutureTask.java:264)
	at java.base/java.util.concurrent.ThreadPoolExecutor.runWorker(ThreadPoolExecutor.java:1128)
	at java.base/java.util.concurrent.ThreadPoolExecutor$Worker.run(ThreadPoolExecutor.java:628)
	... 1 more
java.util.concurrent.ExecutionException: jetbrains.exodus.ExodusException
	at java.base/java.util.concurrent.FutureTask.report(FutureTask.java:122)
	at java.base/java.util.concurrent.FutureTask.get(FutureTask.java:191)
	at jetbrains.exodus.newLogConcept.MVCC.MVCCDataStructure.commitTransaction(MVCCDataStructure.java:299)
	at site.ycsb.db.XodusClient.insert(XodusClient.java:60)
	at site.ycsb.DBWrapper.insert(DBWrapper.java:227)
	at site.ycsb.workloads.CoreWorkload.doInsert(CoreWorkload.java:621)
	at site.ycsb.ClientThread.run(ClientThread.java:135)
	at java.base/java.lang.Thread.run(Thread.java:829)
Caused by: jetbrains.exodus.ExodusException
	at jetbrains.exodus.newLogConcept.garbageCollector.OperationLogGarbageCollector.moveAndRemoveRecordsFromLog(OperationLogGarbageCollector.java:69)
	at jetbrains.exodus.newLogConcept.garbageCollector.OperationLogGarbageCollector.clean(OperationLogGarbageCollector.java:51)
	at jetbrains.exodus.newLogConcept.MVCC.MVCCDataStructure.lambda$commitTransaction$1(MVCCDataStructure.java:297)
	at java.base/java.util.concurrent.Executors$RunnableAdapter.call(Executors.java:515)
	at java.base/java.util.concurrent.FutureTask.run(FutureTask.java:264)
	at java.base/java.util.concurrent.ThreadPoolExecutor.runWorker(ThreadPoolExecutor.java:1128)
	at java.base/java.util.concurrent.ThreadPoolExecutor$Worker.run(ThreadPoolExecutor.java:628)
	... 1 more
java.util.concurrent.ExecutionException: jetbrains.exodus.ExodusException
	at java.base/java.util.concurrent.FutureTask.report(FutureTask.java:122)
	at java.base/java.util.concurrent.FutureTask.get(FutureTask.java:191)
	at jetbrains.exodus.newLogConcept.MVCC.MVCCDataStructure.commitTransaction(MVCCDataStructure.java:299)
	at site.ycsb.db.XodusClient.insert(XodusClient.java:60)
	at site.ycsb.DBWrapper.insert(DBWrapper.java:227)
	at site.ycsb.workloads.CoreWorkload.doInsert(CoreWorkload.java:621)
	at site.ycsb.ClientThread.run(ClientThread.java:135)
	at java.base/java.lang.Thread.run(Thread.java:829)
Caused by: jetbrains.exodus.ExodusException
	at jetbrains.exodus.newLogConcept.garbageCollector.OperationLogGarbageCollector.moveAndRemoveRecordsFromLog(OperationLogGarbageCollector.java:69)
	at jetbrains.exodus.newLogConcept.garbageCollector.OperationLogGarbageCollector.clean(OperationLogGarbageCollector.java:51)
	at jetbrains.exodus.newLogConcept.MVCC.MVCCDataStructure.lambda$commitTransaction$1(MVCCDataStructure.java:297)
	at java.base/java.util.concurrent.Executors$RunnableAdapter.call(Executors.java:515)
	at java.base/java.util.concurrent.FutureTask.run(FutureTask.java:264)
	at java.base/java.util.concurrent.ThreadPoolExecutor.runWorker(ThreadPoolExecutor.java:1128)
	at java.base/java.util.concurrent.ThreadPoolExecutor$Worker.run(ThreadPoolExecutor.java:628)
	... 1 more
java.util.concurrent.ExecutionException: jetbrains.exodus.ExodusException
	at java.base/java.util.concurrent.FutureTask.report(FutureTask.java:122)
	at java.base/java.util.concurrent.FutureTask.get(FutureTask.java:191)
	at jetbrains.exodus.newLogConcept.MVCC.MVCCDataStructure.commitTransaction(MVCCDataStructure.java:299)
	at site.ycsb.db.XodusClient.insert(XodusClient.java:60)
	at site.ycsb.DBWrapper.insert(DBWrapper.java:227)
	at site.ycsb.workloads.CoreWorkload.doInsert(CoreWorkload.java:621)
	at site.ycsb.ClientThread.run(ClientThread.java:135)
	at java.base/java.lang.Thread.run(Thread.java:829)
Caused by: jetbrains.exodus.ExodusException
	at jetbrains.exodus.newLogConcept.garbageCollector.OperationLogGarbageCollector.moveAndRemoveRecordsFromLog(OperationLogGarbageCollector.java:69)
	at jetbrains.exodus.newLogConcept.garbageCollector.OperationLogGarbageCollector.clean(OperationLogGarbageCollector.java:51)
	at jetbrains.exodus.newLogConcept.MVCC.MVCCDataStructure.lambda$commitTransaction$1(MVCCDataStructure.java:297)
	at java.base/java.util.concurrent.Executors$RunnableAdapter.call(Executors.java:515)
	at java.base/java.util.concurrent.FutureTask.run(FutureTask.java:264)
	at java.base/java.util.concurrent.ThreadPoolExecutor.runWorker(ThreadPoolExecutor.java:1128)
	at java.base/java.util.concurrent.ThreadPoolExecutor$Worker.run(ThreadPoolExecutor.java:628)
	... 1 more
java.util.concurrent.ExecutionException: jetbrains.exodus.ExodusException
	at java.base/java.util.concurrent.FutureTask.report(FutureTask.java:122)
	at java.base/java.util.concurrent.FutureTask.get(FutureTask.java:191)
	at jetbrains.exodus.newLogConcept.MVCC.MVCCDataStructure.commitTransaction(MVCCDataStructure.java:299)
	at site.ycsb.db.XodusClient.insert(XodusClient.java:60)
	at site.ycsb.DBWrapper.insert(DBWrapper.java:227)
	at site.ycsb.workloads.CoreWorkload.doInsert(CoreWorkload.java:621)
	at site.ycsb.ClientThread.run(ClientThread.java:135)
	at java.base/java.lang.Thread.run(Thread.java:829)
Caused by: jetbrains.exodus.ExodusException
	at jetbrains.exodus.newLogConcept.garbageCollector.OperationLogGarbageCollector.moveAndRemoveRecordsFromLog(OperationLogGarbageCollector.java:69)
	at jetbrains.exodus.newLogConcept.garbageCollector.OperationLogGarbageCollector.clean(OperationLogGarbageCollector.java:51)
	at jetbrains.exodus.newLogConcept.MVCC.MVCCDataStructure.lambda$commitTransaction$1(MVCCDataStructure.java:297)
	at java.base/java.util.concurrent.Executors$RunnableAdapter.call(Executors.java:515)
	at java.base/java.util.concurrent.FutureTask.run(FutureTask.java:264)
	at java.base/java.util.concurrent.ThreadPoolExecutor.runWorker(ThreadPoolExecutor.java:1128)
	at java.base/java.util.concurrent.ThreadPoolExecutor$Worker.run(ThreadPoolExecutor.java:628)
	... 1 more
java.util.concurrent.ExecutionException: jetbrains.exodus.ExodusException
	at java.base/java.util.concurrent.FutureTask.report(FutureTask.java:122)
	at java.base/java.util.concurrent.FutureTask.get(FutureTask.java:191)
	at jetbrains.exodus.newLogConcept.MVCC.MVCCDataStructure.commitTransaction(MVCCDataStructure.java:299)
	at site.ycsb.db.XodusClient.insert(XodusClient.java:60)
	at site.ycsb.DBWrapper.insert(DBWrapper.java:227)
	at site.ycsb.workloads.CoreWorkload.doInsert(CoreWorkload.java:621)
	at site.ycsb.ClientThread.run(ClientThread.java:135)
	at java.base/java.lang.Thread.run(Thread.java:829)
Caused by: jetbrains.exodus.ExodusException
	at jetbrains.exodus.newLogConcept.garbageCollector.OperationLogGarbageCollector.moveAndRemoveRecordsFromLog(OperationLogGarbageCollector.java:69)
	at jetbrains.exodus.newLogConcept.garbageCollector.OperationLogGarbageCollector.clean(OperationLogGarbageCollector.java:51)
	at jetbrains.exodus.newLogConcept.MVCC.MVCCDataStructure.lambda$commitTransaction$1(MVCCDataStructure.java:297)
	at java.base/java.util.concurrent.Executors$RunnableAdapter.call(Executors.java:515)
	at java.base/java.util.concurrent.FutureTask.run(FutureTask.java:264)
	at java.base/java.util.concurrent.ThreadPoolExecutor.runWorker(ThreadPoolExecutor.java:1128)
	at java.base/java.util.concurrent.ThreadPoolExecutor$Worker.run(ThreadPoolExecutor.java:628)
	... 1 more
java.util.concurrent.ExecutionException: jetbrains.exodus.ExodusException
	at java.base/java.util.concurrent.FutureTask.report(FutureTask.java:122)
	at java.base/java.util.concurrent.FutureTask.get(FutureTask.java:191)
	at jetbrains.exodus.newLogConcept.MVCC.MVCCDataStructure.commitTransaction(MVCCDataStructure.java:299)
	at site.ycsb.db.XodusClient.insert(XodusClient.java:60)
	at site.ycsb.DBWrapper.insert(DBWrapper.java:227)
	at site.ycsb.workloads.CoreWorkload.doInsert(CoreWorkload.java:621)
	at site.ycsb.ClientThread.run(ClientThread.java:135)
	at java.base/java.lang.Thread.run(Thread.java:829)
Caused by: jetbrains.exodus.ExodusException
	at jetbrains.exodus.newLogConcept.garbageCollector.OperationLogGarbageCollector.moveAndRemoveRecordsFromLog(OperationLogGarbageCollector.java:69)
	at jetbrains.exodus.newLogConcept.garbageCollector.OperationLogGarbageCollector.clean(OperationLogGarbageCollector.java:51)
	at jetbrains.exodus.newLogConcept.MVCC.MVCCDataStructure.lambda$commitTransaction$1(MVCCDataStructure.java:297)
	at java.base/java.util.concurrent.Executors$RunnableAdapter.call(Executors.java:515)
	at java.base/java.util.concurrent.FutureTask.run(FutureTask.java:264)
	at java.base/java.util.concurrent.ThreadPoolExecutor.runWorker(ThreadPoolExecutor.java:1128)
	at java.base/java.util.concurrent.ThreadPoolExecutor$Worker.run(ThreadPoolExecutor.java:628)
	... 1 more
java.util.concurrent.ExecutionException: jetbrains.exodus.ExodusException
	at java.base/java.util.concurrent.FutureTask.report(FutureTask.java:122)
	at java.base/java.util.concurrent.FutureTask.get(FutureTask.java:191)
	at jetbrains.exodus.newLogConcept.MVCC.MVCCDataStructure.commitTransaction(MVCCDataStructure.java:299)
	at site.ycsb.db.XodusClient.insert(XodusClient.java:60)
	at site.ycsb.DBWrapper.insert(DBWrapper.java:227)
	at site.ycsb.workloads.CoreWorkload.doInsert(CoreWorkload.java:621)
	at site.ycsb.ClientThread.run(ClientThread.java:135)
	at java.base/java.lang.Thread.run(Thread.java:829)
Caused by: jetbrains.exodus.ExodusException
	at jetbrains.exodus.newLogConcept.garbageCollector.OperationLogGarbageCollector.moveAndRemoveRecordsFromLog(OperationLogGarbageCollector.java:69)
	at jetbrains.exodus.newLogConcept.garbageCollector.OperationLogGarbageCollector.clean(OperationLogGarbageCollector.java:51)
	at jetbrains.exodus.newLogConcept.MVCC.MVCCDataStructure.lambda$commitTransaction$1(MVCCDataStructure.java:297)
	at java.base/java.util.concurrent.Executors$RunnableAdapter.call(Executors.java:515)
	at java.base/java.util.concurrent.FutureTask.run(FutureTask.java:264)
	at java.base/java.util.concurrent.ThreadPoolExecutor.runWorker(ThreadPoolExecutor.java:1128)
	at java.base/java.util.concurrent.ThreadPoolExecutor$Worker.run(ThreadPoolExecutor.java:628)
	... 1 more
java.util.concurrent.ExecutionException: jetbrains.exodus.ExodusException
	at java.base/java.util.concurrent.FutureTask.report(FutureTask.java:122)
	at java.base/java.util.concurrent.FutureTask.get(FutureTask.java:191)
	at jetbrains.exodus.newLogConcept.MVCC.MVCCDataStructure.commitTransaction(MVCCDataStructure.java:299)
	at site.ycsb.db.XodusClient.insert(XodusClient.java:60)
	at site.ycsb.DBWrapper.insert(DBWrapper.java:227)
	at site.ycsb.workloads.CoreWorkload.doInsert(CoreWorkload.java:621)
	at site.ycsb.ClientThread.run(ClientThread.java:135)
	at java.base/java.lang.Thread.run(Thread.java:829)
Caused by: jetbrains.exodus.ExodusException
	at jetbrains.exodus.newLogConcept.garbageCollector.OperationLogGarbageCollector.moveAndRemoveRecordsFromLog(OperationLogGarbageCollector.java:69)
	at jetbrains.exodus.newLogConcept.garbageCollector.OperationLogGarbageCollector.clean(OperationLogGarbageCollector.java:51)
	at jetbrains.exodus.newLogConcept.MVCC.MVCCDataStructure.lambda$commitTransaction$1(MVCCDataStructure.java:297)
	at java.base/java.util.concurrent.Executors$RunnableAdapter.call(Executors.java:515)
	at java.base/java.util.concurrent.FutureTask.run(FutureTask.java:264)
	at java.base/java.util.concurrent.ThreadPoolExecutor.runWorker(ThreadPoolExecutor.java:1128)
	at java.base/java.util.concurrent.ThreadPoolExecutor$Worker.run(ThreadPoolExecutor.java:628)
	... 1 more
java.util.concurrent.ExecutionException: jetbrains.exodus.ExodusException
	at java.base/java.util.concurrent.FutureTask.report(FutureTask.java:122)
	at java.base/java.util.concurrent.FutureTask.get(FutureTask.java:191)
	at jetbrains.exodus.newLogConcept.MVCC.MVCCDataStructure.commitTransaction(MVCCDataStructure.java:299)
	at site.ycsb.db.XodusClient.insert(XodusClient.java:60)
	at site.ycsb.DBWrapper.insert(DBWrapper.java:227)
	at site.ycsb.workloads.CoreWorkload.doInsert(CoreWorkload.java:621)
	at site.ycsb.ClientThread.run(ClientThread.java:135)
	at java.base/java.lang.Thread.run(Thread.java:829)
Caused by: jetbrains.exodus.ExodusException
	at jetbrains.exodus.newLogConcept.garbageCollector.OperationLogGarbageCollector.moveAndRemoveRecordsFromLog(OperationLogGarbageCollector.java:69)
	at jetbrains.exodus.newLogConcept.garbageCollector.OperationLogGarbageCollector.clean(OperationLogGarbageCollector.java:51)
	at jetbrains.exodus.newLogConcept.MVCC.MVCCDataStructure.lambda$commitTransaction$1(MVCCDataStructure.java:297)
	at java.base/java.util.concurrent.Executors$RunnableAdapter.call(Executors.java:515)
	at java.base/java.util.concurrent.FutureTask.run(FutureTask.java:264)
	at java.base/java.util.concurrent.ThreadPoolExecutor.runWorker(ThreadPoolExecutor.java:1128)
	at java.base/java.util.concurrent.ThreadPoolExecutor$Worker.run(ThreadPoolExecutor.java:628)
	... 1 more
java.util.concurrent.ExecutionException: jetbrains.exodus.ExodusException
	at java.base/java.util.concurrent.FutureTask.report(FutureTask.java:122)
	at java.base/java.util.concurrent.FutureTask.get(FutureTask.java:191)
	at jetbrains.exodus.newLogConcept.MVCC.MVCCDataStructure.commitTransaction(MVCCDataStructure.java:299)
	at site.ycsb.db.XodusClient.insert(XodusClient.java:60)
	at site.ycsb.DBWrapper.insert(DBWrapper.java:227)
	at site.ycsb.workloads.CoreWorkload.doInsert(CoreWorkload.java:621)
	at site.ycsb.ClientThread.run(ClientThread.java:135)
	at java.base/java.lang.Thread.run(Thread.java:829)
Caused by: jetbrains.exodus.ExodusException
	at jetbrains.exodus.newLogConcept.garbageCollector.OperationLogGarbageCollector.moveAndRemoveRecordsFromLog(OperationLogGarbageCollector.java:69)
	at jetbrains.exodus.newLogConcept.garbageCollector.OperationLogGarbageCollector.clean(OperationLogGarbageCollector.java:51)
	at jetbrains.exodus.newLogConcept.MVCC.MVCCDataStructure.lambda$commitTransaction$1(MVCCDataStructure.java:297)
	at java.base/java.util.concurrent.Executors$RunnableAdapter.call(Executors.java:515)
	at java.base/java.util.concurrent.FutureTask.run(FutureTask.java:264)
	at java.base/java.util.concurrent.ThreadPoolExecutor.runWorker(ThreadPoolExecutor.java:1128)
	at java.base/java.util.concurrent.ThreadPoolExecutor$Worker.run(ThreadPoolExecutor.java:628)
	... 1 more
java.util.concurrent.ExecutionException: jetbrains.exodus.ExodusException
	at java.base/java.util.concurrent.FutureTask.report(FutureTask.java:122)
	at java.base/java.util.concurrent.FutureTask.get(FutureTask.java:191)
	at jetbrains.exodus.newLogConcept.MVCC.MVCCDataStructure.commitTransaction(MVCCDataStructure.java:299)
	at site.ycsb.db.XodusClient.insert(XodusClient.java:60)
	at site.ycsb.DBWrapper.insert(DBWrapper.java:227)
	at site.ycsb.workloads.CoreWorkload.doInsert(CoreWorkload.java:621)
	at site.ycsb.ClientThread.run(ClientThread.java:135)
	at java.base/java.lang.Thread.run(Thread.java:829)
Caused by: jetbrains.exodus.ExodusException
	at jetbrains.exodus.newLogConcept.garbageCollector.OperationLogGarbageCollector.moveAndRemoveRecordsFromLog(OperationLogGarbageCollector.java:69)
	at jetbrains.exodus.newLogConcept.garbageCollector.OperationLogGarbageCollector.clean(OperationLogGarbageCollector.java:51)
	at jetbrains.exodus.newLogConcept.MVCC.MVCCDataStructure.lambda$commitTransaction$1(MVCCDataStructure.java:297)
	at java.base/java.util.concurrent.Executors$RunnableAdapter.call(Executors.java:515)
	at java.base/java.util.concurrent.FutureTask.run(FutureTask.java:264)
	at java.base/java.util.concurrent.ThreadPoolExecutor.runWorker(ThreadPoolExecutor.java:1128)
	at java.base/java.util.concurrent.ThreadPoolExecutor$Worker.run(ThreadPoolExecutor.java:628)
	... 1 more
java.util.concurrent.ExecutionException: jetbrains.exodus.ExodusException
	at java.base/java.util.concurrent.FutureTask.report(FutureTask.java:122)
	at java.base/java.util.concurrent.FutureTask.get(FutureTask.java:191)
	at jetbrains.exodus.newLogConcept.MVCC.MVCCDataStructure.commitTransaction(MVCCDataStructure.java:299)
	at site.ycsb.db.XodusClient.insert(XodusClient.java:60)
	at site.ycsb.DBWrapper.insert(DBWrapper.java:227)
	at site.ycsb.workloads.CoreWorkload.doInsert(CoreWorkload.java:621)
	at site.ycsb.ClientThread.run(ClientThread.java:135)
	at java.base/java.lang.Thread.run(Thread.java:829)
Caused by: jetbrains.exodus.ExodusException
	at jetbrains.exodus.newLogConcept.garbageCollector.OperationLogGarbageCollector.moveAndRemoveRecordsFromLog(OperationLogGarbageCollector.java:69)
	at jetbrains.exodus.newLogConcept.garbageCollector.OperationLogGarbageCollector.clean(OperationLogGarbageCollector.java:51)
	at jetbrains.exodus.newLogConcept.MVCC.MVCCDataStructure.lambda$commitTransaction$1(MVCCDataStructure.java:297)
	at java.base/java.util.concurrent.Executors$RunnableAdapter.call(Executors.java:515)
	at java.base/java.util.concurrent.FutureTask.run(FutureTask.java:264)
	at java.base/java.util.concurrent.ThreadPoolExecutor.runWorker(ThreadPoolExecutor.java:1128)
	at java.base/java.util.concurrent.ThreadPoolExecutor$Worker.run(ThreadPoolExecutor.java:628)
	... 1 more
java.util.concurrent.ExecutionException: jetbrains.exodus.ExodusException
	at java.base/java.util.concurrent.FutureTask.report(FutureTask.java:122)
	at java.base/java.util.concurrent.FutureTask.get(FutureTask.java:191)
	at jetbrains.exodus.newLogConcept.MVCC.MVCCDataStructure.commitTransaction(MVCCDataStructure.java:299)
	at site.ycsb.db.XodusClient.insert(XodusClient.java:60)
	at site.ycsb.DBWrapper.insert(DBWrapper.java:227)
	at site.ycsb.workloads.CoreWorkload.doInsert(CoreWorkload.java:621)
	at site.ycsb.ClientThread.run(ClientThread.java:135)
	at java.base/java.lang.Thread.run(Thread.java:829)
Caused by: jetbrains.exodus.ExodusException
	at jetbrains.exodus.newLogConcept.garbageCollector.OperationLogGarbageCollector.moveAndRemoveRecordsFromLog(OperationLogGarbageCollector.java:69)
	at jetbrains.exodus.newLogConcept.garbageCollector.OperationLogGarbageCollector.clean(OperationLogGarbageCollector.java:51)
	at jetbrains.exodus.newLogConcept.MVCC.MVCCDataStructure.lambda$commitTransaction$1(MVCCDataStructure.java:297)
	at java.base/java.util.concurrent.Executors$RunnableAdapter.call(Executors.java:515)
	at java.base/java.util.concurrent.FutureTask.run(FutureTask.java:264)
	at java.base/java.util.concurrent.ThreadPoolExecutor.runWorker(ThreadPoolExecutor.java:1128)
	at java.base/java.util.concurrent.ThreadPoolExecutor$Worker.run(ThreadPoolExecutor.java:628)
	... 1 more
java.util.concurrent.ExecutionException: jetbrains.exodus.ExodusException
	at java.base/java.util.concurrent.FutureTask.report(FutureTask.java:122)
	at java.base/java.util.concurrent.FutureTask.get(FutureTask.java:191)
	at jetbrains.exodus.newLogConcept.MVCC.MVCCDataStructure.commitTransaction(MVCCDataStructure.java:299)
	at site.ycsb.db.XodusClient.insert(XodusClient.java:60)
	at site.ycsb.DBWrapper.insert(DBWrapper.java:227)
	at site.ycsb.workloads.CoreWorkload.doInsert(CoreWorkload.java:621)
	at site.ycsb.ClientThread.run(ClientThread.java:135)
	at java.base/java.lang.Thread.run(Thread.java:829)
Caused by: jetbrains.exodus.ExodusException
	at jetbrains.exodus.newLogConcept.garbageCollector.OperationLogGarbageCollector.moveAndRemoveRecordsFromLog(OperationLogGarbageCollector.java:69)
	at jetbrains.exodus.newLogConcept.garbageCollector.OperationLogGarbageCollector.clean(OperationLogGarbageCollector.java:51)
	at jetbrains.exodus.newLogConcept.MVCC.MVCCDataStructure.lambda$commitTransaction$1(MVCCDataStructure.java:297)
	at java.base/java.util.concurrent.Executors$RunnableAdapter.call(Executors.java:515)
	at java.base/java.util.concurrent.FutureTask.run(FutureTask.java:264)
	at java.base/java.util.concurrent.ThreadPoolExecutor.runWorker(ThreadPoolExecutor.java:1128)
	at java.base/java.util.concurrent.ThreadPoolExecutor$Worker.run(ThreadPoolExecutor.java:628)
	... 1 more
java.util.concurrent.ExecutionException: jetbrains.exodus.ExodusException
	at java.base/java.util.concurrent.FutureTask.report(FutureTask.java:122)
	at java.base/java.util.concurrent.FutureTask.get(FutureTask.java:191)
	at jetbrains.exodus.newLogConcept.MVCC.MVCCDataStructure.commitTransaction(MVCCDataStructure.java:299)
	at site.ycsb.db.XodusClient.insert(XodusClient.java:60)
	at site.ycsb.DBWrapper.insert(DBWrapper.java:227)
	at site.ycsb.workloads.CoreWorkload.doInsert(CoreWorkload.java:621)
	at site.ycsb.ClientThread.run(ClientThread.java:135)
	at java.base/java.lang.Thread.run(Thread.java:829)
Caused by: jetbrains.exodus.ExodusException
	at jetbrains.exodus.newLogConcept.garbageCollector.OperationLogGarbageCollector.moveAndRemoveRecordsFromLog(OperationLogGarbageCollector.java:69)
	at jetbrains.exodus.newLogConcept.garbageCollector.OperationLogGarbageCollector.clean(OperationLogGarbageCollector.java:51)
	at jetbrains.exodus.newLogConcept.MVCC.MVCCDataStructure.lambda$commitTransaction$1(MVCCDataStructure.java:297)
	at java.base/java.util.concurrent.Executors$RunnableAdapter.call(Executors.java:515)
	at java.base/java.util.concurrent.FutureTask.run(FutureTask.java:264)
	at java.base/java.util.concurrent.ThreadPoolExecutor.runWorker(ThreadPoolExecutor.java:1128)
	at java.base/java.util.concurrent.ThreadPoolExecutor$Worker.run(ThreadPoolExecutor.java:628)
	... 1 more
java.util.concurrent.ExecutionException: jetbrains.exodus.ExodusException
	at java.base/java.util.concurrent.FutureTask.report(FutureTask.java:122)
	at java.base/java.util.concurrent.FutureTask.get(FutureTask.java:191)
	at jetbrains.exodus.newLogConcept.MVCC.MVCCDataStructure.commitTransaction(MVCCDataStructure.java:299)
	at site.ycsb.db.XodusClient.insert(XodusClient.java:60)
	at site.ycsb.DBWrapper.insert(DBWrapper.java:227)
	at site.ycsb.workloads.CoreWorkload.doInsert(CoreWorkload.java:621)
	at site.ycsb.ClientThread.run(ClientThread.java:135)
	at java.base/java.lang.Thread.run(Thread.java:829)
Caused by: jetbrains.exodus.ExodusException
	at jetbrains.exodus.newLogConcept.garbageCollector.OperationLogGarbageCollector.moveAndRemoveRecordsFromLog(OperationLogGarbageCollector.java:69)
	at jetbrains.exodus.newLogConcept.garbageCollector.OperationLogGarbageCollector.clean(OperationLogGarbageCollector.java:51)
	at jetbrains.exodus.newLogConcept.MVCC.MVCCDataStructure.lambda$commitTransaction$1(MVCCDataStructure.java:297)
	at java.base/java.util.concurrent.Executors$RunnableAdapter.call(Executors.java:515)
	at java.base/java.util.concurrent.FutureTask.run(FutureTask.java:264)
	at java.base/java.util.concurrent.ThreadPoolExecutor.runWorker(ThreadPoolExecutor.java:1128)
	at java.base/java.util.concurrent.ThreadPoolExecutor$Worker.run(ThreadPoolExecutor.java:628)
	... 1 more
java.util.concurrent.ExecutionException: jetbrains.exodus.ExodusException
	at java.base/java.util.concurrent.FutureTask.report(FutureTask.java:122)
	at java.base/java.util.concurrent.FutureTask.get(FutureTask.java:191)
	at jetbrains.exodus.newLogConcept.MVCC.MVCCDataStructure.commitTransaction(MVCCDataStructure.java:299)
	at site.ycsb.db.XodusClient.insert(XodusClient.java:60)
	at site.ycsb.DBWrapper.insert(DBWrapper.java:227)
	at site.ycsb.workloads.CoreWorkload.doInsert(CoreWorkload.java:621)
	at site.ycsb.ClientThread.run(ClientThread.java:135)
	at java.base/java.lang.Thread.run(Thread.java:829)
Caused by: jetbrains.exodus.ExodusException
	at jetbrains.exodus.newLogConcept.garbageCollector.OperationLogGarbageCollector.moveAndRemoveRecordsFromLog(OperationLogGarbageCollector.java:69)
	at jetbrains.exodus.newLogConcept.garbageCollector.OperationLogGarbageCollector.clean(OperationLogGarbageCollector.java:51)
	at jetbrains.exodus.newLogConcept.MVCC.MVCCDataStructure.lambda$commitTransaction$1(MVCCDataStructure.java:297)
	at java.base/java.util.concurrent.Executors$RunnableAdapter.call(Executors.java:515)
	at java.base/java.util.concurrent.FutureTask.run(FutureTask.java:264)
	at java.base/java.util.concurrent.ThreadPoolExecutor.runWorker(ThreadPoolExecutor.java:1128)
	at java.base/java.util.concurrent.ThreadPoolExecutor$Worker.run(ThreadPoolExecutor.java:628)
	... 1 more
java.util.concurrent.ExecutionException: jetbrains.exodus.ExodusException
	at java.base/java.util.concurrent.FutureTask.report(FutureTask.java:122)
	at java.base/java.util.concurrent.FutureTask.get(FutureTask.java:191)
	at jetbrains.exodus.newLogConcept.MVCC.MVCCDataStructure.commitTransaction(MVCCDataStructure.java:299)
	at site.ycsb.db.XodusClient.insert(XodusClient.java:60)
	at site.ycsb.DBWrapper.insert(DBWrapper.java:227)
	at site.ycsb.workloads.CoreWorkload.doInsert(CoreWorkload.java:621)
	at site.ycsb.ClientThread.run(ClientThread.java:135)
	at java.base/java.lang.Thread.run(Thread.java:829)
Caused by: jetbrains.exodus.ExodusException
	at jetbrains.exodus.newLogConcept.garbageCollector.OperationLogGarbageCollector.moveAndRemoveRecordsFromLog(OperationLogGarbageCollector.java:69)
	at jetbrains.exodus.newLogConcept.garbageCollector.OperationLogGarbageCollector.clean(OperationLogGarbageCollector.java:51)
	at jetbrains.exodus.newLogConcept.MVCC.MVCCDataStructure.lambda$commitTransaction$1(MVCCDataStructure.java:297)
	at java.base/java.util.concurrent.Executors$RunnableAdapter.call(Executors.java:515)
	at java.base/java.util.concurrent.FutureTask.run(FutureTask.java:264)
	at java.base/java.util.concurrent.ThreadPoolExecutor.runWorker(ThreadPoolExecutor.java:1128)
	at java.base/java.util.concurrent.ThreadPoolExecutor$Worker.run(ThreadPoolExecutor.java:628)
	... 1 more
java.util.concurrent.ExecutionException: jetbrains.exodus.ExodusException
	at java.base/java.util.concurrent.FutureTask.report(FutureTask.java:122)
	at java.base/java.util.concurrent.FutureTask.get(FutureTask.java:191)
	at jetbrains.exodus.newLogConcept.MVCC.MVCCDataStructure.commitTransaction(MVCCDataStructure.java:299)
	at site.ycsb.db.XodusClient.insert(XodusClient.java:60)
	at site.ycsb.DBWrapper.insert(DBWrapper.java:227)
	at site.ycsb.workloads.CoreWorkload.doInsert(CoreWorkload.java:621)
	at site.ycsb.ClientThread.run(ClientThread.java:135)
	at java.base/java.lang.Thread.run(Thread.java:829)
Caused by: jetbrains.exodus.ExodusException
	at jetbrains.exodus.newLogConcept.garbageCollector.OperationLogGarbageCollector.moveAndRemoveRecordsFromLog(OperationLogGarbageCollector.java:69)
	at jetbrains.exodus.newLogConcept.garbageCollector.OperationLogGarbageCollector.clean(OperationLogGarbageCollector.java:51)
	at jetbrains.exodus.newLogConcept.MVCC.MVCCDataStructure.lambda$commitTransaction$1(MVCCDataStructure.java:297)
	at java.base/java.util.concurrent.Executors$RunnableAdapter.call(Executors.java:515)
	at java.base/java.util.concurrent.FutureTask.run(FutureTask.java:264)
	at java.base/java.util.concurrent.ThreadPoolExecutor.runWorker(ThreadPoolExecutor.java:1128)
	at java.base/java.util.concurrent.ThreadPoolExecutor$Worker.run(ThreadPoolExecutor.java:628)
	... 1 more
java.util.concurrent.ExecutionException: jetbrains.exodus.ExodusException
	at java.base/java.util.concurrent.FutureTask.report(FutureTask.java:122)
	at java.base/java.util.concurrent.FutureTask.get(FutureTask.java:191)
	at jetbrains.exodus.newLogConcept.MVCC.MVCCDataStructure.commitTransaction(MVCCDataStructure.java:299)
	at site.ycsb.db.XodusClient.insert(XodusClient.java:60)
	at site.ycsb.DBWrapper.insert(DBWrapper.java:227)
	at site.ycsb.workloads.CoreWorkload.doInsert(CoreWorkload.java:621)
	at site.ycsb.ClientThread.run(ClientThread.java:135)
	at java.base/java.lang.Thread.run(Thread.java:829)
Caused by: jetbrains.exodus.ExodusException
	at jetbrains.exodus.newLogConcept.garbageCollector.OperationLogGarbageCollector.moveAndRemoveRecordsFromLog(OperationLogGarbageCollector.java:69)
	at jetbrains.exodus.newLogConcept.garbageCollector.OperationLogGarbageCollector.clean(OperationLogGarbageCollector.java:51)
	at jetbrains.exodus.newLogConcept.MVCC.MVCCDataStructure.lambda$commitTransaction$1(MVCCDataStructure.java:297)
	at java.base/java.util.concurrent.Executors$RunnableAdapter.call(Executors.java:515)
	at java.base/java.util.concurrent.FutureTask.run(FutureTask.java:264)
	at java.base/java.util.concurrent.ThreadPoolExecutor.runWorker(ThreadPoolExecutor.java:1128)
	at java.base/java.util.concurrent.ThreadPoolExecutor$Worker.run(ThreadPoolExecutor.java:628)
	... 1 more
java.util.concurrent.ExecutionException: jetbrains.exodus.ExodusException
	at java.base/java.util.concurrent.FutureTask.report(FutureTask.java:122)
	at java.base/java.util.concurrent.FutureTask.get(FutureTask.java:191)
	at jetbrains.exodus.newLogConcept.MVCC.MVCCDataStructure.commitTransaction(MVCCDataStructure.java:299)
	at site.ycsb.db.XodusClient.insert(XodusClient.java:60)
	at site.ycsb.DBWrapper.insert(DBWrapper.java:227)
	at site.ycsb.workloads.CoreWorkload.doInsert(CoreWorkload.java:621)
	at site.ycsb.ClientThread.run(ClientThread.java:135)
	at java.base/java.lang.Thread.run(Thread.java:829)
Caused by: jetbrains.exodus.ExodusException
	at jetbrains.exodus.newLogConcept.garbageCollector.OperationLogGarbageCollector.moveAndRemoveRecordsFromLog(OperationLogGarbageCollector.java:69)
	at jetbrains.exodus.newLogConcept.garbageCollector.OperationLogGarbageCollector.clean(OperationLogGarbageCollector.java:51)
	at jetbrains.exodus.newLogConcept.MVCC.MVCCDataStructure.lambda$commitTransaction$1(MVCCDataStructure.java:297)
	at java.base/java.util.concurrent.Executors$RunnableAdapter.call(Executors.java:515)
	at java.base/java.util.concurrent.FutureTask.run(FutureTask.java:264)
	at java.base/java.util.concurrent.ThreadPoolExecutor.runWorker(ThreadPoolExecutor.java:1128)
	at java.base/java.util.concurrent.ThreadPoolExecutor$Worker.run(ThreadPoolExecutor.java:628)
	... 1 more
java.util.concurrent.ExecutionException: jetbrains.exodus.ExodusException
	at java.base/java.util.concurrent.FutureTask.report(FutureTask.java:122)
	at java.base/java.util.concurrent.FutureTask.get(FutureTask.java:191)
	at jetbrains.exodus.newLogConcept.MVCC.MVCCDataStructure.commitTransaction(MVCCDataStructure.java:299)
	at site.ycsb.db.XodusClient.insert(XodusClient.java:60)
	at site.ycsb.DBWrapper.insert(DBWrapper.java:227)
	at site.ycsb.workloads.CoreWorkload.doInsert(CoreWorkload.java:621)
	at site.ycsb.ClientThread.run(ClientThread.java:135)
	at java.base/java.lang.Thread.run(Thread.java:829)
Caused by: jetbrains.exodus.ExodusException
	at jetbrains.exodus.newLogConcept.garbageCollector.OperationLogGarbageCollector.moveAndRemoveRecordsFromLog(OperationLogGarbageCollector.java:69)
	at jetbrains.exodus.newLogConcept.garbageCollector.OperationLogGarbageCollector.clean(OperationLogGarbageCollector.java:51)
	at jetbrains.exodus.newLogConcept.MVCC.MVCCDataStructure.lambda$commitTransaction$1(MVCCDataStructure.java:297)
	at java.base/java.util.concurrent.Executors$RunnableAdapter.call(Executors.java:515)
	at java.base/java.util.concurrent.FutureTask.run(FutureTask.java:264)
	at java.base/java.util.concurrent.ThreadPoolExecutor.runWorker(ThreadPoolExecutor.java:1128)
	at java.base/java.util.concurrent.ThreadPoolExecutor$Worker.run(ThreadPoolExecutor.java:628)
	... 1 more
java.util.concurrent.ExecutionException: jetbrains.exodus.ExodusException
	at java.base/java.util.concurrent.FutureTask.report(FutureTask.java:122)
	at java.base/java.util.concurrent.FutureTask.get(FutureTask.java:191)
	at jetbrains.exodus.newLogConcept.MVCC.MVCCDataStructure.commitTransaction(MVCCDataStructure.java:299)
	at site.ycsb.db.XodusClient.insert(XodusClient.java:60)
	at site.ycsb.DBWrapper.insert(DBWrapper.java:227)
	at site.ycsb.workloads.CoreWorkload.doInsert(CoreWorkload.java:621)
	at site.ycsb.ClientThread.run(ClientThread.java:135)
	at java.base/java.lang.Thread.run(Thread.java:829)
Caused by: jetbrains.exodus.ExodusException
	at jetbrains.exodus.newLogConcept.garbageCollector.OperationLogGarbageCollector.moveAndRemoveRecordsFromLog(OperationLogGarbageCollector.java:69)
	at jetbrains.exodus.newLogConcept.garbageCollector.OperationLogGarbageCollector.clean(OperationLogGarbageCollector.java:51)
	at jetbrains.exodus.newLogConcept.MVCC.MVCCDataStructure.lambda$commitTransaction$1(MVCCDataStructure.java:297)
	at java.base/java.util.concurrent.Executors$RunnableAdapter.call(Executors.java:515)
	at java.base/java.util.concurrent.FutureTask.run(FutureTask.java:264)
	at java.base/java.util.concurrent.ThreadPoolExecutor.runWorker(ThreadPoolExecutor.java:1128)
	at java.base/java.util.concurrent.ThreadPoolExecutor$Worker.run(ThreadPoolExecutor.java:628)
	... 1 more
java.util.concurrent.ExecutionException: jetbrains.exodus.ExodusException
	at java.base/java.util.concurrent.FutureTask.report(FutureTask.java:122)
	at java.base/java.util.concurrent.FutureTask.get(FutureTask.java:191)
	at jetbrains.exodus.newLogConcept.MVCC.MVCCDataStructure.commitTransaction(MVCCDataStructure.java:299)
	at site.ycsb.db.XodusClient.insert(XodusClient.java:60)
	at site.ycsb.DBWrapper.insert(DBWrapper.java:227)
	at site.ycsb.workloads.CoreWorkload.doInsert(CoreWorkload.java:621)
	at site.ycsb.ClientThread.run(ClientThread.java:135)
	at java.base/java.lang.Thread.run(Thread.java:829)
Caused by: jetbrains.exodus.ExodusException
	at jetbrains.exodus.newLogConcept.garbageCollector.OperationLogGarbageCollector.moveAndRemoveRecordsFromLog(OperationLogGarbageCollector.java:69)
	at jetbrains.exodus.newLogConcept.garbageCollector.OperationLogGarbageCollector.clean(OperationLogGarbageCollector.java:51)
	at jetbrains.exodus.newLogConcept.MVCC.MVCCDataStructure.lambda$commitTransaction$1(MVCCDataStructure.java:297)
	at java.base/java.util.concurrent.Executors$RunnableAdapter.call(Executors.java:515)
	at java.base/java.util.concurrent.FutureTask.run(FutureTask.java:264)
	at java.base/java.util.concurrent.ThreadPoolExecutor.runWorker(ThreadPoolExecutor.java:1128)
	at java.base/java.util.concurrent.ThreadPoolExecutor$Worker.run(ThreadPoolExecutor.java:628)
	... 1 more
java.util.concurrent.ExecutionException: jetbrains.exodus.ExodusException
	at java.base/java.util.concurrent.FutureTask.report(FutureTask.java:122)
	at java.base/java.util.concurrent.FutureTask.get(FutureTask.java:191)
	at jetbrains.exodus.newLogConcept.MVCC.MVCCDataStructure.commitTransaction(MVCCDataStructure.java:299)
	at site.ycsb.db.XodusClient.insert(XodusClient.java:60)
	at site.ycsb.DBWrapper.insert(DBWrapper.java:227)
	at site.ycsb.workloads.CoreWorkload.doInsert(CoreWorkload.java:621)
	at site.ycsb.ClientThread.run(ClientThread.java:135)
	at java.base/java.lang.Thread.run(Thread.java:829)
Caused by: jetbrains.exodus.ExodusException
	at jetbrains.exodus.newLogConcept.garbageCollector.OperationLogGarbageCollector.moveAndRemoveRecordsFromLog(OperationLogGarbageCollector.java:69)
	at jetbrains.exodus.newLogConcept.garbageCollector.OperationLogGarbageCollector.clean(OperationLogGarbageCollector.java:51)
	at jetbrains.exodus.newLogConcept.MVCC.MVCCDataStructure.lambda$commitTransaction$1(MVCCDataStructure.java:297)
	at java.base/java.util.concurrent.Executors$RunnableAdapter.call(Executors.java:515)
	at java.base/java.util.concurrent.FutureTask.run(FutureTask.java:264)
	at java.base/java.util.concurrent.ThreadPoolExecutor.runWorker(ThreadPoolExecutor.java:1128)
	at java.base/java.util.concurrent.ThreadPoolExecutor$Worker.run(ThreadPoolExecutor.java:628)
	... 1 more
java.util.concurrent.ExecutionException: jetbrains.exodus.ExodusException
	at java.base/java.util.concurrent.FutureTask.report(FutureTask.java:122)
	at java.base/java.util.concurrent.FutureTask.get(FutureTask.java:191)
	at jetbrains.exodus.newLogConcept.MVCC.MVCCDataStructure.commitTransaction(MVCCDataStructure.java:299)
	at site.ycsb.db.XodusClient.insert(XodusClient.java:60)
	at site.ycsb.DBWrapper.insert(DBWrapper.java:227)
	at site.ycsb.workloads.CoreWorkload.doInsert(CoreWorkload.java:621)
	at site.ycsb.ClientThread.run(ClientThread.java:135)
	at java.base/java.lang.Thread.run(Thread.java:829)
Caused by: jetbrains.exodus.ExodusException
	at jetbrains.exodus.newLogConcept.garbageCollector.OperationLogGarbageCollector.moveAndRemoveRecordsFromLog(OperationLogGarbageCollector.java:69)
	at jetbrains.exodus.newLogConcept.garbageCollector.OperationLogGarbageCollector.clean(OperationLogGarbageCollector.java:51)
	at jetbrains.exodus.newLogConcept.MVCC.MVCCDataStructure.lambda$commitTransaction$1(MVCCDataStructure.java:297)
	at java.base/java.util.concurrent.Executors$RunnableAdapter.call(Executors.java:515)
	at java.base/java.util.concurrent.FutureTask.run(FutureTask.java:264)
	at java.base/java.util.concurrent.ThreadPoolExecutor.runWorker(ThreadPoolExecutor.java:1128)
	at java.base/java.util.concurrent.ThreadPoolExecutor$Worker.run(ThreadPoolExecutor.java:628)
	... 1 more
java.util.concurrent.ExecutionException: jetbrains.exodus.ExodusException
	at java.base/java.util.concurrent.FutureTask.report(FutureTask.java:122)
	at java.base/java.util.concurrent.FutureTask.get(FutureTask.java:191)
	at jetbrains.exodus.newLogConcept.MVCC.MVCCDataStructure.commitTransaction(MVCCDataStructure.java:299)
	at site.ycsb.db.XodusClient.insert(XodusClient.java:60)
	at site.ycsb.DBWrapper.insert(DBWrapper.java:227)
	at site.ycsb.workloads.CoreWorkload.doInsert(CoreWorkload.java:621)
	at site.ycsb.ClientThread.run(ClientThread.java:135)
	at java.base/java.lang.Thread.run(Thread.java:829)
Caused by: jetbrains.exodus.ExodusException
	at jetbrains.exodus.newLogConcept.garbageCollector.OperationLogGarbageCollector.moveAndRemoveRecordsFromLog(OperationLogGarbageCollector.java:69)
	at jetbrains.exodus.newLogConcept.garbageCollector.OperationLogGarbageCollector.clean(OperationLogGarbageCollector.java:51)
	at jetbrains.exodus.newLogConcept.MVCC.MVCCDataStructure.lambda$commitTransaction$1(MVCCDataStructure.java:297)
	at java.base/java.util.concurrent.Executors$RunnableAdapter.call(Executors.java:515)
	at java.base/java.util.concurrent.FutureTask.run(FutureTask.java:264)
	at java.base/java.util.concurrent.ThreadPoolExecutor.runWorker(ThreadPoolExecutor.java:1128)
	at java.base/java.util.concurrent.ThreadPoolExecutor$Worker.run(ThreadPoolExecutor.java:628)
	... 1 more
java.util.concurrent.ExecutionException: jetbrains.exodus.ExodusException
	at java.base/java.util.concurrent.FutureTask.report(FutureTask.java:122)
	at java.base/java.util.concurrent.FutureTask.get(FutureTask.java:191)
	at jetbrains.exodus.newLogConcept.MVCC.MVCCDataStructure.commitTransaction(MVCCDataStructure.java:299)
	at site.ycsb.db.XodusClient.insert(XodusClient.java:60)
	at site.ycsb.DBWrapper.insert(DBWrapper.java:227)
	at site.ycsb.workloads.CoreWorkload.doInsert(CoreWorkload.java:621)
	at site.ycsb.ClientThread.run(ClientThread.java:135)
	at java.base/java.lang.Thread.run(Thread.java:829)
Caused by: jetbrains.exodus.ExodusException
	at jetbrains.exodus.newLogConcept.garbageCollector.OperationLogGarbageCollector.moveAndRemoveRecordsFromLog(OperationLogGarbageCollector.java:69)
	at jetbrains.exodus.newLogConcept.garbageCollector.OperationLogGarbageCollector.clean(OperationLogGarbageCollector.java:51)
	at jetbrains.exodus.newLogConcept.MVCC.MVCCDataStructure.lambda$commitTransaction$1(MVCCDataStructure.java:297)
	at java.base/java.util.concurrent.Executors$RunnableAdapter.call(Executors.java:515)
	at java.base/java.util.concurrent.FutureTask.run(FutureTask.java:264)
	at java.base/java.util.concurrent.ThreadPoolExecutor.runWorker(ThreadPoolExecutor.java:1128)
	at java.base/java.util.concurrent.ThreadPoolExecutor$Worker.run(ThreadPoolExecutor.java:628)
	... 1 more
java.util.concurrent.ExecutionException: jetbrains.exodus.ExodusException
	at java.base/java.util.concurrent.FutureTask.report(FutureTask.java:122)
	at java.base/java.util.concurrent.FutureTask.get(FutureTask.java:191)
	at jetbrains.exodus.newLogConcept.MVCC.MVCCDataStructure.commitTransaction(MVCCDataStructure.java:299)
	at site.ycsb.db.XodusClient.insert(XodusClient.java:60)
	at site.ycsb.DBWrapper.insert(DBWrapper.java:227)
	at site.ycsb.workloads.CoreWorkload.doInsert(CoreWorkload.java:621)
	at site.ycsb.ClientThread.run(ClientThread.java:135)
	at java.base/java.lang.Thread.run(Thread.java:829)
Caused by: jetbrains.exodus.ExodusException
	at jetbrains.exodus.newLogConcept.garbageCollector.OperationLogGarbageCollector.moveAndRemoveRecordsFromLog(OperationLogGarbageCollector.java:69)
	at jetbrains.exodus.newLogConcept.garbageCollector.OperationLogGarbageCollector.clean(OperationLogGarbageCollector.java:51)
	at jetbrains.exodus.newLogConcept.MVCC.MVCCDataStructure.lambda$commitTransaction$1(MVCCDataStructure.java:297)
	at java.base/java.util.concurrent.Executors$RunnableAdapter.call(Executors.java:515)
	at java.base/java.util.concurrent.FutureTask.run(FutureTask.java:264)
	at java.base/java.util.concurrent.ThreadPoolExecutor.runWorker(ThreadPoolExecutor.java:1128)
	at java.base/java.util.concurrent.ThreadPoolExecutor$Worker.run(ThreadPoolExecutor.java:628)
	... 1 more
java.util.concurrent.ExecutionException: jetbrains.exodus.ExodusException
	at java.base/java.util.concurrent.FutureTask.report(FutureTask.java:122)
	at java.base/java.util.concurrent.FutureTask.get(FutureTask.java:191)
	at jetbrains.exodus.newLogConcept.MVCC.MVCCDataStructure.commitTransaction(MVCCDataStructure.java:299)
	at site.ycsb.db.XodusClient.insert(XodusClient.java:60)
	at site.ycsb.DBWrapper.insert(DBWrapper.java:227)
	at site.ycsb.workloads.CoreWorkload.doInsert(CoreWorkload.java:621)
	at site.ycsb.ClientThread.run(ClientThread.java:135)
	at java.base/java.lang.Thread.run(Thread.java:829)
Caused by: jetbrains.exodus.ExodusException
	at jetbrains.exodus.newLogConcept.garbageCollector.OperationLogGarbageCollector.moveAndRemoveRecordsFromLog(OperationLogGarbageCollector.java:69)
	at jetbrains.exodus.newLogConcept.garbageCollector.OperationLogGarbageCollector.clean(OperationLogGarbageCollector.java:51)
	at jetbrains.exodus.newLogConcept.MVCC.MVCCDataStructure.lambda$commitTransaction$1(MVCCDataStructure.java:297)
	at java.base/java.util.concurrent.Executors$RunnableAdapter.call(Executors.java:515)
	at java.base/java.util.concurrent.FutureTask.run(FutureTask.java:264)
	at java.base/java.util.concurrent.ThreadPoolExecutor.runWorker(ThreadPoolExecutor.java:1128)
	at java.base/java.util.concurrent.ThreadPoolExecutor$Worker.run(ThreadPoolExecutor.java:628)
	... 1 more
java.util.concurrent.ExecutionException: jetbrains.exodus.ExodusException
	at java.base/java.util.concurrent.FutureTask.report(FutureTask.java:122)
	at java.base/java.util.concurrent.FutureTask.get(FutureTask.java:191)
	at jetbrains.exodus.newLogConcept.MVCC.MVCCDataStructure.commitTransaction(MVCCDataStructure.java:299)
	at site.ycsb.db.XodusClient.insert(XodusClient.java:60)
	at site.ycsb.DBWrapper.insert(DBWrapper.java:227)
	at site.ycsb.workloads.CoreWorkload.doInsert(CoreWorkload.java:621)
	at site.ycsb.ClientThread.run(ClientThread.java:135)
	at java.base/java.lang.Thread.run(Thread.java:829)
Caused by: jetbrains.exodus.ExodusException
	at jetbrains.exodus.newLogConcept.garbageCollector.OperationLogGarbageCollector.moveAndRemoveRecordsFromLog(OperationLogGarbageCollector.java:69)
	at jetbrains.exodus.newLogConcept.garbageCollector.OperationLogGarbageCollector.clean(OperationLogGarbageCollector.java:51)
	at jetbrains.exodus.newLogConcept.MVCC.MVCCDataStructure.lambda$commitTransaction$1(MVCCDataStructure.java:297)
	at java.base/java.util.concurrent.Executors$RunnableAdapter.call(Executors.java:515)
	at java.base/java.util.concurrent.FutureTask.run(FutureTask.java:264)
	at java.base/java.util.concurrent.ThreadPoolExecutor.runWorker(ThreadPoolExecutor.java:1128)
	at java.base/java.util.concurrent.ThreadPoolExecutor$Worker.run(ThreadPoolExecutor.java:628)
	... 1 more
java.util.concurrent.ExecutionException: jetbrains.exodus.ExodusException
	at java.base/java.util.concurrent.FutureTask.report(FutureTask.java:122)
	at java.base/java.util.concurrent.FutureTask.get(FutureTask.java:191)
	at jetbrains.exodus.newLogConcept.MVCC.MVCCDataStructure.commitTransaction(MVCCDataStructure.java:299)
	at site.ycsb.db.XodusClient.insert(XodusClient.java:60)
	at site.ycsb.DBWrapper.insert(DBWrapper.java:227)
	at site.ycsb.workloads.CoreWorkload.doInsert(CoreWorkload.java:621)
	at site.ycsb.ClientThread.run(ClientThread.java:135)
	at java.base/java.lang.Thread.run(Thread.java:829)
Caused by: jetbrains.exodus.ExodusException
	at jetbrains.exodus.newLogConcept.garbageCollector.OperationLogGarbageCollector.moveAndRemoveRecordsFromLog(OperationLogGarbageCollector.java:69)
	at jetbrains.exodus.newLogConcept.garbageCollector.OperationLogGarbageCollector.clean(OperationLogGarbageCollector.java:51)
	at jetbrains.exodus.newLogConcept.MVCC.MVCCDataStructure.lambda$commitTransaction$1(MVCCDataStructure.java:297)
	at java.base/java.util.concurrent.Executors$RunnableAdapter.call(Executors.java:515)
	at java.base/java.util.concurrent.FutureTask.run(FutureTask.java:264)
	at java.base/java.util.concurrent.ThreadPoolExecutor.runWorker(ThreadPoolExecutor.java:1128)
	at java.base/java.util.concurrent.ThreadPoolExecutor$Worker.run(ThreadPoolExecutor.java:628)
	... 1 more
java.util.concurrent.ExecutionException: jetbrains.exodus.ExodusException
	at java.base/java.util.concurrent.FutureTask.report(FutureTask.java:122)
	at java.base/java.util.concurrent.FutureTask.get(FutureTask.java:191)
	at jetbrains.exodus.newLogConcept.MVCC.MVCCDataStructure.commitTransaction(MVCCDataStructure.java:299)
	at site.ycsb.db.XodusClient.insert(XodusClient.java:60)
	at site.ycsb.DBWrapper.insert(DBWrapper.java:227)
	at site.ycsb.workloads.CoreWorkload.doInsert(CoreWorkload.java:621)
	at site.ycsb.ClientThread.run(ClientThread.java:135)
	at java.base/java.lang.Thread.run(Thread.java:829)
Caused by: jetbrains.exodus.ExodusException
	at jetbrains.exodus.newLogConcept.garbageCollector.OperationLogGarbageCollector.moveAndRemoveRecordsFromLog(OperationLogGarbageCollector.java:69)
	at jetbrains.exodus.newLogConcept.garbageCollector.OperationLogGarbageCollector.clean(OperationLogGarbageCollector.java:51)
	at jetbrains.exodus.newLogConcept.MVCC.MVCCDataStructure.lambda$commitTransaction$1(MVCCDataStructure.java:297)
	at java.base/java.util.concurrent.Executors$RunnableAdapter.call(Executors.java:515)
	at java.base/java.util.concurrent.FutureTask.run(FutureTask.java:264)
	at java.base/java.util.concurrent.ThreadPoolExecutor.runWorker(ThreadPoolExecutor.java:1128)
	at java.base/java.util.concurrent.ThreadPoolExecutor$Worker.run(ThreadPoolExecutor.java:628)
	... 1 more
java.util.concurrent.ExecutionException: jetbrains.exodus.ExodusException
	at java.base/java.util.concurrent.FutureTask.report(FutureTask.java:122)
	at java.base/java.util.concurrent.FutureTask.get(FutureTask.java:191)
	at jetbrains.exodus.newLogConcept.MVCC.MVCCDataStructure.commitTransaction(MVCCDataStructure.java:299)
	at site.ycsb.db.XodusClient.insert(XodusClient.java:60)
	at site.ycsb.DBWrapper.insert(DBWrapper.java:227)
	at site.ycsb.workloads.CoreWorkload.doInsert(CoreWorkload.java:621)
	at site.ycsb.ClientThread.run(ClientThread.java:135)
	at java.base/java.lang.Thread.run(Thread.java:829)
Caused by: jetbrains.exodus.ExodusException
	at jetbrains.exodus.newLogConcept.garbageCollector.OperationLogGarbageCollector.moveAndRemoveRecordsFromLog(OperationLogGarbageCollector.java:69)
	at jetbrains.exodus.newLogConcept.garbageCollector.OperationLogGarbageCollector.clean(OperationLogGarbageCollector.java:51)
	at jetbrains.exodus.newLogConcept.MVCC.MVCCDataStructure.lambda$commitTransaction$1(MVCCDataStructure.java:297)
	at java.base/java.util.concurrent.Executors$RunnableAdapter.call(Executors.java:515)
	at java.base/java.util.concurrent.FutureTask.run(FutureTask.java:264)
	at java.base/java.util.concurrent.ThreadPoolExecutor.runWorker(ThreadPoolExecutor.java:1128)
	at java.base/java.util.concurrent.ThreadPoolExecutor$Worker.run(ThreadPoolExecutor.java:628)
	... 1 more
java.util.concurrent.ExecutionException: jetbrains.exodus.ExodusException
	at java.base/java.util.concurrent.FutureTask.report(FutureTask.java:122)
	at java.base/java.util.concurrent.FutureTask.get(FutureTask.java:191)
	at jetbrains.exodus.newLogConcept.MVCC.MVCCDataStructure.commitTransaction(MVCCDataStructure.java:299)
	at site.ycsb.db.XodusClient.insert(XodusClient.java:60)
	at site.ycsb.DBWrapper.insert(DBWrapper.java:227)
	at site.ycsb.workloads.CoreWorkload.doInsert(CoreWorkload.java:621)
	at site.ycsb.ClientThread.run(ClientThread.java:135)
	at java.base/java.lang.Thread.run(Thread.java:829)
Caused by: jetbrains.exodus.ExodusException
	at jetbrains.exodus.newLogConcept.garbageCollector.OperationLogGarbageCollector.moveAndRemoveRecordsFromLog(OperationLogGarbageCollector.java:69)
	at jetbrains.exodus.newLogConcept.garbageCollector.OperationLogGarbageCollector.clean(OperationLogGarbageCollector.java:51)
	at jetbrains.exodus.newLogConcept.MVCC.MVCCDataStructure.lambda$commitTransaction$1(MVCCDataStructure.java:297)
	at java.base/java.util.concurrent.Executors$RunnableAdapter.call(Executors.java:515)
	at java.base/java.util.concurrent.FutureTask.run(FutureTask.java:264)
	at java.base/java.util.concurrent.ThreadPoolExecutor.runWorker(ThreadPoolExecutor.java:1128)
	at java.base/java.util.concurrent.ThreadPoolExecutor$Worker.run(ThreadPoolExecutor.java:628)
	... 1 more
java.util.concurrent.ExecutionException: jetbrains.exodus.ExodusException
	at java.base/java.util.concurrent.FutureTask.report(FutureTask.java:122)
	at java.base/java.util.concurrent.FutureTask.get(FutureTask.java:191)
	at jetbrains.exodus.newLogConcept.MVCC.MVCCDataStructure.commitTransaction(MVCCDataStructure.java:299)
	at site.ycsb.db.XodusClient.insert(XodusClient.java:60)
	at site.ycsb.DBWrapper.insert(DBWrapper.java:227)
	at site.ycsb.workloads.CoreWorkload.doInsert(CoreWorkload.java:621)
	at site.ycsb.ClientThread.run(ClientThread.java:135)
	at java.base/java.lang.Thread.run(Thread.java:829)
Caused by: jetbrains.exodus.ExodusException
	at jetbrains.exodus.newLogConcept.garbageCollector.OperationLogGarbageCollector.moveAndRemoveRecordsFromLog(OperationLogGarbageCollector.java:69)
	at jetbrains.exodus.newLogConcept.garbageCollector.OperationLogGarbageCollector.clean(OperationLogGarbageCollector.java:51)
	at jetbrains.exodus.newLogConcept.MVCC.MVCCDataStructure.lambda$commitTransaction$1(MVCCDataStructure.java:297)
	at java.base/java.util.concurrent.Executors$RunnableAdapter.call(Executors.java:515)
	at java.base/java.util.concurrent.FutureTask.run(FutureTask.java:264)
	at java.base/java.util.concurrent.ThreadPoolExecutor.runWorker(ThreadPoolExecutor.java:1128)
	at java.base/java.util.concurrent.ThreadPoolExecutor$Worker.run(ThreadPoolExecutor.java:628)
	... 1 more
java.util.concurrent.ExecutionException: jetbrains.exodus.ExodusException
	at java.base/java.util.concurrent.FutureTask.report(FutureTask.java:122)
	at java.base/java.util.concurrent.FutureTask.get(FutureTask.java:191)
	at jetbrains.exodus.newLogConcept.MVCC.MVCCDataStructure.commitTransaction(MVCCDataStructure.java:299)
	at site.ycsb.db.XodusClient.insert(XodusClient.java:60)
	at site.ycsb.DBWrapper.insert(DBWrapper.java:227)
	at site.ycsb.workloads.CoreWorkload.doInsert(CoreWorkload.java:621)
	at site.ycsb.ClientThread.run(ClientThread.java:135)
	at java.base/java.lang.Thread.run(Thread.java:829)
Caused by: jetbrains.exodus.ExodusException
	at jetbrains.exodus.newLogConcept.garbageCollector.OperationLogGarbageCollector.moveAndRemoveRecordsFromLog(OperationLogGarbageCollector.java:69)
	at jetbrains.exodus.newLogConcept.garbageCollector.OperationLogGarbageCollector.clean(OperationLogGarbageCollector.java:51)
	at jetbrains.exodus.newLogConcept.MVCC.MVCCDataStructure.lambda$commitTransaction$1(MVCCDataStructure.java:297)
	at java.base/java.util.concurrent.Executors$RunnableAdapter.call(Executors.java:515)
	at java.base/java.util.concurrent.FutureTask.run(FutureTask.java:264)
	at java.base/java.util.concurrent.ThreadPoolExecutor.runWorker(ThreadPoolExecutor.java:1128)
	at java.base/java.util.concurrent.ThreadPoolExecutor$Worker.run(ThreadPoolExecutor.java:628)
	... 1 more
java.util.concurrent.ExecutionException: jetbrains.exodus.ExodusException
	at java.base/java.util.concurrent.FutureTask.report(FutureTask.java:122)
	at java.base/java.util.concurrent.FutureTask.get(FutureTask.java:191)
	at jetbrains.exodus.newLogConcept.MVCC.MVCCDataStructure.commitTransaction(MVCCDataStructure.java:299)
	at site.ycsb.db.XodusClient.insert(XodusClient.java:60)
	at site.ycsb.DBWrapper.insert(DBWrapper.java:227)
	at site.ycsb.workloads.CoreWorkload.doInsert(CoreWorkload.java:621)
	at site.ycsb.ClientThread.run(ClientThread.java:135)
	at java.base/java.lang.Thread.run(Thread.java:829)
Caused by: jetbrains.exodus.ExodusException
	at jetbrains.exodus.newLogConcept.garbageCollector.OperationLogGarbageCollector.moveAndRemoveRecordsFromLog(OperationLogGarbageCollector.java:69)
	at jetbrains.exodus.newLogConcept.garbageCollector.OperationLogGarbageCollector.clean(OperationLogGarbageCollector.java:51)
	at jetbrains.exodus.newLogConcept.MVCC.MVCCDataStructure.lambda$commitTransaction$1(MVCCDataStructure.java:297)
	at java.base/java.util.concurrent.Executors$RunnableAdapter.call(Executors.java:515)
	at java.base/java.util.concurrent.FutureTask.run(FutureTask.java:264)
	at java.base/java.util.concurrent.ThreadPoolExecutor.runWorker(ThreadPoolExecutor.java:1128)
	at java.base/java.util.concurrent.ThreadPoolExecutor$Worker.run(ThreadPoolExecutor.java:628)
	... 1 more
java.util.concurrent.ExecutionException: jetbrains.exodus.ExodusException
	at java.base/java.util.concurrent.FutureTask.report(FutureTask.java:122)
	at java.base/java.util.concurrent.FutureTask.get(FutureTask.java:191)
	at jetbrains.exodus.newLogConcept.MVCC.MVCCDataStructure.commitTransaction(MVCCDataStructure.java:299)
	at site.ycsb.db.XodusClient.insert(XodusClient.java:60)
	at site.ycsb.DBWrapper.insert(DBWrapper.java:227)
	at site.ycsb.workloads.CoreWorkload.doInsert(CoreWorkload.java:621)
	at site.ycsb.ClientThread.run(ClientThread.java:135)
	at java.base/java.lang.Thread.run(Thread.java:829)
Caused by: jetbrains.exodus.ExodusException
	at jetbrains.exodus.newLogConcept.garbageCollector.OperationLogGarbageCollector.moveAndRemoveRecordsFromLog(OperationLogGarbageCollector.java:69)
	at jetbrains.exodus.newLogConcept.garbageCollector.OperationLogGarbageCollector.clean(OperationLogGarbageCollector.java:51)
	at jetbrains.exodus.newLogConcept.MVCC.MVCCDataStructure.lambda$commitTransaction$1(MVCCDataStructure.java:297)
	at java.base/java.util.concurrent.Executors$RunnableAdapter.call(Executors.java:515)
	at java.base/java.util.concurrent.FutureTask.run(FutureTask.java:264)
	at java.base/java.util.concurrent.ThreadPoolExecutor.runWorker(ThreadPoolExecutor.java:1128)
	at java.base/java.util.concurrent.ThreadPoolExecutor$Worker.run(ThreadPoolExecutor.java:628)
	... 1 more
java.util.concurrent.ExecutionException: jetbrains.exodus.ExodusException
	at java.base/java.util.concurrent.FutureTask.report(FutureTask.java:122)
	at java.base/java.util.concurrent.FutureTask.get(FutureTask.java:191)
	at jetbrains.exodus.newLogConcept.MVCC.MVCCDataStructure.commitTransaction(MVCCDataStructure.java:299)
	at site.ycsb.db.XodusClient.insert(XodusClient.java:60)
	at site.ycsb.DBWrapper.insert(DBWrapper.java:227)
	at site.ycsb.workloads.CoreWorkload.doInsert(CoreWorkload.java:621)
	at site.ycsb.ClientThread.run(ClientThread.java:135)
	at java.base/java.lang.Thread.run(Thread.java:829)
Caused by: jetbrains.exodus.ExodusException
	at jetbrains.exodus.newLogConcept.garbageCollector.OperationLogGarbageCollector.moveAndRemoveRecordsFromLog(OperationLogGarbageCollector.java:69)
	at jetbrains.exodus.newLogConcept.garbageCollector.OperationLogGarbageCollector.clean(OperationLogGarbageCollector.java:51)
	at jetbrains.exodus.newLogConcept.MVCC.MVCCDataStructure.lambda$commitTransaction$1(MVCCDataStructure.java:297)
	at java.base/java.util.concurrent.Executors$RunnableAdapter.call(Executors.java:515)
	at java.base/java.util.concurrent.FutureTask.run(FutureTask.java:264)
	at java.base/java.util.concurrent.ThreadPoolExecutor.runWorker(ThreadPoolExecutor.java:1128)
	at java.base/java.util.concurrent.ThreadPoolExecutor$Worker.run(ThreadPoolExecutor.java:628)
	... 1 more
java.util.concurrent.ExecutionException: jetbrains.exodus.ExodusException
	at java.base/java.util.concurrent.FutureTask.report(FutureTask.java:122)
	at java.base/java.util.concurrent.FutureTask.get(FutureTask.java:191)
	at jetbrains.exodus.newLogConcept.MVCC.MVCCDataStructure.commitTransaction(MVCCDataStructure.java:299)
	at site.ycsb.db.XodusClient.insert(XodusClient.java:60)
	at site.ycsb.DBWrapper.insert(DBWrapper.java:227)
	at site.ycsb.workloads.CoreWorkload.doInsert(CoreWorkload.java:621)
	at site.ycsb.ClientThread.run(ClientThread.java:135)
	at java.base/java.lang.Thread.run(Thread.java:829)
Caused by: jetbrains.exodus.ExodusException
	at jetbrains.exodus.newLogConcept.garbageCollector.OperationLogGarbageCollector.moveAndRemoveRecordsFromLog(OperationLogGarbageCollector.java:69)
	at jetbrains.exodus.newLogConcept.garbageCollector.OperationLogGarbageCollector.clean(OperationLogGarbageCollector.java:51)
	at jetbrains.exodus.newLogConcept.MVCC.MVCCDataStructure.lambda$commitTransaction$1(MVCCDataStructure.java:297)
	at java.base/java.util.concurrent.Executors$RunnableAdapter.call(Executors.java:515)
	at java.base/java.util.concurrent.FutureTask.run(FutureTask.java:264)
	at java.base/java.util.concurrent.ThreadPoolExecutor.runWorker(ThreadPoolExecutor.java:1128)
	at java.base/java.util.concurrent.ThreadPoolExecutor$Worker.run(ThreadPoolExecutor.java:628)
	... 1 more
java.util.concurrent.ExecutionException: jetbrains.exodus.ExodusException
	at java.base/java.util.concurrent.FutureTask.report(FutureTask.java:122)
	at java.base/java.util.concurrent.FutureTask.get(FutureTask.java:191)
	at jetbrains.exodus.newLogConcept.MVCC.MVCCDataStructure.commitTransaction(MVCCDataStructure.java:299)
	at site.ycsb.db.XodusClient.insert(XodusClient.java:60)
	at site.ycsb.DBWrapper.insert(DBWrapper.java:227)
	at site.ycsb.workloads.CoreWorkload.doInsert(CoreWorkload.java:621)
	at site.ycsb.ClientThread.run(ClientThread.java:135)
	at java.base/java.lang.Thread.run(Thread.java:829)
Caused by: jetbrains.exodus.ExodusException
	at jetbrains.exodus.newLogConcept.garbageCollector.OperationLogGarbageCollector.moveAndRemoveRecordsFromLog(OperationLogGarbageCollector.java:69)
	at jetbrains.exodus.newLogConcept.garbageCollector.OperationLogGarbageCollector.clean(OperationLogGarbageCollector.java:51)
	at jetbrains.exodus.newLogConcept.MVCC.MVCCDataStructure.lambda$commitTransaction$1(MVCCDataStructure.java:297)
	at java.base/java.util.concurrent.Executors$RunnableAdapter.call(Executors.java:515)
	at java.base/java.util.concurrent.FutureTask.run(FutureTask.java:264)
	at java.base/java.util.concurrent.ThreadPoolExecutor.runWorker(ThreadPoolExecutor.java:1128)
	at java.base/java.util.concurrent.ThreadPoolExecutor$Worker.run(ThreadPoolExecutor.java:628)
	... 1 more
java.util.concurrent.ExecutionException: jetbrains.exodus.ExodusException
	at java.base/java.util.concurrent.FutureTask.report(FutureTask.java:122)
	at java.base/java.util.concurrent.FutureTask.get(FutureTask.java:191)
	at jetbrains.exodus.newLogConcept.MVCC.MVCCDataStructure.commitTransaction(MVCCDataStructure.java:299)
	at site.ycsb.db.XodusClient.insert(XodusClient.java:60)
	at site.ycsb.DBWrapper.insert(DBWrapper.java:227)
	at site.ycsb.workloads.CoreWorkload.doInsert(CoreWorkload.java:621)
	at site.ycsb.ClientThread.run(ClientThread.java:135)
	at java.base/java.lang.Thread.run(Thread.java:829)
Caused by: jetbrains.exodus.ExodusException
	at jetbrains.exodus.newLogConcept.garbageCollector.OperationLogGarbageCollector.moveAndRemoveRecordsFromLog(OperationLogGarbageCollector.java:69)
	at jetbrains.exodus.newLogConcept.garbageCollector.OperationLogGarbageCollector.clean(OperationLogGarbageCollector.java:51)
	at jetbrains.exodus.newLogConcept.MVCC.MVCCDataStructure.lambda$commitTransaction$1(MVCCDataStructure.java:297)
	at java.base/java.util.concurrent.Executors$RunnableAdapter.call(Executors.java:515)
	at java.base/java.util.concurrent.FutureTask.run(FutureTask.java:264)
	at java.base/java.util.concurrent.ThreadPoolExecutor.runWorker(ThreadPoolExecutor.java:1128)
	at java.base/java.util.concurrent.ThreadPoolExecutor$Worker.run(ThreadPoolExecutor.java:628)
	... 1 more
java.util.concurrent.ExecutionException: jetbrains.exodus.ExodusException
	at java.base/java.util.concurrent.FutureTask.report(FutureTask.java:122)
	at java.base/java.util.concurrent.FutureTask.get(FutureTask.java:191)
	at jetbrains.exodus.newLogConcept.MVCC.MVCCDataStructure.commitTransaction(MVCCDataStructure.java:299)
	at site.ycsb.db.XodusClient.insert(XodusClient.java:60)
	at site.ycsb.DBWrapper.insert(DBWrapper.java:227)
	at site.ycsb.workloads.CoreWorkload.doInsert(CoreWorkload.java:621)
	at site.ycsb.ClientThread.run(ClientThread.java:135)
	at java.base/java.lang.Thread.run(Thread.java:829)
Caused by: jetbrains.exodus.ExodusException
	at jetbrains.exodus.newLogConcept.garbageCollector.OperationLogGarbageCollector.moveAndRemoveRecordsFromLog(OperationLogGarbageCollector.java:69)
	at jetbrains.exodus.newLogConcept.garbageCollector.OperationLogGarbageCollector.clean(OperationLogGarbageCollector.java:51)
	at jetbrains.exodus.newLogConcept.MVCC.MVCCDataStructure.lambda$commitTransaction$1(MVCCDataStructure.java:297)
	at java.base/java.util.concurrent.Executors$RunnableAdapter.call(Executors.java:515)
	at java.base/java.util.concurrent.FutureTask.run(FutureTask.java:264)
	at java.base/java.util.concurrent.ThreadPoolExecutor.runWorker(ThreadPoolExecutor.java:1128)
	at java.base/java.util.concurrent.ThreadPoolExecutor$Worker.run(ThreadPoolExecutor.java:628)
	... 1 more
java.util.concurrent.ExecutionException: jetbrains.exodus.ExodusException
	at java.base/java.util.concurrent.FutureTask.report(FutureTask.java:122)
	at java.base/java.util.concurrent.FutureTask.get(FutureTask.java:191)
	at jetbrains.exodus.newLogConcept.MVCC.MVCCDataStructure.commitTransaction(MVCCDataStructure.java:299)
	at site.ycsb.db.XodusClient.insert(XodusClient.java:60)
	at site.ycsb.DBWrapper.insert(DBWrapper.java:227)
	at site.ycsb.workloads.CoreWorkload.doInsert(CoreWorkload.java:621)
	at site.ycsb.ClientThread.run(ClientThread.java:135)
	at java.base/java.lang.Thread.run(Thread.java:829)
Caused by: jetbrains.exodus.ExodusException
	at jetbrains.exodus.newLogConcept.garbageCollector.OperationLogGarbageCollector.moveAndRemoveRecordsFromLog(OperationLogGarbageCollector.java:69)
	at jetbrains.exodus.newLogConcept.garbageCollector.OperationLogGarbageCollector.clean(OperationLogGarbageCollector.java:51)
	at jetbrains.exodus.newLogConcept.MVCC.MVCCDataStructure.lambda$commitTransaction$1(MVCCDataStructure.java:297)
	at java.base/java.util.concurrent.Executors$RunnableAdapter.call(Executors.java:515)
	at java.base/java.util.concurrent.FutureTask.run(FutureTask.java:264)
	at java.base/java.util.concurrent.ThreadPoolExecutor.runWorker(ThreadPoolExecutor.java:1128)
	at java.base/java.util.concurrent.ThreadPoolExecutor$Worker.run(ThreadPoolExecutor.java:628)
	... 1 more
java.util.concurrent.ExecutionException: jetbrains.exodus.ExodusException
	at java.base/java.util.concurrent.FutureTask.report(FutureTask.java:122)
	at java.base/java.util.concurrent.FutureTask.get(FutureTask.java:191)
	at jetbrains.exodus.newLogConcept.MVCC.MVCCDataStructure.commitTransaction(MVCCDataStructure.java:299)
	at site.ycsb.db.XodusClient.insert(XodusClient.java:60)
	at site.ycsb.DBWrapper.insert(DBWrapper.java:227)
	at site.ycsb.workloads.CoreWorkload.doInsert(CoreWorkload.java:621)
	at site.ycsb.ClientThread.run(ClientThread.java:135)
	at java.base/java.lang.Thread.run(Thread.java:829)
Caused by: jetbrains.exodus.ExodusException
	at jetbrains.exodus.newLogConcept.garbageCollector.OperationLogGarbageCollector.moveAndRemoveRecordsFromLog(OperationLogGarbageCollector.java:69)
	at jetbrains.exodus.newLogConcept.garbageCollector.OperationLogGarbageCollector.clean(OperationLogGarbageCollector.java:51)
	at jetbrains.exodus.newLogConcept.MVCC.MVCCDataStructure.lambda$commitTransaction$1(MVCCDataStructure.java:297)
	at java.base/java.util.concurrent.Executors$RunnableAdapter.call(Executors.java:515)
	at java.base/java.util.concurrent.FutureTask.run(FutureTask.java:264)
	at java.base/java.util.concurrent.ThreadPoolExecutor.runWorker(ThreadPoolExecutor.java:1128)
	at java.base/java.util.concurrent.ThreadPoolExecutor$Worker.run(ThreadPoolExecutor.java:628)
	... 1 more
java.util.concurrent.ExecutionException: jetbrains.exodus.ExodusException
	at java.base/java.util.concurrent.FutureTask.report(FutureTask.java:122)
	at java.base/java.util.concurrent.FutureTask.get(FutureTask.java:191)
	at jetbrains.exodus.newLogConcept.MVCC.MVCCDataStructure.commitTransaction(MVCCDataStructure.java:299)
	at site.ycsb.db.XodusClient.insert(XodusClient.java:60)
	at site.ycsb.DBWrapper.insert(DBWrapper.java:227)
	at site.ycsb.workloads.CoreWorkload.doInsert(CoreWorkload.java:621)
	at site.ycsb.ClientThread.run(ClientThread.java:135)
	at java.base/java.lang.Thread.run(Thread.java:829)
Caused by: jetbrains.exodus.ExodusException
	at jetbrains.exodus.newLogConcept.garbageCollector.OperationLogGarbageCollector.moveAndRemoveRecordsFromLog(OperationLogGarbageCollector.java:69)
	at jetbrains.exodus.newLogConcept.garbageCollector.OperationLogGarbageCollector.clean(OperationLogGarbageCollector.java:51)
	at jetbrains.exodus.newLogConcept.MVCC.MVCCDataStructure.lambda$commitTransaction$1(MVCCDataStructure.java:297)
	at java.base/java.util.concurrent.Executors$RunnableAdapter.call(Executors.java:515)
	at java.base/java.util.concurrent.FutureTask.run(FutureTask.java:264)
	at java.base/java.util.concurrent.ThreadPoolExecutor.runWorker(ThreadPoolExecutor.java:1128)
	at java.base/java.util.concurrent.ThreadPoolExecutor$Worker.run(ThreadPoolExecutor.java:628)
	... 1 more
java.util.concurrent.ExecutionException: jetbrains.exodus.ExodusException
	at java.base/java.util.concurrent.FutureTask.report(FutureTask.java:122)
	at java.base/java.util.concurrent.FutureTask.get(FutureTask.java:191)
	at jetbrains.exodus.newLogConcept.MVCC.MVCCDataStructure.commitTransaction(MVCCDataStructure.java:299)
	at site.ycsb.db.XodusClient.insert(XodusClient.java:60)
	at site.ycsb.DBWrapper.insert(DBWrapper.java:227)
	at site.ycsb.workloads.CoreWorkload.doInsert(CoreWorkload.java:621)
	at site.ycsb.ClientThread.run(ClientThread.java:135)
	at java.base/java.lang.Thread.run(Thread.java:829)
Caused by: jetbrains.exodus.ExodusException
	at jetbrains.exodus.newLogConcept.garbageCollector.OperationLogGarbageCollector.moveAndRemoveRecordsFromLog(OperationLogGarbageCollector.java:69)
	at jetbrains.exodus.newLogConcept.garbageCollector.OperationLogGarbageCollector.clean(OperationLogGarbageCollector.java:51)
	at jetbrains.exodus.newLogConcept.MVCC.MVCCDataStructure.lambda$commitTransaction$1(MVCCDataStructure.java:297)
	at java.base/java.util.concurrent.Executors$RunnableAdapter.call(Executors.java:515)
	at java.base/java.util.concurrent.FutureTask.run(FutureTask.java:264)
	at java.base/java.util.concurrent.ThreadPoolExecutor.runWorker(ThreadPoolExecutor.java:1128)
	at java.base/java.util.concurrent.ThreadPoolExecutor$Worker.run(ThreadPoolExecutor.java:628)
	... 1 more
java.util.concurrent.ExecutionException: jetbrains.exodus.ExodusException
	at java.base/java.util.concurrent.FutureTask.report(FutureTask.java:122)
	at java.base/java.util.concurrent.FutureTask.get(FutureTask.java:191)
	at jetbrains.exodus.newLogConcept.MVCC.MVCCDataStructure.commitTransaction(MVCCDataStructure.java:299)
	at site.ycsb.db.XodusClient.insert(XodusClient.java:60)
	at site.ycsb.DBWrapper.insert(DBWrapper.java:227)
	at site.ycsb.workloads.CoreWorkload.doInsert(CoreWorkload.java:621)
	at site.ycsb.ClientThread.run(ClientThread.java:135)
	at java.base/java.lang.Thread.run(Thread.java:829)
Caused by: jetbrains.exodus.ExodusException
	at jetbrains.exodus.newLogConcept.garbageCollector.OperationLogGarbageCollector.moveAndRemoveRecordsFromLog(OperationLogGarbageCollector.java:69)
	at jetbrains.exodus.newLogConcept.garbageCollector.OperationLogGarbageCollector.clean(OperationLogGarbageCollector.java:51)
	at jetbrains.exodus.newLogConcept.MVCC.MVCCDataStructure.lambda$commitTransaction$1(MVCCDataStructure.java:297)
	at java.base/java.util.concurrent.Executors$RunnableAdapter.call(Executors.java:515)
	at java.base/java.util.concurrent.FutureTask.run(FutureTask.java:264)
	at java.base/java.util.concurrent.ThreadPoolExecutor.runWorker(ThreadPoolExecutor.java:1128)
	at java.base/java.util.concurrent.ThreadPoolExecutor$Worker.run(ThreadPoolExecutor.java:628)
	... 1 more
java.util.concurrent.ExecutionException: jetbrains.exodus.ExodusException
	at java.base/java.util.concurrent.FutureTask.report(FutureTask.java:122)
	at java.base/java.util.concurrent.FutureTask.get(FutureTask.java:191)
	at jetbrains.exodus.newLogConcept.MVCC.MVCCDataStructure.commitTransaction(MVCCDataStructure.java:299)
	at site.ycsb.db.XodusClient.insert(XodusClient.java:60)
	at site.ycsb.DBWrapper.insert(DBWrapper.java:227)
	at site.ycsb.workloads.CoreWorkload.doInsert(CoreWorkload.java:621)
	at site.ycsb.ClientThread.run(ClientThread.java:135)
	at java.base/java.lang.Thread.run(Thread.java:829)
Caused by: jetbrains.exodus.ExodusException
	at jetbrains.exodus.newLogConcept.garbageCollector.OperationLogGarbageCollector.moveAndRemoveRecordsFromLog(OperationLogGarbageCollector.java:69)
	at jetbrains.exodus.newLogConcept.garbageCollector.OperationLogGarbageCollector.clean(OperationLogGarbageCollector.java:51)
	at jetbrains.exodus.newLogConcept.MVCC.MVCCDataStructure.lambda$commitTransaction$1(MVCCDataStructure.java:297)
	at java.base/java.util.concurrent.Executors$RunnableAdapter.call(Executors.java:515)
	at java.base/java.util.concurrent.FutureTask.run(FutureTask.java:264)
	at java.base/java.util.concurrent.ThreadPoolExecutor.runWorker(ThreadPoolExecutor.java:1128)
	at java.base/java.util.concurrent.ThreadPoolExecutor$Worker.run(ThreadPoolExecutor.java:628)
	... 1 more
java.util.concurrent.ExecutionException: jetbrains.exodus.ExodusException
	at java.base/java.util.concurrent.FutureTask.report(FutureTask.java:122)
	at java.base/java.util.concurrent.FutureTask.get(FutureTask.java:191)
	at jetbrains.exodus.newLogConcept.MVCC.MVCCDataStructure.commitTransaction(MVCCDataStructure.java:299)
	at site.ycsb.db.XodusClient.insert(XodusClient.java:60)
	at site.ycsb.DBWrapper.insert(DBWrapper.java:227)
	at site.ycsb.workloads.CoreWorkload.doInsert(CoreWorkload.java:621)
	at site.ycsb.ClientThread.run(ClientThread.java:135)
	at java.base/java.lang.Thread.run(Thread.java:829)
Caused by: jetbrains.exodus.ExodusException
	at jetbrains.exodus.newLogConcept.garbageCollector.OperationLogGarbageCollector.moveAndRemoveRecordsFromLog(OperationLogGarbageCollector.java:69)
	at jetbrains.exodus.newLogConcept.garbageCollector.OperationLogGarbageCollector.clean(OperationLogGarbageCollector.java:51)
	at jetbrains.exodus.newLogConcept.MVCC.MVCCDataStructure.lambda$commitTransaction$1(MVCCDataStructure.java:297)
	at java.base/java.util.concurrent.Executors$RunnableAdapter.call(Executors.java:515)
	at java.base/java.util.concurrent.FutureTask.run(FutureTask.java:264)
	at java.base/java.util.concurrent.ThreadPoolExecutor.runWorker(ThreadPoolExecutor.java:1128)
	at java.base/java.util.concurrent.ThreadPoolExecutor$Worker.run(ThreadPoolExecutor.java:628)
	... 1 more
java.util.concurrent.ExecutionException: jetbrains.exodus.ExodusException
	at java.base/java.util.concurrent.FutureTask.report(FutureTask.java:122)
	at java.base/java.util.concurrent.FutureTask.get(FutureTask.java:191)
	at jetbrains.exodus.newLogConcept.MVCC.MVCCDataStructure.commitTransaction(MVCCDataStructure.java:299)
	at site.ycsb.db.XodusClient.insert(XodusClient.java:60)
	at site.ycsb.DBWrapper.insert(DBWrapper.java:227)
	at site.ycsb.workloads.CoreWorkload.doInsert(CoreWorkload.java:621)
	at site.ycsb.ClientThread.run(ClientThread.java:135)
	at java.base/java.lang.Thread.run(Thread.java:829)
Caused by: jetbrains.exodus.ExodusException
	at jetbrains.exodus.newLogConcept.garbageCollector.OperationLogGarbageCollector.moveAndRemoveRecordsFromLog(OperationLogGarbageCollector.java:69)
	at jetbrains.exodus.newLogConcept.garbageCollector.OperationLogGarbageCollector.clean(OperationLogGarbageCollector.java:51)
	at jetbrains.exodus.newLogConcept.MVCC.MVCCDataStructure.lambda$commitTransaction$1(MVCCDataStructure.java:297)
	at java.base/java.util.concurrent.Executors$RunnableAdapter.call(Executors.java:515)
	at java.base/java.util.concurrent.FutureTask.run(FutureTask.java:264)
	at java.base/java.util.concurrent.ThreadPoolExecutor.runWorker(ThreadPoolExecutor.java:1128)
	at java.base/java.util.concurrent.ThreadPoolExecutor$Worker.run(ThreadPoolExecutor.java:628)
	... 1 more
java.util.concurrent.ExecutionException: jetbrains.exodus.ExodusException
	at java.base/java.util.concurrent.FutureTask.report(FutureTask.java:122)
	at java.base/java.util.concurrent.FutureTask.get(FutureTask.java:191)
	at jetbrains.exodus.newLogConcept.MVCC.MVCCDataStructure.commitTransaction(MVCCDataStructure.java:299)
	at site.ycsb.db.XodusClient.insert(XodusClient.java:60)
	at site.ycsb.DBWrapper.insert(DBWrapper.java:227)
	at site.ycsb.workloads.CoreWorkload.doInsert(CoreWorkload.java:621)
	at site.ycsb.ClientThread.run(ClientThread.java:135)
	at java.base/java.lang.Thread.run(Thread.java:829)
Caused by: jetbrains.exodus.ExodusException
	at jetbrains.exodus.newLogConcept.garbageCollector.OperationLogGarbageCollector.moveAndRemoveRecordsFromLog(OperationLogGarbageCollector.java:69)
	at jetbrains.exodus.newLogConcept.garbageCollector.OperationLogGarbageCollector.clean(OperationLogGarbageCollector.java:51)
	at jetbrains.exodus.newLogConcept.MVCC.MVCCDataStructure.lambda$commitTransaction$1(MVCCDataStructure.java:297)
	at java.base/java.util.concurrent.Executors$RunnableAdapter.call(Executors.java:515)
	at java.base/java.util.concurrent.FutureTask.run(FutureTask.java:264)
	at java.base/java.util.concurrent.ThreadPoolExecutor.runWorker(ThreadPoolExecutor.java:1128)
	at java.base/java.util.concurrent.ThreadPoolExecutor$Worker.run(ThreadPoolExecutor.java:628)
	... 1 more
java.util.concurrent.ExecutionException: jetbrains.exodus.ExodusException
	at java.base/java.util.concurrent.FutureTask.report(FutureTask.java:122)
	at java.base/java.util.concurrent.FutureTask.get(FutureTask.java:191)
	at jetbrains.exodus.newLogConcept.MVCC.MVCCDataStructure.commitTransaction(MVCCDataStructure.java:299)
	at site.ycsb.db.XodusClient.insert(XodusClient.java:60)
	at site.ycsb.DBWrapper.insert(DBWrapper.java:227)
	at site.ycsb.workloads.CoreWorkload.doInsert(CoreWorkload.java:621)
	at site.ycsb.ClientThread.run(ClientThread.java:135)
	at java.base/java.lang.Thread.run(Thread.java:829)
Caused by: jetbrains.exodus.ExodusException
	at jetbrains.exodus.newLogConcept.garbageCollector.OperationLogGarbageCollector.moveAndRemoveRecordsFromLog(OperationLogGarbageCollector.java:69)
	at jetbrains.exodus.newLogConcept.garbageCollector.OperationLogGarbageCollector.clean(OperationLogGarbageCollector.java:51)
	at jetbrains.exodus.newLogConcept.MVCC.MVCCDataStructure.lambda$commitTransaction$1(MVCCDataStructure.java:297)
	at java.base/java.util.concurrent.Executors$RunnableAdapter.call(Executors.java:515)
	at java.base/java.util.concurrent.FutureTask.run(FutureTask.java:264)
	at java.base/java.util.concurrent.ThreadPoolExecutor.runWorker(ThreadPoolExecutor.java:1128)
	at java.base/java.util.concurrent.ThreadPoolExecutor$Worker.run(ThreadPoolExecutor.java:628)
	... 1 more
java.util.concurrent.ExecutionException: jetbrains.exodus.ExodusException
	at java.base/java.util.concurrent.FutureTask.report(FutureTask.java:122)
	at java.base/java.util.concurrent.FutureTask.get(FutureTask.java:191)
	at jetbrains.exodus.newLogConcept.MVCC.MVCCDataStructure.commitTransaction(MVCCDataStructure.java:299)
	at site.ycsb.db.XodusClient.insert(XodusClient.java:60)
	at site.ycsb.DBWrapper.insert(DBWrapper.java:227)
	at site.ycsb.workloads.CoreWorkload.doInsert(CoreWorkload.java:621)
	at site.ycsb.ClientThread.run(ClientThread.java:135)
	at java.base/java.lang.Thread.run(Thread.java:829)
Caused by: jetbrains.exodus.ExodusException
	at jetbrains.exodus.newLogConcept.garbageCollector.OperationLogGarbageCollector.moveAndRemoveRecordsFromLog(OperationLogGarbageCollector.java:69)
	at jetbrains.exodus.newLogConcept.garbageCollector.OperationLogGarbageCollector.clean(OperationLogGarbageCollector.java:51)
	at jetbrains.exodus.newLogConcept.MVCC.MVCCDataStructure.lambda$commitTransaction$1(MVCCDataStructure.java:297)
	at java.base/java.util.concurrent.Executors$RunnableAdapter.call(Executors.java:515)
	at java.base/java.util.concurrent.FutureTask.run(FutureTask.java:264)
	at java.base/java.util.concurrent.ThreadPoolExecutor.runWorker(ThreadPoolExecutor.java:1128)
	at java.base/java.util.concurrent.ThreadPoolExecutor$Worker.run(ThreadPoolExecutor.java:628)
	... 1 more
java.util.concurrent.ExecutionException: jetbrains.exodus.ExodusException
	at java.base/java.util.concurrent.FutureTask.report(FutureTask.java:122)
	at java.base/java.util.concurrent.FutureTask.get(FutureTask.java:191)
	at jetbrains.exodus.newLogConcept.MVCC.MVCCDataStructure.commitTransaction(MVCCDataStructure.java:299)
	at site.ycsb.db.XodusClient.insert(XodusClient.java:60)
	at site.ycsb.DBWrapper.insert(DBWrapper.java:227)
	at site.ycsb.workloads.CoreWorkload.doInsert(CoreWorkload.java:621)
	at site.ycsb.ClientThread.run(ClientThread.java:135)
	at java.base/java.lang.Thread.run(Thread.java:829)
Caused by: jetbrains.exodus.ExodusException
	at jetbrains.exodus.newLogConcept.garbageCollector.OperationLogGarbageCollector.moveAndRemoveRecordsFromLog(OperationLogGarbageCollector.java:69)
	at jetbrains.exodus.newLogConcept.garbageCollector.OperationLogGarbageCollector.clean(OperationLogGarbageCollector.java:51)
	at jetbrains.exodus.newLogConcept.MVCC.MVCCDataStructure.lambda$commitTransaction$1(MVCCDataStructure.java:297)
	at java.base/java.util.concurrent.Executors$RunnableAdapter.call(Executors.java:515)
	at java.base/java.util.concurrent.FutureTask.run(FutureTask.java:264)
	at java.base/java.util.concurrent.ThreadPoolExecutor.runWorker(ThreadPoolExecutor.java:1128)
	at java.base/java.util.concurrent.ThreadPoolExecutor$Worker.run(ThreadPoolExecutor.java:628)
	... 1 more
java.util.concurrent.ExecutionException: jetbrains.exodus.ExodusException
	at java.base/java.util.concurrent.FutureTask.report(FutureTask.java:122)
	at java.base/java.util.concurrent.FutureTask.get(FutureTask.java:191)
	at jetbrains.exodus.newLogConcept.MVCC.MVCCDataStructure.commitTransaction(MVCCDataStructure.java:299)
	at site.ycsb.db.XodusClient.insert(XodusClient.java:60)
	at site.ycsb.DBWrapper.insert(DBWrapper.java:227)
	at site.ycsb.workloads.CoreWorkload.doInsert(CoreWorkload.java:621)
	at site.ycsb.ClientThread.run(ClientThread.java:135)
	at java.base/java.lang.Thread.run(Thread.java:829)
Caused by: jetbrains.exodus.ExodusException
	at jetbrains.exodus.newLogConcept.garbageCollector.OperationLogGarbageCollector.moveAndRemoveRecordsFromLog(OperationLogGarbageCollector.java:69)
	at jetbrains.exodus.newLogConcept.garbageCollector.OperationLogGarbageCollector.clean(OperationLogGarbageCollector.java:51)
	at jetbrains.exodus.newLogConcept.MVCC.MVCCDataStructure.lambda$commitTransaction$1(MVCCDataStructure.java:297)
	at java.base/java.util.concurrent.Executors$RunnableAdapter.call(Executors.java:515)
	at java.base/java.util.concurrent.FutureTask.run(FutureTask.java:264)
	at java.base/java.util.concurrent.ThreadPoolExecutor.runWorker(ThreadPoolExecutor.java:1128)
	at java.base/java.util.concurrent.ThreadPoolExecutor$Worker.run(ThreadPoolExecutor.java:628)
	... 1 more
java.util.concurrent.ExecutionException: jetbrains.exodus.ExodusException
	at java.base/java.util.concurrent.FutureTask.report(FutureTask.java:122)
	at java.base/java.util.concurrent.FutureTask.get(FutureTask.java:191)
	at jetbrains.exodus.newLogConcept.MVCC.MVCCDataStructure.commitTransaction(MVCCDataStructure.java:299)
	at site.ycsb.db.XodusClient.insert(XodusClient.java:60)
	at site.ycsb.DBWrapper.insert(DBWrapper.java:227)
	at site.ycsb.workloads.CoreWorkload.doInsert(CoreWorkload.java:621)
	at site.ycsb.ClientThread.run(ClientThread.java:135)
	at java.base/java.lang.Thread.run(Thread.java:829)
Caused by: jetbrains.exodus.ExodusException
	at jetbrains.exodus.newLogConcept.garbageCollector.OperationLogGarbageCollector.moveAndRemoveRecordsFromLog(OperationLogGarbageCollector.java:69)
	at jetbrains.exodus.newLogConcept.garbageCollector.OperationLogGarbageCollector.clean(OperationLogGarbageCollector.java:51)
	at jetbrains.exodus.newLogConcept.MVCC.MVCCDataStructure.lambda$commitTransaction$1(MVCCDataStructure.java:297)
	at java.base/java.util.concurrent.Executors$RunnableAdapter.call(Executors.java:515)
	at java.base/java.util.concurrent.FutureTask.run(FutureTask.java:264)
	at java.base/java.util.concurrent.ThreadPoolExecutor.runWorker(ThreadPoolExecutor.java:1128)
	at java.base/java.util.concurrent.ThreadPoolExecutor$Worker.run(ThreadPoolExecutor.java:628)
	... 1 more
java.util.concurrent.ExecutionException: jetbrains.exodus.ExodusException
	at java.base/java.util.concurrent.FutureTask.report(FutureTask.java:122)
	at java.base/java.util.concurrent.FutureTask.get(FutureTask.java:191)
	at jetbrains.exodus.newLogConcept.MVCC.MVCCDataStructure.commitTransaction(MVCCDataStructure.java:299)
	at site.ycsb.db.XodusClient.insert(XodusClient.java:60)
	at site.ycsb.DBWrapper.insert(DBWrapper.java:227)
	at site.ycsb.workloads.CoreWorkload.doInsert(CoreWorkload.java:621)
	at site.ycsb.ClientThread.run(ClientThread.java:135)
	at java.base/java.lang.Thread.run(Thread.java:829)
Caused by: jetbrains.exodus.ExodusException
	at jetbrains.exodus.newLogConcept.garbageCollector.OperationLogGarbageCollector.moveAndRemoveRecordsFromLog(OperationLogGarbageCollector.java:69)
	at jetbrains.exodus.newLogConcept.garbageCollector.OperationLogGarbageCollector.clean(OperationLogGarbageCollector.java:51)
	at jetbrains.exodus.newLogConcept.MVCC.MVCCDataStructure.lambda$commitTransaction$1(MVCCDataStructure.java:297)
	at java.base/java.util.concurrent.Executors$RunnableAdapter.call(Executors.java:515)
	at java.base/java.util.concurrent.FutureTask.run(FutureTask.java:264)
	at java.base/java.util.concurrent.ThreadPoolExecutor.runWorker(ThreadPoolExecutor.java:1128)
	at java.base/java.util.concurrent.ThreadPoolExecutor$Worker.run(ThreadPoolExecutor.java:628)
	... 1 more
java.util.concurrent.ExecutionException: jetbrains.exodus.ExodusException
	at java.base/java.util.concurrent.FutureTask.report(FutureTask.java:122)
	at java.base/java.util.concurrent.FutureTask.get(FutureTask.java:191)
	at jetbrains.exodus.newLogConcept.MVCC.MVCCDataStructure.commitTransaction(MVCCDataStructure.java:299)
	at site.ycsb.db.XodusClient.insert(XodusClient.java:60)
	at site.ycsb.DBWrapper.insert(DBWrapper.java:227)
	at site.ycsb.workloads.CoreWorkload.doInsert(CoreWorkload.java:621)
	at site.ycsb.ClientThread.run(ClientThread.java:135)
	at java.base/java.lang.Thread.run(Thread.java:829)
Caused by: jetbrains.exodus.ExodusException
	at jetbrains.exodus.newLogConcept.garbageCollector.OperationLogGarbageCollector.moveAndRemoveRecordsFromLog(OperationLogGarbageCollector.java:69)
	at jetbrains.exodus.newLogConcept.garbageCollector.OperationLogGarbageCollector.clean(OperationLogGarbageCollector.java:51)
	at jetbrains.exodus.newLogConcept.MVCC.MVCCDataStructure.lambda$commitTransaction$1(MVCCDataStructure.java:297)
	at java.base/java.util.concurrent.Executors$RunnableAdapter.call(Executors.java:515)
	at java.base/java.util.concurrent.FutureTask.run(FutureTask.java:264)
	at java.base/java.util.concurrent.ThreadPoolExecutor.runWorker(ThreadPoolExecutor.java:1128)
	at java.base/java.util.concurrent.ThreadPoolExecutor$Worker.run(ThreadPoolExecutor.java:628)
	... 1 more
java.util.concurrent.ExecutionException: jetbrains.exodus.ExodusException
	at java.base/java.util.concurrent.FutureTask.report(FutureTask.java:122)
	at java.base/java.util.concurrent.FutureTask.get(FutureTask.java:191)
	at jetbrains.exodus.newLogConcept.MVCC.MVCCDataStructure.commitTransaction(MVCCDataStructure.java:299)
	at site.ycsb.db.XodusClient.insert(XodusClient.java:60)
	at site.ycsb.DBWrapper.insert(DBWrapper.java:227)
	at site.ycsb.workloads.CoreWorkload.doInsert(CoreWorkload.java:621)
	at site.ycsb.ClientThread.run(ClientThread.java:135)
	at java.base/java.lang.Thread.run(Thread.java:829)
Caused by: jetbrains.exodus.ExodusException
	at jetbrains.exodus.newLogConcept.garbageCollector.OperationLogGarbageCollector.moveAndRemoveRecordsFromLog(OperationLogGarbageCollector.java:69)
	at jetbrains.exodus.newLogConcept.garbageCollector.OperationLogGarbageCollector.clean(OperationLogGarbageCollector.java:51)
	at jetbrains.exodus.newLogConcept.MVCC.MVCCDataStructure.lambda$commitTransaction$1(MVCCDataStructure.java:297)
	at java.base/java.util.concurrent.Executors$RunnableAdapter.call(Executors.java:515)
	at java.base/java.util.concurrent.FutureTask.run(FutureTask.java:264)
	at java.base/java.util.concurrent.ThreadPoolExecutor.runWorker(ThreadPoolExecutor.java:1128)
	at java.base/java.util.concurrent.ThreadPoolExecutor$Worker.run(ThreadPoolExecutor.java:628)
	... 1 more
java.util.concurrent.ExecutionException: jetbrains.exodus.ExodusException
	at java.base/java.util.concurrent.FutureTask.report(FutureTask.java:122)
	at java.base/java.util.concurrent.FutureTask.get(FutureTask.java:191)
	at jetbrains.exodus.newLogConcept.MVCC.MVCCDataStructure.commitTransaction(MVCCDataStructure.java:299)
	at site.ycsb.db.XodusClient.insert(XodusClient.java:60)
	at site.ycsb.DBWrapper.insert(DBWrapper.java:227)
	at site.ycsb.workloads.CoreWorkload.doInsert(CoreWorkload.java:621)
	at site.ycsb.ClientThread.run(ClientThread.java:135)
	at java.base/java.lang.Thread.run(Thread.java:829)
Caused by: jetbrains.exodus.ExodusException
	at jetbrains.exodus.newLogConcept.garbageCollector.OperationLogGarbageCollector.moveAndRemoveRecordsFromLog(OperationLogGarbageCollector.java:69)
	at jetbrains.exodus.newLogConcept.garbageCollector.OperationLogGarbageCollector.clean(OperationLogGarbageCollector.java:51)
	at jetbrains.exodus.newLogConcept.MVCC.MVCCDataStructure.lambda$commitTransaction$1(MVCCDataStructure.java:297)
	at java.base/java.util.concurrent.Executors$RunnableAdapter.call(Executors.java:515)
	at java.base/java.util.concurrent.FutureTask.run(FutureTask.java:264)
	at java.base/java.util.concurrent.ThreadPoolExecutor.runWorker(ThreadPoolExecutor.java:1128)
	at java.base/java.util.concurrent.ThreadPoolExecutor$Worker.run(ThreadPoolExecutor.java:628)
	... 1 more
java.util.concurrent.ExecutionException: jetbrains.exodus.ExodusException
	at java.base/java.util.concurrent.FutureTask.report(FutureTask.java:122)
	at java.base/java.util.concurrent.FutureTask.get(FutureTask.java:191)
	at jetbrains.exodus.newLogConcept.MVCC.MVCCDataStructure.commitTransaction(MVCCDataStructure.java:299)
	at site.ycsb.db.XodusClient.insert(XodusClient.java:60)
	at site.ycsb.DBWrapper.insert(DBWrapper.java:227)
	at site.ycsb.workloads.CoreWorkload.doInsert(CoreWorkload.java:621)
	at site.ycsb.ClientThread.run(ClientThread.java:135)
	at java.base/java.lang.Thread.run(Thread.java:829)
Caused by: jetbrains.exodus.ExodusException
	at jetbrains.exodus.newLogConcept.garbageCollector.OperationLogGarbageCollector.moveAndRemoveRecordsFromLog(OperationLogGarbageCollector.java:69)
	at jetbrains.exodus.newLogConcept.garbageCollector.OperationLogGarbageCollector.clean(OperationLogGarbageCollector.java:51)
	at jetbrains.exodus.newLogConcept.MVCC.MVCCDataStructure.lambda$commitTransaction$1(MVCCDataStructure.java:297)
	at java.base/java.util.concurrent.Executors$RunnableAdapter.call(Executors.java:515)
	at java.base/java.util.concurrent.FutureTask.run(FutureTask.java:264)
	at java.base/java.util.concurrent.ThreadPoolExecutor.runWorker(ThreadPoolExecutor.java:1128)
	at java.base/java.util.concurrent.ThreadPoolExecutor$Worker.run(ThreadPoolExecutor.java:628)
	... 1 more
java.util.concurrent.ExecutionException: jetbrains.exodus.ExodusException
	at java.base/java.util.concurrent.FutureTask.report(FutureTask.java:122)
	at java.base/java.util.concurrent.FutureTask.get(FutureTask.java:191)
	at jetbrains.exodus.newLogConcept.MVCC.MVCCDataStructure.commitTransaction(MVCCDataStructure.java:299)
	at site.ycsb.db.XodusClient.insert(XodusClient.java:60)
	at site.ycsb.DBWrapper.insert(DBWrapper.java:227)
	at site.ycsb.workloads.CoreWorkload.doInsert(CoreWorkload.java:621)
	at site.ycsb.ClientThread.run(ClientThread.java:135)
	at java.base/java.lang.Thread.run(Thread.java:829)
Caused by: jetbrains.exodus.ExodusException
	at jetbrains.exodus.newLogConcept.garbageCollector.OperationLogGarbageCollector.moveAndRemoveRecordsFromLog(OperationLogGarbageCollector.java:69)
	at jetbrains.exodus.newLogConcept.garbageCollector.OperationLogGarbageCollector.clean(OperationLogGarbageCollector.java:51)
	at jetbrains.exodus.newLogConcept.MVCC.MVCCDataStructure.lambda$commitTransaction$1(MVCCDataStructure.java:297)
	at java.base/java.util.concurrent.Executors$RunnableAdapter.call(Executors.java:515)
	at java.base/java.util.concurrent.FutureTask.run(FutureTask.java:264)
	at java.base/java.util.concurrent.ThreadPoolExecutor.runWorker(ThreadPoolExecutor.java:1128)
	at java.base/java.util.concurrent.ThreadPoolExecutor$Worker.run(ThreadPoolExecutor.java:628)
	... 1 more
java.util.concurrent.ExecutionException: jetbrains.exodus.ExodusException
	at java.base/java.util.concurrent.FutureTask.report(FutureTask.java:122)
	at java.base/java.util.concurrent.FutureTask.get(FutureTask.java:191)
	at jetbrains.exodus.newLogConcept.MVCC.MVCCDataStructure.commitTransaction(MVCCDataStructure.java:299)
	at site.ycsb.db.XodusClient.insert(XodusClient.java:60)
	at site.ycsb.DBWrapper.insert(DBWrapper.java:227)
	at site.ycsb.workloads.CoreWorkload.doInsert(CoreWorkload.java:621)
	at site.ycsb.ClientThread.run(ClientThread.java:135)
	at java.base/java.lang.Thread.run(Thread.java:829)
Caused by: jetbrains.exodus.ExodusException
	at jetbrains.exodus.newLogConcept.garbageCollector.OperationLogGarbageCollector.moveAndRemoveRecordsFromLog(OperationLogGarbageCollector.java:69)
	at jetbrains.exodus.newLogConcept.garbageCollector.OperationLogGarbageCollector.clean(OperationLogGarbageCollector.java:51)
	at jetbrains.exodus.newLogConcept.MVCC.MVCCDataStructure.lambda$commitTransaction$1(MVCCDataStructure.java:297)
	at java.base/java.util.concurrent.Executors$RunnableAdapter.call(Executors.java:515)
	at java.base/java.util.concurrent.FutureTask.run(FutureTask.java:264)
	at java.base/java.util.concurrent.ThreadPoolExecutor.runWorker(ThreadPoolExecutor.java:1128)
	at java.base/java.util.concurrent.ThreadPoolExecutor$Worker.run(ThreadPoolExecutor.java:628)
	... 1 more
java.util.concurrent.ExecutionException: jetbrains.exodus.ExodusException
	at java.base/java.util.concurrent.FutureTask.report(FutureTask.java:122)
	at java.base/java.util.concurrent.FutureTask.get(FutureTask.java:191)
	at jetbrains.exodus.newLogConcept.MVCC.MVCCDataStructure.commitTransaction(MVCCDataStructure.java:299)
	at site.ycsb.db.XodusClient.insert(XodusClient.java:60)
	at site.ycsb.DBWrapper.insert(DBWrapper.java:227)
	at site.ycsb.workloads.CoreWorkload.doInsert(CoreWorkload.java:621)
	at site.ycsb.ClientThread.run(ClientThread.java:135)
	at java.base/java.lang.Thread.run(Thread.java:829)
Caused by: jetbrains.exodus.ExodusException
	at jetbrains.exodus.newLogConcept.garbageCollector.OperationLogGarbageCollector.moveAndRemoveRecordsFromLog(OperationLogGarbageCollector.java:69)
	at jetbrains.exodus.newLogConcept.garbageCollector.OperationLogGarbageCollector.clean(OperationLogGarbageCollector.java:51)
	at jetbrains.exodus.newLogConcept.MVCC.MVCCDataStructure.lambda$commitTransaction$1(MVCCDataStructure.java:297)
	at java.base/java.util.concurrent.Executors$RunnableAdapter.call(Executors.java:515)
	at java.base/java.util.concurrent.FutureTask.run(FutureTask.java:264)
	at java.base/java.util.concurrent.ThreadPoolExecutor.runWorker(ThreadPoolExecutor.java:1128)
	at java.base/java.util.concurrent.ThreadPoolExecutor$Worker.run(ThreadPoolExecutor.java:628)
	... 1 more
java.util.concurrent.ExecutionException: jetbrains.exodus.ExodusException
	at java.base/java.util.concurrent.FutureTask.report(FutureTask.java:122)
	at java.base/java.util.concurrent.FutureTask.get(FutureTask.java:191)
	at jetbrains.exodus.newLogConcept.MVCC.MVCCDataStructure.commitTransaction(MVCCDataStructure.java:299)
	at site.ycsb.db.XodusClient.insert(XodusClient.java:60)
	at site.ycsb.DBWrapper.insert(DBWrapper.java:227)
	at site.ycsb.workloads.CoreWorkload.doInsert(CoreWorkload.java:621)
	at site.ycsb.ClientThread.run(ClientThread.java:135)
	at java.base/java.lang.Thread.run(Thread.java:829)
Caused by: jetbrains.exodus.ExodusException
	at jetbrains.exodus.newLogConcept.garbageCollector.OperationLogGarbageCollector.moveAndRemoveRecordsFromLog(OperationLogGarbageCollector.java:69)
	at jetbrains.exodus.newLogConcept.garbageCollector.OperationLogGarbageCollector.clean(OperationLogGarbageCollector.java:51)
	at jetbrains.exodus.newLogConcept.MVCC.MVCCDataStructure.lambda$commitTransaction$1(MVCCDataStructure.java:297)
	at java.base/java.util.concurrent.Executors$RunnableAdapter.call(Executors.java:515)
	at java.base/java.util.concurrent.FutureTask.run(FutureTask.java:264)
	at java.base/java.util.concurrent.ThreadPoolExecutor.runWorker(ThreadPoolExecutor.java:1128)
	at java.base/java.util.concurrent.ThreadPoolExecutor$Worker.run(ThreadPoolExecutor.java:628)
	... 1 more
java.util.concurrent.ExecutionException: jetbrains.exodus.ExodusException
	at java.base/java.util.concurrent.FutureTask.report(FutureTask.java:122)
	at java.base/java.util.concurrent.FutureTask.get(FutureTask.java:191)
	at jetbrains.exodus.newLogConcept.MVCC.MVCCDataStructure.commitTransaction(MVCCDataStructure.java:299)
	at site.ycsb.db.XodusClient.insert(XodusClient.java:60)
	at site.ycsb.DBWrapper.insert(DBWrapper.java:227)
	at site.ycsb.workloads.CoreWorkload.doInsert(CoreWorkload.java:621)
	at site.ycsb.ClientThread.run(ClientThread.java:135)
	at java.base/java.lang.Thread.run(Thread.java:829)
Caused by: jetbrains.exodus.ExodusException
	at jetbrains.exodus.newLogConcept.garbageCollector.OperationLogGarbageCollector.moveAndRemoveRecordsFromLog(OperationLogGarbageCollector.java:69)
	at jetbrains.exodus.newLogConcept.garbageCollector.OperationLogGarbageCollector.clean(OperationLogGarbageCollector.java:51)
	at jetbrains.exodus.newLogConcept.MVCC.MVCCDataStructure.lambda$commitTransaction$1(MVCCDataStructure.java:297)
	at java.base/java.util.concurrent.Executors$RunnableAdapter.call(Executors.java:515)
	at java.base/java.util.concurrent.FutureTask.run(FutureTask.java:264)
	at java.base/java.util.concurrent.ThreadPoolExecutor.runWorker(ThreadPoolExecutor.java:1128)
	at java.base/java.util.concurrent.ThreadPoolExecutor$Worker.run(ThreadPoolExecutor.java:628)
	... 1 more
java.util.concurrent.ExecutionException: jetbrains.exodus.ExodusException
	at java.base/java.util.concurrent.FutureTask.report(FutureTask.java:122)
	at java.base/java.util.concurrent.FutureTask.get(FutureTask.java:191)
	at jetbrains.exodus.newLogConcept.MVCC.MVCCDataStructure.commitTransaction(MVCCDataStructure.java:299)
	at site.ycsb.db.XodusClient.insert(XodusClient.java:60)
	at site.ycsb.DBWrapper.insert(DBWrapper.java:227)
	at site.ycsb.workloads.CoreWorkload.doInsert(CoreWorkload.java:621)
	at site.ycsb.ClientThread.run(ClientThread.java:135)
	at java.base/java.lang.Thread.run(Thread.java:829)
Caused by: jetbrains.exodus.ExodusException
	at jetbrains.exodus.newLogConcept.garbageCollector.OperationLogGarbageCollector.moveAndRemoveRecordsFromLog(OperationLogGarbageCollector.java:69)
	at jetbrains.exodus.newLogConcept.garbageCollector.OperationLogGarbageCollector.clean(OperationLogGarbageCollector.java:51)
	at jetbrains.exodus.newLogConcept.MVCC.MVCCDataStructure.lambda$commitTransaction$1(MVCCDataStructure.java:297)
	at java.base/java.util.concurrent.Executors$RunnableAdapter.call(Executors.java:515)
	at java.base/java.util.concurrent.FutureTask.run(FutureTask.java:264)
	at java.base/java.util.concurrent.ThreadPoolExecutor.runWorker(ThreadPoolExecutor.java:1128)
	at java.base/java.util.concurrent.ThreadPoolExecutor$Worker.run(ThreadPoolExecutor.java:628)
	... 1 more
java.util.concurrent.ExecutionException: jetbrains.exodus.ExodusException
	at java.base/java.util.concurrent.FutureTask.report(FutureTask.java:122)
	at java.base/java.util.concurrent.FutureTask.get(FutureTask.java:191)
	at jetbrains.exodus.newLogConcept.MVCC.MVCCDataStructure.commitTransaction(MVCCDataStructure.java:299)
	at site.ycsb.db.XodusClient.insert(XodusClient.java:60)
	at site.ycsb.DBWrapper.insert(DBWrapper.java:227)
	at site.ycsb.workloads.CoreWorkload.doInsert(CoreWorkload.java:621)
	at site.ycsb.ClientThread.run(ClientThread.java:135)
	at java.base/java.lang.Thread.run(Thread.java:829)
Caused by: jetbrains.exodus.ExodusException
	at jetbrains.exodus.newLogConcept.garbageCollector.OperationLogGarbageCollector.moveAndRemoveRecordsFromLog(OperationLogGarbageCollector.java:69)
	at jetbrains.exodus.newLogConcept.garbageCollector.OperationLogGarbageCollector.clean(OperationLogGarbageCollector.java:51)
	at jetbrains.exodus.newLogConcept.MVCC.MVCCDataStructure.lambda$commitTransaction$1(MVCCDataStructure.java:297)
	at java.base/java.util.concurrent.Executors$RunnableAdapter.call(Executors.java:515)
	at java.base/java.util.concurrent.FutureTask.run(FutureTask.java:264)
	at java.base/java.util.concurrent.ThreadPoolExecutor.runWorker(ThreadPoolExecutor.java:1128)
	at java.base/java.util.concurrent.ThreadPoolExecutor$Worker.run(ThreadPoolExecutor.java:628)
	... 1 more
java.util.concurrent.ExecutionException: jetbrains.exodus.ExodusException
	at java.base/java.util.concurrent.FutureTask.report(FutureTask.java:122)
	at java.base/java.util.concurrent.FutureTask.get(FutureTask.java:191)
	at jetbrains.exodus.newLogConcept.MVCC.MVCCDataStructure.commitTransaction(MVCCDataStructure.java:299)
	at site.ycsb.db.XodusClient.insert(XodusClient.java:60)
	at site.ycsb.DBWrapper.insert(DBWrapper.java:227)
	at site.ycsb.workloads.CoreWorkload.doInsert(CoreWorkload.java:621)
	at site.ycsb.ClientThread.run(ClientThread.java:135)
	at java.base/java.lang.Thread.run(Thread.java:829)
Caused by: jetbrains.exodus.ExodusException
	at jetbrains.exodus.newLogConcept.garbageCollector.OperationLogGarbageCollector.moveAndRemoveRecordsFromLog(OperationLogGarbageCollector.java:69)
	at jetbrains.exodus.newLogConcept.garbageCollector.OperationLogGarbageCollector.clean(OperationLogGarbageCollector.java:51)
	at jetbrains.exodus.newLogConcept.MVCC.MVCCDataStructure.lambda$commitTransaction$1(MVCCDataStructure.java:297)
	at java.base/java.util.concurrent.Executors$RunnableAdapter.call(Executors.java:515)
	at java.base/java.util.concurrent.FutureTask.run(FutureTask.java:264)
	at java.base/java.util.concurrent.ThreadPoolExecutor.runWorker(ThreadPoolExecutor.java:1128)
	at java.base/java.util.concurrent.ThreadPoolExecutor$Worker.run(ThreadPoolExecutor.java:628)
	... 1 more
java.util.concurrent.ExecutionException: jetbrains.exodus.ExodusException
	at java.base/java.util.concurrent.FutureTask.report(FutureTask.java:122)
	at java.base/java.util.concurrent.FutureTask.get(FutureTask.java:191)
	at jetbrains.exodus.newLogConcept.MVCC.MVCCDataStructure.commitTransaction(MVCCDataStructure.java:299)
	at site.ycsb.db.XodusClient.insert(XodusClient.java:60)
	at site.ycsb.DBWrapper.insert(DBWrapper.java:227)
	at site.ycsb.workloads.CoreWorkload.doInsert(CoreWorkload.java:621)
	at site.ycsb.ClientThread.run(ClientThread.java:135)
	at java.base/java.lang.Thread.run(Thread.java:829)
Caused by: jetbrains.exodus.ExodusException
	at jetbrains.exodus.newLogConcept.garbageCollector.OperationLogGarbageCollector.moveAndRemoveRecordsFromLog(OperationLogGarbageCollector.java:69)
	at jetbrains.exodus.newLogConcept.garbageCollector.OperationLogGarbageCollector.clean(OperationLogGarbageCollector.java:51)
	at jetbrains.exodus.newLogConcept.MVCC.MVCCDataStructure.lambda$commitTransaction$1(MVCCDataStructure.java:297)
	at java.base/java.util.concurrent.Executors$RunnableAdapter.call(Executors.java:515)
	at java.base/java.util.concurrent.FutureTask.run(FutureTask.java:264)
	at java.base/java.util.concurrent.ThreadPoolExecutor.runWorker(ThreadPoolExecutor.java:1128)
	at java.base/java.util.concurrent.ThreadPoolExecutor$Worker.run(ThreadPoolExecutor.java:628)
	... 1 more
java.util.concurrent.ExecutionException: jetbrains.exodus.ExodusException
	at java.base/java.util.concurrent.FutureTask.report(FutureTask.java:122)
	at java.base/java.util.concurrent.FutureTask.get(FutureTask.java:191)
	at jetbrains.exodus.newLogConcept.MVCC.MVCCDataStructure.commitTransaction(MVCCDataStructure.java:299)
	at site.ycsb.db.XodusClient.insert(XodusClient.java:60)
	at site.ycsb.DBWrapper.insert(DBWrapper.java:227)
	at site.ycsb.workloads.CoreWorkload.doInsert(CoreWorkload.java:621)
	at site.ycsb.ClientThread.run(ClientThread.java:135)
	at java.base/java.lang.Thread.run(Thread.java:829)
Caused by: jetbrains.exodus.ExodusException
	at jetbrains.exodus.newLogConcept.garbageCollector.OperationLogGarbageCollector.moveAndRemoveRecordsFromLog(OperationLogGarbageCollector.java:69)
	at jetbrains.exodus.newLogConcept.garbageCollector.OperationLogGarbageCollector.clean(OperationLogGarbageCollector.java:51)
	at jetbrains.exodus.newLogConcept.MVCC.MVCCDataStructure.lambda$commitTransaction$1(MVCCDataStructure.java:297)
	at java.base/java.util.concurrent.Executors$RunnableAdapter.call(Executors.java:515)
	at java.base/java.util.concurrent.FutureTask.run(FutureTask.java:264)
	at java.base/java.util.concurrent.ThreadPoolExecutor.runWorker(ThreadPoolExecutor.java:1128)
	at java.base/java.util.concurrent.ThreadPoolExecutor$Worker.run(ThreadPoolExecutor.java:628)
	... 1 more
java.util.concurrent.ExecutionException: jetbrains.exodus.ExodusException
	at java.base/java.util.concurrent.FutureTask.report(FutureTask.java:122)
	at java.base/java.util.concurrent.FutureTask.get(FutureTask.java:191)
	at jetbrains.exodus.newLogConcept.MVCC.MVCCDataStructure.commitTransaction(MVCCDataStructure.java:299)
	at site.ycsb.db.XodusClient.insert(XodusClient.java:60)
	at site.ycsb.DBWrapper.insert(DBWrapper.java:227)
	at site.ycsb.workloads.CoreWorkload.doInsert(CoreWorkload.java:621)
	at site.ycsb.ClientThread.run(ClientThread.java:135)
	at java.base/java.lang.Thread.run(Thread.java:829)
Caused by: jetbrains.exodus.ExodusException
	at jetbrains.exodus.newLogConcept.garbageCollector.OperationLogGarbageCollector.moveAndRemoveRecordsFromLog(OperationLogGarbageCollector.java:69)
	at jetbrains.exodus.newLogConcept.garbageCollector.OperationLogGarbageCollector.clean(OperationLogGarbageCollector.java:51)
	at jetbrains.exodus.newLogConcept.MVCC.MVCCDataStructure.lambda$commitTransaction$1(MVCCDataStructure.java:297)
	at java.base/java.util.concurrent.Executors$RunnableAdapter.call(Executors.java:515)
	at java.base/java.util.concurrent.FutureTask.run(FutureTask.java:264)
	at java.base/java.util.concurrent.ThreadPoolExecutor.runWorker(ThreadPoolExecutor.java:1128)
	at java.base/java.util.concurrent.ThreadPoolExecutor$Worker.run(ThreadPoolExecutor.java:628)
	... 1 more
java.util.concurrent.ExecutionException: jetbrains.exodus.ExodusException
	at java.base/java.util.concurrent.FutureTask.report(FutureTask.java:122)
	at java.base/java.util.concurrent.FutureTask.get(FutureTask.java:191)
	at jetbrains.exodus.newLogConcept.MVCC.MVCCDataStructure.commitTransaction(MVCCDataStructure.java:299)
	at site.ycsb.db.XodusClient.insert(XodusClient.java:60)
	at site.ycsb.DBWrapper.insert(DBWrapper.java:227)
	at site.ycsb.workloads.CoreWorkload.doInsert(CoreWorkload.java:621)
	at site.ycsb.ClientThread.run(ClientThread.java:135)
	at java.base/java.lang.Thread.run(Thread.java:829)
Caused by: jetbrains.exodus.ExodusException
	at jetbrains.exodus.newLogConcept.garbageCollector.OperationLogGarbageCollector.moveAndRemoveRecordsFromLog(OperationLogGarbageCollector.java:69)
	at jetbrains.exodus.newLogConcept.garbageCollector.OperationLogGarbageCollector.clean(OperationLogGarbageCollector.java:51)
	at jetbrains.exodus.newLogConcept.MVCC.MVCCDataStructure.lambda$commitTransaction$1(MVCCDataStructure.java:297)
	at java.base/java.util.concurrent.Executors$RunnableAdapter.call(Executors.java:515)
	at java.base/java.util.concurrent.FutureTask.run(FutureTask.java:264)
	at java.base/java.util.concurrent.ThreadPoolExecutor.runWorker(ThreadPoolExecutor.java:1128)
	at java.base/java.util.concurrent.ThreadPoolExecutor$Worker.run(ThreadPoolExecutor.java:628)
	... 1 more
java.util.concurrent.ExecutionException: jetbrains.exodus.ExodusException
	at java.base/java.util.concurrent.FutureTask.report(FutureTask.java:122)
	at java.base/java.util.concurrent.FutureTask.get(FutureTask.java:191)
	at jetbrains.exodus.newLogConcept.MVCC.MVCCDataStructure.commitTransaction(MVCCDataStructure.java:299)
	at site.ycsb.db.XodusClient.insert(XodusClient.java:60)
	at site.ycsb.DBWrapper.insert(DBWrapper.java:227)
	at site.ycsb.workloads.CoreWorkload.doInsert(CoreWorkload.java:621)
	at site.ycsb.ClientThread.run(ClientThread.java:135)
	at java.base/java.lang.Thread.run(Thread.java:829)
Caused by: jetbrains.exodus.ExodusException
	at jetbrains.exodus.newLogConcept.garbageCollector.OperationLogGarbageCollector.moveAndRemoveRecordsFromLog(OperationLogGarbageCollector.java:69)
	at jetbrains.exodus.newLogConcept.garbageCollector.OperationLogGarbageCollector.clean(OperationLogGarbageCollector.java:51)
	at jetbrains.exodus.newLogConcept.MVCC.MVCCDataStructure.lambda$commitTransaction$1(MVCCDataStructure.java:297)
	at java.base/java.util.concurrent.Executors$RunnableAdapter.call(Executors.java:515)
	at java.base/java.util.concurrent.FutureTask.run(FutureTask.java:264)
	at java.base/java.util.concurrent.ThreadPoolExecutor.runWorker(ThreadPoolExecutor.java:1128)
	at java.base/java.util.concurrent.ThreadPoolExecutor$Worker.run(ThreadPoolExecutor.java:628)
	... 1 more
java.util.concurrent.ExecutionException: jetbrains.exodus.ExodusException
	at java.base/java.util.concurrent.FutureTask.report(FutureTask.java:122)
	at java.base/java.util.concurrent.FutureTask.get(FutureTask.java:191)
	at jetbrains.exodus.newLogConcept.MVCC.MVCCDataStructure.commitTransaction(MVCCDataStructure.java:299)
	at site.ycsb.db.XodusClient.insert(XodusClient.java:60)
	at site.ycsb.DBWrapper.insert(DBWrapper.java:227)
	at site.ycsb.workloads.CoreWorkload.doInsert(CoreWorkload.java:621)
	at site.ycsb.ClientThread.run(ClientThread.java:135)
	at java.base/java.lang.Thread.run(Thread.java:829)
Caused by: jetbrains.exodus.ExodusException
	at jetbrains.exodus.newLogConcept.garbageCollector.OperationLogGarbageCollector.moveAndRemoveRecordsFromLog(OperationLogGarbageCollector.java:69)
	at jetbrains.exodus.newLogConcept.garbageCollector.OperationLogGarbageCollector.clean(OperationLogGarbageCollector.java:51)
	at jetbrains.exodus.newLogConcept.MVCC.MVCCDataStructure.lambda$commitTransaction$1(MVCCDataStructure.java:297)
	at java.base/java.util.concurrent.Executors$RunnableAdapter.call(Executors.java:515)
	at java.base/java.util.concurrent.FutureTask.run(FutureTask.java:264)
	at java.base/java.util.concurrent.ThreadPoolExecutor.runWorker(ThreadPoolExecutor.java:1128)
	at java.base/java.util.concurrent.ThreadPoolExecutor$Worker.run(ThreadPoolExecutor.java:628)
	... 1 more
java.util.concurrent.ExecutionException: jetbrains.exodus.ExodusException
	at java.base/java.util.concurrent.FutureTask.report(FutureTask.java:122)
	at java.base/java.util.concurrent.FutureTask.get(FutureTask.java:191)
	at jetbrains.exodus.newLogConcept.MVCC.MVCCDataStructure.commitTransaction(MVCCDataStructure.java:299)
	at site.ycsb.db.XodusClient.insert(XodusClient.java:60)
	at site.ycsb.DBWrapper.insert(DBWrapper.java:227)
	at site.ycsb.workloads.CoreWorkload.doInsert(CoreWorkload.java:621)
	at site.ycsb.ClientThread.run(ClientThread.java:135)
	at java.base/java.lang.Thread.run(Thread.java:829)
Caused by: jetbrains.exodus.ExodusException
	at jetbrains.exodus.newLogConcept.garbageCollector.OperationLogGarbageCollector.moveAndRemoveRecordsFromLog(OperationLogGarbageCollector.java:69)
	at jetbrains.exodus.newLogConcept.garbageCollector.OperationLogGarbageCollector.clean(OperationLogGarbageCollector.java:51)
	at jetbrains.exodus.newLogConcept.MVCC.MVCCDataStructure.lambda$commitTransaction$1(MVCCDataStructure.java:297)
	at java.base/java.util.concurrent.Executors$RunnableAdapter.call(Executors.java:515)
	at java.base/java.util.concurrent.FutureTask.run(FutureTask.java:264)
	at java.base/java.util.concurrent.ThreadPoolExecutor.runWorker(ThreadPoolExecutor.java:1128)
	at java.base/java.util.concurrent.ThreadPoolExecutor$Worker.run(ThreadPoolExecutor.java:628)
	... 1 more
java.util.concurrent.ExecutionException: jetbrains.exodus.ExodusException
	at java.base/java.util.concurrent.FutureTask.report(FutureTask.java:122)
	at java.base/java.util.concurrent.FutureTask.get(FutureTask.java:191)
	at jetbrains.exodus.newLogConcept.MVCC.MVCCDataStructure.commitTransaction(MVCCDataStructure.java:299)
	at site.ycsb.db.XodusClient.insert(XodusClient.java:60)
	at site.ycsb.DBWrapper.insert(DBWrapper.java:227)
	at site.ycsb.workloads.CoreWorkload.doInsert(CoreWorkload.java:621)
	at site.ycsb.ClientThread.run(ClientThread.java:135)
	at java.base/java.lang.Thread.run(Thread.java:829)
Caused by: jetbrains.exodus.ExodusException
	at jetbrains.exodus.newLogConcept.garbageCollector.OperationLogGarbageCollector.moveAndRemoveRecordsFromLog(OperationLogGarbageCollector.java:69)
	at jetbrains.exodus.newLogConcept.garbageCollector.OperationLogGarbageCollector.clean(OperationLogGarbageCollector.java:51)
	at jetbrains.exodus.newLogConcept.MVCC.MVCCDataStructure.lambda$commitTransaction$1(MVCCDataStructure.java:297)
	at java.base/java.util.concurrent.Executors$RunnableAdapter.call(Executors.java:515)
	at java.base/java.util.concurrent.FutureTask.run(FutureTask.java:264)
	at java.base/java.util.concurrent.ThreadPoolExecutor.runWorker(ThreadPoolExecutor.java:1128)
	at java.base/java.util.concurrent.ThreadPoolExecutor$Worker.run(ThreadPoolExecutor.java:628)
	... 1 more
java.util.concurrent.ExecutionException: jetbrains.exodus.ExodusException
	at java.base/java.util.concurrent.FutureTask.report(FutureTask.java:122)
	at java.base/java.util.concurrent.FutureTask.get(FutureTask.java:191)
	at jetbrains.exodus.newLogConcept.MVCC.MVCCDataStructure.commitTransaction(MVCCDataStructure.java:299)
	at site.ycsb.db.XodusClient.insert(XodusClient.java:60)
	at site.ycsb.DBWrapper.insert(DBWrapper.java:227)
	at site.ycsb.workloads.CoreWorkload.doInsert(CoreWorkload.java:621)
	at site.ycsb.ClientThread.run(ClientThread.java:135)
	at java.base/java.lang.Thread.run(Thread.java:829)
Caused by: jetbrains.exodus.ExodusException
	at jetbrains.exodus.newLogConcept.garbageCollector.OperationLogGarbageCollector.moveAndRemoveRecordsFromLog(OperationLogGarbageCollector.java:69)
	at jetbrains.exodus.newLogConcept.garbageCollector.OperationLogGarbageCollector.clean(OperationLogGarbageCollector.java:51)
	at jetbrains.exodus.newLogConcept.MVCC.MVCCDataStructure.lambda$commitTransaction$1(MVCCDataStructure.java:297)
	at java.base/java.util.concurrent.Executors$RunnableAdapter.call(Executors.java:515)
	at java.base/java.util.concurrent.FutureTask.run(FutureTask.java:264)
	at java.base/java.util.concurrent.ThreadPoolExecutor.runWorker(ThreadPoolExecutor.java:1128)
	at java.base/java.util.concurrent.ThreadPoolExecutor$Worker.run(ThreadPoolExecutor.java:628)
	... 1 more
java.util.concurrent.ExecutionException: jetbrains.exodus.ExodusException
	at java.base/java.util.concurrent.FutureTask.report(FutureTask.java:122)
	at java.base/java.util.concurrent.FutureTask.get(FutureTask.java:191)
	at jetbrains.exodus.newLogConcept.MVCC.MVCCDataStructure.commitTransaction(MVCCDataStructure.java:299)
	at site.ycsb.db.XodusClient.insert(XodusClient.java:60)
	at site.ycsb.DBWrapper.insert(DBWrapper.java:227)
	at site.ycsb.workloads.CoreWorkload.doInsert(CoreWorkload.java:621)
	at site.ycsb.ClientThread.run(ClientThread.java:135)
	at java.base/java.lang.Thread.run(Thread.java:829)
Caused by: jetbrains.exodus.ExodusException
	at jetbrains.exodus.newLogConcept.garbageCollector.OperationLogGarbageCollector.moveAndRemoveRecordsFromLog(OperationLogGarbageCollector.java:69)
	at jetbrains.exodus.newLogConcept.garbageCollector.OperationLogGarbageCollector.clean(OperationLogGarbageCollector.java:51)
	at jetbrains.exodus.newLogConcept.MVCC.MVCCDataStructure.lambda$commitTransaction$1(MVCCDataStructure.java:297)
	at java.base/java.util.concurrent.Executors$RunnableAdapter.call(Executors.java:515)
	at java.base/java.util.concurrent.FutureTask.run(FutureTask.java:264)
	at java.base/java.util.concurrent.ThreadPoolExecutor.runWorker(ThreadPoolExecutor.java:1128)
	at java.base/java.util.concurrent.ThreadPoolExecutor$Worker.run(ThreadPoolExecutor.java:628)
	... 1 more
java.util.concurrent.ExecutionException: jetbrains.exodus.ExodusException
	at java.base/java.util.concurrent.FutureTask.report(FutureTask.java:122)
	at java.base/java.util.concurrent.FutureTask.get(FutureTask.java:191)
	at jetbrains.exodus.newLogConcept.MVCC.MVCCDataStructure.commitTransaction(MVCCDataStructure.java:299)
	at site.ycsb.db.XodusClient.insert(XodusClient.java:60)
	at site.ycsb.DBWrapper.insert(DBWrapper.java:227)
	at site.ycsb.workloads.CoreWorkload.doInsert(CoreWorkload.java:621)
	at site.ycsb.ClientThread.run(ClientThread.java:135)
	at java.base/java.lang.Thread.run(Thread.java:829)
Caused by: jetbrains.exodus.ExodusException
	at jetbrains.exodus.newLogConcept.garbageCollector.OperationLogGarbageCollector.moveAndRemoveRecordsFromLog(OperationLogGarbageCollector.java:69)
	at jetbrains.exodus.newLogConcept.garbageCollector.OperationLogGarbageCollector.clean(OperationLogGarbageCollector.java:51)
	at jetbrains.exodus.newLogConcept.MVCC.MVCCDataStructure.lambda$commitTransaction$1(MVCCDataStructure.java:297)
	at java.base/java.util.concurrent.Executors$RunnableAdapter.call(Executors.java:515)
	at java.base/java.util.concurrent.FutureTask.run(FutureTask.java:264)
	at java.base/java.util.concurrent.ThreadPoolExecutor.runWorker(ThreadPoolExecutor.java:1128)
	at java.base/java.util.concurrent.ThreadPoolExecutor$Worker.run(ThreadPoolExecutor.java:628)
	... 1 more
java.util.concurrent.ExecutionException: jetbrains.exodus.ExodusException
	at java.base/java.util.concurrent.FutureTask.report(FutureTask.java:122)
	at java.base/java.util.concurrent.FutureTask.get(FutureTask.java:191)
	at jetbrains.exodus.newLogConcept.MVCC.MVCCDataStructure.commitTransaction(MVCCDataStructure.java:299)
	at site.ycsb.db.XodusClient.insert(XodusClient.java:60)
	at site.ycsb.DBWrapper.insert(DBWrapper.java:227)
	at site.ycsb.workloads.CoreWorkload.doInsert(CoreWorkload.java:621)
	at site.ycsb.ClientThread.run(ClientThread.java:135)
	at java.base/java.lang.Thread.run(Thread.java:829)
Caused by: jetbrains.exodus.ExodusException
	at jetbrains.exodus.newLogConcept.garbageCollector.OperationLogGarbageCollector.moveAndRemoveRecordsFromLog(OperationLogGarbageCollector.java:69)
	at jetbrains.exodus.newLogConcept.garbageCollector.OperationLogGarbageCollector.clean(OperationLogGarbageCollector.java:51)
	at jetbrains.exodus.newLogConcept.MVCC.MVCCDataStructure.lambda$commitTransaction$1(MVCCDataStructure.java:297)
	at java.base/java.util.concurrent.Executors$RunnableAdapter.call(Executors.java:515)
	at java.base/java.util.concurrent.FutureTask.run(FutureTask.java:264)
	at java.base/java.util.concurrent.ThreadPoolExecutor.runWorker(ThreadPoolExecutor.java:1128)
	at java.base/java.util.concurrent.ThreadPoolExecutor$Worker.run(ThreadPoolExecutor.java:628)
	... 1 more
java.util.concurrent.ExecutionException: jetbrains.exodus.ExodusException
	at java.base/java.util.concurrent.FutureTask.report(FutureTask.java:122)
	at java.base/java.util.concurrent.FutureTask.get(FutureTask.java:191)
	at jetbrains.exodus.newLogConcept.MVCC.MVCCDataStructure.commitTransaction(MVCCDataStructure.java:299)
	at site.ycsb.db.XodusClient.insert(XodusClient.java:60)
	at site.ycsb.DBWrapper.insert(DBWrapper.java:227)
	at site.ycsb.workloads.CoreWorkload.doInsert(CoreWorkload.java:621)
	at site.ycsb.ClientThread.run(ClientThread.java:135)
	at java.base/java.lang.Thread.run(Thread.java:829)
Caused by: jetbrains.exodus.ExodusException
	at jetbrains.exodus.newLogConcept.garbageCollector.OperationLogGarbageCollector.moveAndRemoveRecordsFromLog(OperationLogGarbageCollector.java:69)
	at jetbrains.exodus.newLogConcept.garbageCollector.OperationLogGarbageCollector.clean(OperationLogGarbageCollector.java:51)
	at jetbrains.exodus.newLogConcept.MVCC.MVCCDataStructure.lambda$commitTransaction$1(MVCCDataStructure.java:297)
	at java.base/java.util.concurrent.Executors$RunnableAdapter.call(Executors.java:515)
	at java.base/java.util.concurrent.FutureTask.run(FutureTask.java:264)
	at java.base/java.util.concurrent.ThreadPoolExecutor.runWorker(ThreadPoolExecutor.java:1128)
	at java.base/java.util.concurrent.ThreadPoolExecutor$Worker.run(ThreadPoolExecutor.java:628)
	... 1 more
java.util.concurrent.ExecutionException: jetbrains.exodus.ExodusException
	at java.base/java.util.concurrent.FutureTask.report(FutureTask.java:122)
	at java.base/java.util.concurrent.FutureTask.get(FutureTask.java:191)
	at jetbrains.exodus.newLogConcept.MVCC.MVCCDataStructure.commitTransaction(MVCCDataStructure.java:299)
	at site.ycsb.db.XodusClient.insert(XodusClient.java:60)
	at site.ycsb.DBWrapper.insert(DBWrapper.java:227)
	at site.ycsb.workloads.CoreWorkload.doInsert(CoreWorkload.java:621)
	at site.ycsb.ClientThread.run(ClientThread.java:135)
	at java.base/java.lang.Thread.run(Thread.java:829)
Caused by: jetbrains.exodus.ExodusException
	at jetbrains.exodus.newLogConcept.garbageCollector.OperationLogGarbageCollector.moveAndRemoveRecordsFromLog(OperationLogGarbageCollector.java:69)
	at jetbrains.exodus.newLogConcept.garbageCollector.OperationLogGarbageCollector.clean(OperationLogGarbageCollector.java:51)
	at jetbrains.exodus.newLogConcept.MVCC.MVCCDataStructure.lambda$commitTransaction$1(MVCCDataStructure.java:297)
	at java.base/java.util.concurrent.Executors$RunnableAdapter.call(Executors.java:515)
	at java.base/java.util.concurrent.FutureTask.run(FutureTask.java:264)
	at java.base/java.util.concurrent.ThreadPoolExecutor.runWorker(ThreadPoolExecutor.java:1128)
	at java.base/java.util.concurrent.ThreadPoolExecutor$Worker.run(ThreadPoolExecutor.java:628)
	... 1 more
java.util.concurrent.ExecutionException: jetbrains.exodus.ExodusException
	at java.base/java.util.concurrent.FutureTask.report(FutureTask.java:122)
	at java.base/java.util.concurrent.FutureTask.get(FutureTask.java:191)
	at jetbrains.exodus.newLogConcept.MVCC.MVCCDataStructure.commitTransaction(MVCCDataStructure.java:299)
	at site.ycsb.db.XodusClient.insert(XodusClient.java:60)
	at site.ycsb.DBWrapper.insert(DBWrapper.java:227)
	at site.ycsb.workloads.CoreWorkload.doInsert(CoreWorkload.java:621)
	at site.ycsb.ClientThread.run(ClientThread.java:135)
	at java.base/java.lang.Thread.run(Thread.java:829)
Caused by: jetbrains.exodus.ExodusException
	at jetbrains.exodus.newLogConcept.garbageCollector.OperationLogGarbageCollector.moveAndRemoveRecordsFromLog(OperationLogGarbageCollector.java:69)
	at jetbrains.exodus.newLogConcept.garbageCollector.OperationLogGarbageCollector.clean(OperationLogGarbageCollector.java:51)
	at jetbrains.exodus.newLogConcept.MVCC.MVCCDataStructure.lambda$commitTransaction$1(MVCCDataStructure.java:297)
	at java.base/java.util.concurrent.Executors$RunnableAdapter.call(Executors.java:515)
	at java.base/java.util.concurrent.FutureTask.run(FutureTask.java:264)
	at java.base/java.util.concurrent.ThreadPoolExecutor.runWorker(ThreadPoolExecutor.java:1128)
	at java.base/java.util.concurrent.ThreadPoolExecutor$Worker.run(ThreadPoolExecutor.java:628)
	... 1 more
java.util.concurrent.ExecutionException: jetbrains.exodus.ExodusException
	at java.base/java.util.concurrent.FutureTask.report(FutureTask.java:122)
	at java.base/java.util.concurrent.FutureTask.get(FutureTask.java:191)
	at jetbrains.exodus.newLogConcept.MVCC.MVCCDataStructure.commitTransaction(MVCCDataStructure.java:299)
	at site.ycsb.db.XodusClient.insert(XodusClient.java:60)
	at site.ycsb.DBWrapper.insert(DBWrapper.java:227)
	at site.ycsb.workloads.CoreWorkload.doInsert(CoreWorkload.java:621)
	at site.ycsb.ClientThread.run(ClientThread.java:135)
	at java.base/java.lang.Thread.run(Thread.java:829)
Caused by: jetbrains.exodus.ExodusException
	at jetbrains.exodus.newLogConcept.garbageCollector.OperationLogGarbageCollector.moveAndRemoveRecordsFromLog(OperationLogGarbageCollector.java:69)
	at jetbrains.exodus.newLogConcept.garbageCollector.OperationLogGarbageCollector.clean(OperationLogGarbageCollector.java:51)
	at jetbrains.exodus.newLogConcept.MVCC.MVCCDataStructure.lambda$commitTransaction$1(MVCCDataStructure.java:297)
	at java.base/java.util.concurrent.Executors$RunnableAdapter.call(Executors.java:515)
	at java.base/java.util.concurrent.FutureTask.run(FutureTask.java:264)
	at java.base/java.util.concurrent.ThreadPoolExecutor.runWorker(ThreadPoolExecutor.java:1128)
	at java.base/java.util.concurrent.ThreadPoolExecutor$Worker.run(ThreadPoolExecutor.java:628)
	... 1 more
java.util.concurrent.ExecutionException: jetbrains.exodus.ExodusException
	at java.base/java.util.concurrent.FutureTask.report(FutureTask.java:122)
	at java.base/java.util.concurrent.FutureTask.get(FutureTask.java:191)
	at jetbrains.exodus.newLogConcept.MVCC.MVCCDataStructure.commitTransaction(MVCCDataStructure.java:299)
	at site.ycsb.db.XodusClient.insert(XodusClient.java:60)
	at site.ycsb.DBWrapper.insert(DBWrapper.java:227)
	at site.ycsb.workloads.CoreWorkload.doInsert(CoreWorkload.java:621)
	at site.ycsb.ClientThread.run(ClientThread.java:135)
	at java.base/java.lang.Thread.run(Thread.java:829)
Caused by: jetbrains.exodus.ExodusException
	at jetbrains.exodus.newLogConcept.garbageCollector.OperationLogGarbageCollector.moveAndRemoveRecordsFromLog(OperationLogGarbageCollector.java:69)
	at jetbrains.exodus.newLogConcept.garbageCollector.OperationLogGarbageCollector.clean(OperationLogGarbageCollector.java:51)
	at jetbrains.exodus.newLogConcept.MVCC.MVCCDataStructure.lambda$commitTransaction$1(MVCCDataStructure.java:297)
	at java.base/java.util.concurrent.Executors$RunnableAdapter.call(Executors.java:515)
	at java.base/java.util.concurrent.FutureTask.run(FutureTask.java:264)
	at java.base/java.util.concurrent.ThreadPoolExecutor.runWorker(ThreadPoolExecutor.java:1128)
	at java.base/java.util.concurrent.ThreadPoolExecutor$Worker.run(ThreadPoolExecutor.java:628)
	... 1 more
java.util.concurrent.ExecutionException: jetbrains.exodus.ExodusException
	at java.base/java.util.concurrent.FutureTask.report(FutureTask.java:122)
	at java.base/java.util.concurrent.FutureTask.get(FutureTask.java:191)
	at jetbrains.exodus.newLogConcept.MVCC.MVCCDataStructure.commitTransaction(MVCCDataStructure.java:299)
	at site.ycsb.db.XodusClient.insert(XodusClient.java:60)
	at site.ycsb.DBWrapper.insert(DBWrapper.java:227)
	at site.ycsb.workloads.CoreWorkload.doInsert(CoreWorkload.java:621)
	at site.ycsb.ClientThread.run(ClientThread.java:135)
	at java.base/java.lang.Thread.run(Thread.java:829)
Caused by: jetbrains.exodus.ExodusException
	at jetbrains.exodus.newLogConcept.garbageCollector.OperationLogGarbageCollector.moveAndRemoveRecordsFromLog(OperationLogGarbageCollector.java:69)
	at jetbrains.exodus.newLogConcept.garbageCollector.OperationLogGarbageCollector.clean(OperationLogGarbageCollector.java:51)
	at jetbrains.exodus.newLogConcept.MVCC.MVCCDataStructure.lambda$commitTransaction$1(MVCCDataStructure.java:297)
	at java.base/java.util.concurrent.Executors$RunnableAdapter.call(Executors.java:515)
	at java.base/java.util.concurrent.FutureTask.run(FutureTask.java:264)
	at java.base/java.util.concurrent.ThreadPoolExecutor.runWorker(ThreadPoolExecutor.java:1128)
	at java.base/java.util.concurrent.ThreadPoolExecutor$Worker.run(ThreadPoolExecutor.java:628)
	... 1 more
java.util.concurrent.ExecutionException: jetbrains.exodus.ExodusException
	at java.base/java.util.concurrent.FutureTask.report(FutureTask.java:122)
	at java.base/java.util.concurrent.FutureTask.get(FutureTask.java:191)
	at jetbrains.exodus.newLogConcept.MVCC.MVCCDataStructure.commitTransaction(MVCCDataStructure.java:299)
	at site.ycsb.db.XodusClient.insert(XodusClient.java:60)
	at site.ycsb.DBWrapper.insert(DBWrapper.java:227)
	at site.ycsb.workloads.CoreWorkload.doInsert(CoreWorkload.java:621)
	at site.ycsb.ClientThread.run(ClientThread.java:135)
	at java.base/java.lang.Thread.run(Thread.java:829)
Caused by: jetbrains.exodus.ExodusException
	at jetbrains.exodus.newLogConcept.garbageCollector.OperationLogGarbageCollector.moveAndRemoveRecordsFromLog(OperationLogGarbageCollector.java:69)
	at jetbrains.exodus.newLogConcept.garbageCollector.OperationLogGarbageCollector.clean(OperationLogGarbageCollector.java:51)
	at jetbrains.exodus.newLogConcept.MVCC.MVCCDataStructure.lambda$commitTransaction$1(MVCCDataStructure.java:297)
	at java.base/java.util.concurrent.Executors$RunnableAdapter.call(Executors.java:515)
	at java.base/java.util.concurrent.FutureTask.run(FutureTask.java:264)
	at java.base/java.util.concurrent.ThreadPoolExecutor.runWorker(ThreadPoolExecutor.java:1128)
	at java.base/java.util.concurrent.ThreadPoolExecutor$Worker.run(ThreadPoolExecutor.java:628)
	... 1 more
java.util.concurrent.ExecutionException: jetbrains.exodus.ExodusException
	at java.base/java.util.concurrent.FutureTask.report(FutureTask.java:122)
	at java.base/java.util.concurrent.FutureTask.get(FutureTask.java:191)
	at jetbrains.exodus.newLogConcept.MVCC.MVCCDataStructure.commitTransaction(MVCCDataStructure.java:299)
	at site.ycsb.db.XodusClient.insert(XodusClient.java:60)
	at site.ycsb.DBWrapper.insert(DBWrapper.java:227)
	at site.ycsb.workloads.CoreWorkload.doInsert(CoreWorkload.java:621)
	at site.ycsb.ClientThread.run(ClientThread.java:135)
	at java.base/java.lang.Thread.run(Thread.java:829)
Caused by: jetbrains.exodus.ExodusException
	at jetbrains.exodus.newLogConcept.garbageCollector.OperationLogGarbageCollector.moveAndRemoveRecordsFromLog(OperationLogGarbageCollector.java:69)
	at jetbrains.exodus.newLogConcept.garbageCollector.OperationLogGarbageCollector.clean(OperationLogGarbageCollector.java:51)
	at jetbrains.exodus.newLogConcept.MVCC.MVCCDataStructure.lambda$commitTransaction$1(MVCCDataStructure.java:297)
	at java.base/java.util.concurrent.Executors$RunnableAdapter.call(Executors.java:515)
	at java.base/java.util.concurrent.FutureTask.run(FutureTask.java:264)
	at java.base/java.util.concurrent.ThreadPoolExecutor.runWorker(ThreadPoolExecutor.java:1128)
	at java.base/java.util.concurrent.ThreadPoolExecutor$Worker.run(ThreadPoolExecutor.java:628)
	... 1 more
java.util.concurrent.ExecutionException: jetbrains.exodus.ExodusException
	at java.base/java.util.concurrent.FutureTask.report(FutureTask.java:122)
	at java.base/java.util.concurrent.FutureTask.get(FutureTask.java:191)
	at jetbrains.exodus.newLogConcept.MVCC.MVCCDataStructure.commitTransaction(MVCCDataStructure.java:299)
	at site.ycsb.db.XodusClient.insert(XodusClient.java:60)
	at site.ycsb.DBWrapper.insert(DBWrapper.java:227)
	at site.ycsb.workloads.CoreWorkload.doInsert(CoreWorkload.java:621)
	at site.ycsb.ClientThread.run(ClientThread.java:135)
	at java.base/java.lang.Thread.run(Thread.java:829)
Caused by: jetbrains.exodus.ExodusException
	at jetbrains.exodus.newLogConcept.garbageCollector.OperationLogGarbageCollector.moveAndRemoveRecordsFromLog(OperationLogGarbageCollector.java:69)
	at jetbrains.exodus.newLogConcept.garbageCollector.OperationLogGarbageCollector.clean(OperationLogGarbageCollector.java:51)
	at jetbrains.exodus.newLogConcept.MVCC.MVCCDataStructure.lambda$commitTransaction$1(MVCCDataStructure.java:297)
	at java.base/java.util.concurrent.Executors$RunnableAdapter.call(Executors.java:515)
	at java.base/java.util.concurrent.FutureTask.run(FutureTask.java:264)
	at java.base/java.util.concurrent.ThreadPoolExecutor.runWorker(ThreadPoolExecutor.java:1128)
	at java.base/java.util.concurrent.ThreadPoolExecutor$Worker.run(ThreadPoolExecutor.java:628)
	... 1 more
java.util.concurrent.ExecutionException: jetbrains.exodus.ExodusException
	at java.base/java.util.concurrent.FutureTask.report(FutureTask.java:122)
	at java.base/java.util.concurrent.FutureTask.get(FutureTask.java:191)
	at jetbrains.exodus.newLogConcept.MVCC.MVCCDataStructure.commitTransaction(MVCCDataStructure.java:299)
	at site.ycsb.db.XodusClient.insert(XodusClient.java:60)
	at site.ycsb.DBWrapper.insert(DBWrapper.java:227)
	at site.ycsb.workloads.CoreWorkload.doInsert(CoreWorkload.java:621)
	at site.ycsb.ClientThread.run(ClientThread.java:135)
	at java.base/java.lang.Thread.run(Thread.java:829)
Caused by: jetbrains.exodus.ExodusException
	at jetbrains.exodus.newLogConcept.garbageCollector.OperationLogGarbageCollector.moveAndRemoveRecordsFromLog(OperationLogGarbageCollector.java:69)
	at jetbrains.exodus.newLogConcept.garbageCollector.OperationLogGarbageCollector.clean(OperationLogGarbageCollector.java:51)
	at jetbrains.exodus.newLogConcept.MVCC.MVCCDataStructure.lambda$commitTransaction$1(MVCCDataStructure.java:297)
	at java.base/java.util.concurrent.Executors$RunnableAdapter.call(Executors.java:515)
	at java.base/java.util.concurrent.FutureTask.run(FutureTask.java:264)
	at java.base/java.util.concurrent.ThreadPoolExecutor.runWorker(ThreadPoolExecutor.java:1128)
	at java.base/java.util.concurrent.ThreadPoolExecutor$Worker.run(ThreadPoolExecutor.java:628)
	... 1 more
java.util.concurrent.ExecutionException: jetbrains.exodus.ExodusException
	at java.base/java.util.concurrent.FutureTask.report(FutureTask.java:122)
	at java.base/java.util.concurrent.FutureTask.get(FutureTask.java:191)
	at jetbrains.exodus.newLogConcept.MVCC.MVCCDataStructure.commitTransaction(MVCCDataStructure.java:299)
	at site.ycsb.db.XodusClient.insert(XodusClient.java:60)
	at site.ycsb.DBWrapper.insert(DBWrapper.java:227)
	at site.ycsb.workloads.CoreWorkload.doInsert(CoreWorkload.java:621)
	at site.ycsb.ClientThread.run(ClientThread.java:135)
	at java.base/java.lang.Thread.run(Thread.java:829)
Caused by: jetbrains.exodus.ExodusException
	at jetbrains.exodus.newLogConcept.garbageCollector.OperationLogGarbageCollector.moveAndRemoveRecordsFromLog(OperationLogGarbageCollector.java:69)
	at jetbrains.exodus.newLogConcept.garbageCollector.OperationLogGarbageCollector.clean(OperationLogGarbageCollector.java:51)
	at jetbrains.exodus.newLogConcept.MVCC.MVCCDataStructure.lambda$commitTransaction$1(MVCCDataStructure.java:297)
	at java.base/java.util.concurrent.Executors$RunnableAdapter.call(Executors.java:515)
	at java.base/java.util.concurrent.FutureTask.run(FutureTask.java:264)
	at java.base/java.util.concurrent.ThreadPoolExecutor.runWorker(ThreadPoolExecutor.java:1128)
	at java.base/java.util.concurrent.ThreadPoolExecutor$Worker.run(ThreadPoolExecutor.java:628)
	... 1 more
java.util.concurrent.ExecutionException: jetbrains.exodus.ExodusException
	at java.base/java.util.concurrent.FutureTask.report(FutureTask.java:122)
	at java.base/java.util.concurrent.FutureTask.get(FutureTask.java:191)
	at jetbrains.exodus.newLogConcept.MVCC.MVCCDataStructure.commitTransaction(MVCCDataStructure.java:299)
	at site.ycsb.db.XodusClient.insert(XodusClient.java:60)
	at site.ycsb.DBWrapper.insert(DBWrapper.java:227)
	at site.ycsb.workloads.CoreWorkload.doInsert(CoreWorkload.java:621)
	at site.ycsb.ClientThread.run(ClientThread.java:135)
	at java.base/java.lang.Thread.run(Thread.java:829)
Caused by: jetbrains.exodus.ExodusException
	at jetbrains.exodus.newLogConcept.garbageCollector.OperationLogGarbageCollector.moveAndRemoveRecordsFromLog(OperationLogGarbageCollector.java:69)
	at jetbrains.exodus.newLogConcept.garbageCollector.OperationLogGarbageCollector.clean(OperationLogGarbageCollector.java:51)
	at jetbrains.exodus.newLogConcept.MVCC.MVCCDataStructure.lambda$commitTransaction$1(MVCCDataStructure.java:297)
	at java.base/java.util.concurrent.Executors$RunnableAdapter.call(Executors.java:515)
	at java.base/java.util.concurrent.FutureTask.run(FutureTask.java:264)
	at java.base/java.util.concurrent.ThreadPoolExecutor.runWorker(ThreadPoolExecutor.java:1128)
	at java.base/java.util.concurrent.ThreadPoolExecutor$Worker.run(ThreadPoolExecutor.java:628)
	... 1 more
java.util.concurrent.ExecutionException: jetbrains.exodus.ExodusException
	at java.base/java.util.concurrent.FutureTask.report(FutureTask.java:122)
	at java.base/java.util.concurrent.FutureTask.get(FutureTask.java:191)
	at jetbrains.exodus.newLogConcept.MVCC.MVCCDataStructure.commitTransaction(MVCCDataStructure.java:299)
	at site.ycsb.db.XodusClient.insert(XodusClient.java:60)
	at site.ycsb.DBWrapper.insert(DBWrapper.java:227)
	at site.ycsb.workloads.CoreWorkload.doInsert(CoreWorkload.java:621)
	at site.ycsb.ClientThread.run(ClientThread.java:135)
	at java.base/java.lang.Thread.run(Thread.java:829)
Caused by: jetbrains.exodus.ExodusException
	at jetbrains.exodus.newLogConcept.garbageCollector.OperationLogGarbageCollector.moveAndRemoveRecordsFromLog(OperationLogGarbageCollector.java:69)
	at jetbrains.exodus.newLogConcept.garbageCollector.OperationLogGarbageCollector.clean(OperationLogGarbageCollector.java:51)
	at jetbrains.exodus.newLogConcept.MVCC.MVCCDataStructure.lambda$commitTransaction$1(MVCCDataStructure.java:297)
	at java.base/java.util.concurrent.Executors$RunnableAdapter.call(Executors.java:515)
	at java.base/java.util.concurrent.FutureTask.run(FutureTask.java:264)
	at java.base/java.util.concurrent.ThreadPoolExecutor.runWorker(ThreadPoolExecutor.java:1128)
	at java.base/java.util.concurrent.ThreadPoolExecutor$Worker.run(ThreadPoolExecutor.java:628)
	... 1 more
java.util.concurrent.ExecutionException: jetbrains.exodus.ExodusException
	at java.base/java.util.concurrent.FutureTask.report(FutureTask.java:122)
	at java.base/java.util.concurrent.FutureTask.get(FutureTask.java:191)
	at jetbrains.exodus.newLogConcept.MVCC.MVCCDataStructure.commitTransaction(MVCCDataStructure.java:299)
	at site.ycsb.db.XodusClient.insert(XodusClient.java:60)
	at site.ycsb.DBWrapper.insert(DBWrapper.java:227)
	at site.ycsb.workloads.CoreWorkload.doInsert(CoreWorkload.java:621)
	at site.ycsb.ClientThread.run(ClientThread.java:135)
	at java.base/java.lang.Thread.run(Thread.java:829)
Caused by: jetbrains.exodus.ExodusException
	at jetbrains.exodus.newLogConcept.garbageCollector.OperationLogGarbageCollector.moveAndRemoveRecordsFromLog(OperationLogGarbageCollector.java:69)
	at jetbrains.exodus.newLogConcept.garbageCollector.OperationLogGarbageCollector.clean(OperationLogGarbageCollector.java:51)
	at jetbrains.exodus.newLogConcept.MVCC.MVCCDataStructure.lambda$commitTransaction$1(MVCCDataStructure.java:297)
	at java.base/java.util.concurrent.Executors$RunnableAdapter.call(Executors.java:515)
	at java.base/java.util.concurrent.FutureTask.run(FutureTask.java:264)
	at java.base/java.util.concurrent.ThreadPoolExecutor.runWorker(ThreadPoolExecutor.java:1128)
	at java.base/java.util.concurrent.ThreadPoolExecutor$Worker.run(ThreadPoolExecutor.java:628)
	... 1 more
java.util.concurrent.ExecutionException: jetbrains.exodus.ExodusException
	at java.base/java.util.concurrent.FutureTask.report(FutureTask.java:122)
	at java.base/java.util.concurrent.FutureTask.get(FutureTask.java:191)
	at jetbrains.exodus.newLogConcept.MVCC.MVCCDataStructure.commitTransaction(MVCCDataStructure.java:299)
	at site.ycsb.db.XodusClient.insert(XodusClient.java:60)
	at site.ycsb.DBWrapper.insert(DBWrapper.java:227)
	at site.ycsb.workloads.CoreWorkload.doInsert(CoreWorkload.java:621)
	at site.ycsb.ClientThread.run(ClientThread.java:135)
	at java.base/java.lang.Thread.run(Thread.java:829)
Caused by: jetbrains.exodus.ExodusException
	at jetbrains.exodus.newLogConcept.garbageCollector.OperationLogGarbageCollector.moveAndRemoveRecordsFromLog(OperationLogGarbageCollector.java:69)
	at jetbrains.exodus.newLogConcept.garbageCollector.OperationLogGarbageCollector.clean(OperationLogGarbageCollector.java:51)
	at jetbrains.exodus.newLogConcept.MVCC.MVCCDataStructure.lambda$commitTransaction$1(MVCCDataStructure.java:297)
	at java.base/java.util.concurrent.Executors$RunnableAdapter.call(Executors.java:515)
	at java.base/java.util.concurrent.FutureTask.run(FutureTask.java:264)
	at java.base/java.util.concurrent.ThreadPoolExecutor.runWorker(ThreadPoolExecutor.java:1128)
	at java.base/java.util.concurrent.ThreadPoolExecutor$Worker.run(ThreadPoolExecutor.java:628)
	... 1 more
java.util.concurrent.ExecutionException: jetbrains.exodus.ExodusException
	at java.base/java.util.concurrent.FutureTask.report(FutureTask.java:122)
	at java.base/java.util.concurrent.FutureTask.get(FutureTask.java:191)
	at jetbrains.exodus.newLogConcept.MVCC.MVCCDataStructure.commitTransaction(MVCCDataStructure.java:299)
	at site.ycsb.db.XodusClient.insert(XodusClient.java:60)
	at site.ycsb.DBWrapper.insert(DBWrapper.java:227)
	at site.ycsb.workloads.CoreWorkload.doInsert(CoreWorkload.java:621)
	at site.ycsb.ClientThread.run(ClientThread.java:135)
	at java.base/java.lang.Thread.run(Thread.java:829)
Caused by: jetbrains.exodus.ExodusException
	at jetbrains.exodus.newLogConcept.garbageCollector.OperationLogGarbageCollector.moveAndRemoveRecordsFromLog(OperationLogGarbageCollector.java:69)
	at jetbrains.exodus.newLogConcept.garbageCollector.OperationLogGarbageCollector.clean(OperationLogGarbageCollector.java:51)
	at jetbrains.exodus.newLogConcept.MVCC.MVCCDataStructure.lambda$commitTransaction$1(MVCCDataStructure.java:297)
	at java.base/java.util.concurrent.Executors$RunnableAdapter.call(Executors.java:515)
	at java.base/java.util.concurrent.FutureTask.run(FutureTask.java:264)
	at java.base/java.util.concurrent.ThreadPoolExecutor.runWorker(ThreadPoolExecutor.java:1128)
	at java.base/java.util.concurrent.ThreadPoolExecutor$Worker.run(ThreadPoolExecutor.java:628)
	... 1 more
java.util.concurrent.ExecutionException: jetbrains.exodus.ExodusException
	at java.base/java.util.concurrent.FutureTask.report(FutureTask.java:122)
	at java.base/java.util.concurrent.FutureTask.get(FutureTask.java:191)
	at jetbrains.exodus.newLogConcept.MVCC.MVCCDataStructure.commitTransaction(MVCCDataStructure.java:299)
	at site.ycsb.db.XodusClient.insert(XodusClient.java:60)
	at site.ycsb.DBWrapper.insert(DBWrapper.java:227)
	at site.ycsb.workloads.CoreWorkload.doInsert(CoreWorkload.java:621)
	at site.ycsb.ClientThread.run(ClientThread.java:135)
	at java.base/java.lang.Thread.run(Thread.java:829)
Caused by: jetbrains.exodus.ExodusException
	at jetbrains.exodus.newLogConcept.garbageCollector.OperationLogGarbageCollector.moveAndRemoveRecordsFromLog(OperationLogGarbageCollector.java:69)
	at jetbrains.exodus.newLogConcept.garbageCollector.OperationLogGarbageCollector.clean(OperationLogGarbageCollector.java:51)
	at jetbrains.exodus.newLogConcept.MVCC.MVCCDataStructure.lambda$commitTransaction$1(MVCCDataStructure.java:297)
	at java.base/java.util.concurrent.Executors$RunnableAdapter.call(Executors.java:515)
	at java.base/java.util.concurrent.FutureTask.run(FutureTask.java:264)
	at java.base/java.util.concurrent.ThreadPoolExecutor.runWorker(ThreadPoolExecutor.java:1128)
	at java.base/java.util.concurrent.ThreadPoolExecutor$Worker.run(ThreadPoolExecutor.java:628)
	... 1 more
java.util.concurrent.ExecutionException: jetbrains.exodus.ExodusException
	at java.base/java.util.concurrent.FutureTask.report(FutureTask.java:122)
	at java.base/java.util.concurrent.FutureTask.get(FutureTask.java:191)
	at jetbrains.exodus.newLogConcept.MVCC.MVCCDataStructure.commitTransaction(MVCCDataStructure.java:299)
	at site.ycsb.db.XodusClient.insert(XodusClient.java:60)
	at site.ycsb.DBWrapper.insert(DBWrapper.java:227)
	at site.ycsb.workloads.CoreWorkload.doInsert(CoreWorkload.java:621)
	at site.ycsb.ClientThread.run(ClientThread.java:135)
	at java.base/java.lang.Thread.run(Thread.java:829)
Caused by: jetbrains.exodus.ExodusException
	at jetbrains.exodus.newLogConcept.garbageCollector.OperationLogGarbageCollector.moveAndRemoveRecordsFromLog(OperationLogGarbageCollector.java:69)
	at jetbrains.exodus.newLogConcept.garbageCollector.OperationLogGarbageCollector.clean(OperationLogGarbageCollector.java:51)
	at jetbrains.exodus.newLogConcept.MVCC.MVCCDataStructure.lambda$commitTransaction$1(MVCCDataStructure.java:297)
	at java.base/java.util.concurrent.Executors$RunnableAdapter.call(Executors.java:515)
	at java.base/java.util.concurrent.FutureTask.run(FutureTask.java:264)
	at java.base/java.util.concurrent.ThreadPoolExecutor.runWorker(ThreadPoolExecutor.java:1128)
	at java.base/java.util.concurrent.ThreadPoolExecutor$Worker.run(ThreadPoolExecutor.java:628)
	... 1 more
java.util.concurrent.ExecutionException: jetbrains.exodus.ExodusException
	at java.base/java.util.concurrent.FutureTask.report(FutureTask.java:122)
	at java.base/java.util.concurrent.FutureTask.get(FutureTask.java:191)
	at jetbrains.exodus.newLogConcept.MVCC.MVCCDataStructure.commitTransaction(MVCCDataStructure.java:299)
	at site.ycsb.db.XodusClient.insert(XodusClient.java:60)
	at site.ycsb.DBWrapper.insert(DBWrapper.java:227)
	at site.ycsb.workloads.CoreWorkload.doInsert(CoreWorkload.java:621)
	at site.ycsb.ClientThread.run(ClientThread.java:135)
	at java.base/java.lang.Thread.run(Thread.java:829)
Caused by: jetbrains.exodus.ExodusException
	at jetbrains.exodus.newLogConcept.garbageCollector.OperationLogGarbageCollector.moveAndRemoveRecordsFromLog(OperationLogGarbageCollector.java:69)
	at jetbrains.exodus.newLogConcept.garbageCollector.OperationLogGarbageCollector.clean(OperationLogGarbageCollector.java:51)
	at jetbrains.exodus.newLogConcept.MVCC.MVCCDataStructure.lambda$commitTransaction$1(MVCCDataStructure.java:297)
	at java.base/java.util.concurrent.Executors$RunnableAdapter.call(Executors.java:515)
	at java.base/java.util.concurrent.FutureTask.run(FutureTask.java:264)
	at java.base/java.util.concurrent.ThreadPoolExecutor.runWorker(ThreadPoolExecutor.java:1128)
	at java.base/java.util.concurrent.ThreadPoolExecutor$Worker.run(ThreadPoolExecutor.java:628)
	... 1 more
java.util.concurrent.ExecutionException: jetbrains.exodus.ExodusException
	at java.base/java.util.concurrent.FutureTask.report(FutureTask.java:122)
	at java.base/java.util.concurrent.FutureTask.get(FutureTask.java:191)
	at jetbrains.exodus.newLogConcept.MVCC.MVCCDataStructure.commitTransaction(MVCCDataStructure.java:299)
	at site.ycsb.db.XodusClient.insert(XodusClient.java:60)
	at site.ycsb.DBWrapper.insert(DBWrapper.java:227)
	at site.ycsb.workloads.CoreWorkload.doInsert(CoreWorkload.java:621)
	at site.ycsb.ClientThread.run(ClientThread.java:135)
	at java.base/java.lang.Thread.run(Thread.java:829)
Caused by: jetbrains.exodus.ExodusException
	at jetbrains.exodus.newLogConcept.garbageCollector.OperationLogGarbageCollector.moveAndRemoveRecordsFromLog(OperationLogGarbageCollector.java:69)
	at jetbrains.exodus.newLogConcept.garbageCollector.OperationLogGarbageCollector.clean(OperationLogGarbageCollector.java:51)
	at jetbrains.exodus.newLogConcept.MVCC.MVCCDataStructure.lambda$commitTransaction$1(MVCCDataStructure.java:297)
	at java.base/java.util.concurrent.Executors$RunnableAdapter.call(Executors.java:515)
	at java.base/java.util.concurrent.FutureTask.run(FutureTask.java:264)
	at java.base/java.util.concurrent.ThreadPoolExecutor.runWorker(ThreadPoolExecutor.java:1128)
	at java.base/java.util.concurrent.ThreadPoolExecutor$Worker.run(ThreadPoolExecutor.java:628)
	... 1 more
java.util.concurrent.ExecutionException: jetbrains.exodus.ExodusException
	at java.base/java.util.concurrent.FutureTask.report(FutureTask.java:122)
	at java.base/java.util.concurrent.FutureTask.get(FutureTask.java:191)
	at jetbrains.exodus.newLogConcept.MVCC.MVCCDataStructure.commitTransaction(MVCCDataStructure.java:299)
	at site.ycsb.db.XodusClient.insert(XodusClient.java:60)
	at site.ycsb.DBWrapper.insert(DBWrapper.java:227)
	at site.ycsb.workloads.CoreWorkload.doInsert(CoreWorkload.java:621)
	at site.ycsb.ClientThread.run(ClientThread.java:135)
	at java.base/java.lang.Thread.run(Thread.java:829)
Caused by: jetbrains.exodus.ExodusException
	at jetbrains.exodus.newLogConcept.garbageCollector.OperationLogGarbageCollector.moveAndRemoveRecordsFromLog(OperationLogGarbageCollector.java:69)
	at jetbrains.exodus.newLogConcept.garbageCollector.OperationLogGarbageCollector.clean(OperationLogGarbageCollector.java:51)
	at jetbrains.exodus.newLogConcept.MVCC.MVCCDataStructure.lambda$commitTransaction$1(MVCCDataStructure.java:297)
	at java.base/java.util.concurrent.Executors$RunnableAdapter.call(Executors.java:515)
	at java.base/java.util.concurrent.FutureTask.run(FutureTask.java:264)
	at java.base/java.util.concurrent.ThreadPoolExecutor.runWorker(ThreadPoolExecutor.java:1128)
	at java.base/java.util.concurrent.ThreadPoolExecutor$Worker.run(ThreadPoolExecutor.java:628)
	... 1 more
java.util.concurrent.ExecutionException: jetbrains.exodus.ExodusException
	at java.base/java.util.concurrent.FutureTask.report(FutureTask.java:122)
	at java.base/java.util.concurrent.FutureTask.get(FutureTask.java:191)
	at jetbrains.exodus.newLogConcept.MVCC.MVCCDataStructure.commitTransaction(MVCCDataStructure.java:299)
	at site.ycsb.db.XodusClient.insert(XodusClient.java:60)
	at site.ycsb.DBWrapper.insert(DBWrapper.java:227)
	at site.ycsb.workloads.CoreWorkload.doInsert(CoreWorkload.java:621)
	at site.ycsb.ClientThread.run(ClientThread.java:135)
	at java.base/java.lang.Thread.run(Thread.java:829)
Caused by: jetbrains.exodus.ExodusException
	at jetbrains.exodus.newLogConcept.garbageCollector.OperationLogGarbageCollector.moveAndRemoveRecordsFromLog(OperationLogGarbageCollector.java:69)
	at jetbrains.exodus.newLogConcept.garbageCollector.OperationLogGarbageCollector.clean(OperationLogGarbageCollector.java:51)
	at jetbrains.exodus.newLogConcept.MVCC.MVCCDataStructure.lambda$commitTransaction$1(MVCCDataStructure.java:297)
	at java.base/java.util.concurrent.Executors$RunnableAdapter.call(Executors.java:515)
	at java.base/java.util.concurrent.FutureTask.run(FutureTask.java:264)
	at java.base/java.util.concurrent.ThreadPoolExecutor.runWorker(ThreadPoolExecutor.java:1128)
	at java.base/java.util.concurrent.ThreadPoolExecutor$Worker.run(ThreadPoolExecutor.java:628)
	... 1 more
java.util.concurrent.ExecutionException: jetbrains.exodus.ExodusException
	at java.base/java.util.concurrent.FutureTask.report(FutureTask.java:122)
	at java.base/java.util.concurrent.FutureTask.get(FutureTask.java:191)
	at jetbrains.exodus.newLogConcept.MVCC.MVCCDataStructure.commitTransaction(MVCCDataStructure.java:299)
	at site.ycsb.db.XodusClient.insert(XodusClient.java:60)
	at site.ycsb.DBWrapper.insert(DBWrapper.java:227)
	at site.ycsb.workloads.CoreWorkload.doInsert(CoreWorkload.java:621)
	at site.ycsb.ClientThread.run(ClientThread.java:135)
	at java.base/java.lang.Thread.run(Thread.java:829)
Caused by: jetbrains.exodus.ExodusException
	at jetbrains.exodus.newLogConcept.garbageCollector.OperationLogGarbageCollector.moveAndRemoveRecordsFromLog(OperationLogGarbageCollector.java:69)
	at jetbrains.exodus.newLogConcept.garbageCollector.OperationLogGarbageCollector.clean(OperationLogGarbageCollector.java:51)
	at jetbrains.exodus.newLogConcept.MVCC.MVCCDataStructure.lambda$commitTransaction$1(MVCCDataStructure.java:297)
	at java.base/java.util.concurrent.Executors$RunnableAdapter.call(Executors.java:515)
	at java.base/java.util.concurrent.FutureTask.run(FutureTask.java:264)
	at java.base/java.util.concurrent.ThreadPoolExecutor.runWorker(ThreadPoolExecutor.java:1128)
	at java.base/java.util.concurrent.ThreadPoolExecutor$Worker.run(ThreadPoolExecutor.java:628)
	... 1 more
java.util.concurrent.ExecutionException: jetbrains.exodus.ExodusException
	at java.base/java.util.concurrent.FutureTask.report(FutureTask.java:122)
	at java.base/java.util.concurrent.FutureTask.get(FutureTask.java:191)
	at jetbrains.exodus.newLogConcept.MVCC.MVCCDataStructure.commitTransaction(MVCCDataStructure.java:299)
	at site.ycsb.db.XodusClient.insert(XodusClient.java:60)
	at site.ycsb.DBWrapper.insert(DBWrapper.java:227)
	at site.ycsb.workloads.CoreWorkload.doInsert(CoreWorkload.java:621)
	at site.ycsb.ClientThread.run(ClientThread.java:135)
	at java.base/java.lang.Thread.run(Thread.java:829)
Caused by: jetbrains.exodus.ExodusException
	at jetbrains.exodus.newLogConcept.garbageCollector.OperationLogGarbageCollector.moveAndRemoveRecordsFromLog(OperationLogGarbageCollector.java:69)
	at jetbrains.exodus.newLogConcept.garbageCollector.OperationLogGarbageCollector.clean(OperationLogGarbageCollector.java:51)
	at jetbrains.exodus.newLogConcept.MVCC.MVCCDataStructure.lambda$commitTransaction$1(MVCCDataStructure.java:297)
	at java.base/java.util.concurrent.Executors$RunnableAdapter.call(Executors.java:515)
	at java.base/java.util.concurrent.FutureTask.run(FutureTask.java:264)
	at java.base/java.util.concurrent.ThreadPoolExecutor.runWorker(ThreadPoolExecutor.java:1128)
	at java.base/java.util.concurrent.ThreadPoolExecutor$Worker.run(ThreadPoolExecutor.java:628)
	... 1 more
java.util.concurrent.ExecutionException: jetbrains.exodus.ExodusException
	at java.base/java.util.concurrent.FutureTask.report(FutureTask.java:122)
	at java.base/java.util.concurrent.FutureTask.get(FutureTask.java:191)
	at jetbrains.exodus.newLogConcept.MVCC.MVCCDataStructure.commitTransaction(MVCCDataStructure.java:299)
	at site.ycsb.db.XodusClient.insert(XodusClient.java:60)
	at site.ycsb.DBWrapper.insert(DBWrapper.java:227)
	at site.ycsb.workloads.CoreWorkload.doInsert(CoreWorkload.java:621)
	at site.ycsb.ClientThread.run(ClientThread.java:135)
	at java.base/java.lang.Thread.run(Thread.java:829)
Caused by: jetbrains.exodus.ExodusException
	at jetbrains.exodus.newLogConcept.garbageCollector.OperationLogGarbageCollector.moveAndRemoveRecordsFromLog(OperationLogGarbageCollector.java:69)
	at jetbrains.exodus.newLogConcept.garbageCollector.OperationLogGarbageCollector.clean(OperationLogGarbageCollector.java:51)
	at jetbrains.exodus.newLogConcept.MVCC.MVCCDataStructure.lambda$commitTransaction$1(MVCCDataStructure.java:297)
	at java.base/java.util.concurrent.Executors$RunnableAdapter.call(Executors.java:515)
	at java.base/java.util.concurrent.FutureTask.run(FutureTask.java:264)
	at java.base/java.util.concurrent.ThreadPoolExecutor.runWorker(ThreadPoolExecutor.java:1128)
	at java.base/java.util.concurrent.ThreadPoolExecutor$Worker.run(ThreadPoolExecutor.java:628)
	... 1 more
java.util.concurrent.ExecutionException: jetbrains.exodus.ExodusException
	at java.base/java.util.concurrent.FutureTask.report(FutureTask.java:122)
	at java.base/java.util.concurrent.FutureTask.get(FutureTask.java:191)
	at jetbrains.exodus.newLogConcept.MVCC.MVCCDataStructure.commitTransaction(MVCCDataStructure.java:299)
	at site.ycsb.db.XodusClient.insert(XodusClient.java:60)
	at site.ycsb.DBWrapper.insert(DBWrapper.java:227)
	at site.ycsb.workloads.CoreWorkload.doInsert(CoreWorkload.java:621)
	at site.ycsb.ClientThread.run(ClientThread.java:135)
	at java.base/java.lang.Thread.run(Thread.java:829)
Caused by: jetbrains.exodus.ExodusException
	at jetbrains.exodus.newLogConcept.garbageCollector.OperationLogGarbageCollector.moveAndRemoveRecordsFromLog(OperationLogGarbageCollector.java:69)
	at jetbrains.exodus.newLogConcept.garbageCollector.OperationLogGarbageCollector.clean(OperationLogGarbageCollector.java:51)
	at jetbrains.exodus.newLogConcept.MVCC.MVCCDataStructure.lambda$commitTransaction$1(MVCCDataStructure.java:297)
	at java.base/java.util.concurrent.Executors$RunnableAdapter.call(Executors.java:515)
	at java.base/java.util.concurrent.FutureTask.run(FutureTask.java:264)
	at java.base/java.util.concurrent.ThreadPoolExecutor.runWorker(ThreadPoolExecutor.java:1128)
	at java.base/java.util.concurrent.ThreadPoolExecutor$Worker.run(ThreadPoolExecutor.java:628)
	... 1 more
java.util.concurrent.ExecutionException: jetbrains.exodus.ExodusException
	at java.base/java.util.concurrent.FutureTask.report(FutureTask.java:122)
	at java.base/java.util.concurrent.FutureTask.get(FutureTask.java:191)
	at jetbrains.exodus.newLogConcept.MVCC.MVCCDataStructure.commitTransaction(MVCCDataStructure.java:299)
	at site.ycsb.db.XodusClient.insert(XodusClient.java:60)
	at site.ycsb.DBWrapper.insert(DBWrapper.java:227)
	at site.ycsb.workloads.CoreWorkload.doInsert(CoreWorkload.java:621)
	at site.ycsb.ClientThread.run(ClientThread.java:135)
	at java.base/java.lang.Thread.run(Thread.java:829)
Caused by: jetbrains.exodus.ExodusException
	at jetbrains.exodus.newLogConcept.garbageCollector.OperationLogGarbageCollector.moveAndRemoveRecordsFromLog(OperationLogGarbageCollector.java:69)
	at jetbrains.exodus.newLogConcept.garbageCollector.OperationLogGarbageCollector.clean(OperationLogGarbageCollector.java:51)
	at jetbrains.exodus.newLogConcept.MVCC.MVCCDataStructure.lambda$commitTransaction$1(MVCCDataStructure.java:297)
	at java.base/java.util.concurrent.Executors$RunnableAdapter.call(Executors.java:515)
	at java.base/java.util.concurrent.FutureTask.run(FutureTask.java:264)
	at java.base/java.util.concurrent.ThreadPoolExecutor.runWorker(ThreadPoolExecutor.java:1128)
	at java.base/java.util.concurrent.ThreadPoolExecutor$Worker.run(ThreadPoolExecutor.java:628)
	... 1 more
java.util.concurrent.ExecutionException: jetbrains.exodus.ExodusException
	at java.base/java.util.concurrent.FutureTask.report(FutureTask.java:122)
	at java.base/java.util.concurrent.FutureTask.get(FutureTask.java:191)
	at jetbrains.exodus.newLogConcept.MVCC.MVCCDataStructure.commitTransaction(MVCCDataStructure.java:299)
	at site.ycsb.db.XodusClient.insert(XodusClient.java:60)
	at site.ycsb.DBWrapper.insert(DBWrapper.java:227)
	at site.ycsb.workloads.CoreWorkload.doInsert(CoreWorkload.java:621)
	at site.ycsb.ClientThread.run(ClientThread.java:135)
	at java.base/java.lang.Thread.run(Thread.java:829)
Caused by: jetbrains.exodus.ExodusException
	at jetbrains.exodus.newLogConcept.garbageCollector.OperationLogGarbageCollector.moveAndRemoveRecordsFromLog(OperationLogGarbageCollector.java:69)
	at jetbrains.exodus.newLogConcept.garbageCollector.OperationLogGarbageCollector.clean(OperationLogGarbageCollector.java:51)
	at jetbrains.exodus.newLogConcept.MVCC.MVCCDataStructure.lambda$commitTransaction$1(MVCCDataStructure.java:297)
	at java.base/java.util.concurrent.Executors$RunnableAdapter.call(Executors.java:515)
	at java.base/java.util.concurrent.FutureTask.run(FutureTask.java:264)
	at java.base/java.util.concurrent.ThreadPoolExecutor.runWorker(ThreadPoolExecutor.java:1128)
	at java.base/java.util.concurrent.ThreadPoolExecutor$Worker.run(ThreadPoolExecutor.java:628)
	... 1 more
java.util.concurrent.ExecutionException: jetbrains.exodus.ExodusException
	at java.base/java.util.concurrent.FutureTask.report(FutureTask.java:122)
	at java.base/java.util.concurrent.FutureTask.get(FutureTask.java:191)
	at jetbrains.exodus.newLogConcept.MVCC.MVCCDataStructure.commitTransaction(MVCCDataStructure.java:299)
	at site.ycsb.db.XodusClient.insert(XodusClient.java:60)
	at site.ycsb.DBWrapper.insert(DBWrapper.java:227)
	at site.ycsb.workloads.CoreWorkload.doInsert(CoreWorkload.java:621)
	at site.ycsb.ClientThread.run(ClientThread.java:135)
	at java.base/java.lang.Thread.run(Thread.java:829)
Caused by: jetbrains.exodus.ExodusException
	at jetbrains.exodus.newLogConcept.garbageCollector.OperationLogGarbageCollector.moveAndRemoveRecordsFromLog(OperationLogGarbageCollector.java:69)
	at jetbrains.exodus.newLogConcept.garbageCollector.OperationLogGarbageCollector.clean(OperationLogGarbageCollector.java:51)
	at jetbrains.exodus.newLogConcept.MVCC.MVCCDataStructure.lambda$commitTransaction$1(MVCCDataStructure.java:297)
	at java.base/java.util.concurrent.Executors$RunnableAdapter.call(Executors.java:515)
	at java.base/java.util.concurrent.FutureTask.run(FutureTask.java:264)
	at java.base/java.util.concurrent.ThreadPoolExecutor.runWorker(ThreadPoolExecutor.java:1128)
	at java.base/java.util.concurrent.ThreadPoolExecutor$Worker.run(ThreadPoolExecutor.java:628)
	... 1 more
java.util.concurrent.ExecutionException: jetbrains.exodus.ExodusException
	at java.base/java.util.concurrent.FutureTask.report(FutureTask.java:122)
	at java.base/java.util.concurrent.FutureTask.get(FutureTask.java:191)
	at jetbrains.exodus.newLogConcept.MVCC.MVCCDataStructure.commitTransaction(MVCCDataStructure.java:299)
	at site.ycsb.db.XodusClient.insert(XodusClient.java:60)
	at site.ycsb.DBWrapper.insert(DBWrapper.java:227)
	at site.ycsb.workloads.CoreWorkload.doInsert(CoreWorkload.java:621)
	at site.ycsb.ClientThread.run(ClientThread.java:135)
	at java.base/java.lang.Thread.run(Thread.java:829)
Caused by: jetbrains.exodus.ExodusException
	at jetbrains.exodus.newLogConcept.garbageCollector.OperationLogGarbageCollector.moveAndRemoveRecordsFromLog(OperationLogGarbageCollector.java:69)
	at jetbrains.exodus.newLogConcept.garbageCollector.OperationLogGarbageCollector.clean(OperationLogGarbageCollector.java:51)
	at jetbrains.exodus.newLogConcept.MVCC.MVCCDataStructure.lambda$commitTransaction$1(MVCCDataStructure.java:297)
	at java.base/java.util.concurrent.Executors$RunnableAdapter.call(Executors.java:515)
	at java.base/java.util.concurrent.FutureTask.run(FutureTask.java:264)
	at java.base/java.util.concurrent.ThreadPoolExecutor.runWorker(ThreadPoolExecutor.java:1128)
	at java.base/java.util.concurrent.ThreadPoolExecutor$Worker.run(ThreadPoolExecutor.java:628)
	... 1 more
java.util.concurrent.ExecutionException: jetbrains.exodus.ExodusException
	at java.base/java.util.concurrent.FutureTask.report(FutureTask.java:122)
	at java.base/java.util.concurrent.FutureTask.get(FutureTask.java:191)
	at jetbrains.exodus.newLogConcept.MVCC.MVCCDataStructure.commitTransaction(MVCCDataStructure.java:299)
	at site.ycsb.db.XodusClient.insert(XodusClient.java:60)
	at site.ycsb.DBWrapper.insert(DBWrapper.java:227)
	at site.ycsb.workloads.CoreWorkload.doInsert(CoreWorkload.java:621)
	at site.ycsb.ClientThread.run(ClientThread.java:135)
	at java.base/java.lang.Thread.run(Thread.java:829)
Caused by: jetbrains.exodus.ExodusException
	at jetbrains.exodus.newLogConcept.garbageCollector.OperationLogGarbageCollector.moveAndRemoveRecordsFromLog(OperationLogGarbageCollector.java:69)
	at jetbrains.exodus.newLogConcept.garbageCollector.OperationLogGarbageCollector.clean(OperationLogGarbageCollector.java:51)
	at jetbrains.exodus.newLogConcept.MVCC.MVCCDataStructure.lambda$commitTransaction$1(MVCCDataStructure.java:297)
	at java.base/java.util.concurrent.Executors$RunnableAdapter.call(Executors.java:515)
	at java.base/java.util.concurrent.FutureTask.run(FutureTask.java:264)
	at java.base/java.util.concurrent.ThreadPoolExecutor.runWorker(ThreadPoolExecutor.java:1128)
	at java.base/java.util.concurrent.ThreadPoolExecutor$Worker.run(ThreadPoolExecutor.java:628)
	... 1 more
java.util.concurrent.ExecutionException: jetbrains.exodus.ExodusException
	at java.base/java.util.concurrent.FutureTask.report(FutureTask.java:122)
	at java.base/java.util.concurrent.FutureTask.get(FutureTask.java:191)
	at jetbrains.exodus.newLogConcept.MVCC.MVCCDataStructure.commitTransaction(MVCCDataStructure.java:299)
	at site.ycsb.db.XodusClient.insert(XodusClient.java:60)
	at site.ycsb.DBWrapper.insert(DBWrapper.java:227)
	at site.ycsb.workloads.CoreWorkload.doInsert(CoreWorkload.java:621)
	at site.ycsb.ClientThread.run(ClientThread.java:135)
	at java.base/java.lang.Thread.run(Thread.java:829)
Caused by: jetbrains.exodus.ExodusException
	at jetbrains.exodus.newLogConcept.garbageCollector.OperationLogGarbageCollector.moveAndRemoveRecordsFromLog(OperationLogGarbageCollector.java:69)
	at jetbrains.exodus.newLogConcept.garbageCollector.OperationLogGarbageCollector.clean(OperationLogGarbageCollector.java:51)
	at jetbrains.exodus.newLogConcept.MVCC.MVCCDataStructure.lambda$commitTransaction$1(MVCCDataStructure.java:297)
	at java.base/java.util.concurrent.Executors$RunnableAdapter.call(Executors.java:515)
	at java.base/java.util.concurrent.FutureTask.run(FutureTask.java:264)
	at java.base/java.util.concurrent.ThreadPoolExecutor.runWorker(ThreadPoolExecutor.java:1128)
	at java.base/java.util.concurrent.ThreadPoolExecutor$Worker.run(ThreadPoolExecutor.java:628)
	... 1 more
java.util.concurrent.ExecutionException: jetbrains.exodus.ExodusException
	at java.base/java.util.concurrent.FutureTask.report(FutureTask.java:122)
	at java.base/java.util.concurrent.FutureTask.get(FutureTask.java:191)
	at jetbrains.exodus.newLogConcept.MVCC.MVCCDataStructure.commitTransaction(MVCCDataStructure.java:299)
	at site.ycsb.db.XodusClient.insert(XodusClient.java:60)
	at site.ycsb.DBWrapper.insert(DBWrapper.java:227)
	at site.ycsb.workloads.CoreWorkload.doInsert(CoreWorkload.java:621)
	at site.ycsb.ClientThread.run(ClientThread.java:135)
	at java.base/java.lang.Thread.run(Thread.java:829)
Caused by: jetbrains.exodus.ExodusException
	at jetbrains.exodus.newLogConcept.garbageCollector.OperationLogGarbageCollector.moveAndRemoveRecordsFromLog(OperationLogGarbageCollector.java:69)
	at jetbrains.exodus.newLogConcept.garbageCollector.OperationLogGarbageCollector.clean(OperationLogGarbageCollector.java:51)
	at jetbrains.exodus.newLogConcept.MVCC.MVCCDataStructure.lambda$commitTransaction$1(MVCCDataStructure.java:297)
	at java.base/java.util.concurrent.Executors$RunnableAdapter.call(Executors.java:515)
	at java.base/java.util.concurrent.FutureTask.run(FutureTask.java:264)
	at java.base/java.util.concurrent.ThreadPoolExecutor.runWorker(ThreadPoolExecutor.java:1128)
	at java.base/java.util.concurrent.ThreadPoolExecutor$Worker.run(ThreadPoolExecutor.java:628)
	... 1 more
java.util.concurrent.ExecutionException: jetbrains.exodus.ExodusException
	at java.base/java.util.concurrent.FutureTask.report(FutureTask.java:122)
	at java.base/java.util.concurrent.FutureTask.get(FutureTask.java:191)
	at jetbrains.exodus.newLogConcept.MVCC.MVCCDataStructure.commitTransaction(MVCCDataStructure.java:299)
	at site.ycsb.db.XodusClient.insert(XodusClient.java:60)
	at site.ycsb.DBWrapper.insert(DBWrapper.java:227)
	at site.ycsb.workloads.CoreWorkload.doInsert(CoreWorkload.java:621)
	at site.ycsb.ClientThread.run(ClientThread.java:135)
	at java.base/java.lang.Thread.run(Thread.java:829)
Caused by: jetbrains.exodus.ExodusException
	at jetbrains.exodus.newLogConcept.garbageCollector.OperationLogGarbageCollector.moveAndRemoveRecordsFromLog(OperationLogGarbageCollector.java:69)
	at jetbrains.exodus.newLogConcept.garbageCollector.OperationLogGarbageCollector.clean(OperationLogGarbageCollector.java:51)
	at jetbrains.exodus.newLogConcept.MVCC.MVCCDataStructure.lambda$commitTransaction$1(MVCCDataStructure.java:297)
	at java.base/java.util.concurrent.Executors$RunnableAdapter.call(Executors.java:515)
	at java.base/java.util.concurrent.FutureTask.run(FutureTask.java:264)
	at java.base/java.util.concurrent.ThreadPoolExecutor.runWorker(ThreadPoolExecutor.java:1128)
	at java.base/java.util.concurrent.ThreadPoolExecutor$Worker.run(ThreadPoolExecutor.java:628)
	... 1 more
java.util.concurrent.ExecutionException: jetbrains.exodus.ExodusException
	at java.base/java.util.concurrent.FutureTask.report(FutureTask.java:122)
	at java.base/java.util.concurrent.FutureTask.get(FutureTask.java:191)
	at jetbrains.exodus.newLogConcept.MVCC.MVCCDataStructure.commitTransaction(MVCCDataStructure.java:299)
	at site.ycsb.db.XodusClient.insert(XodusClient.java:60)
	at site.ycsb.DBWrapper.insert(DBWrapper.java:227)
	at site.ycsb.workloads.CoreWorkload.doInsert(CoreWorkload.java:621)
	at site.ycsb.ClientThread.run(ClientThread.java:135)
	at java.base/java.lang.Thread.run(Thread.java:829)
Caused by: jetbrains.exodus.ExodusException
	at jetbrains.exodus.newLogConcept.garbageCollector.OperationLogGarbageCollector.moveAndRemoveRecordsFromLog(OperationLogGarbageCollector.java:69)
	at jetbrains.exodus.newLogConcept.garbageCollector.OperationLogGarbageCollector.clean(OperationLogGarbageCollector.java:51)
	at jetbrains.exodus.newLogConcept.MVCC.MVCCDataStructure.lambda$commitTransaction$1(MVCCDataStructure.java:297)
	at java.base/java.util.concurrent.Executors$RunnableAdapter.call(Executors.java:515)
	at java.base/java.util.concurrent.FutureTask.run(FutureTask.java:264)
	at java.base/java.util.concurrent.ThreadPoolExecutor.runWorker(ThreadPoolExecutor.java:1128)
	at java.base/java.util.concurrent.ThreadPoolExecutor$Worker.run(ThreadPoolExecutor.java:628)
	... 1 more
java.util.concurrent.ExecutionException: jetbrains.exodus.ExodusException
	at java.base/java.util.concurrent.FutureTask.report(FutureTask.java:122)
	at java.base/java.util.concurrent.FutureTask.get(FutureTask.java:191)
	at jetbrains.exodus.newLogConcept.MVCC.MVCCDataStructure.commitTransaction(MVCCDataStructure.java:299)
	at site.ycsb.db.XodusClient.insert(XodusClient.java:60)
	at site.ycsb.DBWrapper.insert(DBWrapper.java:227)
	at site.ycsb.workloads.CoreWorkload.doInsert(CoreWorkload.java:621)
	at site.ycsb.ClientThread.run(ClientThread.java:135)
	at java.base/java.lang.Thread.run(Thread.java:829)
Caused by: jetbrains.exodus.ExodusException
	at jetbrains.exodus.newLogConcept.garbageCollector.OperationLogGarbageCollector.moveAndRemoveRecordsFromLog(OperationLogGarbageCollector.java:69)
	at jetbrains.exodus.newLogConcept.garbageCollector.OperationLogGarbageCollector.clean(OperationLogGarbageCollector.java:51)
	at jetbrains.exodus.newLogConcept.MVCC.MVCCDataStructure.lambda$commitTransaction$1(MVCCDataStructure.java:297)
	at java.base/java.util.concurrent.Executors$RunnableAdapter.call(Executors.java:515)
	at java.base/java.util.concurrent.FutureTask.run(FutureTask.java:264)
	at java.base/java.util.concurrent.ThreadPoolExecutor.runWorker(ThreadPoolExecutor.java:1128)
	at java.base/java.util.concurrent.ThreadPoolExecutor$Worker.run(ThreadPoolExecutor.java:628)
	... 1 more
java.util.concurrent.ExecutionException: jetbrains.exodus.ExodusException
	at java.base/java.util.concurrent.FutureTask.report(FutureTask.java:122)
	at java.base/java.util.concurrent.FutureTask.get(FutureTask.java:191)
	at jetbrains.exodus.newLogConcept.MVCC.MVCCDataStructure.commitTransaction(MVCCDataStructure.java:299)
	at site.ycsb.db.XodusClient.insert(XodusClient.java:60)
	at site.ycsb.DBWrapper.insert(DBWrapper.java:227)
	at site.ycsb.workloads.CoreWorkload.doInsert(CoreWorkload.java:621)
	at site.ycsb.ClientThread.run(ClientThread.java:135)
	at java.base/java.lang.Thread.run(Thread.java:829)
Caused by: jetbrains.exodus.ExodusException
	at jetbrains.exodus.newLogConcept.garbageCollector.OperationLogGarbageCollector.moveAndRemoveRecordsFromLog(OperationLogGarbageCollector.java:69)
	at jetbrains.exodus.newLogConcept.garbageCollector.OperationLogGarbageCollector.clean(OperationLogGarbageCollector.java:51)
	at jetbrains.exodus.newLogConcept.MVCC.MVCCDataStructure.lambda$commitTransaction$1(MVCCDataStructure.java:297)
	at java.base/java.util.concurrent.Executors$RunnableAdapter.call(Executors.java:515)
	at java.base/java.util.concurrent.FutureTask.run(FutureTask.java:264)
	at java.base/java.util.concurrent.ThreadPoolExecutor.runWorker(ThreadPoolExecutor.java:1128)
	at java.base/java.util.concurrent.ThreadPoolExecutor$Worker.run(ThreadPoolExecutor.java:628)
	... 1 more
java.util.concurrent.ExecutionException: jetbrains.exodus.ExodusException
	at java.base/java.util.concurrent.FutureTask.report(FutureTask.java:122)
	at java.base/java.util.concurrent.FutureTask.get(FutureTask.java:191)
	at jetbrains.exodus.newLogConcept.MVCC.MVCCDataStructure.commitTransaction(MVCCDataStructure.java:299)
	at site.ycsb.db.XodusClient.insert(XodusClient.java:60)
	at site.ycsb.DBWrapper.insert(DBWrapper.java:227)
	at site.ycsb.workloads.CoreWorkload.doInsert(CoreWorkload.java:621)
	at site.ycsb.ClientThread.run(ClientThread.java:135)
	at java.base/java.lang.Thread.run(Thread.java:829)
Caused by: jetbrains.exodus.ExodusException
	at jetbrains.exodus.newLogConcept.garbageCollector.OperationLogGarbageCollector.moveAndRemoveRecordsFromLog(OperationLogGarbageCollector.java:69)
	at jetbrains.exodus.newLogConcept.garbageCollector.OperationLogGarbageCollector.clean(OperationLogGarbageCollector.java:51)
	at jetbrains.exodus.newLogConcept.MVCC.MVCCDataStructure.lambda$commitTransaction$1(MVCCDataStructure.java:297)
	at java.base/java.util.concurrent.Executors$RunnableAdapter.call(Executors.java:515)
	at java.base/java.util.concurrent.FutureTask.run(FutureTask.java:264)
	at java.base/java.util.concurrent.ThreadPoolExecutor.runWorker(ThreadPoolExecutor.java:1128)
	at java.base/java.util.concurrent.ThreadPoolExecutor$Worker.run(ThreadPoolExecutor.java:628)
	... 1 more
java.util.concurrent.ExecutionException: jetbrains.exodus.ExodusException
	at java.base/java.util.concurrent.FutureTask.report(FutureTask.java:122)
	at java.base/java.util.concurrent.FutureTask.get(FutureTask.java:191)
	at jetbrains.exodus.newLogConcept.MVCC.MVCCDataStructure.commitTransaction(MVCCDataStructure.java:299)
	at site.ycsb.db.XodusClient.insert(XodusClient.java:60)
	at site.ycsb.DBWrapper.insert(DBWrapper.java:227)
	at site.ycsb.workloads.CoreWorkload.doInsert(CoreWorkload.java:621)
	at site.ycsb.ClientThread.run(ClientThread.java:135)
	at java.base/java.lang.Thread.run(Thread.java:829)
Caused by: jetbrains.exodus.ExodusException
	at jetbrains.exodus.newLogConcept.garbageCollector.OperationLogGarbageCollector.moveAndRemoveRecordsFromLog(OperationLogGarbageCollector.java:69)
	at jetbrains.exodus.newLogConcept.garbageCollector.OperationLogGarbageCollector.clean(OperationLogGarbageCollector.java:51)
	at jetbrains.exodus.newLogConcept.MVCC.MVCCDataStructure.lambda$commitTransaction$1(MVCCDataStructure.java:297)
	at java.base/java.util.concurrent.Executors$RunnableAdapter.call(Executors.java:515)
	at java.base/java.util.concurrent.FutureTask.run(FutureTask.java:264)
	at java.base/java.util.concurrent.ThreadPoolExecutor.runWorker(ThreadPoolExecutor.java:1128)
	at java.base/java.util.concurrent.ThreadPoolExecutor$Worker.run(ThreadPoolExecutor.java:628)
	... 1 more
java.util.concurrent.ExecutionException: jetbrains.exodus.ExodusException
	at java.base/java.util.concurrent.FutureTask.report(FutureTask.java:122)
	at java.base/java.util.concurrent.FutureTask.get(FutureTask.java:191)
	at jetbrains.exodus.newLogConcept.MVCC.MVCCDataStructure.commitTransaction(MVCCDataStructure.java:299)
	at site.ycsb.db.XodusClient.insert(XodusClient.java:60)
	at site.ycsb.DBWrapper.insert(DBWrapper.java:227)
	at site.ycsb.workloads.CoreWorkload.doInsert(CoreWorkload.java:621)
	at site.ycsb.ClientThread.run(ClientThread.java:135)
	at java.base/java.lang.Thread.run(Thread.java:829)
Caused by: jetbrains.exodus.ExodusException
	at jetbrains.exodus.newLogConcept.garbageCollector.OperationLogGarbageCollector.moveAndRemoveRecordsFromLog(OperationLogGarbageCollector.java:69)
	at jetbrains.exodus.newLogConcept.garbageCollector.OperationLogGarbageCollector.clean(OperationLogGarbageCollector.java:51)
	at jetbrains.exodus.newLogConcept.MVCC.MVCCDataStructure.lambda$commitTransaction$1(MVCCDataStructure.java:297)
	at java.base/java.util.concurrent.Executors$RunnableAdapter.call(Executors.java:515)
	at java.base/java.util.concurrent.FutureTask.run(FutureTask.java:264)
	at java.base/java.util.concurrent.ThreadPoolExecutor.runWorker(ThreadPoolExecutor.java:1128)
	at java.base/java.util.concurrent.ThreadPoolExecutor$Worker.run(ThreadPoolExecutor.java:628)
	... 1 more
java.util.concurrent.ExecutionException: jetbrains.exodus.ExodusException
	at java.base/java.util.concurrent.FutureTask.report(FutureTask.java:122)
	at java.base/java.util.concurrent.FutureTask.get(FutureTask.java:191)
	at jetbrains.exodus.newLogConcept.MVCC.MVCCDataStructure.commitTransaction(MVCCDataStructure.java:299)
	at site.ycsb.db.XodusClient.insert(XodusClient.java:60)
	at site.ycsb.DBWrapper.insert(DBWrapper.java:227)
	at site.ycsb.workloads.CoreWorkload.doInsert(CoreWorkload.java:621)
	at site.ycsb.ClientThread.run(ClientThread.java:135)
	at java.base/java.lang.Thread.run(Thread.java:829)
Caused by: jetbrains.exodus.ExodusException
	at jetbrains.exodus.newLogConcept.garbageCollector.OperationLogGarbageCollector.moveAndRemoveRecordsFromLog(OperationLogGarbageCollector.java:69)
	at jetbrains.exodus.newLogConcept.garbageCollector.OperationLogGarbageCollector.clean(OperationLogGarbageCollector.java:51)
	at jetbrains.exodus.newLogConcept.MVCC.MVCCDataStructure.lambda$commitTransaction$1(MVCCDataStructure.java:297)
	at java.base/java.util.concurrent.Executors$RunnableAdapter.call(Executors.java:515)
	at java.base/java.util.concurrent.FutureTask.run(FutureTask.java:264)
	at java.base/java.util.concurrent.ThreadPoolExecutor.runWorker(ThreadPoolExecutor.java:1128)
	at java.base/java.util.concurrent.ThreadPoolExecutor$Worker.run(ThreadPoolExecutor.java:628)
	... 1 more
java.util.concurrent.ExecutionException: jetbrains.exodus.ExodusException
	at java.base/java.util.concurrent.FutureTask.report(FutureTask.java:122)
	at java.base/java.util.concurrent.FutureTask.get(FutureTask.java:191)
	at jetbrains.exodus.newLogConcept.MVCC.MVCCDataStructure.commitTransaction(MVCCDataStructure.java:299)
	at site.ycsb.db.XodusClient.insert(XodusClient.java:60)
	at site.ycsb.DBWrapper.insert(DBWrapper.java:227)
	at site.ycsb.workloads.CoreWorkload.doInsert(CoreWorkload.java:621)
	at site.ycsb.ClientThread.run(ClientThread.java:135)
	at java.base/java.lang.Thread.run(Thread.java:829)
Caused by: jetbrains.exodus.ExodusException
	at jetbrains.exodus.newLogConcept.garbageCollector.OperationLogGarbageCollector.moveAndRemoveRecordsFromLog(OperationLogGarbageCollector.java:69)
	at jetbrains.exodus.newLogConcept.garbageCollector.OperationLogGarbageCollector.clean(OperationLogGarbageCollector.java:51)
	at jetbrains.exodus.newLogConcept.MVCC.MVCCDataStructure.lambda$commitTransaction$1(MVCCDataStructure.java:297)
	at java.base/java.util.concurrent.Executors$RunnableAdapter.call(Executors.java:515)
	at java.base/java.util.concurrent.FutureTask.run(FutureTask.java:264)
	at java.base/java.util.concurrent.ThreadPoolExecutor.runWorker(ThreadPoolExecutor.java:1128)
	at java.base/java.util.concurrent.ThreadPoolExecutor$Worker.run(ThreadPoolExecutor.java:628)
	... 1 more
java.util.concurrent.ExecutionException: jetbrains.exodus.ExodusException
	at java.base/java.util.concurrent.FutureTask.report(FutureTask.java:122)
	at java.base/java.util.concurrent.FutureTask.get(FutureTask.java:191)
	at jetbrains.exodus.newLogConcept.MVCC.MVCCDataStructure.commitTransaction(MVCCDataStructure.java:299)
	at site.ycsb.db.XodusClient.insert(XodusClient.java:60)
	at site.ycsb.DBWrapper.insert(DBWrapper.java:227)
	at site.ycsb.workloads.CoreWorkload.doInsert(CoreWorkload.java:621)
	at site.ycsb.ClientThread.run(ClientThread.java:135)
	at java.base/java.lang.Thread.run(Thread.java:829)
Caused by: jetbrains.exodus.ExodusException
	at jetbrains.exodus.newLogConcept.garbageCollector.OperationLogGarbageCollector.moveAndRemoveRecordsFromLog(OperationLogGarbageCollector.java:69)
	at jetbrains.exodus.newLogConcept.garbageCollector.OperationLogGarbageCollector.clean(OperationLogGarbageCollector.java:51)
	at jetbrains.exodus.newLogConcept.MVCC.MVCCDataStructure.lambda$commitTransaction$1(MVCCDataStructure.java:297)
	at java.base/java.util.concurrent.Executors$RunnableAdapter.call(Executors.java:515)
	at java.base/java.util.concurrent.FutureTask.run(FutureTask.java:264)
	at java.base/java.util.concurrent.ThreadPoolExecutor.runWorker(ThreadPoolExecutor.java:1128)
	at java.base/java.util.concurrent.ThreadPoolExecutor$Worker.run(ThreadPoolExecutor.java:628)
	... 1 more
java.util.concurrent.ExecutionException: jetbrains.exodus.ExodusException
	at java.base/java.util.concurrent.FutureTask.report(FutureTask.java:122)
	at java.base/java.util.concurrent.FutureTask.get(FutureTask.java:191)
	at jetbrains.exodus.newLogConcept.MVCC.MVCCDataStructure.commitTransaction(MVCCDataStructure.java:299)
	at site.ycsb.db.XodusClient.insert(XodusClient.java:60)
	at site.ycsb.DBWrapper.insert(DBWrapper.java:227)
	at site.ycsb.workloads.CoreWorkload.doInsert(CoreWorkload.java:621)
	at site.ycsb.ClientThread.run(ClientThread.java:135)
	at java.base/java.lang.Thread.run(Thread.java:829)
Caused by: jetbrains.exodus.ExodusException
	at jetbrains.exodus.newLogConcept.garbageCollector.OperationLogGarbageCollector.moveAndRemoveRecordsFromLog(OperationLogGarbageCollector.java:69)
	at jetbrains.exodus.newLogConcept.garbageCollector.OperationLogGarbageCollector.clean(OperationLogGarbageCollector.java:51)
	at jetbrains.exodus.newLogConcept.MVCC.MVCCDataStructure.lambda$commitTransaction$1(MVCCDataStructure.java:297)
	at java.base/java.util.concurrent.Executors$RunnableAdapter.call(Executors.java:515)
	at java.base/java.util.concurrent.FutureTask.run(FutureTask.java:264)
	at java.base/java.util.concurrent.ThreadPoolExecutor.runWorker(ThreadPoolExecutor.java:1128)
	at java.base/java.util.concurrent.ThreadPoolExecutor$Worker.run(ThreadPoolExecutor.java:628)
	... 1 more
java.util.concurrent.ExecutionException: jetbrains.exodus.ExodusException
	at java.base/java.util.concurrent.FutureTask.report(FutureTask.java:122)
	at java.base/java.util.concurrent.FutureTask.get(FutureTask.java:191)
	at jetbrains.exodus.newLogConcept.MVCC.MVCCDataStructure.commitTransaction(MVCCDataStructure.java:299)
	at site.ycsb.db.XodusClient.insert(XodusClient.java:60)
	at site.ycsb.DBWrapper.insert(DBWrapper.java:227)
	at site.ycsb.workloads.CoreWorkload.doInsert(CoreWorkload.java:621)
	at site.ycsb.ClientThread.run(ClientThread.java:135)
	at java.base/java.lang.Thread.run(Thread.java:829)
Caused by: jetbrains.exodus.ExodusException
	at jetbrains.exodus.newLogConcept.garbageCollector.OperationLogGarbageCollector.moveAndRemoveRecordsFromLog(OperationLogGarbageCollector.java:69)
	at jetbrains.exodus.newLogConcept.garbageCollector.OperationLogGarbageCollector.clean(OperationLogGarbageCollector.java:51)
	at jetbrains.exodus.newLogConcept.MVCC.MVCCDataStructure.lambda$commitTransaction$1(MVCCDataStructure.java:297)
	at java.base/java.util.concurrent.Executors$RunnableAdapter.call(Executors.java:515)
	at java.base/java.util.concurrent.FutureTask.run(FutureTask.java:264)
	at java.base/java.util.concurrent.ThreadPoolExecutor.runWorker(ThreadPoolExecutor.java:1128)
	at java.base/java.util.concurrent.ThreadPoolExecutor$Worker.run(ThreadPoolExecutor.java:628)
	... 1 more
java.util.concurrent.ExecutionException: jetbrains.exodus.ExodusException
	at java.base/java.util.concurrent.FutureTask.report(FutureTask.java:122)
	at java.base/java.util.concurrent.FutureTask.get(FutureTask.java:191)
	at jetbrains.exodus.newLogConcept.MVCC.MVCCDataStructure.commitTransaction(MVCCDataStructure.java:299)
	at site.ycsb.db.XodusClient.insert(XodusClient.java:60)
	at site.ycsb.DBWrapper.insert(DBWrapper.java:227)
	at site.ycsb.workloads.CoreWorkload.doInsert(CoreWorkload.java:621)
	at site.ycsb.ClientThread.run(ClientThread.java:135)
	at java.base/java.lang.Thread.run(Thread.java:829)
Caused by: jetbrains.exodus.ExodusException
	at jetbrains.exodus.newLogConcept.garbageCollector.OperationLogGarbageCollector.moveAndRemoveRecordsFromLog(OperationLogGarbageCollector.java:69)
	at jetbrains.exodus.newLogConcept.garbageCollector.OperationLogGarbageCollector.clean(OperationLogGarbageCollector.java:51)
	at jetbrains.exodus.newLogConcept.MVCC.MVCCDataStructure.lambda$commitTransaction$1(MVCCDataStructure.java:297)
	at java.base/java.util.concurrent.Executors$RunnableAdapter.call(Executors.java:515)
	at java.base/java.util.concurrent.FutureTask.run(FutureTask.java:264)
	at java.base/java.util.concurrent.ThreadPoolExecutor.runWorker(ThreadPoolExecutor.java:1128)
	at java.base/java.util.concurrent.ThreadPoolExecutor$Worker.run(ThreadPoolExecutor.java:628)
	... 1 more
java.util.concurrent.ExecutionException: jetbrains.exodus.ExodusException
	at java.base/java.util.concurrent.FutureTask.report(FutureTask.java:122)
	at java.base/java.util.concurrent.FutureTask.get(FutureTask.java:191)
	at jetbrains.exodus.newLogConcept.MVCC.MVCCDataStructure.commitTransaction(MVCCDataStructure.java:299)
	at site.ycsb.db.XodusClient.insert(XodusClient.java:60)
	at site.ycsb.DBWrapper.insert(DBWrapper.java:227)
	at site.ycsb.workloads.CoreWorkload.doInsert(CoreWorkload.java:621)
	at site.ycsb.ClientThread.run(ClientThread.java:135)
	at java.base/java.lang.Thread.run(Thread.java:829)
Caused by: jetbrains.exodus.ExodusException
	at jetbrains.exodus.newLogConcept.garbageCollector.OperationLogGarbageCollector.moveAndRemoveRecordsFromLog(OperationLogGarbageCollector.java:69)
	at jetbrains.exodus.newLogConcept.garbageCollector.OperationLogGarbageCollector.clean(OperationLogGarbageCollector.java:51)
	at jetbrains.exodus.newLogConcept.MVCC.MVCCDataStructure.lambda$commitTransaction$1(MVCCDataStructure.java:297)
	at java.base/java.util.concurrent.Executors$RunnableAdapter.call(Executors.java:515)
	at java.base/java.util.concurrent.FutureTask.run(FutureTask.java:264)
	at java.base/java.util.concurrent.ThreadPoolExecutor.runWorker(ThreadPoolExecutor.java:1128)
	at java.base/java.util.concurrent.ThreadPoolExecutor$Worker.run(ThreadPoolExecutor.java:628)
	... 1 more
java.util.concurrent.ExecutionException: jetbrains.exodus.ExodusException
	at java.base/java.util.concurrent.FutureTask.report(FutureTask.java:122)
	at java.base/java.util.concurrent.FutureTask.get(FutureTask.java:191)
	at jetbrains.exodus.newLogConcept.MVCC.MVCCDataStructure.commitTransaction(MVCCDataStructure.java:299)
	at site.ycsb.db.XodusClient.insert(XodusClient.java:60)
	at site.ycsb.DBWrapper.insert(DBWrapper.java:227)
	at site.ycsb.workloads.CoreWorkload.doInsert(CoreWorkload.java:621)
	at site.ycsb.ClientThread.run(ClientThread.java:135)
	at java.base/java.lang.Thread.run(Thread.java:829)
Caused by: jetbrains.exodus.ExodusException
	at jetbrains.exodus.newLogConcept.garbageCollector.OperationLogGarbageCollector.moveAndRemoveRecordsFromLog(OperationLogGarbageCollector.java:69)
	at jetbrains.exodus.newLogConcept.garbageCollector.OperationLogGarbageCollector.clean(OperationLogGarbageCollector.java:51)
	at jetbrains.exodus.newLogConcept.MVCC.MVCCDataStructure.lambda$commitTransaction$1(MVCCDataStructure.java:297)
	at java.base/java.util.concurrent.Executors$RunnableAdapter.call(Executors.java:515)
	at java.base/java.util.concurrent.FutureTask.run(FutureTask.java:264)
	at java.base/java.util.concurrent.ThreadPoolExecutor.runWorker(ThreadPoolExecutor.java:1128)
	at java.base/java.util.concurrent.ThreadPoolExecutor$Worker.run(ThreadPoolExecutor.java:628)
	... 1 more
java.util.concurrent.ExecutionException: jetbrains.exodus.ExodusException
	at java.base/java.util.concurrent.FutureTask.report(FutureTask.java:122)
	at java.base/java.util.concurrent.FutureTask.get(FutureTask.java:191)
	at jetbrains.exodus.newLogConcept.MVCC.MVCCDataStructure.commitTransaction(MVCCDataStructure.java:299)
	at site.ycsb.db.XodusClient.insert(XodusClient.java:60)
	at site.ycsb.DBWrapper.insert(DBWrapper.java:227)
	at site.ycsb.workloads.CoreWorkload.doInsert(CoreWorkload.java:621)
	at site.ycsb.ClientThread.run(ClientThread.java:135)
	at java.base/java.lang.Thread.run(Thread.java:829)
Caused by: jetbrains.exodus.ExodusException
	at jetbrains.exodus.newLogConcept.garbageCollector.OperationLogGarbageCollector.moveAndRemoveRecordsFromLog(OperationLogGarbageCollector.java:69)
	at jetbrains.exodus.newLogConcept.garbageCollector.OperationLogGarbageCollector.clean(OperationLogGarbageCollector.java:51)
	at jetbrains.exodus.newLogConcept.MVCC.MVCCDataStructure.lambda$commitTransaction$1(MVCCDataStructure.java:297)
	at java.base/java.util.concurrent.Executors$RunnableAdapter.call(Executors.java:515)
	at java.base/java.util.concurrent.FutureTask.run(FutureTask.java:264)
	at java.base/java.util.concurrent.ThreadPoolExecutor.runWorker(ThreadPoolExecutor.java:1128)
	at java.base/java.util.concurrent.ThreadPoolExecutor$Worker.run(ThreadPoolExecutor.java:628)
	... 1 more
java.util.concurrent.ExecutionException: jetbrains.exodus.ExodusException
	at java.base/java.util.concurrent.FutureTask.report(FutureTask.java:122)
	at java.base/java.util.concurrent.FutureTask.get(FutureTask.java:191)
	at jetbrains.exodus.newLogConcept.MVCC.MVCCDataStructure.commitTransaction(MVCCDataStructure.java:299)
	at site.ycsb.db.XodusClient.insert(XodusClient.java:60)
	at site.ycsb.DBWrapper.insert(DBWrapper.java:227)
	at site.ycsb.workloads.CoreWorkload.doInsert(CoreWorkload.java:621)
	at site.ycsb.ClientThread.run(ClientThread.java:135)
	at java.base/java.lang.Thread.run(Thread.java:829)
Caused by: jetbrains.exodus.ExodusException
	at jetbrains.exodus.newLogConcept.garbageCollector.OperationLogGarbageCollector.moveAndRemoveRecordsFromLog(OperationLogGarbageCollector.java:69)
	at jetbrains.exodus.newLogConcept.garbageCollector.OperationLogGarbageCollector.clean(OperationLogGarbageCollector.java:51)
	at jetbrains.exodus.newLogConcept.MVCC.MVCCDataStructure.lambda$commitTransaction$1(MVCCDataStructure.java:297)
	at java.base/java.util.concurrent.Executors$RunnableAdapter.call(Executors.java:515)
	at java.base/java.util.concurrent.FutureTask.run(FutureTask.java:264)
	at java.base/java.util.concurrent.ThreadPoolExecutor.runWorker(ThreadPoolExecutor.java:1128)
	at java.base/java.util.concurrent.ThreadPoolExecutor$Worker.run(ThreadPoolExecutor.java:628)
	... 1 more
java.util.concurrent.ExecutionException: jetbrains.exodus.ExodusException
	at java.base/java.util.concurrent.FutureTask.report(FutureTask.java:122)
	at java.base/java.util.concurrent.FutureTask.get(FutureTask.java:191)
	at jetbrains.exodus.newLogConcept.MVCC.MVCCDataStructure.commitTransaction(MVCCDataStructure.java:299)
	at site.ycsb.db.XodusClient.insert(XodusClient.java:60)
	at site.ycsb.DBWrapper.insert(DBWrapper.java:227)
	at site.ycsb.workloads.CoreWorkload.doInsert(CoreWorkload.java:621)
	at site.ycsb.ClientThread.run(ClientThread.java:135)
	at java.base/java.lang.Thread.run(Thread.java:829)
Caused by: jetbrains.exodus.ExodusException
	at jetbrains.exodus.newLogConcept.garbageCollector.OperationLogGarbageCollector.moveAndRemoveRecordsFromLog(OperationLogGarbageCollector.java:69)
	at jetbrains.exodus.newLogConcept.garbageCollector.OperationLogGarbageCollector.clean(OperationLogGarbageCollector.java:51)
	at jetbrains.exodus.newLogConcept.MVCC.MVCCDataStructure.lambda$commitTransaction$1(MVCCDataStructure.java:297)
	at java.base/java.util.concurrent.Executors$RunnableAdapter.call(Executors.java:515)
	at java.base/java.util.concurrent.FutureTask.run(FutureTask.java:264)
	at java.base/java.util.concurrent.ThreadPoolExecutor.runWorker(ThreadPoolExecutor.java:1128)
	at java.base/java.util.concurrent.ThreadPoolExecutor$Worker.run(ThreadPoolExecutor.java:628)
	... 1 more
java.util.concurrent.ExecutionException: jetbrains.exodus.ExodusException
	at java.base/java.util.concurrent.FutureTask.report(FutureTask.java:122)
	at java.base/java.util.concurrent.FutureTask.get(FutureTask.java:191)
	at jetbrains.exodus.newLogConcept.MVCC.MVCCDataStructure.commitTransaction(MVCCDataStructure.java:299)
	at site.ycsb.db.XodusClient.insert(XodusClient.java:60)
	at site.ycsb.DBWrapper.insert(DBWrapper.java:227)
	at site.ycsb.workloads.CoreWorkload.doInsert(CoreWorkload.java:621)
	at site.ycsb.ClientThread.run(ClientThread.java:135)
	at java.base/java.lang.Thread.run(Thread.java:829)
Caused by: jetbrains.exodus.ExodusException
	at jetbrains.exodus.newLogConcept.garbageCollector.OperationLogGarbageCollector.moveAndRemoveRecordsFromLog(OperationLogGarbageCollector.java:69)
	at jetbrains.exodus.newLogConcept.garbageCollector.OperationLogGarbageCollector.clean(OperationLogGarbageCollector.java:51)
	at jetbrains.exodus.newLogConcept.MVCC.MVCCDataStructure.lambda$commitTransaction$1(MVCCDataStructure.java:297)
	at java.base/java.util.concurrent.Executors$RunnableAdapter.call(Executors.java:515)
	at java.base/java.util.concurrent.FutureTask.run(FutureTask.java:264)
	at java.base/java.util.concurrent.ThreadPoolExecutor.runWorker(ThreadPoolExecutor.java:1128)
	at java.base/java.util.concurrent.ThreadPoolExecutor$Worker.run(ThreadPoolExecutor.java:628)
	... 1 more
java.util.concurrent.ExecutionException: jetbrains.exodus.ExodusException
	at java.base/java.util.concurrent.FutureTask.report(FutureTask.java:122)
	at java.base/java.util.concurrent.FutureTask.get(FutureTask.java:191)
	at jetbrains.exodus.newLogConcept.MVCC.MVCCDataStructure.commitTransaction(MVCCDataStructure.java:299)
	at site.ycsb.db.XodusClient.insert(XodusClient.java:60)
	at site.ycsb.DBWrapper.insert(DBWrapper.java:227)
	at site.ycsb.workloads.CoreWorkload.doInsert(CoreWorkload.java:621)
	at site.ycsb.ClientThread.run(ClientThread.java:135)
	at java.base/java.lang.Thread.run(Thread.java:829)
Caused by: jetbrains.exodus.ExodusException
	at jetbrains.exodus.newLogConcept.garbageCollector.OperationLogGarbageCollector.moveAndRemoveRecordsFromLog(OperationLogGarbageCollector.java:69)
	at jetbrains.exodus.newLogConcept.garbageCollector.OperationLogGarbageCollector.clean(OperationLogGarbageCollector.java:51)
	at jetbrains.exodus.newLogConcept.MVCC.MVCCDataStructure.lambda$commitTransaction$1(MVCCDataStructure.java:297)
	at java.base/java.util.concurrent.Executors$RunnableAdapter.call(Executors.java:515)
	at java.base/java.util.concurrent.FutureTask.run(FutureTask.java:264)
	at java.base/java.util.concurrent.ThreadPoolExecutor.runWorker(ThreadPoolExecutor.java:1128)
	at java.base/java.util.concurrent.ThreadPoolExecutor$Worker.run(ThreadPoolExecutor.java:628)
	... 1 more
java.util.concurrent.ExecutionException: jetbrains.exodus.ExodusException
	at java.base/java.util.concurrent.FutureTask.report(FutureTask.java:122)
	at java.base/java.util.concurrent.FutureTask.get(FutureTask.java:191)
	at jetbrains.exodus.newLogConcept.MVCC.MVCCDataStructure.commitTransaction(MVCCDataStructure.java:299)
	at site.ycsb.db.XodusClient.insert(XodusClient.java:60)
	at site.ycsb.DBWrapper.insert(DBWrapper.java:227)
	at site.ycsb.workloads.CoreWorkload.doInsert(CoreWorkload.java:621)
	at site.ycsb.ClientThread.run(ClientThread.java:135)
	at java.base/java.lang.Thread.run(Thread.java:829)
Caused by: jetbrains.exodus.ExodusException
	at jetbrains.exodus.newLogConcept.garbageCollector.OperationLogGarbageCollector.moveAndRemoveRecordsFromLog(OperationLogGarbageCollector.java:69)
	at jetbrains.exodus.newLogConcept.garbageCollector.OperationLogGarbageCollector.clean(OperationLogGarbageCollector.java:51)
	at jetbrains.exodus.newLogConcept.MVCC.MVCCDataStructure.lambda$commitTransaction$1(MVCCDataStructure.java:297)
	at java.base/java.util.concurrent.Executors$RunnableAdapter.call(Executors.java:515)
	at java.base/java.util.concurrent.FutureTask.run(FutureTask.java:264)
	at java.base/java.util.concurrent.ThreadPoolExecutor.runWorker(ThreadPoolExecutor.java:1128)
	at java.base/java.util.concurrent.ThreadPoolExecutor$Worker.run(ThreadPoolExecutor.java:628)
	... 1 more
java.util.concurrent.ExecutionException: jetbrains.exodus.ExodusException
	at java.base/java.util.concurrent.FutureTask.report(FutureTask.java:122)
	at java.base/java.util.concurrent.FutureTask.get(FutureTask.java:191)
	at jetbrains.exodus.newLogConcept.MVCC.MVCCDataStructure.commitTransaction(MVCCDataStructure.java:299)
	at site.ycsb.db.XodusClient.insert(XodusClient.java:60)
	at site.ycsb.DBWrapper.insert(DBWrapper.java:227)
	at site.ycsb.workloads.CoreWorkload.doInsert(CoreWorkload.java:621)
	at site.ycsb.ClientThread.run(ClientThread.java:135)
	at java.base/java.lang.Thread.run(Thread.java:829)
Caused by: jetbrains.exodus.ExodusException
	at jetbrains.exodus.newLogConcept.garbageCollector.OperationLogGarbageCollector.moveAndRemoveRecordsFromLog(OperationLogGarbageCollector.java:69)
	at jetbrains.exodus.newLogConcept.garbageCollector.OperationLogGarbageCollector.clean(OperationLogGarbageCollector.java:51)
	at jetbrains.exodus.newLogConcept.MVCC.MVCCDataStructure.lambda$commitTransaction$1(MVCCDataStructure.java:297)
	at java.base/java.util.concurrent.Executors$RunnableAdapter.call(Executors.java:515)
	at java.base/java.util.concurrent.FutureTask.run(FutureTask.java:264)
	at java.base/java.util.concurrent.ThreadPoolExecutor.runWorker(ThreadPoolExecutor.java:1128)
	at java.base/java.util.concurrent.ThreadPoolExecutor$Worker.run(ThreadPoolExecutor.java:628)
	... 1 more
java.util.concurrent.ExecutionException: jetbrains.exodus.ExodusException
	at java.base/java.util.concurrent.FutureTask.report(FutureTask.java:122)
	at java.base/java.util.concurrent.FutureTask.get(FutureTask.java:191)
	at jetbrains.exodus.newLogConcept.MVCC.MVCCDataStructure.commitTransaction(MVCCDataStructure.java:299)
	at site.ycsb.db.XodusClient.insert(XodusClient.java:60)
	at site.ycsb.DBWrapper.insert(DBWrapper.java:227)
	at site.ycsb.workloads.CoreWorkload.doInsert(CoreWorkload.java:621)
	at site.ycsb.ClientThread.run(ClientThread.java:135)
	at java.base/java.lang.Thread.run(Thread.java:829)
Caused by: jetbrains.exodus.ExodusException
	at jetbrains.exodus.newLogConcept.garbageCollector.OperationLogGarbageCollector.moveAndRemoveRecordsFromLog(OperationLogGarbageCollector.java:69)
	at jetbrains.exodus.newLogConcept.garbageCollector.OperationLogGarbageCollector.clean(OperationLogGarbageCollector.java:51)
	at jetbrains.exodus.newLogConcept.MVCC.MVCCDataStructure.lambda$commitTransaction$1(MVCCDataStructure.java:297)
	at java.base/java.util.concurrent.Executors$RunnableAdapter.call(Executors.java:515)
	at java.base/java.util.concurrent.FutureTask.run(FutureTask.java:264)
	at java.base/java.util.concurrent.ThreadPoolExecutor.runWorker(ThreadPoolExecutor.java:1128)
	at java.base/java.util.concurrent.ThreadPoolExecutor$Worker.run(ThreadPoolExecutor.java:628)
	... 1 more
java.util.concurrent.ExecutionException: jetbrains.exodus.ExodusException
	at java.base/java.util.concurrent.FutureTask.report(FutureTask.java:122)
	at java.base/java.util.concurrent.FutureTask.get(FutureTask.java:191)
	at jetbrains.exodus.newLogConcept.MVCC.MVCCDataStructure.commitTransaction(MVCCDataStructure.java:299)
	at site.ycsb.db.XodusClient.insert(XodusClient.java:60)
	at site.ycsb.DBWrapper.insert(DBWrapper.java:227)
	at site.ycsb.workloads.CoreWorkload.doInsert(CoreWorkload.java:621)
	at site.ycsb.ClientThread.run(ClientThread.java:135)
	at java.base/java.lang.Thread.run(Thread.java:829)
Caused by: jetbrains.exodus.ExodusException
	at jetbrains.exodus.newLogConcept.garbageCollector.OperationLogGarbageCollector.moveAndRemoveRecordsFromLog(OperationLogGarbageCollector.java:69)
	at jetbrains.exodus.newLogConcept.garbageCollector.OperationLogGarbageCollector.clean(OperationLogGarbageCollector.java:51)
	at jetbrains.exodus.newLogConcept.MVCC.MVCCDataStructure.lambda$commitTransaction$1(MVCCDataStructure.java:297)
	at java.base/java.util.concurrent.Executors$RunnableAdapter.call(Executors.java:515)
	at java.base/java.util.concurrent.FutureTask.run(FutureTask.java:264)
	at java.base/java.util.concurrent.ThreadPoolExecutor.runWorker(ThreadPoolExecutor.java:1128)
	at java.base/java.util.concurrent.ThreadPoolExecutor$Worker.run(ThreadPoolExecutor.java:628)
	... 1 more
java.util.concurrent.ExecutionException: jetbrains.exodus.ExodusException
	at java.base/java.util.concurrent.FutureTask.report(FutureTask.java:122)
	at java.base/java.util.concurrent.FutureTask.get(FutureTask.java:191)
	at jetbrains.exodus.newLogConcept.MVCC.MVCCDataStructure.commitTransaction(MVCCDataStructure.java:299)
	at site.ycsb.db.XodusClient.insert(XodusClient.java:60)
	at site.ycsb.DBWrapper.insert(DBWrapper.java:227)
	at site.ycsb.workloads.CoreWorkload.doInsert(CoreWorkload.java:621)
	at site.ycsb.ClientThread.run(ClientThread.java:135)
	at java.base/java.lang.Thread.run(Thread.java:829)
Caused by: jetbrains.exodus.ExodusException
	at jetbrains.exodus.newLogConcept.garbageCollector.OperationLogGarbageCollector.moveAndRemoveRecordsFromLog(OperationLogGarbageCollector.java:69)
	at jetbrains.exodus.newLogConcept.garbageCollector.OperationLogGarbageCollector.clean(OperationLogGarbageCollector.java:51)
	at jetbrains.exodus.newLogConcept.MVCC.MVCCDataStructure.lambda$commitTransaction$1(MVCCDataStructure.java:297)
	at java.base/java.util.concurrent.Executors$RunnableAdapter.call(Executors.java:515)
	at java.base/java.util.concurrent.FutureTask.run(FutureTask.java:264)
	at java.base/java.util.concurrent.ThreadPoolExecutor.runWorker(ThreadPoolExecutor.java:1128)
	at java.base/java.util.concurrent.ThreadPoolExecutor$Worker.run(ThreadPoolExecutor.java:628)
	... 1 more
java.util.concurrent.ExecutionException: jetbrains.exodus.ExodusException
	at java.base/java.util.concurrent.FutureTask.report(FutureTask.java:122)
	at java.base/java.util.concurrent.FutureTask.get(FutureTask.java:191)
	at jetbrains.exodus.newLogConcept.MVCC.MVCCDataStructure.commitTransaction(MVCCDataStructure.java:299)
	at site.ycsb.db.XodusClient.insert(XodusClient.java:60)
	at site.ycsb.DBWrapper.insert(DBWrapper.java:227)
	at site.ycsb.workloads.CoreWorkload.doInsert(CoreWorkload.java:621)
	at site.ycsb.ClientThread.run(ClientThread.java:135)
	at java.base/java.lang.Thread.run(Thread.java:829)
Caused by: jetbrains.exodus.ExodusException
	at jetbrains.exodus.newLogConcept.garbageCollector.OperationLogGarbageCollector.moveAndRemoveRecordsFromLog(OperationLogGarbageCollector.java:69)
	at jetbrains.exodus.newLogConcept.garbageCollector.OperationLogGarbageCollector.clean(OperationLogGarbageCollector.java:51)
	at jetbrains.exodus.newLogConcept.MVCC.MVCCDataStructure.lambda$commitTransaction$1(MVCCDataStructure.java:297)
	at java.base/java.util.concurrent.Executors$RunnableAdapter.call(Executors.java:515)
	at java.base/java.util.concurrent.FutureTask.run(FutureTask.java:264)
	at java.base/java.util.concurrent.ThreadPoolExecutor.runWorker(ThreadPoolExecutor.java:1128)
	at java.base/java.util.concurrent.ThreadPoolExecutor$Worker.run(ThreadPoolExecutor.java:628)
	... 1 more
java.util.concurrent.ExecutionException: jetbrains.exodus.ExodusException
	at java.base/java.util.concurrent.FutureTask.report(FutureTask.java:122)
	at java.base/java.util.concurrent.FutureTask.get(FutureTask.java:191)
	at jetbrains.exodus.newLogConcept.MVCC.MVCCDataStructure.commitTransaction(MVCCDataStructure.java:299)
	at site.ycsb.db.XodusClient.insert(XodusClient.java:60)
	at site.ycsb.DBWrapper.insert(DBWrapper.java:227)
	at site.ycsb.workloads.CoreWorkload.doInsert(CoreWorkload.java:621)
	at site.ycsb.ClientThread.run(ClientThread.java:135)
	at java.base/java.lang.Thread.run(Thread.java:829)
Caused by: jetbrains.exodus.ExodusException
	at jetbrains.exodus.newLogConcept.garbageCollector.OperationLogGarbageCollector.moveAndRemoveRecordsFromLog(OperationLogGarbageCollector.java:69)
	at jetbrains.exodus.newLogConcept.garbageCollector.OperationLogGarbageCollector.clean(OperationLogGarbageCollector.java:51)
	at jetbrains.exodus.newLogConcept.MVCC.MVCCDataStructure.lambda$commitTransaction$1(MVCCDataStructure.java:297)
	at java.base/java.util.concurrent.Executors$RunnableAdapter.call(Executors.java:515)
	at java.base/java.util.concurrent.FutureTask.run(FutureTask.java:264)
	at java.base/java.util.concurrent.ThreadPoolExecutor.runWorker(ThreadPoolExecutor.java:1128)
	at java.base/java.util.concurrent.ThreadPoolExecutor$Worker.run(ThreadPoolExecutor.java:628)
	... 1 more
java.util.concurrent.ExecutionException: jetbrains.exodus.ExodusException
	at java.base/java.util.concurrent.FutureTask.report(FutureTask.java:122)
	at java.base/java.util.concurrent.FutureTask.get(FutureTask.java:191)
	at jetbrains.exodus.newLogConcept.MVCC.MVCCDataStructure.commitTransaction(MVCCDataStructure.java:299)
	at site.ycsb.db.XodusClient.insert(XodusClient.java:60)
	at site.ycsb.DBWrapper.insert(DBWrapper.java:227)
	at site.ycsb.workloads.CoreWorkload.doInsert(CoreWorkload.java:621)
	at site.ycsb.ClientThread.run(ClientThread.java:135)
	at java.base/java.lang.Thread.run(Thread.java:829)
Caused by: jetbrains.exodus.ExodusException
	at jetbrains.exodus.newLogConcept.garbageCollector.OperationLogGarbageCollector.moveAndRemoveRecordsFromLog(OperationLogGarbageCollector.java:69)
	at jetbrains.exodus.newLogConcept.garbageCollector.OperationLogGarbageCollector.clean(OperationLogGarbageCollector.java:51)
	at jetbrains.exodus.newLogConcept.MVCC.MVCCDataStructure.lambda$commitTransaction$1(MVCCDataStructure.java:297)
	at java.base/java.util.concurrent.Executors$RunnableAdapter.call(Executors.java:515)
	at java.base/java.util.concurrent.FutureTask.run(FutureTask.java:264)
	at java.base/java.util.concurrent.ThreadPoolExecutor.runWorker(ThreadPoolExecutor.java:1128)
	at java.base/java.util.concurrent.ThreadPoolExecutor$Worker.run(ThreadPoolExecutor.java:628)
	... 1 more
java.util.concurrent.ExecutionException: jetbrains.exodus.ExodusException
	at java.base/java.util.concurrent.FutureTask.report(FutureTask.java:122)
	at java.base/java.util.concurrent.FutureTask.get(FutureTask.java:191)
	at jetbrains.exodus.newLogConcept.MVCC.MVCCDataStructure.commitTransaction(MVCCDataStructure.java:299)
	at site.ycsb.db.XodusClient.insert(XodusClient.java:60)
	at site.ycsb.DBWrapper.insert(DBWrapper.java:227)
	at site.ycsb.workloads.CoreWorkload.doInsert(CoreWorkload.java:621)
	at site.ycsb.ClientThread.run(ClientThread.java:135)
	at java.base/java.lang.Thread.run(Thread.java:829)
Caused by: jetbrains.exodus.ExodusException
	at jetbrains.exodus.newLogConcept.garbageCollector.OperationLogGarbageCollector.moveAndRemoveRecordsFromLog(OperationLogGarbageCollector.java:69)
	at jetbrains.exodus.newLogConcept.garbageCollector.OperationLogGarbageCollector.clean(OperationLogGarbageCollector.java:51)
	at jetbrains.exodus.newLogConcept.MVCC.MVCCDataStructure.lambda$commitTransaction$1(MVCCDataStructure.java:297)
	at java.base/java.util.concurrent.Executors$RunnableAdapter.call(Executors.java:515)
	at java.base/java.util.concurrent.FutureTask.run(FutureTask.java:264)
	at java.base/java.util.concurrent.ThreadPoolExecutor.runWorker(ThreadPoolExecutor.java:1128)
	at java.base/java.util.concurrent.ThreadPoolExecutor$Worker.run(ThreadPoolExecutor.java:628)
	... 1 more
java.util.concurrent.ExecutionException: jetbrains.exodus.ExodusException
	at java.base/java.util.concurrent.FutureTask.report(FutureTask.java:122)
	at java.base/java.util.concurrent.FutureTask.get(FutureTask.java:191)
	at jetbrains.exodus.newLogConcept.MVCC.MVCCDataStructure.commitTransaction(MVCCDataStructure.java:299)
	at site.ycsb.db.XodusClient.insert(XodusClient.java:60)
	at site.ycsb.DBWrapper.insert(DBWrapper.java:227)
	at site.ycsb.workloads.CoreWorkload.doInsert(CoreWorkload.java:621)
	at site.ycsb.ClientThread.run(ClientThread.java:135)
	at java.base/java.lang.Thread.run(Thread.java:829)
Caused by: jetbrains.exodus.ExodusException
	at jetbrains.exodus.newLogConcept.garbageCollector.OperationLogGarbageCollector.moveAndRemoveRecordsFromLog(OperationLogGarbageCollector.java:69)
	at jetbrains.exodus.newLogConcept.garbageCollector.OperationLogGarbageCollector.clean(OperationLogGarbageCollector.java:51)
	at jetbrains.exodus.newLogConcept.MVCC.MVCCDataStructure.lambda$commitTransaction$1(MVCCDataStructure.java:297)
	at java.base/java.util.concurrent.Executors$RunnableAdapter.call(Executors.java:515)
	at java.base/java.util.concurrent.FutureTask.run(FutureTask.java:264)
	at java.base/java.util.concurrent.ThreadPoolExecutor.runWorker(ThreadPoolExecutor.java:1128)
	at java.base/java.util.concurrent.ThreadPoolExecutor$Worker.run(ThreadPoolExecutor.java:628)
	... 1 more
java.util.concurrent.ExecutionException: jetbrains.exodus.ExodusException
	at java.base/java.util.concurrent.FutureTask.report(FutureTask.java:122)
	at java.base/java.util.concurrent.FutureTask.get(FutureTask.java:191)
	at jetbrains.exodus.newLogConcept.MVCC.MVCCDataStructure.commitTransaction(MVCCDataStructure.java:299)
	at site.ycsb.db.XodusClient.insert(XodusClient.java:60)
	at site.ycsb.DBWrapper.insert(DBWrapper.java:227)
	at site.ycsb.workloads.CoreWorkload.doInsert(CoreWorkload.java:621)
	at site.ycsb.ClientThread.run(ClientThread.java:135)
	at java.base/java.lang.Thread.run(Thread.java:829)
Caused by: jetbrains.exodus.ExodusException
	at jetbrains.exodus.newLogConcept.garbageCollector.OperationLogGarbageCollector.moveAndRemoveRecordsFromLog(OperationLogGarbageCollector.java:69)
	at jetbrains.exodus.newLogConcept.garbageCollector.OperationLogGarbageCollector.clean(OperationLogGarbageCollector.java:51)
	at jetbrains.exodus.newLogConcept.MVCC.MVCCDataStructure.lambda$commitTransaction$1(MVCCDataStructure.java:297)
	at java.base/java.util.concurrent.Executors$RunnableAdapter.call(Executors.java:515)
	at java.base/java.util.concurrent.FutureTask.run(FutureTask.java:264)
	at java.base/java.util.concurrent.ThreadPoolExecutor.runWorker(ThreadPoolExecutor.java:1128)
	at java.base/java.util.concurrent.ThreadPoolExecutor$Worker.run(ThreadPoolExecutor.java:628)
	... 1 more
java.util.concurrent.ExecutionException: jetbrains.exodus.ExodusException
	at java.base/java.util.concurrent.FutureTask.report(FutureTask.java:122)
	at java.base/java.util.concurrent.FutureTask.get(FutureTask.java:191)
	at jetbrains.exodus.newLogConcept.MVCC.MVCCDataStructure.commitTransaction(MVCCDataStructure.java:299)
	at site.ycsb.db.XodusClient.insert(XodusClient.java:60)
	at site.ycsb.DBWrapper.insert(DBWrapper.java:227)
	at site.ycsb.workloads.CoreWorkload.doInsert(CoreWorkload.java:621)
	at site.ycsb.ClientThread.run(ClientThread.java:135)
	at java.base/java.lang.Thread.run(Thread.java:829)
Caused by: jetbrains.exodus.ExodusException
	at jetbrains.exodus.newLogConcept.garbageCollector.OperationLogGarbageCollector.moveAndRemoveRecordsFromLog(OperationLogGarbageCollector.java:69)
	at jetbrains.exodus.newLogConcept.garbageCollector.OperationLogGarbageCollector.clean(OperationLogGarbageCollector.java:51)
	at jetbrains.exodus.newLogConcept.MVCC.MVCCDataStructure.lambda$commitTransaction$1(MVCCDataStructure.java:297)
	at java.base/java.util.concurrent.Executors$RunnableAdapter.call(Executors.java:515)
	at java.base/java.util.concurrent.FutureTask.run(FutureTask.java:264)
	at java.base/java.util.concurrent.ThreadPoolExecutor.runWorker(ThreadPoolExecutor.java:1128)
	at java.base/java.util.concurrent.ThreadPoolExecutor$Worker.run(ThreadPoolExecutor.java:628)
	... 1 more
java.util.concurrent.ExecutionException: jetbrains.exodus.ExodusException
	at java.base/java.util.concurrent.FutureTask.report(FutureTask.java:122)
	at java.base/java.util.concurrent.FutureTask.get(FutureTask.java:191)
	at jetbrains.exodus.newLogConcept.MVCC.MVCCDataStructure.commitTransaction(MVCCDataStructure.java:299)
	at site.ycsb.db.XodusClient.insert(XodusClient.java:60)
	at site.ycsb.DBWrapper.insert(DBWrapper.java:227)
	at site.ycsb.workloads.CoreWorkload.doInsert(CoreWorkload.java:621)
	at site.ycsb.ClientThread.run(ClientThread.java:135)
	at java.base/java.lang.Thread.run(Thread.java:829)
Caused by: jetbrains.exodus.ExodusException
	at jetbrains.exodus.newLogConcept.garbageCollector.OperationLogGarbageCollector.moveAndRemoveRecordsFromLog(OperationLogGarbageCollector.java:69)
	at jetbrains.exodus.newLogConcept.garbageCollector.OperationLogGarbageCollector.clean(OperationLogGarbageCollector.java:51)
	at jetbrains.exodus.newLogConcept.MVCC.MVCCDataStructure.lambda$commitTransaction$1(MVCCDataStructure.java:297)
	at java.base/java.util.concurrent.Executors$RunnableAdapter.call(Executors.java:515)
	at java.base/java.util.concurrent.FutureTask.run(FutureTask.java:264)
	at java.base/java.util.concurrent.ThreadPoolExecutor.runWorker(ThreadPoolExecutor.java:1128)
	at java.base/java.util.concurrent.ThreadPoolExecutor$Worker.run(ThreadPoolExecutor.java:628)
	... 1 more
java.util.concurrent.ExecutionException: jetbrains.exodus.ExodusException
	at java.base/java.util.concurrent.FutureTask.report(FutureTask.java:122)
	at java.base/java.util.concurrent.FutureTask.get(FutureTask.java:191)
	at jetbrains.exodus.newLogConcept.MVCC.MVCCDataStructure.commitTransaction(MVCCDataStructure.java:299)
	at site.ycsb.db.XodusClient.insert(XodusClient.java:60)
	at site.ycsb.DBWrapper.insert(DBWrapper.java:227)
	at site.ycsb.workloads.CoreWorkload.doInsert(CoreWorkload.java:621)
	at site.ycsb.ClientThread.run(ClientThread.java:135)
	at java.base/java.lang.Thread.run(Thread.java:829)
Caused by: jetbrains.exodus.ExodusException
	at jetbrains.exodus.newLogConcept.garbageCollector.OperationLogGarbageCollector.moveAndRemoveRecordsFromLog(OperationLogGarbageCollector.java:69)
	at jetbrains.exodus.newLogConcept.garbageCollector.OperationLogGarbageCollector.clean(OperationLogGarbageCollector.java:51)
	at jetbrains.exodus.newLogConcept.MVCC.MVCCDataStructure.lambda$commitTransaction$1(MVCCDataStructure.java:297)
	at java.base/java.util.concurrent.Executors$RunnableAdapter.call(Executors.java:515)
	at java.base/java.util.concurrent.FutureTask.run(FutureTask.java:264)
	at java.base/java.util.concurrent.ThreadPoolExecutor.runWorker(ThreadPoolExecutor.java:1128)
	at java.base/java.util.concurrent.ThreadPoolExecutor$Worker.run(ThreadPoolExecutor.java:628)
	... 1 more
java.util.concurrent.ExecutionException: jetbrains.exodus.ExodusException
	at java.base/java.util.concurrent.FutureTask.report(FutureTask.java:122)
	at java.base/java.util.concurrent.FutureTask.get(FutureTask.java:191)
	at jetbrains.exodus.newLogConcept.MVCC.MVCCDataStructure.commitTransaction(MVCCDataStructure.java:299)
	at site.ycsb.db.XodusClient.insert(XodusClient.java:60)
	at site.ycsb.DBWrapper.insert(DBWrapper.java:227)
	at site.ycsb.workloads.CoreWorkload.doInsert(CoreWorkload.java:621)
	at site.ycsb.ClientThread.run(ClientThread.java:135)
	at java.base/java.lang.Thread.run(Thread.java:829)
Caused by: jetbrains.exodus.ExodusException
	at jetbrains.exodus.newLogConcept.garbageCollector.OperationLogGarbageCollector.moveAndRemoveRecordsFromLog(OperationLogGarbageCollector.java:69)
	at jetbrains.exodus.newLogConcept.garbageCollector.OperationLogGarbageCollector.clean(OperationLogGarbageCollector.java:51)
	at jetbrains.exodus.newLogConcept.MVCC.MVCCDataStructure.lambda$commitTransaction$1(MVCCDataStructure.java:297)
	at java.base/java.util.concurrent.Executors$RunnableAdapter.call(Executors.java:515)
	at java.base/java.util.concurrent.FutureTask.run(FutureTask.java:264)
	at java.base/java.util.concurrent.ThreadPoolExecutor.runWorker(ThreadPoolExecutor.java:1128)
	at java.base/java.util.concurrent.ThreadPoolExecutor$Worker.run(ThreadPoolExecutor.java:628)
	... 1 more
java.util.concurrent.ExecutionException: jetbrains.exodus.ExodusException
	at java.base/java.util.concurrent.FutureTask.report(FutureTask.java:122)
	at java.base/java.util.concurrent.FutureTask.get(FutureTask.java:191)
	at jetbrains.exodus.newLogConcept.MVCC.MVCCDataStructure.commitTransaction(MVCCDataStructure.java:299)
	at site.ycsb.db.XodusClient.insert(XodusClient.java:60)
	at site.ycsb.DBWrapper.insert(DBWrapper.java:227)
	at site.ycsb.workloads.CoreWorkload.doInsert(CoreWorkload.java:621)
	at site.ycsb.ClientThread.run(ClientThread.java:135)
	at java.base/java.lang.Thread.run(Thread.java:829)
Caused by: jetbrains.exodus.ExodusException
	at jetbrains.exodus.newLogConcept.garbageCollector.OperationLogGarbageCollector.moveAndRemoveRecordsFromLog(OperationLogGarbageCollector.java:69)
	at jetbrains.exodus.newLogConcept.garbageCollector.OperationLogGarbageCollector.clean(OperationLogGarbageCollector.java:51)
	at jetbrains.exodus.newLogConcept.MVCC.MVCCDataStructure.lambda$commitTransaction$1(MVCCDataStructure.java:297)
	at java.base/java.util.concurrent.Executors$RunnableAdapter.call(Executors.java:515)
	at java.base/java.util.concurrent.FutureTask.run(FutureTask.java:264)
	at java.base/java.util.concurrent.ThreadPoolExecutor.runWorker(ThreadPoolExecutor.java:1128)
	at java.base/java.util.concurrent.ThreadPoolExecutor$Worker.run(ThreadPoolExecutor.java:628)
	... 1 more
java.util.concurrent.ExecutionException: jetbrains.exodus.ExodusException
	at java.base/java.util.concurrent.FutureTask.report(FutureTask.java:122)
	at java.base/java.util.concurrent.FutureTask.get(FutureTask.java:191)
	at jetbrains.exodus.newLogConcept.MVCC.MVCCDataStructure.commitTransaction(MVCCDataStructure.java:299)
	at site.ycsb.db.XodusClient.insert(XodusClient.java:60)
	at site.ycsb.DBWrapper.insert(DBWrapper.java:227)
	at site.ycsb.workloads.CoreWorkload.doInsert(CoreWorkload.java:621)
	at site.ycsb.ClientThread.run(ClientThread.java:135)
	at java.base/java.lang.Thread.run(Thread.java:829)
Caused by: jetbrains.exodus.ExodusException
	at jetbrains.exodus.newLogConcept.garbageCollector.OperationLogGarbageCollector.moveAndRemoveRecordsFromLog(OperationLogGarbageCollector.java:69)
	at jetbrains.exodus.newLogConcept.garbageCollector.OperationLogGarbageCollector.clean(OperationLogGarbageCollector.java:51)
	at jetbrains.exodus.newLogConcept.MVCC.MVCCDataStructure.lambda$commitTransaction$1(MVCCDataStructure.java:297)
	at java.base/java.util.concurrent.Executors$RunnableAdapter.call(Executors.java:515)
	at java.base/java.util.concurrent.FutureTask.run(FutureTask.java:264)
	at java.base/java.util.concurrent.ThreadPoolExecutor.runWorker(ThreadPoolExecutor.java:1128)
	at java.base/java.util.concurrent.ThreadPoolExecutor$Worker.run(ThreadPoolExecutor.java:628)
	... 1 more
java.util.concurrent.ExecutionException: jetbrains.exodus.ExodusException
	at java.base/java.util.concurrent.FutureTask.report(FutureTask.java:122)
	at java.base/java.util.concurrent.FutureTask.get(FutureTask.java:191)
	at jetbrains.exodus.newLogConcept.MVCC.MVCCDataStructure.commitTransaction(MVCCDataStructure.java:299)
	at site.ycsb.db.XodusClient.insert(XodusClient.java:60)
	at site.ycsb.DBWrapper.insert(DBWrapper.java:227)
	at site.ycsb.workloads.CoreWorkload.doInsert(CoreWorkload.java:621)
	at site.ycsb.ClientThread.run(ClientThread.java:135)
	at java.base/java.lang.Thread.run(Thread.java:829)
Caused by: jetbrains.exodus.ExodusException
	at jetbrains.exodus.newLogConcept.garbageCollector.OperationLogGarbageCollector.moveAndRemoveRecordsFromLog(OperationLogGarbageCollector.java:69)
	at jetbrains.exodus.newLogConcept.garbageCollector.OperationLogGarbageCollector.clean(OperationLogGarbageCollector.java:51)
	at jetbrains.exodus.newLogConcept.MVCC.MVCCDataStructure.lambda$commitTransaction$1(MVCCDataStructure.java:297)
	at java.base/java.util.concurrent.Executors$RunnableAdapter.call(Executors.java:515)
	at java.base/java.util.concurrent.FutureTask.run(FutureTask.java:264)
	at java.base/java.util.concurrent.ThreadPoolExecutor.runWorker(ThreadPoolExecutor.java:1128)
	at java.base/java.util.concurrent.ThreadPoolExecutor$Worker.run(ThreadPoolExecutor.java:628)
	... 1 more
java.util.concurrent.ExecutionException: jetbrains.exodus.ExodusException
	at java.base/java.util.concurrent.FutureTask.report(FutureTask.java:122)
	at java.base/java.util.concurrent.FutureTask.get(FutureTask.java:191)
	at jetbrains.exodus.newLogConcept.MVCC.MVCCDataStructure.commitTransaction(MVCCDataStructure.java:299)
	at site.ycsb.db.XodusClient.insert(XodusClient.java:60)
	at site.ycsb.DBWrapper.insert(DBWrapper.java:227)
	at site.ycsb.workloads.CoreWorkload.doInsert(CoreWorkload.java:621)
	at site.ycsb.ClientThread.run(ClientThread.java:135)
	at java.base/java.lang.Thread.run(Thread.java:829)
Caused by: jetbrains.exodus.ExodusException
	at jetbrains.exodus.newLogConcept.garbageCollector.OperationLogGarbageCollector.moveAndRemoveRecordsFromLog(OperationLogGarbageCollector.java:69)
	at jetbrains.exodus.newLogConcept.garbageCollector.OperationLogGarbageCollector.clean(OperationLogGarbageCollector.java:51)
	at jetbrains.exodus.newLogConcept.MVCC.MVCCDataStructure.lambda$commitTransaction$1(MVCCDataStructure.java:297)
	at java.base/java.util.concurrent.Executors$RunnableAdapter.call(Executors.java:515)
	at java.base/java.util.concurrent.FutureTask.run(FutureTask.java:264)
	at java.base/java.util.concurrent.ThreadPoolExecutor.runWorker(ThreadPoolExecutor.java:1128)
	at java.base/java.util.concurrent.ThreadPoolExecutor$Worker.run(ThreadPoolExecutor.java:628)
	... 1 more
java.util.concurrent.ExecutionException: jetbrains.exodus.ExodusException
	at java.base/java.util.concurrent.FutureTask.report(FutureTask.java:122)
	at java.base/java.util.concurrent.FutureTask.get(FutureTask.java:191)
	at jetbrains.exodus.newLogConcept.MVCC.MVCCDataStructure.commitTransaction(MVCCDataStructure.java:299)
	at site.ycsb.db.XodusClient.insert(XodusClient.java:60)
	at site.ycsb.DBWrapper.insert(DBWrapper.java:227)
	at site.ycsb.workloads.CoreWorkload.doInsert(CoreWorkload.java:621)
	at site.ycsb.ClientThread.run(ClientThread.java:135)
	at java.base/java.lang.Thread.run(Thread.java:829)
Caused by: jetbrains.exodus.ExodusException
	at jetbrains.exodus.newLogConcept.garbageCollector.OperationLogGarbageCollector.moveAndRemoveRecordsFromLog(OperationLogGarbageCollector.java:69)
	at jetbrains.exodus.newLogConcept.garbageCollector.OperationLogGarbageCollector.clean(OperationLogGarbageCollector.java:51)
	at jetbrains.exodus.newLogConcept.MVCC.MVCCDataStructure.lambda$commitTransaction$1(MVCCDataStructure.java:297)
	at java.base/java.util.concurrent.Executors$RunnableAdapter.call(Executors.java:515)
	at java.base/java.util.concurrent.FutureTask.run(FutureTask.java:264)
	at java.base/java.util.concurrent.ThreadPoolExecutor.runWorker(ThreadPoolExecutor.java:1128)
	at java.base/java.util.concurrent.ThreadPoolExecutor$Worker.run(ThreadPoolExecutor.java:628)
	... 1 more
java.util.concurrent.ExecutionException: jetbrains.exodus.ExodusException
	at java.base/java.util.concurrent.FutureTask.report(FutureTask.java:122)
	at java.base/java.util.concurrent.FutureTask.get(FutureTask.java:191)
	at jetbrains.exodus.newLogConcept.MVCC.MVCCDataStructure.commitTransaction(MVCCDataStructure.java:299)
	at site.ycsb.db.XodusClient.insert(XodusClient.java:60)
	at site.ycsb.DBWrapper.insert(DBWrapper.java:227)
	at site.ycsb.workloads.CoreWorkload.doInsert(CoreWorkload.java:621)
	at site.ycsb.ClientThread.run(ClientThread.java:135)
	at java.base/java.lang.Thread.run(Thread.java:829)
Caused by: jetbrains.exodus.ExodusException
	at jetbrains.exodus.newLogConcept.garbageCollector.OperationLogGarbageCollector.moveAndRemoveRecordsFromLog(OperationLogGarbageCollector.java:69)
	at jetbrains.exodus.newLogConcept.garbageCollector.OperationLogGarbageCollector.clean(OperationLogGarbageCollector.java:51)
	at jetbrains.exodus.newLogConcept.MVCC.MVCCDataStructure.lambda$commitTransaction$1(MVCCDataStructure.java:297)
	at java.base/java.util.concurrent.Executors$RunnableAdapter.call(Executors.java:515)
	at java.base/java.util.concurrent.FutureTask.run(FutureTask.java:264)
	at java.base/java.util.concurrent.ThreadPoolExecutor.runWorker(ThreadPoolExecutor.java:1128)
	at java.base/java.util.concurrent.ThreadPoolExecutor$Worker.run(ThreadPoolExecutor.java:628)
	... 1 more
java.util.concurrent.ExecutionException: jetbrains.exodus.ExodusException
	at java.base/java.util.concurrent.FutureTask.report(FutureTask.java:122)
	at java.base/java.util.concurrent.FutureTask.get(FutureTask.java:191)
	at jetbrains.exodus.newLogConcept.MVCC.MVCCDataStructure.commitTransaction(MVCCDataStructure.java:299)
	at site.ycsb.db.XodusClient.insert(XodusClient.java:60)
	at site.ycsb.DBWrapper.insert(DBWrapper.java:227)
	at site.ycsb.workloads.CoreWorkload.doInsert(CoreWorkload.java:621)
	at site.ycsb.ClientThread.run(ClientThread.java:135)
	at java.base/java.lang.Thread.run(Thread.java:829)
Caused by: jetbrains.exodus.ExodusException
	at jetbrains.exodus.newLogConcept.garbageCollector.OperationLogGarbageCollector.moveAndRemoveRecordsFromLog(OperationLogGarbageCollector.java:69)
	at jetbrains.exodus.newLogConcept.garbageCollector.OperationLogGarbageCollector.clean(OperationLogGarbageCollector.java:51)
	at jetbrains.exodus.newLogConcept.MVCC.MVCCDataStructure.lambda$commitTransaction$1(MVCCDataStructure.java:297)
	at java.base/java.util.concurrent.Executors$RunnableAdapter.call(Executors.java:515)
	at java.base/java.util.concurrent.FutureTask.run(FutureTask.java:264)
	at java.base/java.util.concurrent.ThreadPoolExecutor.runWorker(ThreadPoolExecutor.java:1128)
	at java.base/java.util.concurrent.ThreadPoolExecutor$Worker.run(ThreadPoolExecutor.java:628)
	... 1 more
java.util.concurrent.ExecutionException: jetbrains.exodus.ExodusException
	at java.base/java.util.concurrent.FutureTask.report(FutureTask.java:122)
	at java.base/java.util.concurrent.FutureTask.get(FutureTask.java:191)
	at jetbrains.exodus.newLogConcept.MVCC.MVCCDataStructure.commitTransaction(MVCCDataStructure.java:299)
	at site.ycsb.db.XodusClient.insert(XodusClient.java:60)
	at site.ycsb.DBWrapper.insert(DBWrapper.java:227)
	at site.ycsb.workloads.CoreWorkload.doInsert(CoreWorkload.java:621)
	at site.ycsb.ClientThread.run(ClientThread.java:135)
	at java.base/java.lang.Thread.run(Thread.java:829)
Caused by: jetbrains.exodus.ExodusException
	at jetbrains.exodus.newLogConcept.garbageCollector.OperationLogGarbageCollector.moveAndRemoveRecordsFromLog(OperationLogGarbageCollector.java:69)
	at jetbrains.exodus.newLogConcept.garbageCollector.OperationLogGarbageCollector.clean(OperationLogGarbageCollector.java:51)
	at jetbrains.exodus.newLogConcept.MVCC.MVCCDataStructure.lambda$commitTransaction$1(MVCCDataStructure.java:297)
	at java.base/java.util.concurrent.Executors$RunnableAdapter.call(Executors.java:515)
	at java.base/java.util.concurrent.FutureTask.run(FutureTask.java:264)
	at java.base/java.util.concurrent.ThreadPoolExecutor.runWorker(ThreadPoolExecutor.java:1128)
	at java.base/java.util.concurrent.ThreadPoolExecutor$Worker.run(ThreadPoolExecutor.java:628)
	... 1 more
java.util.concurrent.ExecutionException: jetbrains.exodus.ExodusException
	at java.base/java.util.concurrent.FutureTask.report(FutureTask.java:122)
	at java.base/java.util.concurrent.FutureTask.get(FutureTask.java:191)
	at jetbrains.exodus.newLogConcept.MVCC.MVCCDataStructure.commitTransaction(MVCCDataStructure.java:299)
	at site.ycsb.db.XodusClient.insert(XodusClient.java:60)
	at site.ycsb.DBWrapper.insert(DBWrapper.java:227)
	at site.ycsb.workloads.CoreWorkload.doInsert(CoreWorkload.java:621)
	at site.ycsb.ClientThread.run(ClientThread.java:135)
	at java.base/java.lang.Thread.run(Thread.java:829)
Caused by: jetbrains.exodus.ExodusException
	at jetbrains.exodus.newLogConcept.garbageCollector.OperationLogGarbageCollector.moveAndRemoveRecordsFromLog(OperationLogGarbageCollector.java:69)
	at jetbrains.exodus.newLogConcept.garbageCollector.OperationLogGarbageCollector.clean(OperationLogGarbageCollector.java:51)
	at jetbrains.exodus.newLogConcept.MVCC.MVCCDataStructure.lambda$commitTransaction$1(MVCCDataStructure.java:297)
	at java.base/java.util.concurrent.Executors$RunnableAdapter.call(Executors.java:515)
	at java.base/java.util.concurrent.FutureTask.run(FutureTask.java:264)
	at java.base/java.util.concurrent.ThreadPoolExecutor.runWorker(ThreadPoolExecutor.java:1128)
	at java.base/java.util.concurrent.ThreadPoolExecutor$Worker.run(ThreadPoolExecutor.java:628)
	... 1 more
java.util.concurrent.ExecutionException: jetbrains.exodus.ExodusException
	at java.base/java.util.concurrent.FutureTask.report(FutureTask.java:122)
	at java.base/java.util.concurrent.FutureTask.get(FutureTask.java:191)
	at jetbrains.exodus.newLogConcept.MVCC.MVCCDataStructure.commitTransaction(MVCCDataStructure.java:299)
	at site.ycsb.db.XodusClient.insert(XodusClient.java:60)
	at site.ycsb.DBWrapper.insert(DBWrapper.java:227)
	at site.ycsb.workloads.CoreWorkload.doInsert(CoreWorkload.java:621)
	at site.ycsb.ClientThread.run(ClientThread.java:135)
	at java.base/java.lang.Thread.run(Thread.java:829)
Caused by: jetbrains.exodus.ExodusException
	at jetbrains.exodus.newLogConcept.garbageCollector.OperationLogGarbageCollector.moveAndRemoveRecordsFromLog(OperationLogGarbageCollector.java:69)
	at jetbrains.exodus.newLogConcept.garbageCollector.OperationLogGarbageCollector.clean(OperationLogGarbageCollector.java:51)
	at jetbrains.exodus.newLogConcept.MVCC.MVCCDataStructure.lambda$commitTransaction$1(MVCCDataStructure.java:297)
	at java.base/java.util.concurrent.Executors$RunnableAdapter.call(Executors.java:515)
	at java.base/java.util.concurrent.FutureTask.run(FutureTask.java:264)
	at java.base/java.util.concurrent.ThreadPoolExecutor.runWorker(ThreadPoolExecutor.java:1128)
	at java.base/java.util.concurrent.ThreadPoolExecutor$Worker.run(ThreadPoolExecutor.java:628)
	... 1 more
java.util.concurrent.ExecutionException: jetbrains.exodus.ExodusException
	at java.base/java.util.concurrent.FutureTask.report(FutureTask.java:122)
	at java.base/java.util.concurrent.FutureTask.get(FutureTask.java:191)
	at jetbrains.exodus.newLogConcept.MVCC.MVCCDataStructure.commitTransaction(MVCCDataStructure.java:299)
	at site.ycsb.db.XodusClient.insert(XodusClient.java:60)
	at site.ycsb.DBWrapper.insert(DBWrapper.java:227)
	at site.ycsb.workloads.CoreWorkload.doInsert(CoreWorkload.java:621)
	at site.ycsb.ClientThread.run(ClientThread.java:135)
	at java.base/java.lang.Thread.run(Thread.java:829)
Caused by: jetbrains.exodus.ExodusException
	at jetbrains.exodus.newLogConcept.garbageCollector.OperationLogGarbageCollector.moveAndRemoveRecordsFromLog(OperationLogGarbageCollector.java:69)
	at jetbrains.exodus.newLogConcept.garbageCollector.OperationLogGarbageCollector.clean(OperationLogGarbageCollector.java:51)
	at jetbrains.exodus.newLogConcept.MVCC.MVCCDataStructure.lambda$commitTransaction$1(MVCCDataStructure.java:297)
	at java.base/java.util.concurrent.Executors$RunnableAdapter.call(Executors.java:515)
	at java.base/java.util.concurrent.FutureTask.run(FutureTask.java:264)
	at java.base/java.util.concurrent.ThreadPoolExecutor.runWorker(ThreadPoolExecutor.java:1128)
	at java.base/java.util.concurrent.ThreadPoolExecutor$Worker.run(ThreadPoolExecutor.java:628)
	... 1 more
java.util.concurrent.ExecutionException: jetbrains.exodus.ExodusException
	at java.base/java.util.concurrent.FutureTask.report(FutureTask.java:122)
	at java.base/java.util.concurrent.FutureTask.get(FutureTask.java:191)
	at jetbrains.exodus.newLogConcept.MVCC.MVCCDataStructure.commitTransaction(MVCCDataStructure.java:299)
	at site.ycsb.db.XodusClient.insert(XodusClient.java:60)
	at site.ycsb.DBWrapper.insert(DBWrapper.java:227)
	at site.ycsb.workloads.CoreWorkload.doInsert(CoreWorkload.java:621)
	at site.ycsb.ClientThread.run(ClientThread.java:135)
	at java.base/java.lang.Thread.run(Thread.java:829)
Caused by: jetbrains.exodus.ExodusException
	at jetbrains.exodus.newLogConcept.garbageCollector.OperationLogGarbageCollector.moveAndRemoveRecordsFromLog(OperationLogGarbageCollector.java:69)
	at jetbrains.exodus.newLogConcept.garbageCollector.OperationLogGarbageCollector.clean(OperationLogGarbageCollector.java:51)
	at jetbrains.exodus.newLogConcept.MVCC.MVCCDataStructure.lambda$commitTransaction$1(MVCCDataStructure.java:297)
	at java.base/java.util.concurrent.Executors$RunnableAdapter.call(Executors.java:515)
	at java.base/java.util.concurrent.FutureTask.run(FutureTask.java:264)
	at java.base/java.util.concurrent.ThreadPoolExecutor.runWorker(ThreadPoolExecutor.java:1128)
	at java.base/java.util.concurrent.ThreadPoolExecutor$Worker.run(ThreadPoolExecutor.java:628)
	... 1 more
java.util.concurrent.ExecutionException: jetbrains.exodus.ExodusException
	at java.base/java.util.concurrent.FutureTask.report(FutureTask.java:122)
	at java.base/java.util.concurrent.FutureTask.get(FutureTask.java:191)
	at jetbrains.exodus.newLogConcept.MVCC.MVCCDataStructure.commitTransaction(MVCCDataStructure.java:299)
	at site.ycsb.db.XodusClient.insert(XodusClient.java:60)
	at site.ycsb.DBWrapper.insert(DBWrapper.java:227)
	at site.ycsb.workloads.CoreWorkload.doInsert(CoreWorkload.java:621)
	at site.ycsb.ClientThread.run(ClientThread.java:135)
	at java.base/java.lang.Thread.run(Thread.java:829)
Caused by: jetbrains.exodus.ExodusException
	at jetbrains.exodus.newLogConcept.garbageCollector.OperationLogGarbageCollector.moveAndRemoveRecordsFromLog(OperationLogGarbageCollector.java:69)
	at jetbrains.exodus.newLogConcept.garbageCollector.OperationLogGarbageCollector.clean(OperationLogGarbageCollector.java:51)
	at jetbrains.exodus.newLogConcept.MVCC.MVCCDataStructure.lambda$commitTransaction$1(MVCCDataStructure.java:297)
	at java.base/java.util.concurrent.Executors$RunnableAdapter.call(Executors.java:515)
	at java.base/java.util.concurrent.FutureTask.run(FutureTask.java:264)
	at java.base/java.util.concurrent.ThreadPoolExecutor.runWorker(ThreadPoolExecutor.java:1128)
	at java.base/java.util.concurrent.ThreadPoolExecutor$Worker.run(ThreadPoolExecutor.java:628)
	... 1 more
java.util.concurrent.ExecutionException: jetbrains.exodus.ExodusException
	at java.base/java.util.concurrent.FutureTask.report(FutureTask.java:122)
	at java.base/java.util.concurrent.FutureTask.get(FutureTask.java:191)
	at jetbrains.exodus.newLogConcept.MVCC.MVCCDataStructure.commitTransaction(MVCCDataStructure.java:299)
	at site.ycsb.db.XodusClient.insert(XodusClient.java:60)
	at site.ycsb.DBWrapper.insert(DBWrapper.java:227)
	at site.ycsb.workloads.CoreWorkload.doInsert(CoreWorkload.java:621)
	at site.ycsb.ClientThread.run(ClientThread.java:135)
	at java.base/java.lang.Thread.run(Thread.java:829)
Caused by: jetbrains.exodus.ExodusException
	at jetbrains.exodus.newLogConcept.garbageCollector.OperationLogGarbageCollector.moveAndRemoveRecordsFromLog(OperationLogGarbageCollector.java:69)
	at jetbrains.exodus.newLogConcept.garbageCollector.OperationLogGarbageCollector.clean(OperationLogGarbageCollector.java:51)
	at jetbrains.exodus.newLogConcept.MVCC.MVCCDataStructure.lambda$commitTransaction$1(MVCCDataStructure.java:297)
	at java.base/java.util.concurrent.Executors$RunnableAdapter.call(Executors.java:515)
	at java.base/java.util.concurrent.FutureTask.run(FutureTask.java:264)
	at java.base/java.util.concurrent.ThreadPoolExecutor.runWorker(ThreadPoolExecutor.java:1128)
	at java.base/java.util.concurrent.ThreadPoolExecutor$Worker.run(ThreadPoolExecutor.java:628)
	... 1 more
java.util.concurrent.ExecutionException: jetbrains.exodus.ExodusException
	at java.base/java.util.concurrent.FutureTask.report(FutureTask.java:122)
	at java.base/java.util.concurrent.FutureTask.get(FutureTask.java:191)
	at jetbrains.exodus.newLogConcept.MVCC.MVCCDataStructure.commitTransaction(MVCCDataStructure.java:299)
	at site.ycsb.db.XodusClient.insert(XodusClient.java:60)
	at site.ycsb.DBWrapper.insert(DBWrapper.java:227)
	at site.ycsb.workloads.CoreWorkload.doInsert(CoreWorkload.java:621)
	at site.ycsb.ClientThread.run(ClientThread.java:135)
	at java.base/java.lang.Thread.run(Thread.java:829)
Caused by: jetbrains.exodus.ExodusException
	at jetbrains.exodus.newLogConcept.garbageCollector.OperationLogGarbageCollector.moveAndRemoveRecordsFromLog(OperationLogGarbageCollector.java:69)
	at jetbrains.exodus.newLogConcept.garbageCollector.OperationLogGarbageCollector.clean(OperationLogGarbageCollector.java:51)
	at jetbrains.exodus.newLogConcept.MVCC.MVCCDataStructure.lambda$commitTransaction$1(MVCCDataStructure.java:297)
	at java.base/java.util.concurrent.Executors$RunnableAdapter.call(Executors.java:515)
	at java.base/java.util.concurrent.FutureTask.run(FutureTask.java:264)
	at java.base/java.util.concurrent.ThreadPoolExecutor.runWorker(ThreadPoolExecutor.java:1128)
	at java.base/java.util.concurrent.ThreadPoolExecutor$Worker.run(ThreadPoolExecutor.java:628)
	... 1 more
java.util.concurrent.ExecutionException: jetbrains.exodus.ExodusException
	at java.base/java.util.concurrent.FutureTask.report(FutureTask.java:122)
	at java.base/java.util.concurrent.FutureTask.get(FutureTask.java:191)
	at jetbrains.exodus.newLogConcept.MVCC.MVCCDataStructure.commitTransaction(MVCCDataStructure.java:299)
	at site.ycsb.db.XodusClient.insert(XodusClient.java:60)
	at site.ycsb.DBWrapper.insert(DBWrapper.java:227)
	at site.ycsb.workloads.CoreWorkload.doInsert(CoreWorkload.java:621)
	at site.ycsb.ClientThread.run(ClientThread.java:135)
	at java.base/java.lang.Thread.run(Thread.java:829)
Caused by: jetbrains.exodus.ExodusException
	at jetbrains.exodus.newLogConcept.garbageCollector.OperationLogGarbageCollector.moveAndRemoveRecordsFromLog(OperationLogGarbageCollector.java:69)
	at jetbrains.exodus.newLogConcept.garbageCollector.OperationLogGarbageCollector.clean(OperationLogGarbageCollector.java:51)
	at jetbrains.exodus.newLogConcept.MVCC.MVCCDataStructure.lambda$commitTransaction$1(MVCCDataStructure.java:297)
	at java.base/java.util.concurrent.Executors$RunnableAdapter.call(Executors.java:515)
	at java.base/java.util.concurrent.FutureTask.run(FutureTask.java:264)
	at java.base/java.util.concurrent.ThreadPoolExecutor.runWorker(ThreadPoolExecutor.java:1128)
	at java.base/java.util.concurrent.ThreadPoolExecutor$Worker.run(ThreadPoolExecutor.java:628)
	... 1 more
java.util.concurrent.ExecutionException: jetbrains.exodus.ExodusException
	at java.base/java.util.concurrent.FutureTask.report(FutureTask.java:122)
	at java.base/java.util.concurrent.FutureTask.get(FutureTask.java:191)
	at jetbrains.exodus.newLogConcept.MVCC.MVCCDataStructure.commitTransaction(MVCCDataStructure.java:299)
	at site.ycsb.db.XodusClient.insert(XodusClient.java:60)
	at site.ycsb.DBWrapper.insert(DBWrapper.java:227)
	at site.ycsb.workloads.CoreWorkload.doInsert(CoreWorkload.java:621)
	at site.ycsb.ClientThread.run(ClientThread.java:135)
	at java.base/java.lang.Thread.run(Thread.java:829)
Caused by: jetbrains.exodus.ExodusException
	at jetbrains.exodus.newLogConcept.garbageCollector.OperationLogGarbageCollector.moveAndRemoveRecordsFromLog(OperationLogGarbageCollector.java:69)
	at jetbrains.exodus.newLogConcept.garbageCollector.OperationLogGarbageCollector.clean(OperationLogGarbageCollector.java:51)
	at jetbrains.exodus.newLogConcept.MVCC.MVCCDataStructure.lambda$commitTransaction$1(MVCCDataStructure.java:297)
	at java.base/java.util.concurrent.Executors$RunnableAdapter.call(Executors.java:515)
	at java.base/java.util.concurrent.FutureTask.run(FutureTask.java:264)
	at java.base/java.util.concurrent.ThreadPoolExecutor.runWorker(ThreadPoolExecutor.java:1128)
	at java.base/java.util.concurrent.ThreadPoolExecutor$Worker.run(ThreadPoolExecutor.java:628)
	... 1 more
java.util.concurrent.ExecutionException: jetbrains.exodus.ExodusException
	at java.base/java.util.concurrent.FutureTask.report(FutureTask.java:122)
	at java.base/java.util.concurrent.FutureTask.get(FutureTask.java:191)
	at jetbrains.exodus.newLogConcept.MVCC.MVCCDataStructure.commitTransaction(MVCCDataStructure.java:299)
	at site.ycsb.db.XodusClient.insert(XodusClient.java:60)
	at site.ycsb.DBWrapper.insert(DBWrapper.java:227)
	at site.ycsb.workloads.CoreWorkload.doInsert(CoreWorkload.java:621)
	at site.ycsb.ClientThread.run(ClientThread.java:135)
	at java.base/java.lang.Thread.run(Thread.java:829)
Caused by: jetbrains.exodus.ExodusException
	at jetbrains.exodus.newLogConcept.garbageCollector.OperationLogGarbageCollector.moveAndRemoveRecordsFromLog(OperationLogGarbageCollector.java:69)
	at jetbrains.exodus.newLogConcept.garbageCollector.OperationLogGarbageCollector.clean(OperationLogGarbageCollector.java:51)
	at jetbrains.exodus.newLogConcept.MVCC.MVCCDataStructure.lambda$commitTransaction$1(MVCCDataStructure.java:297)
	at java.base/java.util.concurrent.Executors$RunnableAdapter.call(Executors.java:515)
	at java.base/java.util.concurrent.FutureTask.run(FutureTask.java:264)
	at java.base/java.util.concurrent.ThreadPoolExecutor.runWorker(ThreadPoolExecutor.java:1128)
	at java.base/java.util.concurrent.ThreadPoolExecutor$Worker.run(ThreadPoolExecutor.java:628)
	... 1 more
java.util.concurrent.ExecutionException: jetbrains.exodus.ExodusException
	at java.base/java.util.concurrent.FutureTask.report(FutureTask.java:122)
	at java.base/java.util.concurrent.FutureTask.get(FutureTask.java:191)
	at jetbrains.exodus.newLogConcept.MVCC.MVCCDataStructure.commitTransaction(MVCCDataStructure.java:299)
	at site.ycsb.db.XodusClient.insert(XodusClient.java:60)
	at site.ycsb.DBWrapper.insert(DBWrapper.java:227)
	at site.ycsb.workloads.CoreWorkload.doInsert(CoreWorkload.java:621)
	at site.ycsb.ClientThread.run(ClientThread.java:135)
	at java.base/java.lang.Thread.run(Thread.java:829)
Caused by: jetbrains.exodus.ExodusException
	at jetbrains.exodus.newLogConcept.garbageCollector.OperationLogGarbageCollector.moveAndRemoveRecordsFromLog(OperationLogGarbageCollector.java:69)
	at jetbrains.exodus.newLogConcept.garbageCollector.OperationLogGarbageCollector.clean(OperationLogGarbageCollector.java:51)
	at jetbrains.exodus.newLogConcept.MVCC.MVCCDataStructure.lambda$commitTransaction$1(MVCCDataStructure.java:297)
	at java.base/java.util.concurrent.Executors$RunnableAdapter.call(Executors.java:515)
	at java.base/java.util.concurrent.FutureTask.run(FutureTask.java:264)
	at java.base/java.util.concurrent.ThreadPoolExecutor.runWorker(ThreadPoolExecutor.java:1128)
	at java.base/java.util.concurrent.ThreadPoolExecutor$Worker.run(ThreadPoolExecutor.java:628)
	... 1 more
java.util.concurrent.ExecutionException: jetbrains.exodus.ExodusException
	at java.base/java.util.concurrent.FutureTask.report(FutureTask.java:122)
	at java.base/java.util.concurrent.FutureTask.get(FutureTask.java:191)
	at jetbrains.exodus.newLogConcept.MVCC.MVCCDataStructure.commitTransaction(MVCCDataStructure.java:299)
	at site.ycsb.db.XodusClient.insert(XodusClient.java:60)
	at site.ycsb.DBWrapper.insert(DBWrapper.java:227)
	at site.ycsb.workloads.CoreWorkload.doInsert(CoreWorkload.java:621)
	at site.ycsb.ClientThread.run(ClientThread.java:135)
	at java.base/java.lang.Thread.run(Thread.java:829)
Caused by: jetbrains.exodus.ExodusException
	at jetbrains.exodus.newLogConcept.garbageCollector.OperationLogGarbageCollector.moveAndRemoveRecordsFromLog(OperationLogGarbageCollector.java:69)
	at jetbrains.exodus.newLogConcept.garbageCollector.OperationLogGarbageCollector.clean(OperationLogGarbageCollector.java:51)
	at jetbrains.exodus.newLogConcept.MVCC.MVCCDataStructure.lambda$commitTransaction$1(MVCCDataStructure.java:297)
	at java.base/java.util.concurrent.Executors$RunnableAdapter.call(Executors.java:515)
	at java.base/java.util.concurrent.FutureTask.run(FutureTask.java:264)
	at java.base/java.util.concurrent.ThreadPoolExecutor.runWorker(ThreadPoolExecutor.java:1128)
	at java.base/java.util.concurrent.ThreadPoolExecutor$Worker.run(ThreadPoolExecutor.java:628)
	... 1 more
java.util.concurrent.ExecutionException: jetbrains.exodus.ExodusException
	at java.base/java.util.concurrent.FutureTask.report(FutureTask.java:122)
	at java.base/java.util.concurrent.FutureTask.get(FutureTask.java:191)
	at jetbrains.exodus.newLogConcept.MVCC.MVCCDataStructure.commitTransaction(MVCCDataStructure.java:299)
	at site.ycsb.db.XodusClient.insert(XodusClient.java:60)
	at site.ycsb.DBWrapper.insert(DBWrapper.java:227)
	at site.ycsb.workloads.CoreWorkload.doInsert(CoreWorkload.java:621)
	at site.ycsb.ClientThread.run(ClientThread.java:135)
	at java.base/java.lang.Thread.run(Thread.java:829)
Caused by: jetbrains.exodus.ExodusException
	at jetbrains.exodus.newLogConcept.garbageCollector.OperationLogGarbageCollector.moveAndRemoveRecordsFromLog(OperationLogGarbageCollector.java:69)
	at jetbrains.exodus.newLogConcept.garbageCollector.OperationLogGarbageCollector.clean(OperationLogGarbageCollector.java:51)
	at jetbrains.exodus.newLogConcept.MVCC.MVCCDataStructure.lambda$commitTransaction$1(MVCCDataStructure.java:297)
	at java.base/java.util.concurrent.Executors$RunnableAdapter.call(Executors.java:515)
	at java.base/java.util.concurrent.FutureTask.run(FutureTask.java:264)
	at java.base/java.util.concurrent.ThreadPoolExecutor.runWorker(ThreadPoolExecutor.java:1128)
	at java.base/java.util.concurrent.ThreadPoolExecutor$Worker.run(ThreadPoolExecutor.java:628)
	... 1 more
java.util.concurrent.ExecutionException: jetbrains.exodus.ExodusException
	at java.base/java.util.concurrent.FutureTask.report(FutureTask.java:122)
	at java.base/java.util.concurrent.FutureTask.get(FutureTask.java:191)
	at jetbrains.exodus.newLogConcept.MVCC.MVCCDataStructure.commitTransaction(MVCCDataStructure.java:299)
	at site.ycsb.db.XodusClient.insert(XodusClient.java:60)
	at site.ycsb.DBWrapper.insert(DBWrapper.java:227)
	at site.ycsb.workloads.CoreWorkload.doInsert(CoreWorkload.java:621)
	at site.ycsb.ClientThread.run(ClientThread.java:135)
	at java.base/java.lang.Thread.run(Thread.java:829)
Caused by: jetbrains.exodus.ExodusException
	at jetbrains.exodus.newLogConcept.garbageCollector.OperationLogGarbageCollector.moveAndRemoveRecordsFromLog(OperationLogGarbageCollector.java:69)
	at jetbrains.exodus.newLogConcept.garbageCollector.OperationLogGarbageCollector.clean(OperationLogGarbageCollector.java:51)
	at jetbrains.exodus.newLogConcept.MVCC.MVCCDataStructure.lambda$commitTransaction$1(MVCCDataStructure.java:297)
	at java.base/java.util.concurrent.Executors$RunnableAdapter.call(Executors.java:515)
	at java.base/java.util.concurrent.FutureTask.run(FutureTask.java:264)
	at java.base/java.util.concurrent.ThreadPoolExecutor.runWorker(ThreadPoolExecutor.java:1128)
	at java.base/java.util.concurrent.ThreadPoolExecutor$Worker.run(ThreadPoolExecutor.java:628)
	... 1 more
java.util.concurrent.ExecutionException: jetbrains.exodus.ExodusException
	at java.base/java.util.concurrent.FutureTask.report(FutureTask.java:122)
	at java.base/java.util.concurrent.FutureTask.get(FutureTask.java:191)
	at jetbrains.exodus.newLogConcept.MVCC.MVCCDataStructure.commitTransaction(MVCCDataStructure.java:299)
	at site.ycsb.db.XodusClient.insert(XodusClient.java:60)
	at site.ycsb.DBWrapper.insert(DBWrapper.java:227)
	at site.ycsb.workloads.CoreWorkload.doInsert(CoreWorkload.java:621)
	at site.ycsb.ClientThread.run(ClientThread.java:135)
	at java.base/java.lang.Thread.run(Thread.java:829)
Caused by: jetbrains.exodus.ExodusException
	at jetbrains.exodus.newLogConcept.garbageCollector.OperationLogGarbageCollector.moveAndRemoveRecordsFromLog(OperationLogGarbageCollector.java:69)
	at jetbrains.exodus.newLogConcept.garbageCollector.OperationLogGarbageCollector.clean(OperationLogGarbageCollector.java:51)
	at jetbrains.exodus.newLogConcept.MVCC.MVCCDataStructure.lambda$commitTransaction$1(MVCCDataStructure.java:297)
	at java.base/java.util.concurrent.Executors$RunnableAdapter.call(Executors.java:515)
	at java.base/java.util.concurrent.FutureTask.run(FutureTask.java:264)
	at java.base/java.util.concurrent.ThreadPoolExecutor.runWorker(ThreadPoolExecutor.java:1128)
	at java.base/java.util.concurrent.ThreadPoolExecutor$Worker.run(ThreadPoolExecutor.java:628)
	... 1 more
java.util.concurrent.ExecutionException: jetbrains.exodus.ExodusException
	at java.base/java.util.concurrent.FutureTask.report(FutureTask.java:122)
	at java.base/java.util.concurrent.FutureTask.get(FutureTask.java:191)
	at jetbrains.exodus.newLogConcept.MVCC.MVCCDataStructure.commitTransaction(MVCCDataStructure.java:299)
	at site.ycsb.db.XodusClient.insert(XodusClient.java:60)
	at site.ycsb.DBWrapper.insert(DBWrapper.java:227)
	at site.ycsb.workloads.CoreWorkload.doInsert(CoreWorkload.java:621)
	at site.ycsb.ClientThread.run(ClientThread.java:135)
	at java.base/java.lang.Thread.run(Thread.java:829)
Caused by: jetbrains.exodus.ExodusException
	at jetbrains.exodus.newLogConcept.garbageCollector.OperationLogGarbageCollector.moveAndRemoveRecordsFromLog(OperationLogGarbageCollector.java:69)
	at jetbrains.exodus.newLogConcept.garbageCollector.OperationLogGarbageCollector.clean(OperationLogGarbageCollector.java:51)
	at jetbrains.exodus.newLogConcept.MVCC.MVCCDataStructure.lambda$commitTransaction$1(MVCCDataStructure.java:297)
	at java.base/java.util.concurrent.Executors$RunnableAdapter.call(Executors.java:515)
	at java.base/java.util.concurrent.FutureTask.run(FutureTask.java:264)
	at java.base/java.util.concurrent.ThreadPoolExecutor.runWorker(ThreadPoolExecutor.java:1128)
	at java.base/java.util.concurrent.ThreadPoolExecutor$Worker.run(ThreadPoolExecutor.java:628)
	... 1 more
java.util.concurrent.ExecutionException: jetbrains.exodus.ExodusException
	at java.base/java.util.concurrent.FutureTask.report(FutureTask.java:122)
	at java.base/java.util.concurrent.FutureTask.get(FutureTask.java:191)
	at jetbrains.exodus.newLogConcept.MVCC.MVCCDataStructure.commitTransaction(MVCCDataStructure.java:299)
	at site.ycsb.db.XodusClient.insert(XodusClient.java:60)
	at site.ycsb.DBWrapper.insert(DBWrapper.java:227)
	at site.ycsb.workloads.CoreWorkload.doInsert(CoreWorkload.java:621)
	at site.ycsb.ClientThread.run(ClientThread.java:135)
	at java.base/java.lang.Thread.run(Thread.java:829)
Caused by: jetbrains.exodus.ExodusException
	at jetbrains.exodus.newLogConcept.garbageCollector.OperationLogGarbageCollector.moveAndRemoveRecordsFromLog(OperationLogGarbageCollector.java:69)
	at jetbrains.exodus.newLogConcept.garbageCollector.OperationLogGarbageCollector.clean(OperationLogGarbageCollector.java:51)
	at jetbrains.exodus.newLogConcept.MVCC.MVCCDataStructure.lambda$commitTransaction$1(MVCCDataStructure.java:297)
	at java.base/java.util.concurrent.Executors$RunnableAdapter.call(Executors.java:515)
	at java.base/java.util.concurrent.FutureTask.run(FutureTask.java:264)
	at java.base/java.util.concurrent.ThreadPoolExecutor.runWorker(ThreadPoolExecutor.java:1128)
	at java.base/java.util.concurrent.ThreadPoolExecutor$Worker.run(ThreadPoolExecutor.java:628)
	... 1 more
java.util.concurrent.ExecutionException: jetbrains.exodus.ExodusException
	at java.base/java.util.concurrent.FutureTask.report(FutureTask.java:122)
	at java.base/java.util.concurrent.FutureTask.get(FutureTask.java:191)
	at jetbrains.exodus.newLogConcept.MVCC.MVCCDataStructure.commitTransaction(MVCCDataStructure.java:299)
	at site.ycsb.db.XodusClient.insert(XodusClient.java:60)
	at site.ycsb.DBWrapper.insert(DBWrapper.java:227)
	at site.ycsb.workloads.CoreWorkload.doInsert(CoreWorkload.java:621)
	at site.ycsb.ClientThread.run(ClientThread.java:135)
	at java.base/java.lang.Thread.run(Thread.java:829)
Caused by: jetbrains.exodus.ExodusException
	at jetbrains.exodus.newLogConcept.garbageCollector.OperationLogGarbageCollector.moveAndRemoveRecordsFromLog(OperationLogGarbageCollector.java:69)
	at jetbrains.exodus.newLogConcept.garbageCollector.OperationLogGarbageCollector.clean(OperationLogGarbageCollector.java:51)
	at jetbrains.exodus.newLogConcept.MVCC.MVCCDataStructure.lambda$commitTransaction$1(MVCCDataStructure.java:297)
	at java.base/java.util.concurrent.Executors$RunnableAdapter.call(Executors.java:515)
	at java.base/java.util.concurrent.FutureTask.run(FutureTask.java:264)
	at java.base/java.util.concurrent.ThreadPoolExecutor.runWorker(ThreadPoolExecutor.java:1128)
	at java.base/java.util.concurrent.ThreadPoolExecutor$Worker.run(ThreadPoolExecutor.java:628)
	... 1 more
java.util.concurrent.ExecutionException: jetbrains.exodus.ExodusException
	at java.base/java.util.concurrent.FutureTask.report(FutureTask.java:122)
	at java.base/java.util.concurrent.FutureTask.get(FutureTask.java:191)
	at jetbrains.exodus.newLogConcept.MVCC.MVCCDataStructure.commitTransaction(MVCCDataStructure.java:299)
	at site.ycsb.db.XodusClient.insert(XodusClient.java:60)
	at site.ycsb.DBWrapper.insert(DBWrapper.java:227)
	at site.ycsb.workloads.CoreWorkload.doInsert(CoreWorkload.java:621)
	at site.ycsb.ClientThread.run(ClientThread.java:135)
	at java.base/java.lang.Thread.run(Thread.java:829)
Caused by: jetbrains.exodus.ExodusException
	at jetbrains.exodus.newLogConcept.garbageCollector.OperationLogGarbageCollector.moveAndRemoveRecordsFromLog(OperationLogGarbageCollector.java:69)
	at jetbrains.exodus.newLogConcept.garbageCollector.OperationLogGarbageCollector.clean(OperationLogGarbageCollector.java:51)
	at jetbrains.exodus.newLogConcept.MVCC.MVCCDataStructure.lambda$commitTransaction$1(MVCCDataStructure.java:297)
	at java.base/java.util.concurrent.Executors$RunnableAdapter.call(Executors.java:515)
	at java.base/java.util.concurrent.FutureTask.run(FutureTask.java:264)
	at java.base/java.util.concurrent.ThreadPoolExecutor.runWorker(ThreadPoolExecutor.java:1128)
	at java.base/java.util.concurrent.ThreadPoolExecutor$Worker.run(ThreadPoolExecutor.java:628)
	... 1 more
java.util.concurrent.ExecutionException: jetbrains.exodus.ExodusException
	at java.base/java.util.concurrent.FutureTask.report(FutureTask.java:122)
	at java.base/java.util.concurrent.FutureTask.get(FutureTask.java:191)
	at jetbrains.exodus.newLogConcept.MVCC.MVCCDataStructure.commitTransaction(MVCCDataStructure.java:299)
	at site.ycsb.db.XodusClient.insert(XodusClient.java:60)
	at site.ycsb.DBWrapper.insert(DBWrapper.java:227)
	at site.ycsb.workloads.CoreWorkload.doInsert(CoreWorkload.java:621)
	at site.ycsb.ClientThread.run(ClientThread.java:135)
	at java.base/java.lang.Thread.run(Thread.java:829)
Caused by: jetbrains.exodus.ExodusException
	at jetbrains.exodus.newLogConcept.garbageCollector.OperationLogGarbageCollector.moveAndRemoveRecordsFromLog(OperationLogGarbageCollector.java:69)
	at jetbrains.exodus.newLogConcept.garbageCollector.OperationLogGarbageCollector.clean(OperationLogGarbageCollector.java:51)
	at jetbrains.exodus.newLogConcept.MVCC.MVCCDataStructure.lambda$commitTransaction$1(MVCCDataStructure.java:297)
	at java.base/java.util.concurrent.Executors$RunnableAdapter.call(Executors.java:515)
	at java.base/java.util.concurrent.FutureTask.run(FutureTask.java:264)
	at java.base/java.util.concurrent.ThreadPoolExecutor.runWorker(ThreadPoolExecutor.java:1128)
	at java.base/java.util.concurrent.ThreadPoolExecutor$Worker.run(ThreadPoolExecutor.java:628)
	... 1 more
java.util.concurrent.ExecutionException: jetbrains.exodus.ExodusException
	at java.base/java.util.concurrent.FutureTask.report(FutureTask.java:122)
	at java.base/java.util.concurrent.FutureTask.get(FutureTask.java:191)
	at jetbrains.exodus.newLogConcept.MVCC.MVCCDataStructure.commitTransaction(MVCCDataStructure.java:299)
	at site.ycsb.db.XodusClient.insert(XodusClient.java:60)
	at site.ycsb.DBWrapper.insert(DBWrapper.java:227)
	at site.ycsb.workloads.CoreWorkload.doInsert(CoreWorkload.java:621)
	at site.ycsb.ClientThread.run(ClientThread.java:135)
	at java.base/java.lang.Thread.run(Thread.java:829)
Caused by: jetbrains.exodus.ExodusException
	at jetbrains.exodus.newLogConcept.garbageCollector.OperationLogGarbageCollector.moveAndRemoveRecordsFromLog(OperationLogGarbageCollector.java:69)
	at jetbrains.exodus.newLogConcept.garbageCollector.OperationLogGarbageCollector.clean(OperationLogGarbageCollector.java:51)
	at jetbrains.exodus.newLogConcept.MVCC.MVCCDataStructure.lambda$commitTransaction$1(MVCCDataStructure.java:297)
	at java.base/java.util.concurrent.Executors$RunnableAdapter.call(Executors.java:515)
	at java.base/java.util.concurrent.FutureTask.run(FutureTask.java:264)
	at java.base/java.util.concurrent.ThreadPoolExecutor.runWorker(ThreadPoolExecutor.java:1128)
	at java.base/java.util.concurrent.ThreadPoolExecutor$Worker.run(ThreadPoolExecutor.java:628)
	... 1 more
java.util.concurrent.ExecutionException: jetbrains.exodus.ExodusException
	at java.base/java.util.concurrent.FutureTask.report(FutureTask.java:122)
	at java.base/java.util.concurrent.FutureTask.get(FutureTask.java:191)
	at jetbrains.exodus.newLogConcept.MVCC.MVCCDataStructure.commitTransaction(MVCCDataStructure.java:299)
	at site.ycsb.db.XodusClient.insert(XodusClient.java:60)
	at site.ycsb.DBWrapper.insert(DBWrapper.java:227)
	at site.ycsb.workloads.CoreWorkload.doInsert(CoreWorkload.java:621)
	at site.ycsb.ClientThread.run(ClientThread.java:135)
	at java.base/java.lang.Thread.run(Thread.java:829)
Caused by: jetbrains.exodus.ExodusException
	at jetbrains.exodus.newLogConcept.garbageCollector.OperationLogGarbageCollector.moveAndRemoveRecordsFromLog(OperationLogGarbageCollector.java:69)
	at jetbrains.exodus.newLogConcept.garbageCollector.OperationLogGarbageCollector.clean(OperationLogGarbageCollector.java:51)
	at jetbrains.exodus.newLogConcept.MVCC.MVCCDataStructure.lambda$commitTransaction$1(MVCCDataStructure.java:297)
	at java.base/java.util.concurrent.Executors$RunnableAdapter.call(Executors.java:515)
	at java.base/java.util.concurrent.FutureTask.run(FutureTask.java:264)
	at java.base/java.util.concurrent.ThreadPoolExecutor.runWorker(ThreadPoolExecutor.java:1128)
	at java.base/java.util.concurrent.ThreadPoolExecutor$Worker.run(ThreadPoolExecutor.java:628)
	... 1 more
java.util.concurrent.ExecutionException: jetbrains.exodus.ExodusException
	at java.base/java.util.concurrent.FutureTask.report(FutureTask.java:122)
	at java.base/java.util.concurrent.FutureTask.get(FutureTask.java:191)
	at jetbrains.exodus.newLogConcept.MVCC.MVCCDataStructure.commitTransaction(MVCCDataStructure.java:299)
	at site.ycsb.db.XodusClient.insert(XodusClient.java:60)
	at site.ycsb.DBWrapper.insert(DBWrapper.java:227)
	at site.ycsb.workloads.CoreWorkload.doInsert(CoreWorkload.java:621)
	at site.ycsb.ClientThread.run(ClientThread.java:135)
	at java.base/java.lang.Thread.run(Thread.java:829)
Caused by: jetbrains.exodus.ExodusException
	at jetbrains.exodus.newLogConcept.garbageCollector.OperationLogGarbageCollector.moveAndRemoveRecordsFromLog(OperationLogGarbageCollector.java:69)
	at jetbrains.exodus.newLogConcept.garbageCollector.OperationLogGarbageCollector.clean(OperationLogGarbageCollector.java:51)
	at jetbrains.exodus.newLogConcept.MVCC.MVCCDataStructure.lambda$commitTransaction$1(MVCCDataStructure.java:297)
	at java.base/java.util.concurrent.Executors$RunnableAdapter.call(Executors.java:515)
	at java.base/java.util.concurrent.FutureTask.run(FutureTask.java:264)
	at java.base/java.util.concurrent.ThreadPoolExecutor.runWorker(ThreadPoolExecutor.java:1128)
	at java.base/java.util.concurrent.ThreadPoolExecutor$Worker.run(ThreadPoolExecutor.java:628)
	... 1 more
java.util.concurrent.ExecutionException: jetbrains.exodus.ExodusException
	at java.base/java.util.concurrent.FutureTask.report(FutureTask.java:122)
	at java.base/java.util.concurrent.FutureTask.get(FutureTask.java:191)
	at jetbrains.exodus.newLogConcept.MVCC.MVCCDataStructure.commitTransaction(MVCCDataStructure.java:299)
	at site.ycsb.db.XodusClient.insert(XodusClient.java:60)
	at site.ycsb.DBWrapper.insert(DBWrapper.java:227)
	at site.ycsb.workloads.CoreWorkload.doInsert(CoreWorkload.java:621)
	at site.ycsb.ClientThread.run(ClientThread.java:135)
	at java.base/java.lang.Thread.run(Thread.java:829)
Caused by: jetbrains.exodus.ExodusException
	at jetbrains.exodus.newLogConcept.garbageCollector.OperationLogGarbageCollector.moveAndRemoveRecordsFromLog(OperationLogGarbageCollector.java:69)
	at jetbrains.exodus.newLogConcept.garbageCollector.OperationLogGarbageCollector.clean(OperationLogGarbageCollector.java:51)
	at jetbrains.exodus.newLogConcept.MVCC.MVCCDataStructure.lambda$commitTransaction$1(MVCCDataStructure.java:297)
	at java.base/java.util.concurrent.Executors$RunnableAdapter.call(Executors.java:515)
	at java.base/java.util.concurrent.FutureTask.run(FutureTask.java:264)
	at java.base/java.util.concurrent.ThreadPoolExecutor.runWorker(ThreadPoolExecutor.java:1128)
	at java.base/java.util.concurrent.ThreadPoolExecutor$Worker.run(ThreadPoolExecutor.java:628)
	... 1 more
java.util.concurrent.ExecutionException: jetbrains.exodus.ExodusException
	at java.base/java.util.concurrent.FutureTask.report(FutureTask.java:122)
	at java.base/java.util.concurrent.FutureTask.get(FutureTask.java:191)
	at jetbrains.exodus.newLogConcept.MVCC.MVCCDataStructure.commitTransaction(MVCCDataStructure.java:299)
	at site.ycsb.db.XodusClient.insert(XodusClient.java:60)
	at site.ycsb.DBWrapper.insert(DBWrapper.java:227)
	at site.ycsb.workloads.CoreWorkload.doInsert(CoreWorkload.java:621)
	at site.ycsb.ClientThread.run(ClientThread.java:135)
	at java.base/java.lang.Thread.run(Thread.java:829)
Caused by: jetbrains.exodus.ExodusException
	at jetbrains.exodus.newLogConcept.garbageCollector.OperationLogGarbageCollector.moveAndRemoveRecordsFromLog(OperationLogGarbageCollector.java:69)
	at jetbrains.exodus.newLogConcept.garbageCollector.OperationLogGarbageCollector.clean(OperationLogGarbageCollector.java:51)
	at jetbrains.exodus.newLogConcept.MVCC.MVCCDataStructure.lambda$commitTransaction$1(MVCCDataStructure.java:297)
	at java.base/java.util.concurrent.Executors$RunnableAdapter.call(Executors.java:515)
	at java.base/java.util.concurrent.FutureTask.run(FutureTask.java:264)
	at java.base/java.util.concurrent.ThreadPoolExecutor.runWorker(ThreadPoolExecutor.java:1128)
	at java.base/java.util.concurrent.ThreadPoolExecutor$Worker.run(ThreadPoolExecutor.java:628)
	... 1 more
java.util.concurrent.ExecutionException: jetbrains.exodus.ExodusException
	at java.base/java.util.concurrent.FutureTask.report(FutureTask.java:122)
	at java.base/java.util.concurrent.FutureTask.get(FutureTask.java:191)
	at jetbrains.exodus.newLogConcept.MVCC.MVCCDataStructure.commitTransaction(MVCCDataStructure.java:299)
	at site.ycsb.db.XodusClient.insert(XodusClient.java:60)
	at site.ycsb.DBWrapper.insert(DBWrapper.java:227)
	at site.ycsb.workloads.CoreWorkload.doInsert(CoreWorkload.java:621)
	at site.ycsb.ClientThread.run(ClientThread.java:135)
	at java.base/java.lang.Thread.run(Thread.java:829)
Caused by: jetbrains.exodus.ExodusException
	at jetbrains.exodus.newLogConcept.garbageCollector.OperationLogGarbageCollector.moveAndRemoveRecordsFromLog(OperationLogGarbageCollector.java:69)
	at jetbrains.exodus.newLogConcept.garbageCollector.OperationLogGarbageCollector.clean(OperationLogGarbageCollector.java:51)
	at jetbrains.exodus.newLogConcept.MVCC.MVCCDataStructure.lambda$commitTransaction$1(MVCCDataStructure.java:297)
	at java.base/java.util.concurrent.Executors$RunnableAdapter.call(Executors.java:515)
	at java.base/java.util.concurrent.FutureTask.run(FutureTask.java:264)
	at java.base/java.util.concurrent.ThreadPoolExecutor.runWorker(ThreadPoolExecutor.java:1128)
	at java.base/java.util.concurrent.ThreadPoolExecutor$Worker.run(ThreadPoolExecutor.java:628)
	... 1 more
java.util.concurrent.ExecutionException: jetbrains.exodus.ExodusException
	at java.base/java.util.concurrent.FutureTask.report(FutureTask.java:122)
	at java.base/java.util.concurrent.FutureTask.get(FutureTask.java:191)
	at jetbrains.exodus.newLogConcept.MVCC.MVCCDataStructure.commitTransaction(MVCCDataStructure.java:299)
	at site.ycsb.db.XodusClient.insert(XodusClient.java:60)
	at site.ycsb.DBWrapper.insert(DBWrapper.java:227)
	at site.ycsb.workloads.CoreWorkload.doInsert(CoreWorkload.java:621)
	at site.ycsb.ClientThread.run(ClientThread.java:135)
	at java.base/java.lang.Thread.run(Thread.java:829)
Caused by: jetbrains.exodus.ExodusException
	at jetbrains.exodus.newLogConcept.garbageCollector.OperationLogGarbageCollector.moveAndRemoveRecordsFromLog(OperationLogGarbageCollector.java:69)
	at jetbrains.exodus.newLogConcept.garbageCollector.OperationLogGarbageCollector.clean(OperationLogGarbageCollector.java:51)
	at jetbrains.exodus.newLogConcept.MVCC.MVCCDataStructure.lambda$commitTransaction$1(MVCCDataStructure.java:297)
	at java.base/java.util.concurrent.Executors$RunnableAdapter.call(Executors.java:515)
	at java.base/java.util.concurrent.FutureTask.run(FutureTask.java:264)
	at java.base/java.util.concurrent.ThreadPoolExecutor.runWorker(ThreadPoolExecutor.java:1128)
	at java.base/java.util.concurrent.ThreadPoolExecutor$Worker.run(ThreadPoolExecutor.java:628)
	... 1 more
java.util.concurrent.ExecutionException: jetbrains.exodus.ExodusException
	at java.base/java.util.concurrent.FutureTask.report(FutureTask.java:122)
	at java.base/java.util.concurrent.FutureTask.get(FutureTask.java:191)
	at jetbrains.exodus.newLogConcept.MVCC.MVCCDataStructure.commitTransaction(MVCCDataStructure.java:299)
	at site.ycsb.db.XodusClient.insert(XodusClient.java:60)
	at site.ycsb.DBWrapper.insert(DBWrapper.java:227)
	at site.ycsb.workloads.CoreWorkload.doInsert(CoreWorkload.java:621)
	at site.ycsb.ClientThread.run(ClientThread.java:135)
	at java.base/java.lang.Thread.run(Thread.java:829)
Caused by: jetbrains.exodus.ExodusException
	at jetbrains.exodus.newLogConcept.garbageCollector.OperationLogGarbageCollector.moveAndRemoveRecordsFromLog(OperationLogGarbageCollector.java:69)
	at jetbrains.exodus.newLogConcept.garbageCollector.OperationLogGarbageCollector.clean(OperationLogGarbageCollector.java:51)
	at jetbrains.exodus.newLogConcept.MVCC.MVCCDataStructure.lambda$commitTransaction$1(MVCCDataStructure.java:297)
	at java.base/java.util.concurrent.Executors$RunnableAdapter.call(Executors.java:515)
	at java.base/java.util.concurrent.FutureTask.run(FutureTask.java:264)
	at java.base/java.util.concurrent.ThreadPoolExecutor.runWorker(ThreadPoolExecutor.java:1128)
	at java.base/java.util.concurrent.ThreadPoolExecutor$Worker.run(ThreadPoolExecutor.java:628)
	... 1 more
java.util.concurrent.ExecutionException: jetbrains.exodus.ExodusException
	at java.base/java.util.concurrent.FutureTask.report(FutureTask.java:122)
	at java.base/java.util.concurrent.FutureTask.get(FutureTask.java:191)
	at jetbrains.exodus.newLogConcept.MVCC.MVCCDataStructure.commitTransaction(MVCCDataStructure.java:299)
	at site.ycsb.db.XodusClient.insert(XodusClient.java:60)
	at site.ycsb.DBWrapper.insert(DBWrapper.java:227)
	at site.ycsb.workloads.CoreWorkload.doInsert(CoreWorkload.java:621)
	at site.ycsb.ClientThread.run(ClientThread.java:135)
	at java.base/java.lang.Thread.run(Thread.java:829)
Caused by: jetbrains.exodus.ExodusException
	at jetbrains.exodus.newLogConcept.garbageCollector.OperationLogGarbageCollector.moveAndRemoveRecordsFromLog(OperationLogGarbageCollector.java:69)
	at jetbrains.exodus.newLogConcept.garbageCollector.OperationLogGarbageCollector.clean(OperationLogGarbageCollector.java:51)
	at jetbrains.exodus.newLogConcept.MVCC.MVCCDataStructure.lambda$commitTransaction$1(MVCCDataStructure.java:297)
	at java.base/java.util.concurrent.Executors$RunnableAdapter.call(Executors.java:515)
	at java.base/java.util.concurrent.FutureTask.run(FutureTask.java:264)
	at java.base/java.util.concurrent.ThreadPoolExecutor.runWorker(ThreadPoolExecutor.java:1128)
	at java.base/java.util.concurrent.ThreadPoolExecutor$Worker.run(ThreadPoolExecutor.java:628)
	... 1 more
java.util.concurrent.ExecutionException: jetbrains.exodus.ExodusException
	at java.base/java.util.concurrent.FutureTask.report(FutureTask.java:122)
	at java.base/java.util.concurrent.FutureTask.get(FutureTask.java:191)
	at jetbrains.exodus.newLogConcept.MVCC.MVCCDataStructure.commitTransaction(MVCCDataStructure.java:299)
	at site.ycsb.db.XodusClient.insert(XodusClient.java:60)
	at site.ycsb.DBWrapper.insert(DBWrapper.java:227)
	at site.ycsb.workloads.CoreWorkload.doInsert(CoreWorkload.java:621)
	at site.ycsb.ClientThread.run(ClientThread.java:135)
	at java.base/java.lang.Thread.run(Thread.java:829)
Caused by: jetbrains.exodus.ExodusException
	at jetbrains.exodus.newLogConcept.garbageCollector.OperationLogGarbageCollector.moveAndRemoveRecordsFromLog(OperationLogGarbageCollector.java:69)
	at jetbrains.exodus.newLogConcept.garbageCollector.OperationLogGarbageCollector.clean(OperationLogGarbageCollector.java:51)
	at jetbrains.exodus.newLogConcept.MVCC.MVCCDataStructure.lambda$commitTransaction$1(MVCCDataStructure.java:297)
	at java.base/java.util.concurrent.Executors$RunnableAdapter.call(Executors.java:515)
	at java.base/java.util.concurrent.FutureTask.run(FutureTask.java:264)
	at java.base/java.util.concurrent.ThreadPoolExecutor.runWorker(ThreadPoolExecutor.java:1128)
	at java.base/java.util.concurrent.ThreadPoolExecutor$Worker.run(ThreadPoolExecutor.java:628)
	... 1 more
java.util.concurrent.ExecutionException: jetbrains.exodus.ExodusException
	at java.base/java.util.concurrent.FutureTask.report(FutureTask.java:122)
	at java.base/java.util.concurrent.FutureTask.get(FutureTask.java:191)
	at jetbrains.exodus.newLogConcept.MVCC.MVCCDataStructure.commitTransaction(MVCCDataStructure.java:299)
	at site.ycsb.db.XodusClient.insert(XodusClient.java:60)
	at site.ycsb.DBWrapper.insert(DBWrapper.java:227)
	at site.ycsb.workloads.CoreWorkload.doInsert(CoreWorkload.java:621)
	at site.ycsb.ClientThread.run(ClientThread.java:135)
	at java.base/java.lang.Thread.run(Thread.java:829)
Caused by: jetbrains.exodus.ExodusException
	at jetbrains.exodus.newLogConcept.garbageCollector.OperationLogGarbageCollector.moveAndRemoveRecordsFromLog(OperationLogGarbageCollector.java:69)
	at jetbrains.exodus.newLogConcept.garbageCollector.OperationLogGarbageCollector.clean(OperationLogGarbageCollector.java:51)
	at jetbrains.exodus.newLogConcept.MVCC.MVCCDataStructure.lambda$commitTransaction$1(MVCCDataStructure.java:297)
	at java.base/java.util.concurrent.Executors$RunnableAdapter.call(Executors.java:515)
	at java.base/java.util.concurrent.FutureTask.run(FutureTask.java:264)
	at java.base/java.util.concurrent.ThreadPoolExecutor.runWorker(ThreadPoolExecutor.java:1128)
	at java.base/java.util.concurrent.ThreadPoolExecutor$Worker.run(ThreadPoolExecutor.java:628)
	... 1 more
java.util.concurrent.ExecutionException: jetbrains.exodus.ExodusException
	at java.base/java.util.concurrent.FutureTask.report(FutureTask.java:122)
	at java.base/java.util.concurrent.FutureTask.get(FutureTask.java:191)
	at jetbrains.exodus.newLogConcept.MVCC.MVCCDataStructure.commitTransaction(MVCCDataStructure.java:299)
	at site.ycsb.db.XodusClient.insert(XodusClient.java:60)
	at site.ycsb.DBWrapper.insert(DBWrapper.java:227)
	at site.ycsb.workloads.CoreWorkload.doInsert(CoreWorkload.java:621)
	at site.ycsb.ClientThread.run(ClientThread.java:135)
	at java.base/java.lang.Thread.run(Thread.java:829)
Caused by: jetbrains.exodus.ExodusException
	at jetbrains.exodus.newLogConcept.garbageCollector.OperationLogGarbageCollector.moveAndRemoveRecordsFromLog(OperationLogGarbageCollector.java:69)
	at jetbrains.exodus.newLogConcept.garbageCollector.OperationLogGarbageCollector.clean(OperationLogGarbageCollector.java:51)
	at jetbrains.exodus.newLogConcept.MVCC.MVCCDataStructure.lambda$commitTransaction$1(MVCCDataStructure.java:297)
	at java.base/java.util.concurrent.Executors$RunnableAdapter.call(Executors.java:515)
	at java.base/java.util.concurrent.FutureTask.run(FutureTask.java:264)
	at java.base/java.util.concurrent.ThreadPoolExecutor.runWorker(ThreadPoolExecutor.java:1128)
	at java.base/java.util.concurrent.ThreadPoolExecutor$Worker.run(ThreadPoolExecutor.java:628)
	... 1 more
java.util.concurrent.ExecutionException: jetbrains.exodus.ExodusException
	at java.base/java.util.concurrent.FutureTask.report(FutureTask.java:122)
	at java.base/java.util.concurrent.FutureTask.get(FutureTask.java:191)
	at jetbrains.exodus.newLogConcept.MVCC.MVCCDataStructure.commitTransaction(MVCCDataStructure.java:299)
	at site.ycsb.db.XodusClient.insert(XodusClient.java:60)
	at site.ycsb.DBWrapper.insert(DBWrapper.java:227)
	at site.ycsb.workloads.CoreWorkload.doInsert(CoreWorkload.java:621)
	at site.ycsb.ClientThread.run(ClientThread.java:135)
	at java.base/java.lang.Thread.run(Thread.java:829)
Caused by: jetbrains.exodus.ExodusException
	at jetbrains.exodus.newLogConcept.garbageCollector.OperationLogGarbageCollector.moveAndRemoveRecordsFromLog(OperationLogGarbageCollector.java:69)
	at jetbrains.exodus.newLogConcept.garbageCollector.OperationLogGarbageCollector.clean(OperationLogGarbageCollector.java:51)
	at jetbrains.exodus.newLogConcept.MVCC.MVCCDataStructure.lambda$commitTransaction$1(MVCCDataStructure.java:297)
	at java.base/java.util.concurrent.Executors$RunnableAdapter.call(Executors.java:515)
	at java.base/java.util.concurrent.FutureTask.run(FutureTask.java:264)
	at java.base/java.util.concurrent.ThreadPoolExecutor.runWorker(ThreadPoolExecutor.java:1128)
	at java.base/java.util.concurrent.ThreadPoolExecutor$Worker.run(ThreadPoolExecutor.java:628)
	... 1 more
java.util.concurrent.ExecutionException: jetbrains.exodus.ExodusException
	at java.base/java.util.concurrent.FutureTask.report(FutureTask.java:122)
	at java.base/java.util.concurrent.FutureTask.get(FutureTask.java:191)
	at jetbrains.exodus.newLogConcept.MVCC.MVCCDataStructure.commitTransaction(MVCCDataStructure.java:299)
	at site.ycsb.db.XodusClient.insert(XodusClient.java:60)
	at site.ycsb.DBWrapper.insert(DBWrapper.java:227)
	at site.ycsb.workloads.CoreWorkload.doInsert(CoreWorkload.java:621)
	at site.ycsb.ClientThread.run(ClientThread.java:135)
	at java.base/java.lang.Thread.run(Thread.java:829)
Caused by: jetbrains.exodus.ExodusException
	at jetbrains.exodus.newLogConcept.garbageCollector.OperationLogGarbageCollector.moveAndRemoveRecordsFromLog(OperationLogGarbageCollector.java:69)
	at jetbrains.exodus.newLogConcept.garbageCollector.OperationLogGarbageCollector.clean(OperationLogGarbageCollector.java:51)
	at jetbrains.exodus.newLogConcept.MVCC.MVCCDataStructure.lambda$commitTransaction$1(MVCCDataStructure.java:297)
	at java.base/java.util.concurrent.Executors$RunnableAdapter.call(Executors.java:515)
	at java.base/java.util.concurrent.FutureTask.run(FutureTask.java:264)
	at java.base/java.util.concurrent.ThreadPoolExecutor.runWorker(ThreadPoolExecutor.java:1128)
	at java.base/java.util.concurrent.ThreadPoolExecutor$Worker.run(ThreadPoolExecutor.java:628)
	... 1 more
java.util.concurrent.ExecutionException: jetbrains.exodus.ExodusException
	at java.base/java.util.concurrent.FutureTask.report(FutureTask.java:122)
	at java.base/java.util.concurrent.FutureTask.get(FutureTask.java:191)
	at jetbrains.exodus.newLogConcept.MVCC.MVCCDataStructure.commitTransaction(MVCCDataStructure.java:299)
	at site.ycsb.db.XodusClient.insert(XodusClient.java:60)
	at site.ycsb.DBWrapper.insert(DBWrapper.java:227)
	at site.ycsb.workloads.CoreWorkload.doInsert(CoreWorkload.java:621)
	at site.ycsb.ClientThread.run(ClientThread.java:135)
	at java.base/java.lang.Thread.run(Thread.java:829)
Caused by: jetbrains.exodus.ExodusException
	at jetbrains.exodus.newLogConcept.garbageCollector.OperationLogGarbageCollector.moveAndRemoveRecordsFromLog(OperationLogGarbageCollector.java:69)
	at jetbrains.exodus.newLogConcept.garbageCollector.OperationLogGarbageCollector.clean(OperationLogGarbageCollector.java:51)
	at jetbrains.exodus.newLogConcept.MVCC.MVCCDataStructure.lambda$commitTransaction$1(MVCCDataStructure.java:297)
	at java.base/java.util.concurrent.Executors$RunnableAdapter.call(Executors.java:515)
	at java.base/java.util.concurrent.FutureTask.run(FutureTask.java:264)
	at java.base/java.util.concurrent.ThreadPoolExecutor.runWorker(ThreadPoolExecutor.java:1128)
	at java.base/java.util.concurrent.ThreadPoolExecutor$Worker.run(ThreadPoolExecutor.java:628)
	... 1 more
java.util.concurrent.ExecutionException: jetbrains.exodus.ExodusException
	at java.base/java.util.concurrent.FutureTask.report(FutureTask.java:122)
	at java.base/java.util.concurrent.FutureTask.get(FutureTask.java:191)
	at jetbrains.exodus.newLogConcept.MVCC.MVCCDataStructure.commitTransaction(MVCCDataStructure.java:299)
	at site.ycsb.db.XodusClient.insert(XodusClient.java:60)
	at site.ycsb.DBWrapper.insert(DBWrapper.java:227)
	at site.ycsb.workloads.CoreWorkload.doInsert(CoreWorkload.java:621)
	at site.ycsb.ClientThread.run(ClientThread.java:135)
	at java.base/java.lang.Thread.run(Thread.java:829)
Caused by: jetbrains.exodus.ExodusException
	at jetbrains.exodus.newLogConcept.garbageCollector.OperationLogGarbageCollector.moveAndRemoveRecordsFromLog(OperationLogGarbageCollector.java:69)
	at jetbrains.exodus.newLogConcept.garbageCollector.OperationLogGarbageCollector.clean(OperationLogGarbageCollector.java:51)
	at jetbrains.exodus.newLogConcept.MVCC.MVCCDataStructure.lambda$commitTransaction$1(MVCCDataStructure.java:297)
	at java.base/java.util.concurrent.Executors$RunnableAdapter.call(Executors.java:515)
	at java.base/java.util.concurrent.FutureTask.run(FutureTask.java:264)
	at java.base/java.util.concurrent.ThreadPoolExecutor.runWorker(ThreadPoolExecutor.java:1128)
	at java.base/java.util.concurrent.ThreadPoolExecutor$Worker.run(ThreadPoolExecutor.java:628)
	... 1 more
java.util.concurrent.ExecutionException: jetbrains.exodus.ExodusException
	at java.base/java.util.concurrent.FutureTask.report(FutureTask.java:122)
	at java.base/java.util.concurrent.FutureTask.get(FutureTask.java:191)
	at jetbrains.exodus.newLogConcept.MVCC.MVCCDataStructure.commitTransaction(MVCCDataStructure.java:299)
	at site.ycsb.db.XodusClient.insert(XodusClient.java:60)
	at site.ycsb.DBWrapper.insert(DBWrapper.java:227)
	at site.ycsb.workloads.CoreWorkload.doInsert(CoreWorkload.java:621)
	at site.ycsb.ClientThread.run(ClientThread.java:135)
	at java.base/java.lang.Thread.run(Thread.java:829)
Caused by: jetbrains.exodus.ExodusException
	at jetbrains.exodus.newLogConcept.garbageCollector.OperationLogGarbageCollector.moveAndRemoveRecordsFromLog(OperationLogGarbageCollector.java:69)
	at jetbrains.exodus.newLogConcept.garbageCollector.OperationLogGarbageCollector.clean(OperationLogGarbageCollector.java:51)
	at jetbrains.exodus.newLogConcept.MVCC.MVCCDataStructure.lambda$commitTransaction$1(MVCCDataStructure.java:297)
	at java.base/java.util.concurrent.Executors$RunnableAdapter.call(Executors.java:515)
	at java.base/java.util.concurrent.FutureTask.run(FutureTask.java:264)
	at java.base/java.util.concurrent.ThreadPoolExecutor.runWorker(ThreadPoolExecutor.java:1128)
	at java.base/java.util.concurrent.ThreadPoolExecutor$Worker.run(ThreadPoolExecutor.java:628)
	... 1 more
java.util.concurrent.ExecutionException: jetbrains.exodus.ExodusException
	at java.base/java.util.concurrent.FutureTask.report(FutureTask.java:122)
	at java.base/java.util.concurrent.FutureTask.get(FutureTask.java:191)
	at jetbrains.exodus.newLogConcept.MVCC.MVCCDataStructure.commitTransaction(MVCCDataStructure.java:299)
	at site.ycsb.db.XodusClient.insert(XodusClient.java:60)
	at site.ycsb.DBWrapper.insert(DBWrapper.java:227)
	at site.ycsb.workloads.CoreWorkload.doInsert(CoreWorkload.java:621)
	at site.ycsb.ClientThread.run(ClientThread.java:135)
	at java.base/java.lang.Thread.run(Thread.java:829)
Caused by: jetbrains.exodus.ExodusException
	at jetbrains.exodus.newLogConcept.garbageCollector.OperationLogGarbageCollector.moveAndRemoveRecordsFromLog(OperationLogGarbageCollector.java:69)
	at jetbrains.exodus.newLogConcept.garbageCollector.OperationLogGarbageCollector.clean(OperationLogGarbageCollector.java:51)
	at jetbrains.exodus.newLogConcept.MVCC.MVCCDataStructure.lambda$commitTransaction$1(MVCCDataStructure.java:297)
	at java.base/java.util.concurrent.Executors$RunnableAdapter.call(Executors.java:515)
	at java.base/java.util.concurrent.FutureTask.run(FutureTask.java:264)
	at java.base/java.util.concurrent.ThreadPoolExecutor.runWorker(ThreadPoolExecutor.java:1128)
	at java.base/java.util.concurrent.ThreadPoolExecutor$Worker.run(ThreadPoolExecutor.java:628)
	... 1 more
java.util.concurrent.ExecutionException: jetbrains.exodus.ExodusException
	at java.base/java.util.concurrent.FutureTask.report(FutureTask.java:122)
	at java.base/java.util.concurrent.FutureTask.get(FutureTask.java:191)
	at jetbrains.exodus.newLogConcept.MVCC.MVCCDataStructure.commitTransaction(MVCCDataStructure.java:299)
	at site.ycsb.db.XodusClient.insert(XodusClient.java:60)
	at site.ycsb.DBWrapper.insert(DBWrapper.java:227)
	at site.ycsb.workloads.CoreWorkload.doInsert(CoreWorkload.java:621)
	at site.ycsb.ClientThread.run(ClientThread.java:135)
	at java.base/java.lang.Thread.run(Thread.java:829)
Caused by: jetbrains.exodus.ExodusException
	at jetbrains.exodus.newLogConcept.garbageCollector.OperationLogGarbageCollector.moveAndRemoveRecordsFromLog(OperationLogGarbageCollector.java:69)
	at jetbrains.exodus.newLogConcept.garbageCollector.OperationLogGarbageCollector.clean(OperationLogGarbageCollector.java:51)
	at jetbrains.exodus.newLogConcept.MVCC.MVCCDataStructure.lambda$commitTransaction$1(MVCCDataStructure.java:297)
	at java.base/java.util.concurrent.Executors$RunnableAdapter.call(Executors.java:515)
	at java.base/java.util.concurrent.FutureTask.run(FutureTask.java:264)
	at java.base/java.util.concurrent.ThreadPoolExecutor.runWorker(ThreadPoolExecutor.java:1128)
	at java.base/java.util.concurrent.ThreadPoolExecutor$Worker.run(ThreadPoolExecutor.java:628)
	... 1 more
java.util.concurrent.ExecutionException: jetbrains.exodus.ExodusException
	at java.base/java.util.concurrent.FutureTask.report(FutureTask.java:122)
	at java.base/java.util.concurrent.FutureTask.get(FutureTask.java:191)
	at jetbrains.exodus.newLogConcept.MVCC.MVCCDataStructure.commitTransaction(MVCCDataStructure.java:299)
	at site.ycsb.db.XodusClient.insert(XodusClient.java:60)
	at site.ycsb.DBWrapper.insert(DBWrapper.java:227)
	at site.ycsb.workloads.CoreWorkload.doInsert(CoreWorkload.java:621)
	at site.ycsb.ClientThread.run(ClientThread.java:135)
	at java.base/java.lang.Thread.run(Thread.java:829)
Caused by: jetbrains.exodus.ExodusException
	at jetbrains.exodus.newLogConcept.garbageCollector.OperationLogGarbageCollector.moveAndRemoveRecordsFromLog(OperationLogGarbageCollector.java:69)
	at jetbrains.exodus.newLogConcept.garbageCollector.OperationLogGarbageCollector.clean(OperationLogGarbageCollector.java:51)
	at jetbrains.exodus.newLogConcept.MVCC.MVCCDataStructure.lambda$commitTransaction$1(MVCCDataStructure.java:297)
	at java.base/java.util.concurrent.Executors$RunnableAdapter.call(Executors.java:515)
	at java.base/java.util.concurrent.FutureTask.run(FutureTask.java:264)
	at java.base/java.util.concurrent.ThreadPoolExecutor.runWorker(ThreadPoolExecutor.java:1128)
	at java.base/java.util.concurrent.ThreadPoolExecutor$Worker.run(ThreadPoolExecutor.java:628)
	... 1 more
java.util.concurrent.ExecutionException: jetbrains.exodus.ExodusException
	at java.base/java.util.concurrent.FutureTask.report(FutureTask.java:122)
	at java.base/java.util.concurrent.FutureTask.get(FutureTask.java:191)
	at jetbrains.exodus.newLogConcept.MVCC.MVCCDataStructure.commitTransaction(MVCCDataStructure.java:299)
	at site.ycsb.db.XodusClient.insert(XodusClient.java:60)
	at site.ycsb.DBWrapper.insert(DBWrapper.java:227)
	at site.ycsb.workloads.CoreWorkload.doInsert(CoreWorkload.java:621)
	at site.ycsb.ClientThread.run(ClientThread.java:135)
	at java.base/java.lang.Thread.run(Thread.java:829)
Caused by: jetbrains.exodus.ExodusException
	at jetbrains.exodus.newLogConcept.garbageCollector.OperationLogGarbageCollector.moveAndRemoveRecordsFromLog(OperationLogGarbageCollector.java:69)
	at jetbrains.exodus.newLogConcept.garbageCollector.OperationLogGarbageCollector.clean(OperationLogGarbageCollector.java:51)
	at jetbrains.exodus.newLogConcept.MVCC.MVCCDataStructure.lambda$commitTransaction$1(MVCCDataStructure.java:297)
	at java.base/java.util.concurrent.Executors$RunnableAdapter.call(Executors.java:515)
	at java.base/java.util.concurrent.FutureTask.run(FutureTask.java:264)
	at java.base/java.util.concurrent.ThreadPoolExecutor.runWorker(ThreadPoolExecutor.java:1128)
	at java.base/java.util.concurrent.ThreadPoolExecutor$Worker.run(ThreadPoolExecutor.java:628)
	... 1 more
java.util.concurrent.ExecutionException: jetbrains.exodus.ExodusException
	at java.base/java.util.concurrent.FutureTask.report(FutureTask.java:122)
	at java.base/java.util.concurrent.FutureTask.get(FutureTask.java:191)
	at jetbrains.exodus.newLogConcept.MVCC.MVCCDataStructure.commitTransaction(MVCCDataStructure.java:299)
	at site.ycsb.db.XodusClient.insert(XodusClient.java:60)
	at site.ycsb.DBWrapper.insert(DBWrapper.java:227)
	at site.ycsb.workloads.CoreWorkload.doInsert(CoreWorkload.java:621)
	at site.ycsb.ClientThread.run(ClientThread.java:135)
	at java.base/java.lang.Thread.run(Thread.java:829)
Caused by: jetbrains.exodus.ExodusException
	at jetbrains.exodus.newLogConcept.garbageCollector.OperationLogGarbageCollector.moveAndRemoveRecordsFromLog(OperationLogGarbageCollector.java:69)
	at jetbrains.exodus.newLogConcept.garbageCollector.OperationLogGarbageCollector.clean(OperationLogGarbageCollector.java:51)
	at jetbrains.exodus.newLogConcept.MVCC.MVCCDataStructure.lambda$commitTransaction$1(MVCCDataStructure.java:297)
	at java.base/java.util.concurrent.Executors$RunnableAdapter.call(Executors.java:515)
	at java.base/java.util.concurrent.FutureTask.run(FutureTask.java:264)
	at java.base/java.util.concurrent.ThreadPoolExecutor.runWorker(ThreadPoolExecutor.java:1128)
	at java.base/java.util.concurrent.ThreadPoolExecutor$Worker.run(ThreadPoolExecutor.java:628)
	... 1 more
java.util.concurrent.ExecutionException: jetbrains.exodus.ExodusException
	at java.base/java.util.concurrent.FutureTask.report(FutureTask.java:122)
	at java.base/java.util.concurrent.FutureTask.get(FutureTask.java:191)
	at jetbrains.exodus.newLogConcept.MVCC.MVCCDataStructure.commitTransaction(MVCCDataStructure.java:299)
	at site.ycsb.db.XodusClient.insert(XodusClient.java:60)
	at site.ycsb.DBWrapper.insert(DBWrapper.java:227)
	at site.ycsb.workloads.CoreWorkload.doInsert(CoreWorkload.java:621)
	at site.ycsb.ClientThread.run(ClientThread.java:135)
	at java.base/java.lang.Thread.run(Thread.java:829)
Caused by: jetbrains.exodus.ExodusException
	at jetbrains.exodus.newLogConcept.garbageCollector.OperationLogGarbageCollector.moveAndRemoveRecordsFromLog(OperationLogGarbageCollector.java:69)
	at jetbrains.exodus.newLogConcept.garbageCollector.OperationLogGarbageCollector.clean(OperationLogGarbageCollector.java:51)
	at jetbrains.exodus.newLogConcept.MVCC.MVCCDataStructure.lambda$commitTransaction$1(MVCCDataStructure.java:297)
	at java.base/java.util.concurrent.Executors$RunnableAdapter.call(Executors.java:515)
	at java.base/java.util.concurrent.FutureTask.run(FutureTask.java:264)
	at java.base/java.util.concurrent.ThreadPoolExecutor.runWorker(ThreadPoolExecutor.java:1128)
	at java.base/java.util.concurrent.ThreadPoolExecutor$Worker.run(ThreadPoolExecutor.java:628)
	... 1 more
java.util.concurrent.ExecutionException: jetbrains.exodus.ExodusException
	at java.base/java.util.concurrent.FutureTask.report(FutureTask.java:122)
	at java.base/java.util.concurrent.FutureTask.get(FutureTask.java:191)
	at jetbrains.exodus.newLogConcept.MVCC.MVCCDataStructure.commitTransaction(MVCCDataStructure.java:299)
	at site.ycsb.db.XodusClient.insert(XodusClient.java:60)
	at site.ycsb.DBWrapper.insert(DBWrapper.java:227)
	at site.ycsb.workloads.CoreWorkload.doInsert(CoreWorkload.java:621)
	at site.ycsb.ClientThread.run(ClientThread.java:135)
	at java.base/java.lang.Thread.run(Thread.java:829)
Caused by: jetbrains.exodus.ExodusException
	at jetbrains.exodus.newLogConcept.garbageCollector.OperationLogGarbageCollector.moveAndRemoveRecordsFromLog(OperationLogGarbageCollector.java:69)
	at jetbrains.exodus.newLogConcept.garbageCollector.OperationLogGarbageCollector.clean(OperationLogGarbageCollector.java:51)
	at jetbrains.exodus.newLogConcept.MVCC.MVCCDataStructure.lambda$commitTransaction$1(MVCCDataStructure.java:297)
	at java.base/java.util.concurrent.Executors$RunnableAdapter.call(Executors.java:515)
	at java.base/java.util.concurrent.FutureTask.run(FutureTask.java:264)
	at java.base/java.util.concurrent.ThreadPoolExecutor.runWorker(ThreadPoolExecutor.java:1128)
	at java.base/java.util.concurrent.ThreadPoolExecutor$Worker.run(ThreadPoolExecutor.java:628)
	... 1 more
java.util.concurrent.ExecutionException: jetbrains.exodus.ExodusException
	at java.base/java.util.concurrent.FutureTask.report(FutureTask.java:122)
	at java.base/java.util.concurrent.FutureTask.get(FutureTask.java:191)
	at jetbrains.exodus.newLogConcept.MVCC.MVCCDataStructure.commitTransaction(MVCCDataStructure.java:299)
	at site.ycsb.db.XodusClient.insert(XodusClient.java:60)
	at site.ycsb.DBWrapper.insert(DBWrapper.java:227)
	at site.ycsb.workloads.CoreWorkload.doInsert(CoreWorkload.java:621)
	at site.ycsb.ClientThread.run(ClientThread.java:135)
	at java.base/java.lang.Thread.run(Thread.java:829)
Caused by: jetbrains.exodus.ExodusException
	at jetbrains.exodus.newLogConcept.garbageCollector.OperationLogGarbageCollector.moveAndRemoveRecordsFromLog(OperationLogGarbageCollector.java:69)
	at jetbrains.exodus.newLogConcept.garbageCollector.OperationLogGarbageCollector.clean(OperationLogGarbageCollector.java:51)
	at jetbrains.exodus.newLogConcept.MVCC.MVCCDataStructure.lambda$commitTransaction$1(MVCCDataStructure.java:297)
	at java.base/java.util.concurrent.Executors$RunnableAdapter.call(Executors.java:515)
	at java.base/java.util.concurrent.FutureTask.run(FutureTask.java:264)
	at java.base/java.util.concurrent.ThreadPoolExecutor.runWorker(ThreadPoolExecutor.java:1128)
	at java.base/java.util.concurrent.ThreadPoolExecutor$Worker.run(ThreadPoolExecutor.java:628)
	... 1 more
java.util.concurrent.ExecutionException: jetbrains.exodus.ExodusException
	at java.base/java.util.concurrent.FutureTask.report(FutureTask.java:122)
	at java.base/java.util.concurrent.FutureTask.get(FutureTask.java:191)
	at jetbrains.exodus.newLogConcept.MVCC.MVCCDataStructure.commitTransaction(MVCCDataStructure.java:299)
	at site.ycsb.db.XodusClient.insert(XodusClient.java:60)
	at site.ycsb.DBWrapper.insert(DBWrapper.java:227)
	at site.ycsb.workloads.CoreWorkload.doInsert(CoreWorkload.java:621)
	at site.ycsb.ClientThread.run(ClientThread.java:135)
	at java.base/java.lang.Thread.run(Thread.java:829)
Caused by: jetbrains.exodus.ExodusException
	at jetbrains.exodus.newLogConcept.garbageCollector.OperationLogGarbageCollector.moveAndRemoveRecordsFromLog(OperationLogGarbageCollector.java:69)
	at jetbrains.exodus.newLogConcept.garbageCollector.OperationLogGarbageCollector.clean(OperationLogGarbageCollector.java:51)
	at jetbrains.exodus.newLogConcept.MVCC.MVCCDataStructure.lambda$commitTransaction$1(MVCCDataStructure.java:297)
	at java.base/java.util.concurrent.Executors$RunnableAdapter.call(Executors.java:515)
	at java.base/java.util.concurrent.FutureTask.run(FutureTask.java:264)
	at java.base/java.util.concurrent.ThreadPoolExecutor.runWorker(ThreadPoolExecutor.java:1128)
	at java.base/java.util.concurrent.ThreadPoolExecutor$Worker.run(ThreadPoolExecutor.java:628)
	... 1 more
java.util.concurrent.ExecutionException: jetbrains.exodus.ExodusException
	at java.base/java.util.concurrent.FutureTask.report(FutureTask.java:122)
	at java.base/java.util.concurrent.FutureTask.get(FutureTask.java:191)
	at jetbrains.exodus.newLogConcept.MVCC.MVCCDataStructure.commitTransaction(MVCCDataStructure.java:299)
	at site.ycsb.db.XodusClient.insert(XodusClient.java:60)
	at site.ycsb.DBWrapper.insert(DBWrapper.java:227)
	at site.ycsb.workloads.CoreWorkload.doInsert(CoreWorkload.java:621)
	at site.ycsb.ClientThread.run(ClientThread.java:135)
	at java.base/java.lang.Thread.run(Thread.java:829)
Caused by: jetbrains.exodus.ExodusException
	at jetbrains.exodus.newLogConcept.garbageCollector.OperationLogGarbageCollector.moveAndRemoveRecordsFromLog(OperationLogGarbageCollector.java:69)
	at jetbrains.exodus.newLogConcept.garbageCollector.OperationLogGarbageCollector.clean(OperationLogGarbageCollector.java:51)
	at jetbrains.exodus.newLogConcept.MVCC.MVCCDataStructure.lambda$commitTransaction$1(MVCCDataStructure.java:297)
	at java.base/java.util.concurrent.Executors$RunnableAdapter.call(Executors.java:515)
	at java.base/java.util.concurrent.FutureTask.run(FutureTask.java:264)
	at java.base/java.util.concurrent.ThreadPoolExecutor.runWorker(ThreadPoolExecutor.java:1128)
	at java.base/java.util.concurrent.ThreadPoolExecutor$Worker.run(ThreadPoolExecutor.java:628)
	... 1 more
java.util.concurrent.ExecutionException: jetbrains.exodus.ExodusException
	at java.base/java.util.concurrent.FutureTask.report(FutureTask.java:122)
	at java.base/java.util.concurrent.FutureTask.get(FutureTask.java:191)
	at jetbrains.exodus.newLogConcept.MVCC.MVCCDataStructure.commitTransaction(MVCCDataStructure.java:299)
	at site.ycsb.db.XodusClient.insert(XodusClient.java:60)
	at site.ycsb.DBWrapper.insert(DBWrapper.java:227)
	at site.ycsb.workloads.CoreWorkload.doInsert(CoreWorkload.java:621)
	at site.ycsb.ClientThread.run(ClientThread.java:135)
	at java.base/java.lang.Thread.run(Thread.java:829)
Caused by: jetbrains.exodus.ExodusException
	at jetbrains.exodus.newLogConcept.garbageCollector.OperationLogGarbageCollector.moveAndRemoveRecordsFromLog(OperationLogGarbageCollector.java:69)
	at jetbrains.exodus.newLogConcept.garbageCollector.OperationLogGarbageCollector.clean(OperationLogGarbageCollector.java:51)
	at jetbrains.exodus.newLogConcept.MVCC.MVCCDataStructure.lambda$commitTransaction$1(MVCCDataStructure.java:297)
	at java.base/java.util.concurrent.Executors$RunnableAdapter.call(Executors.java:515)
	at java.base/java.util.concurrent.FutureTask.run(FutureTask.java:264)
	at java.base/java.util.concurrent.ThreadPoolExecutor.runWorker(ThreadPoolExecutor.java:1128)
	at java.base/java.util.concurrent.ThreadPoolExecutor$Worker.run(ThreadPoolExecutor.java:628)
	... 1 more
java.util.concurrent.ExecutionException: jetbrains.exodus.ExodusException
	at java.base/java.util.concurrent.FutureTask.report(FutureTask.java:122)
	at java.base/java.util.concurrent.FutureTask.get(FutureTask.java:191)
	at jetbrains.exodus.newLogConcept.MVCC.MVCCDataStructure.commitTransaction(MVCCDataStructure.java:299)
	at site.ycsb.db.XodusClient.insert(XodusClient.java:60)
	at site.ycsb.DBWrapper.insert(DBWrapper.java:227)
	at site.ycsb.workloads.CoreWorkload.doInsert(CoreWorkload.java:621)
	at site.ycsb.ClientThread.run(ClientThread.java:135)
	at java.base/java.lang.Thread.run(Thread.java:829)
Caused by: jetbrains.exodus.ExodusException
	at jetbrains.exodus.newLogConcept.garbageCollector.OperationLogGarbageCollector.moveAndRemoveRecordsFromLog(OperationLogGarbageCollector.java:69)
	at jetbrains.exodus.newLogConcept.garbageCollector.OperationLogGarbageCollector.clean(OperationLogGarbageCollector.java:51)
	at jetbrains.exodus.newLogConcept.MVCC.MVCCDataStructure.lambda$commitTransaction$1(MVCCDataStructure.java:297)
	at java.base/java.util.concurrent.Executors$RunnableAdapter.call(Executors.java:515)
	at java.base/java.util.concurrent.FutureTask.run(FutureTask.java:264)
	at java.base/java.util.concurrent.ThreadPoolExecutor.runWorker(ThreadPoolExecutor.java:1128)
	at java.base/java.util.concurrent.ThreadPoolExecutor$Worker.run(ThreadPoolExecutor.java:628)
	... 1 more
java.util.concurrent.ExecutionException: jetbrains.exodus.ExodusException
	at java.base/java.util.concurrent.FutureTask.report(FutureTask.java:122)
	at java.base/java.util.concurrent.FutureTask.get(FutureTask.java:191)
	at jetbrains.exodus.newLogConcept.MVCC.MVCCDataStructure.commitTransaction(MVCCDataStructure.java:299)
	at site.ycsb.db.XodusClient.insert(XodusClient.java:60)
	at site.ycsb.DBWrapper.insert(DBWrapper.java:227)
	at site.ycsb.workloads.CoreWorkload.doInsert(CoreWorkload.java:621)
	at site.ycsb.ClientThread.run(ClientThread.java:135)
	at java.base/java.lang.Thread.run(Thread.java:829)
Caused by: jetbrains.exodus.ExodusException
	at jetbrains.exodus.newLogConcept.garbageCollector.OperationLogGarbageCollector.moveAndRemoveRecordsFromLog(OperationLogGarbageCollector.java:69)
	at jetbrains.exodus.newLogConcept.garbageCollector.OperationLogGarbageCollector.clean(OperationLogGarbageCollector.java:51)
	at jetbrains.exodus.newLogConcept.MVCC.MVCCDataStructure.lambda$commitTransaction$1(MVCCDataStructure.java:297)
	at java.base/java.util.concurrent.Executors$RunnableAdapter.call(Executors.java:515)
	at java.base/java.util.concurrent.FutureTask.run(FutureTask.java:264)
	at java.base/java.util.concurrent.ThreadPoolExecutor.runWorker(ThreadPoolExecutor.java:1128)
	at java.base/java.util.concurrent.ThreadPoolExecutor$Worker.run(ThreadPoolExecutor.java:628)
	... 1 more
java.util.concurrent.ExecutionException: jetbrains.exodus.ExodusException
	at java.base/java.util.concurrent.FutureTask.report(FutureTask.java:122)
	at java.base/java.util.concurrent.FutureTask.get(FutureTask.java:191)
	at jetbrains.exodus.newLogConcept.MVCC.MVCCDataStructure.commitTransaction(MVCCDataStructure.java:299)
	at site.ycsb.db.XodusClient.insert(XodusClient.java:60)
	at site.ycsb.DBWrapper.insert(DBWrapper.java:227)
	at site.ycsb.workloads.CoreWorkload.doInsert(CoreWorkload.java:621)
	at site.ycsb.ClientThread.run(ClientThread.java:135)
	at java.base/java.lang.Thread.run(Thread.java:829)
Caused by: jetbrains.exodus.ExodusException
	at jetbrains.exodus.newLogConcept.garbageCollector.OperationLogGarbageCollector.moveAndRemoveRecordsFromLog(OperationLogGarbageCollector.java:69)
	at jetbrains.exodus.newLogConcept.garbageCollector.OperationLogGarbageCollector.clean(OperationLogGarbageCollector.java:51)
	at jetbrains.exodus.newLogConcept.MVCC.MVCCDataStructure.lambda$commitTransaction$1(MVCCDataStructure.java:297)
	at java.base/java.util.concurrent.Executors$RunnableAdapter.call(Executors.java:515)
	at java.base/java.util.concurrent.FutureTask.run(FutureTask.java:264)
	at java.base/java.util.concurrent.ThreadPoolExecutor.runWorker(ThreadPoolExecutor.java:1128)
	at java.base/java.util.concurrent.ThreadPoolExecutor$Worker.run(ThreadPoolExecutor.java:628)
	... 1 more
java.util.concurrent.ExecutionException: jetbrains.exodus.ExodusException
	at java.base/java.util.concurrent.FutureTask.report(FutureTask.java:122)
	at java.base/java.util.concurrent.FutureTask.get(FutureTask.java:191)
	at jetbrains.exodus.newLogConcept.MVCC.MVCCDataStructure.commitTransaction(MVCCDataStructure.java:299)
	at site.ycsb.db.XodusClient.insert(XodusClient.java:60)
	at site.ycsb.DBWrapper.insert(DBWrapper.java:227)
	at site.ycsb.workloads.CoreWorkload.doInsert(CoreWorkload.java:621)
	at site.ycsb.ClientThread.run(ClientThread.java:135)
	at java.base/java.lang.Thread.run(Thread.java:829)
Caused by: jetbrains.exodus.ExodusException
	at jetbrains.exodus.newLogConcept.garbageCollector.OperationLogGarbageCollector.moveAndRemoveRecordsFromLog(OperationLogGarbageCollector.java:69)
	at jetbrains.exodus.newLogConcept.garbageCollector.OperationLogGarbageCollector.clean(OperationLogGarbageCollector.java:51)
	at jetbrains.exodus.newLogConcept.MVCC.MVCCDataStructure.lambda$commitTransaction$1(MVCCDataStructure.java:297)
	at java.base/java.util.concurrent.Executors$RunnableAdapter.call(Executors.java:515)
	at java.base/java.util.concurrent.FutureTask.run(FutureTask.java:264)
	at java.base/java.util.concurrent.ThreadPoolExecutor.runWorker(ThreadPoolExecutor.java:1128)
	at java.base/java.util.concurrent.ThreadPoolExecutor$Worker.run(ThreadPoolExecutor.java:628)
	... 1 more
java.util.concurrent.ExecutionException: jetbrains.exodus.ExodusException
	at java.base/java.util.concurrent.FutureTask.report(FutureTask.java:122)
	at java.base/java.util.concurrent.FutureTask.get(FutureTask.java:191)
	at jetbrains.exodus.newLogConcept.MVCC.MVCCDataStructure.commitTransaction(MVCCDataStructure.java:299)
	at site.ycsb.db.XodusClient.insert(XodusClient.java:60)
	at site.ycsb.DBWrapper.insert(DBWrapper.java:227)
	at site.ycsb.workloads.CoreWorkload.doInsert(CoreWorkload.java:621)
	at site.ycsb.ClientThread.run(ClientThread.java:135)
	at java.base/java.lang.Thread.run(Thread.java:829)
Caused by: jetbrains.exodus.ExodusException
	at jetbrains.exodus.newLogConcept.garbageCollector.OperationLogGarbageCollector.moveAndRemoveRecordsFromLog(OperationLogGarbageCollector.java:69)
	at jetbrains.exodus.newLogConcept.garbageCollector.OperationLogGarbageCollector.clean(OperationLogGarbageCollector.java:51)
	at jetbrains.exodus.newLogConcept.MVCC.MVCCDataStructure.lambda$commitTransaction$1(MVCCDataStructure.java:297)
	at java.base/java.util.concurrent.Executors$RunnableAdapter.call(Executors.java:515)
	at java.base/java.util.concurrent.FutureTask.run(FutureTask.java:264)
	at java.base/java.util.concurrent.ThreadPoolExecutor.runWorker(ThreadPoolExecutor.java:1128)
	at java.base/java.util.concurrent.ThreadPoolExecutor$Worker.run(ThreadPoolExecutor.java:628)
	... 1 more
java.util.concurrent.ExecutionException: jetbrains.exodus.ExodusException
	at java.base/java.util.concurrent.FutureTask.report(FutureTask.java:122)
	at java.base/java.util.concurrent.FutureTask.get(FutureTask.java:191)
	at jetbrains.exodus.newLogConcept.MVCC.MVCCDataStructure.commitTransaction(MVCCDataStructure.java:299)
	at site.ycsb.db.XodusClient.insert(XodusClient.java:60)
	at site.ycsb.DBWrapper.insert(DBWrapper.java:227)
	at site.ycsb.workloads.CoreWorkload.doInsert(CoreWorkload.java:621)
	at site.ycsb.ClientThread.run(ClientThread.java:135)
	at java.base/java.lang.Thread.run(Thread.java:829)
Caused by: jetbrains.exodus.ExodusException
	at jetbrains.exodus.newLogConcept.garbageCollector.OperationLogGarbageCollector.moveAndRemoveRecordsFromLog(OperationLogGarbageCollector.java:69)
	at jetbrains.exodus.newLogConcept.garbageCollector.OperationLogGarbageCollector.clean(OperationLogGarbageCollector.java:51)
	at jetbrains.exodus.newLogConcept.MVCC.MVCCDataStructure.lambda$commitTransaction$1(MVCCDataStructure.java:297)
	at java.base/java.util.concurrent.Executors$RunnableAdapter.call(Executors.java:515)
	at java.base/java.util.concurrent.FutureTask.run(FutureTask.java:264)
	at java.base/java.util.concurrent.ThreadPoolExecutor.runWorker(ThreadPoolExecutor.java:1128)
	at java.base/java.util.concurrent.ThreadPoolExecutor$Worker.run(ThreadPoolExecutor.java:628)
	... 1 more
java.util.concurrent.ExecutionException: jetbrains.exodus.ExodusException
	at java.base/java.util.concurrent.FutureTask.report(FutureTask.java:122)
	at java.base/java.util.concurrent.FutureTask.get(FutureTask.java:191)
	at jetbrains.exodus.newLogConcept.MVCC.MVCCDataStructure.commitTransaction(MVCCDataStructure.java:299)
	at site.ycsb.db.XodusClient.insert(XodusClient.java:60)
	at site.ycsb.DBWrapper.insert(DBWrapper.java:227)
	at site.ycsb.workloads.CoreWorkload.doInsert(CoreWorkload.java:621)
	at site.ycsb.ClientThread.run(ClientThread.java:135)
	at java.base/java.lang.Thread.run(Thread.java:829)
Caused by: jetbrains.exodus.ExodusException
	at jetbrains.exodus.newLogConcept.garbageCollector.OperationLogGarbageCollector.moveAndRemoveRecordsFromLog(OperationLogGarbageCollector.java:69)
	at jetbrains.exodus.newLogConcept.garbageCollector.OperationLogGarbageCollector.clean(OperationLogGarbageCollector.java:51)
	at jetbrains.exodus.newLogConcept.MVCC.MVCCDataStructure.lambda$commitTransaction$1(MVCCDataStructure.java:297)
	at java.base/java.util.concurrent.Executors$RunnableAdapter.call(Executors.java:515)
	at java.base/java.util.concurrent.FutureTask.run(FutureTask.java:264)
	at java.base/java.util.concurrent.ThreadPoolExecutor.runWorker(ThreadPoolExecutor.java:1128)
	at java.base/java.util.concurrent.ThreadPoolExecutor$Worker.run(ThreadPoolExecutor.java:628)
	... 1 more
java.util.concurrent.ExecutionException: jetbrains.exodus.ExodusException
	at java.base/java.util.concurrent.FutureTask.report(FutureTask.java:122)
	at java.base/java.util.concurrent.FutureTask.get(FutureTask.java:191)
	at jetbrains.exodus.newLogConcept.MVCC.MVCCDataStructure.commitTransaction(MVCCDataStructure.java:299)
	at site.ycsb.db.XodusClient.insert(XodusClient.java:60)
	at site.ycsb.DBWrapper.insert(DBWrapper.java:227)
	at site.ycsb.workloads.CoreWorkload.doInsert(CoreWorkload.java:621)
	at site.ycsb.ClientThread.run(ClientThread.java:135)
	at java.base/java.lang.Thread.run(Thread.java:829)
Caused by: jetbrains.exodus.ExodusException
	at jetbrains.exodus.newLogConcept.garbageCollector.OperationLogGarbageCollector.moveAndRemoveRecordsFromLog(OperationLogGarbageCollector.java:69)
	at jetbrains.exodus.newLogConcept.garbageCollector.OperationLogGarbageCollector.clean(OperationLogGarbageCollector.java:51)
	at jetbrains.exodus.newLogConcept.MVCC.MVCCDataStructure.lambda$commitTransaction$1(MVCCDataStructure.java:297)
	at java.base/java.util.concurrent.Executors$RunnableAdapter.call(Executors.java:515)
	at java.base/java.util.concurrent.FutureTask.run(FutureTask.java:264)
	at java.base/java.util.concurrent.ThreadPoolExecutor.runWorker(ThreadPoolExecutor.java:1128)
	at java.base/java.util.concurrent.ThreadPoolExecutor$Worker.run(ThreadPoolExecutor.java:628)
	... 1 more
java.util.concurrent.ExecutionException: jetbrains.exodus.ExodusException
	at java.base/java.util.concurrent.FutureTask.report(FutureTask.java:122)
	at java.base/java.util.concurrent.FutureTask.get(FutureTask.java:191)
	at jetbrains.exodus.newLogConcept.MVCC.MVCCDataStructure.commitTransaction(MVCCDataStructure.java:299)
	at site.ycsb.db.XodusClient.insert(XodusClient.java:60)
	at site.ycsb.DBWrapper.insert(DBWrapper.java:227)
	at site.ycsb.workloads.CoreWorkload.doInsert(CoreWorkload.java:621)
	at site.ycsb.ClientThread.run(ClientThread.java:135)
	at java.base/java.lang.Thread.run(Thread.java:829)
Caused by: jetbrains.exodus.ExodusException
	at jetbrains.exodus.newLogConcept.garbageCollector.OperationLogGarbageCollector.moveAndRemoveRecordsFromLog(OperationLogGarbageCollector.java:69)
	at jetbrains.exodus.newLogConcept.garbageCollector.OperationLogGarbageCollector.clean(OperationLogGarbageCollector.java:51)
	at jetbrains.exodus.newLogConcept.MVCC.MVCCDataStructure.lambda$commitTransaction$1(MVCCDataStructure.java:297)
	at java.base/java.util.concurrent.Executors$RunnableAdapter.call(Executors.java:515)
	at java.base/java.util.concurrent.FutureTask.run(FutureTask.java:264)
	at java.base/java.util.concurrent.ThreadPoolExecutor.runWorker(ThreadPoolExecutor.java:1128)
	at java.base/java.util.concurrent.ThreadPoolExecutor$Worker.run(ThreadPoolExecutor.java:628)
	... 1 more
java.util.concurrent.ExecutionException: jetbrains.exodus.ExodusException
	at java.base/java.util.concurrent.FutureTask.report(FutureTask.java:122)
	at java.base/java.util.concurrent.FutureTask.get(FutureTask.java:191)
	at jetbrains.exodus.newLogConcept.MVCC.MVCCDataStructure.commitTransaction(MVCCDataStructure.java:299)
	at site.ycsb.db.XodusClient.insert(XodusClient.java:60)
	at site.ycsb.DBWrapper.insert(DBWrapper.java:227)
	at site.ycsb.workloads.CoreWorkload.doInsert(CoreWorkload.java:621)
	at site.ycsb.ClientThread.run(ClientThread.java:135)
	at java.base/java.lang.Thread.run(Thread.java:829)
Caused by: jetbrains.exodus.ExodusException
	at jetbrains.exodus.newLogConcept.garbageCollector.OperationLogGarbageCollector.moveAndRemoveRecordsFromLog(OperationLogGarbageCollector.java:69)
	at jetbrains.exodus.newLogConcept.garbageCollector.OperationLogGarbageCollector.clean(OperationLogGarbageCollector.java:51)
	at jetbrains.exodus.newLogConcept.MVCC.MVCCDataStructure.lambda$commitTransaction$1(MVCCDataStructure.java:297)
	at java.base/java.util.concurrent.Executors$RunnableAdapter.call(Executors.java:515)
	at java.base/java.util.concurrent.FutureTask.run(FutureTask.java:264)
	at java.base/java.util.concurrent.ThreadPoolExecutor.runWorker(ThreadPoolExecutor.java:1128)
	at java.base/java.util.concurrent.ThreadPoolExecutor$Worker.run(ThreadPoolExecutor.java:628)
	... 1 more
java.util.concurrent.ExecutionException: jetbrains.exodus.ExodusException
	at java.base/java.util.concurrent.FutureTask.report(FutureTask.java:122)
	at java.base/java.util.concurrent.FutureTask.get(FutureTask.java:191)
	at jetbrains.exodus.newLogConcept.MVCC.MVCCDataStructure.commitTransaction(MVCCDataStructure.java:299)
	at site.ycsb.db.XodusClient.insert(XodusClient.java:60)
	at site.ycsb.DBWrapper.insert(DBWrapper.java:227)
	at site.ycsb.workloads.CoreWorkload.doInsert(CoreWorkload.java:621)
	at site.ycsb.ClientThread.run(ClientThread.java:135)
	at java.base/java.lang.Thread.run(Thread.java:829)
Caused by: jetbrains.exodus.ExodusException
	at jetbrains.exodus.newLogConcept.garbageCollector.OperationLogGarbageCollector.moveAndRemoveRecordsFromLog(OperationLogGarbageCollector.java:69)
	at jetbrains.exodus.newLogConcept.garbageCollector.OperationLogGarbageCollector.clean(OperationLogGarbageCollector.java:51)
	at jetbrains.exodus.newLogConcept.MVCC.MVCCDataStructure.lambda$commitTransaction$1(MVCCDataStructure.java:297)
	at java.base/java.util.concurrent.Executors$RunnableAdapter.call(Executors.java:515)
	at java.base/java.util.concurrent.FutureTask.run(FutureTask.java:264)
	at java.base/java.util.concurrent.ThreadPoolExecutor.runWorker(ThreadPoolExecutor.java:1128)
	at java.base/java.util.concurrent.ThreadPoolExecutor$Worker.run(ThreadPoolExecutor.java:628)
	... 1 more
java.util.concurrent.ExecutionException: jetbrains.exodus.ExodusException
	at java.base/java.util.concurrent.FutureTask.report(FutureTask.java:122)
	at java.base/java.util.concurrent.FutureTask.get(FutureTask.java:191)
	at jetbrains.exodus.newLogConcept.MVCC.MVCCDataStructure.commitTransaction(MVCCDataStructure.java:299)
	at site.ycsb.db.XodusClient.insert(XodusClient.java:60)
	at site.ycsb.DBWrapper.insert(DBWrapper.java:227)
	at site.ycsb.workloads.CoreWorkload.doInsert(CoreWorkload.java:621)
	at site.ycsb.ClientThread.run(ClientThread.java:135)
	at java.base/java.lang.Thread.run(Thread.java:829)
Caused by: jetbrains.exodus.ExodusException
	at jetbrains.exodus.newLogConcept.garbageCollector.OperationLogGarbageCollector.moveAndRemoveRecordsFromLog(OperationLogGarbageCollector.java:69)
	at jetbrains.exodus.newLogConcept.garbageCollector.OperationLogGarbageCollector.clean(OperationLogGarbageCollector.java:51)
	at jetbrains.exodus.newLogConcept.MVCC.MVCCDataStructure.lambda$commitTransaction$1(MVCCDataStructure.java:297)
	at java.base/java.util.concurrent.Executors$RunnableAdapter.call(Executors.java:515)
	at java.base/java.util.concurrent.FutureTask.run(FutureTask.java:264)
	at java.base/java.util.concurrent.ThreadPoolExecutor.runWorker(ThreadPoolExecutor.java:1128)
	at java.base/java.util.concurrent.ThreadPoolExecutor$Worker.run(ThreadPoolExecutor.java:628)
	... 1 more
java.util.concurrent.ExecutionException: jetbrains.exodus.ExodusException
	at java.base/java.util.concurrent.FutureTask.report(FutureTask.java:122)
	at java.base/java.util.concurrent.FutureTask.get(FutureTask.java:191)
	at jetbrains.exodus.newLogConcept.MVCC.MVCCDataStructure.commitTransaction(MVCCDataStructure.java:299)
	at site.ycsb.db.XodusClient.insert(XodusClient.java:60)
	at site.ycsb.DBWrapper.insert(DBWrapper.java:227)
	at site.ycsb.workloads.CoreWorkload.doInsert(CoreWorkload.java:621)
	at site.ycsb.ClientThread.run(ClientThread.java:135)
	at java.base/java.lang.Thread.run(Thread.java:829)
Caused by: jetbrains.exodus.ExodusException
	at jetbrains.exodus.newLogConcept.garbageCollector.OperationLogGarbageCollector.moveAndRemoveRecordsFromLog(OperationLogGarbageCollector.java:69)
	at jetbrains.exodus.newLogConcept.garbageCollector.OperationLogGarbageCollector.clean(OperationLogGarbageCollector.java:51)
	at jetbrains.exodus.newLogConcept.MVCC.MVCCDataStructure.lambda$commitTransaction$1(MVCCDataStructure.java:297)
	at java.base/java.util.concurrent.Executors$RunnableAdapter.call(Executors.java:515)
	at java.base/java.util.concurrent.FutureTask.run(FutureTask.java:264)
	at java.base/java.util.concurrent.ThreadPoolExecutor.runWorker(ThreadPoolExecutor.java:1128)
	at java.base/java.util.concurrent.ThreadPoolExecutor$Worker.run(ThreadPoolExecutor.java:628)
	... 1 more
java.util.concurrent.ExecutionException: jetbrains.exodus.ExodusException
	at java.base/java.util.concurrent.FutureTask.report(FutureTask.java:122)
	at java.base/java.util.concurrent.FutureTask.get(FutureTask.java:191)
	at jetbrains.exodus.newLogConcept.MVCC.MVCCDataStructure.commitTransaction(MVCCDataStructure.java:299)
	at site.ycsb.db.XodusClient.insert(XodusClient.java:60)
	at site.ycsb.DBWrapper.insert(DBWrapper.java:227)
	at site.ycsb.workloads.CoreWorkload.doInsert(CoreWorkload.java:621)
	at site.ycsb.ClientThread.run(ClientThread.java:135)
	at java.base/java.lang.Thread.run(Thread.java:829)
Caused by: jetbrains.exodus.ExodusException
	at jetbrains.exodus.newLogConcept.garbageCollector.OperationLogGarbageCollector.moveAndRemoveRecordsFromLog(OperationLogGarbageCollector.java:69)
	at jetbrains.exodus.newLogConcept.garbageCollector.OperationLogGarbageCollector.clean(OperationLogGarbageCollector.java:51)
	at jetbrains.exodus.newLogConcept.MVCC.MVCCDataStructure.lambda$commitTransaction$1(MVCCDataStructure.java:297)
	at java.base/java.util.concurrent.Executors$RunnableAdapter.call(Executors.java:515)
	at java.base/java.util.concurrent.FutureTask.run(FutureTask.java:264)
	at java.base/java.util.concurrent.ThreadPoolExecutor.runWorker(ThreadPoolExecutor.java:1128)
	at java.base/java.util.concurrent.ThreadPoolExecutor$Worker.run(ThreadPoolExecutor.java:628)
	... 1 more
java.util.concurrent.ExecutionException: jetbrains.exodus.ExodusException
	at java.base/java.util.concurrent.FutureTask.report(FutureTask.java:122)
	at java.base/java.util.concurrent.FutureTask.get(FutureTask.java:191)
	at jetbrains.exodus.newLogConcept.MVCC.MVCCDataStructure.commitTransaction(MVCCDataStructure.java:299)
	at site.ycsb.db.XodusClient.insert(XodusClient.java:60)
	at site.ycsb.DBWrapper.insert(DBWrapper.java:227)
	at site.ycsb.workloads.CoreWorkload.doInsert(CoreWorkload.java:621)
	at site.ycsb.ClientThread.run(ClientThread.java:135)
	at java.base/java.lang.Thread.run(Thread.java:829)
Caused by: jetbrains.exodus.ExodusException
	at jetbrains.exodus.newLogConcept.garbageCollector.OperationLogGarbageCollector.moveAndRemoveRecordsFromLog(OperationLogGarbageCollector.java:69)
	at jetbrains.exodus.newLogConcept.garbageCollector.OperationLogGarbageCollector.clean(OperationLogGarbageCollector.java:51)
	at jetbrains.exodus.newLogConcept.MVCC.MVCCDataStructure.lambda$commitTransaction$1(MVCCDataStructure.java:297)
	at java.base/java.util.concurrent.Executors$RunnableAdapter.call(Executors.java:515)
	at java.base/java.util.concurrent.FutureTask.run(FutureTask.java:264)
	at java.base/java.util.concurrent.ThreadPoolExecutor.runWorker(ThreadPoolExecutor.java:1128)
	at java.base/java.util.concurrent.ThreadPoolExecutor$Worker.run(ThreadPoolExecutor.java:628)
	... 1 more
java.util.concurrent.ExecutionException: jetbrains.exodus.ExodusException
	at java.base/java.util.concurrent.FutureTask.report(FutureTask.java:122)
	at java.base/java.util.concurrent.FutureTask.get(FutureTask.java:191)
	at jetbrains.exodus.newLogConcept.MVCC.MVCCDataStructure.commitTransaction(MVCCDataStructure.java:299)
	at site.ycsb.db.XodusClient.insert(XodusClient.java:60)
	at site.ycsb.DBWrapper.insert(DBWrapper.java:227)
	at site.ycsb.workloads.CoreWorkload.doInsert(CoreWorkload.java:621)
	at site.ycsb.ClientThread.run(ClientThread.java:135)
	at java.base/java.lang.Thread.run(Thread.java:829)
Caused by: jetbrains.exodus.ExodusException
	at jetbrains.exodus.newLogConcept.garbageCollector.OperationLogGarbageCollector.moveAndRemoveRecordsFromLog(OperationLogGarbageCollector.java:69)
	at jetbrains.exodus.newLogConcept.garbageCollector.OperationLogGarbageCollector.clean(OperationLogGarbageCollector.java:51)
	at jetbrains.exodus.newLogConcept.MVCC.MVCCDataStructure.lambda$commitTransaction$1(MVCCDataStructure.java:297)
	at java.base/java.util.concurrent.Executors$RunnableAdapter.call(Executors.java:515)
	at java.base/java.util.concurrent.FutureTask.run(FutureTask.java:264)
	at java.base/java.util.concurrent.ThreadPoolExecutor.runWorker(ThreadPoolExecutor.java:1128)
	at java.base/java.util.concurrent.ThreadPoolExecutor$Worker.run(ThreadPoolExecutor.java:628)
	... 1 more
java.util.concurrent.ExecutionException: jetbrains.exodus.ExodusException
	at java.base/java.util.concurrent.FutureTask.report(FutureTask.java:122)
	at java.base/java.util.concurrent.FutureTask.get(FutureTask.java:191)
	at jetbrains.exodus.newLogConcept.MVCC.MVCCDataStructure.commitTransaction(MVCCDataStructure.java:299)
	at site.ycsb.db.XodusClient.insert(XodusClient.java:60)
	at site.ycsb.DBWrapper.insert(DBWrapper.java:227)
	at site.ycsb.workloads.CoreWorkload.doInsert(CoreWorkload.java:621)
	at site.ycsb.ClientThread.run(ClientThread.java:135)
	at java.base/java.lang.Thread.run(Thread.java:829)
Caused by: jetbrains.exodus.ExodusException
	at jetbrains.exodus.newLogConcept.garbageCollector.OperationLogGarbageCollector.moveAndRemoveRecordsFromLog(OperationLogGarbageCollector.java:69)
	at jetbrains.exodus.newLogConcept.garbageCollector.OperationLogGarbageCollector.clean(OperationLogGarbageCollector.java:51)
	at jetbrains.exodus.newLogConcept.MVCC.MVCCDataStructure.lambda$commitTransaction$1(MVCCDataStructure.java:297)
	at java.base/java.util.concurrent.Executors$RunnableAdapter.call(Executors.java:515)
	at java.base/java.util.concurrent.FutureTask.run(FutureTask.java:264)
	at java.base/java.util.concurrent.ThreadPoolExecutor.runWorker(ThreadPoolExecutor.java:1128)
	at java.base/java.util.concurrent.ThreadPoolExecutor$Worker.run(ThreadPoolExecutor.java:628)
	... 1 more
java.util.concurrent.ExecutionException: jetbrains.exodus.ExodusException
	at java.base/java.util.concurrent.FutureTask.report(FutureTask.java:122)
	at java.base/java.util.concurrent.FutureTask.get(FutureTask.java:191)
	at jetbrains.exodus.newLogConcept.MVCC.MVCCDataStructure.commitTransaction(MVCCDataStructure.java:299)
	at site.ycsb.db.XodusClient.insert(XodusClient.java:60)
	at site.ycsb.DBWrapper.insert(DBWrapper.java:227)
	at site.ycsb.workloads.CoreWorkload.doInsert(CoreWorkload.java:621)
	at site.ycsb.ClientThread.run(ClientThread.java:135)
	at java.base/java.lang.Thread.run(Thread.java:829)
Caused by: jetbrains.exodus.ExodusException
	at jetbrains.exodus.newLogConcept.garbageCollector.OperationLogGarbageCollector.moveAndRemoveRecordsFromLog(OperationLogGarbageCollector.java:69)
	at jetbrains.exodus.newLogConcept.garbageCollector.OperationLogGarbageCollector.clean(OperationLogGarbageCollector.java:51)
	at jetbrains.exodus.newLogConcept.MVCC.MVCCDataStructure.lambda$commitTransaction$1(MVCCDataStructure.java:297)
	at java.base/java.util.concurrent.Executors$RunnableAdapter.call(Executors.java:515)
	at java.base/java.util.concurrent.FutureTask.run(FutureTask.java:264)
	at java.base/java.util.concurrent.ThreadPoolExecutor.runWorker(ThreadPoolExecutor.java:1128)
	at java.base/java.util.concurrent.ThreadPoolExecutor$Worker.run(ThreadPoolExecutor.java:628)
	... 1 more
java.util.concurrent.ExecutionException: jetbrains.exodus.ExodusException
	at java.base/java.util.concurrent.FutureTask.report(FutureTask.java:122)
	at java.base/java.util.concurrent.FutureTask.get(FutureTask.java:191)
	at jetbrains.exodus.newLogConcept.MVCC.MVCCDataStructure.commitTransaction(MVCCDataStructure.java:299)
	at site.ycsb.db.XodusClient.insert(XodusClient.java:60)
	at site.ycsb.DBWrapper.insert(DBWrapper.java:227)
	at site.ycsb.workloads.CoreWorkload.doInsert(CoreWorkload.java:621)
	at site.ycsb.ClientThread.run(ClientThread.java:135)
	at java.base/java.lang.Thread.run(Thread.java:829)
Caused by: jetbrains.exodus.ExodusException
	at jetbrains.exodus.newLogConcept.garbageCollector.OperationLogGarbageCollector.moveAndRemoveRecordsFromLog(OperationLogGarbageCollector.java:69)
	at jetbrains.exodus.newLogConcept.garbageCollector.OperationLogGarbageCollector.clean(OperationLogGarbageCollector.java:51)
	at jetbrains.exodus.newLogConcept.MVCC.MVCCDataStructure.lambda$commitTransaction$1(MVCCDataStructure.java:297)
	at java.base/java.util.concurrent.Executors$RunnableAdapter.call(Executors.java:515)
	at java.base/java.util.concurrent.FutureTask.run(FutureTask.java:264)
	at java.base/java.util.concurrent.ThreadPoolExecutor.runWorker(ThreadPoolExecutor.java:1128)
	at java.base/java.util.concurrent.ThreadPoolExecutor$Worker.run(ThreadPoolExecutor.java:628)
	... 1 more
java.util.concurrent.ExecutionException: jetbrains.exodus.ExodusException
	at java.base/java.util.concurrent.FutureTask.report(FutureTask.java:122)
	at java.base/java.util.concurrent.FutureTask.get(FutureTask.java:191)
	at jetbrains.exodus.newLogConcept.MVCC.MVCCDataStructure.commitTransaction(MVCCDataStructure.java:299)
	at site.ycsb.db.XodusClient.insert(XodusClient.java:60)
	at site.ycsb.DBWrapper.insert(DBWrapper.java:227)
	at site.ycsb.workloads.CoreWorkload.doInsert(CoreWorkload.java:621)
	at site.ycsb.ClientThread.run(ClientThread.java:135)
	at java.base/java.lang.Thread.run(Thread.java:829)
Caused by: jetbrains.exodus.ExodusException
	at jetbrains.exodus.newLogConcept.garbageCollector.OperationLogGarbageCollector.moveAndRemoveRecordsFromLog(OperationLogGarbageCollector.java:69)
	at jetbrains.exodus.newLogConcept.garbageCollector.OperationLogGarbageCollector.clean(OperationLogGarbageCollector.java:51)
	at jetbrains.exodus.newLogConcept.MVCC.MVCCDataStructure.lambda$commitTransaction$1(MVCCDataStructure.java:297)
	at java.base/java.util.concurrent.Executors$RunnableAdapter.call(Executors.java:515)
	at java.base/java.util.concurrent.FutureTask.run(FutureTask.java:264)
	at java.base/java.util.concurrent.ThreadPoolExecutor.runWorker(ThreadPoolExecutor.java:1128)
	at java.base/java.util.concurrent.ThreadPoolExecutor$Worker.run(ThreadPoolExecutor.java:628)
	... 1 more
java.util.concurrent.ExecutionException: jetbrains.exodus.ExodusException
	at java.base/java.util.concurrent.FutureTask.report(FutureTask.java:122)
	at java.base/java.util.concurrent.FutureTask.get(FutureTask.java:191)
	at jetbrains.exodus.newLogConcept.MVCC.MVCCDataStructure.commitTransaction(MVCCDataStructure.java:299)
	at site.ycsb.db.XodusClient.insert(XodusClient.java:60)
	at site.ycsb.DBWrapper.insert(DBWrapper.java:227)
	at site.ycsb.workloads.CoreWorkload.doInsert(CoreWorkload.java:621)
	at site.ycsb.ClientThread.run(ClientThread.java:135)
	at java.base/java.lang.Thread.run(Thread.java:829)
Caused by: jetbrains.exodus.ExodusException
	at jetbrains.exodus.newLogConcept.garbageCollector.OperationLogGarbageCollector.moveAndRemoveRecordsFromLog(OperationLogGarbageCollector.java:69)
	at jetbrains.exodus.newLogConcept.garbageCollector.OperationLogGarbageCollector.clean(OperationLogGarbageCollector.java:51)
	at jetbrains.exodus.newLogConcept.MVCC.MVCCDataStructure.lambda$commitTransaction$1(MVCCDataStructure.java:297)
	at java.base/java.util.concurrent.Executors$RunnableAdapter.call(Executors.java:515)
	at java.base/java.util.concurrent.FutureTask.run(FutureTask.java:264)
	at java.base/java.util.concurrent.ThreadPoolExecutor.runWorker(ThreadPoolExecutor.java:1128)
	at java.base/java.util.concurrent.ThreadPoolExecutor$Worker.run(ThreadPoolExecutor.java:628)
	... 1 more
java.util.concurrent.ExecutionException: jetbrains.exodus.ExodusException
	at java.base/java.util.concurrent.FutureTask.report(FutureTask.java:122)
	at java.base/java.util.concurrent.FutureTask.get(FutureTask.java:191)
	at jetbrains.exodus.newLogConcept.MVCC.MVCCDataStructure.commitTransaction(MVCCDataStructure.java:299)
	at site.ycsb.db.XodusClient.insert(XodusClient.java:60)
	at site.ycsb.DBWrapper.insert(DBWrapper.java:227)
	at site.ycsb.workloads.CoreWorkload.doInsert(CoreWorkload.java:621)
	at site.ycsb.ClientThread.run(ClientThread.java:135)
	at java.base/java.lang.Thread.run(Thread.java:829)
Caused by: jetbrains.exodus.ExodusException
	at jetbrains.exodus.newLogConcept.garbageCollector.OperationLogGarbageCollector.moveAndRemoveRecordsFromLog(OperationLogGarbageCollector.java:69)
	at jetbrains.exodus.newLogConcept.garbageCollector.OperationLogGarbageCollector.clean(OperationLogGarbageCollector.java:51)
	at jetbrains.exodus.newLogConcept.MVCC.MVCCDataStructure.lambda$commitTransaction$1(MVCCDataStructure.java:297)
	at java.base/java.util.concurrent.Executors$RunnableAdapter.call(Executors.java:515)
	at java.base/java.util.concurrent.FutureTask.run(FutureTask.java:264)
	at java.base/java.util.concurrent.ThreadPoolExecutor.runWorker(ThreadPoolExecutor.java:1128)
	at java.base/java.util.concurrent.ThreadPoolExecutor$Worker.run(ThreadPoolExecutor.java:628)
	... 1 more
java.util.concurrent.ExecutionException: jetbrains.exodus.ExodusException
	at java.base/java.util.concurrent.FutureTask.report(FutureTask.java:122)
	at java.base/java.util.concurrent.FutureTask.get(FutureTask.java:191)
	at jetbrains.exodus.newLogConcept.MVCC.MVCCDataStructure.commitTransaction(MVCCDataStructure.java:299)
	at site.ycsb.db.XodusClient.insert(XodusClient.java:60)
	at site.ycsb.DBWrapper.insert(DBWrapper.java:227)
	at site.ycsb.workloads.CoreWorkload.doInsert(CoreWorkload.java:621)
	at site.ycsb.ClientThread.run(ClientThread.java:135)
	at java.base/java.lang.Thread.run(Thread.java:829)
Caused by: jetbrains.exodus.ExodusException
	at jetbrains.exodus.newLogConcept.garbageCollector.OperationLogGarbageCollector.moveAndRemoveRecordsFromLog(OperationLogGarbageCollector.java:69)
	at jetbrains.exodus.newLogConcept.garbageCollector.OperationLogGarbageCollector.clean(OperationLogGarbageCollector.java:51)
	at jetbrains.exodus.newLogConcept.MVCC.MVCCDataStructure.lambda$commitTransaction$1(MVCCDataStructure.java:297)
	at java.base/java.util.concurrent.Executors$RunnableAdapter.call(Executors.java:515)
	at java.base/java.util.concurrent.FutureTask.run(FutureTask.java:264)
	at java.base/java.util.concurrent.ThreadPoolExecutor.runWorker(ThreadPoolExecutor.java:1128)
	at java.base/java.util.concurrent.ThreadPoolExecutor$Worker.run(ThreadPoolExecutor.java:628)
	... 1 more
java.util.concurrent.ExecutionException: jetbrains.exodus.ExodusException
	at java.base/java.util.concurrent.FutureTask.report(FutureTask.java:122)
	at java.base/java.util.concurrent.FutureTask.get(FutureTask.java:191)
	at jetbrains.exodus.newLogConcept.MVCC.MVCCDataStructure.commitTransaction(MVCCDataStructure.java:299)
	at site.ycsb.db.XodusClient.insert(XodusClient.java:60)
	at site.ycsb.DBWrapper.insert(DBWrapper.java:227)
	at site.ycsb.workloads.CoreWorkload.doInsert(CoreWorkload.java:621)
	at site.ycsb.ClientThread.run(ClientThread.java:135)
	at java.base/java.lang.Thread.run(Thread.java:829)
Caused by: jetbrains.exodus.ExodusException
	at jetbrains.exodus.newLogConcept.garbageCollector.OperationLogGarbageCollector.moveAndRemoveRecordsFromLog(OperationLogGarbageCollector.java:69)
	at jetbrains.exodus.newLogConcept.garbageCollector.OperationLogGarbageCollector.clean(OperationLogGarbageCollector.java:51)
	at jetbrains.exodus.newLogConcept.MVCC.MVCCDataStructure.lambda$commitTransaction$1(MVCCDataStructure.java:297)
	at java.base/java.util.concurrent.Executors$RunnableAdapter.call(Executors.java:515)
	at java.base/java.util.concurrent.FutureTask.run(FutureTask.java:264)
	at java.base/java.util.concurrent.ThreadPoolExecutor.runWorker(ThreadPoolExecutor.java:1128)
	at java.base/java.util.concurrent.ThreadPoolExecutor$Worker.run(ThreadPoolExecutor.java:628)
	... 1 more
java.util.concurrent.ExecutionException: jetbrains.exodus.ExodusException
	at java.base/java.util.concurrent.FutureTask.report(FutureTask.java:122)
	at java.base/java.util.concurrent.FutureTask.get(FutureTask.java:191)
	at jetbrains.exodus.newLogConcept.MVCC.MVCCDataStructure.commitTransaction(MVCCDataStructure.java:299)
	at site.ycsb.db.XodusClient.insert(XodusClient.java:60)
	at site.ycsb.DBWrapper.insert(DBWrapper.java:227)
	at site.ycsb.workloads.CoreWorkload.doInsert(CoreWorkload.java:621)
	at site.ycsb.ClientThread.run(ClientThread.java:135)
	at java.base/java.lang.Thread.run(Thread.java:829)
Caused by: jetbrains.exodus.ExodusException
	at jetbrains.exodus.newLogConcept.garbageCollector.OperationLogGarbageCollector.moveAndRemoveRecordsFromLog(OperationLogGarbageCollector.java:69)
	at jetbrains.exodus.newLogConcept.garbageCollector.OperationLogGarbageCollector.clean(OperationLogGarbageCollector.java:51)
	at jetbrains.exodus.newLogConcept.MVCC.MVCCDataStructure.lambda$commitTransaction$1(MVCCDataStructure.java:297)
	at java.base/java.util.concurrent.Executors$RunnableAdapter.call(Executors.java:515)
	at java.base/java.util.concurrent.FutureTask.run(FutureTask.java:264)
	at java.base/java.util.concurrent.ThreadPoolExecutor.runWorker(ThreadPoolExecutor.java:1128)
	at java.base/java.util.concurrent.ThreadPoolExecutor$Worker.run(ThreadPoolExecutor.java:628)
	... 1 more
java.util.concurrent.ExecutionException: jetbrains.exodus.ExodusException
	at java.base/java.util.concurrent.FutureTask.report(FutureTask.java:122)
	at java.base/java.util.concurrent.FutureTask.get(FutureTask.java:191)
	at jetbrains.exodus.newLogConcept.MVCC.MVCCDataStructure.commitTransaction(MVCCDataStructure.java:299)
	at site.ycsb.db.XodusClient.insert(XodusClient.java:60)
	at site.ycsb.DBWrapper.insert(DBWrapper.java:227)
	at site.ycsb.workloads.CoreWorkload.doInsert(CoreWorkload.java:621)
	at site.ycsb.ClientThread.run(ClientThread.java:135)
	at java.base/java.lang.Thread.run(Thread.java:829)
Caused by: jetbrains.exodus.ExodusException
	at jetbrains.exodus.newLogConcept.garbageCollector.OperationLogGarbageCollector.moveAndRemoveRecordsFromLog(OperationLogGarbageCollector.java:69)
	at jetbrains.exodus.newLogConcept.garbageCollector.OperationLogGarbageCollector.clean(OperationLogGarbageCollector.java:51)
	at jetbrains.exodus.newLogConcept.MVCC.MVCCDataStructure.lambda$commitTransaction$1(MVCCDataStructure.java:297)
	at java.base/java.util.concurrent.Executors$RunnableAdapter.call(Executors.java:515)
	at java.base/java.util.concurrent.FutureTask.run(FutureTask.java:264)
	at java.base/java.util.concurrent.ThreadPoolExecutor.runWorker(ThreadPoolExecutor.java:1128)
	at java.base/java.util.concurrent.ThreadPoolExecutor$Worker.run(ThreadPoolExecutor.java:628)
	... 1 more
java.util.concurrent.ExecutionException: jetbrains.exodus.ExodusException
	at java.base/java.util.concurrent.FutureTask.report(FutureTask.java:122)
	at java.base/java.util.concurrent.FutureTask.get(FutureTask.java:191)
	at jetbrains.exodus.newLogConcept.MVCC.MVCCDataStructure.commitTransaction(MVCCDataStructure.java:299)
	at site.ycsb.db.XodusClient.insert(XodusClient.java:60)
	at site.ycsb.DBWrapper.insert(DBWrapper.java:227)
	at site.ycsb.workloads.CoreWorkload.doInsert(CoreWorkload.java:621)
	at site.ycsb.ClientThread.run(ClientThread.java:135)
	at java.base/java.lang.Thread.run(Thread.java:829)
Caused by: jetbrains.exodus.ExodusException
	at jetbrains.exodus.newLogConcept.garbageCollector.OperationLogGarbageCollector.moveAndRemoveRecordsFromLog(OperationLogGarbageCollector.java:69)
	at jetbrains.exodus.newLogConcept.garbageCollector.OperationLogGarbageCollector.clean(OperationLogGarbageCollector.java:51)
	at jetbrains.exodus.newLogConcept.MVCC.MVCCDataStructure.lambda$commitTransaction$1(MVCCDataStructure.java:297)
	at java.base/java.util.concurrent.Executors$RunnableAdapter.call(Executors.java:515)
	at java.base/java.util.concurrent.FutureTask.run(FutureTask.java:264)
	at java.base/java.util.concurrent.ThreadPoolExecutor.runWorker(ThreadPoolExecutor.java:1128)
	at java.base/java.util.concurrent.ThreadPoolExecutor$Worker.run(ThreadPoolExecutor.java:628)
	... 1 more
java.util.concurrent.ExecutionException: jetbrains.exodus.ExodusException
	at java.base/java.util.concurrent.FutureTask.report(FutureTask.java:122)
	at java.base/java.util.concurrent.FutureTask.get(FutureTask.java:191)
	at jetbrains.exodus.newLogConcept.MVCC.MVCCDataStructure.commitTransaction(MVCCDataStructure.java:299)
	at site.ycsb.db.XodusClient.insert(XodusClient.java:60)
	at site.ycsb.DBWrapper.insert(DBWrapper.java:227)
	at site.ycsb.workloads.CoreWorkload.doInsert(CoreWorkload.java:621)
	at site.ycsb.ClientThread.run(ClientThread.java:135)
	at java.base/java.lang.Thread.run(Thread.java:829)
Caused by: jetbrains.exodus.ExodusException
	at jetbrains.exodus.newLogConcept.garbageCollector.OperationLogGarbageCollector.moveAndRemoveRecordsFromLog(OperationLogGarbageCollector.java:69)
	at jetbrains.exodus.newLogConcept.garbageCollector.OperationLogGarbageCollector.clean(OperationLogGarbageCollector.java:51)
	at jetbrains.exodus.newLogConcept.MVCC.MVCCDataStructure.lambda$commitTransaction$1(MVCCDataStructure.java:297)
	at java.base/java.util.concurrent.Executors$RunnableAdapter.call(Executors.java:515)
	at java.base/java.util.concurrent.FutureTask.run(FutureTask.java:264)
	at java.base/java.util.concurrent.ThreadPoolExecutor.runWorker(ThreadPoolExecutor.java:1128)
	at java.base/java.util.concurrent.ThreadPoolExecutor$Worker.run(ThreadPoolExecutor.java:628)
	... 1 more
java.util.concurrent.ExecutionException: jetbrains.exodus.ExodusException
	at java.base/java.util.concurrent.FutureTask.report(FutureTask.java:122)
	at java.base/java.util.concurrent.FutureTask.get(FutureTask.java:191)
	at jetbrains.exodus.newLogConcept.MVCC.MVCCDataStructure.commitTransaction(MVCCDataStructure.java:299)
	at site.ycsb.db.XodusClient.insert(XodusClient.java:60)
	at site.ycsb.DBWrapper.insert(DBWrapper.java:227)
	at site.ycsb.workloads.CoreWorkload.doInsert(CoreWorkload.java:621)
	at site.ycsb.ClientThread.run(ClientThread.java:135)
	at java.base/java.lang.Thread.run(Thread.java:829)
Caused by: jetbrains.exodus.ExodusException
	at jetbrains.exodus.newLogConcept.garbageCollector.OperationLogGarbageCollector.moveAndRemoveRecordsFromLog(OperationLogGarbageCollector.java:69)
	at jetbrains.exodus.newLogConcept.garbageCollector.OperationLogGarbageCollector.clean(OperationLogGarbageCollector.java:51)
	at jetbrains.exodus.newLogConcept.MVCC.MVCCDataStructure.lambda$commitTransaction$1(MVCCDataStructure.java:297)
	at java.base/java.util.concurrent.Executors$RunnableAdapter.call(Executors.java:515)
	at java.base/java.util.concurrent.FutureTask.run(FutureTask.java:264)
	at java.base/java.util.concurrent.ThreadPoolExecutor.runWorker(ThreadPoolExecutor.java:1128)
	at java.base/java.util.concurrent.ThreadPoolExecutor$Worker.run(ThreadPoolExecutor.java:628)
	... 1 more
java.util.concurrent.ExecutionException: jetbrains.exodus.ExodusException
	at java.base/java.util.concurrent.FutureTask.report(FutureTask.java:122)
	at java.base/java.util.concurrent.FutureTask.get(FutureTask.java:191)
	at jetbrains.exodus.newLogConcept.MVCC.MVCCDataStructure.commitTransaction(MVCCDataStructure.java:299)
	at site.ycsb.db.XodusClient.insert(XodusClient.java:60)
	at site.ycsb.DBWrapper.insert(DBWrapper.java:227)
	at site.ycsb.workloads.CoreWorkload.doInsert(CoreWorkload.java:621)
	at site.ycsb.ClientThread.run(ClientThread.java:135)
	at java.base/java.lang.Thread.run(Thread.java:829)
Caused by: jetbrains.exodus.ExodusException
	at jetbrains.exodus.newLogConcept.garbageCollector.OperationLogGarbageCollector.moveAndRemoveRecordsFromLog(OperationLogGarbageCollector.java:69)
	at jetbrains.exodus.newLogConcept.garbageCollector.OperationLogGarbageCollector.clean(OperationLogGarbageCollector.java:51)
	at jetbrains.exodus.newLogConcept.MVCC.MVCCDataStructure.lambda$commitTransaction$1(MVCCDataStructure.java:297)
	at java.base/java.util.concurrent.Executors$RunnableAdapter.call(Executors.java:515)
	at java.base/java.util.concurrent.FutureTask.run(FutureTask.java:264)
	at java.base/java.util.concurrent.ThreadPoolExecutor.runWorker(ThreadPoolExecutor.java:1128)
	at java.base/java.util.concurrent.ThreadPoolExecutor$Worker.run(ThreadPoolExecutor.java:628)
	... 1 more
java.util.concurrent.ExecutionException: jetbrains.exodus.ExodusException
	at java.base/java.util.concurrent.FutureTask.report(FutureTask.java:122)
	at java.base/java.util.concurrent.FutureTask.get(FutureTask.java:191)
	at jetbrains.exodus.newLogConcept.MVCC.MVCCDataStructure.commitTransaction(MVCCDataStructure.java:299)
	at site.ycsb.db.XodusClient.insert(XodusClient.java:60)
	at site.ycsb.DBWrapper.insert(DBWrapper.java:227)
	at site.ycsb.workloads.CoreWorkload.doInsert(CoreWorkload.java:621)
	at site.ycsb.ClientThread.run(ClientThread.java:135)
	at java.base/java.lang.Thread.run(Thread.java:829)
Caused by: jetbrains.exodus.ExodusException
	at jetbrains.exodus.newLogConcept.garbageCollector.OperationLogGarbageCollector.moveAndRemoveRecordsFromLog(OperationLogGarbageCollector.java:69)
	at jetbrains.exodus.newLogConcept.garbageCollector.OperationLogGarbageCollector.clean(OperationLogGarbageCollector.java:51)
	at jetbrains.exodus.newLogConcept.MVCC.MVCCDataStructure.lambda$commitTransaction$1(MVCCDataStructure.java:297)
	at java.base/java.util.concurrent.Executors$RunnableAdapter.call(Executors.java:515)
	at java.base/java.util.concurrent.FutureTask.run(FutureTask.java:264)
	at java.base/java.util.concurrent.ThreadPoolExecutor.runWorker(ThreadPoolExecutor.java:1128)
	at java.base/java.util.concurrent.ThreadPoolExecutor$Worker.run(ThreadPoolExecutor.java:628)
	... 1 more
java.util.concurrent.ExecutionException: jetbrains.exodus.ExodusException
	at java.base/java.util.concurrent.FutureTask.report(FutureTask.java:122)
	at java.base/java.util.concurrent.FutureTask.get(FutureTask.java:191)
	at jetbrains.exodus.newLogConcept.MVCC.MVCCDataStructure.commitTransaction(MVCCDataStructure.java:299)
	at site.ycsb.db.XodusClient.insert(XodusClient.java:60)
	at site.ycsb.DBWrapper.insert(DBWrapper.java:227)
	at site.ycsb.workloads.CoreWorkload.doInsert(CoreWorkload.java:621)
	at site.ycsb.ClientThread.run(ClientThread.java:135)
	at java.base/java.lang.Thread.run(Thread.java:829)
Caused by: jetbrains.exodus.ExodusException
	at jetbrains.exodus.newLogConcept.garbageCollector.OperationLogGarbageCollector.moveAndRemoveRecordsFromLog(OperationLogGarbageCollector.java:69)
	at jetbrains.exodus.newLogConcept.garbageCollector.OperationLogGarbageCollector.clean(OperationLogGarbageCollector.java:51)
	at jetbrains.exodus.newLogConcept.MVCC.MVCCDataStructure.lambda$commitTransaction$1(MVCCDataStructure.java:297)
	at java.base/java.util.concurrent.Executors$RunnableAdapter.call(Executors.java:515)
	at java.base/java.util.concurrent.FutureTask.run(FutureTask.java:264)
	at java.base/java.util.concurrent.ThreadPoolExecutor.runWorker(ThreadPoolExecutor.java:1128)
	at java.base/java.util.concurrent.ThreadPoolExecutor$Worker.run(ThreadPoolExecutor.java:628)
	... 1 more
java.util.concurrent.ExecutionException: jetbrains.exodus.ExodusException
	at java.base/java.util.concurrent.FutureTask.report(FutureTask.java:122)
	at java.base/java.util.concurrent.FutureTask.get(FutureTask.java:191)
	at jetbrains.exodus.newLogConcept.MVCC.MVCCDataStructure.commitTransaction(MVCCDataStructure.java:299)
	at site.ycsb.db.XodusClient.insert(XodusClient.java:60)
	at site.ycsb.DBWrapper.insert(DBWrapper.java:227)
	at site.ycsb.workloads.CoreWorkload.doInsert(CoreWorkload.java:621)
	at site.ycsb.ClientThread.run(ClientThread.java:135)
	at java.base/java.lang.Thread.run(Thread.java:829)
Caused by: jetbrains.exodus.ExodusException
	at jetbrains.exodus.newLogConcept.garbageCollector.OperationLogGarbageCollector.moveAndRemoveRecordsFromLog(OperationLogGarbageCollector.java:69)
	at jetbrains.exodus.newLogConcept.garbageCollector.OperationLogGarbageCollector.clean(OperationLogGarbageCollector.java:51)
	at jetbrains.exodus.newLogConcept.MVCC.MVCCDataStructure.lambda$commitTransaction$1(MVCCDataStructure.java:297)
	at java.base/java.util.concurrent.Executors$RunnableAdapter.call(Executors.java:515)
	at java.base/java.util.concurrent.FutureTask.run(FutureTask.java:264)
	at java.base/java.util.concurrent.ThreadPoolExecutor.runWorker(ThreadPoolExecutor.java:1128)
	at java.base/java.util.concurrent.ThreadPoolExecutor$Worker.run(ThreadPoolExecutor.java:628)
	... 1 more
java.util.concurrent.ExecutionException: jetbrains.exodus.ExodusException
	at java.base/java.util.concurrent.FutureTask.report(FutureTask.java:122)
	at java.base/java.util.concurrent.FutureTask.get(FutureTask.java:191)
	at jetbrains.exodus.newLogConcept.MVCC.MVCCDataStructure.commitTransaction(MVCCDataStructure.java:299)
	at site.ycsb.db.XodusClient.insert(XodusClient.java:60)
	at site.ycsb.DBWrapper.insert(DBWrapper.java:227)
	at site.ycsb.workloads.CoreWorkload.doInsert(CoreWorkload.java:621)
	at site.ycsb.ClientThread.run(ClientThread.java:135)
	at java.base/java.lang.Thread.run(Thread.java:829)
Caused by: jetbrains.exodus.ExodusException
	at jetbrains.exodus.newLogConcept.garbageCollector.OperationLogGarbageCollector.moveAndRemoveRecordsFromLog(OperationLogGarbageCollector.java:69)
	at jetbrains.exodus.newLogConcept.garbageCollector.OperationLogGarbageCollector.clean(OperationLogGarbageCollector.java:51)
	at jetbrains.exodus.newLogConcept.MVCC.MVCCDataStructure.lambda$commitTransaction$1(MVCCDataStructure.java:297)
	at java.base/java.util.concurrent.Executors$RunnableAdapter.call(Executors.java:515)
	at java.base/java.util.concurrent.FutureTask.run(FutureTask.java:264)
	at java.base/java.util.concurrent.ThreadPoolExecutor.runWorker(ThreadPoolExecutor.java:1128)
	at java.base/java.util.concurrent.ThreadPoolExecutor$Worker.run(ThreadPoolExecutor.java:628)
	... 1 more
java.util.concurrent.ExecutionException: jetbrains.exodus.ExodusException
	at java.base/java.util.concurrent.FutureTask.report(FutureTask.java:122)
	at java.base/java.util.concurrent.FutureTask.get(FutureTask.java:191)
	at jetbrains.exodus.newLogConcept.MVCC.MVCCDataStructure.commitTransaction(MVCCDataStructure.java:299)
	at site.ycsb.db.XodusClient.insert(XodusClient.java:60)
	at site.ycsb.DBWrapper.insert(DBWrapper.java:227)
	at site.ycsb.workloads.CoreWorkload.doInsert(CoreWorkload.java:621)
	at site.ycsb.ClientThread.run(ClientThread.java:135)
	at java.base/java.lang.Thread.run(Thread.java:829)
Caused by: jetbrains.exodus.ExodusException
	at jetbrains.exodus.newLogConcept.garbageCollector.OperationLogGarbageCollector.moveAndRemoveRecordsFromLog(OperationLogGarbageCollector.java:69)
	at jetbrains.exodus.newLogConcept.garbageCollector.OperationLogGarbageCollector.clean(OperationLogGarbageCollector.java:51)
	at jetbrains.exodus.newLogConcept.MVCC.MVCCDataStructure.lambda$commitTransaction$1(MVCCDataStructure.java:297)
	at java.base/java.util.concurrent.Executors$RunnableAdapter.call(Executors.java:515)
	at java.base/java.util.concurrent.FutureTask.run(FutureTask.java:264)
	at java.base/java.util.concurrent.ThreadPoolExecutor.runWorker(ThreadPoolExecutor.java:1128)
	at java.base/java.util.concurrent.ThreadPoolExecutor$Worker.run(ThreadPoolExecutor.java:628)
	... 1 more
java.util.concurrent.ExecutionException: jetbrains.exodus.ExodusException
	at java.base/java.util.concurrent.FutureTask.report(FutureTask.java:122)
	at java.base/java.util.concurrent.FutureTask.get(FutureTask.java:191)
	at jetbrains.exodus.newLogConcept.MVCC.MVCCDataStructure.commitTransaction(MVCCDataStructure.java:299)
	at site.ycsb.db.XodusClient.insert(XodusClient.java:60)
	at site.ycsb.DBWrapper.insert(DBWrapper.java:227)
	at site.ycsb.workloads.CoreWorkload.doInsert(CoreWorkload.java:621)
	at site.ycsb.ClientThread.run(ClientThread.java:135)
	at java.base/java.lang.Thread.run(Thread.java:829)
Caused by: jetbrains.exodus.ExodusException
	at jetbrains.exodus.newLogConcept.garbageCollector.OperationLogGarbageCollector.moveAndRemoveRecordsFromLog(OperationLogGarbageCollector.java:69)
	at jetbrains.exodus.newLogConcept.garbageCollector.OperationLogGarbageCollector.clean(OperationLogGarbageCollector.java:51)
	at jetbrains.exodus.newLogConcept.MVCC.MVCCDataStructure.lambda$commitTransaction$1(MVCCDataStructure.java:297)
	at java.base/java.util.concurrent.Executors$RunnableAdapter.call(Executors.java:515)
	at java.base/java.util.concurrent.FutureTask.run(FutureTask.java:264)
	at java.base/java.util.concurrent.ThreadPoolExecutor.runWorker(ThreadPoolExecutor.java:1128)
	at java.base/java.util.concurrent.ThreadPoolExecutor$Worker.run(ThreadPoolExecutor.java:628)
	... 1 more
java.util.concurrent.ExecutionException: jetbrains.exodus.ExodusException
	at java.base/java.util.concurrent.FutureTask.report(FutureTask.java:122)
	at java.base/java.util.concurrent.FutureTask.get(FutureTask.java:191)
	at jetbrains.exodus.newLogConcept.MVCC.MVCCDataStructure.commitTransaction(MVCCDataStructure.java:299)
	at site.ycsb.db.XodusClient.insert(XodusClient.java:60)
	at site.ycsb.DBWrapper.insert(DBWrapper.java:227)
	at site.ycsb.workloads.CoreWorkload.doInsert(CoreWorkload.java:621)
	at site.ycsb.ClientThread.run(ClientThread.java:135)
	at java.base/java.lang.Thread.run(Thread.java:829)
Caused by: jetbrains.exodus.ExodusException
	at jetbrains.exodus.newLogConcept.garbageCollector.OperationLogGarbageCollector.moveAndRemoveRecordsFromLog(OperationLogGarbageCollector.java:69)
	at jetbrains.exodus.newLogConcept.garbageCollector.OperationLogGarbageCollector.clean(OperationLogGarbageCollector.java:51)
	at jetbrains.exodus.newLogConcept.MVCC.MVCCDataStructure.lambda$commitTransaction$1(MVCCDataStructure.java:297)
	at java.base/java.util.concurrent.Executors$RunnableAdapter.call(Executors.java:515)
	at java.base/java.util.concurrent.FutureTask.run(FutureTask.java:264)
	at java.base/java.util.concurrent.ThreadPoolExecutor.runWorker(ThreadPoolExecutor.java:1128)
	at java.base/java.util.concurrent.ThreadPoolExecutor$Worker.run(ThreadPoolExecutor.java:628)
	... 1 more
java.util.concurrent.ExecutionException: jetbrains.exodus.ExodusException
	at java.base/java.util.concurrent.FutureTask.report(FutureTask.java:122)
	at java.base/java.util.concurrent.FutureTask.get(FutureTask.java:191)
	at jetbrains.exodus.newLogConcept.MVCC.MVCCDataStructure.commitTransaction(MVCCDataStructure.java:299)
	at site.ycsb.db.XodusClient.insert(XodusClient.java:60)
	at site.ycsb.DBWrapper.insert(DBWrapper.java:227)
	at site.ycsb.workloads.CoreWorkload.doInsert(CoreWorkload.java:621)
	at site.ycsb.ClientThread.run(ClientThread.java:135)
	at java.base/java.lang.Thread.run(Thread.java:829)
Caused by: jetbrains.exodus.ExodusException
	at jetbrains.exodus.newLogConcept.garbageCollector.OperationLogGarbageCollector.moveAndRemoveRecordsFromLog(OperationLogGarbageCollector.java:69)
	at jetbrains.exodus.newLogConcept.garbageCollector.OperationLogGarbageCollector.clean(OperationLogGarbageCollector.java:51)
	at jetbrains.exodus.newLogConcept.MVCC.MVCCDataStructure.lambda$commitTransaction$1(MVCCDataStructure.java:297)
	at java.base/java.util.concurrent.Executors$RunnableAdapter.call(Executors.java:515)
	at java.base/java.util.concurrent.FutureTask.run(FutureTask.java:264)
	at java.base/java.util.concurrent.ThreadPoolExecutor.runWorker(ThreadPoolExecutor.java:1128)
	at java.base/java.util.concurrent.ThreadPoolExecutor$Worker.run(ThreadPoolExecutor.java:628)
	... 1 more
java.util.concurrent.ExecutionException: jetbrains.exodus.ExodusException
	at java.base/java.util.concurrent.FutureTask.report(FutureTask.java:122)
	at java.base/java.util.concurrent.FutureTask.get(FutureTask.java:191)
	at jetbrains.exodus.newLogConcept.MVCC.MVCCDataStructure.commitTransaction(MVCCDataStructure.java:299)
	at site.ycsb.db.XodusClient.insert(XodusClient.java:60)
	at site.ycsb.DBWrapper.insert(DBWrapper.java:227)
	at site.ycsb.workloads.CoreWorkload.doInsert(CoreWorkload.java:621)
	at site.ycsb.ClientThread.run(ClientThread.java:135)
	at java.base/java.lang.Thread.run(Thread.java:829)
Caused by: jetbrains.exodus.ExodusException
	at jetbrains.exodus.newLogConcept.garbageCollector.OperationLogGarbageCollector.moveAndRemoveRecordsFromLog(OperationLogGarbageCollector.java:69)
	at jetbrains.exodus.newLogConcept.garbageCollector.OperationLogGarbageCollector.clean(OperationLogGarbageCollector.java:51)
	at jetbrains.exodus.newLogConcept.MVCC.MVCCDataStructure.lambda$commitTransaction$1(MVCCDataStructure.java:297)
	at java.base/java.util.concurrent.Executors$RunnableAdapter.call(Executors.java:515)
	at java.base/java.util.concurrent.FutureTask.run(FutureTask.java:264)
	at java.base/java.util.concurrent.ThreadPoolExecutor.runWorker(ThreadPoolExecutor.java:1128)
	at java.base/java.util.concurrent.ThreadPoolExecutor$Worker.run(ThreadPoolExecutor.java:628)
	... 1 more
java.util.concurrent.ExecutionException: jetbrains.exodus.ExodusException
	at java.base/java.util.concurrent.FutureTask.report(FutureTask.java:122)
	at java.base/java.util.concurrent.FutureTask.get(FutureTask.java:191)
	at jetbrains.exodus.newLogConcept.MVCC.MVCCDataStructure.commitTransaction(MVCCDataStructure.java:299)
	at site.ycsb.db.XodusClient.insert(XodusClient.java:60)
	at site.ycsb.DBWrapper.insert(DBWrapper.java:227)
	at site.ycsb.workloads.CoreWorkload.doInsert(CoreWorkload.java:621)
	at site.ycsb.ClientThread.run(ClientThread.java:135)
	at java.base/java.lang.Thread.run(Thread.java:829)
Caused by: jetbrains.exodus.ExodusException
	at jetbrains.exodus.newLogConcept.garbageCollector.OperationLogGarbageCollector.moveAndRemoveRecordsFromLog(OperationLogGarbageCollector.java:69)
	at jetbrains.exodus.newLogConcept.garbageCollector.OperationLogGarbageCollector.clean(OperationLogGarbageCollector.java:51)
	at jetbrains.exodus.newLogConcept.MVCC.MVCCDataStructure.lambda$commitTransaction$1(MVCCDataStructure.java:297)
	at java.base/java.util.concurrent.Executors$RunnableAdapter.call(Executors.java:515)
	at java.base/java.util.concurrent.FutureTask.run(FutureTask.java:264)
	at java.base/java.util.concurrent.ThreadPoolExecutor.runWorker(ThreadPoolExecutor.java:1128)
	at java.base/java.util.concurrent.ThreadPoolExecutor$Worker.run(ThreadPoolExecutor.java:628)
	... 1 more
java.util.concurrent.ExecutionException: jetbrains.exodus.ExodusException
	at java.base/java.util.concurrent.FutureTask.report(FutureTask.java:122)
	at java.base/java.util.concurrent.FutureTask.get(FutureTask.java:191)
	at jetbrains.exodus.newLogConcept.MVCC.MVCCDataStructure.commitTransaction(MVCCDataStructure.java:299)
	at site.ycsb.db.XodusClient.insert(XodusClient.java:60)
	at site.ycsb.DBWrapper.insert(DBWrapper.java:227)
	at site.ycsb.workloads.CoreWorkload.doInsert(CoreWorkload.java:621)
	at site.ycsb.ClientThread.run(ClientThread.java:135)
	at java.base/java.lang.Thread.run(Thread.java:829)
Caused by: jetbrains.exodus.ExodusException
	at jetbrains.exodus.newLogConcept.garbageCollector.OperationLogGarbageCollector.moveAndRemoveRecordsFromLog(OperationLogGarbageCollector.java:69)
	at jetbrains.exodus.newLogConcept.garbageCollector.OperationLogGarbageCollector.clean(OperationLogGarbageCollector.java:51)
	at jetbrains.exodus.newLogConcept.MVCC.MVCCDataStructure.lambda$commitTransaction$1(MVCCDataStructure.java:297)
	at java.base/java.util.concurrent.Executors$RunnableAdapter.call(Executors.java:515)
	at java.base/java.util.concurrent.FutureTask.run(FutureTask.java:264)
	at java.base/java.util.concurrent.ThreadPoolExecutor.runWorker(ThreadPoolExecutor.java:1128)
	at java.base/java.util.concurrent.ThreadPoolExecutor$Worker.run(ThreadPoolExecutor.java:628)
	... 1 more
java.util.concurrent.ExecutionException: jetbrains.exodus.ExodusException
	at java.base/java.util.concurrent.FutureTask.report(FutureTask.java:122)
	at java.base/java.util.concurrent.FutureTask.get(FutureTask.java:191)
	at jetbrains.exodus.newLogConcept.MVCC.MVCCDataStructure.commitTransaction(MVCCDataStructure.java:299)
	at site.ycsb.db.XodusClient.insert(XodusClient.java:60)
	at site.ycsb.DBWrapper.insert(DBWrapper.java:227)
	at site.ycsb.workloads.CoreWorkload.doInsert(CoreWorkload.java:621)
	at site.ycsb.ClientThread.run(ClientThread.java:135)
	at java.base/java.lang.Thread.run(Thread.java:829)
Caused by: jetbrains.exodus.ExodusException
	at jetbrains.exodus.newLogConcept.garbageCollector.OperationLogGarbageCollector.moveAndRemoveRecordsFromLog(OperationLogGarbageCollector.java:69)
	at jetbrains.exodus.newLogConcept.garbageCollector.OperationLogGarbageCollector.clean(OperationLogGarbageCollector.java:51)
	at jetbrains.exodus.newLogConcept.MVCC.MVCCDataStructure.lambda$commitTransaction$1(MVCCDataStructure.java:297)
	at java.base/java.util.concurrent.Executors$RunnableAdapter.call(Executors.java:515)
	at java.base/java.util.concurrent.FutureTask.run(FutureTask.java:264)
	at java.base/java.util.concurrent.ThreadPoolExecutor.runWorker(ThreadPoolExecutor.java:1128)
	at java.base/java.util.concurrent.ThreadPoolExecutor$Worker.run(ThreadPoolExecutor.java:628)
	... 1 more
java.util.concurrent.ExecutionException: jetbrains.exodus.ExodusException
	at java.base/java.util.concurrent.FutureTask.report(FutureTask.java:122)
	at java.base/java.util.concurrent.FutureTask.get(FutureTask.java:191)
	at jetbrains.exodus.newLogConcept.MVCC.MVCCDataStructure.commitTransaction(MVCCDataStructure.java:299)
	at site.ycsb.db.XodusClient.insert(XodusClient.java:60)
	at site.ycsb.DBWrapper.insert(DBWrapper.java:227)
	at site.ycsb.workloads.CoreWorkload.doInsert(CoreWorkload.java:621)
	at site.ycsb.ClientThread.run(ClientThread.java:135)
	at java.base/java.lang.Thread.run(Thread.java:829)
Caused by: jetbrains.exodus.ExodusException
	at jetbrains.exodus.newLogConcept.garbageCollector.OperationLogGarbageCollector.moveAndRemoveRecordsFromLog(OperationLogGarbageCollector.java:69)
	at jetbrains.exodus.newLogConcept.garbageCollector.OperationLogGarbageCollector.clean(OperationLogGarbageCollector.java:51)
	at jetbrains.exodus.newLogConcept.MVCC.MVCCDataStructure.lambda$commitTransaction$1(MVCCDataStructure.java:297)
	at java.base/java.util.concurrent.Executors$RunnableAdapter.call(Executors.java:515)
	at java.base/java.util.concurrent.FutureTask.run(FutureTask.java:264)
	at java.base/java.util.concurrent.ThreadPoolExecutor.runWorker(ThreadPoolExecutor.java:1128)
	at java.base/java.util.concurrent.ThreadPoolExecutor$Worker.run(ThreadPoolExecutor.java:628)
	... 1 more
java.util.concurrent.ExecutionException: jetbrains.exodus.ExodusException
	at java.base/java.util.concurrent.FutureTask.report(FutureTask.java:122)
	at java.base/java.util.concurrent.FutureTask.get(FutureTask.java:191)
	at jetbrains.exodus.newLogConcept.MVCC.MVCCDataStructure.commitTransaction(MVCCDataStructure.java:299)
	at site.ycsb.db.XodusClient.insert(XodusClient.java:60)
	at site.ycsb.DBWrapper.insert(DBWrapper.java:227)
	at site.ycsb.workloads.CoreWorkload.doInsert(CoreWorkload.java:621)
	at site.ycsb.ClientThread.run(ClientThread.java:135)
	at java.base/java.lang.Thread.run(Thread.java:829)
Caused by: jetbrains.exodus.ExodusException
	at jetbrains.exodus.newLogConcept.garbageCollector.OperationLogGarbageCollector.moveAndRemoveRecordsFromLog(OperationLogGarbageCollector.java:69)
	at jetbrains.exodus.newLogConcept.garbageCollector.OperationLogGarbageCollector.clean(OperationLogGarbageCollector.java:51)
	at jetbrains.exodus.newLogConcept.MVCC.MVCCDataStructure.lambda$commitTransaction$1(MVCCDataStructure.java:297)
	at java.base/java.util.concurrent.Executors$RunnableAdapter.call(Executors.java:515)
	at java.base/java.util.concurrent.FutureTask.run(FutureTask.java:264)
	at java.base/java.util.concurrent.ThreadPoolExecutor.runWorker(ThreadPoolExecutor.java:1128)
	at java.base/java.util.concurrent.ThreadPoolExecutor$Worker.run(ThreadPoolExecutor.java:628)
	... 1 more
java.util.concurrent.ExecutionException: jetbrains.exodus.ExodusException
	at java.base/java.util.concurrent.FutureTask.report(FutureTask.java:122)
	at java.base/java.util.concurrent.FutureTask.get(FutureTask.java:191)
	at jetbrains.exodus.newLogConcept.MVCC.MVCCDataStructure.commitTransaction(MVCCDataStructure.java:299)
	at site.ycsb.db.XodusClient.insert(XodusClient.java:60)
	at site.ycsb.DBWrapper.insert(DBWrapper.java:227)
	at site.ycsb.workloads.CoreWorkload.doInsert(CoreWorkload.java:621)
	at site.ycsb.ClientThread.run(ClientThread.java:135)
	at java.base/java.lang.Thread.run(Thread.java:829)
Caused by: jetbrains.exodus.ExodusException
	at jetbrains.exodus.newLogConcept.garbageCollector.OperationLogGarbageCollector.moveAndRemoveRecordsFromLog(OperationLogGarbageCollector.java:69)
	at jetbrains.exodus.newLogConcept.garbageCollector.OperationLogGarbageCollector.clean(OperationLogGarbageCollector.java:51)
	at jetbrains.exodus.newLogConcept.MVCC.MVCCDataStructure.lambda$commitTransaction$1(MVCCDataStructure.java:297)
	at java.base/java.util.concurrent.Executors$RunnableAdapter.call(Executors.java:515)
	at java.base/java.util.concurrent.FutureTask.run(FutureTask.java:264)
	at java.base/java.util.concurrent.ThreadPoolExecutor.runWorker(ThreadPoolExecutor.java:1128)
	at java.base/java.util.concurrent.ThreadPoolExecutor$Worker.run(ThreadPoolExecutor.java:628)
	... 1 more
java.util.concurrent.ExecutionException: jetbrains.exodus.ExodusException
	at java.base/java.util.concurrent.FutureTask.report(FutureTask.java:122)
	at java.base/java.util.concurrent.FutureTask.get(FutureTask.java:191)
	at jetbrains.exodus.newLogConcept.MVCC.MVCCDataStructure.commitTransaction(MVCCDataStructure.java:299)
	at site.ycsb.db.XodusClient.insert(XodusClient.java:60)
	at site.ycsb.DBWrapper.insert(DBWrapper.java:227)
	at site.ycsb.workloads.CoreWorkload.doInsert(CoreWorkload.java:621)
	at site.ycsb.ClientThread.run(ClientThread.java:135)
	at java.base/java.lang.Thread.run(Thread.java:829)
Caused by: jetbrains.exodus.ExodusException
	at jetbrains.exodus.newLogConcept.garbageCollector.OperationLogGarbageCollector.moveAndRemoveRecordsFromLog(OperationLogGarbageCollector.java:69)
	at jetbrains.exodus.newLogConcept.garbageCollector.OperationLogGarbageCollector.clean(OperationLogGarbageCollector.java:51)
	at jetbrains.exodus.newLogConcept.MVCC.MVCCDataStructure.lambda$commitTransaction$1(MVCCDataStructure.java:297)
	at java.base/java.util.concurrent.Executors$RunnableAdapter.call(Executors.java:515)
	at java.base/java.util.concurrent.FutureTask.run(FutureTask.java:264)
	at java.base/java.util.concurrent.ThreadPoolExecutor.runWorker(ThreadPoolExecutor.java:1128)
	at java.base/java.util.concurrent.ThreadPoolExecutor$Worker.run(ThreadPoolExecutor.java:628)
	... 1 more
java.util.concurrent.ExecutionException: jetbrains.exodus.ExodusException
	at java.base/java.util.concurrent.FutureTask.report(FutureTask.java:122)
	at java.base/java.util.concurrent.FutureTask.get(FutureTask.java:191)
	at jetbrains.exodus.newLogConcept.MVCC.MVCCDataStructure.commitTransaction(MVCCDataStructure.java:299)
	at site.ycsb.db.XodusClient.insert(XodusClient.java:60)
	at site.ycsb.DBWrapper.insert(DBWrapper.java:227)
	at site.ycsb.workloads.CoreWorkload.doInsert(CoreWorkload.java:621)
	at site.ycsb.ClientThread.run(ClientThread.java:135)
	at java.base/java.lang.Thread.run(Thread.java:829)
Caused by: jetbrains.exodus.ExodusException
	at jetbrains.exodus.newLogConcept.garbageCollector.OperationLogGarbageCollector.moveAndRemoveRecordsFromLog(OperationLogGarbageCollector.java:69)
	at jetbrains.exodus.newLogConcept.garbageCollector.OperationLogGarbageCollector.clean(OperationLogGarbageCollector.java:51)
	at jetbrains.exodus.newLogConcept.MVCC.MVCCDataStructure.lambda$commitTransaction$1(MVCCDataStructure.java:297)
	at java.base/java.util.concurrent.Executors$RunnableAdapter.call(Executors.java:515)
	at java.base/java.util.concurrent.FutureTask.run(FutureTask.java:264)
	at java.base/java.util.concurrent.ThreadPoolExecutor.runWorker(ThreadPoolExecutor.java:1128)
	at java.base/java.util.concurrent.ThreadPoolExecutor$Worker.run(ThreadPoolExecutor.java:628)
	... 1 more
java.util.concurrent.ExecutionException: jetbrains.exodus.ExodusException
	at java.base/java.util.concurrent.FutureTask.report(FutureTask.java:122)
	at java.base/java.util.concurrent.FutureTask.get(FutureTask.java:191)
	at jetbrains.exodus.newLogConcept.MVCC.MVCCDataStructure.commitTransaction(MVCCDataStructure.java:299)
	at site.ycsb.db.XodusClient.insert(XodusClient.java:60)
	at site.ycsb.DBWrapper.insert(DBWrapper.java:227)
	at site.ycsb.workloads.CoreWorkload.doInsert(CoreWorkload.java:621)
	at site.ycsb.ClientThread.run(ClientThread.java:135)
	at java.base/java.lang.Thread.run(Thread.java:829)
Caused by: jetbrains.exodus.ExodusException
	at jetbrains.exodus.newLogConcept.garbageCollector.OperationLogGarbageCollector.moveAndRemoveRecordsFromLog(OperationLogGarbageCollector.java:69)
	at jetbrains.exodus.newLogConcept.garbageCollector.OperationLogGarbageCollector.clean(OperationLogGarbageCollector.java:51)
	at jetbrains.exodus.newLogConcept.MVCC.MVCCDataStructure.lambda$commitTransaction$1(MVCCDataStructure.java:297)
	at java.base/java.util.concurrent.Executors$RunnableAdapter.call(Executors.java:515)
	at java.base/java.util.concurrent.FutureTask.run(FutureTask.java:264)
	at java.base/java.util.concurrent.ThreadPoolExecutor.runWorker(ThreadPoolExecutor.java:1128)
	at java.base/java.util.concurrent.ThreadPoolExecutor$Worker.run(ThreadPoolExecutor.java:628)
	... 1 more
java.util.concurrent.ExecutionException: jetbrains.exodus.ExodusException
	at java.base/java.util.concurrent.FutureTask.report(FutureTask.java:122)
	at java.base/java.util.concurrent.FutureTask.get(FutureTask.java:191)
	at jetbrains.exodus.newLogConcept.MVCC.MVCCDataStructure.commitTransaction(MVCCDataStructure.java:299)
	at site.ycsb.db.XodusClient.insert(XodusClient.java:60)
	at site.ycsb.DBWrapper.insert(DBWrapper.java:227)
	at site.ycsb.workloads.CoreWorkload.doInsert(CoreWorkload.java:621)
	at site.ycsb.ClientThread.run(ClientThread.java:135)
	at java.base/java.lang.Thread.run(Thread.java:829)
Caused by: jetbrains.exodus.ExodusException
	at jetbrains.exodus.newLogConcept.garbageCollector.OperationLogGarbageCollector.moveAndRemoveRecordsFromLog(OperationLogGarbageCollector.java:69)
	at jetbrains.exodus.newLogConcept.garbageCollector.OperationLogGarbageCollector.clean(OperationLogGarbageCollector.java:51)
	at jetbrains.exodus.newLogConcept.MVCC.MVCCDataStructure.lambda$commitTransaction$1(MVCCDataStructure.java:297)
	at java.base/java.util.concurrent.Executors$RunnableAdapter.call(Executors.java:515)
	at java.base/java.util.concurrent.FutureTask.run(FutureTask.java:264)
	at java.base/java.util.concurrent.ThreadPoolExecutor.runWorker(ThreadPoolExecutor.java:1128)
	at java.base/java.util.concurrent.ThreadPoolExecutor$Worker.run(ThreadPoolExecutor.java:628)
	... 1 more
java.util.concurrent.ExecutionException: jetbrains.exodus.ExodusException
	at java.base/java.util.concurrent.FutureTask.report(FutureTask.java:122)
	at java.base/java.util.concurrent.FutureTask.get(FutureTask.java:191)
	at jetbrains.exodus.newLogConcept.MVCC.MVCCDataStructure.commitTransaction(MVCCDataStructure.java:299)
	at site.ycsb.db.XodusClient.insert(XodusClient.java:60)
	at site.ycsb.DBWrapper.insert(DBWrapper.java:227)
	at site.ycsb.workloads.CoreWorkload.doInsert(CoreWorkload.java:621)
	at site.ycsb.ClientThread.run(ClientThread.java:135)
	at java.base/java.lang.Thread.run(Thread.java:829)
Caused by: jetbrains.exodus.ExodusException
	at jetbrains.exodus.newLogConcept.garbageCollector.OperationLogGarbageCollector.moveAndRemoveRecordsFromLog(OperationLogGarbageCollector.java:69)
	at jetbrains.exodus.newLogConcept.garbageCollector.OperationLogGarbageCollector.clean(OperationLogGarbageCollector.java:51)
	at jetbrains.exodus.newLogConcept.MVCC.MVCCDataStructure.lambda$commitTransaction$1(MVCCDataStructure.java:297)
	at java.base/java.util.concurrent.Executors$RunnableAdapter.call(Executors.java:515)
	at java.base/java.util.concurrent.FutureTask.run(FutureTask.java:264)
	at java.base/java.util.concurrent.ThreadPoolExecutor.runWorker(ThreadPoolExecutor.java:1128)
	at java.base/java.util.concurrent.ThreadPoolExecutor$Worker.run(ThreadPoolExecutor.java:628)
	... 1 more
java.util.concurrent.ExecutionException: jetbrains.exodus.ExodusException
	at java.base/java.util.concurrent.FutureTask.report(FutureTask.java:122)
	at java.base/java.util.concurrent.FutureTask.get(FutureTask.java:191)
	at jetbrains.exodus.newLogConcept.MVCC.MVCCDataStructure.commitTransaction(MVCCDataStructure.java:299)
	at site.ycsb.db.XodusClient.insert(XodusClient.java:60)
	at site.ycsb.DBWrapper.insert(DBWrapper.java:227)
	at site.ycsb.workloads.CoreWorkload.doInsert(CoreWorkload.java:621)
	at site.ycsb.ClientThread.run(ClientThread.java:135)
	at java.base/java.lang.Thread.run(Thread.java:829)
Caused by: jetbrains.exodus.ExodusException
	at jetbrains.exodus.newLogConcept.garbageCollector.OperationLogGarbageCollector.moveAndRemoveRecordsFromLog(OperationLogGarbageCollector.java:69)
	at jetbrains.exodus.newLogConcept.garbageCollector.OperationLogGarbageCollector.clean(OperationLogGarbageCollector.java:51)
	at jetbrains.exodus.newLogConcept.MVCC.MVCCDataStructure.lambda$commitTransaction$1(MVCCDataStructure.java:297)
	at java.base/java.util.concurrent.Executors$RunnableAdapter.call(Executors.java:515)
	at java.base/java.util.concurrent.FutureTask.run(FutureTask.java:264)
	at java.base/java.util.concurrent.ThreadPoolExecutor.runWorker(ThreadPoolExecutor.java:1128)
	at java.base/java.util.concurrent.ThreadPoolExecutor$Worker.run(ThreadPoolExecutor.java:628)
	... 1 more
java.util.concurrent.ExecutionException: jetbrains.exodus.ExodusException
	at java.base/java.util.concurrent.FutureTask.report(FutureTask.java:122)
	at java.base/java.util.concurrent.FutureTask.get(FutureTask.java:191)
	at jetbrains.exodus.newLogConcept.MVCC.MVCCDataStructure.commitTransaction(MVCCDataStructure.java:299)
	at site.ycsb.db.XodusClient.insert(XodusClient.java:60)
	at site.ycsb.DBWrapper.insert(DBWrapper.java:227)
	at site.ycsb.workloads.CoreWorkload.doInsert(CoreWorkload.java:621)
	at site.ycsb.ClientThread.run(ClientThread.java:135)
	at java.base/java.lang.Thread.run(Thread.java:829)
Caused by: jetbrains.exodus.ExodusException
	at jetbrains.exodus.newLogConcept.garbageCollector.OperationLogGarbageCollector.moveAndRemoveRecordsFromLog(OperationLogGarbageCollector.java:69)
	at jetbrains.exodus.newLogConcept.garbageCollector.OperationLogGarbageCollector.clean(OperationLogGarbageCollector.java:51)
	at jetbrains.exodus.newLogConcept.MVCC.MVCCDataStructure.lambda$commitTransaction$1(MVCCDataStructure.java:297)
	at java.base/java.util.concurrent.Executors$RunnableAdapter.call(Executors.java:515)
	at java.base/java.util.concurrent.FutureTask.run(FutureTask.java:264)
	at java.base/java.util.concurrent.ThreadPoolExecutor.runWorker(ThreadPoolExecutor.java:1128)
	at java.base/java.util.concurrent.ThreadPoolExecutor$Worker.run(ThreadPoolExecutor.java:628)
	... 1 more
java.util.concurrent.ExecutionException: jetbrains.exodus.ExodusException
	at java.base/java.util.concurrent.FutureTask.report(FutureTask.java:122)
	at java.base/java.util.concurrent.FutureTask.get(FutureTask.java:191)
	at jetbrains.exodus.newLogConcept.MVCC.MVCCDataStructure.commitTransaction(MVCCDataStructure.java:299)
	at site.ycsb.db.XodusClient.insert(XodusClient.java:60)
	at site.ycsb.DBWrapper.insert(DBWrapper.java:227)
	at site.ycsb.workloads.CoreWorkload.doInsert(CoreWorkload.java:621)
	at site.ycsb.ClientThread.run(ClientThread.java:135)
	at java.base/java.lang.Thread.run(Thread.java:829)
Caused by: jetbrains.exodus.ExodusException
	at jetbrains.exodus.newLogConcept.garbageCollector.OperationLogGarbageCollector.moveAndRemoveRecordsFromLog(OperationLogGarbageCollector.java:69)
	at jetbrains.exodus.newLogConcept.garbageCollector.OperationLogGarbageCollector.clean(OperationLogGarbageCollector.java:51)
	at jetbrains.exodus.newLogConcept.MVCC.MVCCDataStructure.lambda$commitTransaction$1(MVCCDataStructure.java:297)
	at java.base/java.util.concurrent.Executors$RunnableAdapter.call(Executors.java:515)
	at java.base/java.util.concurrent.FutureTask.run(FutureTask.java:264)
	at java.base/java.util.concurrent.ThreadPoolExecutor.runWorker(ThreadPoolExecutor.java:1128)
	at java.base/java.util.concurrent.ThreadPoolExecutor$Worker.run(ThreadPoolExecutor.java:628)
	... 1 more
java.util.concurrent.ExecutionException: jetbrains.exodus.ExodusException
	at java.base/java.util.concurrent.FutureTask.report(FutureTask.java:122)
	at java.base/java.util.concurrent.FutureTask.get(FutureTask.java:191)
	at jetbrains.exodus.newLogConcept.MVCC.MVCCDataStructure.commitTransaction(MVCCDataStructure.java:299)
	at site.ycsb.db.XodusClient.insert(XodusClient.java:60)
	at site.ycsb.DBWrapper.insert(DBWrapper.java:227)
	at site.ycsb.workloads.CoreWorkload.doInsert(CoreWorkload.java:621)
	at site.ycsb.ClientThread.run(ClientThread.java:135)
	at java.base/java.lang.Thread.run(Thread.java:829)
Caused by: jetbrains.exodus.ExodusException
	at jetbrains.exodus.newLogConcept.garbageCollector.OperationLogGarbageCollector.moveAndRemoveRecordsFromLog(OperationLogGarbageCollector.java:69)
	at jetbrains.exodus.newLogConcept.garbageCollector.OperationLogGarbageCollector.clean(OperationLogGarbageCollector.java:51)
	at jetbrains.exodus.newLogConcept.MVCC.MVCCDataStructure.lambda$commitTransaction$1(MVCCDataStructure.java:297)
	at java.base/java.util.concurrent.Executors$RunnableAdapter.call(Executors.java:515)
	at java.base/java.util.concurrent.FutureTask.run(FutureTask.java:264)
	at java.base/java.util.concurrent.ThreadPoolExecutor.runWorker(ThreadPoolExecutor.java:1128)
	at java.base/java.util.concurrent.ThreadPoolExecutor$Worker.run(ThreadPoolExecutor.java:628)
	... 1 more
java.util.concurrent.ExecutionException: jetbrains.exodus.ExodusException
	at java.base/java.util.concurrent.FutureTask.report(FutureTask.java:122)
	at java.base/java.util.concurrent.FutureTask.get(FutureTask.java:191)
	at jetbrains.exodus.newLogConcept.MVCC.MVCCDataStructure.commitTransaction(MVCCDataStructure.java:299)
	at site.ycsb.db.XodusClient.insert(XodusClient.java:60)
	at site.ycsb.DBWrapper.insert(DBWrapper.java:227)
	at site.ycsb.workloads.CoreWorkload.doInsert(CoreWorkload.java:621)
	at site.ycsb.ClientThread.run(ClientThread.java:135)
	at java.base/java.lang.Thread.run(Thread.java:829)
Caused by: jetbrains.exodus.ExodusException
	at jetbrains.exodus.newLogConcept.garbageCollector.OperationLogGarbageCollector.moveAndRemoveRecordsFromLog(OperationLogGarbageCollector.java:69)
	at jetbrains.exodus.newLogConcept.garbageCollector.OperationLogGarbageCollector.clean(OperationLogGarbageCollector.java:51)
	at jetbrains.exodus.newLogConcept.MVCC.MVCCDataStructure.lambda$commitTransaction$1(MVCCDataStructure.java:297)
	at java.base/java.util.concurrent.Executors$RunnableAdapter.call(Executors.java:515)
	at java.base/java.util.concurrent.FutureTask.run(FutureTask.java:264)
	at java.base/java.util.concurrent.ThreadPoolExecutor.runWorker(ThreadPoolExecutor.java:1128)
	at java.base/java.util.concurrent.ThreadPoolExecutor$Worker.run(ThreadPoolExecutor.java:628)
	... 1 more
java.util.concurrent.ExecutionException: jetbrains.exodus.ExodusException
	at java.base/java.util.concurrent.FutureTask.report(FutureTask.java:122)
	at java.base/java.util.concurrent.FutureTask.get(FutureTask.java:191)
	at jetbrains.exodus.newLogConcept.MVCC.MVCCDataStructure.commitTransaction(MVCCDataStructure.java:299)
	at site.ycsb.db.XodusClient.insert(XodusClient.java:60)
	at site.ycsb.DBWrapper.insert(DBWrapper.java:227)
	at site.ycsb.workloads.CoreWorkload.doInsert(CoreWorkload.java:621)
	at site.ycsb.ClientThread.run(ClientThread.java:135)
	at java.base/java.lang.Thread.run(Thread.java:829)
Caused by: jetbrains.exodus.ExodusException
	at jetbrains.exodus.newLogConcept.garbageCollector.OperationLogGarbageCollector.moveAndRemoveRecordsFromLog(OperationLogGarbageCollector.java:69)
	at jetbrains.exodus.newLogConcept.garbageCollector.OperationLogGarbageCollector.clean(OperationLogGarbageCollector.java:51)
	at jetbrains.exodus.newLogConcept.MVCC.MVCCDataStructure.lambda$commitTransaction$1(MVCCDataStructure.java:297)
	at java.base/java.util.concurrent.Executors$RunnableAdapter.call(Executors.java:515)
	at java.base/java.util.concurrent.FutureTask.run(FutureTask.java:264)
	at java.base/java.util.concurrent.ThreadPoolExecutor.runWorker(ThreadPoolExecutor.java:1128)
	at java.base/java.util.concurrent.ThreadPoolExecutor$Worker.run(ThreadPoolExecutor.java:628)
	... 1 more
java.util.concurrent.ExecutionException: jetbrains.exodus.ExodusException
	at java.base/java.util.concurrent.FutureTask.report(FutureTask.java:122)
	at java.base/java.util.concurrent.FutureTask.get(FutureTask.java:191)
	at jetbrains.exodus.newLogConcept.MVCC.MVCCDataStructure.commitTransaction(MVCCDataStructure.java:299)
	at site.ycsb.db.XodusClient.insert(XodusClient.java:60)
	at site.ycsb.DBWrapper.insert(DBWrapper.java:227)
	at site.ycsb.workloads.CoreWorkload.doInsert(CoreWorkload.java:621)
	at site.ycsb.ClientThread.run(ClientThread.java:135)
	at java.base/java.lang.Thread.run(Thread.java:829)
Caused by: jetbrains.exodus.ExodusException
	at jetbrains.exodus.newLogConcept.garbageCollector.OperationLogGarbageCollector.moveAndRemoveRecordsFromLog(OperationLogGarbageCollector.java:69)
	at jetbrains.exodus.newLogConcept.garbageCollector.OperationLogGarbageCollector.clean(OperationLogGarbageCollector.java:51)
	at jetbrains.exodus.newLogConcept.MVCC.MVCCDataStructure.lambda$commitTransaction$1(MVCCDataStructure.java:297)
	at java.base/java.util.concurrent.Executors$RunnableAdapter.call(Executors.java:515)
	at java.base/java.util.concurrent.FutureTask.run(FutureTask.java:264)
	at java.base/java.util.concurrent.ThreadPoolExecutor.runWorker(ThreadPoolExecutor.java:1128)
	at java.base/java.util.concurrent.ThreadPoolExecutor$Worker.run(ThreadPoolExecutor.java:628)
	... 1 more
java.util.concurrent.ExecutionException: jetbrains.exodus.ExodusException
	at java.base/java.util.concurrent.FutureTask.report(FutureTask.java:122)
	at java.base/java.util.concurrent.FutureTask.get(FutureTask.java:191)
	at jetbrains.exodus.newLogConcept.MVCC.MVCCDataStructure.commitTransaction(MVCCDataStructure.java:299)
	at site.ycsb.db.XodusClient.insert(XodusClient.java:60)
	at site.ycsb.DBWrapper.insert(DBWrapper.java:227)
	at site.ycsb.workloads.CoreWorkload.doInsert(CoreWorkload.java:621)
	at site.ycsb.ClientThread.run(ClientThread.java:135)
	at java.base/java.lang.Thread.run(Thread.java:829)
Caused by: jetbrains.exodus.ExodusException
	at jetbrains.exodus.newLogConcept.garbageCollector.OperationLogGarbageCollector.moveAndRemoveRecordsFromLog(OperationLogGarbageCollector.java:69)
	at jetbrains.exodus.newLogConcept.garbageCollector.OperationLogGarbageCollector.clean(OperationLogGarbageCollector.java:51)
	at jetbrains.exodus.newLogConcept.MVCC.MVCCDataStructure.lambda$commitTransaction$1(MVCCDataStructure.java:297)
	at java.base/java.util.concurrent.Executors$RunnableAdapter.call(Executors.java:515)
	at java.base/java.util.concurrent.FutureTask.run(FutureTask.java:264)
	at java.base/java.util.concurrent.ThreadPoolExecutor.runWorker(ThreadPoolExecutor.java:1128)
	at java.base/java.util.concurrent.ThreadPoolExecutor$Worker.run(ThreadPoolExecutor.java:628)
	... 1 more
java.util.concurrent.ExecutionException: jetbrains.exodus.ExodusException
	at java.base/java.util.concurrent.FutureTask.report(FutureTask.java:122)
	at java.base/java.util.concurrent.FutureTask.get(FutureTask.java:191)
	at jetbrains.exodus.newLogConcept.MVCC.MVCCDataStructure.commitTransaction(MVCCDataStructure.java:299)
	at site.ycsb.db.XodusClient.insert(XodusClient.java:60)
	at site.ycsb.DBWrapper.insert(DBWrapper.java:227)
	at site.ycsb.workloads.CoreWorkload.doInsert(CoreWorkload.java:621)
	at site.ycsb.ClientThread.run(ClientThread.java:135)
	at java.base/java.lang.Thread.run(Thread.java:829)
Caused by: jetbrains.exodus.ExodusException
	at jetbrains.exodus.newLogConcept.garbageCollector.OperationLogGarbageCollector.moveAndRemoveRecordsFromLog(OperationLogGarbageCollector.java:69)
	at jetbrains.exodus.newLogConcept.garbageCollector.OperationLogGarbageCollector.clean(OperationLogGarbageCollector.java:51)
	at jetbrains.exodus.newLogConcept.MVCC.MVCCDataStructure.lambda$commitTransaction$1(MVCCDataStructure.java:297)
	at java.base/java.util.concurrent.Executors$RunnableAdapter.call(Executors.java:515)
	at java.base/java.util.concurrent.FutureTask.run(FutureTask.java:264)
	at java.base/java.util.concurrent.ThreadPoolExecutor.runWorker(ThreadPoolExecutor.java:1128)
	at java.base/java.util.concurrent.ThreadPoolExecutor$Worker.run(ThreadPoolExecutor.java:628)
	... 1 more
java.util.concurrent.ExecutionException: jetbrains.exodus.ExodusException
	at java.base/java.util.concurrent.FutureTask.report(FutureTask.java:122)
	at java.base/java.util.concurrent.FutureTask.get(FutureTask.java:191)
	at jetbrains.exodus.newLogConcept.MVCC.MVCCDataStructure.commitTransaction(MVCCDataStructure.java:299)
	at site.ycsb.db.XodusClient.insert(XodusClient.java:60)
	at site.ycsb.DBWrapper.insert(DBWrapper.java:227)
	at site.ycsb.workloads.CoreWorkload.doInsert(CoreWorkload.java:621)
	at site.ycsb.ClientThread.run(ClientThread.java:135)
	at java.base/java.lang.Thread.run(Thread.java:829)
Caused by: jetbrains.exodus.ExodusException
	at jetbrains.exodus.newLogConcept.garbageCollector.OperationLogGarbageCollector.moveAndRemoveRecordsFromLog(OperationLogGarbageCollector.java:69)
	at jetbrains.exodus.newLogConcept.garbageCollector.OperationLogGarbageCollector.clean(OperationLogGarbageCollector.java:51)
	at jetbrains.exodus.newLogConcept.MVCC.MVCCDataStructure.lambda$commitTransaction$1(MVCCDataStructure.java:297)
	at java.base/java.util.concurrent.Executors$RunnableAdapter.call(Executors.java:515)
	at java.base/java.util.concurrent.FutureTask.run(FutureTask.java:264)
	at java.base/java.util.concurrent.ThreadPoolExecutor.runWorker(ThreadPoolExecutor.java:1128)
	at java.base/java.util.concurrent.ThreadPoolExecutor$Worker.run(ThreadPoolExecutor.java:628)
	... 1 more
java.util.concurrent.ExecutionException: jetbrains.exodus.ExodusException
	at java.base/java.util.concurrent.FutureTask.report(FutureTask.java:122)
	at java.base/java.util.concurrent.FutureTask.get(FutureTask.java:191)
	at jetbrains.exodus.newLogConcept.MVCC.MVCCDataStructure.commitTransaction(MVCCDataStructure.java:299)
	at site.ycsb.db.XodusClient.insert(XodusClient.java:60)
	at site.ycsb.DBWrapper.insert(DBWrapper.java:227)
	at site.ycsb.workloads.CoreWorkload.doInsert(CoreWorkload.java:621)
	at site.ycsb.ClientThread.run(ClientThread.java:135)
	at java.base/java.lang.Thread.run(Thread.java:829)
Caused by: jetbrains.exodus.ExodusException
	at jetbrains.exodus.newLogConcept.garbageCollector.OperationLogGarbageCollector.moveAndRemoveRecordsFromLog(OperationLogGarbageCollector.java:69)
	at jetbrains.exodus.newLogConcept.garbageCollector.OperationLogGarbageCollector.clean(OperationLogGarbageCollector.java:51)
	at jetbrains.exodus.newLogConcept.MVCC.MVCCDataStructure.lambda$commitTransaction$1(MVCCDataStructure.java:297)
	at java.base/java.util.concurrent.Executors$RunnableAdapter.call(Executors.java:515)
	at java.base/java.util.concurrent.FutureTask.run(FutureTask.java:264)
	at java.base/java.util.concurrent.ThreadPoolExecutor.runWorker(ThreadPoolExecutor.java:1128)
	at java.base/java.util.concurrent.ThreadPoolExecutor$Worker.run(ThreadPoolExecutor.java:628)
	... 1 more
java.util.concurrent.ExecutionException: jetbrains.exodus.ExodusException
	at java.base/java.util.concurrent.FutureTask.report(FutureTask.java:122)
	at java.base/java.util.concurrent.FutureTask.get(FutureTask.java:191)
	at jetbrains.exodus.newLogConcept.MVCC.MVCCDataStructure.commitTransaction(MVCCDataStructure.java:299)
	at site.ycsb.db.XodusClient.insert(XodusClient.java:60)
	at site.ycsb.DBWrapper.insert(DBWrapper.java:227)
	at site.ycsb.workloads.CoreWorkload.doInsert(CoreWorkload.java:621)
	at site.ycsb.ClientThread.run(ClientThread.java:135)
	at java.base/java.lang.Thread.run(Thread.java:829)
Caused by: jetbrains.exodus.ExodusException
	at jetbrains.exodus.newLogConcept.garbageCollector.OperationLogGarbageCollector.moveAndRemoveRecordsFromLog(OperationLogGarbageCollector.java:69)
	at jetbrains.exodus.newLogConcept.garbageCollector.OperationLogGarbageCollector.clean(OperationLogGarbageCollector.java:51)
	at jetbrains.exodus.newLogConcept.MVCC.MVCCDataStructure.lambda$commitTransaction$1(MVCCDataStructure.java:297)
	at java.base/java.util.concurrent.Executors$RunnableAdapter.call(Executors.java:515)
	at java.base/java.util.concurrent.FutureTask.run(FutureTask.java:264)
	at java.base/java.util.concurrent.ThreadPoolExecutor.runWorker(ThreadPoolExecutor.java:1128)
	at java.base/java.util.concurrent.ThreadPoolExecutor$Worker.run(ThreadPoolExecutor.java:628)
	... 1 more
java.util.concurrent.ExecutionException: jetbrains.exodus.ExodusException
	at java.base/java.util.concurrent.FutureTask.report(FutureTask.java:122)
	at java.base/java.util.concurrent.FutureTask.get(FutureTask.java:191)
	at jetbrains.exodus.newLogConcept.MVCC.MVCCDataStructure.commitTransaction(MVCCDataStructure.java:299)
	at site.ycsb.db.XodusClient.insert(XodusClient.java:60)
	at site.ycsb.DBWrapper.insert(DBWrapper.java:227)
	at site.ycsb.workloads.CoreWorkload.doInsert(CoreWorkload.java:621)
	at site.ycsb.ClientThread.run(ClientThread.java:135)
	at java.base/java.lang.Thread.run(Thread.java:829)
Caused by: jetbrains.exodus.ExodusException
	at jetbrains.exodus.newLogConcept.garbageCollector.OperationLogGarbageCollector.moveAndRemoveRecordsFromLog(OperationLogGarbageCollector.java:69)
	at jetbrains.exodus.newLogConcept.garbageCollector.OperationLogGarbageCollector.clean(OperationLogGarbageCollector.java:51)
	at jetbrains.exodus.newLogConcept.MVCC.MVCCDataStructure.lambda$commitTransaction$1(MVCCDataStructure.java:297)
	at java.base/java.util.concurrent.Executors$RunnableAdapter.call(Executors.java:515)
	at java.base/java.util.concurrent.FutureTask.run(FutureTask.java:264)
	at java.base/java.util.concurrent.ThreadPoolExecutor.runWorker(ThreadPoolExecutor.java:1128)
	at java.base/java.util.concurrent.ThreadPoolExecutor$Worker.run(ThreadPoolExecutor.java:628)
	... 1 more
java.util.concurrent.ExecutionException: jetbrains.exodus.ExodusException
	at java.base/java.util.concurrent.FutureTask.report(FutureTask.java:122)
	at java.base/java.util.concurrent.FutureTask.get(FutureTask.java:191)
	at jetbrains.exodus.newLogConcept.MVCC.MVCCDataStructure.commitTransaction(MVCCDataStructure.java:299)
	at site.ycsb.db.XodusClient.insert(XodusClient.java:60)
	at site.ycsb.DBWrapper.insert(DBWrapper.java:227)
	at site.ycsb.workloads.CoreWorkload.doInsert(CoreWorkload.java:621)
	at site.ycsb.ClientThread.run(ClientThread.java:135)
	at java.base/java.lang.Thread.run(Thread.java:829)
Caused by: jetbrains.exodus.ExodusException
	at jetbrains.exodus.newLogConcept.garbageCollector.OperationLogGarbageCollector.moveAndRemoveRecordsFromLog(OperationLogGarbageCollector.java:69)
	at jetbrains.exodus.newLogConcept.garbageCollector.OperationLogGarbageCollector.clean(OperationLogGarbageCollector.java:51)
	at jetbrains.exodus.newLogConcept.MVCC.MVCCDataStructure.lambda$commitTransaction$1(MVCCDataStructure.java:297)
	at java.base/java.util.concurrent.Executors$RunnableAdapter.call(Executors.java:515)
	at java.base/java.util.concurrent.FutureTask.run(FutureTask.java:264)
	at java.base/java.util.concurrent.ThreadPoolExecutor.runWorker(ThreadPoolExecutor.java:1128)
	at java.base/java.util.concurrent.ThreadPoolExecutor$Worker.run(ThreadPoolExecutor.java:628)
	... 1 more
java.util.concurrent.ExecutionException: jetbrains.exodus.ExodusException
	at java.base/java.util.concurrent.FutureTask.report(FutureTask.java:122)
	at java.base/java.util.concurrent.FutureTask.get(FutureTask.java:191)
	at jetbrains.exodus.newLogConcept.MVCC.MVCCDataStructure.commitTransaction(MVCCDataStructure.java:299)
	at site.ycsb.db.XodusClient.insert(XodusClient.java:60)
	at site.ycsb.DBWrapper.insert(DBWrapper.java:227)
	at site.ycsb.workloads.CoreWorkload.doInsert(CoreWorkload.java:621)
	at site.ycsb.ClientThread.run(ClientThread.java:135)
	at java.base/java.lang.Thread.run(Thread.java:829)
Caused by: jetbrains.exodus.ExodusException
	at jetbrains.exodus.newLogConcept.garbageCollector.OperationLogGarbageCollector.moveAndRemoveRecordsFromLog(OperationLogGarbageCollector.java:69)
	at jetbrains.exodus.newLogConcept.garbageCollector.OperationLogGarbageCollector.clean(OperationLogGarbageCollector.java:51)
	at jetbrains.exodus.newLogConcept.MVCC.MVCCDataStructure.lambda$commitTransaction$1(MVCCDataStructure.java:297)
	at java.base/java.util.concurrent.Executors$RunnableAdapter.call(Executors.java:515)
	at java.base/java.util.concurrent.FutureTask.run(FutureTask.java:264)
	at java.base/java.util.concurrent.ThreadPoolExecutor.runWorker(ThreadPoolExecutor.java:1128)
	at java.base/java.util.concurrent.ThreadPoolExecutor$Worker.run(ThreadPoolExecutor.java:628)
	... 1 more
java.util.concurrent.ExecutionException: jetbrains.exodus.ExodusException
	at java.base/java.util.concurrent.FutureTask.report(FutureTask.java:122)
	at java.base/java.util.concurrent.FutureTask.get(FutureTask.java:191)
	at jetbrains.exodus.newLogConcept.MVCC.MVCCDataStructure.commitTransaction(MVCCDataStructure.java:299)
	at site.ycsb.db.XodusClient.insert(XodusClient.java:60)
	at site.ycsb.DBWrapper.insert(DBWrapper.java:227)
	at site.ycsb.workloads.CoreWorkload.doInsert(CoreWorkload.java:621)
	at site.ycsb.ClientThread.run(ClientThread.java:135)
	at java.base/java.lang.Thread.run(Thread.java:829)
Caused by: jetbrains.exodus.ExodusException
	at jetbrains.exodus.newLogConcept.garbageCollector.OperationLogGarbageCollector.moveAndRemoveRecordsFromLog(OperationLogGarbageCollector.java:69)
	at jetbrains.exodus.newLogConcept.garbageCollector.OperationLogGarbageCollector.clean(OperationLogGarbageCollector.java:51)
	at jetbrains.exodus.newLogConcept.MVCC.MVCCDataStructure.lambda$commitTransaction$1(MVCCDataStructure.java:297)
	at java.base/java.util.concurrent.Executors$RunnableAdapter.call(Executors.java:515)
	at java.base/java.util.concurrent.FutureTask.run(FutureTask.java:264)
	at java.base/java.util.concurrent.ThreadPoolExecutor.runWorker(ThreadPoolExecutor.java:1128)
	at java.base/java.util.concurrent.ThreadPoolExecutor$Worker.run(ThreadPoolExecutor.java:628)
	... 1 more
java.util.concurrent.ExecutionException: jetbrains.exodus.ExodusException
	at java.base/java.util.concurrent.FutureTask.report(FutureTask.java:122)
	at java.base/java.util.concurrent.FutureTask.get(FutureTask.java:191)
	at jetbrains.exodus.newLogConcept.MVCC.MVCCDataStructure.commitTransaction(MVCCDataStructure.java:299)
	at site.ycsb.db.XodusClient.insert(XodusClient.java:60)
	at site.ycsb.DBWrapper.insert(DBWrapper.java:227)
	at site.ycsb.workloads.CoreWorkload.doInsert(CoreWorkload.java:621)
	at site.ycsb.ClientThread.run(ClientThread.java:135)
	at java.base/java.lang.Thread.run(Thread.java:829)
Caused by: jetbrains.exodus.ExodusException
	at jetbrains.exodus.newLogConcept.garbageCollector.OperationLogGarbageCollector.moveAndRemoveRecordsFromLog(OperationLogGarbageCollector.java:69)
	at jetbrains.exodus.newLogConcept.garbageCollector.OperationLogGarbageCollector.clean(OperationLogGarbageCollector.java:51)
	at jetbrains.exodus.newLogConcept.MVCC.MVCCDataStructure.lambda$commitTransaction$1(MVCCDataStructure.java:297)
	at java.base/java.util.concurrent.Executors$RunnableAdapter.call(Executors.java:515)
	at java.base/java.util.concurrent.FutureTask.run(FutureTask.java:264)
	at java.base/java.util.concurrent.ThreadPoolExecutor.runWorker(ThreadPoolExecutor.java:1128)
	at java.base/java.util.concurrent.ThreadPoolExecutor$Worker.run(ThreadPoolExecutor.java:628)
	... 1 more
java.util.concurrent.ExecutionException: jetbrains.exodus.ExodusException
	at java.base/java.util.concurrent.FutureTask.report(FutureTask.java:122)
	at java.base/java.util.concurrent.FutureTask.get(FutureTask.java:191)
	at jetbrains.exodus.newLogConcept.MVCC.MVCCDataStructure.commitTransaction(MVCCDataStructure.java:299)
	at site.ycsb.db.XodusClient.insert(XodusClient.java:60)
	at site.ycsb.DBWrapper.insert(DBWrapper.java:227)
	at site.ycsb.workloads.CoreWorkload.doInsert(CoreWorkload.java:621)
	at site.ycsb.ClientThread.run(ClientThread.java:135)
	at java.base/java.lang.Thread.run(Thread.java:829)
Caused by: jetbrains.exodus.ExodusException
	at jetbrains.exodus.newLogConcept.garbageCollector.OperationLogGarbageCollector.moveAndRemoveRecordsFromLog(OperationLogGarbageCollector.java:69)
	at jetbrains.exodus.newLogConcept.garbageCollector.OperationLogGarbageCollector.clean(OperationLogGarbageCollector.java:51)
	at jetbrains.exodus.newLogConcept.MVCC.MVCCDataStructure.lambda$commitTransaction$1(MVCCDataStructure.java:297)
	at java.base/java.util.concurrent.Executors$RunnableAdapter.call(Executors.java:515)
	at java.base/java.util.concurrent.FutureTask.run(FutureTask.java:264)
	at java.base/java.util.concurrent.ThreadPoolExecutor.runWorker(ThreadPoolExecutor.java:1128)
	at java.base/java.util.concurrent.ThreadPoolExecutor$Worker.run(ThreadPoolExecutor.java:628)
	... 1 more
java.util.concurrent.ExecutionException: jetbrains.exodus.ExodusException
	at java.base/java.util.concurrent.FutureTask.report(FutureTask.java:122)
	at java.base/java.util.concurrent.FutureTask.get(FutureTask.java:191)
	at jetbrains.exodus.newLogConcept.MVCC.MVCCDataStructure.commitTransaction(MVCCDataStructure.java:299)
	at site.ycsb.db.XodusClient.insert(XodusClient.java:60)
	at site.ycsb.DBWrapper.insert(DBWrapper.java:227)
	at site.ycsb.workloads.CoreWorkload.doInsert(CoreWorkload.java:621)
	at site.ycsb.ClientThread.run(ClientThread.java:135)
	at java.base/java.lang.Thread.run(Thread.java:829)
Caused by: jetbrains.exodus.ExodusException
	at jetbrains.exodus.newLogConcept.garbageCollector.OperationLogGarbageCollector.moveAndRemoveRecordsFromLog(OperationLogGarbageCollector.java:69)
	at jetbrains.exodus.newLogConcept.garbageCollector.OperationLogGarbageCollector.clean(OperationLogGarbageCollector.java:51)
	at jetbrains.exodus.newLogConcept.MVCC.MVCCDataStructure.lambda$commitTransaction$1(MVCCDataStructure.java:297)
	at java.base/java.util.concurrent.Executors$RunnableAdapter.call(Executors.java:515)
	at java.base/java.util.concurrent.FutureTask.run(FutureTask.java:264)
	at java.base/java.util.concurrent.ThreadPoolExecutor.runWorker(ThreadPoolExecutor.java:1128)
	at java.base/java.util.concurrent.ThreadPoolExecutor$Worker.run(ThreadPoolExecutor.java:628)
	... 1 more
java.util.concurrent.ExecutionException: jetbrains.exodus.ExodusException
	at java.base/java.util.concurrent.FutureTask.report(FutureTask.java:122)
	at java.base/java.util.concurrent.FutureTask.get(FutureTask.java:191)
	at jetbrains.exodus.newLogConcept.MVCC.MVCCDataStructure.commitTransaction(MVCCDataStructure.java:299)
	at site.ycsb.db.XodusClient.insert(XodusClient.java:60)
	at site.ycsb.DBWrapper.insert(DBWrapper.java:227)
	at site.ycsb.workloads.CoreWorkload.doInsert(CoreWorkload.java:621)
	at site.ycsb.ClientThread.run(ClientThread.java:135)
	at java.base/java.lang.Thread.run(Thread.java:829)
Caused by: jetbrains.exodus.ExodusException
	at jetbrains.exodus.newLogConcept.garbageCollector.OperationLogGarbageCollector.moveAndRemoveRecordsFromLog(OperationLogGarbageCollector.java:69)
	at jetbrains.exodus.newLogConcept.garbageCollector.OperationLogGarbageCollector.clean(OperationLogGarbageCollector.java:51)
	at jetbrains.exodus.newLogConcept.MVCC.MVCCDataStructure.lambda$commitTransaction$1(MVCCDataStructure.java:297)
	at java.base/java.util.concurrent.Executors$RunnableAdapter.call(Executors.java:515)
	at java.base/java.util.concurrent.FutureTask.run(FutureTask.java:264)
	at java.base/java.util.concurrent.ThreadPoolExecutor.runWorker(ThreadPoolExecutor.java:1128)
	at java.base/java.util.concurrent.ThreadPoolExecutor$Worker.run(ThreadPoolExecutor.java:628)
	... 1 more
java.util.concurrent.ExecutionException: jetbrains.exodus.ExodusException
	at java.base/java.util.concurrent.FutureTask.report(FutureTask.java:122)
	at java.base/java.util.concurrent.FutureTask.get(FutureTask.java:191)
	at jetbrains.exodus.newLogConcept.MVCC.MVCCDataStructure.commitTransaction(MVCCDataStructure.java:299)
	at site.ycsb.db.XodusClient.insert(XodusClient.java:60)
	at site.ycsb.DBWrapper.insert(DBWrapper.java:227)
	at site.ycsb.workloads.CoreWorkload.doInsert(CoreWorkload.java:621)
	at site.ycsb.ClientThread.run(ClientThread.java:135)
	at java.base/java.lang.Thread.run(Thread.java:829)
Caused by: jetbrains.exodus.ExodusException
	at jetbrains.exodus.newLogConcept.garbageCollector.OperationLogGarbageCollector.moveAndRemoveRecordsFromLog(OperationLogGarbageCollector.java:69)
	at jetbrains.exodus.newLogConcept.garbageCollector.OperationLogGarbageCollector.clean(OperationLogGarbageCollector.java:51)
	at jetbrains.exodus.newLogConcept.MVCC.MVCCDataStructure.lambda$commitTransaction$1(MVCCDataStructure.java:297)
	at java.base/java.util.concurrent.Executors$RunnableAdapter.call(Executors.java:515)
	at java.base/java.util.concurrent.FutureTask.run(FutureTask.java:264)
	at java.base/java.util.concurrent.ThreadPoolExecutor.runWorker(ThreadPoolExecutor.java:1128)
	at java.base/java.util.concurrent.ThreadPoolExecutor$Worker.run(ThreadPoolExecutor.java:628)
	... 1 more
java.util.concurrent.ExecutionException: jetbrains.exodus.ExodusException
	at java.base/java.util.concurrent.FutureTask.report(FutureTask.java:122)
	at java.base/java.util.concurrent.FutureTask.get(FutureTask.java:191)
	at jetbrains.exodus.newLogConcept.MVCC.MVCCDataStructure.commitTransaction(MVCCDataStructure.java:299)
	at site.ycsb.db.XodusClient.insert(XodusClient.java:60)
	at site.ycsb.DBWrapper.insert(DBWrapper.java:227)
	at site.ycsb.workloads.CoreWorkload.doInsert(CoreWorkload.java:621)
	at site.ycsb.ClientThread.run(ClientThread.java:135)
	at java.base/java.lang.Thread.run(Thread.java:829)
Caused by: jetbrains.exodus.ExodusException
	at jetbrains.exodus.newLogConcept.garbageCollector.OperationLogGarbageCollector.moveAndRemoveRecordsFromLog(OperationLogGarbageCollector.java:69)
	at jetbrains.exodus.newLogConcept.garbageCollector.OperationLogGarbageCollector.clean(OperationLogGarbageCollector.java:51)
	at jetbrains.exodus.newLogConcept.MVCC.MVCCDataStructure.lambda$commitTransaction$1(MVCCDataStructure.java:297)
	at java.base/java.util.concurrent.Executors$RunnableAdapter.call(Executors.java:515)
	at java.base/java.util.concurrent.FutureTask.run(FutureTask.java:264)
	at java.base/java.util.concurrent.ThreadPoolExecutor.runWorker(ThreadPoolExecutor.java:1128)
	at java.base/java.util.concurrent.ThreadPoolExecutor$Worker.run(ThreadPoolExecutor.java:628)
	... 1 more
java.util.concurrent.ExecutionException: jetbrains.exodus.ExodusException
	at java.base/java.util.concurrent.FutureTask.report(FutureTask.java:122)
	at java.base/java.util.concurrent.FutureTask.get(FutureTask.java:191)
	at jetbrains.exodus.newLogConcept.MVCC.MVCCDataStructure.commitTransaction(MVCCDataStructure.java:299)
	at site.ycsb.db.XodusClient.insert(XodusClient.java:60)
	at site.ycsb.DBWrapper.insert(DBWrapper.java:227)
	at site.ycsb.workloads.CoreWorkload.doInsert(CoreWorkload.java:621)
	at site.ycsb.ClientThread.run(ClientThread.java:135)
	at java.base/java.lang.Thread.run(Thread.java:829)
Caused by: jetbrains.exodus.ExodusException
	at jetbrains.exodus.newLogConcept.garbageCollector.OperationLogGarbageCollector.moveAndRemoveRecordsFromLog(OperationLogGarbageCollector.java:69)
	at jetbrains.exodus.newLogConcept.garbageCollector.OperationLogGarbageCollector.clean(OperationLogGarbageCollector.java:51)
	at jetbrains.exodus.newLogConcept.MVCC.MVCCDataStructure.lambda$commitTransaction$1(MVCCDataStructure.java:297)
	at java.base/java.util.concurrent.Executors$RunnableAdapter.call(Executors.java:515)
	at java.base/java.util.concurrent.FutureTask.run(FutureTask.java:264)
	at java.base/java.util.concurrent.ThreadPoolExecutor.runWorker(ThreadPoolExecutor.java:1128)
	at java.base/java.util.concurrent.ThreadPoolExecutor$Worker.run(ThreadPoolExecutor.java:628)
	... 1 more
java.util.concurrent.ExecutionException: jetbrains.exodus.ExodusException
	at java.base/java.util.concurrent.FutureTask.report(FutureTask.java:122)
	at java.base/java.util.concurrent.FutureTask.get(FutureTask.java:191)
	at jetbrains.exodus.newLogConcept.MVCC.MVCCDataStructure.commitTransaction(MVCCDataStructure.java:299)
	at site.ycsb.db.XodusClient.insert(XodusClient.java:60)
	at site.ycsb.DBWrapper.insert(DBWrapper.java:227)
	at site.ycsb.workloads.CoreWorkload.doInsert(CoreWorkload.java:621)
	at site.ycsb.ClientThread.run(ClientThread.java:135)
	at java.base/java.lang.Thread.run(Thread.java:829)
Caused by: jetbrains.exodus.ExodusException
	at jetbrains.exodus.newLogConcept.garbageCollector.OperationLogGarbageCollector.moveAndRemoveRecordsFromLog(OperationLogGarbageCollector.java:69)
	at jetbrains.exodus.newLogConcept.garbageCollector.OperationLogGarbageCollector.clean(OperationLogGarbageCollector.java:51)
	at jetbrains.exodus.newLogConcept.MVCC.MVCCDataStructure.lambda$commitTransaction$1(MVCCDataStructure.java:297)
	at java.base/java.util.concurrent.Executors$RunnableAdapter.call(Executors.java:515)
	at java.base/java.util.concurrent.FutureTask.run(FutureTask.java:264)
	at java.base/java.util.concurrent.ThreadPoolExecutor.runWorker(ThreadPoolExecutor.java:1128)
	at java.base/java.util.concurrent.ThreadPoolExecutor$Worker.run(ThreadPoolExecutor.java:628)
	... 1 more
java.util.concurrent.ExecutionException: jetbrains.exodus.ExodusException
	at java.base/java.util.concurrent.FutureTask.report(FutureTask.java:122)
	at java.base/java.util.concurrent.FutureTask.get(FutureTask.java:191)
	at jetbrains.exodus.newLogConcept.MVCC.MVCCDataStructure.commitTransaction(MVCCDataStructure.java:299)
	at site.ycsb.db.XodusClient.insert(XodusClient.java:60)
	at site.ycsb.DBWrapper.insert(DBWrapper.java:227)
	at site.ycsb.workloads.CoreWorkload.doInsert(CoreWorkload.java:621)
	at site.ycsb.ClientThread.run(ClientThread.java:135)
	at java.base/java.lang.Thread.run(Thread.java:829)
Caused by: jetbrains.exodus.ExodusException
	at jetbrains.exodus.newLogConcept.garbageCollector.OperationLogGarbageCollector.moveAndRemoveRecordsFromLog(OperationLogGarbageCollector.java:69)
	at jetbrains.exodus.newLogConcept.garbageCollector.OperationLogGarbageCollector.clean(OperationLogGarbageCollector.java:51)
	at jetbrains.exodus.newLogConcept.MVCC.MVCCDataStructure.lambda$commitTransaction$1(MVCCDataStructure.java:297)
	at java.base/java.util.concurrent.Executors$RunnableAdapter.call(Executors.java:515)
	at java.base/java.util.concurrent.FutureTask.run(FutureTask.java:264)
	at java.base/java.util.concurrent.ThreadPoolExecutor.runWorker(ThreadPoolExecutor.java:1128)
	at java.base/java.util.concurrent.ThreadPoolExecutor$Worker.run(ThreadPoolExecutor.java:628)
	... 1 more
java.util.concurrent.ExecutionException: jetbrains.exodus.ExodusException
	at java.base/java.util.concurrent.FutureTask.report(FutureTask.java:122)
	at java.base/java.util.concurrent.FutureTask.get(FutureTask.java:191)
	at jetbrains.exodus.newLogConcept.MVCC.MVCCDataStructure.commitTransaction(MVCCDataStructure.java:299)
	at site.ycsb.db.XodusClient.insert(XodusClient.java:60)
	at site.ycsb.DBWrapper.insert(DBWrapper.java:227)
	at site.ycsb.workloads.CoreWorkload.doInsert(CoreWorkload.java:621)
	at site.ycsb.ClientThread.run(ClientThread.java:135)
	at java.base/java.lang.Thread.run(Thread.java:829)
Caused by: jetbrains.exodus.ExodusException
	at jetbrains.exodus.newLogConcept.garbageCollector.OperationLogGarbageCollector.moveAndRemoveRecordsFromLog(OperationLogGarbageCollector.java:69)
	at jetbrains.exodus.newLogConcept.garbageCollector.OperationLogGarbageCollector.clean(OperationLogGarbageCollector.java:51)
	at jetbrains.exodus.newLogConcept.MVCC.MVCCDataStructure.lambda$commitTransaction$1(MVCCDataStructure.java:297)
	at java.base/java.util.concurrent.Executors$RunnableAdapter.call(Executors.java:515)
	at java.base/java.util.concurrent.FutureTask.run(FutureTask.java:264)
	at java.base/java.util.concurrent.ThreadPoolExecutor.runWorker(ThreadPoolExecutor.java:1128)
	at java.base/java.util.concurrent.ThreadPoolExecutor$Worker.run(ThreadPoolExecutor.java:628)
	... 1 more
java.util.concurrent.ExecutionException: jetbrains.exodus.ExodusException
	at java.base/java.util.concurrent.FutureTask.report(FutureTask.java:122)
	at java.base/java.util.concurrent.FutureTask.get(FutureTask.java:191)
	at jetbrains.exodus.newLogConcept.MVCC.MVCCDataStructure.commitTransaction(MVCCDataStructure.java:299)
	at site.ycsb.db.XodusClient.insert(XodusClient.java:60)
	at site.ycsb.DBWrapper.insert(DBWrapper.java:227)
	at site.ycsb.workloads.CoreWorkload.doInsert(CoreWorkload.java:621)
	at site.ycsb.ClientThread.run(ClientThread.java:135)
	at java.base/java.lang.Thread.run(Thread.java:829)
Caused by: jetbrains.exodus.ExodusException
	at jetbrains.exodus.newLogConcept.garbageCollector.OperationLogGarbageCollector.moveAndRemoveRecordsFromLog(OperationLogGarbageCollector.java:69)
	at jetbrains.exodus.newLogConcept.garbageCollector.OperationLogGarbageCollector.clean(OperationLogGarbageCollector.java:51)
	at jetbrains.exodus.newLogConcept.MVCC.MVCCDataStructure.lambda$commitTransaction$1(MVCCDataStructure.java:297)
	at java.base/java.util.concurrent.Executors$RunnableAdapter.call(Executors.java:515)
	at java.base/java.util.concurrent.FutureTask.run(FutureTask.java:264)
	at java.base/java.util.concurrent.ThreadPoolExecutor.runWorker(ThreadPoolExecutor.java:1128)
	at java.base/java.util.concurrent.ThreadPoolExecutor$Worker.run(ThreadPoolExecutor.java:628)
	... 1 more
java.util.concurrent.ExecutionException: jetbrains.exodus.ExodusException
	at java.base/java.util.concurrent.FutureTask.report(FutureTask.java:122)
	at java.base/java.util.concurrent.FutureTask.get(FutureTask.java:191)
	at jetbrains.exodus.newLogConcept.MVCC.MVCCDataStructure.commitTransaction(MVCCDataStructure.java:299)
	at site.ycsb.db.XodusClient.insert(XodusClient.java:60)
	at site.ycsb.DBWrapper.insert(DBWrapper.java:227)
	at site.ycsb.workloads.CoreWorkload.doInsert(CoreWorkload.java:621)
	at site.ycsb.ClientThread.run(ClientThread.java:135)
	at java.base/java.lang.Thread.run(Thread.java:829)
Caused by: jetbrains.exodus.ExodusException
	at jetbrains.exodus.newLogConcept.garbageCollector.OperationLogGarbageCollector.moveAndRemoveRecordsFromLog(OperationLogGarbageCollector.java:69)
	at jetbrains.exodus.newLogConcept.garbageCollector.OperationLogGarbageCollector.clean(OperationLogGarbageCollector.java:51)
	at jetbrains.exodus.newLogConcept.MVCC.MVCCDataStructure.lambda$commitTransaction$1(MVCCDataStructure.java:297)
	at java.base/java.util.concurrent.Executors$RunnableAdapter.call(Executors.java:515)
	at java.base/java.util.concurrent.FutureTask.run(FutureTask.java:264)
	at java.base/java.util.concurrent.ThreadPoolExecutor.runWorker(ThreadPoolExecutor.java:1128)
	at java.base/java.util.concurrent.ThreadPoolExecutor$Worker.run(ThreadPoolExecutor.java:628)
	... 1 more
java.util.concurrent.ExecutionException: jetbrains.exodus.ExodusException
	at java.base/java.util.concurrent.FutureTask.report(FutureTask.java:122)
	at java.base/java.util.concurrent.FutureTask.get(FutureTask.java:191)
	at jetbrains.exodus.newLogConcept.MVCC.MVCCDataStructure.commitTransaction(MVCCDataStructure.java:299)
	at site.ycsb.db.XodusClient.insert(XodusClient.java:60)
	at site.ycsb.DBWrapper.insert(DBWrapper.java:227)
	at site.ycsb.workloads.CoreWorkload.doInsert(CoreWorkload.java:621)
	at site.ycsb.ClientThread.run(ClientThread.java:135)
	at java.base/java.lang.Thread.run(Thread.java:829)
Caused by: jetbrains.exodus.ExodusException
	at jetbrains.exodus.newLogConcept.garbageCollector.OperationLogGarbageCollector.moveAndRemoveRecordsFromLog(OperationLogGarbageCollector.java:69)
	at jetbrains.exodus.newLogConcept.garbageCollector.OperationLogGarbageCollector.clean(OperationLogGarbageCollector.java:51)
	at jetbrains.exodus.newLogConcept.MVCC.MVCCDataStructure.lambda$commitTransaction$1(MVCCDataStructure.java:297)
	at java.base/java.util.concurrent.Executors$RunnableAdapter.call(Executors.java:515)
	at java.base/java.util.concurrent.FutureTask.run(FutureTask.java:264)
	at java.base/java.util.concurrent.ThreadPoolExecutor.runWorker(ThreadPoolExecutor.java:1128)
	at java.base/java.util.concurrent.ThreadPoolExecutor$Worker.run(ThreadPoolExecutor.java:628)
	... 1 more
java.util.concurrent.ExecutionException: jetbrains.exodus.ExodusException
	at java.base/java.util.concurrent.FutureTask.report(FutureTask.java:122)
	at java.base/java.util.concurrent.FutureTask.get(FutureTask.java:191)
	at jetbrains.exodus.newLogConcept.MVCC.MVCCDataStructure.commitTransaction(MVCCDataStructure.java:299)
	at site.ycsb.db.XodusClient.insert(XodusClient.java:60)
	at site.ycsb.DBWrapper.insert(DBWrapper.java:227)
	at site.ycsb.workloads.CoreWorkload.doInsert(CoreWorkload.java:621)
	at site.ycsb.ClientThread.run(ClientThread.java:135)
	at java.base/java.lang.Thread.run(Thread.java:829)
Caused by: jetbrains.exodus.ExodusException
	at jetbrains.exodus.newLogConcept.garbageCollector.OperationLogGarbageCollector.moveAndRemoveRecordsFromLog(OperationLogGarbageCollector.java:69)
	at jetbrains.exodus.newLogConcept.garbageCollector.OperationLogGarbageCollector.clean(OperationLogGarbageCollector.java:51)
	at jetbrains.exodus.newLogConcept.MVCC.MVCCDataStructure.lambda$commitTransaction$1(MVCCDataStructure.java:297)
	at java.base/java.util.concurrent.Executors$RunnableAdapter.call(Executors.java:515)
	at java.base/java.util.concurrent.FutureTask.run(FutureTask.java:264)
	at java.base/java.util.concurrent.ThreadPoolExecutor.runWorker(ThreadPoolExecutor.java:1128)
	at java.base/java.util.concurrent.ThreadPoolExecutor$Worker.run(ThreadPoolExecutor.java:628)
	... 1 more
java.util.concurrent.ExecutionException: jetbrains.exodus.ExodusException
	at java.base/java.util.concurrent.FutureTask.report(FutureTask.java:122)
	at java.base/java.util.concurrent.FutureTask.get(FutureTask.java:191)
	at jetbrains.exodus.newLogConcept.MVCC.MVCCDataStructure.commitTransaction(MVCCDataStructure.java:299)
	at site.ycsb.db.XodusClient.insert(XodusClient.java:60)
	at site.ycsb.DBWrapper.insert(DBWrapper.java:227)
	at site.ycsb.workloads.CoreWorkload.doInsert(CoreWorkload.java:621)
	at site.ycsb.ClientThread.run(ClientThread.java:135)
	at java.base/java.lang.Thread.run(Thread.java:829)
Caused by: jetbrains.exodus.ExodusException
	at jetbrains.exodus.newLogConcept.garbageCollector.OperationLogGarbageCollector.moveAndRemoveRecordsFromLog(OperationLogGarbageCollector.java:69)
	at jetbrains.exodus.newLogConcept.garbageCollector.OperationLogGarbageCollector.clean(OperationLogGarbageCollector.java:51)
	at jetbrains.exodus.newLogConcept.MVCC.MVCCDataStructure.lambda$commitTransaction$1(MVCCDataStructure.java:297)
	at java.base/java.util.concurrent.Executors$RunnableAdapter.call(Executors.java:515)
	at java.base/java.util.concurrent.FutureTask.run(FutureTask.java:264)
	at java.base/java.util.concurrent.ThreadPoolExecutor.runWorker(ThreadPoolExecutor.java:1128)
	at java.base/java.util.concurrent.ThreadPoolExecutor$Worker.run(ThreadPoolExecutor.java:628)
	... 1 more
java.util.concurrent.ExecutionException: jetbrains.exodus.ExodusException
	at java.base/java.util.concurrent.FutureTask.report(FutureTask.java:122)
	at java.base/java.util.concurrent.FutureTask.get(FutureTask.java:191)
	at jetbrains.exodus.newLogConcept.MVCC.MVCCDataStructure.commitTransaction(MVCCDataStructure.java:299)
	at site.ycsb.db.XodusClient.insert(XodusClient.java:60)
	at site.ycsb.DBWrapper.insert(DBWrapper.java:227)
	at site.ycsb.workloads.CoreWorkload.doInsert(CoreWorkload.java:621)
	at site.ycsb.ClientThread.run(ClientThread.java:135)
	at java.base/java.lang.Thread.run(Thread.java:829)
Caused by: jetbrains.exodus.ExodusException
	at jetbrains.exodus.newLogConcept.garbageCollector.OperationLogGarbageCollector.moveAndRemoveRecordsFromLog(OperationLogGarbageCollector.java:69)
	at jetbrains.exodus.newLogConcept.garbageCollector.OperationLogGarbageCollector.clean(OperationLogGarbageCollector.java:51)
	at jetbrains.exodus.newLogConcept.MVCC.MVCCDataStructure.lambda$commitTransaction$1(MVCCDataStructure.java:297)
	at java.base/java.util.concurrent.Executors$RunnableAdapter.call(Executors.java:515)
	at java.base/java.util.concurrent.FutureTask.run(FutureTask.java:264)
	at java.base/java.util.concurrent.ThreadPoolExecutor.runWorker(ThreadPoolExecutor.java:1128)
	at java.base/java.util.concurrent.ThreadPoolExecutor$Worker.run(ThreadPoolExecutor.java:628)
	... 1 more
java.util.concurrent.ExecutionException: jetbrains.exodus.ExodusException
	at java.base/java.util.concurrent.FutureTask.report(FutureTask.java:122)
	at java.base/java.util.concurrent.FutureTask.get(FutureTask.java:191)
	at jetbrains.exodus.newLogConcept.MVCC.MVCCDataStructure.commitTransaction(MVCCDataStructure.java:299)
	at site.ycsb.db.XodusClient.insert(XodusClient.java:60)
	at site.ycsb.DBWrapper.insert(DBWrapper.java:227)
	at site.ycsb.workloads.CoreWorkload.doInsert(CoreWorkload.java:621)
	at site.ycsb.ClientThread.run(ClientThread.java:135)
	at java.base/java.lang.Thread.run(Thread.java:829)
Caused by: jetbrains.exodus.ExodusException
	at jetbrains.exodus.newLogConcept.garbageCollector.OperationLogGarbageCollector.moveAndRemoveRecordsFromLog(OperationLogGarbageCollector.java:69)
	at jetbrains.exodus.newLogConcept.garbageCollector.OperationLogGarbageCollector.clean(OperationLogGarbageCollector.java:51)
	at jetbrains.exodus.newLogConcept.MVCC.MVCCDataStructure.lambda$commitTransaction$1(MVCCDataStructure.java:297)
	at java.base/java.util.concurrent.Executors$RunnableAdapter.call(Executors.java:515)
	at java.base/java.util.concurrent.FutureTask.run(FutureTask.java:264)
	at java.base/java.util.concurrent.ThreadPoolExecutor.runWorker(ThreadPoolExecutor.java:1128)
	at java.base/java.util.concurrent.ThreadPoolExecutor$Worker.run(ThreadPoolExecutor.java:628)
	... 1 more
java.util.concurrent.ExecutionException: jetbrains.exodus.ExodusException
	at java.base/java.util.concurrent.FutureTask.report(FutureTask.java:122)
	at java.base/java.util.concurrent.FutureTask.get(FutureTask.java:191)
	at jetbrains.exodus.newLogConcept.MVCC.MVCCDataStructure.commitTransaction(MVCCDataStructure.java:299)
	at site.ycsb.db.XodusClient.insert(XodusClient.java:60)
	at site.ycsb.DBWrapper.insert(DBWrapper.java:227)
	at site.ycsb.workloads.CoreWorkload.doInsert(CoreWorkload.java:621)
	at site.ycsb.ClientThread.run(ClientThread.java:135)
	at java.base/java.lang.Thread.run(Thread.java:829)
Caused by: jetbrains.exodus.ExodusException
	at jetbrains.exodus.newLogConcept.garbageCollector.OperationLogGarbageCollector.moveAndRemoveRecordsFromLog(OperationLogGarbageCollector.java:69)
	at jetbrains.exodus.newLogConcept.garbageCollector.OperationLogGarbageCollector.clean(OperationLogGarbageCollector.java:51)
	at jetbrains.exodus.newLogConcept.MVCC.MVCCDataStructure.lambda$commitTransaction$1(MVCCDataStructure.java:297)
	at java.base/java.util.concurrent.Executors$RunnableAdapter.call(Executors.java:515)
	at java.base/java.util.concurrent.FutureTask.run(FutureTask.java:264)
	at java.base/java.util.concurrent.ThreadPoolExecutor.runWorker(ThreadPoolExecutor.java:1128)
	at java.base/java.util.concurrent.ThreadPoolExecutor$Worker.run(ThreadPoolExecutor.java:628)
	... 1 more
java.util.concurrent.ExecutionException: jetbrains.exodus.ExodusException
	at java.base/java.util.concurrent.FutureTask.report(FutureTask.java:122)
	at java.base/java.util.concurrent.FutureTask.get(FutureTask.java:191)
	at jetbrains.exodus.newLogConcept.MVCC.MVCCDataStructure.commitTransaction(MVCCDataStructure.java:299)
	at site.ycsb.db.XodusClient.insert(XodusClient.java:60)
	at site.ycsb.DBWrapper.insert(DBWrapper.java:227)
	at site.ycsb.workloads.CoreWorkload.doInsert(CoreWorkload.java:621)
	at site.ycsb.ClientThread.run(ClientThread.java:135)
	at java.base/java.lang.Thread.run(Thread.java:829)
Caused by: jetbrains.exodus.ExodusException
	at jetbrains.exodus.newLogConcept.garbageCollector.OperationLogGarbageCollector.moveAndRemoveRecordsFromLog(OperationLogGarbageCollector.java:69)
	at jetbrains.exodus.newLogConcept.garbageCollector.OperationLogGarbageCollector.clean(OperationLogGarbageCollector.java:51)
	at jetbrains.exodus.newLogConcept.MVCC.MVCCDataStructure.lambda$commitTransaction$1(MVCCDataStructure.java:297)
	at java.base/java.util.concurrent.Executors$RunnableAdapter.call(Executors.java:515)
	at java.base/java.util.concurrent.FutureTask.run(FutureTask.java:264)
	at java.base/java.util.concurrent.ThreadPoolExecutor.runWorker(ThreadPoolExecutor.java:1128)
	at java.base/java.util.concurrent.ThreadPoolExecutor$Worker.run(ThreadPoolExecutor.java:628)
	... 1 more
java.util.concurrent.ExecutionException: jetbrains.exodus.ExodusException
	at java.base/java.util.concurrent.FutureTask.report(FutureTask.java:122)
	at java.base/java.util.concurrent.FutureTask.get(FutureTask.java:191)
	at jetbrains.exodus.newLogConcept.MVCC.MVCCDataStructure.commitTransaction(MVCCDataStructure.java:299)
	at site.ycsb.db.XodusClient.insert(XodusClient.java:60)
	at site.ycsb.DBWrapper.insert(DBWrapper.java:227)
	at site.ycsb.workloads.CoreWorkload.doInsert(CoreWorkload.java:621)
	at site.ycsb.ClientThread.run(ClientThread.java:135)
	at java.base/java.lang.Thread.run(Thread.java:829)
Caused by: jetbrains.exodus.ExodusException
	at jetbrains.exodus.newLogConcept.garbageCollector.OperationLogGarbageCollector.moveAndRemoveRecordsFromLog(OperationLogGarbageCollector.java:69)
	at jetbrains.exodus.newLogConcept.garbageCollector.OperationLogGarbageCollector.clean(OperationLogGarbageCollector.java:51)
	at jetbrains.exodus.newLogConcept.MVCC.MVCCDataStructure.lambda$commitTransaction$1(MVCCDataStructure.java:297)
	at java.base/java.util.concurrent.Executors$RunnableAdapter.call(Executors.java:515)
	at java.base/java.util.concurrent.FutureTask.run(FutureTask.java:264)
	at java.base/java.util.concurrent.ThreadPoolExecutor.runWorker(ThreadPoolExecutor.java:1128)
	at java.base/java.util.concurrent.ThreadPoolExecutor$Worker.run(ThreadPoolExecutor.java:628)
	... 1 more
java.util.concurrent.ExecutionException: jetbrains.exodus.ExodusException
	at java.base/java.util.concurrent.FutureTask.report(FutureTask.java:122)
	at java.base/java.util.concurrent.FutureTask.get(FutureTask.java:191)
	at jetbrains.exodus.newLogConcept.MVCC.MVCCDataStructure.commitTransaction(MVCCDataStructure.java:299)
	at site.ycsb.db.XodusClient.insert(XodusClient.java:60)
	at site.ycsb.DBWrapper.insert(DBWrapper.java:227)
	at site.ycsb.workloads.CoreWorkload.doInsert(CoreWorkload.java:621)
	at site.ycsb.ClientThread.run(ClientThread.java:135)
	at java.base/java.lang.Thread.run(Thread.java:829)
Caused by: jetbrains.exodus.ExodusException
	at jetbrains.exodus.newLogConcept.garbageCollector.OperationLogGarbageCollector.moveAndRemoveRecordsFromLog(OperationLogGarbageCollector.java:69)
	at jetbrains.exodus.newLogConcept.garbageCollector.OperationLogGarbageCollector.clean(OperationLogGarbageCollector.java:51)
	at jetbrains.exodus.newLogConcept.MVCC.MVCCDataStructure.lambda$commitTransaction$1(MVCCDataStructure.java:297)
	at java.base/java.util.concurrent.Executors$RunnableAdapter.call(Executors.java:515)
	at java.base/java.util.concurrent.FutureTask.run(FutureTask.java:264)
	at java.base/java.util.concurrent.ThreadPoolExecutor.runWorker(ThreadPoolExecutor.java:1128)
	at java.base/java.util.concurrent.ThreadPoolExecutor$Worker.run(ThreadPoolExecutor.java:628)
	... 1 more
java.util.concurrent.ExecutionException: jetbrains.exodus.ExodusException
	at java.base/java.util.concurrent.FutureTask.report(FutureTask.java:122)
	at java.base/java.util.concurrent.FutureTask.get(FutureTask.java:191)
	at jetbrains.exodus.newLogConcept.MVCC.MVCCDataStructure.commitTransaction(MVCCDataStructure.java:299)
	at site.ycsb.db.XodusClient.insert(XodusClient.java:60)
	at site.ycsb.DBWrapper.insert(DBWrapper.java:227)
	at site.ycsb.workloads.CoreWorkload.doInsert(CoreWorkload.java:621)
	at site.ycsb.ClientThread.run(ClientThread.java:135)
	at java.base/java.lang.Thread.run(Thread.java:829)
Caused by: jetbrains.exodus.ExodusException
	at jetbrains.exodus.newLogConcept.garbageCollector.OperationLogGarbageCollector.moveAndRemoveRecordsFromLog(OperationLogGarbageCollector.java:69)
	at jetbrains.exodus.newLogConcept.garbageCollector.OperationLogGarbageCollector.clean(OperationLogGarbageCollector.java:51)
	at jetbrains.exodus.newLogConcept.MVCC.MVCCDataStructure.lambda$commitTransaction$1(MVCCDataStructure.java:297)
	at java.base/java.util.concurrent.Executors$RunnableAdapter.call(Executors.java:515)
	at java.base/java.util.concurrent.FutureTask.run(FutureTask.java:264)
	at java.base/java.util.concurrent.ThreadPoolExecutor.runWorker(ThreadPoolExecutor.java:1128)
	at java.base/java.util.concurrent.ThreadPoolExecutor$Worker.run(ThreadPoolExecutor.java:628)
	... 1 more
java.util.concurrent.ExecutionException: jetbrains.exodus.ExodusException
	at java.base/java.util.concurrent.FutureTask.report(FutureTask.java:122)
	at java.base/java.util.concurrent.FutureTask.get(FutureTask.java:191)
	at jetbrains.exodus.newLogConcept.MVCC.MVCCDataStructure.commitTransaction(MVCCDataStructure.java:299)
	at site.ycsb.db.XodusClient.insert(XodusClient.java:60)
	at site.ycsb.DBWrapper.insert(DBWrapper.java:227)
	at site.ycsb.workloads.CoreWorkload.doInsert(CoreWorkload.java:621)
	at site.ycsb.ClientThread.run(ClientThread.java:135)
	at java.base/java.lang.Thread.run(Thread.java:829)
Caused by: jetbrains.exodus.ExodusException
	at jetbrains.exodus.newLogConcept.garbageCollector.OperationLogGarbageCollector.moveAndRemoveRecordsFromLog(OperationLogGarbageCollector.java:69)
	at jetbrains.exodus.newLogConcept.garbageCollector.OperationLogGarbageCollector.clean(OperationLogGarbageCollector.java:51)
	at jetbrains.exodus.newLogConcept.MVCC.MVCCDataStructure.lambda$commitTransaction$1(MVCCDataStructure.java:297)
	at java.base/java.util.concurrent.Executors$RunnableAdapter.call(Executors.java:515)
	at java.base/java.util.concurrent.FutureTask.run(FutureTask.java:264)
	at java.base/java.util.concurrent.ThreadPoolExecutor.runWorker(ThreadPoolExecutor.java:1128)
	at java.base/java.util.concurrent.ThreadPoolExecutor$Worker.run(ThreadPoolExecutor.java:628)
	... 1 more
java.util.concurrent.ExecutionException: jetbrains.exodus.ExodusException
	at java.base/java.util.concurrent.FutureTask.report(FutureTask.java:122)
	at java.base/java.util.concurrent.FutureTask.get(FutureTask.java:191)
	at jetbrains.exodus.newLogConcept.MVCC.MVCCDataStructure.commitTransaction(MVCCDataStructure.java:299)
	at site.ycsb.db.XodusClient.insert(XodusClient.java:60)
	at site.ycsb.DBWrapper.insert(DBWrapper.java:227)
	at site.ycsb.workloads.CoreWorkload.doInsert(CoreWorkload.java:621)
	at site.ycsb.ClientThread.run(ClientThread.java:135)
	at java.base/java.lang.Thread.run(Thread.java:829)
Caused by: jetbrains.exodus.ExodusException
	at jetbrains.exodus.newLogConcept.garbageCollector.OperationLogGarbageCollector.moveAndRemoveRecordsFromLog(OperationLogGarbageCollector.java:69)
	at jetbrains.exodus.newLogConcept.garbageCollector.OperationLogGarbageCollector.clean(OperationLogGarbageCollector.java:51)
	at jetbrains.exodus.newLogConcept.MVCC.MVCCDataStructure.lambda$commitTransaction$1(MVCCDataStructure.java:297)
	at java.base/java.util.concurrent.Executors$RunnableAdapter.call(Executors.java:515)
	at java.base/java.util.concurrent.FutureTask.run(FutureTask.java:264)
	at java.base/java.util.concurrent.ThreadPoolExecutor.runWorker(ThreadPoolExecutor.java:1128)
	at java.base/java.util.concurrent.ThreadPoolExecutor$Worker.run(ThreadPoolExecutor.java:628)
	... 1 more
java.util.concurrent.ExecutionException: jetbrains.exodus.ExodusException
	at java.base/java.util.concurrent.FutureTask.report(FutureTask.java:122)
	at java.base/java.util.concurrent.FutureTask.get(FutureTask.java:191)
	at jetbrains.exodus.newLogConcept.MVCC.MVCCDataStructure.commitTransaction(MVCCDataStructure.java:299)
	at site.ycsb.db.XodusClient.insert(XodusClient.java:60)
	at site.ycsb.DBWrapper.insert(DBWrapper.java:227)
	at site.ycsb.workloads.CoreWorkload.doInsert(CoreWorkload.java:621)
	at site.ycsb.ClientThread.run(ClientThread.java:135)
	at java.base/java.lang.Thread.run(Thread.java:829)
Caused by: jetbrains.exodus.ExodusException
	at jetbrains.exodus.newLogConcept.garbageCollector.OperationLogGarbageCollector.moveAndRemoveRecordsFromLog(OperationLogGarbageCollector.java:69)
	at jetbrains.exodus.newLogConcept.garbageCollector.OperationLogGarbageCollector.clean(OperationLogGarbageCollector.java:51)
	at jetbrains.exodus.newLogConcept.MVCC.MVCCDataStructure.lambda$commitTransaction$1(MVCCDataStructure.java:297)
	at java.base/java.util.concurrent.Executors$RunnableAdapter.call(Executors.java:515)
	at java.base/java.util.concurrent.FutureTask.run(FutureTask.java:264)
	at java.base/java.util.concurrent.ThreadPoolExecutor.runWorker(ThreadPoolExecutor.java:1128)
	at java.base/java.util.concurrent.ThreadPoolExecutor$Worker.run(ThreadPoolExecutor.java:628)
	... 1 more
java.util.concurrent.ExecutionException: jetbrains.exodus.ExodusException
	at java.base/java.util.concurrent.FutureTask.report(FutureTask.java:122)
	at java.base/java.util.concurrent.FutureTask.get(FutureTask.java:191)
	at jetbrains.exodus.newLogConcept.MVCC.MVCCDataStructure.commitTransaction(MVCCDataStructure.java:299)
	at site.ycsb.db.XodusClient.insert(XodusClient.java:60)
	at site.ycsb.DBWrapper.insert(DBWrapper.java:227)
	at site.ycsb.workloads.CoreWorkload.doInsert(CoreWorkload.java:621)
	at site.ycsb.ClientThread.run(ClientThread.java:135)
	at java.base/java.lang.Thread.run(Thread.java:829)
Caused by: jetbrains.exodus.ExodusException
	at jetbrains.exodus.newLogConcept.garbageCollector.OperationLogGarbageCollector.moveAndRemoveRecordsFromLog(OperationLogGarbageCollector.java:69)
	at jetbrains.exodus.newLogConcept.garbageCollector.OperationLogGarbageCollector.clean(OperationLogGarbageCollector.java:51)
	at jetbrains.exodus.newLogConcept.MVCC.MVCCDataStructure.lambda$commitTransaction$1(MVCCDataStructure.java:297)
	at java.base/java.util.concurrent.Executors$RunnableAdapter.call(Executors.java:515)
	at java.base/java.util.concurrent.FutureTask.run(FutureTask.java:264)
	at java.base/java.util.concurrent.ThreadPoolExecutor.runWorker(ThreadPoolExecutor.java:1128)
	at java.base/java.util.concurrent.ThreadPoolExecutor$Worker.run(ThreadPoolExecutor.java:628)
	... 1 more
java.util.concurrent.ExecutionException: jetbrains.exodus.ExodusException
	at java.base/java.util.concurrent.FutureTask.report(FutureTask.java:122)
	at java.base/java.util.concurrent.FutureTask.get(FutureTask.java:191)
	at jetbrains.exodus.newLogConcept.MVCC.MVCCDataStructure.commitTransaction(MVCCDataStructure.java:299)
	at site.ycsb.db.XodusClient.insert(XodusClient.java:60)
	at site.ycsb.DBWrapper.insert(DBWrapper.java:227)
	at site.ycsb.workloads.CoreWorkload.doInsert(CoreWorkload.java:621)
	at site.ycsb.ClientThread.run(ClientThread.java:135)
	at java.base/java.lang.Thread.run(Thread.java:829)
Caused by: jetbrains.exodus.ExodusException
	at jetbrains.exodus.newLogConcept.garbageCollector.OperationLogGarbageCollector.moveAndRemoveRecordsFromLog(OperationLogGarbageCollector.java:69)
	at jetbrains.exodus.newLogConcept.garbageCollector.OperationLogGarbageCollector.clean(OperationLogGarbageCollector.java:51)
	at jetbrains.exodus.newLogConcept.MVCC.MVCCDataStructure.lambda$commitTransaction$1(MVCCDataStructure.java:297)
	at java.base/java.util.concurrent.Executors$RunnableAdapter.call(Executors.java:515)
	at java.base/java.util.concurrent.FutureTask.run(FutureTask.java:264)
	at java.base/java.util.concurrent.ThreadPoolExecutor.runWorker(ThreadPoolExecutor.java:1128)
	at java.base/java.util.concurrent.ThreadPoolExecutor$Worker.run(ThreadPoolExecutor.java:628)
	... 1 more
java.util.concurrent.ExecutionException: jetbrains.exodus.ExodusException
	at java.base/java.util.concurrent.FutureTask.report(FutureTask.java:122)
	at java.base/java.util.concurrent.FutureTask.get(FutureTask.java:191)
	at jetbrains.exodus.newLogConcept.MVCC.MVCCDataStructure.commitTransaction(MVCCDataStructure.java:299)
	at site.ycsb.db.XodusClient.insert(XodusClient.java:60)
	at site.ycsb.DBWrapper.insert(DBWrapper.java:227)
	at site.ycsb.workloads.CoreWorkload.doInsert(CoreWorkload.java:621)
	at site.ycsb.ClientThread.run(ClientThread.java:135)
	at java.base/java.lang.Thread.run(Thread.java:829)
Caused by: jetbrains.exodus.ExodusException
	at jetbrains.exodus.newLogConcept.garbageCollector.OperationLogGarbageCollector.moveAndRemoveRecordsFromLog(OperationLogGarbageCollector.java:69)
	at jetbrains.exodus.newLogConcept.garbageCollector.OperationLogGarbageCollector.clean(OperationLogGarbageCollector.java:51)
	at jetbrains.exodus.newLogConcept.MVCC.MVCCDataStructure.lambda$commitTransaction$1(MVCCDataStructure.java:297)
	at java.base/java.util.concurrent.Executors$RunnableAdapter.call(Executors.java:515)
	at java.base/java.util.concurrent.FutureTask.run(FutureTask.java:264)
	at java.base/java.util.concurrent.ThreadPoolExecutor.runWorker(ThreadPoolExecutor.java:1128)
	at java.base/java.util.concurrent.ThreadPoolExecutor$Worker.run(ThreadPoolExecutor.java:628)
	... 1 more
java.util.concurrent.ExecutionException: jetbrains.exodus.ExodusException
	at java.base/java.util.concurrent.FutureTask.report(FutureTask.java:122)
	at java.base/java.util.concurrent.FutureTask.get(FutureTask.java:191)
	at jetbrains.exodus.newLogConcept.MVCC.MVCCDataStructure.commitTransaction(MVCCDataStructure.java:299)
	at site.ycsb.db.XodusClient.insert(XodusClient.java:60)
	at site.ycsb.DBWrapper.insert(DBWrapper.java:227)
	at site.ycsb.workloads.CoreWorkload.doInsert(CoreWorkload.java:621)
	at site.ycsb.ClientThread.run(ClientThread.java:135)
	at java.base/java.lang.Thread.run(Thread.java:829)
Caused by: jetbrains.exodus.ExodusException
	at jetbrains.exodus.newLogConcept.garbageCollector.OperationLogGarbageCollector.moveAndRemoveRecordsFromLog(OperationLogGarbageCollector.java:69)
	at jetbrains.exodus.newLogConcept.garbageCollector.OperationLogGarbageCollector.clean(OperationLogGarbageCollector.java:51)
	at jetbrains.exodus.newLogConcept.MVCC.MVCCDataStructure.lambda$commitTransaction$1(MVCCDataStructure.java:297)
	at java.base/java.util.concurrent.Executors$RunnableAdapter.call(Executors.java:515)
	at java.base/java.util.concurrent.FutureTask.run(FutureTask.java:264)
	at java.base/java.util.concurrent.ThreadPoolExecutor.runWorker(ThreadPoolExecutor.java:1128)
	at java.base/java.util.concurrent.ThreadPoolExecutor$Worker.run(ThreadPoolExecutor.java:628)
	... 1 more
java.util.concurrent.ExecutionException: jetbrains.exodus.ExodusException
	at java.base/java.util.concurrent.FutureTask.report(FutureTask.java:122)
	at java.base/java.util.concurrent.FutureTask.get(FutureTask.java:191)
	at jetbrains.exodus.newLogConcept.MVCC.MVCCDataStructure.commitTransaction(MVCCDataStructure.java:299)
	at site.ycsb.db.XodusClient.insert(XodusClient.java:60)
	at site.ycsb.DBWrapper.insert(DBWrapper.java:227)
	at site.ycsb.workloads.CoreWorkload.doInsert(CoreWorkload.java:621)
	at site.ycsb.ClientThread.run(ClientThread.java:135)
	at java.base/java.lang.Thread.run(Thread.java:829)
Caused by: jetbrains.exodus.ExodusException
	at jetbrains.exodus.newLogConcept.garbageCollector.OperationLogGarbageCollector.moveAndRemoveRecordsFromLog(OperationLogGarbageCollector.java:69)
	at jetbrains.exodus.newLogConcept.garbageCollector.OperationLogGarbageCollector.clean(OperationLogGarbageCollector.java:51)
	at jetbrains.exodus.newLogConcept.MVCC.MVCCDataStructure.lambda$commitTransaction$1(MVCCDataStructure.java:297)
	at java.base/java.util.concurrent.Executors$RunnableAdapter.call(Executors.java:515)
	at java.base/java.util.concurrent.FutureTask.run(FutureTask.java:264)
	at java.base/java.util.concurrent.ThreadPoolExecutor.runWorker(ThreadPoolExecutor.java:1128)
	at java.base/java.util.concurrent.ThreadPoolExecutor$Worker.run(ThreadPoolExecutor.java:628)
	... 1 more
java.util.concurrent.ExecutionException: jetbrains.exodus.ExodusException
	at java.base/java.util.concurrent.FutureTask.report(FutureTask.java:122)
	at java.base/java.util.concurrent.FutureTask.get(FutureTask.java:191)
	at jetbrains.exodus.newLogConcept.MVCC.MVCCDataStructure.commitTransaction(MVCCDataStructure.java:299)
	at site.ycsb.db.XodusClient.insert(XodusClient.java:60)
	at site.ycsb.DBWrapper.insert(DBWrapper.java:227)
	at site.ycsb.workloads.CoreWorkload.doInsert(CoreWorkload.java:621)
	at site.ycsb.ClientThread.run(ClientThread.java:135)
	at java.base/java.lang.Thread.run(Thread.java:829)
Caused by: jetbrains.exodus.ExodusException
	at jetbrains.exodus.newLogConcept.garbageCollector.OperationLogGarbageCollector.moveAndRemoveRecordsFromLog(OperationLogGarbageCollector.java:69)
	at jetbrains.exodus.newLogConcept.garbageCollector.OperationLogGarbageCollector.clean(OperationLogGarbageCollector.java:51)
	at jetbrains.exodus.newLogConcept.MVCC.MVCCDataStructure.lambda$commitTransaction$1(MVCCDataStructure.java:297)
	at java.base/java.util.concurrent.Executors$RunnableAdapter.call(Executors.java:515)
	at java.base/java.util.concurrent.FutureTask.run(FutureTask.java:264)
	at java.base/java.util.concurrent.ThreadPoolExecutor.runWorker(ThreadPoolExecutor.java:1128)
	at java.base/java.util.concurrent.ThreadPoolExecutor$Worker.run(ThreadPoolExecutor.java:628)
	... 1 more
java.util.concurrent.ExecutionException: jetbrains.exodus.ExodusException
	at java.base/java.util.concurrent.FutureTask.report(FutureTask.java:122)
	at java.base/java.util.concurrent.FutureTask.get(FutureTask.java:191)
	at jetbrains.exodus.newLogConcept.MVCC.MVCCDataStructure.commitTransaction(MVCCDataStructure.java:299)
	at site.ycsb.db.XodusClient.insert(XodusClient.java:60)
	at site.ycsb.DBWrapper.insert(DBWrapper.java:227)
	at site.ycsb.workloads.CoreWorkload.doInsert(CoreWorkload.java:621)
	at site.ycsb.ClientThread.run(ClientThread.java:135)
	at java.base/java.lang.Thread.run(Thread.java:829)
Caused by: jetbrains.exodus.ExodusException
	at jetbrains.exodus.newLogConcept.garbageCollector.OperationLogGarbageCollector.moveAndRemoveRecordsFromLog(OperationLogGarbageCollector.java:69)
	at jetbrains.exodus.newLogConcept.garbageCollector.OperationLogGarbageCollector.clean(OperationLogGarbageCollector.java:51)
	at jetbrains.exodus.newLogConcept.MVCC.MVCCDataStructure.lambda$commitTransaction$1(MVCCDataStructure.java:297)
	at java.base/java.util.concurrent.Executors$RunnableAdapter.call(Executors.java:515)
	at java.base/java.util.concurrent.FutureTask.run(FutureTask.java:264)
	at java.base/java.util.concurrent.ThreadPoolExecutor.runWorker(ThreadPoolExecutor.java:1128)
	at java.base/java.util.concurrent.ThreadPoolExecutor$Worker.run(ThreadPoolExecutor.java:628)
	... 1 more
java.util.concurrent.ExecutionException: jetbrains.exodus.ExodusException
	at java.base/java.util.concurrent.FutureTask.report(FutureTask.java:122)
	at java.base/java.util.concurrent.FutureTask.get(FutureTask.java:191)
	at jetbrains.exodus.newLogConcept.MVCC.MVCCDataStructure.commitTransaction(MVCCDataStructure.java:299)
	at site.ycsb.db.XodusClient.insert(XodusClient.java:60)
	at site.ycsb.DBWrapper.insert(DBWrapper.java:227)
	at site.ycsb.workloads.CoreWorkload.doInsert(CoreWorkload.java:621)
	at site.ycsb.ClientThread.run(ClientThread.java:135)
	at java.base/java.lang.Thread.run(Thread.java:829)
Caused by: jetbrains.exodus.ExodusException
	at jetbrains.exodus.newLogConcept.garbageCollector.OperationLogGarbageCollector.moveAndRemoveRecordsFromLog(OperationLogGarbageCollector.java:69)
	at jetbrains.exodus.newLogConcept.garbageCollector.OperationLogGarbageCollector.clean(OperationLogGarbageCollector.java:51)
	at jetbrains.exodus.newLogConcept.MVCC.MVCCDataStructure.lambda$commitTransaction$1(MVCCDataStructure.java:297)
	at java.base/java.util.concurrent.Executors$RunnableAdapter.call(Executors.java:515)
	at java.base/java.util.concurrent.FutureTask.run(FutureTask.java:264)
	at java.base/java.util.concurrent.ThreadPoolExecutor.runWorker(ThreadPoolExecutor.java:1128)
	at java.base/java.util.concurrent.ThreadPoolExecutor$Worker.run(ThreadPoolExecutor.java:628)
	... 1 more
java.util.concurrent.ExecutionException: jetbrains.exodus.ExodusException
	at java.base/java.util.concurrent.FutureTask.report(FutureTask.java:122)
	at java.base/java.util.concurrent.FutureTask.get(FutureTask.java:191)
	at jetbrains.exodus.newLogConcept.MVCC.MVCCDataStructure.commitTransaction(MVCCDataStructure.java:299)
	at site.ycsb.db.XodusClient.insert(XodusClient.java:60)
	at site.ycsb.DBWrapper.insert(DBWrapper.java:227)
	at site.ycsb.workloads.CoreWorkload.doInsert(CoreWorkload.java:621)
	at site.ycsb.ClientThread.run(ClientThread.java:135)
	at java.base/java.lang.Thread.run(Thread.java:829)
Caused by: jetbrains.exodus.ExodusException
	at jetbrains.exodus.newLogConcept.garbageCollector.OperationLogGarbageCollector.moveAndRemoveRecordsFromLog(OperationLogGarbageCollector.java:69)
	at jetbrains.exodus.newLogConcept.garbageCollector.OperationLogGarbageCollector.clean(OperationLogGarbageCollector.java:51)
	at jetbrains.exodus.newLogConcept.MVCC.MVCCDataStructure.lambda$commitTransaction$1(MVCCDataStructure.java:297)
	at java.base/java.util.concurrent.Executors$RunnableAdapter.call(Executors.java:515)
	at java.base/java.util.concurrent.FutureTask.run(FutureTask.java:264)
	at java.base/java.util.concurrent.ThreadPoolExecutor.runWorker(ThreadPoolExecutor.java:1128)
	at java.base/java.util.concurrent.ThreadPoolExecutor$Worker.run(ThreadPoolExecutor.java:628)
	... 1 more
java.util.concurrent.ExecutionException: jetbrains.exodus.ExodusException
	at java.base/java.util.concurrent.FutureTask.report(FutureTask.java:122)
	at java.base/java.util.concurrent.FutureTask.get(FutureTask.java:191)
	at jetbrains.exodus.newLogConcept.MVCC.MVCCDataStructure.commitTransaction(MVCCDataStructure.java:299)
	at site.ycsb.db.XodusClient.insert(XodusClient.java:60)
	at site.ycsb.DBWrapper.insert(DBWrapper.java:227)
	at site.ycsb.workloads.CoreWorkload.doInsert(CoreWorkload.java:621)
	at site.ycsb.ClientThread.run(ClientThread.java:135)
	at java.base/java.lang.Thread.run(Thread.java:829)
Caused by: jetbrains.exodus.ExodusException
	at jetbrains.exodus.newLogConcept.garbageCollector.OperationLogGarbageCollector.moveAndRemoveRecordsFromLog(OperationLogGarbageCollector.java:69)
	at jetbrains.exodus.newLogConcept.garbageCollector.OperationLogGarbageCollector.clean(OperationLogGarbageCollector.java:51)
	at jetbrains.exodus.newLogConcept.MVCC.MVCCDataStructure.lambda$commitTransaction$1(MVCCDataStructure.java:297)
	at java.base/java.util.concurrent.Executors$RunnableAdapter.call(Executors.java:515)
	at java.base/java.util.concurrent.FutureTask.run(FutureTask.java:264)
	at java.base/java.util.concurrent.ThreadPoolExecutor.runWorker(ThreadPoolExecutor.java:1128)
	at java.base/java.util.concurrent.ThreadPoolExecutor$Worker.run(ThreadPoolExecutor.java:628)
	... 1 more
java.util.concurrent.ExecutionException: jetbrains.exodus.ExodusException
	at java.base/java.util.concurrent.FutureTask.report(FutureTask.java:122)
	at java.base/java.util.concurrent.FutureTask.get(FutureTask.java:191)
	at jetbrains.exodus.newLogConcept.MVCC.MVCCDataStructure.commitTransaction(MVCCDataStructure.java:299)
	at site.ycsb.db.XodusClient.insert(XodusClient.java:60)
	at site.ycsb.DBWrapper.insert(DBWrapper.java:227)
	at site.ycsb.workloads.CoreWorkload.doInsert(CoreWorkload.java:621)
	at site.ycsb.ClientThread.run(ClientThread.java:135)
	at java.base/java.lang.Thread.run(Thread.java:829)
Caused by: jetbrains.exodus.ExodusException
	at jetbrains.exodus.newLogConcept.garbageCollector.OperationLogGarbageCollector.moveAndRemoveRecordsFromLog(OperationLogGarbageCollector.java:69)
	at jetbrains.exodus.newLogConcept.garbageCollector.OperationLogGarbageCollector.clean(OperationLogGarbageCollector.java:51)
	at jetbrains.exodus.newLogConcept.MVCC.MVCCDataStructure.lambda$commitTransaction$1(MVCCDataStructure.java:297)
	at java.base/java.util.concurrent.Executors$RunnableAdapter.call(Executors.java:515)
	at java.base/java.util.concurrent.FutureTask.run(FutureTask.java:264)
	at java.base/java.util.concurrent.ThreadPoolExecutor.runWorker(ThreadPoolExecutor.java:1128)
	at java.base/java.util.concurrent.ThreadPoolExecutor$Worker.run(ThreadPoolExecutor.java:628)
	... 1 more
java.util.concurrent.ExecutionException: jetbrains.exodus.ExodusException
	at java.base/java.util.concurrent.FutureTask.report(FutureTask.java:122)
	at java.base/java.util.concurrent.FutureTask.get(FutureTask.java:191)
	at jetbrains.exodus.newLogConcept.MVCC.MVCCDataStructure.commitTransaction(MVCCDataStructure.java:299)
	at site.ycsb.db.XodusClient.insert(XodusClient.java:60)
	at site.ycsb.DBWrapper.insert(DBWrapper.java:227)
	at site.ycsb.workloads.CoreWorkload.doInsert(CoreWorkload.java:621)
	at site.ycsb.ClientThread.run(ClientThread.java:135)
	at java.base/java.lang.Thread.run(Thread.java:829)
Caused by: jetbrains.exodus.ExodusException
	at jetbrains.exodus.newLogConcept.garbageCollector.OperationLogGarbageCollector.moveAndRemoveRecordsFromLog(OperationLogGarbageCollector.java:69)
	at jetbrains.exodus.newLogConcept.garbageCollector.OperationLogGarbageCollector.clean(OperationLogGarbageCollector.java:51)
	at jetbrains.exodus.newLogConcept.MVCC.MVCCDataStructure.lambda$commitTransaction$1(MVCCDataStructure.java:297)
	at java.base/java.util.concurrent.Executors$RunnableAdapter.call(Executors.java:515)
	at java.base/java.util.concurrent.FutureTask.run(FutureTask.java:264)
	at java.base/java.util.concurrent.ThreadPoolExecutor.runWorker(ThreadPoolExecutor.java:1128)
	at java.base/java.util.concurrent.ThreadPoolExecutor$Worker.run(ThreadPoolExecutor.java:628)
	... 1 more
java.util.concurrent.ExecutionException: jetbrains.exodus.ExodusException
	at java.base/java.util.concurrent.FutureTask.report(FutureTask.java:122)
	at java.base/java.util.concurrent.FutureTask.get(FutureTask.java:191)
	at jetbrains.exodus.newLogConcept.MVCC.MVCCDataStructure.commitTransaction(MVCCDataStructure.java:299)
	at site.ycsb.db.XodusClient.insert(XodusClient.java:60)
	at site.ycsb.DBWrapper.insert(DBWrapper.java:227)
	at site.ycsb.workloads.CoreWorkload.doInsert(CoreWorkload.java:621)
	at site.ycsb.ClientThread.run(ClientThread.java:135)
	at java.base/java.lang.Thread.run(Thread.java:829)
Caused by: jetbrains.exodus.ExodusException
	at jetbrains.exodus.newLogConcept.garbageCollector.OperationLogGarbageCollector.moveAndRemoveRecordsFromLog(OperationLogGarbageCollector.java:69)
	at jetbrains.exodus.newLogConcept.garbageCollector.OperationLogGarbageCollector.clean(OperationLogGarbageCollector.java:51)
	at jetbrains.exodus.newLogConcept.MVCC.MVCCDataStructure.lambda$commitTransaction$1(MVCCDataStructure.java:297)
	at java.base/java.util.concurrent.Executors$RunnableAdapter.call(Executors.java:515)
	at java.base/java.util.concurrent.FutureTask.run(FutureTask.java:264)
	at java.base/java.util.concurrent.ThreadPoolExecutor.runWorker(ThreadPoolExecutor.java:1128)
	at java.base/java.util.concurrent.ThreadPoolExecutor$Worker.run(ThreadPoolExecutor.java:628)
	... 1 more
java.util.concurrent.ExecutionException: jetbrains.exodus.ExodusException
	at java.base/java.util.concurrent.FutureTask.report(FutureTask.java:122)
	at java.base/java.util.concurrent.FutureTask.get(FutureTask.java:191)
	at jetbrains.exodus.newLogConcept.MVCC.MVCCDataStructure.commitTransaction(MVCCDataStructure.java:299)
	at site.ycsb.db.XodusClient.insert(XodusClient.java:60)
	at site.ycsb.DBWrapper.insert(DBWrapper.java:227)
	at site.ycsb.workloads.CoreWorkload.doInsert(CoreWorkload.java:621)
	at site.ycsb.ClientThread.run(ClientThread.java:135)
	at java.base/java.lang.Thread.run(Thread.java:829)
Caused by: jetbrains.exodus.ExodusException
	at jetbrains.exodus.newLogConcept.garbageCollector.OperationLogGarbageCollector.moveAndRemoveRecordsFromLog(OperationLogGarbageCollector.java:69)
	at jetbrains.exodus.newLogConcept.garbageCollector.OperationLogGarbageCollector.clean(OperationLogGarbageCollector.java:51)
	at jetbrains.exodus.newLogConcept.MVCC.MVCCDataStructure.lambda$commitTransaction$1(MVCCDataStructure.java:297)
	at java.base/java.util.concurrent.Executors$RunnableAdapter.call(Executors.java:515)
	at java.base/java.util.concurrent.FutureTask.run(FutureTask.java:264)
	at java.base/java.util.concurrent.ThreadPoolExecutor.runWorker(ThreadPoolExecutor.java:1128)
	at java.base/java.util.concurrent.ThreadPoolExecutor$Worker.run(ThreadPoolExecutor.java:628)
	... 1 more
java.util.concurrent.ExecutionException: jetbrains.exodus.ExodusException
	at java.base/java.util.concurrent.FutureTask.report(FutureTask.java:122)
	at java.base/java.util.concurrent.FutureTask.get(FutureTask.java:191)
	at jetbrains.exodus.newLogConcept.MVCC.MVCCDataStructure.commitTransaction(MVCCDataStructure.java:299)
	at site.ycsb.db.XodusClient.insert(XodusClient.java:60)
	at site.ycsb.DBWrapper.insert(DBWrapper.java:227)
	at site.ycsb.workloads.CoreWorkload.doInsert(CoreWorkload.java:621)
	at site.ycsb.ClientThread.run(ClientThread.java:135)
	at java.base/java.lang.Thread.run(Thread.java:829)
Caused by: jetbrains.exodus.ExodusException
	at jetbrains.exodus.newLogConcept.garbageCollector.OperationLogGarbageCollector.moveAndRemoveRecordsFromLog(OperationLogGarbageCollector.java:69)
	at jetbrains.exodus.newLogConcept.garbageCollector.OperationLogGarbageCollector.clean(OperationLogGarbageCollector.java:51)
	at jetbrains.exodus.newLogConcept.MVCC.MVCCDataStructure.lambda$commitTransaction$1(MVCCDataStructure.java:297)
	at java.base/java.util.concurrent.Executors$RunnableAdapter.call(Executors.java:515)
	at java.base/java.util.concurrent.FutureTask.run(FutureTask.java:264)
	at java.base/java.util.concurrent.ThreadPoolExecutor.runWorker(ThreadPoolExecutor.java:1128)
	at java.base/java.util.concurrent.ThreadPoolExecutor$Worker.run(ThreadPoolExecutor.java:628)
	... 1 more
java.util.concurrent.ExecutionException: jetbrains.exodus.ExodusException
	at java.base/java.util.concurrent.FutureTask.report(FutureTask.java:122)
	at java.base/java.util.concurrent.FutureTask.get(FutureTask.java:191)
	at jetbrains.exodus.newLogConcept.MVCC.MVCCDataStructure.commitTransaction(MVCCDataStructure.java:299)
	at site.ycsb.db.XodusClient.insert(XodusClient.java:60)
	at site.ycsb.DBWrapper.insert(DBWrapper.java:227)
	at site.ycsb.workloads.CoreWorkload.doInsert(CoreWorkload.java:621)
	at site.ycsb.ClientThread.run(ClientThread.java:135)
	at java.base/java.lang.Thread.run(Thread.java:829)
Caused by: jetbrains.exodus.ExodusException
	at jetbrains.exodus.newLogConcept.garbageCollector.OperationLogGarbageCollector.moveAndRemoveRecordsFromLog(OperationLogGarbageCollector.java:69)
	at jetbrains.exodus.newLogConcept.garbageCollector.OperationLogGarbageCollector.clean(OperationLogGarbageCollector.java:51)
	at jetbrains.exodus.newLogConcept.MVCC.MVCCDataStructure.lambda$commitTransaction$1(MVCCDataStructure.java:297)
	at java.base/java.util.concurrent.Executors$RunnableAdapter.call(Executors.java:515)
	at java.base/java.util.concurrent.FutureTask.run(FutureTask.java:264)
	at java.base/java.util.concurrent.ThreadPoolExecutor.runWorker(ThreadPoolExecutor.java:1128)
	at java.base/java.util.concurrent.ThreadPoolExecutor$Worker.run(ThreadPoolExecutor.java:628)
	... 1 more
java.util.concurrent.ExecutionException: jetbrains.exodus.ExodusException
	at java.base/java.util.concurrent.FutureTask.report(FutureTask.java:122)
	at java.base/java.util.concurrent.FutureTask.get(FutureTask.java:191)
	at jetbrains.exodus.newLogConcept.MVCC.MVCCDataStructure.commitTransaction(MVCCDataStructure.java:299)
	at site.ycsb.db.XodusClient.insert(XodusClient.java:60)
	at site.ycsb.DBWrapper.insert(DBWrapper.java:227)
	at site.ycsb.workloads.CoreWorkload.doInsert(CoreWorkload.java:621)
	at site.ycsb.ClientThread.run(ClientThread.java:135)
	at java.base/java.lang.Thread.run(Thread.java:829)
Caused by: jetbrains.exodus.ExodusException
	at jetbrains.exodus.newLogConcept.garbageCollector.OperationLogGarbageCollector.moveAndRemoveRecordsFromLog(OperationLogGarbageCollector.java:69)
	at jetbrains.exodus.newLogConcept.garbageCollector.OperationLogGarbageCollector.clean(OperationLogGarbageCollector.java:51)
	at jetbrains.exodus.newLogConcept.MVCC.MVCCDataStructure.lambda$commitTransaction$1(MVCCDataStructure.java:297)
	at java.base/java.util.concurrent.Executors$RunnableAdapter.call(Executors.java:515)
	at java.base/java.util.concurrent.FutureTask.run(FutureTask.java:264)
	at java.base/java.util.concurrent.ThreadPoolExecutor.runWorker(ThreadPoolExecutor.java:1128)
	at java.base/java.util.concurrent.ThreadPoolExecutor$Worker.run(ThreadPoolExecutor.java:628)
	... 1 more
java.util.concurrent.ExecutionException: jetbrains.exodus.ExodusException
	at java.base/java.util.concurrent.FutureTask.report(FutureTask.java:122)
	at java.base/java.util.concurrent.FutureTask.get(FutureTask.java:191)
	at jetbrains.exodus.newLogConcept.MVCC.MVCCDataStructure.commitTransaction(MVCCDataStructure.java:299)
	at site.ycsb.db.XodusClient.insert(XodusClient.java:60)
	at site.ycsb.DBWrapper.insert(DBWrapper.java:227)
	at site.ycsb.workloads.CoreWorkload.doInsert(CoreWorkload.java:621)
	at site.ycsb.ClientThread.run(ClientThread.java:135)
	at java.base/java.lang.Thread.run(Thread.java:829)
Caused by: jetbrains.exodus.ExodusException
	at jetbrains.exodus.newLogConcept.garbageCollector.OperationLogGarbageCollector.moveAndRemoveRecordsFromLog(OperationLogGarbageCollector.java:69)
	at jetbrains.exodus.newLogConcept.garbageCollector.OperationLogGarbageCollector.clean(OperationLogGarbageCollector.java:51)
	at jetbrains.exodus.newLogConcept.MVCC.MVCCDataStructure.lambda$commitTransaction$1(MVCCDataStructure.java:297)
	at java.base/java.util.concurrent.Executors$RunnableAdapter.call(Executors.java:515)
	at java.base/java.util.concurrent.FutureTask.run(FutureTask.java:264)
	at java.base/java.util.concurrent.ThreadPoolExecutor.runWorker(ThreadPoolExecutor.java:1128)
	at java.base/java.util.concurrent.ThreadPoolExecutor$Worker.run(ThreadPoolExecutor.java:628)
	... 1 more
java.util.concurrent.ExecutionException: jetbrains.exodus.ExodusException
	at java.base/java.util.concurrent.FutureTask.report(FutureTask.java:122)
	at java.base/java.util.concurrent.FutureTask.get(FutureTask.java:191)
	at jetbrains.exodus.newLogConcept.MVCC.MVCCDataStructure.commitTransaction(MVCCDataStructure.java:299)
	at site.ycsb.db.XodusClient.insert(XodusClient.java:60)
	at site.ycsb.DBWrapper.insert(DBWrapper.java:227)
	at site.ycsb.workloads.CoreWorkload.doInsert(CoreWorkload.java:621)
	at site.ycsb.ClientThread.run(ClientThread.java:135)
	at java.base/java.lang.Thread.run(Thread.java:829)
Caused by: jetbrains.exodus.ExodusException
	at jetbrains.exodus.newLogConcept.garbageCollector.OperationLogGarbageCollector.moveAndRemoveRecordsFromLog(OperationLogGarbageCollector.java:69)
	at jetbrains.exodus.newLogConcept.garbageCollector.OperationLogGarbageCollector.clean(OperationLogGarbageCollector.java:51)
	at jetbrains.exodus.newLogConcept.MVCC.MVCCDataStructure.lambda$commitTransaction$1(MVCCDataStructure.java:297)
	at java.base/java.util.concurrent.Executors$RunnableAdapter.call(Executors.java:515)
	at java.base/java.util.concurrent.FutureTask.run(FutureTask.java:264)
	at java.base/java.util.concurrent.ThreadPoolExecutor.runWorker(ThreadPoolExecutor.java:1128)
	at java.base/java.util.concurrent.ThreadPoolExecutor$Worker.run(ThreadPoolExecutor.java:628)
	... 1 more
java.util.concurrent.ExecutionException: jetbrains.exodus.ExodusException
	at java.base/java.util.concurrent.FutureTask.report(FutureTask.java:122)
	at java.base/java.util.concurrent.FutureTask.get(FutureTask.java:191)
	at jetbrains.exodus.newLogConcept.MVCC.MVCCDataStructure.commitTransaction(MVCCDataStructure.java:299)
	at site.ycsb.db.XodusClient.insert(XodusClient.java:60)
	at site.ycsb.DBWrapper.insert(DBWrapper.java:227)
	at site.ycsb.workloads.CoreWorkload.doInsert(CoreWorkload.java:621)
	at site.ycsb.ClientThread.run(ClientThread.java:135)
	at java.base/java.lang.Thread.run(Thread.java:829)
Caused by: jetbrains.exodus.ExodusException
	at jetbrains.exodus.newLogConcept.garbageCollector.OperationLogGarbageCollector.moveAndRemoveRecordsFromLog(OperationLogGarbageCollector.java:69)
	at jetbrains.exodus.newLogConcept.garbageCollector.OperationLogGarbageCollector.clean(OperationLogGarbageCollector.java:51)
	at jetbrains.exodus.newLogConcept.MVCC.MVCCDataStructure.lambda$commitTransaction$1(MVCCDataStructure.java:297)
	at java.base/java.util.concurrent.Executors$RunnableAdapter.call(Executors.java:515)
	at java.base/java.util.concurrent.FutureTask.run(FutureTask.java:264)
	at java.base/java.util.concurrent.ThreadPoolExecutor.runWorker(ThreadPoolExecutor.java:1128)
	at java.base/java.util.concurrent.ThreadPoolExecutor$Worker.run(ThreadPoolExecutor.java:628)
	... 1 more
java.util.concurrent.ExecutionException: jetbrains.exodus.ExodusException
	at java.base/java.util.concurrent.FutureTask.report(FutureTask.java:122)
	at java.base/java.util.concurrent.FutureTask.get(FutureTask.java:191)
	at jetbrains.exodus.newLogConcept.MVCC.MVCCDataStructure.commitTransaction(MVCCDataStructure.java:299)
	at site.ycsb.db.XodusClient.insert(XodusClient.java:60)
	at site.ycsb.DBWrapper.insert(DBWrapper.java:227)
	at site.ycsb.workloads.CoreWorkload.doInsert(CoreWorkload.java:621)
	at site.ycsb.ClientThread.run(ClientThread.java:135)
	at java.base/java.lang.Thread.run(Thread.java:829)
Caused by: jetbrains.exodus.ExodusException
	at jetbrains.exodus.newLogConcept.garbageCollector.OperationLogGarbageCollector.moveAndRemoveRecordsFromLog(OperationLogGarbageCollector.java:69)
	at jetbrains.exodus.newLogConcept.garbageCollector.OperationLogGarbageCollector.clean(OperationLogGarbageCollector.java:51)
	at jetbrains.exodus.newLogConcept.MVCC.MVCCDataStructure.lambda$commitTransaction$1(MVCCDataStructure.java:297)
	at java.base/java.util.concurrent.Executors$RunnableAdapter.call(Executors.java:515)
	at java.base/java.util.concurrent.FutureTask.run(FutureTask.java:264)
	at java.base/java.util.concurrent.ThreadPoolExecutor.runWorker(ThreadPoolExecutor.java:1128)
	at java.base/java.util.concurrent.ThreadPoolExecutor$Worker.run(ThreadPoolExecutor.java:628)
	... 1 more
java.util.concurrent.ExecutionException: jetbrains.exodus.ExodusException
	at java.base/java.util.concurrent.FutureTask.report(FutureTask.java:122)
	at java.base/java.util.concurrent.FutureTask.get(FutureTask.java:191)
	at jetbrains.exodus.newLogConcept.MVCC.MVCCDataStructure.commitTransaction(MVCCDataStructure.java:299)
	at site.ycsb.db.XodusClient.insert(XodusClient.java:60)
	at site.ycsb.DBWrapper.insert(DBWrapper.java:227)
	at site.ycsb.workloads.CoreWorkload.doInsert(CoreWorkload.java:621)
	at site.ycsb.ClientThread.run(ClientThread.java:135)
	at java.base/java.lang.Thread.run(Thread.java:829)
Caused by: jetbrains.exodus.ExodusException
	at jetbrains.exodus.newLogConcept.garbageCollector.OperationLogGarbageCollector.moveAndRemoveRecordsFromLog(OperationLogGarbageCollector.java:69)
	at jetbrains.exodus.newLogConcept.garbageCollector.OperationLogGarbageCollector.clean(OperationLogGarbageCollector.java:51)
	at jetbrains.exodus.newLogConcept.MVCC.MVCCDataStructure.lambda$commitTransaction$1(MVCCDataStructure.java:297)
	at java.base/java.util.concurrent.Executors$RunnableAdapter.call(Executors.java:515)
	at java.base/java.util.concurrent.FutureTask.run(FutureTask.java:264)
	at java.base/java.util.concurrent.ThreadPoolExecutor.runWorker(ThreadPoolExecutor.java:1128)
	at java.base/java.util.concurrent.ThreadPoolExecutor$Worker.run(ThreadPoolExecutor.java:628)
	... 1 more
java.util.concurrent.ExecutionException: jetbrains.exodus.ExodusException
	at java.base/java.util.concurrent.FutureTask.report(FutureTask.java:122)
	at java.base/java.util.concurrent.FutureTask.get(FutureTask.java:191)
	at jetbrains.exodus.newLogConcept.MVCC.MVCCDataStructure.commitTransaction(MVCCDataStructure.java:299)
	at site.ycsb.db.XodusClient.insert(XodusClient.java:60)
	at site.ycsb.DBWrapper.insert(DBWrapper.java:227)
	at site.ycsb.workloads.CoreWorkload.doInsert(CoreWorkload.java:621)
	at site.ycsb.ClientThread.run(ClientThread.java:135)
	at java.base/java.lang.Thread.run(Thread.java:829)
Caused by: jetbrains.exodus.ExodusException
	at jetbrains.exodus.newLogConcept.garbageCollector.OperationLogGarbageCollector.moveAndRemoveRecordsFromLog(OperationLogGarbageCollector.java:69)
	at jetbrains.exodus.newLogConcept.garbageCollector.OperationLogGarbageCollector.clean(OperationLogGarbageCollector.java:51)
	at jetbrains.exodus.newLogConcept.MVCC.MVCCDataStructure.lambda$commitTransaction$1(MVCCDataStructure.java:297)
	at java.base/java.util.concurrent.Executors$RunnableAdapter.call(Executors.java:515)
	at java.base/java.util.concurrent.FutureTask.run(FutureTask.java:264)
	at java.base/java.util.concurrent.ThreadPoolExecutor.runWorker(ThreadPoolExecutor.java:1128)
	at java.base/java.util.concurrent.ThreadPoolExecutor$Worker.run(ThreadPoolExecutor.java:628)
	... 1 more
java.util.concurrent.ExecutionException: jetbrains.exodus.ExodusException
	at java.base/java.util.concurrent.FutureTask.report(FutureTask.java:122)
	at java.base/java.util.concurrent.FutureTask.get(FutureTask.java:191)
	at jetbrains.exodus.newLogConcept.MVCC.MVCCDataStructure.commitTransaction(MVCCDataStructure.java:299)
	at site.ycsb.db.XodusClient.insert(XodusClient.java:60)
	at site.ycsb.DBWrapper.insert(DBWrapper.java:227)
	at site.ycsb.workloads.CoreWorkload.doInsert(CoreWorkload.java:621)
	at site.ycsb.ClientThread.run(ClientThread.java:135)
	at java.base/java.lang.Thread.run(Thread.java:829)
Caused by: jetbrains.exodus.ExodusException
	at jetbrains.exodus.newLogConcept.garbageCollector.OperationLogGarbageCollector.moveAndRemoveRecordsFromLog(OperationLogGarbageCollector.java:69)
	at jetbrains.exodus.newLogConcept.garbageCollector.OperationLogGarbageCollector.clean(OperationLogGarbageCollector.java:51)
	at jetbrains.exodus.newLogConcept.MVCC.MVCCDataStructure.lambda$commitTransaction$1(MVCCDataStructure.java:297)
	at java.base/java.util.concurrent.Executors$RunnableAdapter.call(Executors.java:515)
	at java.base/java.util.concurrent.FutureTask.run(FutureTask.java:264)
	at java.base/java.util.concurrent.ThreadPoolExecutor.runWorker(ThreadPoolExecutor.java:1128)
	at java.base/java.util.concurrent.ThreadPoolExecutor$Worker.run(ThreadPoolExecutor.java:628)
	... 1 more
java.util.concurrent.ExecutionException: jetbrains.exodus.ExodusException
	at java.base/java.util.concurrent.FutureTask.report(FutureTask.java:122)
	at java.base/java.util.concurrent.FutureTask.get(FutureTask.java:191)
	at jetbrains.exodus.newLogConcept.MVCC.MVCCDataStructure.commitTransaction(MVCCDataStructure.java:299)
	at site.ycsb.db.XodusClient.insert(XodusClient.java:60)
	at site.ycsb.DBWrapper.insert(DBWrapper.java:227)
	at site.ycsb.workloads.CoreWorkload.doInsert(CoreWorkload.java:621)
	at site.ycsb.ClientThread.run(ClientThread.java:135)
	at java.base/java.lang.Thread.run(Thread.java:829)
Caused by: jetbrains.exodus.ExodusException
	at jetbrains.exodus.newLogConcept.garbageCollector.OperationLogGarbageCollector.moveAndRemoveRecordsFromLog(OperationLogGarbageCollector.java:69)
	at jetbrains.exodus.newLogConcept.garbageCollector.OperationLogGarbageCollector.clean(OperationLogGarbageCollector.java:51)
	at jetbrains.exodus.newLogConcept.MVCC.MVCCDataStructure.lambda$commitTransaction$1(MVCCDataStructure.java:297)
	at java.base/java.util.concurrent.Executors$RunnableAdapter.call(Executors.java:515)
	at java.base/java.util.concurrent.FutureTask.run(FutureTask.java:264)
	at java.base/java.util.concurrent.ThreadPoolExecutor.runWorker(ThreadPoolExecutor.java:1128)
	at java.base/java.util.concurrent.ThreadPoolExecutor$Worker.run(ThreadPoolExecutor.java:628)
	... 1 more
java.util.concurrent.ExecutionException: jetbrains.exodus.ExodusException
	at java.base/java.util.concurrent.FutureTask.report(FutureTask.java:122)
	at java.base/java.util.concurrent.FutureTask.get(FutureTask.java:191)
	at jetbrains.exodus.newLogConcept.MVCC.MVCCDataStructure.commitTransaction(MVCCDataStructure.java:299)
	at site.ycsb.db.XodusClient.insert(XodusClient.java:60)
	at site.ycsb.DBWrapper.insert(DBWrapper.java:227)
	at site.ycsb.workloads.CoreWorkload.doInsert(CoreWorkload.java:621)
	at site.ycsb.ClientThread.run(ClientThread.java:135)
	at java.base/java.lang.Thread.run(Thread.java:829)
Caused by: jetbrains.exodus.ExodusException
	at jetbrains.exodus.newLogConcept.garbageCollector.OperationLogGarbageCollector.moveAndRemoveRecordsFromLog(OperationLogGarbageCollector.java:69)
	at jetbrains.exodus.newLogConcept.garbageCollector.OperationLogGarbageCollector.clean(OperationLogGarbageCollector.java:51)
	at jetbrains.exodus.newLogConcept.MVCC.MVCCDataStructure.lambda$commitTransaction$1(MVCCDataStructure.java:297)
	at java.base/java.util.concurrent.Executors$RunnableAdapter.call(Executors.java:515)
	at java.base/java.util.concurrent.FutureTask.run(FutureTask.java:264)
	at java.base/java.util.concurrent.ThreadPoolExecutor.runWorker(ThreadPoolExecutor.java:1128)
	at java.base/java.util.concurrent.ThreadPoolExecutor$Worker.run(ThreadPoolExecutor.java:628)
	... 1 more
java.util.concurrent.ExecutionException: jetbrains.exodus.ExodusException
	at java.base/java.util.concurrent.FutureTask.report(FutureTask.java:122)
	at java.base/java.util.concurrent.FutureTask.get(FutureTask.java:191)
	at jetbrains.exodus.newLogConcept.MVCC.MVCCDataStructure.commitTransaction(MVCCDataStructure.java:299)
	at site.ycsb.db.XodusClient.insert(XodusClient.java:60)
	at site.ycsb.DBWrapper.insert(DBWrapper.java:227)
	at site.ycsb.workloads.CoreWorkload.doInsert(CoreWorkload.java:621)
	at site.ycsb.ClientThread.run(ClientThread.java:135)
	at java.base/java.lang.Thread.run(Thread.java:829)
Caused by: jetbrains.exodus.ExodusException
	at jetbrains.exodus.newLogConcept.garbageCollector.OperationLogGarbageCollector.moveAndRemoveRecordsFromLog(OperationLogGarbageCollector.java:69)
	at jetbrains.exodus.newLogConcept.garbageCollector.OperationLogGarbageCollector.clean(OperationLogGarbageCollector.java:51)
	at jetbrains.exodus.newLogConcept.MVCC.MVCCDataStructure.lambda$commitTransaction$1(MVCCDataStructure.java:297)
	at java.base/java.util.concurrent.Executors$RunnableAdapter.call(Executors.java:515)
	at java.base/java.util.concurrent.FutureTask.run(FutureTask.java:264)
	at java.base/java.util.concurrent.ThreadPoolExecutor.runWorker(ThreadPoolExecutor.java:1128)
	at java.base/java.util.concurrent.ThreadPoolExecutor$Worker.run(ThreadPoolExecutor.java:628)
	... 1 more
java.util.concurrent.ExecutionException: jetbrains.exodus.ExodusException
	at java.base/java.util.concurrent.FutureTask.report(FutureTask.java:122)
	at java.base/java.util.concurrent.FutureTask.get(FutureTask.java:191)
	at jetbrains.exodus.newLogConcept.MVCC.MVCCDataStructure.commitTransaction(MVCCDataStructure.java:299)
	at site.ycsb.db.XodusClient.insert(XodusClient.java:60)
	at site.ycsb.DBWrapper.insert(DBWrapper.java:227)
	at site.ycsb.workloads.CoreWorkload.doInsert(CoreWorkload.java:621)
	at site.ycsb.ClientThread.run(ClientThread.java:135)
	at java.base/java.lang.Thread.run(Thread.java:829)
Caused by: jetbrains.exodus.ExodusException
	at jetbrains.exodus.newLogConcept.garbageCollector.OperationLogGarbageCollector.moveAndRemoveRecordsFromLog(OperationLogGarbageCollector.java:69)
	at jetbrains.exodus.newLogConcept.garbageCollector.OperationLogGarbageCollector.clean(OperationLogGarbageCollector.java:51)
	at jetbrains.exodus.newLogConcept.MVCC.MVCCDataStructure.lambda$commitTransaction$1(MVCCDataStructure.java:297)
	at java.base/java.util.concurrent.Executors$RunnableAdapter.call(Executors.java:515)
	at java.base/java.util.concurrent.FutureTask.run(FutureTask.java:264)
	at java.base/java.util.concurrent.ThreadPoolExecutor.runWorker(ThreadPoolExecutor.java:1128)
	at java.base/java.util.concurrent.ThreadPoolExecutor$Worker.run(ThreadPoolExecutor.java:628)
	... 1 more
java.util.concurrent.ExecutionException: jetbrains.exodus.ExodusException
	at java.base/java.util.concurrent.FutureTask.report(FutureTask.java:122)
	at java.base/java.util.concurrent.FutureTask.get(FutureTask.java:191)
	at jetbrains.exodus.newLogConcept.MVCC.MVCCDataStructure.commitTransaction(MVCCDataStructure.java:299)
	at site.ycsb.db.XodusClient.insert(XodusClient.java:60)
	at site.ycsb.DBWrapper.insert(DBWrapper.java:227)
	at site.ycsb.workloads.CoreWorkload.doInsert(CoreWorkload.java:621)
	at site.ycsb.ClientThread.run(ClientThread.java:135)
	at java.base/java.lang.Thread.run(Thread.java:829)
Caused by: jetbrains.exodus.ExodusException
	at jetbrains.exodus.newLogConcept.garbageCollector.OperationLogGarbageCollector.moveAndRemoveRecordsFromLog(OperationLogGarbageCollector.java:69)
	at jetbrains.exodus.newLogConcept.garbageCollector.OperationLogGarbageCollector.clean(OperationLogGarbageCollector.java:51)
	at jetbrains.exodus.newLogConcept.MVCC.MVCCDataStructure.lambda$commitTransaction$1(MVCCDataStructure.java:297)
	at java.base/java.util.concurrent.Executors$RunnableAdapter.call(Executors.java:515)
	at java.base/java.util.concurrent.FutureTask.run(FutureTask.java:264)
	at java.base/java.util.concurrent.ThreadPoolExecutor.runWorker(ThreadPoolExecutor.java:1128)
	at java.base/java.util.concurrent.ThreadPoolExecutor$Worker.run(ThreadPoolExecutor.java:628)
	... 1 more
java.util.concurrent.ExecutionException: jetbrains.exodus.ExodusException
	at java.base/java.util.concurrent.FutureTask.report(FutureTask.java:122)
	at java.base/java.util.concurrent.FutureTask.get(FutureTask.java:191)
	at jetbrains.exodus.newLogConcept.MVCC.MVCCDataStructure.commitTransaction(MVCCDataStructure.java:299)
	at site.ycsb.db.XodusClient.insert(XodusClient.java:60)
	at site.ycsb.DBWrapper.insert(DBWrapper.java:227)
	at site.ycsb.workloads.CoreWorkload.doInsert(CoreWorkload.java:621)
	at site.ycsb.ClientThread.run(ClientThread.java:135)
	at java.base/java.lang.Thread.run(Thread.java:829)
Caused by: jetbrains.exodus.ExodusException
	at jetbrains.exodus.newLogConcept.garbageCollector.OperationLogGarbageCollector.moveAndRemoveRecordsFromLog(OperationLogGarbageCollector.java:69)
	at jetbrains.exodus.newLogConcept.garbageCollector.OperationLogGarbageCollector.clean(OperationLogGarbageCollector.java:51)
	at jetbrains.exodus.newLogConcept.MVCC.MVCCDataStructure.lambda$commitTransaction$1(MVCCDataStructure.java:297)
	at java.base/java.util.concurrent.Executors$RunnableAdapter.call(Executors.java:515)
	at java.base/java.util.concurrent.FutureTask.run(FutureTask.java:264)
	at java.base/java.util.concurrent.ThreadPoolExecutor.runWorker(ThreadPoolExecutor.java:1128)
	at java.base/java.util.concurrent.ThreadPoolExecutor$Worker.run(ThreadPoolExecutor.java:628)
	... 1 more
java.util.concurrent.ExecutionException: jetbrains.exodus.ExodusException
	at java.base/java.util.concurrent.FutureTask.report(FutureTask.java:122)
	at java.base/java.util.concurrent.FutureTask.get(FutureTask.java:191)
	at jetbrains.exodus.newLogConcept.MVCC.MVCCDataStructure.commitTransaction(MVCCDataStructure.java:299)
	at site.ycsb.db.XodusClient.insert(XodusClient.java:60)
	at site.ycsb.DBWrapper.insert(DBWrapper.java:227)
	at site.ycsb.workloads.CoreWorkload.doInsert(CoreWorkload.java:621)
	at site.ycsb.ClientThread.run(ClientThread.java:135)
	at java.base/java.lang.Thread.run(Thread.java:829)
Caused by: jetbrains.exodus.ExodusException
	at jetbrains.exodus.newLogConcept.garbageCollector.OperationLogGarbageCollector.moveAndRemoveRecordsFromLog(OperationLogGarbageCollector.java:69)
	at jetbrains.exodus.newLogConcept.garbageCollector.OperationLogGarbageCollector.clean(OperationLogGarbageCollector.java:51)
	at jetbrains.exodus.newLogConcept.MVCC.MVCCDataStructure.lambda$commitTransaction$1(MVCCDataStructure.java:297)
	at java.base/java.util.concurrent.Executors$RunnableAdapter.call(Executors.java:515)
	at java.base/java.util.concurrent.FutureTask.run(FutureTask.java:264)
	at java.base/java.util.concurrent.ThreadPoolExecutor.runWorker(ThreadPoolExecutor.java:1128)
	at java.base/java.util.concurrent.ThreadPoolExecutor$Worker.run(ThreadPoolExecutor.java:628)
	... 1 more
java.util.concurrent.ExecutionException: jetbrains.exodus.ExodusException
	at java.base/java.util.concurrent.FutureTask.report(FutureTask.java:122)
	at java.base/java.util.concurrent.FutureTask.get(FutureTask.java:191)
	at jetbrains.exodus.newLogConcept.MVCC.MVCCDataStructure.commitTransaction(MVCCDataStructure.java:299)
	at site.ycsb.db.XodusClient.insert(XodusClient.java:60)
	at site.ycsb.DBWrapper.insert(DBWrapper.java:227)
	at site.ycsb.workloads.CoreWorkload.doInsert(CoreWorkload.java:621)
	at site.ycsb.ClientThread.run(ClientThread.java:135)
	at java.base/java.lang.Thread.run(Thread.java:829)
Caused by: jetbrains.exodus.ExodusException
	at jetbrains.exodus.newLogConcept.garbageCollector.OperationLogGarbageCollector.moveAndRemoveRecordsFromLog(OperationLogGarbageCollector.java:69)
	at jetbrains.exodus.newLogConcept.garbageCollector.OperationLogGarbageCollector.clean(OperationLogGarbageCollector.java:51)
	at jetbrains.exodus.newLogConcept.MVCC.MVCCDataStructure.lambda$commitTransaction$1(MVCCDataStructure.java:297)
	at java.base/java.util.concurrent.Executors$RunnableAdapter.call(Executors.java:515)
	at java.base/java.util.concurrent.FutureTask.run(FutureTask.java:264)
	at java.base/java.util.concurrent.ThreadPoolExecutor.runWorker(ThreadPoolExecutor.java:1128)
	at java.base/java.util.concurrent.ThreadPoolExecutor$Worker.run(ThreadPoolExecutor.java:628)
	... 1 more
java.util.concurrent.ExecutionException: jetbrains.exodus.ExodusException
	at java.base/java.util.concurrent.FutureTask.report(FutureTask.java:122)
	at java.base/java.util.concurrent.FutureTask.get(FutureTask.java:191)
	at jetbrains.exodus.newLogConcept.MVCC.MVCCDataStructure.commitTransaction(MVCCDataStructure.java:299)
	at site.ycsb.db.XodusClient.insert(XodusClient.java:60)
	at site.ycsb.DBWrapper.insert(DBWrapper.java:227)
	at site.ycsb.workloads.CoreWorkload.doInsert(CoreWorkload.java:621)
	at site.ycsb.ClientThread.run(ClientThread.java:135)
	at java.base/java.lang.Thread.run(Thread.java:829)
Caused by: jetbrains.exodus.ExodusException
	at jetbrains.exodus.newLogConcept.garbageCollector.OperationLogGarbageCollector.moveAndRemoveRecordsFromLog(OperationLogGarbageCollector.java:69)
	at jetbrains.exodus.newLogConcept.garbageCollector.OperationLogGarbageCollector.clean(OperationLogGarbageCollector.java:51)
	at jetbrains.exodus.newLogConcept.MVCC.MVCCDataStructure.lambda$commitTransaction$1(MVCCDataStructure.java:297)
	at java.base/java.util.concurrent.Executors$RunnableAdapter.call(Executors.java:515)
	at java.base/java.util.concurrent.FutureTask.run(FutureTask.java:264)
	at java.base/java.util.concurrent.ThreadPoolExecutor.runWorker(ThreadPoolExecutor.java:1128)
	at java.base/java.util.concurrent.ThreadPoolExecutor$Worker.run(ThreadPoolExecutor.java:628)
	... 1 more
java.util.concurrent.ExecutionException: jetbrains.exodus.ExodusException
	at java.base/java.util.concurrent.FutureTask.report(FutureTask.java:122)
	at java.base/java.util.concurrent.FutureTask.get(FutureTask.java:191)
	at jetbrains.exodus.newLogConcept.MVCC.MVCCDataStructure.commitTransaction(MVCCDataStructure.java:299)
	at site.ycsb.db.XodusClient.insert(XodusClient.java:60)
	at site.ycsb.DBWrapper.insert(DBWrapper.java:227)
	at site.ycsb.workloads.CoreWorkload.doInsert(CoreWorkload.java:621)
	at site.ycsb.ClientThread.run(ClientThread.java:135)
	at java.base/java.lang.Thread.run(Thread.java:829)
Caused by: jetbrains.exodus.ExodusException
	at jetbrains.exodus.newLogConcept.garbageCollector.OperationLogGarbageCollector.moveAndRemoveRecordsFromLog(OperationLogGarbageCollector.java:69)
	at jetbrains.exodus.newLogConcept.garbageCollector.OperationLogGarbageCollector.clean(OperationLogGarbageCollector.java:51)
	at jetbrains.exodus.newLogConcept.MVCC.MVCCDataStructure.lambda$commitTransaction$1(MVCCDataStructure.java:297)
	at java.base/java.util.concurrent.Executors$RunnableAdapter.call(Executors.java:515)
	at java.base/java.util.concurrent.FutureTask.run(FutureTask.java:264)
	at java.base/java.util.concurrent.ThreadPoolExecutor.runWorker(ThreadPoolExecutor.java:1128)
	at java.base/java.util.concurrent.ThreadPoolExecutor$Worker.run(ThreadPoolExecutor.java:628)
	... 1 more
java.util.concurrent.ExecutionException: jetbrains.exodus.ExodusException
	at java.base/java.util.concurrent.FutureTask.report(FutureTask.java:122)
	at java.base/java.util.concurrent.FutureTask.get(FutureTask.java:191)
	at jetbrains.exodus.newLogConcept.MVCC.MVCCDataStructure.commitTransaction(MVCCDataStructure.java:299)
	at site.ycsb.db.XodusClient.insert(XodusClient.java:60)
	at site.ycsb.DBWrapper.insert(DBWrapper.java:227)
	at site.ycsb.workloads.CoreWorkload.doInsert(CoreWorkload.java:621)
	at site.ycsb.ClientThread.run(ClientThread.java:135)
	at java.base/java.lang.Thread.run(Thread.java:829)
Caused by: jetbrains.exodus.ExodusException
	at jetbrains.exodus.newLogConcept.garbageCollector.OperationLogGarbageCollector.moveAndRemoveRecordsFromLog(OperationLogGarbageCollector.java:69)
	at jetbrains.exodus.newLogConcept.garbageCollector.OperationLogGarbageCollector.clean(OperationLogGarbageCollector.java:51)
	at jetbrains.exodus.newLogConcept.MVCC.MVCCDataStructure.lambda$commitTransaction$1(MVCCDataStructure.java:297)
	at java.base/java.util.concurrent.Executors$RunnableAdapter.call(Executors.java:515)
	at java.base/java.util.concurrent.FutureTask.run(FutureTask.java:264)
	at java.base/java.util.concurrent.ThreadPoolExecutor.runWorker(ThreadPoolExecutor.java:1128)
	at java.base/java.util.concurrent.ThreadPoolExecutor$Worker.run(ThreadPoolExecutor.java:628)
	... 1 more
java.util.concurrent.ExecutionException: jetbrains.exodus.ExodusException
	at java.base/java.util.concurrent.FutureTask.report(FutureTask.java:122)
	at java.base/java.util.concurrent.FutureTask.get(FutureTask.java:191)
	at jetbrains.exodus.newLogConcept.MVCC.MVCCDataStructure.commitTransaction(MVCCDataStructure.java:299)
	at site.ycsb.db.XodusClient.insert(XodusClient.java:60)
	at site.ycsb.DBWrapper.insert(DBWrapper.java:227)
	at site.ycsb.workloads.CoreWorkload.doInsert(CoreWorkload.java:621)
	at site.ycsb.ClientThread.run(ClientThread.java:135)
	at java.base/java.lang.Thread.run(Thread.java:829)
Caused by: jetbrains.exodus.ExodusException
	at jetbrains.exodus.newLogConcept.garbageCollector.OperationLogGarbageCollector.moveAndRemoveRecordsFromLog(OperationLogGarbageCollector.java:69)
	at jetbrains.exodus.newLogConcept.garbageCollector.OperationLogGarbageCollector.clean(OperationLogGarbageCollector.java:51)
	at jetbrains.exodus.newLogConcept.MVCC.MVCCDataStructure.lambda$commitTransaction$1(MVCCDataStructure.java:297)
	at java.base/java.util.concurrent.Executors$RunnableAdapter.call(Executors.java:515)
	at java.base/java.util.concurrent.FutureTask.run(FutureTask.java:264)
	at java.base/java.util.concurrent.ThreadPoolExecutor.runWorker(ThreadPoolExecutor.java:1128)
	at java.base/java.util.concurrent.ThreadPoolExecutor$Worker.run(ThreadPoolExecutor.java:628)
	... 1 more
java.util.concurrent.ExecutionException: jetbrains.exodus.ExodusException
	at java.base/java.util.concurrent.FutureTask.report(FutureTask.java:122)
	at java.base/java.util.concurrent.FutureTask.get(FutureTask.java:191)
	at jetbrains.exodus.newLogConcept.MVCC.MVCCDataStructure.commitTransaction(MVCCDataStructure.java:299)
	at site.ycsb.db.XodusClient.insert(XodusClient.java:60)
	at site.ycsb.DBWrapper.insert(DBWrapper.java:227)
	at site.ycsb.workloads.CoreWorkload.doInsert(CoreWorkload.java:621)
	at site.ycsb.ClientThread.run(ClientThread.java:135)
	at java.base/java.lang.Thread.run(Thread.java:829)
Caused by: jetbrains.exodus.ExodusException
	at jetbrains.exodus.newLogConcept.garbageCollector.OperationLogGarbageCollector.moveAndRemoveRecordsFromLog(OperationLogGarbageCollector.java:69)
	at jetbrains.exodus.newLogConcept.garbageCollector.OperationLogGarbageCollector.clean(OperationLogGarbageCollector.java:51)
	at jetbrains.exodus.newLogConcept.MVCC.MVCCDataStructure.lambda$commitTransaction$1(MVCCDataStructure.java:297)
	at java.base/java.util.concurrent.Executors$RunnableAdapter.call(Executors.java:515)
	at java.base/java.util.concurrent.FutureTask.run(FutureTask.java:264)
	at java.base/java.util.concurrent.ThreadPoolExecutor.runWorker(ThreadPoolExecutor.java:1128)
	at java.base/java.util.concurrent.ThreadPoolExecutor$Worker.run(ThreadPoolExecutor.java:628)
	... 1 more
java.util.concurrent.ExecutionException: jetbrains.exodus.ExodusException
	at java.base/java.util.concurrent.FutureTask.report(FutureTask.java:122)
	at java.base/java.util.concurrent.FutureTask.get(FutureTask.java:191)
	at jetbrains.exodus.newLogConcept.MVCC.MVCCDataStructure.commitTransaction(MVCCDataStructure.java:299)
	at site.ycsb.db.XodusClient.insert(XodusClient.java:60)
	at site.ycsb.DBWrapper.insert(DBWrapper.java:227)
	at site.ycsb.workloads.CoreWorkload.doInsert(CoreWorkload.java:621)
	at site.ycsb.ClientThread.run(ClientThread.java:135)
	at java.base/java.lang.Thread.run(Thread.java:829)
Caused by: jetbrains.exodus.ExodusException
	at jetbrains.exodus.newLogConcept.garbageCollector.OperationLogGarbageCollector.moveAndRemoveRecordsFromLog(OperationLogGarbageCollector.java:69)
	at jetbrains.exodus.newLogConcept.garbageCollector.OperationLogGarbageCollector.clean(OperationLogGarbageCollector.java:51)
	at jetbrains.exodus.newLogConcept.MVCC.MVCCDataStructure.lambda$commitTransaction$1(MVCCDataStructure.java:297)
	at java.base/java.util.concurrent.Executors$RunnableAdapter.call(Executors.java:515)
	at java.base/java.util.concurrent.FutureTask.run(FutureTask.java:264)
	at java.base/java.util.concurrent.ThreadPoolExecutor.runWorker(ThreadPoolExecutor.java:1128)
	at java.base/java.util.concurrent.ThreadPoolExecutor$Worker.run(ThreadPoolExecutor.java:628)
	... 1 more
java.util.concurrent.ExecutionException: jetbrains.exodus.ExodusException
	at java.base/java.util.concurrent.FutureTask.report(FutureTask.java:122)
	at java.base/java.util.concurrent.FutureTask.get(FutureTask.java:191)
	at jetbrains.exodus.newLogConcept.MVCC.MVCCDataStructure.commitTransaction(MVCCDataStructure.java:299)
	at site.ycsb.db.XodusClient.insert(XodusClient.java:60)
	at site.ycsb.DBWrapper.insert(DBWrapper.java:227)
	at site.ycsb.workloads.CoreWorkload.doInsert(CoreWorkload.java:621)
	at site.ycsb.ClientThread.run(ClientThread.java:135)
	at java.base/java.lang.Thread.run(Thread.java:829)
Caused by: jetbrains.exodus.ExodusException
	at jetbrains.exodus.newLogConcept.garbageCollector.OperationLogGarbageCollector.moveAndRemoveRecordsFromLog(OperationLogGarbageCollector.java:69)
	at jetbrains.exodus.newLogConcept.garbageCollector.OperationLogGarbageCollector.clean(OperationLogGarbageCollector.java:51)
	at jetbrains.exodus.newLogConcept.MVCC.MVCCDataStructure.lambda$commitTransaction$1(MVCCDataStructure.java:297)
	at java.base/java.util.concurrent.Executors$RunnableAdapter.call(Executors.java:515)
	at java.base/java.util.concurrent.FutureTask.run(FutureTask.java:264)
	at java.base/java.util.concurrent.ThreadPoolExecutor.runWorker(ThreadPoolExecutor.java:1128)
	at java.base/java.util.concurrent.ThreadPoolExecutor$Worker.run(ThreadPoolExecutor.java:628)
	... 1 more
java.util.concurrent.ExecutionException: jetbrains.exodus.ExodusException
	at java.base/java.util.concurrent.FutureTask.report(FutureTask.java:122)
	at java.base/java.util.concurrent.FutureTask.get(FutureTask.java:191)
	at jetbrains.exodus.newLogConcept.MVCC.MVCCDataStructure.commitTransaction(MVCCDataStructure.java:299)
	at site.ycsb.db.XodusClient.insert(XodusClient.java:60)
	at site.ycsb.DBWrapper.insert(DBWrapper.java:227)
	at site.ycsb.workloads.CoreWorkload.doInsert(CoreWorkload.java:621)
	at site.ycsb.ClientThread.run(ClientThread.java:135)
	at java.base/java.lang.Thread.run(Thread.java:829)
Caused by: jetbrains.exodus.ExodusException
	at jetbrains.exodus.newLogConcept.garbageCollector.OperationLogGarbageCollector.moveAndRemoveRecordsFromLog(OperationLogGarbageCollector.java:69)
	at jetbrains.exodus.newLogConcept.garbageCollector.OperationLogGarbageCollector.clean(OperationLogGarbageCollector.java:51)
	at jetbrains.exodus.newLogConcept.MVCC.MVCCDataStructure.lambda$commitTransaction$1(MVCCDataStructure.java:297)
	at java.base/java.util.concurrent.Executors$RunnableAdapter.call(Executors.java:515)
	at java.base/java.util.concurrent.FutureTask.run(FutureTask.java:264)
	at java.base/java.util.concurrent.ThreadPoolExecutor.runWorker(ThreadPoolExecutor.java:1128)
	at java.base/java.util.concurrent.ThreadPoolExecutor$Worker.run(ThreadPoolExecutor.java:628)
	... 1 more
java.util.concurrent.ExecutionException: jetbrains.exodus.ExodusException
	at java.base/java.util.concurrent.FutureTask.report(FutureTask.java:122)
	at java.base/java.util.concurrent.FutureTask.get(FutureTask.java:191)
	at jetbrains.exodus.newLogConcept.MVCC.MVCCDataStructure.commitTransaction(MVCCDataStructure.java:299)
	at site.ycsb.db.XodusClient.insert(XodusClient.java:60)
	at site.ycsb.DBWrapper.insert(DBWrapper.java:227)
	at site.ycsb.workloads.CoreWorkload.doInsert(CoreWorkload.java:621)
	at site.ycsb.ClientThread.run(ClientThread.java:135)
	at java.base/java.lang.Thread.run(Thread.java:829)
Caused by: jetbrains.exodus.ExodusException
	at jetbrains.exodus.newLogConcept.garbageCollector.OperationLogGarbageCollector.moveAndRemoveRecordsFromLog(OperationLogGarbageCollector.java:69)
	at jetbrains.exodus.newLogConcept.garbageCollector.OperationLogGarbageCollector.clean(OperationLogGarbageCollector.java:51)
	at jetbrains.exodus.newLogConcept.MVCC.MVCCDataStructure.lambda$commitTransaction$1(MVCCDataStructure.java:297)
	at java.base/java.util.concurrent.Executors$RunnableAdapter.call(Executors.java:515)
	at java.base/java.util.concurrent.FutureTask.run(FutureTask.java:264)
	at java.base/java.util.concurrent.ThreadPoolExecutor.runWorker(ThreadPoolExecutor.java:1128)
	at java.base/java.util.concurrent.ThreadPoolExecutor$Worker.run(ThreadPoolExecutor.java:628)
	... 1 more
java.util.concurrent.ExecutionException: jetbrains.exodus.ExodusException
	at java.base/java.util.concurrent.FutureTask.report(FutureTask.java:122)
	at java.base/java.util.concurrent.FutureTask.get(FutureTask.java:191)
	at jetbrains.exodus.newLogConcept.MVCC.MVCCDataStructure.commitTransaction(MVCCDataStructure.java:299)
	at site.ycsb.db.XodusClient.insert(XodusClient.java:60)
	at site.ycsb.DBWrapper.insert(DBWrapper.java:227)
	at site.ycsb.workloads.CoreWorkload.doInsert(CoreWorkload.java:621)
	at site.ycsb.ClientThread.run(ClientThread.java:135)
	at java.base/java.lang.Thread.run(Thread.java:829)
Caused by: jetbrains.exodus.ExodusException
	at jetbrains.exodus.newLogConcept.garbageCollector.OperationLogGarbageCollector.moveAndRemoveRecordsFromLog(OperationLogGarbageCollector.java:69)
	at jetbrains.exodus.newLogConcept.garbageCollector.OperationLogGarbageCollector.clean(OperationLogGarbageCollector.java:51)
	at jetbrains.exodus.newLogConcept.MVCC.MVCCDataStructure.lambda$commitTransaction$1(MVCCDataStructure.java:297)
	at java.base/java.util.concurrent.Executors$RunnableAdapter.call(Executors.java:515)
	at java.base/java.util.concurrent.FutureTask.run(FutureTask.java:264)
	at java.base/java.util.concurrent.ThreadPoolExecutor.runWorker(ThreadPoolExecutor.java:1128)
	at java.base/java.util.concurrent.ThreadPoolExecutor$Worker.run(ThreadPoolExecutor.java:628)
	... 1 more
java.util.concurrent.ExecutionException: jetbrains.exodus.ExodusException
	at java.base/java.util.concurrent.FutureTask.report(FutureTask.java:122)
	at java.base/java.util.concurrent.FutureTask.get(FutureTask.java:191)
	at jetbrains.exodus.newLogConcept.MVCC.MVCCDataStructure.commitTransaction(MVCCDataStructure.java:299)
	at site.ycsb.db.XodusClient.insert(XodusClient.java:60)
	at site.ycsb.DBWrapper.insert(DBWrapper.java:227)
	at site.ycsb.workloads.CoreWorkload.doInsert(CoreWorkload.java:621)
	at site.ycsb.ClientThread.run(ClientThread.java:135)
	at java.base/java.lang.Thread.run(Thread.java:829)
Caused by: jetbrains.exodus.ExodusException
	at jetbrains.exodus.newLogConcept.garbageCollector.OperationLogGarbageCollector.moveAndRemoveRecordsFromLog(OperationLogGarbageCollector.java:69)
	at jetbrains.exodus.newLogConcept.garbageCollector.OperationLogGarbageCollector.clean(OperationLogGarbageCollector.java:51)
	at jetbrains.exodus.newLogConcept.MVCC.MVCCDataStructure.lambda$commitTransaction$1(MVCCDataStructure.java:297)
	at java.base/java.util.concurrent.Executors$RunnableAdapter.call(Executors.java:515)
	at java.base/java.util.concurrent.FutureTask.run(FutureTask.java:264)
	at java.base/java.util.concurrent.ThreadPoolExecutor.runWorker(ThreadPoolExecutor.java:1128)
	at java.base/java.util.concurrent.ThreadPoolExecutor$Worker.run(ThreadPoolExecutor.java:628)
	... 1 more
java.util.concurrent.ExecutionException: jetbrains.exodus.ExodusException
	at java.base/java.util.concurrent.FutureTask.report(FutureTask.java:122)
	at java.base/java.util.concurrent.FutureTask.get(FutureTask.java:191)
	at jetbrains.exodus.newLogConcept.MVCC.MVCCDataStructure.commitTransaction(MVCCDataStructure.java:299)
	at site.ycsb.db.XodusClient.insert(XodusClient.java:60)
	at site.ycsb.DBWrapper.insert(DBWrapper.java:227)
	at site.ycsb.workloads.CoreWorkload.doInsert(CoreWorkload.java:621)
	at site.ycsb.ClientThread.run(ClientThread.java:135)
	at java.base/java.lang.Thread.run(Thread.java:829)
Caused by: jetbrains.exodus.ExodusException
	at jetbrains.exodus.newLogConcept.garbageCollector.OperationLogGarbageCollector.moveAndRemoveRecordsFromLog(OperationLogGarbageCollector.java:69)
	at jetbrains.exodus.newLogConcept.garbageCollector.OperationLogGarbageCollector.clean(OperationLogGarbageCollector.java:51)
	at jetbrains.exodus.newLogConcept.MVCC.MVCCDataStructure.lambda$commitTransaction$1(MVCCDataStructure.java:297)
	at java.base/java.util.concurrent.Executors$RunnableAdapter.call(Executors.java:515)
	at java.base/java.util.concurrent.FutureTask.run(FutureTask.java:264)
	at java.base/java.util.concurrent.ThreadPoolExecutor.runWorker(ThreadPoolExecutor.java:1128)
	at java.base/java.util.concurrent.ThreadPoolExecutor$Worker.run(ThreadPoolExecutor.java:628)
	... 1 more
java.util.concurrent.ExecutionException: jetbrains.exodus.ExodusException
	at java.base/java.util.concurrent.FutureTask.report(FutureTask.java:122)
	at java.base/java.util.concurrent.FutureTask.get(FutureTask.java:191)
	at jetbrains.exodus.newLogConcept.MVCC.MVCCDataStructure.commitTransaction(MVCCDataStructure.java:299)
	at site.ycsb.db.XodusClient.insert(XodusClient.java:60)
	at site.ycsb.DBWrapper.insert(DBWrapper.java:227)
	at site.ycsb.workloads.CoreWorkload.doInsert(CoreWorkload.java:621)
	at site.ycsb.ClientThread.run(ClientThread.java:135)
	at java.base/java.lang.Thread.run(Thread.java:829)
Caused by: jetbrains.exodus.ExodusException
	at jetbrains.exodus.newLogConcept.garbageCollector.OperationLogGarbageCollector.moveAndRemoveRecordsFromLog(OperationLogGarbageCollector.java:69)
	at jetbrains.exodus.newLogConcept.garbageCollector.OperationLogGarbageCollector.clean(OperationLogGarbageCollector.java:51)
	at jetbrains.exodus.newLogConcept.MVCC.MVCCDataStructure.lambda$commitTransaction$1(MVCCDataStructure.java:297)
	at java.base/java.util.concurrent.Executors$RunnableAdapter.call(Executors.java:515)
	at java.base/java.util.concurrent.FutureTask.run(FutureTask.java:264)
	at java.base/java.util.concurrent.ThreadPoolExecutor.runWorker(ThreadPoolExecutor.java:1128)
	at java.base/java.util.concurrent.ThreadPoolExecutor$Worker.run(ThreadPoolExecutor.java:628)
	... 1 more
java.util.concurrent.ExecutionException: jetbrains.exodus.ExodusException
	at java.base/java.util.concurrent.FutureTask.report(FutureTask.java:122)
	at java.base/java.util.concurrent.FutureTask.get(FutureTask.java:191)
	at jetbrains.exodus.newLogConcept.MVCC.MVCCDataStructure.commitTransaction(MVCCDataStructure.java:299)
	at site.ycsb.db.XodusClient.insert(XodusClient.java:60)
	at site.ycsb.DBWrapper.insert(DBWrapper.java:227)
	at site.ycsb.workloads.CoreWorkload.doInsert(CoreWorkload.java:621)
	at site.ycsb.ClientThread.run(ClientThread.java:135)
	at java.base/java.lang.Thread.run(Thread.java:829)
Caused by: jetbrains.exodus.ExodusException
	at jetbrains.exodus.newLogConcept.garbageCollector.OperationLogGarbageCollector.moveAndRemoveRecordsFromLog(OperationLogGarbageCollector.java:69)
	at jetbrains.exodus.newLogConcept.garbageCollector.OperationLogGarbageCollector.clean(OperationLogGarbageCollector.java:51)
	at jetbrains.exodus.newLogConcept.MVCC.MVCCDataStructure.lambda$commitTransaction$1(MVCCDataStructure.java:297)
	at java.base/java.util.concurrent.Executors$RunnableAdapter.call(Executors.java:515)
	at java.base/java.util.concurrent.FutureTask.run(FutureTask.java:264)
	at java.base/java.util.concurrent.ThreadPoolExecutor.runWorker(ThreadPoolExecutor.java:1128)
	at java.base/java.util.concurrent.ThreadPoolExecutor$Worker.run(ThreadPoolExecutor.java:628)
	... 1 more
java.util.concurrent.ExecutionException: jetbrains.exodus.ExodusException
	at java.base/java.util.concurrent.FutureTask.report(FutureTask.java:122)
	at java.base/java.util.concurrent.FutureTask.get(FutureTask.java:191)
	at jetbrains.exodus.newLogConcept.MVCC.MVCCDataStructure.commitTransaction(MVCCDataStructure.java:299)
	at site.ycsb.db.XodusClient.insert(XodusClient.java:60)
	at site.ycsb.DBWrapper.insert(DBWrapper.java:227)
	at site.ycsb.workloads.CoreWorkload.doInsert(CoreWorkload.java:621)
	at site.ycsb.ClientThread.run(ClientThread.java:135)
	at java.base/java.lang.Thread.run(Thread.java:829)
Caused by: jetbrains.exodus.ExodusException
	at jetbrains.exodus.newLogConcept.garbageCollector.OperationLogGarbageCollector.moveAndRemoveRecordsFromLog(OperationLogGarbageCollector.java:69)
	at jetbrains.exodus.newLogConcept.garbageCollector.OperationLogGarbageCollector.clean(OperationLogGarbageCollector.java:51)
	at jetbrains.exodus.newLogConcept.MVCC.MVCCDataStructure.lambda$commitTransaction$1(MVCCDataStructure.java:297)
	at java.base/java.util.concurrent.Executors$RunnableAdapter.call(Executors.java:515)
	at java.base/java.util.concurrent.FutureTask.run(FutureTask.java:264)
	at java.base/java.util.concurrent.ThreadPoolExecutor.runWorker(ThreadPoolExecutor.java:1128)
	at java.base/java.util.concurrent.ThreadPoolExecutor$Worker.run(ThreadPoolExecutor.java:628)
	... 1 more
java.util.concurrent.ExecutionException: jetbrains.exodus.ExodusException
	at java.base/java.util.concurrent.FutureTask.report(FutureTask.java:122)
	at java.base/java.util.concurrent.FutureTask.get(FutureTask.java:191)
	at jetbrains.exodus.newLogConcept.MVCC.MVCCDataStructure.commitTransaction(MVCCDataStructure.java:299)
	at site.ycsb.db.XodusClient.insert(XodusClient.java:60)
	at site.ycsb.DBWrapper.insert(DBWrapper.java:227)
	at site.ycsb.workloads.CoreWorkload.doInsert(CoreWorkload.java:621)
	at site.ycsb.ClientThread.run(ClientThread.java:135)
	at java.base/java.lang.Thread.run(Thread.java:829)
Caused by: jetbrains.exodus.ExodusException
	at jetbrains.exodus.newLogConcept.garbageCollector.OperationLogGarbageCollector.moveAndRemoveRecordsFromLog(OperationLogGarbageCollector.java:69)
	at jetbrains.exodus.newLogConcept.garbageCollector.OperationLogGarbageCollector.clean(OperationLogGarbageCollector.java:51)
	at jetbrains.exodus.newLogConcept.MVCC.MVCCDataStructure.lambda$commitTransaction$1(MVCCDataStructure.java:297)
	at java.base/java.util.concurrent.Executors$RunnableAdapter.call(Executors.java:515)
	at java.base/java.util.concurrent.FutureTask.run(FutureTask.java:264)
	at java.base/java.util.concurrent.ThreadPoolExecutor.runWorker(ThreadPoolExecutor.java:1128)
	at java.base/java.util.concurrent.ThreadPoolExecutor$Worker.run(ThreadPoolExecutor.java:628)
	... 1 more
java.util.concurrent.ExecutionException: jetbrains.exodus.ExodusException
	at java.base/java.util.concurrent.FutureTask.report(FutureTask.java:122)
	at java.base/java.util.concurrent.FutureTask.get(FutureTask.java:191)
	at jetbrains.exodus.newLogConcept.MVCC.MVCCDataStructure.commitTransaction(MVCCDataStructure.java:299)
	at site.ycsb.db.XodusClient.insert(XodusClient.java:60)
	at site.ycsb.DBWrapper.insert(DBWrapper.java:227)
	at site.ycsb.workloads.CoreWorkload.doInsert(CoreWorkload.java:621)
	at site.ycsb.ClientThread.run(ClientThread.java:135)
	at java.base/java.lang.Thread.run(Thread.java:829)
Caused by: jetbrains.exodus.ExodusException
	at jetbrains.exodus.newLogConcept.garbageCollector.OperationLogGarbageCollector.moveAndRemoveRecordsFromLog(OperationLogGarbageCollector.java:69)
	at jetbrains.exodus.newLogConcept.garbageCollector.OperationLogGarbageCollector.clean(OperationLogGarbageCollector.java:51)
	at jetbrains.exodus.newLogConcept.MVCC.MVCCDataStructure.lambda$commitTransaction$1(MVCCDataStructure.java:297)
	at java.base/java.util.concurrent.Executors$RunnableAdapter.call(Executors.java:515)
	at java.base/java.util.concurrent.FutureTask.run(FutureTask.java:264)
	at java.base/java.util.concurrent.ThreadPoolExecutor.runWorker(ThreadPoolExecutor.java:1128)
	at java.base/java.util.concurrent.ThreadPoolExecutor$Worker.run(ThreadPoolExecutor.java:628)
	... 1 more
java.util.concurrent.ExecutionException: jetbrains.exodus.ExodusException
	at java.base/java.util.concurrent.FutureTask.report(FutureTask.java:122)
	at java.base/java.util.concurrent.FutureTask.get(FutureTask.java:191)
	at jetbrains.exodus.newLogConcept.MVCC.MVCCDataStructure.commitTransaction(MVCCDataStructure.java:299)
	at site.ycsb.db.XodusClient.insert(XodusClient.java:60)
	at site.ycsb.DBWrapper.insert(DBWrapper.java:227)
	at site.ycsb.workloads.CoreWorkload.doInsert(CoreWorkload.java:621)
	at site.ycsb.ClientThread.run(ClientThread.java:135)
	at java.base/java.lang.Thread.run(Thread.java:829)
Caused by: jetbrains.exodus.ExodusException
	at jetbrains.exodus.newLogConcept.garbageCollector.OperationLogGarbageCollector.moveAndRemoveRecordsFromLog(OperationLogGarbageCollector.java:69)
	at jetbrains.exodus.newLogConcept.garbageCollector.OperationLogGarbageCollector.clean(OperationLogGarbageCollector.java:51)
	at jetbrains.exodus.newLogConcept.MVCC.MVCCDataStructure.lambda$commitTransaction$1(MVCCDataStructure.java:297)
	at java.base/java.util.concurrent.Executors$RunnableAdapter.call(Executors.java:515)
	at java.base/java.util.concurrent.FutureTask.run(FutureTask.java:264)
	at java.base/java.util.concurrent.ThreadPoolExecutor.runWorker(ThreadPoolExecutor.java:1128)
	at java.base/java.util.concurrent.ThreadPoolExecutor$Worker.run(ThreadPoolExecutor.java:628)
	... 1 more
java.util.concurrent.ExecutionException: jetbrains.exodus.ExodusException
	at java.base/java.util.concurrent.FutureTask.report(FutureTask.java:122)
	at java.base/java.util.concurrent.FutureTask.get(FutureTask.java:191)
	at jetbrains.exodus.newLogConcept.MVCC.MVCCDataStructure.commitTransaction(MVCCDataStructure.java:299)
	at site.ycsb.db.XodusClient.insert(XodusClient.java:60)
	at site.ycsb.DBWrapper.insert(DBWrapper.java:227)
	at site.ycsb.workloads.CoreWorkload.doInsert(CoreWorkload.java:621)
	at site.ycsb.ClientThread.run(ClientThread.java:135)
	at java.base/java.lang.Thread.run(Thread.java:829)
Caused by: jetbrains.exodus.ExodusException
	at jetbrains.exodus.newLogConcept.garbageCollector.OperationLogGarbageCollector.moveAndRemoveRecordsFromLog(OperationLogGarbageCollector.java:69)
	at jetbrains.exodus.newLogConcept.garbageCollector.OperationLogGarbageCollector.clean(OperationLogGarbageCollector.java:51)
	at jetbrains.exodus.newLogConcept.MVCC.MVCCDataStructure.lambda$commitTransaction$1(MVCCDataStructure.java:297)
	at java.base/java.util.concurrent.Executors$RunnableAdapter.call(Executors.java:515)
	at java.base/java.util.concurrent.FutureTask.run(FutureTask.java:264)
	at java.base/java.util.concurrent.ThreadPoolExecutor.runWorker(ThreadPoolExecutor.java:1128)
	at java.base/java.util.concurrent.ThreadPoolExecutor$Worker.run(ThreadPoolExecutor.java:628)
	... 1 more
java.util.concurrent.ExecutionException: jetbrains.exodus.ExodusException
	at java.base/java.util.concurrent.FutureTask.report(FutureTask.java:122)
	at java.base/java.util.concurrent.FutureTask.get(FutureTask.java:191)
	at jetbrains.exodus.newLogConcept.MVCC.MVCCDataStructure.commitTransaction(MVCCDataStructure.java:299)
	at site.ycsb.db.XodusClient.insert(XodusClient.java:60)
	at site.ycsb.DBWrapper.insert(DBWrapper.java:227)
	at site.ycsb.workloads.CoreWorkload.doInsert(CoreWorkload.java:621)
	at site.ycsb.ClientThread.run(ClientThread.java:135)
	at java.base/java.lang.Thread.run(Thread.java:829)
Caused by: jetbrains.exodus.ExodusException
	at jetbrains.exodus.newLogConcept.garbageCollector.OperationLogGarbageCollector.moveAndRemoveRecordsFromLog(OperationLogGarbageCollector.java:69)
	at jetbrains.exodus.newLogConcept.garbageCollector.OperationLogGarbageCollector.clean(OperationLogGarbageCollector.java:51)
	at jetbrains.exodus.newLogConcept.MVCC.MVCCDataStructure.lambda$commitTransaction$1(MVCCDataStructure.java:297)
	at java.base/java.util.concurrent.Executors$RunnableAdapter.call(Executors.java:515)
	at java.base/java.util.concurrent.FutureTask.run(FutureTask.java:264)
	at java.base/java.util.concurrent.ThreadPoolExecutor.runWorker(ThreadPoolExecutor.java:1128)
	at java.base/java.util.concurrent.ThreadPoolExecutor$Worker.run(ThreadPoolExecutor.java:628)
	... 1 more
java.util.concurrent.ExecutionException: jetbrains.exodus.ExodusException
	at java.base/java.util.concurrent.FutureTask.report(FutureTask.java:122)
	at java.base/java.util.concurrent.FutureTask.get(FutureTask.java:191)
	at jetbrains.exodus.newLogConcept.MVCC.MVCCDataStructure.commitTransaction(MVCCDataStructure.java:299)
	at site.ycsb.db.XodusClient.insert(XodusClient.java:60)
	at site.ycsb.DBWrapper.insert(DBWrapper.java:227)
	at site.ycsb.workloads.CoreWorkload.doInsert(CoreWorkload.java:621)
	at site.ycsb.ClientThread.run(ClientThread.java:135)
	at java.base/java.lang.Thread.run(Thread.java:829)
Caused by: jetbrains.exodus.ExodusException
	at jetbrains.exodus.newLogConcept.garbageCollector.OperationLogGarbageCollector.moveAndRemoveRecordsFromLog(OperationLogGarbageCollector.java:69)
	at jetbrains.exodus.newLogConcept.garbageCollector.OperationLogGarbageCollector.clean(OperationLogGarbageCollector.java:51)
	at jetbrains.exodus.newLogConcept.MVCC.MVCCDataStructure.lambda$commitTransaction$1(MVCCDataStructure.java:297)
	at java.base/java.util.concurrent.Executors$RunnableAdapter.call(Executors.java:515)
	at java.base/java.util.concurrent.FutureTask.run(FutureTask.java:264)
	at java.base/java.util.concurrent.ThreadPoolExecutor.runWorker(ThreadPoolExecutor.java:1128)
	at java.base/java.util.concurrent.ThreadPoolExecutor$Worker.run(ThreadPoolExecutor.java:628)
	... 1 more
java.util.concurrent.ExecutionException: jetbrains.exodus.ExodusException
	at java.base/java.util.concurrent.FutureTask.report(FutureTask.java:122)
	at java.base/java.util.concurrent.FutureTask.get(FutureTask.java:191)
	at jetbrains.exodus.newLogConcept.MVCC.MVCCDataStructure.commitTransaction(MVCCDataStructure.java:299)
	at site.ycsb.db.XodusClient.insert(XodusClient.java:60)
	at site.ycsb.DBWrapper.insert(DBWrapper.java:227)
	at site.ycsb.workloads.CoreWorkload.doInsert(CoreWorkload.java:621)
	at site.ycsb.ClientThread.run(ClientThread.java:135)
	at java.base/java.lang.Thread.run(Thread.java:829)
Caused by: jetbrains.exodus.ExodusException
	at jetbrains.exodus.newLogConcept.garbageCollector.OperationLogGarbageCollector.moveAndRemoveRecordsFromLog(OperationLogGarbageCollector.java:69)
	at jetbrains.exodus.newLogConcept.garbageCollector.OperationLogGarbageCollector.clean(OperationLogGarbageCollector.java:51)
	at jetbrains.exodus.newLogConcept.MVCC.MVCCDataStructure.lambda$commitTransaction$1(MVCCDataStructure.java:297)
	at java.base/java.util.concurrent.Executors$RunnableAdapter.call(Executors.java:515)
	at java.base/java.util.concurrent.FutureTask.run(FutureTask.java:264)
	at java.base/java.util.concurrent.ThreadPoolExecutor.runWorker(ThreadPoolExecutor.java:1128)
	at java.base/java.util.concurrent.ThreadPoolExecutor$Worker.run(ThreadPoolExecutor.java:628)
	... 1 more
java.util.concurrent.ExecutionException: jetbrains.exodus.ExodusException
	at java.base/java.util.concurrent.FutureTask.report(FutureTask.java:122)
	at java.base/java.util.concurrent.FutureTask.get(FutureTask.java:191)
	at jetbrains.exodus.newLogConcept.MVCC.MVCCDataStructure.commitTransaction(MVCCDataStructure.java:299)
	at site.ycsb.db.XodusClient.insert(XodusClient.java:60)
	at site.ycsb.DBWrapper.insert(DBWrapper.java:227)
	at site.ycsb.workloads.CoreWorkload.doInsert(CoreWorkload.java:621)
	at site.ycsb.ClientThread.run(ClientThread.java:135)
	at java.base/java.lang.Thread.run(Thread.java:829)
Caused by: jetbrains.exodus.ExodusException
	at jetbrains.exodus.newLogConcept.garbageCollector.OperationLogGarbageCollector.moveAndRemoveRecordsFromLog(OperationLogGarbageCollector.java:69)
	at jetbrains.exodus.newLogConcept.garbageCollector.OperationLogGarbageCollector.clean(OperationLogGarbageCollector.java:51)
	at jetbrains.exodus.newLogConcept.MVCC.MVCCDataStructure.lambda$commitTransaction$1(MVCCDataStructure.java:297)
	at java.base/java.util.concurrent.Executors$RunnableAdapter.call(Executors.java:515)
	at java.base/java.util.concurrent.FutureTask.run(FutureTask.java:264)
	at java.base/java.util.concurrent.ThreadPoolExecutor.runWorker(ThreadPoolExecutor.java:1128)
	at java.base/java.util.concurrent.ThreadPoolExecutor$Worker.run(ThreadPoolExecutor.java:628)
	... 1 more
java.util.concurrent.ExecutionException: jetbrains.exodus.ExodusException
	at java.base/java.util.concurrent.FutureTask.report(FutureTask.java:122)
	at java.base/java.util.concurrent.FutureTask.get(FutureTask.java:191)
	at jetbrains.exodus.newLogConcept.MVCC.MVCCDataStructure.commitTransaction(MVCCDataStructure.java:299)
	at site.ycsb.db.XodusClient.insert(XodusClient.java:60)
	at site.ycsb.DBWrapper.insert(DBWrapper.java:227)
	at site.ycsb.workloads.CoreWorkload.doInsert(CoreWorkload.java:621)
	at site.ycsb.ClientThread.run(ClientThread.java:135)
	at java.base/java.lang.Thread.run(Thread.java:829)
Caused by: jetbrains.exodus.ExodusException
	at jetbrains.exodus.newLogConcept.garbageCollector.OperationLogGarbageCollector.moveAndRemoveRecordsFromLog(OperationLogGarbageCollector.java:69)
	at jetbrains.exodus.newLogConcept.garbageCollector.OperationLogGarbageCollector.clean(OperationLogGarbageCollector.java:51)
	at jetbrains.exodus.newLogConcept.MVCC.MVCCDataStructure.lambda$commitTransaction$1(MVCCDataStructure.java:297)
	at java.base/java.util.concurrent.Executors$RunnableAdapter.call(Executors.java:515)
	at java.base/java.util.concurrent.FutureTask.run(FutureTask.java:264)
	at java.base/java.util.concurrent.ThreadPoolExecutor.runWorker(ThreadPoolExecutor.java:1128)
	at java.base/java.util.concurrent.ThreadPoolExecutor$Worker.run(ThreadPoolExecutor.java:628)
	... 1 more
java.util.concurrent.ExecutionException: jetbrains.exodus.ExodusException
	at java.base/java.util.concurrent.FutureTask.report(FutureTask.java:122)
	at java.base/java.util.concurrent.FutureTask.get(FutureTask.java:191)
	at jetbrains.exodus.newLogConcept.MVCC.MVCCDataStructure.commitTransaction(MVCCDataStructure.java:299)
	at site.ycsb.db.XodusClient.insert(XodusClient.java:60)
	at site.ycsb.DBWrapper.insert(DBWrapper.java:227)
	at site.ycsb.workloads.CoreWorkload.doInsert(CoreWorkload.java:621)
	at site.ycsb.ClientThread.run(ClientThread.java:135)
	at java.base/java.lang.Thread.run(Thread.java:829)
Caused by: jetbrains.exodus.ExodusException
	at jetbrains.exodus.newLogConcept.garbageCollector.OperationLogGarbageCollector.moveAndRemoveRecordsFromLog(OperationLogGarbageCollector.java:69)
	at jetbrains.exodus.newLogConcept.garbageCollector.OperationLogGarbageCollector.clean(OperationLogGarbageCollector.java:51)
	at jetbrains.exodus.newLogConcept.MVCC.MVCCDataStructure.lambda$commitTransaction$1(MVCCDataStructure.java:297)
	at java.base/java.util.concurrent.Executors$RunnableAdapter.call(Executors.java:515)
	at java.base/java.util.concurrent.FutureTask.run(FutureTask.java:264)
	at java.base/java.util.concurrent.ThreadPoolExecutor.runWorker(ThreadPoolExecutor.java:1128)
	at java.base/java.util.concurrent.ThreadPoolExecutor$Worker.run(ThreadPoolExecutor.java:628)
	... 1 more
java.util.concurrent.ExecutionException: jetbrains.exodus.ExodusException
	at java.base/java.util.concurrent.FutureTask.report(FutureTask.java:122)
	at java.base/java.util.concurrent.FutureTask.get(FutureTask.java:191)
	at jetbrains.exodus.newLogConcept.MVCC.MVCCDataStructure.commitTransaction(MVCCDataStructure.java:299)
	at site.ycsb.db.XodusClient.insert(XodusClient.java:60)
	at site.ycsb.DBWrapper.insert(DBWrapper.java:227)
	at site.ycsb.workloads.CoreWorkload.doInsert(CoreWorkload.java:621)
	at site.ycsb.ClientThread.run(ClientThread.java:135)
	at java.base/java.lang.Thread.run(Thread.java:829)
Caused by: jetbrains.exodus.ExodusException
	at jetbrains.exodus.newLogConcept.garbageCollector.OperationLogGarbageCollector.moveAndRemoveRecordsFromLog(OperationLogGarbageCollector.java:69)
	at jetbrains.exodus.newLogConcept.garbageCollector.OperationLogGarbageCollector.clean(OperationLogGarbageCollector.java:51)
	at jetbrains.exodus.newLogConcept.MVCC.MVCCDataStructure.lambda$commitTransaction$1(MVCCDataStructure.java:297)
	at java.base/java.util.concurrent.Executors$RunnableAdapter.call(Executors.java:515)
	at java.base/java.util.concurrent.FutureTask.run(FutureTask.java:264)
	at java.base/java.util.concurrent.ThreadPoolExecutor.runWorker(ThreadPoolExecutor.java:1128)
	at java.base/java.util.concurrent.ThreadPoolExecutor$Worker.run(ThreadPoolExecutor.java:628)
	... 1 more
java.util.concurrent.ExecutionException: jetbrains.exodus.ExodusException
	at java.base/java.util.concurrent.FutureTask.report(FutureTask.java:122)
	at java.base/java.util.concurrent.FutureTask.get(FutureTask.java:191)
	at jetbrains.exodus.newLogConcept.MVCC.MVCCDataStructure.commitTransaction(MVCCDataStructure.java:299)
	at site.ycsb.db.XodusClient.insert(XodusClient.java:60)
	at site.ycsb.DBWrapper.insert(DBWrapper.java:227)
	at site.ycsb.workloads.CoreWorkload.doInsert(CoreWorkload.java:621)
	at site.ycsb.ClientThread.run(ClientThread.java:135)
	at java.base/java.lang.Thread.run(Thread.java:829)
Caused by: jetbrains.exodus.ExodusException
	at jetbrains.exodus.newLogConcept.garbageCollector.OperationLogGarbageCollector.moveAndRemoveRecordsFromLog(OperationLogGarbageCollector.java:69)
	at jetbrains.exodus.newLogConcept.garbageCollector.OperationLogGarbageCollector.clean(OperationLogGarbageCollector.java:51)
	at jetbrains.exodus.newLogConcept.MVCC.MVCCDataStructure.lambda$commitTransaction$1(MVCCDataStructure.java:297)
	at java.base/java.util.concurrent.Executors$RunnableAdapter.call(Executors.java:515)
	at java.base/java.util.concurrent.FutureTask.run(FutureTask.java:264)
	at java.base/java.util.concurrent.ThreadPoolExecutor.runWorker(ThreadPoolExecutor.java:1128)
	at java.base/java.util.concurrent.ThreadPoolExecutor$Worker.run(ThreadPoolExecutor.java:628)
	... 1 more
java.util.concurrent.ExecutionException: jetbrains.exodus.ExodusException
	at java.base/java.util.concurrent.FutureTask.report(FutureTask.java:122)
	at java.base/java.util.concurrent.FutureTask.get(FutureTask.java:191)
	at jetbrains.exodus.newLogConcept.MVCC.MVCCDataStructure.commitTransaction(MVCCDataStructure.java:299)
	at site.ycsb.db.XodusClient.insert(XodusClient.java:60)
	at site.ycsb.DBWrapper.insert(DBWrapper.java:227)
	at site.ycsb.workloads.CoreWorkload.doInsert(CoreWorkload.java:621)
	at site.ycsb.ClientThread.run(ClientThread.java:135)
	at java.base/java.lang.Thread.run(Thread.java:829)
Caused by: jetbrains.exodus.ExodusException
	at jetbrains.exodus.newLogConcept.garbageCollector.OperationLogGarbageCollector.moveAndRemoveRecordsFromLog(OperationLogGarbageCollector.java:69)
	at jetbrains.exodus.newLogConcept.garbageCollector.OperationLogGarbageCollector.clean(OperationLogGarbageCollector.java:51)
	at jetbrains.exodus.newLogConcept.MVCC.MVCCDataStructure.lambda$commitTransaction$1(MVCCDataStructure.java:297)
	at java.base/java.util.concurrent.Executors$RunnableAdapter.call(Executors.java:515)
	at java.base/java.util.concurrent.FutureTask.run(FutureTask.java:264)
	at java.base/java.util.concurrent.ThreadPoolExecutor.runWorker(ThreadPoolExecutor.java:1128)
	at java.base/java.util.concurrent.ThreadPoolExecutor$Worker.run(ThreadPoolExecutor.java:628)
	... 1 more
java.util.concurrent.ExecutionException: jetbrains.exodus.ExodusException
	at java.base/java.util.concurrent.FutureTask.report(FutureTask.java:122)
	at java.base/java.util.concurrent.FutureTask.get(FutureTask.java:191)
	at jetbrains.exodus.newLogConcept.MVCC.MVCCDataStructure.commitTransaction(MVCCDataStructure.java:299)
	at site.ycsb.db.XodusClient.insert(XodusClient.java:60)
	at site.ycsb.DBWrapper.insert(DBWrapper.java:227)
	at site.ycsb.workloads.CoreWorkload.doInsert(CoreWorkload.java:621)
	at site.ycsb.ClientThread.run(ClientThread.java:135)
	at java.base/java.lang.Thread.run(Thread.java:829)
Caused by: jetbrains.exodus.ExodusException
	at jetbrains.exodus.newLogConcept.garbageCollector.OperationLogGarbageCollector.moveAndRemoveRecordsFromLog(OperationLogGarbageCollector.java:69)
	at jetbrains.exodus.newLogConcept.garbageCollector.OperationLogGarbageCollector.clean(OperationLogGarbageCollector.java:51)
	at jetbrains.exodus.newLogConcept.MVCC.MVCCDataStructure.lambda$commitTransaction$1(MVCCDataStructure.java:297)
	at java.base/java.util.concurrent.Executors$RunnableAdapter.call(Executors.java:515)
	at java.base/java.util.concurrent.FutureTask.run(FutureTask.java:264)
	at java.base/java.util.concurrent.ThreadPoolExecutor.runWorker(ThreadPoolExecutor.java:1128)
	at java.base/java.util.concurrent.ThreadPoolExecutor$Worker.run(ThreadPoolExecutor.java:628)
	... 1 more
java.util.concurrent.ExecutionException: jetbrains.exodus.ExodusException
	at java.base/java.util.concurrent.FutureTask.report(FutureTask.java:122)
	at java.base/java.util.concurrent.FutureTask.get(FutureTask.java:191)
	at jetbrains.exodus.newLogConcept.MVCC.MVCCDataStructure.commitTransaction(MVCCDataStructure.java:299)
	at site.ycsb.db.XodusClient.insert(XodusClient.java:60)
	at site.ycsb.DBWrapper.insert(DBWrapper.java:227)
	at site.ycsb.workloads.CoreWorkload.doInsert(CoreWorkload.java:621)
	at site.ycsb.ClientThread.run(ClientThread.java:135)
	at java.base/java.lang.Thread.run(Thread.java:829)
Caused by: jetbrains.exodus.ExodusException
	at jetbrains.exodus.newLogConcept.garbageCollector.OperationLogGarbageCollector.moveAndRemoveRecordsFromLog(OperationLogGarbageCollector.java:69)
	at jetbrains.exodus.newLogConcept.garbageCollector.OperationLogGarbageCollector.clean(OperationLogGarbageCollector.java:51)
	at jetbrains.exodus.newLogConcept.MVCC.MVCCDataStructure.lambda$commitTransaction$1(MVCCDataStructure.java:297)
	at java.base/java.util.concurrent.Executors$RunnableAdapter.call(Executors.java:515)
	at java.base/java.util.concurrent.FutureTask.run(FutureTask.java:264)
	at java.base/java.util.concurrent.ThreadPoolExecutor.runWorker(ThreadPoolExecutor.java:1128)
	at java.base/java.util.concurrent.ThreadPoolExecutor$Worker.run(ThreadPoolExecutor.java:628)
	... 1 more
java.util.concurrent.ExecutionException: jetbrains.exodus.ExodusException
	at java.base/java.util.concurrent.FutureTask.report(FutureTask.java:122)
	at java.base/java.util.concurrent.FutureTask.get(FutureTask.java:191)
	at jetbrains.exodus.newLogConcept.MVCC.MVCCDataStructure.commitTransaction(MVCCDataStructure.java:299)
	at site.ycsb.db.XodusClient.insert(XodusClient.java:60)
	at site.ycsb.DBWrapper.insert(DBWrapper.java:227)
	at site.ycsb.workloads.CoreWorkload.doInsert(CoreWorkload.java:621)
	at site.ycsb.ClientThread.run(ClientThread.java:135)
	at java.base/java.lang.Thread.run(Thread.java:829)
Caused by: jetbrains.exodus.ExodusException
	at jetbrains.exodus.newLogConcept.garbageCollector.OperationLogGarbageCollector.moveAndRemoveRecordsFromLog(OperationLogGarbageCollector.java:69)
	at jetbrains.exodus.newLogConcept.garbageCollector.OperationLogGarbageCollector.clean(OperationLogGarbageCollector.java:51)
	at jetbrains.exodus.newLogConcept.MVCC.MVCCDataStructure.lambda$commitTransaction$1(MVCCDataStructure.java:297)
	at java.base/java.util.concurrent.Executors$RunnableAdapter.call(Executors.java:515)
	at java.base/java.util.concurrent.FutureTask.run(FutureTask.java:264)
	at java.base/java.util.concurrent.ThreadPoolExecutor.runWorker(ThreadPoolExecutor.java:1128)
	at java.base/java.util.concurrent.ThreadPoolExecutor$Worker.run(ThreadPoolExecutor.java:628)
	... 1 more
java.util.concurrent.ExecutionException: jetbrains.exodus.ExodusException
	at java.base/java.util.concurrent.FutureTask.report(FutureTask.java:122)
	at java.base/java.util.concurrent.FutureTask.get(FutureTask.java:191)
	at jetbrains.exodus.newLogConcept.MVCC.MVCCDataStructure.commitTransaction(MVCCDataStructure.java:299)
	at site.ycsb.db.XodusClient.insert(XodusClient.java:60)
	at site.ycsb.DBWrapper.insert(DBWrapper.java:227)
	at site.ycsb.workloads.CoreWorkload.doInsert(CoreWorkload.java:621)
	at site.ycsb.ClientThread.run(ClientThread.java:135)
	at java.base/java.lang.Thread.run(Thread.java:829)
Caused by: jetbrains.exodus.ExodusException
	at jetbrains.exodus.newLogConcept.garbageCollector.OperationLogGarbageCollector.moveAndRemoveRecordsFromLog(OperationLogGarbageCollector.java:69)
	at jetbrains.exodus.newLogConcept.garbageCollector.OperationLogGarbageCollector.clean(OperationLogGarbageCollector.java:51)
	at jetbrains.exodus.newLogConcept.MVCC.MVCCDataStructure.lambda$commitTransaction$1(MVCCDataStructure.java:297)
	at java.base/java.util.concurrent.Executors$RunnableAdapter.call(Executors.java:515)
	at java.base/java.util.concurrent.FutureTask.run(FutureTask.java:264)
	at java.base/java.util.concurrent.ThreadPoolExecutor.runWorker(ThreadPoolExecutor.java:1128)
	at java.base/java.util.concurrent.ThreadPoolExecutor$Worker.run(ThreadPoolExecutor.java:628)
	... 1 more
java.util.concurrent.ExecutionException: jetbrains.exodus.ExodusException
	at java.base/java.util.concurrent.FutureTask.report(FutureTask.java:122)
	at java.base/java.util.concurrent.FutureTask.get(FutureTask.java:191)
	at jetbrains.exodus.newLogConcept.MVCC.MVCCDataStructure.commitTransaction(MVCCDataStructure.java:299)
	at site.ycsb.db.XodusClient.insert(XodusClient.java:60)
	at site.ycsb.DBWrapper.insert(DBWrapper.java:227)
	at site.ycsb.workloads.CoreWorkload.doInsert(CoreWorkload.java:621)
	at site.ycsb.ClientThread.run(ClientThread.java:135)
	at java.base/java.lang.Thread.run(Thread.java:829)
Caused by: jetbrains.exodus.ExodusException
	at jetbrains.exodus.newLogConcept.garbageCollector.OperationLogGarbageCollector.moveAndRemoveRecordsFromLog(OperationLogGarbageCollector.java:69)
	at jetbrains.exodus.newLogConcept.garbageCollector.OperationLogGarbageCollector.clean(OperationLogGarbageCollector.java:51)
	at jetbrains.exodus.newLogConcept.MVCC.MVCCDataStructure.lambda$commitTransaction$1(MVCCDataStructure.java:297)
	at java.base/java.util.concurrent.Executors$RunnableAdapter.call(Executors.java:515)
	at java.base/java.util.concurrent.FutureTask.run(FutureTask.java:264)
	at java.base/java.util.concurrent.ThreadPoolExecutor.runWorker(ThreadPoolExecutor.java:1128)
	at java.base/java.util.concurrent.ThreadPoolExecutor$Worker.run(ThreadPoolExecutor.java:628)
	... 1 more
java.util.concurrent.ExecutionException: jetbrains.exodus.ExodusException
	at java.base/java.util.concurrent.FutureTask.report(FutureTask.java:122)
	at java.base/java.util.concurrent.FutureTask.get(FutureTask.java:191)
	at jetbrains.exodus.newLogConcept.MVCC.MVCCDataStructure.commitTransaction(MVCCDataStructure.java:299)
	at site.ycsb.db.XodusClient.insert(XodusClient.java:60)
	at site.ycsb.DBWrapper.insert(DBWrapper.java:227)
	at site.ycsb.workloads.CoreWorkload.doInsert(CoreWorkload.java:621)
	at site.ycsb.ClientThread.run(ClientThread.java:135)
	at java.base/java.lang.Thread.run(Thread.java:829)
Caused by: jetbrains.exodus.ExodusException
	at jetbrains.exodus.newLogConcept.garbageCollector.OperationLogGarbageCollector.moveAndRemoveRecordsFromLog(OperationLogGarbageCollector.java:69)
	at jetbrains.exodus.newLogConcept.garbageCollector.OperationLogGarbageCollector.clean(OperationLogGarbageCollector.java:51)
	at jetbrains.exodus.newLogConcept.MVCC.MVCCDataStructure.lambda$commitTransaction$1(MVCCDataStructure.java:297)
	at java.base/java.util.concurrent.Executors$RunnableAdapter.call(Executors.java:515)
	at java.base/java.util.concurrent.FutureTask.run(FutureTask.java:264)
	at java.base/java.util.concurrent.ThreadPoolExecutor.runWorker(ThreadPoolExecutor.java:1128)
	at java.base/java.util.concurrent.ThreadPoolExecutor$Worker.run(ThreadPoolExecutor.java:628)
	... 1 more
java.util.concurrent.ExecutionException: jetbrains.exodus.ExodusException
	at java.base/java.util.concurrent.FutureTask.report(FutureTask.java:122)
	at java.base/java.util.concurrent.FutureTask.get(FutureTask.java:191)
	at jetbrains.exodus.newLogConcept.MVCC.MVCCDataStructure.commitTransaction(MVCCDataStructure.java:299)
	at site.ycsb.db.XodusClient.insert(XodusClient.java:60)
	at site.ycsb.DBWrapper.insert(DBWrapper.java:227)
	at site.ycsb.workloads.CoreWorkload.doInsert(CoreWorkload.java:621)
	at site.ycsb.ClientThread.run(ClientThread.java:135)
	at java.base/java.lang.Thread.run(Thread.java:829)
Caused by: jetbrains.exodus.ExodusException
	at jetbrains.exodus.newLogConcept.garbageCollector.OperationLogGarbageCollector.moveAndRemoveRecordsFromLog(OperationLogGarbageCollector.java:69)
	at jetbrains.exodus.newLogConcept.garbageCollector.OperationLogGarbageCollector.clean(OperationLogGarbageCollector.java:51)
	at jetbrains.exodus.newLogConcept.MVCC.MVCCDataStructure.lambda$commitTransaction$1(MVCCDataStructure.java:297)
	at java.base/java.util.concurrent.Executors$RunnableAdapter.call(Executors.java:515)
	at java.base/java.util.concurrent.FutureTask.run(FutureTask.java:264)
	at java.base/java.util.concurrent.ThreadPoolExecutor.runWorker(ThreadPoolExecutor.java:1128)
	at java.base/java.util.concurrent.ThreadPoolExecutor$Worker.run(ThreadPoolExecutor.java:628)
	... 1 more
java.util.concurrent.ExecutionException: jetbrains.exodus.ExodusException
	at java.base/java.util.concurrent.FutureTask.report(FutureTask.java:122)
	at java.base/java.util.concurrent.FutureTask.get(FutureTask.java:191)
	at jetbrains.exodus.newLogConcept.MVCC.MVCCDataStructure.commitTransaction(MVCCDataStructure.java:299)
	at site.ycsb.db.XodusClient.insert(XodusClient.java:60)
	at site.ycsb.DBWrapper.insert(DBWrapper.java:227)
	at site.ycsb.workloads.CoreWorkload.doInsert(CoreWorkload.java:621)
	at site.ycsb.ClientThread.run(ClientThread.java:135)
	at java.base/java.lang.Thread.run(Thread.java:829)
Caused by: jetbrains.exodus.ExodusException
	at jetbrains.exodus.newLogConcept.garbageCollector.OperationLogGarbageCollector.moveAndRemoveRecordsFromLog(OperationLogGarbageCollector.java:69)
	at jetbrains.exodus.newLogConcept.garbageCollector.OperationLogGarbageCollector.clean(OperationLogGarbageCollector.java:51)
	at jetbrains.exodus.newLogConcept.MVCC.MVCCDataStructure.lambda$commitTransaction$1(MVCCDataStructure.java:297)
	at java.base/java.util.concurrent.Executors$RunnableAdapter.call(Executors.java:515)
	at java.base/java.util.concurrent.FutureTask.run(FutureTask.java:264)
	at java.base/java.util.concurrent.ThreadPoolExecutor.runWorker(ThreadPoolExecutor.java:1128)
	at java.base/java.util.concurrent.ThreadPoolExecutor$Worker.run(ThreadPoolExecutor.java:628)
	... 1 more
java.util.concurrent.ExecutionException: jetbrains.exodus.ExodusException
	at java.base/java.util.concurrent.FutureTask.report(FutureTask.java:122)
	at java.base/java.util.concurrent.FutureTask.get(FutureTask.java:191)
	at jetbrains.exodus.newLogConcept.MVCC.MVCCDataStructure.commitTransaction(MVCCDataStructure.java:299)
	at site.ycsb.db.XodusClient.insert(XodusClient.java:60)
	at site.ycsb.DBWrapper.insert(DBWrapper.java:227)
	at site.ycsb.workloads.CoreWorkload.doInsert(CoreWorkload.java:621)
	at site.ycsb.ClientThread.run(ClientThread.java:135)
	at java.base/java.lang.Thread.run(Thread.java:829)
Caused by: jetbrains.exodus.ExodusException
	at jetbrains.exodus.newLogConcept.garbageCollector.OperationLogGarbageCollector.moveAndRemoveRecordsFromLog(OperationLogGarbageCollector.java:69)
	at jetbrains.exodus.newLogConcept.garbageCollector.OperationLogGarbageCollector.clean(OperationLogGarbageCollector.java:51)
	at jetbrains.exodus.newLogConcept.MVCC.MVCCDataStructure.lambda$commitTransaction$1(MVCCDataStructure.java:297)
	at java.base/java.util.concurrent.Executors$RunnableAdapter.call(Executors.java:515)
	at java.base/java.util.concurrent.FutureTask.run(FutureTask.java:264)
	at java.base/java.util.concurrent.ThreadPoolExecutor.runWorker(ThreadPoolExecutor.java:1128)
	at java.base/java.util.concurrent.ThreadPoolExecutor$Worker.run(ThreadPoolExecutor.java:628)
	... 1 more
java.util.concurrent.ExecutionException: jetbrains.exodus.ExodusException
	at java.base/java.util.concurrent.FutureTask.report(FutureTask.java:122)
	at java.base/java.util.concurrent.FutureTask.get(FutureTask.java:191)
	at jetbrains.exodus.newLogConcept.MVCC.MVCCDataStructure.commitTransaction(MVCCDataStructure.java:299)
	at site.ycsb.db.XodusClient.insert(XodusClient.java:60)
	at site.ycsb.DBWrapper.insert(DBWrapper.java:227)
	at site.ycsb.workloads.CoreWorkload.doInsert(CoreWorkload.java:621)
	at site.ycsb.ClientThread.run(ClientThread.java:135)
	at java.base/java.lang.Thread.run(Thread.java:829)
Caused by: jetbrains.exodus.ExodusException
	at jetbrains.exodus.newLogConcept.garbageCollector.OperationLogGarbageCollector.moveAndRemoveRecordsFromLog(OperationLogGarbageCollector.java:69)
	at jetbrains.exodus.newLogConcept.garbageCollector.OperationLogGarbageCollector.clean(OperationLogGarbageCollector.java:51)
	at jetbrains.exodus.newLogConcept.MVCC.MVCCDataStructure.lambda$commitTransaction$1(MVCCDataStructure.java:297)
	at java.base/java.util.concurrent.Executors$RunnableAdapter.call(Executors.java:515)
	at java.base/java.util.concurrent.FutureTask.run(FutureTask.java:264)
	at java.base/java.util.concurrent.ThreadPoolExecutor.runWorker(ThreadPoolExecutor.java:1128)
	at java.base/java.util.concurrent.ThreadPoolExecutor$Worker.run(ThreadPoolExecutor.java:628)
	... 1 more
java.util.concurrent.ExecutionException: jetbrains.exodus.ExodusException
	at java.base/java.util.concurrent.FutureTask.report(FutureTask.java:122)
	at java.base/java.util.concurrent.FutureTask.get(FutureTask.java:191)
	at jetbrains.exodus.newLogConcept.MVCC.MVCCDataStructure.commitTransaction(MVCCDataStructure.java:299)
	at site.ycsb.db.XodusClient.insert(XodusClient.java:60)
	at site.ycsb.DBWrapper.insert(DBWrapper.java:227)
	at site.ycsb.workloads.CoreWorkload.doInsert(CoreWorkload.java:621)
	at site.ycsb.ClientThread.run(ClientThread.java:135)
	at java.base/java.lang.Thread.run(Thread.java:829)
Caused by: jetbrains.exodus.ExodusException
	at jetbrains.exodus.newLogConcept.garbageCollector.OperationLogGarbageCollector.moveAndRemoveRecordsFromLog(OperationLogGarbageCollector.java:69)
	at jetbrains.exodus.newLogConcept.garbageCollector.OperationLogGarbageCollector.clean(OperationLogGarbageCollector.java:51)
	at jetbrains.exodus.newLogConcept.MVCC.MVCCDataStructure.lambda$commitTransaction$1(MVCCDataStructure.java:297)
	at java.base/java.util.concurrent.Executors$RunnableAdapter.call(Executors.java:515)
	at java.base/java.util.concurrent.FutureTask.run(FutureTask.java:264)
	at java.base/java.util.concurrent.ThreadPoolExecutor.runWorker(ThreadPoolExecutor.java:1128)
	at java.base/java.util.concurrent.ThreadPoolExecutor$Worker.run(ThreadPoolExecutor.java:628)
	... 1 more
java.util.concurrent.ExecutionException: jetbrains.exodus.ExodusException
	at java.base/java.util.concurrent.FutureTask.report(FutureTask.java:122)
	at java.base/java.util.concurrent.FutureTask.get(FutureTask.java:191)
	at jetbrains.exodus.newLogConcept.MVCC.MVCCDataStructure.commitTransaction(MVCCDataStructure.java:299)
	at site.ycsb.db.XodusClient.insert(XodusClient.java:60)
	at site.ycsb.DBWrapper.insert(DBWrapper.java:227)
	at site.ycsb.workloads.CoreWorkload.doInsert(CoreWorkload.java:621)
	at site.ycsb.ClientThread.run(ClientThread.java:135)
	at java.base/java.lang.Thread.run(Thread.java:829)
Caused by: jetbrains.exodus.ExodusException
	at jetbrains.exodus.newLogConcept.garbageCollector.OperationLogGarbageCollector.moveAndRemoveRecordsFromLog(OperationLogGarbageCollector.java:69)
	at jetbrains.exodus.newLogConcept.garbageCollector.OperationLogGarbageCollector.clean(OperationLogGarbageCollector.java:51)
	at jetbrains.exodus.newLogConcept.MVCC.MVCCDataStructure.lambda$commitTransaction$1(MVCCDataStructure.java:297)
	at java.base/java.util.concurrent.Executors$RunnableAdapter.call(Executors.java:515)
	at java.base/java.util.concurrent.FutureTask.run(FutureTask.java:264)
	at java.base/java.util.concurrent.ThreadPoolExecutor.runWorker(ThreadPoolExecutor.java:1128)
	at java.base/java.util.concurrent.ThreadPoolExecutor$Worker.run(ThreadPoolExecutor.java:628)
	... 1 more
java.util.concurrent.ExecutionException: jetbrains.exodus.ExodusException
	at java.base/java.util.concurrent.FutureTask.report(FutureTask.java:122)
	at java.base/java.util.concurrent.FutureTask.get(FutureTask.java:191)
	at jetbrains.exodus.newLogConcept.MVCC.MVCCDataStructure.commitTransaction(MVCCDataStructure.java:299)
	at site.ycsb.db.XodusClient.insert(XodusClient.java:60)
	at site.ycsb.DBWrapper.insert(DBWrapper.java:227)
	at site.ycsb.workloads.CoreWorkload.doInsert(CoreWorkload.java:621)
	at site.ycsb.ClientThread.run(ClientThread.java:135)
	at java.base/java.lang.Thread.run(Thread.java:829)
Caused by: jetbrains.exodus.ExodusException
	at jetbrains.exodus.newLogConcept.garbageCollector.OperationLogGarbageCollector.moveAndRemoveRecordsFromLog(OperationLogGarbageCollector.java:69)
	at jetbrains.exodus.newLogConcept.garbageCollector.OperationLogGarbageCollector.clean(OperationLogGarbageCollector.java:51)
	at jetbrains.exodus.newLogConcept.MVCC.MVCCDataStructure.lambda$commitTransaction$1(MVCCDataStructure.java:297)
	at java.base/java.util.concurrent.Executors$RunnableAdapter.call(Executors.java:515)
	at java.base/java.util.concurrent.FutureTask.run(FutureTask.java:264)
	at java.base/java.util.concurrent.ThreadPoolExecutor.runWorker(ThreadPoolExecutor.java:1128)
	at java.base/java.util.concurrent.ThreadPoolExecutor$Worker.run(ThreadPoolExecutor.java:628)
	... 1 more
java.util.concurrent.ExecutionException: jetbrains.exodus.ExodusException
	at java.base/java.util.concurrent.FutureTask.report(FutureTask.java:122)
	at java.base/java.util.concurrent.FutureTask.get(FutureTask.java:191)
	at jetbrains.exodus.newLogConcept.MVCC.MVCCDataStructure.commitTransaction(MVCCDataStructure.java:299)
	at site.ycsb.db.XodusClient.insert(XodusClient.java:60)
	at site.ycsb.DBWrapper.insert(DBWrapper.java:227)
	at site.ycsb.workloads.CoreWorkload.doInsert(CoreWorkload.java:621)
	at site.ycsb.ClientThread.run(ClientThread.java:135)
	at java.base/java.lang.Thread.run(Thread.java:829)
Caused by: jetbrains.exodus.ExodusException
	at jetbrains.exodus.newLogConcept.garbageCollector.OperationLogGarbageCollector.moveAndRemoveRecordsFromLog(OperationLogGarbageCollector.java:69)
	at jetbrains.exodus.newLogConcept.garbageCollector.OperationLogGarbageCollector.clean(OperationLogGarbageCollector.java:51)
	at jetbrains.exodus.newLogConcept.MVCC.MVCCDataStructure.lambda$commitTransaction$1(MVCCDataStructure.java:297)
	at java.base/java.util.concurrent.Executors$RunnableAdapter.call(Executors.java:515)
	at java.base/java.util.concurrent.FutureTask.run(FutureTask.java:264)
	at java.base/java.util.concurrent.ThreadPoolExecutor.runWorker(ThreadPoolExecutor.java:1128)
	at java.base/java.util.concurrent.ThreadPoolExecutor$Worker.run(ThreadPoolExecutor.java:628)
	... 1 more
java.util.concurrent.ExecutionException: jetbrains.exodus.ExodusException
	at java.base/java.util.concurrent.FutureTask.report(FutureTask.java:122)
	at java.base/java.util.concurrent.FutureTask.get(FutureTask.java:191)
	at jetbrains.exodus.newLogConcept.MVCC.MVCCDataStructure.commitTransaction(MVCCDataStructure.java:299)
	at site.ycsb.db.XodusClient.insert(XodusClient.java:60)
	at site.ycsb.DBWrapper.insert(DBWrapper.java:227)
	at site.ycsb.workloads.CoreWorkload.doInsert(CoreWorkload.java:621)
	at site.ycsb.ClientThread.run(ClientThread.java:135)
	at java.base/java.lang.Thread.run(Thread.java:829)
Caused by: jetbrains.exodus.ExodusException
	at jetbrains.exodus.newLogConcept.garbageCollector.OperationLogGarbageCollector.moveAndRemoveRecordsFromLog(OperationLogGarbageCollector.java:69)
	at jetbrains.exodus.newLogConcept.garbageCollector.OperationLogGarbageCollector.clean(OperationLogGarbageCollector.java:51)
	at jetbrains.exodus.newLogConcept.MVCC.MVCCDataStructure.lambda$commitTransaction$1(MVCCDataStructure.java:297)
	at java.base/java.util.concurrent.Executors$RunnableAdapter.call(Executors.java:515)
	at java.base/java.util.concurrent.FutureTask.run(FutureTask.java:264)
	at java.base/java.util.concurrent.ThreadPoolExecutor.runWorker(ThreadPoolExecutor.java:1128)
	at java.base/java.util.concurrent.ThreadPoolExecutor$Worker.run(ThreadPoolExecutor.java:628)
	... 1 more
java.util.concurrent.ExecutionException: jetbrains.exodus.ExodusException
	at java.base/java.util.concurrent.FutureTask.report(FutureTask.java:122)
	at java.base/java.util.concurrent.FutureTask.get(FutureTask.java:191)
	at jetbrains.exodus.newLogConcept.MVCC.MVCCDataStructure.commitTransaction(MVCCDataStructure.java:299)
	at site.ycsb.db.XodusClient.insert(XodusClient.java:60)
	at site.ycsb.DBWrapper.insert(DBWrapper.java:227)
	at site.ycsb.workloads.CoreWorkload.doInsert(CoreWorkload.java:621)
	at site.ycsb.ClientThread.run(ClientThread.java:135)
	at java.base/java.lang.Thread.run(Thread.java:829)
Caused by: jetbrains.exodus.ExodusException
	at jetbrains.exodus.newLogConcept.garbageCollector.OperationLogGarbageCollector.moveAndRemoveRecordsFromLog(OperationLogGarbageCollector.java:69)
	at jetbrains.exodus.newLogConcept.garbageCollector.OperationLogGarbageCollector.clean(OperationLogGarbageCollector.java:51)
	at jetbrains.exodus.newLogConcept.MVCC.MVCCDataStructure.lambda$commitTransaction$1(MVCCDataStructure.java:297)
	at java.base/java.util.concurrent.Executors$RunnableAdapter.call(Executors.java:515)
	at java.base/java.util.concurrent.FutureTask.run(FutureTask.java:264)
	at java.base/java.util.concurrent.ThreadPoolExecutor.runWorker(ThreadPoolExecutor.java:1128)
	at java.base/java.util.concurrent.ThreadPoolExecutor$Worker.run(ThreadPoolExecutor.java:628)
	... 1 more
java.util.concurrent.ExecutionException: jetbrains.exodus.ExodusException
	at java.base/java.util.concurrent.FutureTask.report(FutureTask.java:122)
	at java.base/java.util.concurrent.FutureTask.get(FutureTask.java:191)
	at jetbrains.exodus.newLogConcept.MVCC.MVCCDataStructure.commitTransaction(MVCCDataStructure.java:299)
	at site.ycsb.db.XodusClient.insert(XodusClient.java:60)
	at site.ycsb.DBWrapper.insert(DBWrapper.java:227)
	at site.ycsb.workloads.CoreWorkload.doInsert(CoreWorkload.java:621)
	at site.ycsb.ClientThread.run(ClientThread.java:135)
	at java.base/java.lang.Thread.run(Thread.java:829)
Caused by: jetbrains.exodus.ExodusException
	at jetbrains.exodus.newLogConcept.garbageCollector.OperationLogGarbageCollector.moveAndRemoveRecordsFromLog(OperationLogGarbageCollector.java:69)
	at jetbrains.exodus.newLogConcept.garbageCollector.OperationLogGarbageCollector.clean(OperationLogGarbageCollector.java:51)
	at jetbrains.exodus.newLogConcept.MVCC.MVCCDataStructure.lambda$commitTransaction$1(MVCCDataStructure.java:297)
	at java.base/java.util.concurrent.Executors$RunnableAdapter.call(Executors.java:515)
	at java.base/java.util.concurrent.FutureTask.run(FutureTask.java:264)
	at java.base/java.util.concurrent.ThreadPoolExecutor.runWorker(ThreadPoolExecutor.java:1128)
	at java.base/java.util.concurrent.ThreadPoolExecutor$Worker.run(ThreadPoolExecutor.java:628)
	... 1 more
java.util.concurrent.ExecutionException: jetbrains.exodus.ExodusException
	at java.base/java.util.concurrent.FutureTask.report(FutureTask.java:122)
	at java.base/java.util.concurrent.FutureTask.get(FutureTask.java:191)
	at jetbrains.exodus.newLogConcept.MVCC.MVCCDataStructure.commitTransaction(MVCCDataStructure.java:299)
	at site.ycsb.db.XodusClient.insert(XodusClient.java:60)
	at site.ycsb.DBWrapper.insert(DBWrapper.java:227)
	at site.ycsb.workloads.CoreWorkload.doInsert(CoreWorkload.java:621)
	at site.ycsb.ClientThread.run(ClientThread.java:135)
	at java.base/java.lang.Thread.run(Thread.java:829)
Caused by: jetbrains.exodus.ExodusException
	at jetbrains.exodus.newLogConcept.garbageCollector.OperationLogGarbageCollector.moveAndRemoveRecordsFromLog(OperationLogGarbageCollector.java:69)
	at jetbrains.exodus.newLogConcept.garbageCollector.OperationLogGarbageCollector.clean(OperationLogGarbageCollector.java:51)
	at jetbrains.exodus.newLogConcept.MVCC.MVCCDataStructure.lambda$commitTransaction$1(MVCCDataStructure.java:297)
	at java.base/java.util.concurrent.Executors$RunnableAdapter.call(Executors.java:515)
	at java.base/java.util.concurrent.FutureTask.run(FutureTask.java:264)
	at java.base/java.util.concurrent.ThreadPoolExecutor.runWorker(ThreadPoolExecutor.java:1128)
	at java.base/java.util.concurrent.ThreadPoolExecutor$Worker.run(ThreadPoolExecutor.java:628)
	... 1 more
java.util.concurrent.ExecutionException: jetbrains.exodus.ExodusException
	at java.base/java.util.concurrent.FutureTask.report(FutureTask.java:122)
	at java.base/java.util.concurrent.FutureTask.get(FutureTask.java:191)
	at jetbrains.exodus.newLogConcept.MVCC.MVCCDataStructure.commitTransaction(MVCCDataStructure.java:299)
	at site.ycsb.db.XodusClient.insert(XodusClient.java:60)
	at site.ycsb.DBWrapper.insert(DBWrapper.java:227)
	at site.ycsb.workloads.CoreWorkload.doInsert(CoreWorkload.java:621)
	at site.ycsb.ClientThread.run(ClientThread.java:135)
	at java.base/java.lang.Thread.run(Thread.java:829)
Caused by: jetbrains.exodus.ExodusException
	at jetbrains.exodus.newLogConcept.garbageCollector.OperationLogGarbageCollector.moveAndRemoveRecordsFromLog(OperationLogGarbageCollector.java:69)
	at jetbrains.exodus.newLogConcept.garbageCollector.OperationLogGarbageCollector.clean(OperationLogGarbageCollector.java:51)
	at jetbrains.exodus.newLogConcept.MVCC.MVCCDataStructure.lambda$commitTransaction$1(MVCCDataStructure.java:297)
	at java.base/java.util.concurrent.Executors$RunnableAdapter.call(Executors.java:515)
	at java.base/java.util.concurrent.FutureTask.run(FutureTask.java:264)
	at java.base/java.util.concurrent.ThreadPoolExecutor.runWorker(ThreadPoolExecutor.java:1128)
	at java.base/java.util.concurrent.ThreadPoolExecutor$Worker.run(ThreadPoolExecutor.java:628)
	... 1 more
java.util.concurrent.ExecutionException: jetbrains.exodus.ExodusException
	at java.base/java.util.concurrent.FutureTask.report(FutureTask.java:122)
	at java.base/java.util.concurrent.FutureTask.get(FutureTask.java:191)
	at jetbrains.exodus.newLogConcept.MVCC.MVCCDataStructure.commitTransaction(MVCCDataStructure.java:299)
	at site.ycsb.db.XodusClient.insert(XodusClient.java:60)
	at site.ycsb.DBWrapper.insert(DBWrapper.java:227)
	at site.ycsb.workloads.CoreWorkload.doInsert(CoreWorkload.java:621)
	at site.ycsb.ClientThread.run(ClientThread.java:135)
	at java.base/java.lang.Thread.run(Thread.java:829)
Caused by: jetbrains.exodus.ExodusException
	at jetbrains.exodus.newLogConcept.garbageCollector.OperationLogGarbageCollector.moveAndRemoveRecordsFromLog(OperationLogGarbageCollector.java:69)
	at jetbrains.exodus.newLogConcept.garbageCollector.OperationLogGarbageCollector.clean(OperationLogGarbageCollector.java:51)
	at jetbrains.exodus.newLogConcept.MVCC.MVCCDataStructure.lambda$commitTransaction$1(MVCCDataStructure.java:297)
	at java.base/java.util.concurrent.Executors$RunnableAdapter.call(Executors.java:515)
	at java.base/java.util.concurrent.FutureTask.run(FutureTask.java:264)
	at java.base/java.util.concurrent.ThreadPoolExecutor.runWorker(ThreadPoolExecutor.java:1128)
	at java.base/java.util.concurrent.ThreadPoolExecutor$Worker.run(ThreadPoolExecutor.java:628)
	... 1 more
java.util.concurrent.ExecutionException: jetbrains.exodus.ExodusException
	at java.base/java.util.concurrent.FutureTask.report(FutureTask.java:122)
	at java.base/java.util.concurrent.FutureTask.get(FutureTask.java:191)
	at jetbrains.exodus.newLogConcept.MVCC.MVCCDataStructure.commitTransaction(MVCCDataStructure.java:299)
	at site.ycsb.db.XodusClient.insert(XodusClient.java:60)
	at site.ycsb.DBWrapper.insert(DBWrapper.java:227)
	at site.ycsb.workloads.CoreWorkload.doInsert(CoreWorkload.java:621)
	at site.ycsb.ClientThread.run(ClientThread.java:135)
	at java.base/java.lang.Thread.run(Thread.java:829)
Caused by: jetbrains.exodus.ExodusException
	at jetbrains.exodus.newLogConcept.garbageCollector.OperationLogGarbageCollector.moveAndRemoveRecordsFromLog(OperationLogGarbageCollector.java:69)
	at jetbrains.exodus.newLogConcept.garbageCollector.OperationLogGarbageCollector.clean(OperationLogGarbageCollector.java:51)
	at jetbrains.exodus.newLogConcept.MVCC.MVCCDataStructure.lambda$commitTransaction$1(MVCCDataStructure.java:297)
	at java.base/java.util.concurrent.Executors$RunnableAdapter.call(Executors.java:515)
	at java.base/java.util.concurrent.FutureTask.run(FutureTask.java:264)
	at java.base/java.util.concurrent.ThreadPoolExecutor.runWorker(ThreadPoolExecutor.java:1128)
	at java.base/java.util.concurrent.ThreadPoolExecutor$Worker.run(ThreadPoolExecutor.java:628)
	... 1 more
java.util.concurrent.ExecutionException: jetbrains.exodus.ExodusException
	at java.base/java.util.concurrent.FutureTask.report(FutureTask.java:122)
	at java.base/java.util.concurrent.FutureTask.get(FutureTask.java:191)
	at jetbrains.exodus.newLogConcept.MVCC.MVCCDataStructure.commitTransaction(MVCCDataStructure.java:299)
	at site.ycsb.db.XodusClient.insert(XodusClient.java:60)
	at site.ycsb.DBWrapper.insert(DBWrapper.java:227)
	at site.ycsb.workloads.CoreWorkload.doInsert(CoreWorkload.java:621)
	at site.ycsb.ClientThread.run(ClientThread.java:135)
	at java.base/java.lang.Thread.run(Thread.java:829)
Caused by: jetbrains.exodus.ExodusException
	at jetbrains.exodus.newLogConcept.garbageCollector.OperationLogGarbageCollector.moveAndRemoveRecordsFromLog(OperationLogGarbageCollector.java:69)
	at jetbrains.exodus.newLogConcept.garbageCollector.OperationLogGarbageCollector.clean(OperationLogGarbageCollector.java:51)
	at jetbrains.exodus.newLogConcept.MVCC.MVCCDataStructure.lambda$commitTransaction$1(MVCCDataStructure.java:297)
	at java.base/java.util.concurrent.Executors$RunnableAdapter.call(Executors.java:515)
	at java.base/java.util.concurrent.FutureTask.run(FutureTask.java:264)
	at java.base/java.util.concurrent.ThreadPoolExecutor.runWorker(ThreadPoolExecutor.java:1128)
	at java.base/java.util.concurrent.ThreadPoolExecutor$Worker.run(ThreadPoolExecutor.java:628)
	... 1 more
java.util.concurrent.ExecutionException: jetbrains.exodus.ExodusException
	at java.base/java.util.concurrent.FutureTask.report(FutureTask.java:122)
	at java.base/java.util.concurrent.FutureTask.get(FutureTask.java:191)
	at jetbrains.exodus.newLogConcept.MVCC.MVCCDataStructure.commitTransaction(MVCCDataStructure.java:299)
	at site.ycsb.db.XodusClient.insert(XodusClient.java:60)
	at site.ycsb.DBWrapper.insert(DBWrapper.java:227)
	at site.ycsb.workloads.CoreWorkload.doInsert(CoreWorkload.java:621)
	at site.ycsb.ClientThread.run(ClientThread.java:135)
	at java.base/java.lang.Thread.run(Thread.java:829)
Caused by: jetbrains.exodus.ExodusException
	at jetbrains.exodus.newLogConcept.garbageCollector.OperationLogGarbageCollector.moveAndRemoveRecordsFromLog(OperationLogGarbageCollector.java:69)
	at jetbrains.exodus.newLogConcept.garbageCollector.OperationLogGarbageCollector.clean(OperationLogGarbageCollector.java:51)
	at jetbrains.exodus.newLogConcept.MVCC.MVCCDataStructure.lambda$commitTransaction$1(MVCCDataStructure.java:297)
	at java.base/java.util.concurrent.Executors$RunnableAdapter.call(Executors.java:515)
	at java.base/java.util.concurrent.FutureTask.run(FutureTask.java:264)
	at java.base/java.util.concurrent.ThreadPoolExecutor.runWorker(ThreadPoolExecutor.java:1128)
	at java.base/java.util.concurrent.ThreadPoolExecutor$Worker.run(ThreadPoolExecutor.java:628)
	... 1 more
java.util.concurrent.ExecutionException: jetbrains.exodus.ExodusException
	at java.base/java.util.concurrent.FutureTask.report(FutureTask.java:122)
	at java.base/java.util.concurrent.FutureTask.get(FutureTask.java:191)
	at jetbrains.exodus.newLogConcept.MVCC.MVCCDataStructure.commitTransaction(MVCCDataStructure.java:299)
	at site.ycsb.db.XodusClient.insert(XodusClient.java:60)
	at site.ycsb.DBWrapper.insert(DBWrapper.java:227)
	at site.ycsb.workloads.CoreWorkload.doInsert(CoreWorkload.java:621)
	at site.ycsb.ClientThread.run(ClientThread.java:135)
	at java.base/java.lang.Thread.run(Thread.java:829)
Caused by: jetbrains.exodus.ExodusException
	at jetbrains.exodus.newLogConcept.garbageCollector.OperationLogGarbageCollector.moveAndRemoveRecordsFromLog(OperationLogGarbageCollector.java:69)
	at jetbrains.exodus.newLogConcept.garbageCollector.OperationLogGarbageCollector.clean(OperationLogGarbageCollector.java:51)
	at jetbrains.exodus.newLogConcept.MVCC.MVCCDataStructure.lambda$commitTransaction$1(MVCCDataStructure.java:297)
	at java.base/java.util.concurrent.Executors$RunnableAdapter.call(Executors.java:515)
	at java.base/java.util.concurrent.FutureTask.run(FutureTask.java:264)
	at java.base/java.util.concurrent.ThreadPoolExecutor.runWorker(ThreadPoolExecutor.java:1128)
	at java.base/java.util.concurrent.ThreadPoolExecutor$Worker.run(ThreadPoolExecutor.java:628)
	... 1 more
java.util.concurrent.ExecutionException: jetbrains.exodus.ExodusException
	at java.base/java.util.concurrent.FutureTask.report(FutureTask.java:122)
	at java.base/java.util.concurrent.FutureTask.get(FutureTask.java:191)
	at jetbrains.exodus.newLogConcept.MVCC.MVCCDataStructure.commitTransaction(MVCCDataStructure.java:299)
	at site.ycsb.db.XodusClient.insert(XodusClient.java:60)
	at site.ycsb.DBWrapper.insert(DBWrapper.java:227)
	at site.ycsb.workloads.CoreWorkload.doInsert(CoreWorkload.java:621)
	at site.ycsb.ClientThread.run(ClientThread.java:135)
	at java.base/java.lang.Thread.run(Thread.java:829)
Caused by: jetbrains.exodus.ExodusException
	at jetbrains.exodus.newLogConcept.garbageCollector.OperationLogGarbageCollector.moveAndRemoveRecordsFromLog(OperationLogGarbageCollector.java:69)
	at jetbrains.exodus.newLogConcept.garbageCollector.OperationLogGarbageCollector.clean(OperationLogGarbageCollector.java:51)
	at jetbrains.exodus.newLogConcept.MVCC.MVCCDataStructure.lambda$commitTransaction$1(MVCCDataStructure.java:297)
	at java.base/java.util.concurrent.Executors$RunnableAdapter.call(Executors.java:515)
	at java.base/java.util.concurrent.FutureTask.run(FutureTask.java:264)
	at java.base/java.util.concurrent.ThreadPoolExecutor.runWorker(ThreadPoolExecutor.java:1128)
	at java.base/java.util.concurrent.ThreadPoolExecutor$Worker.run(ThreadPoolExecutor.java:628)
	... 1 more
java.util.concurrent.ExecutionException: jetbrains.exodus.ExodusException
	at java.base/java.util.concurrent.FutureTask.report(FutureTask.java:122)
	at java.base/java.util.concurrent.FutureTask.get(FutureTask.java:191)
	at jetbrains.exodus.newLogConcept.MVCC.MVCCDataStructure.commitTransaction(MVCCDataStructure.java:299)
	at site.ycsb.db.XodusClient.insert(XodusClient.java:60)
	at site.ycsb.DBWrapper.insert(DBWrapper.java:227)
	at site.ycsb.workloads.CoreWorkload.doInsert(CoreWorkload.java:621)
	at site.ycsb.ClientThread.run(ClientThread.java:135)
	at java.base/java.lang.Thread.run(Thread.java:829)
Caused by: jetbrains.exodus.ExodusException
	at jetbrains.exodus.newLogConcept.garbageCollector.OperationLogGarbageCollector.moveAndRemoveRecordsFromLog(OperationLogGarbageCollector.java:69)
	at jetbrains.exodus.newLogConcept.garbageCollector.OperationLogGarbageCollector.clean(OperationLogGarbageCollector.java:51)
	at jetbrains.exodus.newLogConcept.MVCC.MVCCDataStructure.lambda$commitTransaction$1(MVCCDataStructure.java:297)
	at java.base/java.util.concurrent.Executors$RunnableAdapter.call(Executors.java:515)
	at java.base/java.util.concurrent.FutureTask.run(FutureTask.java:264)
	at java.base/java.util.concurrent.ThreadPoolExecutor.runWorker(ThreadPoolExecutor.java:1128)
	at java.base/java.util.concurrent.ThreadPoolExecutor$Worker.run(ThreadPoolExecutor.java:628)
	... 1 more
java.util.concurrent.ExecutionException: jetbrains.exodus.ExodusException
	at java.base/java.util.concurrent.FutureTask.report(FutureTask.java:122)
	at java.base/java.util.concurrent.FutureTask.get(FutureTask.java:191)
	at jetbrains.exodus.newLogConcept.MVCC.MVCCDataStructure.commitTransaction(MVCCDataStructure.java:299)
	at site.ycsb.db.XodusClient.insert(XodusClient.java:60)
	at site.ycsb.DBWrapper.insert(DBWrapper.java:227)
	at site.ycsb.workloads.CoreWorkload.doInsert(CoreWorkload.java:621)
	at site.ycsb.ClientThread.run(ClientThread.java:135)
	at java.base/java.lang.Thread.run(Thread.java:829)
Caused by: jetbrains.exodus.ExodusException
	at jetbrains.exodus.newLogConcept.garbageCollector.OperationLogGarbageCollector.moveAndRemoveRecordsFromLog(OperationLogGarbageCollector.java:69)
	at jetbrains.exodus.newLogConcept.garbageCollector.OperationLogGarbageCollector.clean(OperationLogGarbageCollector.java:51)
	at jetbrains.exodus.newLogConcept.MVCC.MVCCDataStructure.lambda$commitTransaction$1(MVCCDataStructure.java:297)
	at java.base/java.util.concurrent.Executors$RunnableAdapter.call(Executors.java:515)
	at java.base/java.util.concurrent.FutureTask.run(FutureTask.java:264)
	at java.base/java.util.concurrent.ThreadPoolExecutor.runWorker(ThreadPoolExecutor.java:1128)
	at java.base/java.util.concurrent.ThreadPoolExecutor$Worker.run(ThreadPoolExecutor.java:628)
	... 1 more
java.util.concurrent.ExecutionException: jetbrains.exodus.ExodusException
	at java.base/java.util.concurrent.FutureTask.report(FutureTask.java:122)
	at java.base/java.util.concurrent.FutureTask.get(FutureTask.java:191)
	at jetbrains.exodus.newLogConcept.MVCC.MVCCDataStructure.commitTransaction(MVCCDataStructure.java:299)
	at site.ycsb.db.XodusClient.insert(XodusClient.java:60)
	at site.ycsb.DBWrapper.insert(DBWrapper.java:227)
	at site.ycsb.workloads.CoreWorkload.doInsert(CoreWorkload.java:621)
	at site.ycsb.ClientThread.run(ClientThread.java:135)
	at java.base/java.lang.Thread.run(Thread.java:829)
Caused by: jetbrains.exodus.ExodusException
	at jetbrains.exodus.newLogConcept.garbageCollector.OperationLogGarbageCollector.moveAndRemoveRecordsFromLog(OperationLogGarbageCollector.java:69)
	at jetbrains.exodus.newLogConcept.garbageCollector.OperationLogGarbageCollector.clean(OperationLogGarbageCollector.java:51)
	at jetbrains.exodus.newLogConcept.MVCC.MVCCDataStructure.lambda$commitTransaction$1(MVCCDataStructure.java:297)
	at java.base/java.util.concurrent.Executors$RunnableAdapter.call(Executors.java:515)
	at java.base/java.util.concurrent.FutureTask.run(FutureTask.java:264)
	at java.base/java.util.concurrent.ThreadPoolExecutor.runWorker(ThreadPoolExecutor.java:1128)
	at java.base/java.util.concurrent.ThreadPoolExecutor$Worker.run(ThreadPoolExecutor.java:628)
	... 1 more
java.util.concurrent.ExecutionException: jetbrains.exodus.ExodusException
	at java.base/java.util.concurrent.FutureTask.report(FutureTask.java:122)
	at java.base/java.util.concurrent.FutureTask.get(FutureTask.java:191)
	at jetbrains.exodus.newLogConcept.MVCC.MVCCDataStructure.commitTransaction(MVCCDataStructure.java:299)
	at site.ycsb.db.XodusClient.insert(XodusClient.java:60)
	at site.ycsb.DBWrapper.insert(DBWrapper.java:227)
	at site.ycsb.workloads.CoreWorkload.doInsert(CoreWorkload.java:621)
	at site.ycsb.ClientThread.run(ClientThread.java:135)
	at java.base/java.lang.Thread.run(Thread.java:829)
Caused by: jetbrains.exodus.ExodusException
	at jetbrains.exodus.newLogConcept.garbageCollector.OperationLogGarbageCollector.moveAndRemoveRecordsFromLog(OperationLogGarbageCollector.java:69)
	at jetbrains.exodus.newLogConcept.garbageCollector.OperationLogGarbageCollector.clean(OperationLogGarbageCollector.java:51)
	at jetbrains.exodus.newLogConcept.MVCC.MVCCDataStructure.lambda$commitTransaction$1(MVCCDataStructure.java:297)
	at java.base/java.util.concurrent.Executors$RunnableAdapter.call(Executors.java:515)
	at java.base/java.util.concurrent.FutureTask.run(FutureTask.java:264)
	at java.base/java.util.concurrent.ThreadPoolExecutor.runWorker(ThreadPoolExecutor.java:1128)
	at java.base/java.util.concurrent.ThreadPoolExecutor$Worker.run(ThreadPoolExecutor.java:628)
	... 1 more
java.util.concurrent.ExecutionException: jetbrains.exodus.ExodusException
	at java.base/java.util.concurrent.FutureTask.report(FutureTask.java:122)
	at java.base/java.util.concurrent.FutureTask.get(FutureTask.java:191)
	at jetbrains.exodus.newLogConcept.MVCC.MVCCDataStructure.commitTransaction(MVCCDataStructure.java:299)
	at site.ycsb.db.XodusClient.insert(XodusClient.java:60)
	at site.ycsb.DBWrapper.insert(DBWrapper.java:227)
	at site.ycsb.workloads.CoreWorkload.doInsert(CoreWorkload.java:621)
	at site.ycsb.ClientThread.run(ClientThread.java:135)
	at java.base/java.lang.Thread.run(Thread.java:829)
Caused by: jetbrains.exodus.ExodusException
	at jetbrains.exodus.newLogConcept.garbageCollector.OperationLogGarbageCollector.moveAndRemoveRecordsFromLog(OperationLogGarbageCollector.java:69)
	at jetbrains.exodus.newLogConcept.garbageCollector.OperationLogGarbageCollector.clean(OperationLogGarbageCollector.java:51)
	at jetbrains.exodus.newLogConcept.MVCC.MVCCDataStructure.lambda$commitTransaction$1(MVCCDataStructure.java:297)
	at java.base/java.util.concurrent.Executors$RunnableAdapter.call(Executors.java:515)
	at java.base/java.util.concurrent.FutureTask.run(FutureTask.java:264)
	at java.base/java.util.concurrent.ThreadPoolExecutor.runWorker(ThreadPoolExecutor.java:1128)
	at java.base/java.util.concurrent.ThreadPoolExecutor$Worker.run(ThreadPoolExecutor.java:628)
	... 1 more
java.util.concurrent.ExecutionException: jetbrains.exodus.ExodusException
	at java.base/java.util.concurrent.FutureTask.report(FutureTask.java:122)
	at java.base/java.util.concurrent.FutureTask.get(FutureTask.java:191)
	at jetbrains.exodus.newLogConcept.MVCC.MVCCDataStructure.commitTransaction(MVCCDataStructure.java:299)
	at site.ycsb.db.XodusClient.insert(XodusClient.java:60)
	at site.ycsb.DBWrapper.insert(DBWrapper.java:227)
	at site.ycsb.workloads.CoreWorkload.doInsert(CoreWorkload.java:621)
	at site.ycsb.ClientThread.run(ClientThread.java:135)
	at java.base/java.lang.Thread.run(Thread.java:829)
Caused by: jetbrains.exodus.ExodusException
	at jetbrains.exodus.newLogConcept.garbageCollector.OperationLogGarbageCollector.moveAndRemoveRecordsFromLog(OperationLogGarbageCollector.java:69)
	at jetbrains.exodus.newLogConcept.garbageCollector.OperationLogGarbageCollector.clean(OperationLogGarbageCollector.java:51)
	at jetbrains.exodus.newLogConcept.MVCC.MVCCDataStructure.lambda$commitTransaction$1(MVCCDataStructure.java:297)
	at java.base/java.util.concurrent.Executors$RunnableAdapter.call(Executors.java:515)
	at java.base/java.util.concurrent.FutureTask.run(FutureTask.java:264)
	at java.base/java.util.concurrent.ThreadPoolExecutor.runWorker(ThreadPoolExecutor.java:1128)
	at java.base/java.util.concurrent.ThreadPoolExecutor$Worker.run(ThreadPoolExecutor.java:628)
	... 1 more
java.util.concurrent.ExecutionException: jetbrains.exodus.ExodusException
	at java.base/java.util.concurrent.FutureTask.report(FutureTask.java:122)
	at java.base/java.util.concurrent.FutureTask.get(FutureTask.java:191)
	at jetbrains.exodus.newLogConcept.MVCC.MVCCDataStructure.commitTransaction(MVCCDataStructure.java:299)
	at site.ycsb.db.XodusClient.insert(XodusClient.java:60)
	at site.ycsb.DBWrapper.insert(DBWrapper.java:227)
	at site.ycsb.workloads.CoreWorkload.doInsert(CoreWorkload.java:621)
	at site.ycsb.ClientThread.run(ClientThread.java:135)
	at java.base/java.lang.Thread.run(Thread.java:829)
Caused by: jetbrains.exodus.ExodusException
	at jetbrains.exodus.newLogConcept.garbageCollector.OperationLogGarbageCollector.moveAndRemoveRecordsFromLog(OperationLogGarbageCollector.java:69)
	at jetbrains.exodus.newLogConcept.garbageCollector.OperationLogGarbageCollector.clean(OperationLogGarbageCollector.java:51)
	at jetbrains.exodus.newLogConcept.MVCC.MVCCDataStructure.lambda$commitTransaction$1(MVCCDataStructure.java:297)
	at java.base/java.util.concurrent.Executors$RunnableAdapter.call(Executors.java:515)
	at java.base/java.util.concurrent.FutureTask.run(FutureTask.java:264)
	at java.base/java.util.concurrent.ThreadPoolExecutor.runWorker(ThreadPoolExecutor.java:1128)
	at java.base/java.util.concurrent.ThreadPoolExecutor$Worker.run(ThreadPoolExecutor.java:628)
	... 1 more
java.util.concurrent.ExecutionException: jetbrains.exodus.ExodusException
	at java.base/java.util.concurrent.FutureTask.report(FutureTask.java:122)
	at java.base/java.util.concurrent.FutureTask.get(FutureTask.java:191)
	at jetbrains.exodus.newLogConcept.MVCC.MVCCDataStructure.commitTransaction(MVCCDataStructure.java:299)
	at site.ycsb.db.XodusClient.insert(XodusClient.java:60)
	at site.ycsb.DBWrapper.insert(DBWrapper.java:227)
	at site.ycsb.workloads.CoreWorkload.doInsert(CoreWorkload.java:621)
	at site.ycsb.ClientThread.run(ClientThread.java:135)
	at java.base/java.lang.Thread.run(Thread.java:829)
Caused by: jetbrains.exodus.ExodusException
	at jetbrains.exodus.newLogConcept.garbageCollector.OperationLogGarbageCollector.moveAndRemoveRecordsFromLog(OperationLogGarbageCollector.java:69)
	at jetbrains.exodus.newLogConcept.garbageCollector.OperationLogGarbageCollector.clean(OperationLogGarbageCollector.java:51)
	at jetbrains.exodus.newLogConcept.MVCC.MVCCDataStructure.lambda$commitTransaction$1(MVCCDataStructure.java:297)
	at java.base/java.util.concurrent.Executors$RunnableAdapter.call(Executors.java:515)
	at java.base/java.util.concurrent.FutureTask.run(FutureTask.java:264)
	at java.base/java.util.concurrent.ThreadPoolExecutor.runWorker(ThreadPoolExecutor.java:1128)
	at java.base/java.util.concurrent.ThreadPoolExecutor$Worker.run(ThreadPoolExecutor.java:628)
	... 1 more
java.util.concurrent.ExecutionException: jetbrains.exodus.ExodusException
	at java.base/java.util.concurrent.FutureTask.report(FutureTask.java:122)
	at java.base/java.util.concurrent.FutureTask.get(FutureTask.java:191)
	at jetbrains.exodus.newLogConcept.MVCC.MVCCDataStructure.commitTransaction(MVCCDataStructure.java:299)
	at site.ycsb.db.XodusClient.insert(XodusClient.java:60)
	at site.ycsb.DBWrapper.insert(DBWrapper.java:227)
	at site.ycsb.workloads.CoreWorkload.doInsert(CoreWorkload.java:621)
	at site.ycsb.ClientThread.run(ClientThread.java:135)
	at java.base/java.lang.Thread.run(Thread.java:829)
Caused by: jetbrains.exodus.ExodusException
	at jetbrains.exodus.newLogConcept.garbageCollector.OperationLogGarbageCollector.moveAndRemoveRecordsFromLog(OperationLogGarbageCollector.java:69)
	at jetbrains.exodus.newLogConcept.garbageCollector.OperationLogGarbageCollector.clean(OperationLogGarbageCollector.java:51)
	at jetbrains.exodus.newLogConcept.MVCC.MVCCDataStructure.lambda$commitTransaction$1(MVCCDataStructure.java:297)
	at java.base/java.util.concurrent.Executors$RunnableAdapter.call(Executors.java:515)
	at java.base/java.util.concurrent.FutureTask.run(FutureTask.java:264)
	at java.base/java.util.concurrent.ThreadPoolExecutor.runWorker(ThreadPoolExecutor.java:1128)
	at java.base/java.util.concurrent.ThreadPoolExecutor$Worker.run(ThreadPoolExecutor.java:628)
	... 1 more
java.util.concurrent.ExecutionException: jetbrains.exodus.ExodusException
	at java.base/java.util.concurrent.FutureTask.report(FutureTask.java:122)
	at java.base/java.util.concurrent.FutureTask.get(FutureTask.java:191)
	at jetbrains.exodus.newLogConcept.MVCC.MVCCDataStructure.commitTransaction(MVCCDataStructure.java:299)
	at site.ycsb.db.XodusClient.insert(XodusClient.java:60)
	at site.ycsb.DBWrapper.insert(DBWrapper.java:227)
	at site.ycsb.workloads.CoreWorkload.doInsert(CoreWorkload.java:621)
	at site.ycsb.ClientThread.run(ClientThread.java:135)
	at java.base/java.lang.Thread.run(Thread.java:829)
Caused by: jetbrains.exodus.ExodusException
	at jetbrains.exodus.newLogConcept.garbageCollector.OperationLogGarbageCollector.moveAndRemoveRecordsFromLog(OperationLogGarbageCollector.java:69)
	at jetbrains.exodus.newLogConcept.garbageCollector.OperationLogGarbageCollector.clean(OperationLogGarbageCollector.java:51)
	at jetbrains.exodus.newLogConcept.MVCC.MVCCDataStructure.lambda$commitTransaction$1(MVCCDataStructure.java:297)
	at java.base/java.util.concurrent.Executors$RunnableAdapter.call(Executors.java:515)
	at java.base/java.util.concurrent.FutureTask.run(FutureTask.java:264)
	at java.base/java.util.concurrent.ThreadPoolExecutor.runWorker(ThreadPoolExecutor.java:1128)
	at java.base/java.util.concurrent.ThreadPoolExecutor$Worker.run(ThreadPoolExecutor.java:628)
	... 1 more
java.util.concurrent.ExecutionException: jetbrains.exodus.ExodusException
	at java.base/java.util.concurrent.FutureTask.report(FutureTask.java:122)
	at java.base/java.util.concurrent.FutureTask.get(FutureTask.java:191)
	at jetbrains.exodus.newLogConcept.MVCC.MVCCDataStructure.commitTransaction(MVCCDataStructure.java:299)
	at site.ycsb.db.XodusClient.insert(XodusClient.java:60)
	at site.ycsb.DBWrapper.insert(DBWrapper.java:227)
	at site.ycsb.workloads.CoreWorkload.doInsert(CoreWorkload.java:621)
	at site.ycsb.ClientThread.run(ClientThread.java:135)
	at java.base/java.lang.Thread.run(Thread.java:829)
Caused by: jetbrains.exodus.ExodusException
	at jetbrains.exodus.newLogConcept.garbageCollector.OperationLogGarbageCollector.moveAndRemoveRecordsFromLog(OperationLogGarbageCollector.java:69)
	at jetbrains.exodus.newLogConcept.garbageCollector.OperationLogGarbageCollector.clean(OperationLogGarbageCollector.java:51)
	at jetbrains.exodus.newLogConcept.MVCC.MVCCDataStructure.lambda$commitTransaction$1(MVCCDataStructure.java:297)
	at java.base/java.util.concurrent.Executors$RunnableAdapter.call(Executors.java:515)
	at java.base/java.util.concurrent.FutureTask.run(FutureTask.java:264)
	at java.base/java.util.concurrent.ThreadPoolExecutor.runWorker(ThreadPoolExecutor.java:1128)
	at java.base/java.util.concurrent.ThreadPoolExecutor$Worker.run(ThreadPoolExecutor.java:628)
	... 1 more
java.util.concurrent.ExecutionException: jetbrains.exodus.ExodusException
	at java.base/java.util.concurrent.FutureTask.report(FutureTask.java:122)
	at java.base/java.util.concurrent.FutureTask.get(FutureTask.java:191)
	at jetbrains.exodus.newLogConcept.MVCC.MVCCDataStructure.commitTransaction(MVCCDataStructure.java:299)
	at site.ycsb.db.XodusClient.insert(XodusClient.java:60)
	at site.ycsb.DBWrapper.insert(DBWrapper.java:227)
	at site.ycsb.workloads.CoreWorkload.doInsert(CoreWorkload.java:621)
	at site.ycsb.ClientThread.run(ClientThread.java:135)
	at java.base/java.lang.Thread.run(Thread.java:829)
Caused by: jetbrains.exodus.ExodusException
	at jetbrains.exodus.newLogConcept.garbageCollector.OperationLogGarbageCollector.moveAndRemoveRecordsFromLog(OperationLogGarbageCollector.java:69)
	at jetbrains.exodus.newLogConcept.garbageCollector.OperationLogGarbageCollector.clean(OperationLogGarbageCollector.java:51)
	at jetbrains.exodus.newLogConcept.MVCC.MVCCDataStructure.lambda$commitTransaction$1(MVCCDataStructure.java:297)
	at java.base/java.util.concurrent.Executors$RunnableAdapter.call(Executors.java:515)
	at java.base/java.util.concurrent.FutureTask.run(FutureTask.java:264)
	at java.base/java.util.concurrent.ThreadPoolExecutor.runWorker(ThreadPoolExecutor.java:1128)
	at java.base/java.util.concurrent.ThreadPoolExecutor$Worker.run(ThreadPoolExecutor.java:628)
	... 1 more
java.util.concurrent.ExecutionException: jetbrains.exodus.ExodusException
	at java.base/java.util.concurrent.FutureTask.report(FutureTask.java:122)
	at java.base/java.util.concurrent.FutureTask.get(FutureTask.java:191)
	at jetbrains.exodus.newLogConcept.MVCC.MVCCDataStructure.commitTransaction(MVCCDataStructure.java:299)
	at site.ycsb.db.XodusClient.insert(XodusClient.java:60)
	at site.ycsb.DBWrapper.insert(DBWrapper.java:227)
	at site.ycsb.workloads.CoreWorkload.doInsert(CoreWorkload.java:621)
	at site.ycsb.ClientThread.run(ClientThread.java:135)
	at java.base/java.lang.Thread.run(Thread.java:829)
Caused by: jetbrains.exodus.ExodusException
	at jetbrains.exodus.newLogConcept.garbageCollector.OperationLogGarbageCollector.moveAndRemoveRecordsFromLog(OperationLogGarbageCollector.java:69)
	at jetbrains.exodus.newLogConcept.garbageCollector.OperationLogGarbageCollector.clean(OperationLogGarbageCollector.java:51)
	at jetbrains.exodus.newLogConcept.MVCC.MVCCDataStructure.lambda$commitTransaction$1(MVCCDataStructure.java:297)
	at java.base/java.util.concurrent.Executors$RunnableAdapter.call(Executors.java:515)
	at java.base/java.util.concurrent.FutureTask.run(FutureTask.java:264)
	at java.base/java.util.concurrent.ThreadPoolExecutor.runWorker(ThreadPoolExecutor.java:1128)
	at java.base/java.util.concurrent.ThreadPoolExecutor$Worker.run(ThreadPoolExecutor.java:628)
	... 1 more
java.util.concurrent.ExecutionException: jetbrains.exodus.ExodusException
	at java.base/java.util.concurrent.FutureTask.report(FutureTask.java:122)
	at java.base/java.util.concurrent.FutureTask.get(FutureTask.java:191)
	at jetbrains.exodus.newLogConcept.MVCC.MVCCDataStructure.commitTransaction(MVCCDataStructure.java:299)
	at site.ycsb.db.XodusClient.insert(XodusClient.java:60)
	at site.ycsb.DBWrapper.insert(DBWrapper.java:227)
	at site.ycsb.workloads.CoreWorkload.doInsert(CoreWorkload.java:621)
	at site.ycsb.ClientThread.run(ClientThread.java:135)
	at java.base/java.lang.Thread.run(Thread.java:829)
Caused by: jetbrains.exodus.ExodusException
	at jetbrains.exodus.newLogConcept.garbageCollector.OperationLogGarbageCollector.moveAndRemoveRecordsFromLog(OperationLogGarbageCollector.java:69)
	at jetbrains.exodus.newLogConcept.garbageCollector.OperationLogGarbageCollector.clean(OperationLogGarbageCollector.java:51)
	at jetbrains.exodus.newLogConcept.MVCC.MVCCDataStructure.lambda$commitTransaction$1(MVCCDataStructure.java:297)
	at java.base/java.util.concurrent.Executors$RunnableAdapter.call(Executors.java:515)
	at java.base/java.util.concurrent.FutureTask.run(FutureTask.java:264)
	at java.base/java.util.concurrent.ThreadPoolExecutor.runWorker(ThreadPoolExecutor.java:1128)
	at java.base/java.util.concurrent.ThreadPoolExecutor$Worker.run(ThreadPoolExecutor.java:628)
	... 1 more
java.util.concurrent.ExecutionException: jetbrains.exodus.ExodusException
	at java.base/java.util.concurrent.FutureTask.report(FutureTask.java:122)
	at java.base/java.util.concurrent.FutureTask.get(FutureTask.java:191)
	at jetbrains.exodus.newLogConcept.MVCC.MVCCDataStructure.commitTransaction(MVCCDataStructure.java:299)
	at site.ycsb.db.XodusClient.insert(XodusClient.java:60)
	at site.ycsb.DBWrapper.insert(DBWrapper.java:227)
	at site.ycsb.workloads.CoreWorkload.doInsert(CoreWorkload.java:621)
	at site.ycsb.ClientThread.run(ClientThread.java:135)
	at java.base/java.lang.Thread.run(Thread.java:829)
Caused by: jetbrains.exodus.ExodusException
	at jetbrains.exodus.newLogConcept.garbageCollector.OperationLogGarbageCollector.moveAndRemoveRecordsFromLog(OperationLogGarbageCollector.java:69)
	at jetbrains.exodus.newLogConcept.garbageCollector.OperationLogGarbageCollector.clean(OperationLogGarbageCollector.java:51)
	at jetbrains.exodus.newLogConcept.MVCC.MVCCDataStructure.lambda$commitTransaction$1(MVCCDataStructure.java:297)
	at java.base/java.util.concurrent.Executors$RunnableAdapter.call(Executors.java:515)
	at java.base/java.util.concurrent.FutureTask.run(FutureTask.java:264)
	at java.base/java.util.concurrent.ThreadPoolExecutor.runWorker(ThreadPoolExecutor.java:1128)
	at java.base/java.util.concurrent.ThreadPoolExecutor$Worker.run(ThreadPoolExecutor.java:628)
	... 1 more
java.util.concurrent.ExecutionException: jetbrains.exodus.ExodusException
	at java.base/java.util.concurrent.FutureTask.report(FutureTask.java:122)
	at java.base/java.util.concurrent.FutureTask.get(FutureTask.java:191)
	at jetbrains.exodus.newLogConcept.MVCC.MVCCDataStructure.commitTransaction(MVCCDataStructure.java:299)
	at site.ycsb.db.XodusClient.insert(XodusClient.java:60)
	at site.ycsb.DBWrapper.insert(DBWrapper.java:227)
	at site.ycsb.workloads.CoreWorkload.doInsert(CoreWorkload.java:621)
	at site.ycsb.ClientThread.run(ClientThread.java:135)
	at java.base/java.lang.Thread.run(Thread.java:829)
Caused by: jetbrains.exodus.ExodusException
	at jetbrains.exodus.newLogConcept.garbageCollector.OperationLogGarbageCollector.moveAndRemoveRecordsFromLog(OperationLogGarbageCollector.java:69)
	at jetbrains.exodus.newLogConcept.garbageCollector.OperationLogGarbageCollector.clean(OperationLogGarbageCollector.java:51)
	at jetbrains.exodus.newLogConcept.MVCC.MVCCDataStructure.lambda$commitTransaction$1(MVCCDataStructure.java:297)
	at java.base/java.util.concurrent.Executors$RunnableAdapter.call(Executors.java:515)
	at java.base/java.util.concurrent.FutureTask.run(FutureTask.java:264)
	at java.base/java.util.concurrent.ThreadPoolExecutor.runWorker(ThreadPoolExecutor.java:1128)
	at java.base/java.util.concurrent.ThreadPoolExecutor$Worker.run(ThreadPoolExecutor.java:628)
	... 1 more
java.util.concurrent.ExecutionException: jetbrains.exodus.ExodusException
	at java.base/java.util.concurrent.FutureTask.report(FutureTask.java:122)
	at java.base/java.util.concurrent.FutureTask.get(FutureTask.java:191)
	at jetbrains.exodus.newLogConcept.MVCC.MVCCDataStructure.commitTransaction(MVCCDataStructure.java:299)
	at site.ycsb.db.XodusClient.insert(XodusClient.java:60)
	at site.ycsb.DBWrapper.insert(DBWrapper.java:227)
	at site.ycsb.workloads.CoreWorkload.doInsert(CoreWorkload.java:621)
	at site.ycsb.ClientThread.run(ClientThread.java:135)
	at java.base/java.lang.Thread.run(Thread.java:829)
Caused by: jetbrains.exodus.ExodusException
	at jetbrains.exodus.newLogConcept.garbageCollector.OperationLogGarbageCollector.moveAndRemoveRecordsFromLog(OperationLogGarbageCollector.java:69)
	at jetbrains.exodus.newLogConcept.garbageCollector.OperationLogGarbageCollector.clean(OperationLogGarbageCollector.java:51)
	at jetbrains.exodus.newLogConcept.MVCC.MVCCDataStructure.lambda$commitTransaction$1(MVCCDataStructure.java:297)
	at java.base/java.util.concurrent.Executors$RunnableAdapter.call(Executors.java:515)
	at java.base/java.util.concurrent.FutureTask.run(FutureTask.java:264)
	at java.base/java.util.concurrent.ThreadPoolExecutor.runWorker(ThreadPoolExecutor.java:1128)
	at java.base/java.util.concurrent.ThreadPoolExecutor$Worker.run(ThreadPoolExecutor.java:628)
	... 1 more
java.util.concurrent.ExecutionException: jetbrains.exodus.ExodusException
	at java.base/java.util.concurrent.FutureTask.report(FutureTask.java:122)
	at java.base/java.util.concurrent.FutureTask.get(FutureTask.java:191)
	at jetbrains.exodus.newLogConcept.MVCC.MVCCDataStructure.commitTransaction(MVCCDataStructure.java:299)
	at site.ycsb.db.XodusClient.insert(XodusClient.java:60)
	at site.ycsb.DBWrapper.insert(DBWrapper.java:227)
	at site.ycsb.workloads.CoreWorkload.doInsert(CoreWorkload.java:621)
	at site.ycsb.ClientThread.run(ClientThread.java:135)
	at java.base/java.lang.Thread.run(Thread.java:829)
Caused by: jetbrains.exodus.ExodusException
	at jetbrains.exodus.newLogConcept.garbageCollector.OperationLogGarbageCollector.moveAndRemoveRecordsFromLog(OperationLogGarbageCollector.java:69)
	at jetbrains.exodus.newLogConcept.garbageCollector.OperationLogGarbageCollector.clean(OperationLogGarbageCollector.java:51)
	at jetbrains.exodus.newLogConcept.MVCC.MVCCDataStructure.lambda$commitTransaction$1(MVCCDataStructure.java:297)
	at java.base/java.util.concurrent.Executors$RunnableAdapter.call(Executors.java:515)
	at java.base/java.util.concurrent.FutureTask.run(FutureTask.java:264)
	at java.base/java.util.concurrent.ThreadPoolExecutor.runWorker(ThreadPoolExecutor.java:1128)
	at java.base/java.util.concurrent.ThreadPoolExecutor$Worker.run(ThreadPoolExecutor.java:628)
	... 1 more
java.util.concurrent.ExecutionException: jetbrains.exodus.ExodusException
	at java.base/java.util.concurrent.FutureTask.report(FutureTask.java:122)
	at java.base/java.util.concurrent.FutureTask.get(FutureTask.java:191)
	at jetbrains.exodus.newLogConcept.MVCC.MVCCDataStructure.commitTransaction(MVCCDataStructure.java:299)
	at site.ycsb.db.XodusClient.insert(XodusClient.java:60)
	at site.ycsb.DBWrapper.insert(DBWrapper.java:227)
	at site.ycsb.workloads.CoreWorkload.doInsert(CoreWorkload.java:621)
	at site.ycsb.ClientThread.run(ClientThread.java:135)
	at java.base/java.lang.Thread.run(Thread.java:829)
Caused by: jetbrains.exodus.ExodusException
	at jetbrains.exodus.newLogConcept.garbageCollector.OperationLogGarbageCollector.moveAndRemoveRecordsFromLog(OperationLogGarbageCollector.java:69)
	at jetbrains.exodus.newLogConcept.garbageCollector.OperationLogGarbageCollector.clean(OperationLogGarbageCollector.java:51)
	at jetbrains.exodus.newLogConcept.MVCC.MVCCDataStructure.lambda$commitTransaction$1(MVCCDataStructure.java:297)
	at java.base/java.util.concurrent.Executors$RunnableAdapter.call(Executors.java:515)
	at java.base/java.util.concurrent.FutureTask.run(FutureTask.java:264)
	at java.base/java.util.concurrent.ThreadPoolExecutor.runWorker(ThreadPoolExecutor.java:1128)
	at java.base/java.util.concurrent.ThreadPoolExecutor$Worker.run(ThreadPoolExecutor.java:628)
	... 1 more
java.util.concurrent.ExecutionException: jetbrains.exodus.ExodusException
	at java.base/java.util.concurrent.FutureTask.report(FutureTask.java:122)
	at java.base/java.util.concurrent.FutureTask.get(FutureTask.java:191)
	at jetbrains.exodus.newLogConcept.MVCC.MVCCDataStructure.commitTransaction(MVCCDataStructure.java:299)
	at site.ycsb.db.XodusClient.insert(XodusClient.java:60)
	at site.ycsb.DBWrapper.insert(DBWrapper.java:227)
	at site.ycsb.workloads.CoreWorkload.doInsert(CoreWorkload.java:621)
	at site.ycsb.ClientThread.run(ClientThread.java:135)
	at java.base/java.lang.Thread.run(Thread.java:829)
Caused by: jetbrains.exodus.ExodusException
	at jetbrains.exodus.newLogConcept.garbageCollector.OperationLogGarbageCollector.moveAndRemoveRecordsFromLog(OperationLogGarbageCollector.java:69)
	at jetbrains.exodus.newLogConcept.garbageCollector.OperationLogGarbageCollector.clean(OperationLogGarbageCollector.java:51)
	at jetbrains.exodus.newLogConcept.MVCC.MVCCDataStructure.lambda$commitTransaction$1(MVCCDataStructure.java:297)
	at java.base/java.util.concurrent.Executors$RunnableAdapter.call(Executors.java:515)
	at java.base/java.util.concurrent.FutureTask.run(FutureTask.java:264)
	at java.base/java.util.concurrent.ThreadPoolExecutor.runWorker(ThreadPoolExecutor.java:1128)
	at java.base/java.util.concurrent.ThreadPoolExecutor$Worker.run(ThreadPoolExecutor.java:628)
	... 1 more
java.util.concurrent.ExecutionException: jetbrains.exodus.ExodusException
	at java.base/java.util.concurrent.FutureTask.report(FutureTask.java:122)
	at java.base/java.util.concurrent.FutureTask.get(FutureTask.java:191)
	at jetbrains.exodus.newLogConcept.MVCC.MVCCDataStructure.commitTransaction(MVCCDataStructure.java:299)
	at site.ycsb.db.XodusClient.insert(XodusClient.java:60)
	at site.ycsb.DBWrapper.insert(DBWrapper.java:227)
	at site.ycsb.workloads.CoreWorkload.doInsert(CoreWorkload.java:621)
	at site.ycsb.ClientThread.run(ClientThread.java:135)
	at java.base/java.lang.Thread.run(Thread.java:829)
Caused by: jetbrains.exodus.ExodusException
	at jetbrains.exodus.newLogConcept.garbageCollector.OperationLogGarbageCollector.moveAndRemoveRecordsFromLog(OperationLogGarbageCollector.java:69)
	at jetbrains.exodus.newLogConcept.garbageCollector.OperationLogGarbageCollector.clean(OperationLogGarbageCollector.java:51)
	at jetbrains.exodus.newLogConcept.MVCC.MVCCDataStructure.lambda$commitTransaction$1(MVCCDataStructure.java:297)
	at java.base/java.util.concurrent.Executors$RunnableAdapter.call(Executors.java:515)
	at java.base/java.util.concurrent.FutureTask.run(FutureTask.java:264)
	at java.base/java.util.concurrent.ThreadPoolExecutor.runWorker(ThreadPoolExecutor.java:1128)
	at java.base/java.util.concurrent.ThreadPoolExecutor$Worker.run(ThreadPoolExecutor.java:628)
	... 1 more
java.util.concurrent.ExecutionException: jetbrains.exodus.ExodusException
	at java.base/java.util.concurrent.FutureTask.report(FutureTask.java:122)
	at java.base/java.util.concurrent.FutureTask.get(FutureTask.java:191)
	at jetbrains.exodus.newLogConcept.MVCC.MVCCDataStructure.commitTransaction(MVCCDataStructure.java:299)
	at site.ycsb.db.XodusClient.insert(XodusClient.java:60)
	at site.ycsb.DBWrapper.insert(DBWrapper.java:227)
	at site.ycsb.workloads.CoreWorkload.doInsert(CoreWorkload.java:621)
	at site.ycsb.ClientThread.run(ClientThread.java:135)
	at java.base/java.lang.Thread.run(Thread.java:829)
Caused by: jetbrains.exodus.ExodusException
	at jetbrains.exodus.newLogConcept.garbageCollector.OperationLogGarbageCollector.moveAndRemoveRecordsFromLog(OperationLogGarbageCollector.java:69)
	at jetbrains.exodus.newLogConcept.garbageCollector.OperationLogGarbageCollector.clean(OperationLogGarbageCollector.java:51)
	at jetbrains.exodus.newLogConcept.MVCC.MVCCDataStructure.lambda$commitTransaction$1(MVCCDataStructure.java:297)
	at java.base/java.util.concurrent.Executors$RunnableAdapter.call(Executors.java:515)
	at java.base/java.util.concurrent.FutureTask.run(FutureTask.java:264)
	at java.base/java.util.concurrent.ThreadPoolExecutor.runWorker(ThreadPoolExecutor.java:1128)
	at java.base/java.util.concurrent.ThreadPoolExecutor$Worker.run(ThreadPoolExecutor.java:628)
	... 1 more
java.util.concurrent.ExecutionException: jetbrains.exodus.ExodusException
	at java.base/java.util.concurrent.FutureTask.report(FutureTask.java:122)
	at java.base/java.util.concurrent.FutureTask.get(FutureTask.java:191)
	at jetbrains.exodus.newLogConcept.MVCC.MVCCDataStructure.commitTransaction(MVCCDataStructure.java:299)
	at site.ycsb.db.XodusClient.insert(XodusClient.java:60)
	at site.ycsb.DBWrapper.insert(DBWrapper.java:227)
	at site.ycsb.workloads.CoreWorkload.doInsert(CoreWorkload.java:621)
	at site.ycsb.ClientThread.run(ClientThread.java:135)
	at java.base/java.lang.Thread.run(Thread.java:829)
Caused by: jetbrains.exodus.ExodusException
	at jetbrains.exodus.newLogConcept.garbageCollector.OperationLogGarbageCollector.moveAndRemoveRecordsFromLog(OperationLogGarbageCollector.java:69)
	at jetbrains.exodus.newLogConcept.garbageCollector.OperationLogGarbageCollector.clean(OperationLogGarbageCollector.java:51)
	at jetbrains.exodus.newLogConcept.MVCC.MVCCDataStructure.lambda$commitTransaction$1(MVCCDataStructure.java:297)
	at java.base/java.util.concurrent.Executors$RunnableAdapter.call(Executors.java:515)
	at java.base/java.util.concurrent.FutureTask.run(FutureTask.java:264)
	at java.base/java.util.concurrent.ThreadPoolExecutor.runWorker(ThreadPoolExecutor.java:1128)
	at java.base/java.util.concurrent.ThreadPoolExecutor$Worker.run(ThreadPoolExecutor.java:628)
	... 1 more
java.util.concurrent.ExecutionException: jetbrains.exodus.ExodusException
	at java.base/java.util.concurrent.FutureTask.report(FutureTask.java:122)
	at java.base/java.util.concurrent.FutureTask.get(FutureTask.java:191)
	at jetbrains.exodus.newLogConcept.MVCC.MVCCDataStructure.commitTransaction(MVCCDataStructure.java:299)
	at site.ycsb.db.XodusClient.insert(XodusClient.java:60)
	at site.ycsb.DBWrapper.insert(DBWrapper.java:227)
	at site.ycsb.workloads.CoreWorkload.doInsert(CoreWorkload.java:621)
	at site.ycsb.ClientThread.run(ClientThread.java:135)
	at java.base/java.lang.Thread.run(Thread.java:829)
Caused by: jetbrains.exodus.ExodusException
	at jetbrains.exodus.newLogConcept.garbageCollector.OperationLogGarbageCollector.moveAndRemoveRecordsFromLog(OperationLogGarbageCollector.java:69)
	at jetbrains.exodus.newLogConcept.garbageCollector.OperationLogGarbageCollector.clean(OperationLogGarbageCollector.java:51)
	at jetbrains.exodus.newLogConcept.MVCC.MVCCDataStructure.lambda$commitTransaction$1(MVCCDataStructure.java:297)
	at java.base/java.util.concurrent.Executors$RunnableAdapter.call(Executors.java:515)
	at java.base/java.util.concurrent.FutureTask.run(FutureTask.java:264)
	at java.base/java.util.concurrent.ThreadPoolExecutor.runWorker(ThreadPoolExecutor.java:1128)
	at java.base/java.util.concurrent.ThreadPoolExecutor$Worker.run(ThreadPoolExecutor.java:628)
	... 1 more
java.util.concurrent.ExecutionException: jetbrains.exodus.ExodusException
	at java.base/java.util.concurrent.FutureTask.report(FutureTask.java:122)
	at java.base/java.util.concurrent.FutureTask.get(FutureTask.java:191)
	at jetbrains.exodus.newLogConcept.MVCC.MVCCDataStructure.commitTransaction(MVCCDataStructure.java:299)
	at site.ycsb.db.XodusClient.insert(XodusClient.java:60)
	at site.ycsb.DBWrapper.insert(DBWrapper.java:227)
	at site.ycsb.workloads.CoreWorkload.doInsert(CoreWorkload.java:621)
	at site.ycsb.ClientThread.run(ClientThread.java:135)
	at java.base/java.lang.Thread.run(Thread.java:829)
Caused by: jetbrains.exodus.ExodusException
	at jetbrains.exodus.newLogConcept.garbageCollector.OperationLogGarbageCollector.moveAndRemoveRecordsFromLog(OperationLogGarbageCollector.java:69)
	at jetbrains.exodus.newLogConcept.garbageCollector.OperationLogGarbageCollector.clean(OperationLogGarbageCollector.java:51)
	at jetbrains.exodus.newLogConcept.MVCC.MVCCDataStructure.lambda$commitTransaction$1(MVCCDataStructure.java:297)
	at java.base/java.util.concurrent.Executors$RunnableAdapter.call(Executors.java:515)
	at java.base/java.util.concurrent.FutureTask.run(FutureTask.java:264)
	at java.base/java.util.concurrent.ThreadPoolExecutor.runWorker(ThreadPoolExecutor.java:1128)
	at java.base/java.util.concurrent.ThreadPoolExecutor$Worker.run(ThreadPoolExecutor.java:628)
	... 1 more
java.util.concurrent.ExecutionException: jetbrains.exodus.ExodusException
	at java.base/java.util.concurrent.FutureTask.report(FutureTask.java:122)
	at java.base/java.util.concurrent.FutureTask.get(FutureTask.java:191)
	at jetbrains.exodus.newLogConcept.MVCC.MVCCDataStructure.commitTransaction(MVCCDataStructure.java:299)
	at site.ycsb.db.XodusClient.insert(XodusClient.java:60)
	at site.ycsb.DBWrapper.insert(DBWrapper.java:227)
	at site.ycsb.workloads.CoreWorkload.doInsert(CoreWorkload.java:621)
	at site.ycsb.ClientThread.run(ClientThread.java:135)
	at java.base/java.lang.Thread.run(Thread.java:829)
Caused by: jetbrains.exodus.ExodusException
	at jetbrains.exodus.newLogConcept.garbageCollector.OperationLogGarbageCollector.moveAndRemoveRecordsFromLog(OperationLogGarbageCollector.java:69)
	at jetbrains.exodus.newLogConcept.garbageCollector.OperationLogGarbageCollector.clean(OperationLogGarbageCollector.java:51)
	at jetbrains.exodus.newLogConcept.MVCC.MVCCDataStructure.lambda$commitTransaction$1(MVCCDataStructure.java:297)
	at java.base/java.util.concurrent.Executors$RunnableAdapter.call(Executors.java:515)
	at java.base/java.util.concurrent.FutureTask.run(FutureTask.java:264)
	at java.base/java.util.concurrent.ThreadPoolExecutor.runWorker(ThreadPoolExecutor.java:1128)
	at java.base/java.util.concurrent.ThreadPoolExecutor$Worker.run(ThreadPoolExecutor.java:628)
	... 1 more
java.util.concurrent.ExecutionException: jetbrains.exodus.ExodusException
	at java.base/java.util.concurrent.FutureTask.report(FutureTask.java:122)
	at java.base/java.util.concurrent.FutureTask.get(FutureTask.java:191)
	at jetbrains.exodus.newLogConcept.MVCC.MVCCDataStructure.commitTransaction(MVCCDataStructure.java:299)
	at site.ycsb.db.XodusClient.insert(XodusClient.java:60)
	at site.ycsb.DBWrapper.insert(DBWrapper.java:227)
	at site.ycsb.workloads.CoreWorkload.doInsert(CoreWorkload.java:621)
	at site.ycsb.ClientThread.run(ClientThread.java:135)
	at java.base/java.lang.Thread.run(Thread.java:829)
Caused by: jetbrains.exodus.ExodusException
	at jetbrains.exodus.newLogConcept.garbageCollector.OperationLogGarbageCollector.moveAndRemoveRecordsFromLog(OperationLogGarbageCollector.java:69)
	at jetbrains.exodus.newLogConcept.garbageCollector.OperationLogGarbageCollector.clean(OperationLogGarbageCollector.java:51)
	at jetbrains.exodus.newLogConcept.MVCC.MVCCDataStructure.lambda$commitTransaction$1(MVCCDataStructure.java:297)
	at java.base/java.util.concurrent.Executors$RunnableAdapter.call(Executors.java:515)
	at java.base/java.util.concurrent.FutureTask.run(FutureTask.java:264)
	at java.base/java.util.concurrent.ThreadPoolExecutor.runWorker(ThreadPoolExecutor.java:1128)
	at java.base/java.util.concurrent.ThreadPoolExecutor$Worker.run(ThreadPoolExecutor.java:628)
	... 1 more
java.util.concurrent.ExecutionException: jetbrains.exodus.ExodusException
	at java.base/java.util.concurrent.FutureTask.report(FutureTask.java:122)
	at java.base/java.util.concurrent.FutureTask.get(FutureTask.java:191)
	at jetbrains.exodus.newLogConcept.MVCC.MVCCDataStructure.commitTransaction(MVCCDataStructure.java:299)
	at site.ycsb.db.XodusClient.insert(XodusClient.java:60)
	at site.ycsb.DBWrapper.insert(DBWrapper.java:227)
	at site.ycsb.workloads.CoreWorkload.doInsert(CoreWorkload.java:621)
	at site.ycsb.ClientThread.run(ClientThread.java:135)
	at java.base/java.lang.Thread.run(Thread.java:829)
Caused by: jetbrains.exodus.ExodusException
	at jetbrains.exodus.newLogConcept.garbageCollector.OperationLogGarbageCollector.moveAndRemoveRecordsFromLog(OperationLogGarbageCollector.java:69)
	at jetbrains.exodus.newLogConcept.garbageCollector.OperationLogGarbageCollector.clean(OperationLogGarbageCollector.java:51)
	at jetbrains.exodus.newLogConcept.MVCC.MVCCDataStructure.lambda$commitTransaction$1(MVCCDataStructure.java:297)
	at java.base/java.util.concurrent.Executors$RunnableAdapter.call(Executors.java:515)
	at java.base/java.util.concurrent.FutureTask.run(FutureTask.java:264)
	at java.base/java.util.concurrent.ThreadPoolExecutor.runWorker(ThreadPoolExecutor.java:1128)
	at java.base/java.util.concurrent.ThreadPoolExecutor$Worker.run(ThreadPoolExecutor.java:628)
	... 1 more
java.util.concurrent.ExecutionException: jetbrains.exodus.ExodusException
	at java.base/java.util.concurrent.FutureTask.report(FutureTask.java:122)
	at java.base/java.util.concurrent.FutureTask.get(FutureTask.java:191)
	at jetbrains.exodus.newLogConcept.MVCC.MVCCDataStructure.commitTransaction(MVCCDataStructure.java:299)
	at site.ycsb.db.XodusClient.insert(XodusClient.java:60)
	at site.ycsb.DBWrapper.insert(DBWrapper.java:227)
	at site.ycsb.workloads.CoreWorkload.doInsert(CoreWorkload.java:621)
	at site.ycsb.ClientThread.run(ClientThread.java:135)
	at java.base/java.lang.Thread.run(Thread.java:829)
Caused by: jetbrains.exodus.ExodusException
	at jetbrains.exodus.newLogConcept.garbageCollector.OperationLogGarbageCollector.moveAndRemoveRecordsFromLog(OperationLogGarbageCollector.java:69)
	at jetbrains.exodus.newLogConcept.garbageCollector.OperationLogGarbageCollector.clean(OperationLogGarbageCollector.java:51)
	at jetbrains.exodus.newLogConcept.MVCC.MVCCDataStructure.lambda$commitTransaction$1(MVCCDataStructure.java:297)
	at java.base/java.util.concurrent.Executors$RunnableAdapter.call(Executors.java:515)
	at java.base/java.util.concurrent.FutureTask.run(FutureTask.java:264)
	at java.base/java.util.concurrent.ThreadPoolExecutor.runWorker(ThreadPoolExecutor.java:1128)
	at java.base/java.util.concurrent.ThreadPoolExecutor$Worker.run(ThreadPoolExecutor.java:628)
	... 1 more
java.util.concurrent.ExecutionException: jetbrains.exodus.ExodusException
	at java.base/java.util.concurrent.FutureTask.report(FutureTask.java:122)
	at java.base/java.util.concurrent.FutureTask.get(FutureTask.java:191)
	at jetbrains.exodus.newLogConcept.MVCC.MVCCDataStructure.commitTransaction(MVCCDataStructure.java:299)
	at site.ycsb.db.XodusClient.insert(XodusClient.java:60)
	at site.ycsb.DBWrapper.insert(DBWrapper.java:227)
	at site.ycsb.workloads.CoreWorkload.doInsert(CoreWorkload.java:621)
	at site.ycsb.ClientThread.run(ClientThread.java:135)
	at java.base/java.lang.Thread.run(Thread.java:829)
Caused by: jetbrains.exodus.ExodusException
	at jetbrains.exodus.newLogConcept.garbageCollector.OperationLogGarbageCollector.moveAndRemoveRecordsFromLog(OperationLogGarbageCollector.java:69)
	at jetbrains.exodus.newLogConcept.garbageCollector.OperationLogGarbageCollector.clean(OperationLogGarbageCollector.java:51)
	at jetbrains.exodus.newLogConcept.MVCC.MVCCDataStructure.lambda$commitTransaction$1(MVCCDataStructure.java:297)
	at java.base/java.util.concurrent.Executors$RunnableAdapter.call(Executors.java:515)
	at java.base/java.util.concurrent.FutureTask.run(FutureTask.java:264)
	at java.base/java.util.concurrent.ThreadPoolExecutor.runWorker(ThreadPoolExecutor.java:1128)
	at java.base/java.util.concurrent.ThreadPoolExecutor$Worker.run(ThreadPoolExecutor.java:628)
	... 1 more
java.util.concurrent.ExecutionException: jetbrains.exodus.ExodusException
	at java.base/java.util.concurrent.FutureTask.report(FutureTask.java:122)
	at java.base/java.util.concurrent.FutureTask.get(FutureTask.java:191)
	at jetbrains.exodus.newLogConcept.MVCC.MVCCDataStructure.commitTransaction(MVCCDataStructure.java:299)
	at site.ycsb.db.XodusClient.insert(XodusClient.java:60)
	at site.ycsb.DBWrapper.insert(DBWrapper.java:227)
	at site.ycsb.workloads.CoreWorkload.doInsert(CoreWorkload.java:621)
	at site.ycsb.ClientThread.run(ClientThread.java:135)
	at java.base/java.lang.Thread.run(Thread.java:829)
Caused by: jetbrains.exodus.ExodusException
	at jetbrains.exodus.newLogConcept.garbageCollector.OperationLogGarbageCollector.moveAndRemoveRecordsFromLog(OperationLogGarbageCollector.java:69)
	at jetbrains.exodus.newLogConcept.garbageCollector.OperationLogGarbageCollector.clean(OperationLogGarbageCollector.java:51)
	at jetbrains.exodus.newLogConcept.MVCC.MVCCDataStructure.lambda$commitTransaction$1(MVCCDataStructure.java:297)
	at java.base/java.util.concurrent.Executors$RunnableAdapter.call(Executors.java:515)
	at java.base/java.util.concurrent.FutureTask.run(FutureTask.java:264)
	at java.base/java.util.concurrent.ThreadPoolExecutor.runWorker(ThreadPoolExecutor.java:1128)
	at java.base/java.util.concurrent.ThreadPoolExecutor$Worker.run(ThreadPoolExecutor.java:628)
	... 1 more
java.util.concurrent.ExecutionException: jetbrains.exodus.ExodusException
	at java.base/java.util.concurrent.FutureTask.report(FutureTask.java:122)
	at java.base/java.util.concurrent.FutureTask.get(FutureTask.java:191)
	at jetbrains.exodus.newLogConcept.MVCC.MVCCDataStructure.commitTransaction(MVCCDataStructure.java:299)
	at site.ycsb.db.XodusClient.insert(XodusClient.java:60)
	at site.ycsb.DBWrapper.insert(DBWrapper.java:227)
	at site.ycsb.workloads.CoreWorkload.doInsert(CoreWorkload.java:621)
	at site.ycsb.ClientThread.run(ClientThread.java:135)
	at java.base/java.lang.Thread.run(Thread.java:829)
Caused by: jetbrains.exodus.ExodusException
	at jetbrains.exodus.newLogConcept.garbageCollector.OperationLogGarbageCollector.moveAndRemoveRecordsFromLog(OperationLogGarbageCollector.java:69)
	at jetbrains.exodus.newLogConcept.garbageCollector.OperationLogGarbageCollector.clean(OperationLogGarbageCollector.java:51)
	at jetbrains.exodus.newLogConcept.MVCC.MVCCDataStructure.lambda$commitTransaction$1(MVCCDataStructure.java:297)
	at java.base/java.util.concurrent.Executors$RunnableAdapter.call(Executors.java:515)
	at java.base/java.util.concurrent.FutureTask.run(FutureTask.java:264)
	at java.base/java.util.concurrent.ThreadPoolExecutor.runWorker(ThreadPoolExecutor.java:1128)
	at java.base/java.util.concurrent.ThreadPoolExecutor$Worker.run(ThreadPoolExecutor.java:628)
	... 1 more
java.util.concurrent.ExecutionException: jetbrains.exodus.ExodusException
	at java.base/java.util.concurrent.FutureTask.report(FutureTask.java:122)
	at java.base/java.util.concurrent.FutureTask.get(FutureTask.java:191)
	at jetbrains.exodus.newLogConcept.MVCC.MVCCDataStructure.commitTransaction(MVCCDataStructure.java:299)
	at site.ycsb.db.XodusClient.insert(XodusClient.java:60)
	at site.ycsb.DBWrapper.insert(DBWrapper.java:227)
	at site.ycsb.workloads.CoreWorkload.doInsert(CoreWorkload.java:621)
	at site.ycsb.ClientThread.run(ClientThread.java:135)
	at java.base/java.lang.Thread.run(Thread.java:829)
Caused by: jetbrains.exodus.ExodusException
	at jetbrains.exodus.newLogConcept.garbageCollector.OperationLogGarbageCollector.moveAndRemoveRecordsFromLog(OperationLogGarbageCollector.java:69)
	at jetbrains.exodus.newLogConcept.garbageCollector.OperationLogGarbageCollector.clean(OperationLogGarbageCollector.java:51)
	at jetbrains.exodus.newLogConcept.MVCC.MVCCDataStructure.lambda$commitTransaction$1(MVCCDataStructure.java:297)
	at java.base/java.util.concurrent.Executors$RunnableAdapter.call(Executors.java:515)
	at java.base/java.util.concurrent.FutureTask.run(FutureTask.java:264)
	at java.base/java.util.concurrent.ThreadPoolExecutor.runWorker(ThreadPoolExecutor.java:1128)
	at java.base/java.util.concurrent.ThreadPoolExecutor$Worker.run(ThreadPoolExecutor.java:628)
	... 1 more
java.util.concurrent.ExecutionException: jetbrains.exodus.ExodusException
	at java.base/java.util.concurrent.FutureTask.report(FutureTask.java:122)
	at java.base/java.util.concurrent.FutureTask.get(FutureTask.java:191)
	at jetbrains.exodus.newLogConcept.MVCC.MVCCDataStructure.commitTransaction(MVCCDataStructure.java:299)
	at site.ycsb.db.XodusClient.insert(XodusClient.java:60)
	at site.ycsb.DBWrapper.insert(DBWrapper.java:227)
	at site.ycsb.workloads.CoreWorkload.doInsert(CoreWorkload.java:621)
	at site.ycsb.ClientThread.run(ClientThread.java:135)
	at java.base/java.lang.Thread.run(Thread.java:829)
Caused by: jetbrains.exodus.ExodusException
	at jetbrains.exodus.newLogConcept.garbageCollector.OperationLogGarbageCollector.moveAndRemoveRecordsFromLog(OperationLogGarbageCollector.java:69)
	at jetbrains.exodus.newLogConcept.garbageCollector.OperationLogGarbageCollector.clean(OperationLogGarbageCollector.java:51)
	at jetbrains.exodus.newLogConcept.MVCC.MVCCDataStructure.lambda$commitTransaction$1(MVCCDataStructure.java:297)
	at java.base/java.util.concurrent.Executors$RunnableAdapter.call(Executors.java:515)
	at java.base/java.util.concurrent.FutureTask.run(FutureTask.java:264)
	at java.base/java.util.concurrent.ThreadPoolExecutor.runWorker(ThreadPoolExecutor.java:1128)
	at java.base/java.util.concurrent.ThreadPoolExecutor$Worker.run(ThreadPoolExecutor.java:628)
	... 1 more
java.util.concurrent.ExecutionException: jetbrains.exodus.ExodusException
	at java.base/java.util.concurrent.FutureTask.report(FutureTask.java:122)
	at java.base/java.util.concurrent.FutureTask.get(FutureTask.java:191)
	at jetbrains.exodus.newLogConcept.MVCC.MVCCDataStructure.commitTransaction(MVCCDataStructure.java:299)
	at site.ycsb.db.XodusClient.insert(XodusClient.java:60)
	at site.ycsb.DBWrapper.insert(DBWrapper.java:227)
	at site.ycsb.workloads.CoreWorkload.doInsert(CoreWorkload.java:621)
	at site.ycsb.ClientThread.run(ClientThread.java:135)
	at java.base/java.lang.Thread.run(Thread.java:829)
Caused by: jetbrains.exodus.ExodusException
	at jetbrains.exodus.newLogConcept.garbageCollector.OperationLogGarbageCollector.moveAndRemoveRecordsFromLog(OperationLogGarbageCollector.java:69)
	at jetbrains.exodus.newLogConcept.garbageCollector.OperationLogGarbageCollector.clean(OperationLogGarbageCollector.java:51)
	at jetbrains.exodus.newLogConcept.MVCC.MVCCDataStructure.lambda$commitTransaction$1(MVCCDataStructure.java:297)
	at java.base/java.util.concurrent.Executors$RunnableAdapter.call(Executors.java:515)
	at java.base/java.util.concurrent.FutureTask.run(FutureTask.java:264)
	at java.base/java.util.concurrent.ThreadPoolExecutor.runWorker(ThreadPoolExecutor.java:1128)
	at java.base/java.util.concurrent.ThreadPoolExecutor$Worker.run(ThreadPoolExecutor.java:628)
	... 1 more
java.util.concurrent.ExecutionException: jetbrains.exodus.ExodusException
	at java.base/java.util.concurrent.FutureTask.report(FutureTask.java:122)
	at java.base/java.util.concurrent.FutureTask.get(FutureTask.java:191)
	at jetbrains.exodus.newLogConcept.MVCC.MVCCDataStructure.commitTransaction(MVCCDataStructure.java:299)
	at site.ycsb.db.XodusClient.insert(XodusClient.java:60)
	at site.ycsb.DBWrapper.insert(DBWrapper.java:227)
	at site.ycsb.workloads.CoreWorkload.doInsert(CoreWorkload.java:621)
	at site.ycsb.ClientThread.run(ClientThread.java:135)
	at java.base/java.lang.Thread.run(Thread.java:829)
Caused by: jetbrains.exodus.ExodusException
	at jetbrains.exodus.newLogConcept.garbageCollector.OperationLogGarbageCollector.moveAndRemoveRecordsFromLog(OperationLogGarbageCollector.java:69)
	at jetbrains.exodus.newLogConcept.garbageCollector.OperationLogGarbageCollector.clean(OperationLogGarbageCollector.java:51)
	at jetbrains.exodus.newLogConcept.MVCC.MVCCDataStructure.lambda$commitTransaction$1(MVCCDataStructure.java:297)
	at java.base/java.util.concurrent.Executors$RunnableAdapter.call(Executors.java:515)
	at java.base/java.util.concurrent.FutureTask.run(FutureTask.java:264)
	at java.base/java.util.concurrent.ThreadPoolExecutor.runWorker(ThreadPoolExecutor.java:1128)
	at java.base/java.util.concurrent.ThreadPoolExecutor$Worker.run(ThreadPoolExecutor.java:628)
	... 1 more
java.util.concurrent.ExecutionException: jetbrains.exodus.ExodusException
	at java.base/java.util.concurrent.FutureTask.report(FutureTask.java:122)
	at java.base/java.util.concurrent.FutureTask.get(FutureTask.java:191)
	at jetbrains.exodus.newLogConcept.MVCC.MVCCDataStructure.commitTransaction(MVCCDataStructure.java:299)
	at site.ycsb.db.XodusClient.insert(XodusClient.java:60)
	at site.ycsb.DBWrapper.insert(DBWrapper.java:227)
	at site.ycsb.workloads.CoreWorkload.doInsert(CoreWorkload.java:621)
	at site.ycsb.ClientThread.run(ClientThread.java:135)
	at java.base/java.lang.Thread.run(Thread.java:829)
Caused by: jetbrains.exodus.ExodusException
	at jetbrains.exodus.newLogConcept.garbageCollector.OperationLogGarbageCollector.moveAndRemoveRecordsFromLog(OperationLogGarbageCollector.java:69)
	at jetbrains.exodus.newLogConcept.garbageCollector.OperationLogGarbageCollector.clean(OperationLogGarbageCollector.java:51)
	at jetbrains.exodus.newLogConcept.MVCC.MVCCDataStructure.lambda$commitTransaction$1(MVCCDataStructure.java:297)
	at java.base/java.util.concurrent.Executors$RunnableAdapter.call(Executors.java:515)
	at java.base/java.util.concurrent.FutureTask.run(FutureTask.java:264)
	at java.base/java.util.concurrent.ThreadPoolExecutor.runWorker(ThreadPoolExecutor.java:1128)
	at java.base/java.util.concurrent.ThreadPoolExecutor$Worker.run(ThreadPoolExecutor.java:628)
	... 1 more
java.util.concurrent.ExecutionException: jetbrains.exodus.ExodusException
	at java.base/java.util.concurrent.FutureTask.report(FutureTask.java:122)
	at java.base/java.util.concurrent.FutureTask.get(FutureTask.java:191)
	at jetbrains.exodus.newLogConcept.MVCC.MVCCDataStructure.commitTransaction(MVCCDataStructure.java:299)
	at site.ycsb.db.XodusClient.insert(XodusClient.java:60)
	at site.ycsb.DBWrapper.insert(DBWrapper.java:227)
	at site.ycsb.workloads.CoreWorkload.doInsert(CoreWorkload.java:621)
	at site.ycsb.ClientThread.run(ClientThread.java:135)
	at java.base/java.lang.Thread.run(Thread.java:829)
Caused by: jetbrains.exodus.ExodusException
	at jetbrains.exodus.newLogConcept.garbageCollector.OperationLogGarbageCollector.moveAndRemoveRecordsFromLog(OperationLogGarbageCollector.java:69)
	at jetbrains.exodus.newLogConcept.garbageCollector.OperationLogGarbageCollector.clean(OperationLogGarbageCollector.java:51)
	at jetbrains.exodus.newLogConcept.MVCC.MVCCDataStructure.lambda$commitTransaction$1(MVCCDataStructure.java:297)
	at java.base/java.util.concurrent.Executors$RunnableAdapter.call(Executors.java:515)
	at java.base/java.util.concurrent.FutureTask.run(FutureTask.java:264)
	at java.base/java.util.concurrent.ThreadPoolExecutor.runWorker(ThreadPoolExecutor.java:1128)
	at java.base/java.util.concurrent.ThreadPoolExecutor$Worker.run(ThreadPoolExecutor.java:628)
	... 1 more
java.util.concurrent.ExecutionException: jetbrains.exodus.ExodusException
	at java.base/java.util.concurrent.FutureTask.report(FutureTask.java:122)
	at java.base/java.util.concurrent.FutureTask.get(FutureTask.java:191)
	at jetbrains.exodus.newLogConcept.MVCC.MVCCDataStructure.commitTransaction(MVCCDataStructure.java:299)
	at site.ycsb.db.XodusClient.insert(XodusClient.java:60)
	at site.ycsb.DBWrapper.insert(DBWrapper.java:227)
	at site.ycsb.workloads.CoreWorkload.doInsert(CoreWorkload.java:621)
	at site.ycsb.ClientThread.run(ClientThread.java:135)
	at java.base/java.lang.Thread.run(Thread.java:829)
Caused by: jetbrains.exodus.ExodusException
	at jetbrains.exodus.newLogConcept.garbageCollector.OperationLogGarbageCollector.moveAndRemoveRecordsFromLog(OperationLogGarbageCollector.java:69)
	at jetbrains.exodus.newLogConcept.garbageCollector.OperationLogGarbageCollector.clean(OperationLogGarbageCollector.java:51)
	at jetbrains.exodus.newLogConcept.MVCC.MVCCDataStructure.lambda$commitTransaction$1(MVCCDataStructure.java:297)
	at java.base/java.util.concurrent.Executors$RunnableAdapter.call(Executors.java:515)
	at java.base/java.util.concurrent.FutureTask.run(FutureTask.java:264)
	at java.base/java.util.concurrent.ThreadPoolExecutor.runWorker(ThreadPoolExecutor.java:1128)
	at java.base/java.util.concurrent.ThreadPoolExecutor$Worker.run(ThreadPoolExecutor.java:628)
	... 1 more
java.util.concurrent.ExecutionException: jetbrains.exodus.ExodusException
	at java.base/java.util.concurrent.FutureTask.report(FutureTask.java:122)
	at java.base/java.util.concurrent.FutureTask.get(FutureTask.java:191)
	at jetbrains.exodus.newLogConcept.MVCC.MVCCDataStructure.commitTransaction(MVCCDataStructure.java:299)
	at site.ycsb.db.XodusClient.insert(XodusClient.java:60)
	at site.ycsb.DBWrapper.insert(DBWrapper.java:227)
	at site.ycsb.workloads.CoreWorkload.doInsert(CoreWorkload.java:621)
	at site.ycsb.ClientThread.run(ClientThread.java:135)
	at java.base/java.lang.Thread.run(Thread.java:829)
Caused by: jetbrains.exodus.ExodusException
	at jetbrains.exodus.newLogConcept.garbageCollector.OperationLogGarbageCollector.moveAndRemoveRecordsFromLog(OperationLogGarbageCollector.java:69)
	at jetbrains.exodus.newLogConcept.garbageCollector.OperationLogGarbageCollector.clean(OperationLogGarbageCollector.java:51)
	at jetbrains.exodus.newLogConcept.MVCC.MVCCDataStructure.lambda$commitTransaction$1(MVCCDataStructure.java:297)
	at java.base/java.util.concurrent.Executors$RunnableAdapter.call(Executors.java:515)
	at java.base/java.util.concurrent.FutureTask.run(FutureTask.java:264)
	at java.base/java.util.concurrent.ThreadPoolExecutor.runWorker(ThreadPoolExecutor.java:1128)
	at java.base/java.util.concurrent.ThreadPoolExecutor$Worker.run(ThreadPoolExecutor.java:628)
	... 1 more
java.util.concurrent.ExecutionException: jetbrains.exodus.ExodusException
	at java.base/java.util.concurrent.FutureTask.report(FutureTask.java:122)
	at java.base/java.util.concurrent.FutureTask.get(FutureTask.java:191)
	at jetbrains.exodus.newLogConcept.MVCC.MVCCDataStructure.commitTransaction(MVCCDataStructure.java:299)
	at site.ycsb.db.XodusClient.insert(XodusClient.java:60)
	at site.ycsb.DBWrapper.insert(DBWrapper.java:227)
	at site.ycsb.workloads.CoreWorkload.doInsert(CoreWorkload.java:621)
	at site.ycsb.ClientThread.run(ClientThread.java:135)
	at java.base/java.lang.Thread.run(Thread.java:829)
Caused by: jetbrains.exodus.ExodusException
	at jetbrains.exodus.newLogConcept.garbageCollector.OperationLogGarbageCollector.moveAndRemoveRecordsFromLog(OperationLogGarbageCollector.java:69)
	at jetbrains.exodus.newLogConcept.garbageCollector.OperationLogGarbageCollector.clean(OperationLogGarbageCollector.java:51)
	at jetbrains.exodus.newLogConcept.MVCC.MVCCDataStructure.lambda$commitTransaction$1(MVCCDataStructure.java:297)
	at java.base/java.util.concurrent.Executors$RunnableAdapter.call(Executors.java:515)
	at java.base/java.util.concurrent.FutureTask.run(FutureTask.java:264)
	at java.base/java.util.concurrent.ThreadPoolExecutor.runWorker(ThreadPoolExecutor.java:1128)
	at java.base/java.util.concurrent.ThreadPoolExecutor$Worker.run(ThreadPoolExecutor.java:628)
	... 1 more
java.util.concurrent.ExecutionException: jetbrains.exodus.ExodusException
	at java.base/java.util.concurrent.FutureTask.report(FutureTask.java:122)
	at java.base/java.util.concurrent.FutureTask.get(FutureTask.java:191)
	at jetbrains.exodus.newLogConcept.MVCC.MVCCDataStructure.commitTransaction(MVCCDataStructure.java:299)
	at site.ycsb.db.XodusClient.insert(XodusClient.java:60)
	at site.ycsb.DBWrapper.insert(DBWrapper.java:227)
	at site.ycsb.workloads.CoreWorkload.doInsert(CoreWorkload.java:621)
	at site.ycsb.ClientThread.run(ClientThread.java:135)
	at java.base/java.lang.Thread.run(Thread.java:829)
Caused by: jetbrains.exodus.ExodusException
	at jetbrains.exodus.newLogConcept.garbageCollector.OperationLogGarbageCollector.moveAndRemoveRecordsFromLog(OperationLogGarbageCollector.java:69)
	at jetbrains.exodus.newLogConcept.garbageCollector.OperationLogGarbageCollector.clean(OperationLogGarbageCollector.java:51)
	at jetbrains.exodus.newLogConcept.MVCC.MVCCDataStructure.lambda$commitTransaction$1(MVCCDataStructure.java:297)
	at java.base/java.util.concurrent.Executors$RunnableAdapter.call(Executors.java:515)
	at java.base/java.util.concurrent.FutureTask.run(FutureTask.java:264)
	at java.base/java.util.concurrent.ThreadPoolExecutor.runWorker(ThreadPoolExecutor.java:1128)
	at java.base/java.util.concurrent.ThreadPoolExecutor$Worker.run(ThreadPoolExecutor.java:628)
	... 1 more
java.util.concurrent.ExecutionException: jetbrains.exodus.ExodusException
	at java.base/java.util.concurrent.FutureTask.report(FutureTask.java:122)
	at java.base/java.util.concurrent.FutureTask.get(FutureTask.java:191)
	at jetbrains.exodus.newLogConcept.MVCC.MVCCDataStructure.commitTransaction(MVCCDataStructure.java:299)
	at site.ycsb.db.XodusClient.insert(XodusClient.java:60)
	at site.ycsb.DBWrapper.insert(DBWrapper.java:227)
	at site.ycsb.workloads.CoreWorkload.doInsert(CoreWorkload.java:621)
	at site.ycsb.ClientThread.run(ClientThread.java:135)
	at java.base/java.lang.Thread.run(Thread.java:829)
Caused by: jetbrains.exodus.ExodusException
	at jetbrains.exodus.newLogConcept.garbageCollector.OperationLogGarbageCollector.moveAndRemoveRecordsFromLog(OperationLogGarbageCollector.java:69)
	at jetbrains.exodus.newLogConcept.garbageCollector.OperationLogGarbageCollector.clean(OperationLogGarbageCollector.java:51)
	at jetbrains.exodus.newLogConcept.MVCC.MVCCDataStructure.lambda$commitTransaction$1(MVCCDataStructure.java:297)
	at java.base/java.util.concurrent.Executors$RunnableAdapter.call(Executors.java:515)
	at java.base/java.util.concurrent.FutureTask.run(FutureTask.java:264)
	at java.base/java.util.concurrent.ThreadPoolExecutor.runWorker(ThreadPoolExecutor.java:1128)
	at java.base/java.util.concurrent.ThreadPoolExecutor$Worker.run(ThreadPoolExecutor.java:628)
	... 1 more
java.util.concurrent.ExecutionException: jetbrains.exodus.ExodusException
	at java.base/java.util.concurrent.FutureTask.report(FutureTask.java:122)
	at java.base/java.util.concurrent.FutureTask.get(FutureTask.java:191)
	at jetbrains.exodus.newLogConcept.MVCC.MVCCDataStructure.commitTransaction(MVCCDataStructure.java:299)
	at site.ycsb.db.XodusClient.insert(XodusClient.java:60)
	at site.ycsb.DBWrapper.insert(DBWrapper.java:227)
	at site.ycsb.workloads.CoreWorkload.doInsert(CoreWorkload.java:621)
	at site.ycsb.ClientThread.run(ClientThread.java:135)
	at java.base/java.lang.Thread.run(Thread.java:829)
Caused by: jetbrains.exodus.ExodusException
	at jetbrains.exodus.newLogConcept.garbageCollector.OperationLogGarbageCollector.moveAndRemoveRecordsFromLog(OperationLogGarbageCollector.java:69)
	at jetbrains.exodus.newLogConcept.garbageCollector.OperationLogGarbageCollector.clean(OperationLogGarbageCollector.java:51)
	at jetbrains.exodus.newLogConcept.MVCC.MVCCDataStructure.lambda$commitTransaction$1(MVCCDataStructure.java:297)
	at java.base/java.util.concurrent.Executors$RunnableAdapter.call(Executors.java:515)
	at java.base/java.util.concurrent.FutureTask.run(FutureTask.java:264)
	at java.base/java.util.concurrent.ThreadPoolExecutor.runWorker(ThreadPoolExecutor.java:1128)
	at java.base/java.util.concurrent.ThreadPoolExecutor$Worker.run(ThreadPoolExecutor.java:628)
	... 1 more
java.util.concurrent.ExecutionException: jetbrains.exodus.ExodusException
	at java.base/java.util.concurrent.FutureTask.report(FutureTask.java:122)
	at java.base/java.util.concurrent.FutureTask.get(FutureTask.java:191)
	at jetbrains.exodus.newLogConcept.MVCC.MVCCDataStructure.commitTransaction(MVCCDataStructure.java:299)
	at site.ycsb.db.XodusClient.insert(XodusClient.java:60)
	at site.ycsb.DBWrapper.insert(DBWrapper.java:227)
	at site.ycsb.workloads.CoreWorkload.doInsert(CoreWorkload.java:621)
	at site.ycsb.ClientThread.run(ClientThread.java:135)
	at java.base/java.lang.Thread.run(Thread.java:829)
Caused by: jetbrains.exodus.ExodusException
	at jetbrains.exodus.newLogConcept.garbageCollector.OperationLogGarbageCollector.moveAndRemoveRecordsFromLog(OperationLogGarbageCollector.java:69)
	at jetbrains.exodus.newLogConcept.garbageCollector.OperationLogGarbageCollector.clean(OperationLogGarbageCollector.java:51)
	at jetbrains.exodus.newLogConcept.MVCC.MVCCDataStructure.lambda$commitTransaction$1(MVCCDataStructure.java:297)
	at java.base/java.util.concurrent.Executors$RunnableAdapter.call(Executors.java:515)
	at java.base/java.util.concurrent.FutureTask.run(FutureTask.java:264)
	at java.base/java.util.concurrent.ThreadPoolExecutor.runWorker(ThreadPoolExecutor.java:1128)
	at java.base/java.util.concurrent.ThreadPoolExecutor$Worker.run(ThreadPoolExecutor.java:628)
	... 1 more
java.util.concurrent.ExecutionException: jetbrains.exodus.ExodusException
	at java.base/java.util.concurrent.FutureTask.report(FutureTask.java:122)
	at java.base/java.util.concurrent.FutureTask.get(FutureTask.java:191)
	at jetbrains.exodus.newLogConcept.MVCC.MVCCDataStructure.commitTransaction(MVCCDataStructure.java:299)
	at site.ycsb.db.XodusClient.insert(XodusClient.java:60)
	at site.ycsb.DBWrapper.insert(DBWrapper.java:227)
	at site.ycsb.workloads.CoreWorkload.doInsert(CoreWorkload.java:621)
	at site.ycsb.ClientThread.run(ClientThread.java:135)
	at java.base/java.lang.Thread.run(Thread.java:829)
Caused by: jetbrains.exodus.ExodusException
	at jetbrains.exodus.newLogConcept.garbageCollector.OperationLogGarbageCollector.moveAndRemoveRecordsFromLog(OperationLogGarbageCollector.java:69)
	at jetbrains.exodus.newLogConcept.garbageCollector.OperationLogGarbageCollector.clean(OperationLogGarbageCollector.java:51)
	at jetbrains.exodus.newLogConcept.MVCC.MVCCDataStructure.lambda$commitTransaction$1(MVCCDataStructure.java:297)
	at java.base/java.util.concurrent.Executors$RunnableAdapter.call(Executors.java:515)
	at java.base/java.util.concurrent.FutureTask.run(FutureTask.java:264)
	at java.base/java.util.concurrent.ThreadPoolExecutor.runWorker(ThreadPoolExecutor.java:1128)
	at java.base/java.util.concurrent.ThreadPoolExecutor$Worker.run(ThreadPoolExecutor.java:628)
	... 1 more
java.util.concurrent.ExecutionException: jetbrains.exodus.ExodusException
	at java.base/java.util.concurrent.FutureTask.report(FutureTask.java:122)
	at java.base/java.util.concurrent.FutureTask.get(FutureTask.java:191)
	at jetbrains.exodus.newLogConcept.MVCC.MVCCDataStructure.commitTransaction(MVCCDataStructure.java:299)
	at site.ycsb.db.XodusClient.insert(XodusClient.java:60)
	at site.ycsb.DBWrapper.insert(DBWrapper.java:227)
	at site.ycsb.workloads.CoreWorkload.doInsert(CoreWorkload.java:621)
	at site.ycsb.ClientThread.run(ClientThread.java:135)
	at java.base/java.lang.Thread.run(Thread.java:829)
Caused by: jetbrains.exodus.ExodusException
	at jetbrains.exodus.newLogConcept.garbageCollector.OperationLogGarbageCollector.moveAndRemoveRecordsFromLog(OperationLogGarbageCollector.java:69)
	at jetbrains.exodus.newLogConcept.garbageCollector.OperationLogGarbageCollector.clean(OperationLogGarbageCollector.java:51)
	at jetbrains.exodus.newLogConcept.MVCC.MVCCDataStructure.lambda$commitTransaction$1(MVCCDataStructure.java:297)
	at java.base/java.util.concurrent.Executors$RunnableAdapter.call(Executors.java:515)
	at java.base/java.util.concurrent.FutureTask.run(FutureTask.java:264)
	at java.base/java.util.concurrent.ThreadPoolExecutor.runWorker(ThreadPoolExecutor.java:1128)
	at java.base/java.util.concurrent.ThreadPoolExecutor$Worker.run(ThreadPoolExecutor.java:628)
	... 1 more
java.util.concurrent.ExecutionException: jetbrains.exodus.ExodusException
	at java.base/java.util.concurrent.FutureTask.report(FutureTask.java:122)
	at java.base/java.util.concurrent.FutureTask.get(FutureTask.java:191)
	at jetbrains.exodus.newLogConcept.MVCC.MVCCDataStructure.commitTransaction(MVCCDataStructure.java:299)
	at site.ycsb.db.XodusClient.insert(XodusClient.java:60)
	at site.ycsb.DBWrapper.insert(DBWrapper.java:227)
	at site.ycsb.workloads.CoreWorkload.doInsert(CoreWorkload.java:621)
	at site.ycsb.ClientThread.run(ClientThread.java:135)
	at java.base/java.lang.Thread.run(Thread.java:829)
Caused by: jetbrains.exodus.ExodusException
	at jetbrains.exodus.newLogConcept.garbageCollector.OperationLogGarbageCollector.moveAndRemoveRecordsFromLog(OperationLogGarbageCollector.java:69)
	at jetbrains.exodus.newLogConcept.garbageCollector.OperationLogGarbageCollector.clean(OperationLogGarbageCollector.java:51)
	at jetbrains.exodus.newLogConcept.MVCC.MVCCDataStructure.lambda$commitTransaction$1(MVCCDataStructure.java:297)
	at java.base/java.util.concurrent.Executors$RunnableAdapter.call(Executors.java:515)
	at java.base/java.util.concurrent.FutureTask.run(FutureTask.java:264)
	at java.base/java.util.concurrent.ThreadPoolExecutor.runWorker(ThreadPoolExecutor.java:1128)
	at java.base/java.util.concurrent.ThreadPoolExecutor$Worker.run(ThreadPoolExecutor.java:628)
	... 1 more
java.util.concurrent.ExecutionException: jetbrains.exodus.ExodusException
	at java.base/java.util.concurrent.FutureTask.report(FutureTask.java:122)
	at java.base/java.util.concurrent.FutureTask.get(FutureTask.java:191)
	at jetbrains.exodus.newLogConcept.MVCC.MVCCDataStructure.commitTransaction(MVCCDataStructure.java:299)
	at site.ycsb.db.XodusClient.insert(XodusClient.java:60)
	at site.ycsb.DBWrapper.insert(DBWrapper.java:227)
	at site.ycsb.workloads.CoreWorkload.doInsert(CoreWorkload.java:621)
	at site.ycsb.ClientThread.run(ClientThread.java:135)
	at java.base/java.lang.Thread.run(Thread.java:829)
Caused by: jetbrains.exodus.ExodusException
	at jetbrains.exodus.newLogConcept.garbageCollector.OperationLogGarbageCollector.moveAndRemoveRecordsFromLog(OperationLogGarbageCollector.java:69)
	at jetbrains.exodus.newLogConcept.garbageCollector.OperationLogGarbageCollector.clean(OperationLogGarbageCollector.java:51)
	at jetbrains.exodus.newLogConcept.MVCC.MVCCDataStructure.lambda$commitTransaction$1(MVCCDataStructure.java:297)
	at java.base/java.util.concurrent.Executors$RunnableAdapter.call(Executors.java:515)
	at java.base/java.util.concurrent.FutureTask.run(FutureTask.java:264)
	at java.base/java.util.concurrent.ThreadPoolExecutor.runWorker(ThreadPoolExecutor.java:1128)
	at java.base/java.util.concurrent.ThreadPoolExecutor$Worker.run(ThreadPoolExecutor.java:628)
	... 1 more
java.util.concurrent.ExecutionException: jetbrains.exodus.ExodusException
	at java.base/java.util.concurrent.FutureTask.report(FutureTask.java:122)
	at java.base/java.util.concurrent.FutureTask.get(FutureTask.java:191)
	at jetbrains.exodus.newLogConcept.MVCC.MVCCDataStructure.commitTransaction(MVCCDataStructure.java:299)
	at site.ycsb.db.XodusClient.insert(XodusClient.java:60)
	at site.ycsb.DBWrapper.insert(DBWrapper.java:227)
	at site.ycsb.workloads.CoreWorkload.doInsert(CoreWorkload.java:621)
	at site.ycsb.ClientThread.run(ClientThread.java:135)
	at java.base/java.lang.Thread.run(Thread.java:829)
Caused by: jetbrains.exodus.ExodusException
	at jetbrains.exodus.newLogConcept.garbageCollector.OperationLogGarbageCollector.moveAndRemoveRecordsFromLog(OperationLogGarbageCollector.java:69)
	at jetbrains.exodus.newLogConcept.garbageCollector.OperationLogGarbageCollector.clean(OperationLogGarbageCollector.java:51)
	at jetbrains.exodus.newLogConcept.MVCC.MVCCDataStructure.lambda$commitTransaction$1(MVCCDataStructure.java:297)
	at java.base/java.util.concurrent.Executors$RunnableAdapter.call(Executors.java:515)
	at java.base/java.util.concurrent.FutureTask.run(FutureTask.java:264)
	at java.base/java.util.concurrent.ThreadPoolExecutor.runWorker(ThreadPoolExecutor.java:1128)
	at java.base/java.util.concurrent.ThreadPoolExecutor$Worker.run(ThreadPoolExecutor.java:628)
	... 1 more
java.util.concurrent.ExecutionException: jetbrains.exodus.ExodusException
	at java.base/java.util.concurrent.FutureTask.report(FutureTask.java:122)
	at java.base/java.util.concurrent.FutureTask.get(FutureTask.java:191)
	at jetbrains.exodus.newLogConcept.MVCC.MVCCDataStructure.commitTransaction(MVCCDataStructure.java:299)
	at site.ycsb.db.XodusClient.insert(XodusClient.java:60)
	at site.ycsb.DBWrapper.insert(DBWrapper.java:227)
	at site.ycsb.workloads.CoreWorkload.doInsert(CoreWorkload.java:621)
	at site.ycsb.ClientThread.run(ClientThread.java:135)
	at java.base/java.lang.Thread.run(Thread.java:829)
Caused by: jetbrains.exodus.ExodusException
	at jetbrains.exodus.newLogConcept.garbageCollector.OperationLogGarbageCollector.moveAndRemoveRecordsFromLog(OperationLogGarbageCollector.java:69)
	at jetbrains.exodus.newLogConcept.garbageCollector.OperationLogGarbageCollector.clean(OperationLogGarbageCollector.java:51)
	at jetbrains.exodus.newLogConcept.MVCC.MVCCDataStructure.lambda$commitTransaction$1(MVCCDataStructure.java:297)
	at java.base/java.util.concurrent.Executors$RunnableAdapter.call(Executors.java:515)
	at java.base/java.util.concurrent.FutureTask.run(FutureTask.java:264)
	at java.base/java.util.concurrent.ThreadPoolExecutor.runWorker(ThreadPoolExecutor.java:1128)
	at java.base/java.util.concurrent.ThreadPoolExecutor$Worker.run(ThreadPoolExecutor.java:628)
	... 1 more
java.util.concurrent.ExecutionException: jetbrains.exodus.ExodusException
	at java.base/java.util.concurrent.FutureTask.report(FutureTask.java:122)
	at java.base/java.util.concurrent.FutureTask.get(FutureTask.java:191)
	at jetbrains.exodus.newLogConcept.MVCC.MVCCDataStructure.commitTransaction(MVCCDataStructure.java:299)
	at site.ycsb.db.XodusClient.insert(XodusClient.java:60)
	at site.ycsb.DBWrapper.insert(DBWrapper.java:227)
	at site.ycsb.workloads.CoreWorkload.doInsert(CoreWorkload.java:621)
	at site.ycsb.ClientThread.run(ClientThread.java:135)
	at java.base/java.lang.Thread.run(Thread.java:829)
Caused by: jetbrains.exodus.ExodusException
	at jetbrains.exodus.newLogConcept.garbageCollector.OperationLogGarbageCollector.moveAndRemoveRecordsFromLog(OperationLogGarbageCollector.java:69)
	at jetbrains.exodus.newLogConcept.garbageCollector.OperationLogGarbageCollector.clean(OperationLogGarbageCollector.java:51)
	at jetbrains.exodus.newLogConcept.MVCC.MVCCDataStructure.lambda$commitTransaction$1(MVCCDataStructure.java:297)
	at java.base/java.util.concurrent.Executors$RunnableAdapter.call(Executors.java:515)
	at java.base/java.util.concurrent.FutureTask.run(FutureTask.java:264)
	at java.base/java.util.concurrent.ThreadPoolExecutor.runWorker(ThreadPoolExecutor.java:1128)
	at java.base/java.util.concurrent.ThreadPoolExecutor$Worker.run(ThreadPoolExecutor.java:628)
	... 1 more
java.util.concurrent.ExecutionException: jetbrains.exodus.ExodusException
	at java.base/java.util.concurrent.FutureTask.report(FutureTask.java:122)
	at java.base/java.util.concurrent.FutureTask.get(FutureTask.java:191)
	at jetbrains.exodus.newLogConcept.MVCC.MVCCDataStructure.commitTransaction(MVCCDataStructure.java:299)
	at site.ycsb.db.XodusClient.insert(XodusClient.java:60)
	at site.ycsb.DBWrapper.insert(DBWrapper.java:227)
	at site.ycsb.workloads.CoreWorkload.doInsert(CoreWorkload.java:621)
	at site.ycsb.ClientThread.run(ClientThread.java:135)
	at java.base/java.lang.Thread.run(Thread.java:829)
Caused by: jetbrains.exodus.ExodusException
	at jetbrains.exodus.newLogConcept.garbageCollector.OperationLogGarbageCollector.moveAndRemoveRecordsFromLog(OperationLogGarbageCollector.java:69)
	at jetbrains.exodus.newLogConcept.garbageCollector.OperationLogGarbageCollector.clean(OperationLogGarbageCollector.java:51)
	at jetbrains.exodus.newLogConcept.MVCC.MVCCDataStructure.lambda$commitTransaction$1(MVCCDataStructure.java:297)
	at java.base/java.util.concurrent.Executors$RunnableAdapter.call(Executors.java:515)
	at java.base/java.util.concurrent.FutureTask.run(FutureTask.java:264)
	at java.base/java.util.concurrent.ThreadPoolExecutor.runWorker(ThreadPoolExecutor.java:1128)
	at java.base/java.util.concurrent.ThreadPoolExecutor$Worker.run(ThreadPoolExecutor.java:628)
	... 1 more
java.util.concurrent.ExecutionException: jetbrains.exodus.ExodusException
	at java.base/java.util.concurrent.FutureTask.report(FutureTask.java:122)
	at java.base/java.util.concurrent.FutureTask.get(FutureTask.java:191)
	at jetbrains.exodus.newLogConcept.MVCC.MVCCDataStructure.commitTransaction(MVCCDataStructure.java:299)
	at site.ycsb.db.XodusClient.insert(XodusClient.java:60)
	at site.ycsb.DBWrapper.insert(DBWrapper.java:227)
	at site.ycsb.workloads.CoreWorkload.doInsert(CoreWorkload.java:621)
	at site.ycsb.ClientThread.run(ClientThread.java:135)
	at java.base/java.lang.Thread.run(Thread.java:829)
Caused by: jetbrains.exodus.ExodusException
	at jetbrains.exodus.newLogConcept.garbageCollector.OperationLogGarbageCollector.moveAndRemoveRecordsFromLog(OperationLogGarbageCollector.java:69)
	at jetbrains.exodus.newLogConcept.garbageCollector.OperationLogGarbageCollector.clean(OperationLogGarbageCollector.java:51)
	at jetbrains.exodus.newLogConcept.MVCC.MVCCDataStructure.lambda$commitTransaction$1(MVCCDataStructure.java:297)
	at java.base/java.util.concurrent.Executors$RunnableAdapter.call(Executors.java:515)
	at java.base/java.util.concurrent.FutureTask.run(FutureTask.java:264)
	at java.base/java.util.concurrent.ThreadPoolExecutor.runWorker(ThreadPoolExecutor.java:1128)
	at java.base/java.util.concurrent.ThreadPoolExecutor$Worker.run(ThreadPoolExecutor.java:628)
	... 1 more
java.util.concurrent.ExecutionException: jetbrains.exodus.ExodusException
	at java.base/java.util.concurrent.FutureTask.report(FutureTask.java:122)
	at java.base/java.util.concurrent.FutureTask.get(FutureTask.java:191)
	at jetbrains.exodus.newLogConcept.MVCC.MVCCDataStructure.commitTransaction(MVCCDataStructure.java:299)
	at site.ycsb.db.XodusClient.insert(XodusClient.java:60)
	at site.ycsb.DBWrapper.insert(DBWrapper.java:227)
	at site.ycsb.workloads.CoreWorkload.doInsert(CoreWorkload.java:621)
	at site.ycsb.ClientThread.run(ClientThread.java:135)
	at java.base/java.lang.Thread.run(Thread.java:829)
Caused by: jetbrains.exodus.ExodusException
	at jetbrains.exodus.newLogConcept.garbageCollector.OperationLogGarbageCollector.moveAndRemoveRecordsFromLog(OperationLogGarbageCollector.java:69)
	at jetbrains.exodus.newLogConcept.garbageCollector.OperationLogGarbageCollector.clean(OperationLogGarbageCollector.java:51)
	at jetbrains.exodus.newLogConcept.MVCC.MVCCDataStructure.lambda$commitTransaction$1(MVCCDataStructure.java:297)
	at java.base/java.util.concurrent.Executors$RunnableAdapter.call(Executors.java:515)
	at java.base/java.util.concurrent.FutureTask.run(FutureTask.java:264)
	at java.base/java.util.concurrent.ThreadPoolExecutor.runWorker(ThreadPoolExecutor.java:1128)
	at java.base/java.util.concurrent.ThreadPoolExecutor$Worker.run(ThreadPoolExecutor.java:628)
	... 1 more
java.util.concurrent.ExecutionException: jetbrains.exodus.ExodusException
	at java.base/java.util.concurrent.FutureTask.report(FutureTask.java:122)
	at java.base/java.util.concurrent.FutureTask.get(FutureTask.java:191)
	at jetbrains.exodus.newLogConcept.MVCC.MVCCDataStructure.commitTransaction(MVCCDataStructure.java:299)
	at site.ycsb.db.XodusClient.insert(XodusClient.java:60)
	at site.ycsb.DBWrapper.insert(DBWrapper.java:227)
	at site.ycsb.workloads.CoreWorkload.doInsert(CoreWorkload.java:621)
	at site.ycsb.ClientThread.run(ClientThread.java:135)
	at java.base/java.lang.Thread.run(Thread.java:829)
Caused by: jetbrains.exodus.ExodusException
	at jetbrains.exodus.newLogConcept.garbageCollector.OperationLogGarbageCollector.moveAndRemoveRecordsFromLog(OperationLogGarbageCollector.java:69)
	at jetbrains.exodus.newLogConcept.garbageCollector.OperationLogGarbageCollector.clean(OperationLogGarbageCollector.java:51)
	at jetbrains.exodus.newLogConcept.MVCC.MVCCDataStructure.lambda$commitTransaction$1(MVCCDataStructure.java:297)
	at java.base/java.util.concurrent.Executors$RunnableAdapter.call(Executors.java:515)
	at java.base/java.util.concurrent.FutureTask.run(FutureTask.java:264)
	at java.base/java.util.concurrent.ThreadPoolExecutor.runWorker(ThreadPoolExecutor.java:1128)
	at java.base/java.util.concurrent.ThreadPoolExecutor$Worker.run(ThreadPoolExecutor.java:628)
	... 1 more
java.util.concurrent.ExecutionException: jetbrains.exodus.ExodusException
	at java.base/java.util.concurrent.FutureTask.report(FutureTask.java:122)
	at java.base/java.util.concurrent.FutureTask.get(FutureTask.java:191)
	at jetbrains.exodus.newLogConcept.MVCC.MVCCDataStructure.commitTransaction(MVCCDataStructure.java:299)
	at site.ycsb.db.XodusClient.insert(XodusClient.java:60)
	at site.ycsb.DBWrapper.insert(DBWrapper.java:227)
	at site.ycsb.workloads.CoreWorkload.doInsert(CoreWorkload.java:621)
	at site.ycsb.ClientThread.run(ClientThread.java:135)
	at java.base/java.lang.Thread.run(Thread.java:829)
Caused by: jetbrains.exodus.ExodusException
	at jetbrains.exodus.newLogConcept.garbageCollector.OperationLogGarbageCollector.moveAndRemoveRecordsFromLog(OperationLogGarbageCollector.java:69)
	at jetbrains.exodus.newLogConcept.garbageCollector.OperationLogGarbageCollector.clean(OperationLogGarbageCollector.java:51)
	at jetbrains.exodus.newLogConcept.MVCC.MVCCDataStructure.lambda$commitTransaction$1(MVCCDataStructure.java:297)
	at java.base/java.util.concurrent.Executors$RunnableAdapter.call(Executors.java:515)
	at java.base/java.util.concurrent.FutureTask.run(FutureTask.java:264)
	at java.base/java.util.concurrent.ThreadPoolExecutor.runWorker(ThreadPoolExecutor.java:1128)
	at java.base/java.util.concurrent.ThreadPoolExecutor$Worker.run(ThreadPoolExecutor.java:628)
	... 1 more
java.util.concurrent.ExecutionException: jetbrains.exodus.ExodusException
	at java.base/java.util.concurrent.FutureTask.report(FutureTask.java:122)
	at java.base/java.util.concurrent.FutureTask.get(FutureTask.java:191)
	at jetbrains.exodus.newLogConcept.MVCC.MVCCDataStructure.commitTransaction(MVCCDataStructure.java:299)
	at site.ycsb.db.XodusClient.insert(XodusClient.java:60)
	at site.ycsb.DBWrapper.insert(DBWrapper.java:227)
	at site.ycsb.workloads.CoreWorkload.doInsert(CoreWorkload.java:621)
	at site.ycsb.ClientThread.run(ClientThread.java:135)
	at java.base/java.lang.Thread.run(Thread.java:829)
Caused by: jetbrains.exodus.ExodusException
	at jetbrains.exodus.newLogConcept.garbageCollector.OperationLogGarbageCollector.moveAndRemoveRecordsFromLog(OperationLogGarbageCollector.java:69)
	at jetbrains.exodus.newLogConcept.garbageCollector.OperationLogGarbageCollector.clean(OperationLogGarbageCollector.java:51)
	at jetbrains.exodus.newLogConcept.MVCC.MVCCDataStructure.lambda$commitTransaction$1(MVCCDataStructure.java:297)
	at java.base/java.util.concurrent.Executors$RunnableAdapter.call(Executors.java:515)
	at java.base/java.util.concurrent.FutureTask.run(FutureTask.java:264)
	at java.base/java.util.concurrent.ThreadPoolExecutor.runWorker(ThreadPoolExecutor.java:1128)
	at java.base/java.util.concurrent.ThreadPoolExecutor$Worker.run(ThreadPoolExecutor.java:628)
	... 1 more
java.util.concurrent.ExecutionException: jetbrains.exodus.ExodusException
	at java.base/java.util.concurrent.FutureTask.report(FutureTask.java:122)
	at java.base/java.util.concurrent.FutureTask.get(FutureTask.java:191)
	at jetbrains.exodus.newLogConcept.MVCC.MVCCDataStructure.commitTransaction(MVCCDataStructure.java:299)
	at site.ycsb.db.XodusClient.insert(XodusClient.java:60)
	at site.ycsb.DBWrapper.insert(DBWrapper.java:227)
	at site.ycsb.workloads.CoreWorkload.doInsert(CoreWorkload.java:621)
	at site.ycsb.ClientThread.run(ClientThread.java:135)
	at java.base/java.lang.Thread.run(Thread.java:829)
Caused by: jetbrains.exodus.ExodusException
	at jetbrains.exodus.newLogConcept.garbageCollector.OperationLogGarbageCollector.moveAndRemoveRecordsFromLog(OperationLogGarbageCollector.java:69)
	at jetbrains.exodus.newLogConcept.garbageCollector.OperationLogGarbageCollector.clean(OperationLogGarbageCollector.java:51)
	at jetbrains.exodus.newLogConcept.MVCC.MVCCDataStructure.lambda$commitTransaction$1(MVCCDataStructure.java:297)
	at java.base/java.util.concurrent.Executors$RunnableAdapter.call(Executors.java:515)
	at java.base/java.util.concurrent.FutureTask.run(FutureTask.java:264)
	at java.base/java.util.concurrent.ThreadPoolExecutor.runWorker(ThreadPoolExecutor.java:1128)
	at java.base/java.util.concurrent.ThreadPoolExecutor$Worker.run(ThreadPoolExecutor.java:628)
	... 1 more
java.util.concurrent.ExecutionException: jetbrains.exodus.ExodusException
	at java.base/java.util.concurrent.FutureTask.report(FutureTask.java:122)
	at java.base/java.util.concurrent.FutureTask.get(FutureTask.java:191)
	at jetbrains.exodus.newLogConcept.MVCC.MVCCDataStructure.commitTransaction(MVCCDataStructure.java:299)
	at site.ycsb.db.XodusClient.insert(XodusClient.java:60)
	at site.ycsb.DBWrapper.insert(DBWrapper.java:227)
	at site.ycsb.workloads.CoreWorkload.doInsert(CoreWorkload.java:621)
	at site.ycsb.ClientThread.run(ClientThread.java:135)
	at java.base/java.lang.Thread.run(Thread.java:829)
Caused by: jetbrains.exodus.ExodusException
	at jetbrains.exodus.newLogConcept.garbageCollector.OperationLogGarbageCollector.moveAndRemoveRecordsFromLog(OperationLogGarbageCollector.java:69)
	at jetbrains.exodus.newLogConcept.garbageCollector.OperationLogGarbageCollector.clean(OperationLogGarbageCollector.java:51)
	at jetbrains.exodus.newLogConcept.MVCC.MVCCDataStructure.lambda$commitTransaction$1(MVCCDataStructure.java:297)
	at java.base/java.util.concurrent.Executors$RunnableAdapter.call(Executors.java:515)
	at java.base/java.util.concurrent.FutureTask.run(FutureTask.java:264)
	at java.base/java.util.concurrent.ThreadPoolExecutor.runWorker(ThreadPoolExecutor.java:1128)
	at java.base/java.util.concurrent.ThreadPoolExecutor$Worker.run(ThreadPoolExecutor.java:628)
	... 1 more
java.util.concurrent.ExecutionException: jetbrains.exodus.ExodusException
	at java.base/java.util.concurrent.FutureTask.report(FutureTask.java:122)
	at java.base/java.util.concurrent.FutureTask.get(FutureTask.java:191)
	at jetbrains.exodus.newLogConcept.MVCC.MVCCDataStructure.commitTransaction(MVCCDataStructure.java:299)
	at site.ycsb.db.XodusClient.insert(XodusClient.java:60)
	at site.ycsb.DBWrapper.insert(DBWrapper.java:227)
	at site.ycsb.workloads.CoreWorkload.doInsert(CoreWorkload.java:621)
	at site.ycsb.ClientThread.run(ClientThread.java:135)
	at java.base/java.lang.Thread.run(Thread.java:829)
Caused by: jetbrains.exodus.ExodusException
	at jetbrains.exodus.newLogConcept.garbageCollector.OperationLogGarbageCollector.moveAndRemoveRecordsFromLog(OperationLogGarbageCollector.java:69)
	at jetbrains.exodus.newLogConcept.garbageCollector.OperationLogGarbageCollector.clean(OperationLogGarbageCollector.java:51)
	at jetbrains.exodus.newLogConcept.MVCC.MVCCDataStructure.lambda$commitTransaction$1(MVCCDataStructure.java:297)
	at java.base/java.util.concurrent.Executors$RunnableAdapter.call(Executors.java:515)
	at java.base/java.util.concurrent.FutureTask.run(FutureTask.java:264)
	at java.base/java.util.concurrent.ThreadPoolExecutor.runWorker(ThreadPoolExecutor.java:1128)
	at java.base/java.util.concurrent.ThreadPoolExecutor$Worker.run(ThreadPoolExecutor.java:628)
	... 1 more
java.util.concurrent.ExecutionException: jetbrains.exodus.ExodusException
	at java.base/java.util.concurrent.FutureTask.report(FutureTask.java:122)
	at java.base/java.util.concurrent.FutureTask.get(FutureTask.java:191)
	at jetbrains.exodus.newLogConcept.MVCC.MVCCDataStructure.commitTransaction(MVCCDataStructure.java:299)
	at site.ycsb.db.XodusClient.insert(XodusClient.java:60)
	at site.ycsb.DBWrapper.insert(DBWrapper.java:227)
	at site.ycsb.workloads.CoreWorkload.doInsert(CoreWorkload.java:621)
	at site.ycsb.ClientThread.run(ClientThread.java:135)
	at java.base/java.lang.Thread.run(Thread.java:829)
Caused by: jetbrains.exodus.ExodusException
	at jetbrains.exodus.newLogConcept.garbageCollector.OperationLogGarbageCollector.moveAndRemoveRecordsFromLog(OperationLogGarbageCollector.java:69)
	at jetbrains.exodus.newLogConcept.garbageCollector.OperationLogGarbageCollector.clean(OperationLogGarbageCollector.java:51)
	at jetbrains.exodus.newLogConcept.MVCC.MVCCDataStructure.lambda$commitTransaction$1(MVCCDataStructure.java:297)
	at java.base/java.util.concurrent.Executors$RunnableAdapter.call(Executors.java:515)
	at java.base/java.util.concurrent.FutureTask.run(FutureTask.java:264)
	at java.base/java.util.concurrent.ThreadPoolExecutor.runWorker(ThreadPoolExecutor.java:1128)
	at java.base/java.util.concurrent.ThreadPoolExecutor$Worker.run(ThreadPoolExecutor.java:628)
	... 1 more
java.util.concurrent.ExecutionException: jetbrains.exodus.ExodusException
	at java.base/java.util.concurrent.FutureTask.report(FutureTask.java:122)
	at java.base/java.util.concurrent.FutureTask.get(FutureTask.java:191)
	at jetbrains.exodus.newLogConcept.MVCC.MVCCDataStructure.commitTransaction(MVCCDataStructure.java:299)
	at site.ycsb.db.XodusClient.insert(XodusClient.java:60)
	at site.ycsb.DBWrapper.insert(DBWrapper.java:227)
	at site.ycsb.workloads.CoreWorkload.doInsert(CoreWorkload.java:621)
	at site.ycsb.ClientThread.run(ClientThread.java:135)
	at java.base/java.lang.Thread.run(Thread.java:829)
Caused by: jetbrains.exodus.ExodusException
	at jetbrains.exodus.newLogConcept.garbageCollector.OperationLogGarbageCollector.moveAndRemoveRecordsFromLog(OperationLogGarbageCollector.java:69)
	at jetbrains.exodus.newLogConcept.garbageCollector.OperationLogGarbageCollector.clean(OperationLogGarbageCollector.java:51)
	at jetbrains.exodus.newLogConcept.MVCC.MVCCDataStructure.lambda$commitTransaction$1(MVCCDataStructure.java:297)
	at java.base/java.util.concurrent.Executors$RunnableAdapter.call(Executors.java:515)
	at java.base/java.util.concurrent.FutureTask.run(FutureTask.java:264)
	at java.base/java.util.concurrent.ThreadPoolExecutor.runWorker(ThreadPoolExecutor.java:1128)
	at java.base/java.util.concurrent.ThreadPoolExecutor$Worker.run(ThreadPoolExecutor.java:628)
	... 1 more
java.util.concurrent.ExecutionException: jetbrains.exodus.ExodusException
	at java.base/java.util.concurrent.FutureTask.report(FutureTask.java:122)
	at java.base/java.util.concurrent.FutureTask.get(FutureTask.java:191)
	at jetbrains.exodus.newLogConcept.MVCC.MVCCDataStructure.commitTransaction(MVCCDataStructure.java:299)
	at site.ycsb.db.XodusClient.insert(XodusClient.java:60)
	at site.ycsb.DBWrapper.insert(DBWrapper.java:227)
	at site.ycsb.workloads.CoreWorkload.doInsert(CoreWorkload.java:621)
	at site.ycsb.ClientThread.run(ClientThread.java:135)
	at java.base/java.lang.Thread.run(Thread.java:829)
Caused by: jetbrains.exodus.ExodusException
	at jetbrains.exodus.newLogConcept.garbageCollector.OperationLogGarbageCollector.moveAndRemoveRecordsFromLog(OperationLogGarbageCollector.java:69)
	at jetbrains.exodus.newLogConcept.garbageCollector.OperationLogGarbageCollector.clean(OperationLogGarbageCollector.java:51)
	at jetbrains.exodus.newLogConcept.MVCC.MVCCDataStructure.lambda$commitTransaction$1(MVCCDataStructure.java:297)
	at java.base/java.util.concurrent.Executors$RunnableAdapter.call(Executors.java:515)
	at java.base/java.util.concurrent.FutureTask.run(FutureTask.java:264)
	at java.base/java.util.concurrent.ThreadPoolExecutor.runWorker(ThreadPoolExecutor.java:1128)
	at java.base/java.util.concurrent.ThreadPoolExecutor$Worker.run(ThreadPoolExecutor.java:628)
	... 1 more
java.util.concurrent.ExecutionException: jetbrains.exodus.ExodusException
	at java.base/java.util.concurrent.FutureTask.report(FutureTask.java:122)
	at java.base/java.util.concurrent.FutureTask.get(FutureTask.java:191)
	at jetbrains.exodus.newLogConcept.MVCC.MVCCDataStructure.commitTransaction(MVCCDataStructure.java:299)
	at site.ycsb.db.XodusClient.insert(XodusClient.java:60)
	at site.ycsb.DBWrapper.insert(DBWrapper.java:227)
	at site.ycsb.workloads.CoreWorkload.doInsert(CoreWorkload.java:621)
	at site.ycsb.ClientThread.run(ClientThread.java:135)
	at java.base/java.lang.Thread.run(Thread.java:829)
Caused by: jetbrains.exodus.ExodusException
	at jetbrains.exodus.newLogConcept.garbageCollector.OperationLogGarbageCollector.moveAndRemoveRecordsFromLog(OperationLogGarbageCollector.java:69)
	at jetbrains.exodus.newLogConcept.garbageCollector.OperationLogGarbageCollector.clean(OperationLogGarbageCollector.java:51)
	at jetbrains.exodus.newLogConcept.MVCC.MVCCDataStructure.lambda$commitTransaction$1(MVCCDataStructure.java:297)
	at java.base/java.util.concurrent.Executors$RunnableAdapter.call(Executors.java:515)
	at java.base/java.util.concurrent.FutureTask.run(FutureTask.java:264)
	at java.base/java.util.concurrent.ThreadPoolExecutor.runWorker(ThreadPoolExecutor.java:1128)
	at java.base/java.util.concurrent.ThreadPoolExecutor$Worker.run(ThreadPoolExecutor.java:628)
	... 1 more
java.util.concurrent.ExecutionException: jetbrains.exodus.ExodusException
	at java.base/java.util.concurrent.FutureTask.report(FutureTask.java:122)
	at java.base/java.util.concurrent.FutureTask.get(FutureTask.java:191)
	at jetbrains.exodus.newLogConcept.MVCC.MVCCDataStructure.commitTransaction(MVCCDataStructure.java:299)
	at site.ycsb.db.XodusClient.insert(XodusClient.java:60)
	at site.ycsb.DBWrapper.insert(DBWrapper.java:227)
	at site.ycsb.workloads.CoreWorkload.doInsert(CoreWorkload.java:621)
	at site.ycsb.ClientThread.run(ClientThread.java:135)
	at java.base/java.lang.Thread.run(Thread.java:829)
Caused by: jetbrains.exodus.ExodusException
	at jetbrains.exodus.newLogConcept.garbageCollector.OperationLogGarbageCollector.moveAndRemoveRecordsFromLog(OperationLogGarbageCollector.java:69)
	at jetbrains.exodus.newLogConcept.garbageCollector.OperationLogGarbageCollector.clean(OperationLogGarbageCollector.java:51)
	at jetbrains.exodus.newLogConcept.MVCC.MVCCDataStructure.lambda$commitTransaction$1(MVCCDataStructure.java:297)
	at java.base/java.util.concurrent.Executors$RunnableAdapter.call(Executors.java:515)
	at java.base/java.util.concurrent.FutureTask.run(FutureTask.java:264)
	at java.base/java.util.concurrent.ThreadPoolExecutor.runWorker(ThreadPoolExecutor.java:1128)
	at java.base/java.util.concurrent.ThreadPoolExecutor$Worker.run(ThreadPoolExecutor.java:628)
	... 1 more
java.util.concurrent.ExecutionException: jetbrains.exodus.ExodusException
	at java.base/java.util.concurrent.FutureTask.report(FutureTask.java:122)
	at java.base/java.util.concurrent.FutureTask.get(FutureTask.java:191)
	at jetbrains.exodus.newLogConcept.MVCC.MVCCDataStructure.commitTransaction(MVCCDataStructure.java:299)
	at site.ycsb.db.XodusClient.insert(XodusClient.java:60)
	at site.ycsb.DBWrapper.insert(DBWrapper.java:227)
	at site.ycsb.workloads.CoreWorkload.doInsert(CoreWorkload.java:621)
	at site.ycsb.ClientThread.run(ClientThread.java:135)
	at java.base/java.lang.Thread.run(Thread.java:829)
Caused by: jetbrains.exodus.ExodusException
	at jetbrains.exodus.newLogConcept.garbageCollector.OperationLogGarbageCollector.moveAndRemoveRecordsFromLog(OperationLogGarbageCollector.java:69)
	at jetbrains.exodus.newLogConcept.garbageCollector.OperationLogGarbageCollector.clean(OperationLogGarbageCollector.java:51)
	at jetbrains.exodus.newLogConcept.MVCC.MVCCDataStructure.lambda$commitTransaction$1(MVCCDataStructure.java:297)
	at java.base/java.util.concurrent.Executors$RunnableAdapter.call(Executors.java:515)
	at java.base/java.util.concurrent.FutureTask.run(FutureTask.java:264)
	at java.base/java.util.concurrent.ThreadPoolExecutor.runWorker(ThreadPoolExecutor.java:1128)
	at java.base/java.util.concurrent.ThreadPoolExecutor$Worker.run(ThreadPoolExecutor.java:628)
	... 1 more
java.util.concurrent.ExecutionException: jetbrains.exodus.ExodusException
	at java.base/java.util.concurrent.FutureTask.report(FutureTask.java:122)
	at java.base/java.util.concurrent.FutureTask.get(FutureTask.java:191)
	at jetbrains.exodus.newLogConcept.MVCC.MVCCDataStructure.commitTransaction(MVCCDataStructure.java:299)
	at site.ycsb.db.XodusClient.insert(XodusClient.java:60)
	at site.ycsb.DBWrapper.insert(DBWrapper.java:227)
	at site.ycsb.workloads.CoreWorkload.doInsert(CoreWorkload.java:621)
	at site.ycsb.ClientThread.run(ClientThread.java:135)
	at java.base/java.lang.Thread.run(Thread.java:829)
Caused by: jetbrains.exodus.ExodusException
	at jetbrains.exodus.newLogConcept.garbageCollector.OperationLogGarbageCollector.moveAndRemoveRecordsFromLog(OperationLogGarbageCollector.java:69)
	at jetbrains.exodus.newLogConcept.garbageCollector.OperationLogGarbageCollector.clean(OperationLogGarbageCollector.java:51)
	at jetbrains.exodus.newLogConcept.MVCC.MVCCDataStructure.lambda$commitTransaction$1(MVCCDataStructure.java:297)
	at java.base/java.util.concurrent.Executors$RunnableAdapter.call(Executors.java:515)
	at java.base/java.util.concurrent.FutureTask.run(FutureTask.java:264)
	at java.base/java.util.concurrent.ThreadPoolExecutor.runWorker(ThreadPoolExecutor.java:1128)
	at java.base/java.util.concurrent.ThreadPoolExecutor$Worker.run(ThreadPoolExecutor.java:628)
	... 1 more
java.util.concurrent.ExecutionException: jetbrains.exodus.ExodusException
	at java.base/java.util.concurrent.FutureTask.report(FutureTask.java:122)
	at java.base/java.util.concurrent.FutureTask.get(FutureTask.java:191)
	at jetbrains.exodus.newLogConcept.MVCC.MVCCDataStructure.commitTransaction(MVCCDataStructure.java:299)
	at site.ycsb.db.XodusClient.insert(XodusClient.java:60)
	at site.ycsb.DBWrapper.insert(DBWrapper.java:227)
	at site.ycsb.workloads.CoreWorkload.doInsert(CoreWorkload.java:621)
	at site.ycsb.ClientThread.run(ClientThread.java:135)
	at java.base/java.lang.Thread.run(Thread.java:829)
Caused by: jetbrains.exodus.ExodusException
	at jetbrains.exodus.newLogConcept.garbageCollector.OperationLogGarbageCollector.moveAndRemoveRecordsFromLog(OperationLogGarbageCollector.java:69)
	at jetbrains.exodus.newLogConcept.garbageCollector.OperationLogGarbageCollector.clean(OperationLogGarbageCollector.java:51)
	at jetbrains.exodus.newLogConcept.MVCC.MVCCDataStructure.lambda$commitTransaction$1(MVCCDataStructure.java:297)
	at java.base/java.util.concurrent.Executors$RunnableAdapter.call(Executors.java:515)
	at java.base/java.util.concurrent.FutureTask.run(FutureTask.java:264)
	at java.base/java.util.concurrent.ThreadPoolExecutor.runWorker(ThreadPoolExecutor.java:1128)
	at java.base/java.util.concurrent.ThreadPoolExecutor$Worker.run(ThreadPoolExecutor.java:628)
	... 1 more
java.util.concurrent.ExecutionException: jetbrains.exodus.ExodusException
	at java.base/java.util.concurrent.FutureTask.report(FutureTask.java:122)
	at java.base/java.util.concurrent.FutureTask.get(FutureTask.java:191)
	at jetbrains.exodus.newLogConcept.MVCC.MVCCDataStructure.commitTransaction(MVCCDataStructure.java:299)
	at site.ycsb.db.XodusClient.insert(XodusClient.java:60)
	at site.ycsb.DBWrapper.insert(DBWrapper.java:227)
	at site.ycsb.workloads.CoreWorkload.doInsert(CoreWorkload.java:621)
	at site.ycsb.ClientThread.run(ClientThread.java:135)
	at java.base/java.lang.Thread.run(Thread.java:829)
Caused by: jetbrains.exodus.ExodusException
	at jetbrains.exodus.newLogConcept.garbageCollector.OperationLogGarbageCollector.moveAndRemoveRecordsFromLog(OperationLogGarbageCollector.java:69)
	at jetbrains.exodus.newLogConcept.garbageCollector.OperationLogGarbageCollector.clean(OperationLogGarbageCollector.java:51)
	at jetbrains.exodus.newLogConcept.MVCC.MVCCDataStructure.lambda$commitTransaction$1(MVCCDataStructure.java:297)
	at java.base/java.util.concurrent.Executors$RunnableAdapter.call(Executors.java:515)
	at java.base/java.util.concurrent.FutureTask.run(FutureTask.java:264)
	at java.base/java.util.concurrent.ThreadPoolExecutor.runWorker(ThreadPoolExecutor.java:1128)
	at java.base/java.util.concurrent.ThreadPoolExecutor$Worker.run(ThreadPoolExecutor.java:628)
	... 1 more
java.util.concurrent.ExecutionException: jetbrains.exodus.ExodusException
	at java.base/java.util.concurrent.FutureTask.report(FutureTask.java:122)
	at java.base/java.util.concurrent.FutureTask.get(FutureTask.java:191)
	at jetbrains.exodus.newLogConcept.MVCC.MVCCDataStructure.commitTransaction(MVCCDataStructure.java:299)
	at site.ycsb.db.XodusClient.insert(XodusClient.java:60)
	at site.ycsb.DBWrapper.insert(DBWrapper.java:227)
	at site.ycsb.workloads.CoreWorkload.doInsert(CoreWorkload.java:621)
	at site.ycsb.ClientThread.run(ClientThread.java:135)
	at java.base/java.lang.Thread.run(Thread.java:829)
Caused by: jetbrains.exodus.ExodusException
	at jetbrains.exodus.newLogConcept.garbageCollector.OperationLogGarbageCollector.moveAndRemoveRecordsFromLog(OperationLogGarbageCollector.java:69)
	at jetbrains.exodus.newLogConcept.garbageCollector.OperationLogGarbageCollector.clean(OperationLogGarbageCollector.java:51)
	at jetbrains.exodus.newLogConcept.MVCC.MVCCDataStructure.lambda$commitTransaction$1(MVCCDataStructure.java:297)
	at java.base/java.util.concurrent.Executors$RunnableAdapter.call(Executors.java:515)
	at java.base/java.util.concurrent.FutureTask.run(FutureTask.java:264)
	at java.base/java.util.concurrent.ThreadPoolExecutor.runWorker(ThreadPoolExecutor.java:1128)
	at java.base/java.util.concurrent.ThreadPoolExecutor$Worker.run(ThreadPoolExecutor.java:628)
	... 1 more
java.util.concurrent.ExecutionException: jetbrains.exodus.ExodusException
	at java.base/java.util.concurrent.FutureTask.report(FutureTask.java:122)
	at java.base/java.util.concurrent.FutureTask.get(FutureTask.java:191)
	at jetbrains.exodus.newLogConcept.MVCC.MVCCDataStructure.commitTransaction(MVCCDataStructure.java:299)
	at site.ycsb.db.XodusClient.insert(XodusClient.java:60)
	at site.ycsb.DBWrapper.insert(DBWrapper.java:227)
	at site.ycsb.workloads.CoreWorkload.doInsert(CoreWorkload.java:621)
	at site.ycsb.ClientThread.run(ClientThread.java:135)
	at java.base/java.lang.Thread.run(Thread.java:829)
Caused by: jetbrains.exodus.ExodusException
	at jetbrains.exodus.newLogConcept.garbageCollector.OperationLogGarbageCollector.moveAndRemoveRecordsFromLog(OperationLogGarbageCollector.java:69)
	at jetbrains.exodus.newLogConcept.garbageCollector.OperationLogGarbageCollector.clean(OperationLogGarbageCollector.java:51)
	at jetbrains.exodus.newLogConcept.MVCC.MVCCDataStructure.lambda$commitTransaction$1(MVCCDataStructure.java:297)
	at java.base/java.util.concurrent.Executors$RunnableAdapter.call(Executors.java:515)
	at java.base/java.util.concurrent.FutureTask.run(FutureTask.java:264)
	at java.base/java.util.concurrent.ThreadPoolExecutor.runWorker(ThreadPoolExecutor.java:1128)
	at java.base/java.util.concurrent.ThreadPoolExecutor$Worker.run(ThreadPoolExecutor.java:628)
	... 1 more
java.util.concurrent.ExecutionException: jetbrains.exodus.ExodusException
	at java.base/java.util.concurrent.FutureTask.report(FutureTask.java:122)
	at java.base/java.util.concurrent.FutureTask.get(FutureTask.java:191)
	at jetbrains.exodus.newLogConcept.MVCC.MVCCDataStructure.commitTransaction(MVCCDataStructure.java:299)
	at site.ycsb.db.XodusClient.insert(XodusClient.java:60)
	at site.ycsb.DBWrapper.insert(DBWrapper.java:227)
	at site.ycsb.workloads.CoreWorkload.doInsert(CoreWorkload.java:621)
	at site.ycsb.ClientThread.run(ClientThread.java:135)
	at java.base/java.lang.Thread.run(Thread.java:829)
Caused by: jetbrains.exodus.ExodusException
	at jetbrains.exodus.newLogConcept.garbageCollector.OperationLogGarbageCollector.moveAndRemoveRecordsFromLog(OperationLogGarbageCollector.java:69)
	at jetbrains.exodus.newLogConcept.garbageCollector.OperationLogGarbageCollector.clean(OperationLogGarbageCollector.java:51)
	at jetbrains.exodus.newLogConcept.MVCC.MVCCDataStructure.lambda$commitTransaction$1(MVCCDataStructure.java:297)
	at java.base/java.util.concurrent.Executors$RunnableAdapter.call(Executors.java:515)
	at java.base/java.util.concurrent.FutureTask.run(FutureTask.java:264)
	at java.base/java.util.concurrent.ThreadPoolExecutor.runWorker(ThreadPoolExecutor.java:1128)
	at java.base/java.util.concurrent.ThreadPoolExecutor$Worker.run(ThreadPoolExecutor.java:628)
	... 1 more
java.util.concurrent.ExecutionException: jetbrains.exodus.ExodusException
	at java.base/java.util.concurrent.FutureTask.report(FutureTask.java:122)
	at java.base/java.util.concurrent.FutureTask.get(FutureTask.java:191)
	at jetbrains.exodus.newLogConcept.MVCC.MVCCDataStructure.commitTransaction(MVCCDataStructure.java:299)
	at site.ycsb.db.XodusClient.insert(XodusClient.java:60)
	at site.ycsb.DBWrapper.insert(DBWrapper.java:227)
	at site.ycsb.workloads.CoreWorkload.doInsert(CoreWorkload.java:621)
	at site.ycsb.ClientThread.run(ClientThread.java:135)
	at java.base/java.lang.Thread.run(Thread.java:829)
Caused by: jetbrains.exodus.ExodusException
	at jetbrains.exodus.newLogConcept.garbageCollector.OperationLogGarbageCollector.moveAndRemoveRecordsFromLog(OperationLogGarbageCollector.java:69)
	at jetbrains.exodus.newLogConcept.garbageCollector.OperationLogGarbageCollector.clean(OperationLogGarbageCollector.java:51)
	at jetbrains.exodus.newLogConcept.MVCC.MVCCDataStructure.lambda$commitTransaction$1(MVCCDataStructure.java:297)
	at java.base/java.util.concurrent.Executors$RunnableAdapter.call(Executors.java:515)
	at java.base/java.util.concurrent.FutureTask.run(FutureTask.java:264)
	at java.base/java.util.concurrent.ThreadPoolExecutor.runWorker(ThreadPoolExecutor.java:1128)
	at java.base/java.util.concurrent.ThreadPoolExecutor$Worker.run(ThreadPoolExecutor.java:628)
	... 1 more
java.util.concurrent.ExecutionException: jetbrains.exodus.ExodusException
	at java.base/java.util.concurrent.FutureTask.report(FutureTask.java:122)
	at java.base/java.util.concurrent.FutureTask.get(FutureTask.java:191)
	at jetbrains.exodus.newLogConcept.MVCC.MVCCDataStructure.commitTransaction(MVCCDataStructure.java:299)
	at site.ycsb.db.XodusClient.insert(XodusClient.java:60)
	at site.ycsb.DBWrapper.insert(DBWrapper.java:227)
	at site.ycsb.workloads.CoreWorkload.doInsert(CoreWorkload.java:621)
	at site.ycsb.ClientThread.run(ClientThread.java:135)
	at java.base/java.lang.Thread.run(Thread.java:829)
Caused by: jetbrains.exodus.ExodusException
	at jetbrains.exodus.newLogConcept.garbageCollector.OperationLogGarbageCollector.moveAndRemoveRecordsFromLog(OperationLogGarbageCollector.java:69)
	at jetbrains.exodus.newLogConcept.garbageCollector.OperationLogGarbageCollector.clean(OperationLogGarbageCollector.java:51)
	at jetbrains.exodus.newLogConcept.MVCC.MVCCDataStructure.lambda$commitTransaction$1(MVCCDataStructure.java:297)
	at java.base/java.util.concurrent.Executors$RunnableAdapter.call(Executors.java:515)
	at java.base/java.util.concurrent.FutureTask.run(FutureTask.java:264)
	at java.base/java.util.concurrent.ThreadPoolExecutor.runWorker(ThreadPoolExecutor.java:1128)
	at java.base/java.util.concurrent.ThreadPoolExecutor$Worker.run(ThreadPoolExecutor.java:628)
	... 1 more
java.util.concurrent.ExecutionException: jetbrains.exodus.ExodusException
	at java.base/java.util.concurrent.FutureTask.report(FutureTask.java:122)
	at java.base/java.util.concurrent.FutureTask.get(FutureTask.java:191)
	at jetbrains.exodus.newLogConcept.MVCC.MVCCDataStructure.commitTransaction(MVCCDataStructure.java:299)
	at site.ycsb.db.XodusClient.insert(XodusClient.java:60)
	at site.ycsb.DBWrapper.insert(DBWrapper.java:227)
	at site.ycsb.workloads.CoreWorkload.doInsert(CoreWorkload.java:621)
	at site.ycsb.ClientThread.run(ClientThread.java:135)
	at java.base/java.lang.Thread.run(Thread.java:829)
Caused by: jetbrains.exodus.ExodusException
	at jetbrains.exodus.newLogConcept.garbageCollector.OperationLogGarbageCollector.moveAndRemoveRecordsFromLog(OperationLogGarbageCollector.java:69)
	at jetbrains.exodus.newLogConcept.garbageCollector.OperationLogGarbageCollector.clean(OperationLogGarbageCollector.java:51)
	at jetbrains.exodus.newLogConcept.MVCC.MVCCDataStructure.lambda$commitTransaction$1(MVCCDataStructure.java:297)
	at java.base/java.util.concurrent.Executors$RunnableAdapter.call(Executors.java:515)
	at java.base/java.util.concurrent.FutureTask.run(FutureTask.java:264)
	at java.base/java.util.concurrent.ThreadPoolExecutor.runWorker(ThreadPoolExecutor.java:1128)
	at java.base/java.util.concurrent.ThreadPoolExecutor$Worker.run(ThreadPoolExecutor.java:628)
	... 1 more
java.util.concurrent.ExecutionException: jetbrains.exodus.ExodusException
	at java.base/java.util.concurrent.FutureTask.report(FutureTask.java:122)
	at java.base/java.util.concurrent.FutureTask.get(FutureTask.java:191)
	at jetbrains.exodus.newLogConcept.MVCC.MVCCDataStructure.commitTransaction(MVCCDataStructure.java:299)
	at site.ycsb.db.XodusClient.insert(XodusClient.java:60)
	at site.ycsb.DBWrapper.insert(DBWrapper.java:227)
	at site.ycsb.workloads.CoreWorkload.doInsert(CoreWorkload.java:621)
	at site.ycsb.ClientThread.run(ClientThread.java:135)
	at java.base/java.lang.Thread.run(Thread.java:829)
Caused by: jetbrains.exodus.ExodusException
	at jetbrains.exodus.newLogConcept.garbageCollector.OperationLogGarbageCollector.moveAndRemoveRecordsFromLog(OperationLogGarbageCollector.java:69)
	at jetbrains.exodus.newLogConcept.garbageCollector.OperationLogGarbageCollector.clean(OperationLogGarbageCollector.java:51)
	at jetbrains.exodus.newLogConcept.MVCC.MVCCDataStructure.lambda$commitTransaction$1(MVCCDataStructure.java:297)
	at java.base/java.util.concurrent.Executors$RunnableAdapter.call(Executors.java:515)
	at java.base/java.util.concurrent.FutureTask.run(FutureTask.java:264)
	at java.base/java.util.concurrent.ThreadPoolExecutor.runWorker(ThreadPoolExecutor.java:1128)
	at java.base/java.util.concurrent.ThreadPoolExecutor$Worker.run(ThreadPoolExecutor.java:628)
	... 1 more
java.util.concurrent.ExecutionException: jetbrains.exodus.ExodusException
	at java.base/java.util.concurrent.FutureTask.report(FutureTask.java:122)
	at java.base/java.util.concurrent.FutureTask.get(FutureTask.java:191)
	at jetbrains.exodus.newLogConcept.MVCC.MVCCDataStructure.commitTransaction(MVCCDataStructure.java:299)
	at site.ycsb.db.XodusClient.insert(XodusClient.java:60)
	at site.ycsb.DBWrapper.insert(DBWrapper.java:227)
	at site.ycsb.workloads.CoreWorkload.doInsert(CoreWorkload.java:621)
	at site.ycsb.ClientThread.run(ClientThread.java:135)
	at java.base/java.lang.Thread.run(Thread.java:829)
Caused by: jetbrains.exodus.ExodusException
	at jetbrains.exodus.newLogConcept.garbageCollector.OperationLogGarbageCollector.moveAndRemoveRecordsFromLog(OperationLogGarbageCollector.java:69)
	at jetbrains.exodus.newLogConcept.garbageCollector.OperationLogGarbageCollector.clean(OperationLogGarbageCollector.java:51)
	at jetbrains.exodus.newLogConcept.MVCC.MVCCDataStructure.lambda$commitTransaction$1(MVCCDataStructure.java:297)
	at java.base/java.util.concurrent.Executors$RunnableAdapter.call(Executors.java:515)
	at java.base/java.util.concurrent.FutureTask.run(FutureTask.java:264)
	at java.base/java.util.concurrent.ThreadPoolExecutor.runWorker(ThreadPoolExecutor.java:1128)
	at java.base/java.util.concurrent.ThreadPoolExecutor$Worker.run(ThreadPoolExecutor.java:628)
	... 1 more
java.util.concurrent.ExecutionException: jetbrains.exodus.ExodusException
	at java.base/java.util.concurrent.FutureTask.report(FutureTask.java:122)
	at java.base/java.util.concurrent.FutureTask.get(FutureTask.java:191)
	at jetbrains.exodus.newLogConcept.MVCC.MVCCDataStructure.commitTransaction(MVCCDataStructure.java:299)
	at site.ycsb.db.XodusClient.insert(XodusClient.java:60)
	at site.ycsb.DBWrapper.insert(DBWrapper.java:227)
	at site.ycsb.workloads.CoreWorkload.doInsert(CoreWorkload.java:621)
	at site.ycsb.ClientThread.run(ClientThread.java:135)
	at java.base/java.lang.Thread.run(Thread.java:829)
Caused by: jetbrains.exodus.ExodusException
	at jetbrains.exodus.newLogConcept.garbageCollector.OperationLogGarbageCollector.moveAndRemoveRecordsFromLog(OperationLogGarbageCollector.java:69)
	at jetbrains.exodus.newLogConcept.garbageCollector.OperationLogGarbageCollector.clean(OperationLogGarbageCollector.java:51)
	at jetbrains.exodus.newLogConcept.MVCC.MVCCDataStructure.lambda$commitTransaction$1(MVCCDataStructure.java:297)
	at java.base/java.util.concurrent.Executors$RunnableAdapter.call(Executors.java:515)
	at java.base/java.util.concurrent.FutureTask.run(FutureTask.java:264)
	at java.base/java.util.concurrent.ThreadPoolExecutor.runWorker(ThreadPoolExecutor.java:1128)
	at java.base/java.util.concurrent.ThreadPoolExecutor$Worker.run(ThreadPoolExecutor.java:628)
	... 1 more
java.util.concurrent.ExecutionException: jetbrains.exodus.ExodusException
	at java.base/java.util.concurrent.FutureTask.report(FutureTask.java:122)
	at java.base/java.util.concurrent.FutureTask.get(FutureTask.java:191)
	at jetbrains.exodus.newLogConcept.MVCC.MVCCDataStructure.commitTransaction(MVCCDataStructure.java:299)
	at site.ycsb.db.XodusClient.insert(XodusClient.java:60)
	at site.ycsb.DBWrapper.insert(DBWrapper.java:227)
	at site.ycsb.workloads.CoreWorkload.doInsert(CoreWorkload.java:621)
	at site.ycsb.ClientThread.run(ClientThread.java:135)
	at java.base/java.lang.Thread.run(Thread.java:829)
Caused by: jetbrains.exodus.ExodusException
	at jetbrains.exodus.newLogConcept.garbageCollector.OperationLogGarbageCollector.moveAndRemoveRecordsFromLog(OperationLogGarbageCollector.java:69)
	at jetbrains.exodus.newLogConcept.garbageCollector.OperationLogGarbageCollector.clean(OperationLogGarbageCollector.java:51)
	at jetbrains.exodus.newLogConcept.MVCC.MVCCDataStructure.lambda$commitTransaction$1(MVCCDataStructure.java:297)
	at java.base/java.util.concurrent.Executors$RunnableAdapter.call(Executors.java:515)
	at java.base/java.util.concurrent.FutureTask.run(FutureTask.java:264)
	at java.base/java.util.concurrent.ThreadPoolExecutor.runWorker(ThreadPoolExecutor.java:1128)
	at java.base/java.util.concurrent.ThreadPoolExecutor$Worker.run(ThreadPoolExecutor.java:628)
	... 1 more
java.util.concurrent.ExecutionException: jetbrains.exodus.ExodusException
	at java.base/java.util.concurrent.FutureTask.report(FutureTask.java:122)
	at java.base/java.util.concurrent.FutureTask.get(FutureTask.java:191)
	at jetbrains.exodus.newLogConcept.MVCC.MVCCDataStructure.commitTransaction(MVCCDataStructure.java:299)
	at site.ycsb.db.XodusClient.insert(XodusClient.java:60)
	at site.ycsb.DBWrapper.insert(DBWrapper.java:227)
	at site.ycsb.workloads.CoreWorkload.doInsert(CoreWorkload.java:621)
	at site.ycsb.ClientThread.run(ClientThread.java:135)
	at java.base/java.lang.Thread.run(Thread.java:829)
Caused by: jetbrains.exodus.ExodusException
	at jetbrains.exodus.newLogConcept.garbageCollector.OperationLogGarbageCollector.moveAndRemoveRecordsFromLog(OperationLogGarbageCollector.java:69)
	at jetbrains.exodus.newLogConcept.garbageCollector.OperationLogGarbageCollector.clean(OperationLogGarbageCollector.java:51)
	at jetbrains.exodus.newLogConcept.MVCC.MVCCDataStructure.lambda$commitTransaction$1(MVCCDataStructure.java:297)
	at java.base/java.util.concurrent.Executors$RunnableAdapter.call(Executors.java:515)
	at java.base/java.util.concurrent.FutureTask.run(FutureTask.java:264)
	at java.base/java.util.concurrent.ThreadPoolExecutor.runWorker(ThreadPoolExecutor.java:1128)
	at java.base/java.util.concurrent.ThreadPoolExecutor$Worker.run(ThreadPoolExecutor.java:628)
	... 1 more
java.util.concurrent.ExecutionException: jetbrains.exodus.ExodusException
	at java.base/java.util.concurrent.FutureTask.report(FutureTask.java:122)
	at java.base/java.util.concurrent.FutureTask.get(FutureTask.java:191)
	at jetbrains.exodus.newLogConcept.MVCC.MVCCDataStructure.commitTransaction(MVCCDataStructure.java:299)
	at site.ycsb.db.XodusClient.insert(XodusClient.java:60)
	at site.ycsb.DBWrapper.insert(DBWrapper.java:227)
	at site.ycsb.workloads.CoreWorkload.doInsert(CoreWorkload.java:621)
	at site.ycsb.ClientThread.run(ClientThread.java:135)
	at java.base/java.lang.Thread.run(Thread.java:829)
Caused by: jetbrains.exodus.ExodusException
	at jetbrains.exodus.newLogConcept.garbageCollector.OperationLogGarbageCollector.moveAndRemoveRecordsFromLog(OperationLogGarbageCollector.java:69)
	at jetbrains.exodus.newLogConcept.garbageCollector.OperationLogGarbageCollector.clean(OperationLogGarbageCollector.java:51)
	at jetbrains.exodus.newLogConcept.MVCC.MVCCDataStructure.lambda$commitTransaction$1(MVCCDataStructure.java:297)
	at java.base/java.util.concurrent.Executors$RunnableAdapter.call(Executors.java:515)
	at java.base/java.util.concurrent.FutureTask.run(FutureTask.java:264)
	at java.base/java.util.concurrent.ThreadPoolExecutor.runWorker(ThreadPoolExecutor.java:1128)
	at java.base/java.util.concurrent.ThreadPoolExecutor$Worker.run(ThreadPoolExecutor.java:628)
	... 1 more
java.util.concurrent.ExecutionException: jetbrains.exodus.ExodusException
	at java.base/java.util.concurrent.FutureTask.report(FutureTask.java:122)
	at java.base/java.util.concurrent.FutureTask.get(FutureTask.java:191)
	at jetbrains.exodus.newLogConcept.MVCC.MVCCDataStructure.commitTransaction(MVCCDataStructure.java:299)
	at site.ycsb.db.XodusClient.insert(XodusClient.java:60)
	at site.ycsb.DBWrapper.insert(DBWrapper.java:227)
	at site.ycsb.workloads.CoreWorkload.doInsert(CoreWorkload.java:621)
	at site.ycsb.ClientThread.run(ClientThread.java:135)
	at java.base/java.lang.Thread.run(Thread.java:829)
Caused by: jetbrains.exodus.ExodusException
	at jetbrains.exodus.newLogConcept.garbageCollector.OperationLogGarbageCollector.moveAndRemoveRecordsFromLog(OperationLogGarbageCollector.java:69)
	at jetbrains.exodus.newLogConcept.garbageCollector.OperationLogGarbageCollector.clean(OperationLogGarbageCollector.java:51)
	at jetbrains.exodus.newLogConcept.MVCC.MVCCDataStructure.lambda$commitTransaction$1(MVCCDataStructure.java:297)
	at java.base/java.util.concurrent.Executors$RunnableAdapter.call(Executors.java:515)
	at java.base/java.util.concurrent.FutureTask.run(FutureTask.java:264)
	at java.base/java.util.concurrent.ThreadPoolExecutor.runWorker(ThreadPoolExecutor.java:1128)
	at java.base/java.util.concurrent.ThreadPoolExecutor$Worker.run(ThreadPoolExecutor.java:628)
	... 1 more
java.util.concurrent.ExecutionException: jetbrains.exodus.ExodusException
	at java.base/java.util.concurrent.FutureTask.report(FutureTask.java:122)
	at java.base/java.util.concurrent.FutureTask.get(FutureTask.java:191)
	at jetbrains.exodus.newLogConcept.MVCC.MVCCDataStructure.commitTransaction(MVCCDataStructure.java:299)
	at site.ycsb.db.XodusClient.insert(XodusClient.java:60)
	at site.ycsb.DBWrapper.insert(DBWrapper.java:227)
	at site.ycsb.workloads.CoreWorkload.doInsert(CoreWorkload.java:621)
	at site.ycsb.ClientThread.run(ClientThread.java:135)
	at java.base/java.lang.Thread.run(Thread.java:829)
Caused by: jetbrains.exodus.ExodusException
	at jetbrains.exodus.newLogConcept.garbageCollector.OperationLogGarbageCollector.moveAndRemoveRecordsFromLog(OperationLogGarbageCollector.java:69)
	at jetbrains.exodus.newLogConcept.garbageCollector.OperationLogGarbageCollector.clean(OperationLogGarbageCollector.java:51)
	at jetbrains.exodus.newLogConcept.MVCC.MVCCDataStructure.lambda$commitTransaction$1(MVCCDataStructure.java:297)
	at java.base/java.util.concurrent.Executors$RunnableAdapter.call(Executors.java:515)
	at java.base/java.util.concurrent.FutureTask.run(FutureTask.java:264)
	at java.base/java.util.concurrent.ThreadPoolExecutor.runWorker(ThreadPoolExecutor.java:1128)
	at java.base/java.util.concurrent.ThreadPoolExecutor$Worker.run(ThreadPoolExecutor.java:628)
	... 1 more
java.util.concurrent.ExecutionException: jetbrains.exodus.ExodusException
	at java.base/java.util.concurrent.FutureTask.report(FutureTask.java:122)
	at java.base/java.util.concurrent.FutureTask.get(FutureTask.java:191)
	at jetbrains.exodus.newLogConcept.MVCC.MVCCDataStructure.commitTransaction(MVCCDataStructure.java:299)
	at site.ycsb.db.XodusClient.insert(XodusClient.java:60)
	at site.ycsb.DBWrapper.insert(DBWrapper.java:227)
	at site.ycsb.workloads.CoreWorkload.doInsert(CoreWorkload.java:621)
	at site.ycsb.ClientThread.run(ClientThread.java:135)
	at java.base/java.lang.Thread.run(Thread.java:829)
Caused by: jetbrains.exodus.ExodusException
	at jetbrains.exodus.newLogConcept.garbageCollector.OperationLogGarbageCollector.moveAndRemoveRecordsFromLog(OperationLogGarbageCollector.java:69)
	at jetbrains.exodus.newLogConcept.garbageCollector.OperationLogGarbageCollector.clean(OperationLogGarbageCollector.java:51)
	at jetbrains.exodus.newLogConcept.MVCC.MVCCDataStructure.lambda$commitTransaction$1(MVCCDataStructure.java:297)
	at java.base/java.util.concurrent.Executors$RunnableAdapter.call(Executors.java:515)
	at java.base/java.util.concurrent.FutureTask.run(FutureTask.java:264)
	at java.base/java.util.concurrent.ThreadPoolExecutor.runWorker(ThreadPoolExecutor.java:1128)
	at java.base/java.util.concurrent.ThreadPoolExecutor$Worker.run(ThreadPoolExecutor.java:628)
	... 1 more
java.util.concurrent.ExecutionException: jetbrains.exodus.ExodusException
	at java.base/java.util.concurrent.FutureTask.report(FutureTask.java:122)
	at java.base/java.util.concurrent.FutureTask.get(FutureTask.java:191)
	at jetbrains.exodus.newLogConcept.MVCC.MVCCDataStructure.commitTransaction(MVCCDataStructure.java:299)
	at site.ycsb.db.XodusClient.insert(XodusClient.java:60)
	at site.ycsb.DBWrapper.insert(DBWrapper.java:227)
	at site.ycsb.workloads.CoreWorkload.doInsert(CoreWorkload.java:621)
	at site.ycsb.ClientThread.run(ClientThread.java:135)
	at java.base/java.lang.Thread.run(Thread.java:829)
Caused by: jetbrains.exodus.ExodusException
	at jetbrains.exodus.newLogConcept.garbageCollector.OperationLogGarbageCollector.moveAndRemoveRecordsFromLog(OperationLogGarbageCollector.java:69)
	at jetbrains.exodus.newLogConcept.garbageCollector.OperationLogGarbageCollector.clean(OperationLogGarbageCollector.java:51)
	at jetbrains.exodus.newLogConcept.MVCC.MVCCDataStructure.lambda$commitTransaction$1(MVCCDataStructure.java:297)
	at java.base/java.util.concurrent.Executors$RunnableAdapter.call(Executors.java:515)
	at java.base/java.util.concurrent.FutureTask.run(FutureTask.java:264)
	at java.base/java.util.concurrent.ThreadPoolExecutor.runWorker(ThreadPoolExecutor.java:1128)
	at java.base/java.util.concurrent.ThreadPoolExecutor$Worker.run(ThreadPoolExecutor.java:628)
	... 1 more
java.util.concurrent.ExecutionException: jetbrains.exodus.ExodusException
	at java.base/java.util.concurrent.FutureTask.report(FutureTask.java:122)
	at java.base/java.util.concurrent.FutureTask.get(FutureTask.java:191)
	at jetbrains.exodus.newLogConcept.MVCC.MVCCDataStructure.commitTransaction(MVCCDataStructure.java:299)
	at site.ycsb.db.XodusClient.insert(XodusClient.java:60)
	at site.ycsb.DBWrapper.insert(DBWrapper.java:227)
	at site.ycsb.workloads.CoreWorkload.doInsert(CoreWorkload.java:621)
	at site.ycsb.ClientThread.run(ClientThread.java:135)
	at java.base/java.lang.Thread.run(Thread.java:829)
Caused by: jetbrains.exodus.ExodusException
	at jetbrains.exodus.newLogConcept.garbageCollector.OperationLogGarbageCollector.moveAndRemoveRecordsFromLog(OperationLogGarbageCollector.java:69)
	at jetbrains.exodus.newLogConcept.garbageCollector.OperationLogGarbageCollector.clean(OperationLogGarbageCollector.java:51)
	at jetbrains.exodus.newLogConcept.MVCC.MVCCDataStructure.lambda$commitTransaction$1(MVCCDataStructure.java:297)
	at java.base/java.util.concurrent.Executors$RunnableAdapter.call(Executors.java:515)
	at java.base/java.util.concurrent.FutureTask.run(FutureTask.java:264)
	at java.base/java.util.concurrent.ThreadPoolExecutor.runWorker(ThreadPoolExecutor.java:1128)
	at java.base/java.util.concurrent.ThreadPoolExecutor$Worker.run(ThreadPoolExecutor.java:628)
	... 1 more
java.util.concurrent.ExecutionException: jetbrains.exodus.ExodusException
	at java.base/java.util.concurrent.FutureTask.report(FutureTask.java:122)
	at java.base/java.util.concurrent.FutureTask.get(FutureTask.java:191)
	at jetbrains.exodus.newLogConcept.MVCC.MVCCDataStructure.commitTransaction(MVCCDataStructure.java:299)
	at site.ycsb.db.XodusClient.insert(XodusClient.java:60)
	at site.ycsb.DBWrapper.insert(DBWrapper.java:227)
	at site.ycsb.workloads.CoreWorkload.doInsert(CoreWorkload.java:621)
	at site.ycsb.ClientThread.run(ClientThread.java:135)
	at java.base/java.lang.Thread.run(Thread.java:829)
Caused by: jetbrains.exodus.ExodusException
	at jetbrains.exodus.newLogConcept.garbageCollector.OperationLogGarbageCollector.moveAndRemoveRecordsFromLog(OperationLogGarbageCollector.java:69)
	at jetbrains.exodus.newLogConcept.garbageCollector.OperationLogGarbageCollector.clean(OperationLogGarbageCollector.java:51)
	at jetbrains.exodus.newLogConcept.MVCC.MVCCDataStructure.lambda$commitTransaction$1(MVCCDataStructure.java:297)
	at java.base/java.util.concurrent.Executors$RunnableAdapter.call(Executors.java:515)
	at java.base/java.util.concurrent.FutureTask.run(FutureTask.java:264)
	at java.base/java.util.concurrent.ThreadPoolExecutor.runWorker(ThreadPoolExecutor.java:1128)
	at java.base/java.util.concurrent.ThreadPoolExecutor$Worker.run(ThreadPoolExecutor.java:628)
	... 1 more
java.util.concurrent.ExecutionException: jetbrains.exodus.ExodusException
	at java.base/java.util.concurrent.FutureTask.report(FutureTask.java:122)
	at java.base/java.util.concurrent.FutureTask.get(FutureTask.java:191)
	at jetbrains.exodus.newLogConcept.MVCC.MVCCDataStructure.commitTransaction(MVCCDataStructure.java:299)
	at site.ycsb.db.XodusClient.insert(XodusClient.java:60)
	at site.ycsb.DBWrapper.insert(DBWrapper.java:227)
	at site.ycsb.workloads.CoreWorkload.doInsert(CoreWorkload.java:621)
	at site.ycsb.ClientThread.run(ClientThread.java:135)
	at java.base/java.lang.Thread.run(Thread.java:829)
Caused by: jetbrains.exodus.ExodusException
	at jetbrains.exodus.newLogConcept.garbageCollector.OperationLogGarbageCollector.moveAndRemoveRecordsFromLog(OperationLogGarbageCollector.java:69)
	at jetbrains.exodus.newLogConcept.garbageCollector.OperationLogGarbageCollector.clean(OperationLogGarbageCollector.java:51)
	at jetbrains.exodus.newLogConcept.MVCC.MVCCDataStructure.lambda$commitTransaction$1(MVCCDataStructure.java:297)
	at java.base/java.util.concurrent.Executors$RunnableAdapter.call(Executors.java:515)
	at java.base/java.util.concurrent.FutureTask.run(FutureTask.java:264)
	at java.base/java.util.concurrent.ThreadPoolExecutor.runWorker(ThreadPoolExecutor.java:1128)
	at java.base/java.util.concurrent.ThreadPoolExecutor$Worker.run(ThreadPoolExecutor.java:628)
	... 1 more
java.util.concurrent.ExecutionException: jetbrains.exodus.ExodusException
	at java.base/java.util.concurrent.FutureTask.report(FutureTask.java:122)
	at java.base/java.util.concurrent.FutureTask.get(FutureTask.java:191)
	at jetbrains.exodus.newLogConcept.MVCC.MVCCDataStructure.commitTransaction(MVCCDataStructure.java:299)
	at site.ycsb.db.XodusClient.insert(XodusClient.java:60)
	at site.ycsb.DBWrapper.insert(DBWrapper.java:227)
	at site.ycsb.workloads.CoreWorkload.doInsert(CoreWorkload.java:621)
	at site.ycsb.ClientThread.run(ClientThread.java:135)
	at java.base/java.lang.Thread.run(Thread.java:829)
Caused by: jetbrains.exodus.ExodusException
	at jetbrains.exodus.newLogConcept.garbageCollector.OperationLogGarbageCollector.moveAndRemoveRecordsFromLog(OperationLogGarbageCollector.java:69)
	at jetbrains.exodus.newLogConcept.garbageCollector.OperationLogGarbageCollector.clean(OperationLogGarbageCollector.java:51)
	at jetbrains.exodus.newLogConcept.MVCC.MVCCDataStructure.lambda$commitTransaction$1(MVCCDataStructure.java:297)
	at java.base/java.util.concurrent.Executors$RunnableAdapter.call(Executors.java:515)
	at java.base/java.util.concurrent.FutureTask.run(FutureTask.java:264)
	at java.base/java.util.concurrent.ThreadPoolExecutor.runWorker(ThreadPoolExecutor.java:1128)
	at java.base/java.util.concurrent.ThreadPoolExecutor$Worker.run(ThreadPoolExecutor.java:628)
	... 1 more
java.util.concurrent.ExecutionException: jetbrains.exodus.ExodusException
	at java.base/java.util.concurrent.FutureTask.report(FutureTask.java:122)
	at java.base/java.util.concurrent.FutureTask.get(FutureTask.java:191)
	at jetbrains.exodus.newLogConcept.MVCC.MVCCDataStructure.commitTransaction(MVCCDataStructure.java:299)
	at site.ycsb.db.XodusClient.insert(XodusClient.java:60)
	at site.ycsb.DBWrapper.insert(DBWrapper.java:227)
	at site.ycsb.workloads.CoreWorkload.doInsert(CoreWorkload.java:621)
	at site.ycsb.ClientThread.run(ClientThread.java:135)
	at java.base/java.lang.Thread.run(Thread.java:829)
Caused by: jetbrains.exodus.ExodusException
	at jetbrains.exodus.newLogConcept.garbageCollector.OperationLogGarbageCollector.moveAndRemoveRecordsFromLog(OperationLogGarbageCollector.java:69)
	at jetbrains.exodus.newLogConcept.garbageCollector.OperationLogGarbageCollector.clean(OperationLogGarbageCollector.java:51)
	at jetbrains.exodus.newLogConcept.MVCC.MVCCDataStructure.lambda$commitTransaction$1(MVCCDataStructure.java:297)
	at java.base/java.util.concurrent.Executors$RunnableAdapter.call(Executors.java:515)
	at java.base/java.util.concurrent.FutureTask.run(FutureTask.java:264)
	at java.base/java.util.concurrent.ThreadPoolExecutor.runWorker(ThreadPoolExecutor.java:1128)
	at java.base/java.util.concurrent.ThreadPoolExecutor$Worker.run(ThreadPoolExecutor.java:628)
	... 1 more
java.util.concurrent.ExecutionException: jetbrains.exodus.ExodusException
	at java.base/java.util.concurrent.FutureTask.report(FutureTask.java:122)
	at java.base/java.util.concurrent.FutureTask.get(FutureTask.java:191)
	at jetbrains.exodus.newLogConcept.MVCC.MVCCDataStructure.commitTransaction(MVCCDataStructure.java:299)
	at site.ycsb.db.XodusClient.insert(XodusClient.java:60)
	at site.ycsb.DBWrapper.insert(DBWrapper.java:227)
	at site.ycsb.workloads.CoreWorkload.doInsert(CoreWorkload.java:621)
	at site.ycsb.ClientThread.run(ClientThread.java:135)
	at java.base/java.lang.Thread.run(Thread.java:829)
Caused by: jetbrains.exodus.ExodusException
	at jetbrains.exodus.newLogConcept.garbageCollector.OperationLogGarbageCollector.moveAndRemoveRecordsFromLog(OperationLogGarbageCollector.java:69)
	at jetbrains.exodus.newLogConcept.garbageCollector.OperationLogGarbageCollector.clean(OperationLogGarbageCollector.java:51)
	at jetbrains.exodus.newLogConcept.MVCC.MVCCDataStructure.lambda$commitTransaction$1(MVCCDataStructure.java:297)
	at java.base/java.util.concurrent.Executors$RunnableAdapter.call(Executors.java:515)
	at java.base/java.util.concurrent.FutureTask.run(FutureTask.java:264)
	at java.base/java.util.concurrent.ThreadPoolExecutor.runWorker(ThreadPoolExecutor.java:1128)
	at java.base/java.util.concurrent.ThreadPoolExecutor$Worker.run(ThreadPoolExecutor.java:628)
	... 1 more
java.util.concurrent.ExecutionException: jetbrains.exodus.ExodusException
	at java.base/java.util.concurrent.FutureTask.report(FutureTask.java:122)
	at java.base/java.util.concurrent.FutureTask.get(FutureTask.java:191)
	at jetbrains.exodus.newLogConcept.MVCC.MVCCDataStructure.commitTransaction(MVCCDataStructure.java:299)
	at site.ycsb.db.XodusClient.insert(XodusClient.java:60)
	at site.ycsb.DBWrapper.insert(DBWrapper.java:227)
	at site.ycsb.workloads.CoreWorkload.doInsert(CoreWorkload.java:621)
	at site.ycsb.ClientThread.run(ClientThread.java:135)
	at java.base/java.lang.Thread.run(Thread.java:829)
Caused by: jetbrains.exodus.ExodusException
	at jetbrains.exodus.newLogConcept.garbageCollector.OperationLogGarbageCollector.moveAndRemoveRecordsFromLog(OperationLogGarbageCollector.java:69)
	at jetbrains.exodus.newLogConcept.garbageCollector.OperationLogGarbageCollector.clean(OperationLogGarbageCollector.java:51)
	at jetbrains.exodus.newLogConcept.MVCC.MVCCDataStructure.lambda$commitTransaction$1(MVCCDataStructure.java:297)
	at java.base/java.util.concurrent.Executors$RunnableAdapter.call(Executors.java:515)
	at java.base/java.util.concurrent.FutureTask.run(FutureTask.java:264)
	at java.base/java.util.concurrent.ThreadPoolExecutor.runWorker(ThreadPoolExecutor.java:1128)
	at java.base/java.util.concurrent.ThreadPoolExecutor$Worker.run(ThreadPoolExecutor.java:628)
	... 1 more
java.util.concurrent.ExecutionException: jetbrains.exodus.ExodusException
	at java.base/java.util.concurrent.FutureTask.report(FutureTask.java:122)
	at java.base/java.util.concurrent.FutureTask.get(FutureTask.java:191)
	at jetbrains.exodus.newLogConcept.MVCC.MVCCDataStructure.commitTransaction(MVCCDataStructure.java:299)
	at site.ycsb.db.XodusClient.insert(XodusClient.java:60)
	at site.ycsb.DBWrapper.insert(DBWrapper.java:227)
	at site.ycsb.workloads.CoreWorkload.doInsert(CoreWorkload.java:621)
	at site.ycsb.ClientThread.run(ClientThread.java:135)
	at java.base/java.lang.Thread.run(Thread.java:829)
Caused by: jetbrains.exodus.ExodusException
	at jetbrains.exodus.newLogConcept.garbageCollector.OperationLogGarbageCollector.moveAndRemoveRecordsFromLog(OperationLogGarbageCollector.java:69)
	at jetbrains.exodus.newLogConcept.garbageCollector.OperationLogGarbageCollector.clean(OperationLogGarbageCollector.java:51)
	at jetbrains.exodus.newLogConcept.MVCC.MVCCDataStructure.lambda$commitTransaction$1(MVCCDataStructure.java:297)
	at java.base/java.util.concurrent.Executors$RunnableAdapter.call(Executors.java:515)
	at java.base/java.util.concurrent.FutureTask.run(FutureTask.java:264)
	at java.base/java.util.concurrent.ThreadPoolExecutor.runWorker(ThreadPoolExecutor.java:1128)
	at java.base/java.util.concurrent.ThreadPoolExecutor$Worker.run(ThreadPoolExecutor.java:628)
	... 1 more
java.util.concurrent.ExecutionException: jetbrains.exodus.ExodusException
	at java.base/java.util.concurrent.FutureTask.report(FutureTask.java:122)
	at java.base/java.util.concurrent.FutureTask.get(FutureTask.java:191)
	at jetbrains.exodus.newLogConcept.MVCC.MVCCDataStructure.commitTransaction(MVCCDataStructure.java:299)
	at site.ycsb.db.XodusClient.insert(XodusClient.java:60)
	at site.ycsb.DBWrapper.insert(DBWrapper.java:227)
	at site.ycsb.workloads.CoreWorkload.doInsert(CoreWorkload.java:621)
	at site.ycsb.ClientThread.run(ClientThread.java:135)
	at java.base/java.lang.Thread.run(Thread.java:829)
Caused by: jetbrains.exodus.ExodusException
	at jetbrains.exodus.newLogConcept.garbageCollector.OperationLogGarbageCollector.moveAndRemoveRecordsFromLog(OperationLogGarbageCollector.java:69)
	at jetbrains.exodus.newLogConcept.garbageCollector.OperationLogGarbageCollector.clean(OperationLogGarbageCollector.java:51)
	at jetbrains.exodus.newLogConcept.MVCC.MVCCDataStructure.lambda$commitTransaction$1(MVCCDataStructure.java:297)
	at java.base/java.util.concurrent.Executors$RunnableAdapter.call(Executors.java:515)
	at java.base/java.util.concurrent.FutureTask.run(FutureTask.java:264)
	at java.base/java.util.concurrent.ThreadPoolExecutor.runWorker(ThreadPoolExecutor.java:1128)
	at java.base/java.util.concurrent.ThreadPoolExecutor$Worker.run(ThreadPoolExecutor.java:628)
	... 1 more
java.util.concurrent.ExecutionException: jetbrains.exodus.ExodusException
	at java.base/java.util.concurrent.FutureTask.report(FutureTask.java:122)
	at java.base/java.util.concurrent.FutureTask.get(FutureTask.java:191)
	at jetbrains.exodus.newLogConcept.MVCC.MVCCDataStructure.commitTransaction(MVCCDataStructure.java:299)
	at site.ycsb.db.XodusClient.insert(XodusClient.java:60)
	at site.ycsb.DBWrapper.insert(DBWrapper.java:227)
	at site.ycsb.workloads.CoreWorkload.doInsert(CoreWorkload.java:621)
	at site.ycsb.ClientThread.run(ClientThread.java:135)
	at java.base/java.lang.Thread.run(Thread.java:829)
Caused by: jetbrains.exodus.ExodusException
	at jetbrains.exodus.newLogConcept.garbageCollector.OperationLogGarbageCollector.moveAndRemoveRecordsFromLog(OperationLogGarbageCollector.java:69)
	at jetbrains.exodus.newLogConcept.garbageCollector.OperationLogGarbageCollector.clean(OperationLogGarbageCollector.java:51)
	at jetbrains.exodus.newLogConcept.MVCC.MVCCDataStructure.lambda$commitTransaction$1(MVCCDataStructure.java:297)
	at java.base/java.util.concurrent.Executors$RunnableAdapter.call(Executors.java:515)
	at java.base/java.util.concurrent.FutureTask.run(FutureTask.java:264)
	at java.base/java.util.concurrent.ThreadPoolExecutor.runWorker(ThreadPoolExecutor.java:1128)
	at java.base/java.util.concurrent.ThreadPoolExecutor$Worker.run(ThreadPoolExecutor.java:628)
	... 1 more
java.util.concurrent.ExecutionException: jetbrains.exodus.ExodusException
	at java.base/java.util.concurrent.FutureTask.report(FutureTask.java:122)
	at java.base/java.util.concurrent.FutureTask.get(FutureTask.java:191)
	at jetbrains.exodus.newLogConcept.MVCC.MVCCDataStructure.commitTransaction(MVCCDataStructure.java:299)
	at site.ycsb.db.XodusClient.insert(XodusClient.java:60)
	at site.ycsb.DBWrapper.insert(DBWrapper.java:227)
	at site.ycsb.workloads.CoreWorkload.doInsert(CoreWorkload.java:621)
	at site.ycsb.ClientThread.run(ClientThread.java:135)
	at java.base/java.lang.Thread.run(Thread.java:829)
Caused by: jetbrains.exodus.ExodusException
	at jetbrains.exodus.newLogConcept.garbageCollector.OperationLogGarbageCollector.moveAndRemoveRecordsFromLog(OperationLogGarbageCollector.java:69)
	at jetbrains.exodus.newLogConcept.garbageCollector.OperationLogGarbageCollector.clean(OperationLogGarbageCollector.java:51)
	at jetbrains.exodus.newLogConcept.MVCC.MVCCDataStructure.lambda$commitTransaction$1(MVCCDataStructure.java:297)
	at java.base/java.util.concurrent.Executors$RunnableAdapter.call(Executors.java:515)
	at java.base/java.util.concurrent.FutureTask.run(FutureTask.java:264)
	at java.base/java.util.concurrent.ThreadPoolExecutor.runWorker(ThreadPoolExecutor.java:1128)
	at java.base/java.util.concurrent.ThreadPoolExecutor$Worker.run(ThreadPoolExecutor.java:628)
	... 1 more
java.util.concurrent.ExecutionException: jetbrains.exodus.ExodusException
	at java.base/java.util.concurrent.FutureTask.report(FutureTask.java:122)
	at java.base/java.util.concurrent.FutureTask.get(FutureTask.java:191)
	at jetbrains.exodus.newLogConcept.MVCC.MVCCDataStructure.commitTransaction(MVCCDataStructure.java:299)
	at site.ycsb.db.XodusClient.insert(XodusClient.java:60)
	at site.ycsb.DBWrapper.insert(DBWrapper.java:227)
	at site.ycsb.workloads.CoreWorkload.doInsert(CoreWorkload.java:621)
	at site.ycsb.ClientThread.run(ClientThread.java:135)
	at java.base/java.lang.Thread.run(Thread.java:829)
Caused by: jetbrains.exodus.ExodusException
	at jetbrains.exodus.newLogConcept.garbageCollector.OperationLogGarbageCollector.moveAndRemoveRecordsFromLog(OperationLogGarbageCollector.java:69)
	at jetbrains.exodus.newLogConcept.garbageCollector.OperationLogGarbageCollector.clean(OperationLogGarbageCollector.java:51)
	at jetbrains.exodus.newLogConcept.MVCC.MVCCDataStructure.lambda$commitTransaction$1(MVCCDataStructure.java:297)
	at java.base/java.util.concurrent.Executors$RunnableAdapter.call(Executors.java:515)
	at java.base/java.util.concurrent.FutureTask.run(FutureTask.java:264)
	at java.base/java.util.concurrent.ThreadPoolExecutor.runWorker(ThreadPoolExecutor.java:1128)
	at java.base/java.util.concurrent.ThreadPoolExecutor$Worker.run(ThreadPoolExecutor.java:628)
	... 1 more
java.util.concurrent.ExecutionException: jetbrains.exodus.ExodusException
	at java.base/java.util.concurrent.FutureTask.report(FutureTask.java:122)
	at java.base/java.util.concurrent.FutureTask.get(FutureTask.java:191)
	at jetbrains.exodus.newLogConcept.MVCC.MVCCDataStructure.commitTransaction(MVCCDataStructure.java:299)
	at site.ycsb.db.XodusClient.insert(XodusClient.java:60)
	at site.ycsb.DBWrapper.insert(DBWrapper.java:227)
	at site.ycsb.workloads.CoreWorkload.doInsert(CoreWorkload.java:621)
	at site.ycsb.ClientThread.run(ClientThread.java:135)
	at java.base/java.lang.Thread.run(Thread.java:829)
Caused by: jetbrains.exodus.ExodusException
	at jetbrains.exodus.newLogConcept.garbageCollector.OperationLogGarbageCollector.moveAndRemoveRecordsFromLog(OperationLogGarbageCollector.java:69)
	at jetbrains.exodus.newLogConcept.garbageCollector.OperationLogGarbageCollector.clean(OperationLogGarbageCollector.java:51)
	at jetbrains.exodus.newLogConcept.MVCC.MVCCDataStructure.lambda$commitTransaction$1(MVCCDataStructure.java:297)
	at java.base/java.util.concurrent.Executors$RunnableAdapter.call(Executors.java:515)
	at java.base/java.util.concurrent.FutureTask.run(FutureTask.java:264)
	at java.base/java.util.concurrent.ThreadPoolExecutor.runWorker(ThreadPoolExecutor.java:1128)
	at java.base/java.util.concurrent.ThreadPoolExecutor$Worker.run(ThreadPoolExecutor.java:628)
	... 1 more
java.util.concurrent.ExecutionException: jetbrains.exodus.ExodusException
	at java.base/java.util.concurrent.FutureTask.report(FutureTask.java:122)
	at java.base/java.util.concurrent.FutureTask.get(FutureTask.java:191)
	at jetbrains.exodus.newLogConcept.MVCC.MVCCDataStructure.commitTransaction(MVCCDataStructure.java:299)
	at site.ycsb.db.XodusClient.insert(XodusClient.java:60)
	at site.ycsb.DBWrapper.insert(DBWrapper.java:227)
	at site.ycsb.workloads.CoreWorkload.doInsert(CoreWorkload.java:621)
	at site.ycsb.ClientThread.run(ClientThread.java:135)
	at java.base/java.lang.Thread.run(Thread.java:829)
Caused by: jetbrains.exodus.ExodusException
	at jetbrains.exodus.newLogConcept.garbageCollector.OperationLogGarbageCollector.moveAndRemoveRecordsFromLog(OperationLogGarbageCollector.java:69)
	at jetbrains.exodus.newLogConcept.garbageCollector.OperationLogGarbageCollector.clean(OperationLogGarbageCollector.java:51)
	at jetbrains.exodus.newLogConcept.MVCC.MVCCDataStructure.lambda$commitTransaction$1(MVCCDataStructure.java:297)
	at java.base/java.util.concurrent.Executors$RunnableAdapter.call(Executors.java:515)
	at java.base/java.util.concurrent.FutureTask.run(FutureTask.java:264)
	at java.base/java.util.concurrent.ThreadPoolExecutor.runWorker(ThreadPoolExecutor.java:1128)
	at java.base/java.util.concurrent.ThreadPoolExecutor$Worker.run(ThreadPoolExecutor.java:628)
	... 1 more
java.util.concurrent.ExecutionException: jetbrains.exodus.ExodusException
	at java.base/java.util.concurrent.FutureTask.report(FutureTask.java:122)
	at java.base/java.util.concurrent.FutureTask.get(FutureTask.java:191)
	at jetbrains.exodus.newLogConcept.MVCC.MVCCDataStructure.commitTransaction(MVCCDataStructure.java:299)
	at site.ycsb.db.XodusClient.insert(XodusClient.java:60)
	at site.ycsb.DBWrapper.insert(DBWrapper.java:227)
	at site.ycsb.workloads.CoreWorkload.doInsert(CoreWorkload.java:621)
	at site.ycsb.ClientThread.run(ClientThread.java:135)
	at java.base/java.lang.Thread.run(Thread.java:829)
Caused by: jetbrains.exodus.ExodusException
	at jetbrains.exodus.newLogConcept.garbageCollector.OperationLogGarbageCollector.moveAndRemoveRecordsFromLog(OperationLogGarbageCollector.java:69)
	at jetbrains.exodus.newLogConcept.garbageCollector.OperationLogGarbageCollector.clean(OperationLogGarbageCollector.java:51)
	at jetbrains.exodus.newLogConcept.MVCC.MVCCDataStructure.lambda$commitTransaction$1(MVCCDataStructure.java:297)
	at java.base/java.util.concurrent.Executors$RunnableAdapter.call(Executors.java:515)
	at java.base/java.util.concurrent.FutureTask.run(FutureTask.java:264)
	at java.base/java.util.concurrent.ThreadPoolExecutor.runWorker(ThreadPoolExecutor.java:1128)
	at java.base/java.util.concurrent.ThreadPoolExecutor$Worker.run(ThreadPoolExecutor.java:628)
	... 1 more
java.util.concurrent.ExecutionException: jetbrains.exodus.ExodusException
	at java.base/java.util.concurrent.FutureTask.report(FutureTask.java:122)
	at java.base/java.util.concurrent.FutureTask.get(FutureTask.java:191)
	at jetbrains.exodus.newLogConcept.MVCC.MVCCDataStructure.commitTransaction(MVCCDataStructure.java:299)
	at site.ycsb.db.XodusClient.insert(XodusClient.java:60)
	at site.ycsb.DBWrapper.insert(DBWrapper.java:227)
	at site.ycsb.workloads.CoreWorkload.doInsert(CoreWorkload.java:621)
	at site.ycsb.ClientThread.run(ClientThread.java:135)
	at java.base/java.lang.Thread.run(Thread.java:829)
Caused by: jetbrains.exodus.ExodusException
	at jetbrains.exodus.newLogConcept.garbageCollector.OperationLogGarbageCollector.moveAndRemoveRecordsFromLog(OperationLogGarbageCollector.java:69)
	at jetbrains.exodus.newLogConcept.garbageCollector.OperationLogGarbageCollector.clean(OperationLogGarbageCollector.java:51)
	at jetbrains.exodus.newLogConcept.MVCC.MVCCDataStructure.lambda$commitTransaction$1(MVCCDataStructure.java:297)
	at java.base/java.util.concurrent.Executors$RunnableAdapter.call(Executors.java:515)
	at java.base/java.util.concurrent.FutureTask.run(FutureTask.java:264)
	at java.base/java.util.concurrent.ThreadPoolExecutor.runWorker(ThreadPoolExecutor.java:1128)
	at java.base/java.util.concurrent.ThreadPoolExecutor$Worker.run(ThreadPoolExecutor.java:628)
	... 1 more
java.util.concurrent.ExecutionException: jetbrains.exodus.ExodusException
	at java.base/java.util.concurrent.FutureTask.report(FutureTask.java:122)
	at java.base/java.util.concurrent.FutureTask.get(FutureTask.java:191)
	at jetbrains.exodus.newLogConcept.MVCC.MVCCDataStructure.commitTransaction(MVCCDataStructure.java:299)
	at site.ycsb.db.XodusClient.insert(XodusClient.java:60)
	at site.ycsb.DBWrapper.insert(DBWrapper.java:227)
	at site.ycsb.workloads.CoreWorkload.doInsert(CoreWorkload.java:621)
	at site.ycsb.ClientThread.run(ClientThread.java:135)
	at java.base/java.lang.Thread.run(Thread.java:829)
Caused by: jetbrains.exodus.ExodusException
	at jetbrains.exodus.newLogConcept.garbageCollector.OperationLogGarbageCollector.moveAndRemoveRecordsFromLog(OperationLogGarbageCollector.java:69)
	at jetbrains.exodus.newLogConcept.garbageCollector.OperationLogGarbageCollector.clean(OperationLogGarbageCollector.java:51)
	at jetbrains.exodus.newLogConcept.MVCC.MVCCDataStructure.lambda$commitTransaction$1(MVCCDataStructure.java:297)
	at java.base/java.util.concurrent.Executors$RunnableAdapter.call(Executors.java:515)
	at java.base/java.util.concurrent.FutureTask.run(FutureTask.java:264)
	at java.base/java.util.concurrent.ThreadPoolExecutor.runWorker(ThreadPoolExecutor.java:1128)
	at java.base/java.util.concurrent.ThreadPoolExecutor$Worker.run(ThreadPoolExecutor.java:628)
	... 1 more
java.util.concurrent.ExecutionException: jetbrains.exodus.ExodusException
	at java.base/java.util.concurrent.FutureTask.report(FutureTask.java:122)
	at java.base/java.util.concurrent.FutureTask.get(FutureTask.java:191)
	at jetbrains.exodus.newLogConcept.MVCC.MVCCDataStructure.commitTransaction(MVCCDataStructure.java:299)
	at site.ycsb.db.XodusClient.insert(XodusClient.java:60)
	at site.ycsb.DBWrapper.insert(DBWrapper.java:227)
	at site.ycsb.workloads.CoreWorkload.doInsert(CoreWorkload.java:621)
	at site.ycsb.ClientThread.run(ClientThread.java:135)
	at java.base/java.lang.Thread.run(Thread.java:829)
Caused by: jetbrains.exodus.ExodusException
	at jetbrains.exodus.newLogConcept.garbageCollector.OperationLogGarbageCollector.moveAndRemoveRecordsFromLog(OperationLogGarbageCollector.java:69)
	at jetbrains.exodus.newLogConcept.garbageCollector.OperationLogGarbageCollector.clean(OperationLogGarbageCollector.java:51)
	at jetbrains.exodus.newLogConcept.MVCC.MVCCDataStructure.lambda$commitTransaction$1(MVCCDataStructure.java:297)
	at java.base/java.util.concurrent.Executors$RunnableAdapter.call(Executors.java:515)
	at java.base/java.util.concurrent.FutureTask.run(FutureTask.java:264)
	at java.base/java.util.concurrent.ThreadPoolExecutor.runWorker(ThreadPoolExecutor.java:1128)
	at java.base/java.util.concurrent.ThreadPoolExecutor$Worker.run(ThreadPoolExecutor.java:628)
	... 1 more
java.util.concurrent.ExecutionException: jetbrains.exodus.ExodusException
	at java.base/java.util.concurrent.FutureTask.report(FutureTask.java:122)
	at java.base/java.util.concurrent.FutureTask.get(FutureTask.java:191)
	at jetbrains.exodus.newLogConcept.MVCC.MVCCDataStructure.commitTransaction(MVCCDataStructure.java:299)
	at site.ycsb.db.XodusClient.insert(XodusClient.java:60)
	at site.ycsb.DBWrapper.insert(DBWrapper.java:227)
	at site.ycsb.workloads.CoreWorkload.doInsert(CoreWorkload.java:621)
	at site.ycsb.ClientThread.run(ClientThread.java:135)
	at java.base/java.lang.Thread.run(Thread.java:829)
Caused by: jetbrains.exodus.ExodusException
	at jetbrains.exodus.newLogConcept.garbageCollector.OperationLogGarbageCollector.moveAndRemoveRecordsFromLog(OperationLogGarbageCollector.java:69)
	at jetbrains.exodus.newLogConcept.garbageCollector.OperationLogGarbageCollector.clean(OperationLogGarbageCollector.java:51)
	at jetbrains.exodus.newLogConcept.MVCC.MVCCDataStructure.lambda$commitTransaction$1(MVCCDataStructure.java:297)
	at java.base/java.util.concurrent.Executors$RunnableAdapter.call(Executors.java:515)
	at java.base/java.util.concurrent.FutureTask.run(FutureTask.java:264)
	at java.base/java.util.concurrent.ThreadPoolExecutor.runWorker(ThreadPoolExecutor.java:1128)
	at java.base/java.util.concurrent.ThreadPoolExecutor$Worker.run(ThreadPoolExecutor.java:628)
	... 1 more
java.util.concurrent.ExecutionException: jetbrains.exodus.ExodusException
	at java.base/java.util.concurrent.FutureTask.report(FutureTask.java:122)
	at java.base/java.util.concurrent.FutureTask.get(FutureTask.java:191)
	at jetbrains.exodus.newLogConcept.MVCC.MVCCDataStructure.commitTransaction(MVCCDataStructure.java:299)
	at site.ycsb.db.XodusClient.insert(XodusClient.java:60)
	at site.ycsb.DBWrapper.insert(DBWrapper.java:227)
	at site.ycsb.workloads.CoreWorkload.doInsert(CoreWorkload.java:621)
	at site.ycsb.ClientThread.run(ClientThread.java:135)
	at java.base/java.lang.Thread.run(Thread.java:829)
Caused by: jetbrains.exodus.ExodusException
	at jetbrains.exodus.newLogConcept.garbageCollector.OperationLogGarbageCollector.moveAndRemoveRecordsFromLog(OperationLogGarbageCollector.java:69)
	at jetbrains.exodus.newLogConcept.garbageCollector.OperationLogGarbageCollector.clean(OperationLogGarbageCollector.java:51)
	at jetbrains.exodus.newLogConcept.MVCC.MVCCDataStructure.lambda$commitTransaction$1(MVCCDataStructure.java:297)
	at java.base/java.util.concurrent.Executors$RunnableAdapter.call(Executors.java:515)
	at java.base/java.util.concurrent.FutureTask.run(FutureTask.java:264)
	at java.base/java.util.concurrent.ThreadPoolExecutor.runWorker(ThreadPoolExecutor.java:1128)
	at java.base/java.util.concurrent.ThreadPoolExecutor$Worker.run(ThreadPoolExecutor.java:628)
	... 1 more
java.util.concurrent.ExecutionException: jetbrains.exodus.ExodusException
	at java.base/java.util.concurrent.FutureTask.report(FutureTask.java:122)
	at java.base/java.util.concurrent.FutureTask.get(FutureTask.java:191)
	at jetbrains.exodus.newLogConcept.MVCC.MVCCDataStructure.commitTransaction(MVCCDataStructure.java:299)
	at site.ycsb.db.XodusClient.insert(XodusClient.java:60)
	at site.ycsb.DBWrapper.insert(DBWrapper.java:227)
	at site.ycsb.workloads.CoreWorkload.doInsert(CoreWorkload.java:621)
	at site.ycsb.ClientThread.run(ClientThread.java:135)
	at java.base/java.lang.Thread.run(Thread.java:829)
Caused by: jetbrains.exodus.ExodusException
	at jetbrains.exodus.newLogConcept.garbageCollector.OperationLogGarbageCollector.moveAndRemoveRecordsFromLog(OperationLogGarbageCollector.java:69)
	at jetbrains.exodus.newLogConcept.garbageCollector.OperationLogGarbageCollector.clean(OperationLogGarbageCollector.java:51)
	at jetbrains.exodus.newLogConcept.MVCC.MVCCDataStructure.lambda$commitTransaction$1(MVCCDataStructure.java:297)
	at java.base/java.util.concurrent.Executors$RunnableAdapter.call(Executors.java:515)
	at java.base/java.util.concurrent.FutureTask.run(FutureTask.java:264)
	at java.base/java.util.concurrent.ThreadPoolExecutor.runWorker(ThreadPoolExecutor.java:1128)
	at java.base/java.util.concurrent.ThreadPoolExecutor$Worker.run(ThreadPoolExecutor.java:628)
	... 1 more
java.util.concurrent.ExecutionException: jetbrains.exodus.ExodusException
	at java.base/java.util.concurrent.FutureTask.report(FutureTask.java:122)
	at java.base/java.util.concurrent.FutureTask.get(FutureTask.java:191)
	at jetbrains.exodus.newLogConcept.MVCC.MVCCDataStructure.commitTransaction(MVCCDataStructure.java:299)
	at site.ycsb.db.XodusClient.insert(XodusClient.java:60)
	at site.ycsb.DBWrapper.insert(DBWrapper.java:227)
	at site.ycsb.workloads.CoreWorkload.doInsert(CoreWorkload.java:621)
	at site.ycsb.ClientThread.run(ClientThread.java:135)
	at java.base/java.lang.Thread.run(Thread.java:829)
Caused by: jetbrains.exodus.ExodusException
	at jetbrains.exodus.newLogConcept.garbageCollector.OperationLogGarbageCollector.moveAndRemoveRecordsFromLog(OperationLogGarbageCollector.java:69)
	at jetbrains.exodus.newLogConcept.garbageCollector.OperationLogGarbageCollector.clean(OperationLogGarbageCollector.java:51)
	at jetbrains.exodus.newLogConcept.MVCC.MVCCDataStructure.lambda$commitTransaction$1(MVCCDataStructure.java:297)
	at java.base/java.util.concurrent.Executors$RunnableAdapter.call(Executors.java:515)
	at java.base/java.util.concurrent.FutureTask.run(FutureTask.java:264)
	at java.base/java.util.concurrent.ThreadPoolExecutor.runWorker(ThreadPoolExecutor.java:1128)
	at java.base/java.util.concurrent.ThreadPoolExecutor$Worker.run(ThreadPoolExecutor.java:628)
	... 1 more
java.util.concurrent.ExecutionException: jetbrains.exodus.ExodusException
	at java.base/java.util.concurrent.FutureTask.report(FutureTask.java:122)
	at java.base/java.util.concurrent.FutureTask.get(FutureTask.java:191)
	at jetbrains.exodus.newLogConcept.MVCC.MVCCDataStructure.commitTransaction(MVCCDataStructure.java:299)
	at site.ycsb.db.XodusClient.insert(XodusClient.java:60)
	at site.ycsb.DBWrapper.insert(DBWrapper.java:227)
	at site.ycsb.workloads.CoreWorkload.doInsert(CoreWorkload.java:621)
	at site.ycsb.ClientThread.run(ClientThread.java:135)
	at java.base/java.lang.Thread.run(Thread.java:829)
Caused by: jetbrains.exodus.ExodusException
	at jetbrains.exodus.newLogConcept.garbageCollector.OperationLogGarbageCollector.moveAndRemoveRecordsFromLog(OperationLogGarbageCollector.java:69)
	at jetbrains.exodus.newLogConcept.garbageCollector.OperationLogGarbageCollector.clean(OperationLogGarbageCollector.java:51)
	at jetbrains.exodus.newLogConcept.MVCC.MVCCDataStructure.lambda$commitTransaction$1(MVCCDataStructure.java:297)
	at java.base/java.util.concurrent.Executors$RunnableAdapter.call(Executors.java:515)
	at java.base/java.util.concurrent.FutureTask.run(FutureTask.java:264)
	at java.base/java.util.concurrent.ThreadPoolExecutor.runWorker(ThreadPoolExecutor.java:1128)
	at java.base/java.util.concurrent.ThreadPoolExecutor$Worker.run(ThreadPoolExecutor.java:628)
	... 1 more
java.util.concurrent.ExecutionException: jetbrains.exodus.ExodusException
	at java.base/java.util.concurrent.FutureTask.report(FutureTask.java:122)
	at java.base/java.util.concurrent.FutureTask.get(FutureTask.java:191)
	at jetbrains.exodus.newLogConcept.MVCC.MVCCDataStructure.commitTransaction(MVCCDataStructure.java:299)
	at site.ycsb.db.XodusClient.insert(XodusClient.java:60)
	at site.ycsb.DBWrapper.insert(DBWrapper.java:227)
	at site.ycsb.workloads.CoreWorkload.doInsert(CoreWorkload.java:621)
	at site.ycsb.ClientThread.run(ClientThread.java:135)
	at java.base/java.lang.Thread.run(Thread.java:829)
Caused by: jetbrains.exodus.ExodusException
	at jetbrains.exodus.newLogConcept.garbageCollector.OperationLogGarbageCollector.moveAndRemoveRecordsFromLog(OperationLogGarbageCollector.java:69)
	at jetbrains.exodus.newLogConcept.garbageCollector.OperationLogGarbageCollector.clean(OperationLogGarbageCollector.java:51)
	at jetbrains.exodus.newLogConcept.MVCC.MVCCDataStructure.lambda$commitTransaction$1(MVCCDataStructure.java:297)
	at java.base/java.util.concurrent.Executors$RunnableAdapter.call(Executors.java:515)
	at java.base/java.util.concurrent.FutureTask.run(FutureTask.java:264)
	at java.base/java.util.concurrent.ThreadPoolExecutor.runWorker(ThreadPoolExecutor.java:1128)
	at java.base/java.util.concurrent.ThreadPoolExecutor$Worker.run(ThreadPoolExecutor.java:628)
	... 1 more
java.util.concurrent.ExecutionException: jetbrains.exodus.ExodusException
	at java.base/java.util.concurrent.FutureTask.report(FutureTask.java:122)
	at java.base/java.util.concurrent.FutureTask.get(FutureTask.java:191)
	at jetbrains.exodus.newLogConcept.MVCC.MVCCDataStructure.commitTransaction(MVCCDataStructure.java:299)
	at site.ycsb.db.XodusClient.insert(XodusClient.java:60)
	at site.ycsb.DBWrapper.insert(DBWrapper.java:227)
	at site.ycsb.workloads.CoreWorkload.doInsert(CoreWorkload.java:621)
	at site.ycsb.ClientThread.run(ClientThread.java:135)
	at java.base/java.lang.Thread.run(Thread.java:829)
Caused by: jetbrains.exodus.ExodusException
	at jetbrains.exodus.newLogConcept.garbageCollector.OperationLogGarbageCollector.moveAndRemoveRecordsFromLog(OperationLogGarbageCollector.java:69)
	at jetbrains.exodus.newLogConcept.garbageCollector.OperationLogGarbageCollector.clean(OperationLogGarbageCollector.java:51)
	at jetbrains.exodus.newLogConcept.MVCC.MVCCDataStructure.lambda$commitTransaction$1(MVCCDataStructure.java:297)
	at java.base/java.util.concurrent.Executors$RunnableAdapter.call(Executors.java:515)
	at java.base/java.util.concurrent.FutureTask.run(FutureTask.java:264)
	at java.base/java.util.concurrent.ThreadPoolExecutor.runWorker(ThreadPoolExecutor.java:1128)
	at java.base/java.util.concurrent.ThreadPoolExecutor$Worker.run(ThreadPoolExecutor.java:628)
	... 1 more
java.util.concurrent.ExecutionException: jetbrains.exodus.ExodusException
	at java.base/java.util.concurrent.FutureTask.report(FutureTask.java:122)
	at java.base/java.util.concurrent.FutureTask.get(FutureTask.java:191)
	at jetbrains.exodus.newLogConcept.MVCC.MVCCDataStructure.commitTransaction(MVCCDataStructure.java:299)
	at site.ycsb.db.XodusClient.insert(XodusClient.java:60)
	at site.ycsb.DBWrapper.insert(DBWrapper.java:227)
	at site.ycsb.workloads.CoreWorkload.doInsert(CoreWorkload.java:621)
	at site.ycsb.ClientThread.run(ClientThread.java:135)
	at java.base/java.lang.Thread.run(Thread.java:829)
Caused by: jetbrains.exodus.ExodusException
	at jetbrains.exodus.newLogConcept.garbageCollector.OperationLogGarbageCollector.moveAndRemoveRecordsFromLog(OperationLogGarbageCollector.java:69)
	at jetbrains.exodus.newLogConcept.garbageCollector.OperationLogGarbageCollector.clean(OperationLogGarbageCollector.java:51)
	at jetbrains.exodus.newLogConcept.MVCC.MVCCDataStructure.lambda$commitTransaction$1(MVCCDataStructure.java:297)
	at java.base/java.util.concurrent.Executors$RunnableAdapter.call(Executors.java:515)
	at java.base/java.util.concurrent.FutureTask.run(FutureTask.java:264)
	at java.base/java.util.concurrent.ThreadPoolExecutor.runWorker(ThreadPoolExecutor.java:1128)
	at java.base/java.util.concurrent.ThreadPoolExecutor$Worker.run(ThreadPoolExecutor.java:628)
	... 1 more
java.util.concurrent.ExecutionException: jetbrains.exodus.ExodusException
	at java.base/java.util.concurrent.FutureTask.report(FutureTask.java:122)
	at java.base/java.util.concurrent.FutureTask.get(FutureTask.java:191)
	at jetbrains.exodus.newLogConcept.MVCC.MVCCDataStructure.commitTransaction(MVCCDataStructure.java:299)
	at site.ycsb.db.XodusClient.insert(XodusClient.java:60)
	at site.ycsb.DBWrapper.insert(DBWrapper.java:227)
	at site.ycsb.workloads.CoreWorkload.doInsert(CoreWorkload.java:621)
	at site.ycsb.ClientThread.run(ClientThread.java:135)
	at java.base/java.lang.Thread.run(Thread.java:829)
Caused by: jetbrains.exodus.ExodusException
	at jetbrains.exodus.newLogConcept.garbageCollector.OperationLogGarbageCollector.moveAndRemoveRecordsFromLog(OperationLogGarbageCollector.java:69)
	at jetbrains.exodus.newLogConcept.garbageCollector.OperationLogGarbageCollector.clean(OperationLogGarbageCollector.java:51)
	at jetbrains.exodus.newLogConcept.MVCC.MVCCDataStructure.lambda$commitTransaction$1(MVCCDataStructure.java:297)
	at java.base/java.util.concurrent.Executors$RunnableAdapter.call(Executors.java:515)
	at java.base/java.util.concurrent.FutureTask.run(FutureTask.java:264)
	at java.base/java.util.concurrent.ThreadPoolExecutor.runWorker(ThreadPoolExecutor.java:1128)
	at java.base/java.util.concurrent.ThreadPoolExecutor$Worker.run(ThreadPoolExecutor.java:628)
	... 1 more
java.util.concurrent.ExecutionException: jetbrains.exodus.ExodusException
	at java.base/java.util.concurrent.FutureTask.report(FutureTask.java:122)
	at java.base/java.util.concurrent.FutureTask.get(FutureTask.java:191)
	at jetbrains.exodus.newLogConcept.MVCC.MVCCDataStructure.commitTransaction(MVCCDataStructure.java:299)
	at site.ycsb.db.XodusClient.insert(XodusClient.java:60)
	at site.ycsb.DBWrapper.insert(DBWrapper.java:227)
	at site.ycsb.workloads.CoreWorkload.doInsert(CoreWorkload.java:621)
	at site.ycsb.ClientThread.run(ClientThread.java:135)
	at java.base/java.lang.Thread.run(Thread.java:829)
Caused by: jetbrains.exodus.ExodusException
	at jetbrains.exodus.newLogConcept.garbageCollector.OperationLogGarbageCollector.moveAndRemoveRecordsFromLog(OperationLogGarbageCollector.java:69)
	at jetbrains.exodus.newLogConcept.garbageCollector.OperationLogGarbageCollector.clean(OperationLogGarbageCollector.java:51)
	at jetbrains.exodus.newLogConcept.MVCC.MVCCDataStructure.lambda$commitTransaction$1(MVCCDataStructure.java:297)
	at java.base/java.util.concurrent.Executors$RunnableAdapter.call(Executors.java:515)
	at java.base/java.util.concurrent.FutureTask.run(FutureTask.java:264)
	at java.base/java.util.concurrent.ThreadPoolExecutor.runWorker(ThreadPoolExecutor.java:1128)
	at java.base/java.util.concurrent.ThreadPoolExecutor$Worker.run(ThreadPoolExecutor.java:628)
	... 1 more
java.util.concurrent.ExecutionException: jetbrains.exodus.ExodusException
	at java.base/java.util.concurrent.FutureTask.report(FutureTask.java:122)
	at java.base/java.util.concurrent.FutureTask.get(FutureTask.java:191)
	at jetbrains.exodus.newLogConcept.MVCC.MVCCDataStructure.commitTransaction(MVCCDataStructure.java:299)
	at site.ycsb.db.XodusClient.insert(XodusClient.java:60)
	at site.ycsb.DBWrapper.insert(DBWrapper.java:227)
	at site.ycsb.workloads.CoreWorkload.doInsert(CoreWorkload.java:621)
	at site.ycsb.ClientThread.run(ClientThread.java:135)
	at java.base/java.lang.Thread.run(Thread.java:829)
Caused by: jetbrains.exodus.ExodusException
	at jetbrains.exodus.newLogConcept.garbageCollector.OperationLogGarbageCollector.moveAndRemoveRecordsFromLog(OperationLogGarbageCollector.java:69)
	at jetbrains.exodus.newLogConcept.garbageCollector.OperationLogGarbageCollector.clean(OperationLogGarbageCollector.java:51)
	at jetbrains.exodus.newLogConcept.MVCC.MVCCDataStructure.lambda$commitTransaction$1(MVCCDataStructure.java:297)
	at java.base/java.util.concurrent.Executors$RunnableAdapter.call(Executors.java:515)
	at java.base/java.util.concurrent.FutureTask.run(FutureTask.java:264)
	at java.base/java.util.concurrent.ThreadPoolExecutor.runWorker(ThreadPoolExecutor.java:1128)
	at java.base/java.util.concurrent.ThreadPoolExecutor$Worker.run(ThreadPoolExecutor.java:628)
	... 1 more
java.util.concurrent.ExecutionException: jetbrains.exodus.ExodusException
	at java.base/java.util.concurrent.FutureTask.report(FutureTask.java:122)
	at java.base/java.util.concurrent.FutureTask.get(FutureTask.java:191)
	at jetbrains.exodus.newLogConcept.MVCC.MVCCDataStructure.commitTransaction(MVCCDataStructure.java:299)
	at site.ycsb.db.XodusClient.insert(XodusClient.java:60)
	at site.ycsb.DBWrapper.insert(DBWrapper.java:227)
	at site.ycsb.workloads.CoreWorkload.doInsert(CoreWorkload.java:621)
	at site.ycsb.ClientThread.run(ClientThread.java:135)
	at java.base/java.lang.Thread.run(Thread.java:829)
Caused by: jetbrains.exodus.ExodusException
	at jetbrains.exodus.newLogConcept.garbageCollector.OperationLogGarbageCollector.moveAndRemoveRecordsFromLog(OperationLogGarbageCollector.java:69)
	at jetbrains.exodus.newLogConcept.garbageCollector.OperationLogGarbageCollector.clean(OperationLogGarbageCollector.java:51)
	at jetbrains.exodus.newLogConcept.MVCC.MVCCDataStructure.lambda$commitTransaction$1(MVCCDataStructure.java:297)
	at java.base/java.util.concurrent.Executors$RunnableAdapter.call(Executors.java:515)
	at java.base/java.util.concurrent.FutureTask.run(FutureTask.java:264)
	at java.base/java.util.concurrent.ThreadPoolExecutor.runWorker(ThreadPoolExecutor.java:1128)
	at java.base/java.util.concurrent.ThreadPoolExecutor$Worker.run(ThreadPoolExecutor.java:628)
	... 1 more
java.util.concurrent.ExecutionException: jetbrains.exodus.ExodusException
	at java.base/java.util.concurrent.FutureTask.report(FutureTask.java:122)
	at java.base/java.util.concurrent.FutureTask.get(FutureTask.java:191)
	at jetbrains.exodus.newLogConcept.MVCC.MVCCDataStructure.commitTransaction(MVCCDataStructure.java:299)
	at site.ycsb.db.XodusClient.insert(XodusClient.java:60)
	at site.ycsb.DBWrapper.insert(DBWrapper.java:227)
	at site.ycsb.workloads.CoreWorkload.doInsert(CoreWorkload.java:621)
	at site.ycsb.ClientThread.run(ClientThread.java:135)
	at java.base/java.lang.Thread.run(Thread.java:829)
Caused by: jetbrains.exodus.ExodusException
	at jetbrains.exodus.newLogConcept.garbageCollector.OperationLogGarbageCollector.moveAndRemoveRecordsFromLog(OperationLogGarbageCollector.java:69)
	at jetbrains.exodus.newLogConcept.garbageCollector.OperationLogGarbageCollector.clean(OperationLogGarbageCollector.java:51)
	at jetbrains.exodus.newLogConcept.MVCC.MVCCDataStructure.lambda$commitTransaction$1(MVCCDataStructure.java:297)
	at java.base/java.util.concurrent.Executors$RunnableAdapter.call(Executors.java:515)
	at java.base/java.util.concurrent.FutureTask.run(FutureTask.java:264)
	at java.base/java.util.concurrent.ThreadPoolExecutor.runWorker(ThreadPoolExecutor.java:1128)
	at java.base/java.util.concurrent.ThreadPoolExecutor$Worker.run(ThreadPoolExecutor.java:628)
	... 1 more
java.util.concurrent.ExecutionException: jetbrains.exodus.ExodusException
	at java.base/java.util.concurrent.FutureTask.report(FutureTask.java:122)
	at java.base/java.util.concurrent.FutureTask.get(FutureTask.java:191)
	at jetbrains.exodus.newLogConcept.MVCC.MVCCDataStructure.commitTransaction(MVCCDataStructure.java:299)
	at site.ycsb.db.XodusClient.insert(XodusClient.java:60)
	at site.ycsb.DBWrapper.insert(DBWrapper.java:227)
	at site.ycsb.workloads.CoreWorkload.doInsert(CoreWorkload.java:621)
	at site.ycsb.ClientThread.run(ClientThread.java:135)
	at java.base/java.lang.Thread.run(Thread.java:829)
Caused by: jetbrains.exodus.ExodusException
	at jetbrains.exodus.newLogConcept.garbageCollector.OperationLogGarbageCollector.moveAndRemoveRecordsFromLog(OperationLogGarbageCollector.java:69)
	at jetbrains.exodus.newLogConcept.garbageCollector.OperationLogGarbageCollector.clean(OperationLogGarbageCollector.java:51)
	at jetbrains.exodus.newLogConcept.MVCC.MVCCDataStructure.lambda$commitTransaction$1(MVCCDataStructure.java:297)
	at java.base/java.util.concurrent.Executors$RunnableAdapter.call(Executors.java:515)
	at java.base/java.util.concurrent.FutureTask.run(FutureTask.java:264)
	at java.base/java.util.concurrent.ThreadPoolExecutor.runWorker(ThreadPoolExecutor.java:1128)
	at java.base/java.util.concurrent.ThreadPoolExecutor$Worker.run(ThreadPoolExecutor.java:628)
	... 1 more
java.util.concurrent.ExecutionException: jetbrains.exodus.ExodusException
	at java.base/java.util.concurrent.FutureTask.report(FutureTask.java:122)
	at java.base/java.util.concurrent.FutureTask.get(FutureTask.java:191)
	at jetbrains.exodus.newLogConcept.MVCC.MVCCDataStructure.commitTransaction(MVCCDataStructure.java:299)
	at site.ycsb.db.XodusClient.insert(XodusClient.java:60)
	at site.ycsb.DBWrapper.insert(DBWrapper.java:227)
	at site.ycsb.workloads.CoreWorkload.doInsert(CoreWorkload.java:621)
	at site.ycsb.ClientThread.run(ClientThread.java:135)
	at java.base/java.lang.Thread.run(Thread.java:829)
Caused by: jetbrains.exodus.ExodusException
	at jetbrains.exodus.newLogConcept.garbageCollector.OperationLogGarbageCollector.moveAndRemoveRecordsFromLog(OperationLogGarbageCollector.java:69)
	at jetbrains.exodus.newLogConcept.garbageCollector.OperationLogGarbageCollector.clean(OperationLogGarbageCollector.java:51)
	at jetbrains.exodus.newLogConcept.MVCC.MVCCDataStructure.lambda$commitTransaction$1(MVCCDataStructure.java:297)
	at java.base/java.util.concurrent.Executors$RunnableAdapter.call(Executors.java:515)
	at java.base/java.util.concurrent.FutureTask.run(FutureTask.java:264)
	at java.base/java.util.concurrent.ThreadPoolExecutor.runWorker(ThreadPoolExecutor.java:1128)
	at java.base/java.util.concurrent.ThreadPoolExecutor$Worker.run(ThreadPoolExecutor.java:628)
	... 1 more
java.util.concurrent.ExecutionException: jetbrains.exodus.ExodusException
	at java.base/java.util.concurrent.FutureTask.report(FutureTask.java:122)
	at java.base/java.util.concurrent.FutureTask.get(FutureTask.java:191)
	at jetbrains.exodus.newLogConcept.MVCC.MVCCDataStructure.commitTransaction(MVCCDataStructure.java:299)
	at site.ycsb.db.XodusClient.insert(XodusClient.java:60)
	at site.ycsb.DBWrapper.insert(DBWrapper.java:227)
	at site.ycsb.workloads.CoreWorkload.doInsert(CoreWorkload.java:621)
	at site.ycsb.ClientThread.run(ClientThread.java:135)
	at java.base/java.lang.Thread.run(Thread.java:829)
Caused by: jetbrains.exodus.ExodusException
	at jetbrains.exodus.newLogConcept.garbageCollector.OperationLogGarbageCollector.moveAndRemoveRecordsFromLog(OperationLogGarbageCollector.java:69)
	at jetbrains.exodus.newLogConcept.garbageCollector.OperationLogGarbageCollector.clean(OperationLogGarbageCollector.java:51)
	at jetbrains.exodus.newLogConcept.MVCC.MVCCDataStructure.lambda$commitTransaction$1(MVCCDataStructure.java:297)
	at java.base/java.util.concurrent.Executors$RunnableAdapter.call(Executors.java:515)
	at java.base/java.util.concurrent.FutureTask.run(FutureTask.java:264)
	at java.base/java.util.concurrent.ThreadPoolExecutor.runWorker(ThreadPoolExecutor.java:1128)
	at java.base/java.util.concurrent.ThreadPoolExecutor$Worker.run(ThreadPoolExecutor.java:628)
	... 1 more
java.util.concurrent.ExecutionException: jetbrains.exodus.ExodusException
	at java.base/java.util.concurrent.FutureTask.report(FutureTask.java:122)
	at java.base/java.util.concurrent.FutureTask.get(FutureTask.java:191)
	at jetbrains.exodus.newLogConcept.MVCC.MVCCDataStructure.commitTransaction(MVCCDataStructure.java:299)
	at site.ycsb.db.XodusClient.insert(XodusClient.java:60)
	at site.ycsb.DBWrapper.insert(DBWrapper.java:227)
	at site.ycsb.workloads.CoreWorkload.doInsert(CoreWorkload.java:621)
	at site.ycsb.ClientThread.run(ClientThread.java:135)
	at java.base/java.lang.Thread.run(Thread.java:829)
Caused by: jetbrains.exodus.ExodusException
	at jetbrains.exodus.newLogConcept.garbageCollector.OperationLogGarbageCollector.moveAndRemoveRecordsFromLog(OperationLogGarbageCollector.java:69)
	at jetbrains.exodus.newLogConcept.garbageCollector.OperationLogGarbageCollector.clean(OperationLogGarbageCollector.java:51)
	at jetbrains.exodus.newLogConcept.MVCC.MVCCDataStructure.lambda$commitTransaction$1(MVCCDataStructure.java:297)
	at java.base/java.util.concurrent.Executors$RunnableAdapter.call(Executors.java:515)
	at java.base/java.util.concurrent.FutureTask.run(FutureTask.java:264)
	at java.base/java.util.concurrent.ThreadPoolExecutor.runWorker(ThreadPoolExecutor.java:1128)
	at java.base/java.util.concurrent.ThreadPoolExecutor$Worker.run(ThreadPoolExecutor.java:628)
	... 1 more
java.util.concurrent.ExecutionException: jetbrains.exodus.ExodusException
	at java.base/java.util.concurrent.FutureTask.report(FutureTask.java:122)
	at java.base/java.util.concurrent.FutureTask.get(FutureTask.java:191)
	at jetbrains.exodus.newLogConcept.MVCC.MVCCDataStructure.commitTransaction(MVCCDataStructure.java:299)
	at site.ycsb.db.XodusClient.insert(XodusClient.java:60)
	at site.ycsb.DBWrapper.insert(DBWrapper.java:227)
	at site.ycsb.workloads.CoreWorkload.doInsert(CoreWorkload.java:621)
	at site.ycsb.ClientThread.run(ClientThread.java:135)
	at java.base/java.lang.Thread.run(Thread.java:829)
Caused by: jetbrains.exodus.ExodusException
	at jetbrains.exodus.newLogConcept.garbageCollector.OperationLogGarbageCollector.moveAndRemoveRecordsFromLog(OperationLogGarbageCollector.java:69)
	at jetbrains.exodus.newLogConcept.garbageCollector.OperationLogGarbageCollector.clean(OperationLogGarbageCollector.java:51)
	at jetbrains.exodus.newLogConcept.MVCC.MVCCDataStructure.lambda$commitTransaction$1(MVCCDataStructure.java:297)
	at java.base/java.util.concurrent.Executors$RunnableAdapter.call(Executors.java:515)
	at java.base/java.util.concurrent.FutureTask.run(FutureTask.java:264)
	at java.base/java.util.concurrent.ThreadPoolExecutor.runWorker(ThreadPoolExecutor.java:1128)
	at java.base/java.util.concurrent.ThreadPoolExecutor$Worker.run(ThreadPoolExecutor.java:628)
	... 1 more
java.util.concurrent.ExecutionException: jetbrains.exodus.ExodusException
	at java.base/java.util.concurrent.FutureTask.report(FutureTask.java:122)
	at java.base/java.util.concurrent.FutureTask.get(FutureTask.java:191)
	at jetbrains.exodus.newLogConcept.MVCC.MVCCDataStructure.commitTransaction(MVCCDataStructure.java:299)
	at site.ycsb.db.XodusClient.insert(XodusClient.java:60)
	at site.ycsb.DBWrapper.insert(DBWrapper.java:227)
	at site.ycsb.workloads.CoreWorkload.doInsert(CoreWorkload.java:621)
	at site.ycsb.ClientThread.run(ClientThread.java:135)
	at java.base/java.lang.Thread.run(Thread.java:829)
Caused by: jetbrains.exodus.ExodusException
	at jetbrains.exodus.newLogConcept.garbageCollector.OperationLogGarbageCollector.moveAndRemoveRecordsFromLog(OperationLogGarbageCollector.java:69)
	at jetbrains.exodus.newLogConcept.garbageCollector.OperationLogGarbageCollector.clean(OperationLogGarbageCollector.java:51)
	at jetbrains.exodus.newLogConcept.MVCC.MVCCDataStructure.lambda$commitTransaction$1(MVCCDataStructure.java:297)
	at java.base/java.util.concurrent.Executors$RunnableAdapter.call(Executors.java:515)
	at java.base/java.util.concurrent.FutureTask.run(FutureTask.java:264)
	at java.base/java.util.concurrent.ThreadPoolExecutor.runWorker(ThreadPoolExecutor.java:1128)
	at java.base/java.util.concurrent.ThreadPoolExecutor$Worker.run(ThreadPoolExecutor.java:628)
	... 1 more
java.util.concurrent.ExecutionException: jetbrains.exodus.ExodusException
	at java.base/java.util.concurrent.FutureTask.report(FutureTask.java:122)
	at java.base/java.util.concurrent.FutureTask.get(FutureTask.java:191)
	at jetbrains.exodus.newLogConcept.MVCC.MVCCDataStructure.commitTransaction(MVCCDataStructure.java:299)
	at site.ycsb.db.XodusClient.insert(XodusClient.java:60)
	at site.ycsb.DBWrapper.insert(DBWrapper.java:227)
	at site.ycsb.workloads.CoreWorkload.doInsert(CoreWorkload.java:621)
	at site.ycsb.ClientThread.run(ClientThread.java:135)
	at java.base/java.lang.Thread.run(Thread.java:829)
Caused by: jetbrains.exodus.ExodusException
	at jetbrains.exodus.newLogConcept.garbageCollector.OperationLogGarbageCollector.moveAndRemoveRecordsFromLog(OperationLogGarbageCollector.java:69)
	at jetbrains.exodus.newLogConcept.garbageCollector.OperationLogGarbageCollector.clean(OperationLogGarbageCollector.java:51)
	at jetbrains.exodus.newLogConcept.MVCC.MVCCDataStructure.lambda$commitTransaction$1(MVCCDataStructure.java:297)
	at java.base/java.util.concurrent.Executors$RunnableAdapter.call(Executors.java:515)
	at java.base/java.util.concurrent.FutureTask.run(FutureTask.java:264)
	at java.base/java.util.concurrent.ThreadPoolExecutor.runWorker(ThreadPoolExecutor.java:1128)
	at java.base/java.util.concurrent.ThreadPoolExecutor$Worker.run(ThreadPoolExecutor.java:628)
	... 1 more
java.util.concurrent.ExecutionException: jetbrains.exodus.ExodusException
	at java.base/java.util.concurrent.FutureTask.report(FutureTask.java:122)
	at java.base/java.util.concurrent.FutureTask.get(FutureTask.java:191)
	at jetbrains.exodus.newLogConcept.MVCC.MVCCDataStructure.commitTransaction(MVCCDataStructure.java:299)
	at site.ycsb.db.XodusClient.insert(XodusClient.java:60)
	at site.ycsb.DBWrapper.insert(DBWrapper.java:227)
	at site.ycsb.workloads.CoreWorkload.doInsert(CoreWorkload.java:621)
	at site.ycsb.ClientThread.run(ClientThread.java:135)
	at java.base/java.lang.Thread.run(Thread.java:829)
Caused by: jetbrains.exodus.ExodusException
	at jetbrains.exodus.newLogConcept.garbageCollector.OperationLogGarbageCollector.moveAndRemoveRecordsFromLog(OperationLogGarbageCollector.java:69)
	at jetbrains.exodus.newLogConcept.garbageCollector.OperationLogGarbageCollector.clean(OperationLogGarbageCollector.java:51)
	at jetbrains.exodus.newLogConcept.MVCC.MVCCDataStructure.lambda$commitTransaction$1(MVCCDataStructure.java:297)
	at java.base/java.util.concurrent.Executors$RunnableAdapter.call(Executors.java:515)
	at java.base/java.util.concurrent.FutureTask.run(FutureTask.java:264)
	at java.base/java.util.concurrent.ThreadPoolExecutor.runWorker(ThreadPoolExecutor.java:1128)
	at java.base/java.util.concurrent.ThreadPoolExecutor$Worker.run(ThreadPoolExecutor.java:628)
	... 1 more
java.util.concurrent.ExecutionException: jetbrains.exodus.ExodusException
	at java.base/java.util.concurrent.FutureTask.report(FutureTask.java:122)
	at java.base/java.util.concurrent.FutureTask.get(FutureTask.java:191)
	at jetbrains.exodus.newLogConcept.MVCC.MVCCDataStructure.commitTransaction(MVCCDataStructure.java:299)
	at site.ycsb.db.XodusClient.insert(XodusClient.java:60)
	at site.ycsb.DBWrapper.insert(DBWrapper.java:227)
	at site.ycsb.workloads.CoreWorkload.doInsert(CoreWorkload.java:621)
	at site.ycsb.ClientThread.run(ClientThread.java:135)
	at java.base/java.lang.Thread.run(Thread.java:829)
Caused by: jetbrains.exodus.ExodusException
	at jetbrains.exodus.newLogConcept.garbageCollector.OperationLogGarbageCollector.moveAndRemoveRecordsFromLog(OperationLogGarbageCollector.java:69)
	at jetbrains.exodus.newLogConcept.garbageCollector.OperationLogGarbageCollector.clean(OperationLogGarbageCollector.java:51)
	at jetbrains.exodus.newLogConcept.MVCC.MVCCDataStructure.lambda$commitTransaction$1(MVCCDataStructure.java:297)
	at java.base/java.util.concurrent.Executors$RunnableAdapter.call(Executors.java:515)
	at java.base/java.util.concurrent.FutureTask.run(FutureTask.java:264)
	at java.base/java.util.concurrent.ThreadPoolExecutor.runWorker(ThreadPoolExecutor.java:1128)
	at java.base/java.util.concurrent.ThreadPoolExecutor$Worker.run(ThreadPoolExecutor.java:628)
	... 1 more
java.util.concurrent.ExecutionException: jetbrains.exodus.ExodusException
	at java.base/java.util.concurrent.FutureTask.report(FutureTask.java:122)
	at java.base/java.util.concurrent.FutureTask.get(FutureTask.java:191)
	at jetbrains.exodus.newLogConcept.MVCC.MVCCDataStructure.commitTransaction(MVCCDataStructure.java:299)
	at site.ycsb.db.XodusClient.insert(XodusClient.java:60)
	at site.ycsb.DBWrapper.insert(DBWrapper.java:227)
	at site.ycsb.workloads.CoreWorkload.doInsert(CoreWorkload.java:621)
	at site.ycsb.ClientThread.run(ClientThread.java:135)
	at java.base/java.lang.Thread.run(Thread.java:829)
Caused by: jetbrains.exodus.ExodusException
	at jetbrains.exodus.newLogConcept.garbageCollector.OperationLogGarbageCollector.moveAndRemoveRecordsFromLog(OperationLogGarbageCollector.java:69)
	at jetbrains.exodus.newLogConcept.garbageCollector.OperationLogGarbageCollector.clean(OperationLogGarbageCollector.java:51)
	at jetbrains.exodus.newLogConcept.MVCC.MVCCDataStructure.lambda$commitTransaction$1(MVCCDataStructure.java:297)
	at java.base/java.util.concurrent.Executors$RunnableAdapter.call(Executors.java:515)
	at java.base/java.util.concurrent.FutureTask.run(FutureTask.java:264)
	at java.base/java.util.concurrent.ThreadPoolExecutor.runWorker(ThreadPoolExecutor.java:1128)
	at java.base/java.util.concurrent.ThreadPoolExecutor$Worker.run(ThreadPoolExecutor.java:628)
	... 1 more
java.util.concurrent.ExecutionException: jetbrains.exodus.ExodusException
	at java.base/java.util.concurrent.FutureTask.report(FutureTask.java:122)
	at java.base/java.util.concurrent.FutureTask.get(FutureTask.java:191)
	at jetbrains.exodus.newLogConcept.MVCC.MVCCDataStructure.commitTransaction(MVCCDataStructure.java:299)
	at site.ycsb.db.XodusClient.insert(XodusClient.java:60)
	at site.ycsb.DBWrapper.insert(DBWrapper.java:227)
	at site.ycsb.workloads.CoreWorkload.doInsert(CoreWorkload.java:621)
	at site.ycsb.ClientThread.run(ClientThread.java:135)
	at java.base/java.lang.Thread.run(Thread.java:829)
Caused by: jetbrains.exodus.ExodusException
	at jetbrains.exodus.newLogConcept.garbageCollector.OperationLogGarbageCollector.moveAndRemoveRecordsFromLog(OperationLogGarbageCollector.java:69)
	at jetbrains.exodus.newLogConcept.garbageCollector.OperationLogGarbageCollector.clean(OperationLogGarbageCollector.java:51)
	at jetbrains.exodus.newLogConcept.MVCC.MVCCDataStructure.lambda$commitTransaction$1(MVCCDataStructure.java:297)
	at java.base/java.util.concurrent.Executors$RunnableAdapter.call(Executors.java:515)
	at java.base/java.util.concurrent.FutureTask.run(FutureTask.java:264)
	at java.base/java.util.concurrent.ThreadPoolExecutor.runWorker(ThreadPoolExecutor.java:1128)
	at java.base/java.util.concurrent.ThreadPoolExecutor$Worker.run(ThreadPoolExecutor.java:628)
	... 1 more
java.util.concurrent.ExecutionException: jetbrains.exodus.ExodusException
	at java.base/java.util.concurrent.FutureTask.report(FutureTask.java:122)
	at java.base/java.util.concurrent.FutureTask.get(FutureTask.java:191)
	at jetbrains.exodus.newLogConcept.MVCC.MVCCDataStructure.commitTransaction(MVCCDataStructure.java:299)
	at site.ycsb.db.XodusClient.insert(XodusClient.java:60)
	at site.ycsb.DBWrapper.insert(DBWrapper.java:227)
	at site.ycsb.workloads.CoreWorkload.doInsert(CoreWorkload.java:621)
	at site.ycsb.ClientThread.run(ClientThread.java:135)
	at java.base/java.lang.Thread.run(Thread.java:829)
Caused by: jetbrains.exodus.ExodusException
	at jetbrains.exodus.newLogConcept.garbageCollector.OperationLogGarbageCollector.moveAndRemoveRecordsFromLog(OperationLogGarbageCollector.java:69)
	at jetbrains.exodus.newLogConcept.garbageCollector.OperationLogGarbageCollector.clean(OperationLogGarbageCollector.java:51)
	at jetbrains.exodus.newLogConcept.MVCC.MVCCDataStructure.lambda$commitTransaction$1(MVCCDataStructure.java:297)
	at java.base/java.util.concurrent.Executors$RunnableAdapter.call(Executors.java:515)
	at java.base/java.util.concurrent.FutureTask.run(FutureTask.java:264)
	at java.base/java.util.concurrent.ThreadPoolExecutor.runWorker(ThreadPoolExecutor.java:1128)
	at java.base/java.util.concurrent.ThreadPoolExecutor$Worker.run(ThreadPoolExecutor.java:628)
	... 1 more
java.util.concurrent.ExecutionException: jetbrains.exodus.ExodusException
	at java.base/java.util.concurrent.FutureTask.report(FutureTask.java:122)
	at java.base/java.util.concurrent.FutureTask.get(FutureTask.java:191)
	at jetbrains.exodus.newLogConcept.MVCC.MVCCDataStructure.commitTransaction(MVCCDataStructure.java:299)
	at site.ycsb.db.XodusClient.insert(XodusClient.java:60)
	at site.ycsb.DBWrapper.insert(DBWrapper.java:227)
	at site.ycsb.workloads.CoreWorkload.doInsert(CoreWorkload.java:621)
	at site.ycsb.ClientThread.run(ClientThread.java:135)
	at java.base/java.lang.Thread.run(Thread.java:829)
Caused by: jetbrains.exodus.ExodusException
	at jetbrains.exodus.newLogConcept.garbageCollector.OperationLogGarbageCollector.moveAndRemoveRecordsFromLog(OperationLogGarbageCollector.java:69)
	at jetbrains.exodus.newLogConcept.garbageCollector.OperationLogGarbageCollector.clean(OperationLogGarbageCollector.java:51)
	at jetbrains.exodus.newLogConcept.MVCC.MVCCDataStructure.lambda$commitTransaction$1(MVCCDataStructure.java:297)
	at java.base/java.util.concurrent.Executors$RunnableAdapter.call(Executors.java:515)
	at java.base/java.util.concurrent.FutureTask.run(FutureTask.java:264)
	at java.base/java.util.concurrent.ThreadPoolExecutor.runWorker(ThreadPoolExecutor.java:1128)
	at java.base/java.util.concurrent.ThreadPoolExecutor$Worker.run(ThreadPoolExecutor.java:628)
	... 1 more
java.util.concurrent.ExecutionException: jetbrains.exodus.ExodusException
	at java.base/java.util.concurrent.FutureTask.report(FutureTask.java:122)
	at java.base/java.util.concurrent.FutureTask.get(FutureTask.java:191)
	at jetbrains.exodus.newLogConcept.MVCC.MVCCDataStructure.commitTransaction(MVCCDataStructure.java:299)
	at site.ycsb.db.XodusClient.insert(XodusClient.java:60)
	at site.ycsb.DBWrapper.insert(DBWrapper.java:227)
	at site.ycsb.workloads.CoreWorkload.doInsert(CoreWorkload.java:621)
	at site.ycsb.ClientThread.run(ClientThread.java:135)
	at java.base/java.lang.Thread.run(Thread.java:829)
Caused by: jetbrains.exodus.ExodusException
	at jetbrains.exodus.newLogConcept.garbageCollector.OperationLogGarbageCollector.moveAndRemoveRecordsFromLog(OperationLogGarbageCollector.java:69)
	at jetbrains.exodus.newLogConcept.garbageCollector.OperationLogGarbageCollector.clean(OperationLogGarbageCollector.java:51)
	at jetbrains.exodus.newLogConcept.MVCC.MVCCDataStructure.lambda$commitTransaction$1(MVCCDataStructure.java:297)
	at java.base/java.util.concurrent.Executors$RunnableAdapter.call(Executors.java:515)
	at java.base/java.util.concurrent.FutureTask.run(FutureTask.java:264)
	at java.base/java.util.concurrent.ThreadPoolExecutor.runWorker(ThreadPoolExecutor.java:1128)
	at java.base/java.util.concurrent.ThreadPoolExecutor$Worker.run(ThreadPoolExecutor.java:628)
	... 1 more
java.util.concurrent.ExecutionException: jetbrains.exodus.ExodusException
	at java.base/java.util.concurrent.FutureTask.report(FutureTask.java:122)
	at java.base/java.util.concurrent.FutureTask.get(FutureTask.java:191)
	at jetbrains.exodus.newLogConcept.MVCC.MVCCDataStructure.commitTransaction(MVCCDataStructure.java:299)
	at site.ycsb.db.XodusClient.insert(XodusClient.java:60)
	at site.ycsb.DBWrapper.insert(DBWrapper.java:227)
	at site.ycsb.workloads.CoreWorkload.doInsert(CoreWorkload.java:621)
	at site.ycsb.ClientThread.run(ClientThread.java:135)
	at java.base/java.lang.Thread.run(Thread.java:829)
Caused by: jetbrains.exodus.ExodusException
	at jetbrains.exodus.newLogConcept.garbageCollector.OperationLogGarbageCollector.moveAndRemoveRecordsFromLog(OperationLogGarbageCollector.java:69)
	at jetbrains.exodus.newLogConcept.garbageCollector.OperationLogGarbageCollector.clean(OperationLogGarbageCollector.java:51)
	at jetbrains.exodus.newLogConcept.MVCC.MVCCDataStructure.lambda$commitTransaction$1(MVCCDataStructure.java:297)
	at java.base/java.util.concurrent.Executors$RunnableAdapter.call(Executors.java:515)
	at java.base/java.util.concurrent.FutureTask.run(FutureTask.java:264)
	at java.base/java.util.concurrent.ThreadPoolExecutor.runWorker(ThreadPoolExecutor.java:1128)
	at java.base/java.util.concurrent.ThreadPoolExecutor$Worker.run(ThreadPoolExecutor.java:628)
	... 1 more
java.util.concurrent.ExecutionException: jetbrains.exodus.ExodusException
	at java.base/java.util.concurrent.FutureTask.report(FutureTask.java:122)
	at java.base/java.util.concurrent.FutureTask.get(FutureTask.java:191)
	at jetbrains.exodus.newLogConcept.MVCC.MVCCDataStructure.commitTransaction(MVCCDataStructure.java:299)
	at site.ycsb.db.XodusClient.insert(XodusClient.java:60)
	at site.ycsb.DBWrapper.insert(DBWrapper.java:227)
	at site.ycsb.workloads.CoreWorkload.doInsert(CoreWorkload.java:621)
	at site.ycsb.ClientThread.run(ClientThread.java:135)
	at java.base/java.lang.Thread.run(Thread.java:829)
Caused by: jetbrains.exodus.ExodusException
	at jetbrains.exodus.newLogConcept.garbageCollector.OperationLogGarbageCollector.moveAndRemoveRecordsFromLog(OperationLogGarbageCollector.java:69)
	at jetbrains.exodus.newLogConcept.garbageCollector.OperationLogGarbageCollector.clean(OperationLogGarbageCollector.java:51)
	at jetbrains.exodus.newLogConcept.MVCC.MVCCDataStructure.lambda$commitTransaction$1(MVCCDataStructure.java:297)
	at java.base/java.util.concurrent.Executors$RunnableAdapter.call(Executors.java:515)
	at java.base/java.util.concurrent.FutureTask.run(FutureTask.java:264)
	at java.base/java.util.concurrent.ThreadPoolExecutor.runWorker(ThreadPoolExecutor.java:1128)
	at java.base/java.util.concurrent.ThreadPoolExecutor$Worker.run(ThreadPoolExecutor.java:628)
	... 1 more
java.util.concurrent.ExecutionException: jetbrains.exodus.ExodusException
	at java.base/java.util.concurrent.FutureTask.report(FutureTask.java:122)
	at java.base/java.util.concurrent.FutureTask.get(FutureTask.java:191)
	at jetbrains.exodus.newLogConcept.MVCC.MVCCDataStructure.commitTransaction(MVCCDataStructure.java:299)
	at site.ycsb.db.XodusClient.insert(XodusClient.java:60)
	at site.ycsb.DBWrapper.insert(DBWrapper.java:227)
	at site.ycsb.workloads.CoreWorkload.doInsert(CoreWorkload.java:621)
	at site.ycsb.ClientThread.run(ClientThread.java:135)
	at java.base/java.lang.Thread.run(Thread.java:829)
Caused by: jetbrains.exodus.ExodusException
	at jetbrains.exodus.newLogConcept.garbageCollector.OperationLogGarbageCollector.moveAndRemoveRecordsFromLog(OperationLogGarbageCollector.java:69)
	at jetbrains.exodus.newLogConcept.garbageCollector.OperationLogGarbageCollector.clean(OperationLogGarbageCollector.java:51)
	at jetbrains.exodus.newLogConcept.MVCC.MVCCDataStructure.lambda$commitTransaction$1(MVCCDataStructure.java:297)
	at java.base/java.util.concurrent.Executors$RunnableAdapter.call(Executors.java:515)
	at java.base/java.util.concurrent.FutureTask.run(FutureTask.java:264)
	at java.base/java.util.concurrent.ThreadPoolExecutor.runWorker(ThreadPoolExecutor.java:1128)
	at java.base/java.util.concurrent.ThreadPoolExecutor$Worker.run(ThreadPoolExecutor.java:628)
	... 1 more
java.util.concurrent.ExecutionException: jetbrains.exodus.ExodusException
	at java.base/java.util.concurrent.FutureTask.report(FutureTask.java:122)
	at java.base/java.util.concurrent.FutureTask.get(FutureTask.java:191)
	at jetbrains.exodus.newLogConcept.MVCC.MVCCDataStructure.commitTransaction(MVCCDataStructure.java:299)
	at site.ycsb.db.XodusClient.insert(XodusClient.java:60)
	at site.ycsb.DBWrapper.insert(DBWrapper.java:227)
	at site.ycsb.workloads.CoreWorkload.doInsert(CoreWorkload.java:621)
	at site.ycsb.ClientThread.run(ClientThread.java:135)
	at java.base/java.lang.Thread.run(Thread.java:829)
Caused by: jetbrains.exodus.ExodusException
	at jetbrains.exodus.newLogConcept.garbageCollector.OperationLogGarbageCollector.moveAndRemoveRecordsFromLog(OperationLogGarbageCollector.java:69)
	at jetbrains.exodus.newLogConcept.garbageCollector.OperationLogGarbageCollector.clean(OperationLogGarbageCollector.java:51)
	at jetbrains.exodus.newLogConcept.MVCC.MVCCDataStructure.lambda$commitTransaction$1(MVCCDataStructure.java:297)
	at java.base/java.util.concurrent.Executors$RunnableAdapter.call(Executors.java:515)
	at java.base/java.util.concurrent.FutureTask.run(FutureTask.java:264)
	at java.base/java.util.concurrent.ThreadPoolExecutor.runWorker(ThreadPoolExecutor.java:1128)
	at java.base/java.util.concurrent.ThreadPoolExecutor$Worker.run(ThreadPoolExecutor.java:628)
	... 1 more
java.util.concurrent.ExecutionException: jetbrains.exodus.ExodusException
	at java.base/java.util.concurrent.FutureTask.report(FutureTask.java:122)
	at java.base/java.util.concurrent.FutureTask.get(FutureTask.java:191)
	at jetbrains.exodus.newLogConcept.MVCC.MVCCDataStructure.commitTransaction(MVCCDataStructure.java:299)
	at site.ycsb.db.XodusClient.insert(XodusClient.java:60)
	at site.ycsb.DBWrapper.insert(DBWrapper.java:227)
	at site.ycsb.workloads.CoreWorkload.doInsert(CoreWorkload.java:621)
	at site.ycsb.ClientThread.run(ClientThread.java:135)
	at java.base/java.lang.Thread.run(Thread.java:829)
Caused by: jetbrains.exodus.ExodusException
	at jetbrains.exodus.newLogConcept.garbageCollector.OperationLogGarbageCollector.moveAndRemoveRecordsFromLog(OperationLogGarbageCollector.java:69)
	at jetbrains.exodus.newLogConcept.garbageCollector.OperationLogGarbageCollector.clean(OperationLogGarbageCollector.java:51)
	at jetbrains.exodus.newLogConcept.MVCC.MVCCDataStructure.lambda$commitTransaction$1(MVCCDataStructure.java:297)
	at java.base/java.util.concurrent.Executors$RunnableAdapter.call(Executors.java:515)
	at java.base/java.util.concurrent.FutureTask.run(FutureTask.java:264)
	at java.base/java.util.concurrent.ThreadPoolExecutor.runWorker(ThreadPoolExecutor.java:1128)
	at java.base/java.util.concurrent.ThreadPoolExecutor$Worker.run(ThreadPoolExecutor.java:628)
	... 1 more
java.util.concurrent.ExecutionException: jetbrains.exodus.ExodusException
	at java.base/java.util.concurrent.FutureTask.report(FutureTask.java:122)
	at java.base/java.util.concurrent.FutureTask.get(FutureTask.java:191)
	at jetbrains.exodus.newLogConcept.MVCC.MVCCDataStructure.commitTransaction(MVCCDataStructure.java:299)
	at site.ycsb.db.XodusClient.insert(XodusClient.java:60)
	at site.ycsb.DBWrapper.insert(DBWrapper.java:227)
	at site.ycsb.workloads.CoreWorkload.doInsert(CoreWorkload.java:621)
	at site.ycsb.ClientThread.run(ClientThread.java:135)
	at java.base/java.lang.Thread.run(Thread.java:829)
Caused by: jetbrains.exodus.ExodusException
	at jetbrains.exodus.newLogConcept.garbageCollector.OperationLogGarbageCollector.moveAndRemoveRecordsFromLog(OperationLogGarbageCollector.java:69)
	at jetbrains.exodus.newLogConcept.garbageCollector.OperationLogGarbageCollector.clean(OperationLogGarbageCollector.java:51)
	at jetbrains.exodus.newLogConcept.MVCC.MVCCDataStructure.lambda$commitTransaction$1(MVCCDataStructure.java:297)
	at java.base/java.util.concurrent.Executors$RunnableAdapter.call(Executors.java:515)
	at java.base/java.util.concurrent.FutureTask.run(FutureTask.java:264)
	at java.base/java.util.concurrent.ThreadPoolExecutor.runWorker(ThreadPoolExecutor.java:1128)
	at java.base/java.util.concurrent.ThreadPoolExecutor$Worker.run(ThreadPoolExecutor.java:628)
	... 1 more
java.util.concurrent.ExecutionException: jetbrains.exodus.ExodusException
	at java.base/java.util.concurrent.FutureTask.report(FutureTask.java:122)
	at java.base/java.util.concurrent.FutureTask.get(FutureTask.java:191)
	at jetbrains.exodus.newLogConcept.MVCC.MVCCDataStructure.commitTransaction(MVCCDataStructure.java:299)
	at site.ycsb.db.XodusClient.insert(XodusClient.java:60)
	at site.ycsb.DBWrapper.insert(DBWrapper.java:227)
	at site.ycsb.workloads.CoreWorkload.doInsert(CoreWorkload.java:621)
	at site.ycsb.ClientThread.run(ClientThread.java:135)
	at java.base/java.lang.Thread.run(Thread.java:829)
Caused by: jetbrains.exodus.ExodusException
	at jetbrains.exodus.newLogConcept.garbageCollector.OperationLogGarbageCollector.moveAndRemoveRecordsFromLog(OperationLogGarbageCollector.java:69)
	at jetbrains.exodus.newLogConcept.garbageCollector.OperationLogGarbageCollector.clean(OperationLogGarbageCollector.java:51)
	at jetbrains.exodus.newLogConcept.MVCC.MVCCDataStructure.lambda$commitTransaction$1(MVCCDataStructure.java:297)
	at java.base/java.util.concurrent.Executors$RunnableAdapter.call(Executors.java:515)
	at java.base/java.util.concurrent.FutureTask.run(FutureTask.java:264)
	at java.base/java.util.concurrent.ThreadPoolExecutor.runWorker(ThreadPoolExecutor.java:1128)
	at java.base/java.util.concurrent.ThreadPoolExecutor$Worker.run(ThreadPoolExecutor.java:628)
	... 1 more
java.util.concurrent.ExecutionException: jetbrains.exodus.ExodusException
	at java.base/java.util.concurrent.FutureTask.report(FutureTask.java:122)
	at java.base/java.util.concurrent.FutureTask.get(FutureTask.java:191)
	at jetbrains.exodus.newLogConcept.MVCC.MVCCDataStructure.commitTransaction(MVCCDataStructure.java:299)
	at site.ycsb.db.XodusClient.insert(XodusClient.java:60)
	at site.ycsb.DBWrapper.insert(DBWrapper.java:227)
	at site.ycsb.workloads.CoreWorkload.doInsert(CoreWorkload.java:621)
	at site.ycsb.ClientThread.run(ClientThread.java:135)
	at java.base/java.lang.Thread.run(Thread.java:829)
Caused by: jetbrains.exodus.ExodusException
	at jetbrains.exodus.newLogConcept.garbageCollector.OperationLogGarbageCollector.moveAndRemoveRecordsFromLog(OperationLogGarbageCollector.java:69)
	at jetbrains.exodus.newLogConcept.garbageCollector.OperationLogGarbageCollector.clean(OperationLogGarbageCollector.java:51)
	at jetbrains.exodus.newLogConcept.MVCC.MVCCDataStructure.lambda$commitTransaction$1(MVCCDataStructure.java:297)
	at java.base/java.util.concurrent.Executors$RunnableAdapter.call(Executors.java:515)
	at java.base/java.util.concurrent.FutureTask.run(FutureTask.java:264)
	at java.base/java.util.concurrent.ThreadPoolExecutor.runWorker(ThreadPoolExecutor.java:1128)
	at java.base/java.util.concurrent.ThreadPoolExecutor$Worker.run(ThreadPoolExecutor.java:628)
	... 1 more
java.util.concurrent.ExecutionException: jetbrains.exodus.ExodusException
	at java.base/java.util.concurrent.FutureTask.report(FutureTask.java:122)
	at java.base/java.util.concurrent.FutureTask.get(FutureTask.java:191)
	at jetbrains.exodus.newLogConcept.MVCC.MVCCDataStructure.commitTransaction(MVCCDataStructure.java:299)
	at site.ycsb.db.XodusClient.insert(XodusClient.java:60)
	at site.ycsb.DBWrapper.insert(DBWrapper.java:227)
	at site.ycsb.workloads.CoreWorkload.doInsert(CoreWorkload.java:621)
	at site.ycsb.ClientThread.run(ClientThread.java:135)
	at java.base/java.lang.Thread.run(Thread.java:829)
Caused by: jetbrains.exodus.ExodusException
	at jetbrains.exodus.newLogConcept.garbageCollector.OperationLogGarbageCollector.moveAndRemoveRecordsFromLog(OperationLogGarbageCollector.java:69)
	at jetbrains.exodus.newLogConcept.garbageCollector.OperationLogGarbageCollector.clean(OperationLogGarbageCollector.java:51)
	at jetbrains.exodus.newLogConcept.MVCC.MVCCDataStructure.lambda$commitTransaction$1(MVCCDataStructure.java:297)
	at java.base/java.util.concurrent.Executors$RunnableAdapter.call(Executors.java:515)
	at java.base/java.util.concurrent.FutureTask.run(FutureTask.java:264)
	at java.base/java.util.concurrent.ThreadPoolExecutor.runWorker(ThreadPoolExecutor.java:1128)
	at java.base/java.util.concurrent.ThreadPoolExecutor$Worker.run(ThreadPoolExecutor.java:628)
	... 1 more
java.util.concurrent.ExecutionException: jetbrains.exodus.ExodusException
	at java.base/java.util.concurrent.FutureTask.report(FutureTask.java:122)
	at java.base/java.util.concurrent.FutureTask.get(FutureTask.java:191)
	at jetbrains.exodus.newLogConcept.MVCC.MVCCDataStructure.commitTransaction(MVCCDataStructure.java:299)
	at site.ycsb.db.XodusClient.insert(XodusClient.java:60)
	at site.ycsb.DBWrapper.insert(DBWrapper.java:227)
	at site.ycsb.workloads.CoreWorkload.doInsert(CoreWorkload.java:621)
	at site.ycsb.ClientThread.run(ClientThread.java:135)
	at java.base/java.lang.Thread.run(Thread.java:829)
Caused by: jetbrains.exodus.ExodusException
	at jetbrains.exodus.newLogConcept.garbageCollector.OperationLogGarbageCollector.moveAndRemoveRecordsFromLog(OperationLogGarbageCollector.java:69)
	at jetbrains.exodus.newLogConcept.garbageCollector.OperationLogGarbageCollector.clean(OperationLogGarbageCollector.java:51)
	at jetbrains.exodus.newLogConcept.MVCC.MVCCDataStructure.lambda$commitTransaction$1(MVCCDataStructure.java:297)
	at java.base/java.util.concurrent.Executors$RunnableAdapter.call(Executors.java:515)
	at java.base/java.util.concurrent.FutureTask.run(FutureTask.java:264)
	at java.base/java.util.concurrent.ThreadPoolExecutor.runWorker(ThreadPoolExecutor.java:1128)
	at java.base/java.util.concurrent.ThreadPoolExecutor$Worker.run(ThreadPoolExecutor.java:628)
	... 1 more
java.util.concurrent.ExecutionException: jetbrains.exodus.ExodusException
	at java.base/java.util.concurrent.FutureTask.report(FutureTask.java:122)
	at java.base/java.util.concurrent.FutureTask.get(FutureTask.java:191)
	at jetbrains.exodus.newLogConcept.MVCC.MVCCDataStructure.commitTransaction(MVCCDataStructure.java:299)
	at site.ycsb.db.XodusClient.insert(XodusClient.java:60)
	at site.ycsb.DBWrapper.insert(DBWrapper.java:227)
	at site.ycsb.workloads.CoreWorkload.doInsert(CoreWorkload.java:621)
	at site.ycsb.ClientThread.run(ClientThread.java:135)
	at java.base/java.lang.Thread.run(Thread.java:829)
Caused by: jetbrains.exodus.ExodusException
	at jetbrains.exodus.newLogConcept.garbageCollector.OperationLogGarbageCollector.moveAndRemoveRecordsFromLog(OperationLogGarbageCollector.java:69)
	at jetbrains.exodus.newLogConcept.garbageCollector.OperationLogGarbageCollector.clean(OperationLogGarbageCollector.java:51)
	at jetbrains.exodus.newLogConcept.MVCC.MVCCDataStructure.lambda$commitTransaction$1(MVCCDataStructure.java:297)
	at java.base/java.util.concurrent.Executors$RunnableAdapter.call(Executors.java:515)
	at java.base/java.util.concurrent.FutureTask.run(FutureTask.java:264)
	at java.base/java.util.concurrent.ThreadPoolExecutor.runWorker(ThreadPoolExecutor.java:1128)
	at java.base/java.util.concurrent.ThreadPoolExecutor$Worker.run(ThreadPoolExecutor.java:628)
	... 1 more
java.util.concurrent.ExecutionException: jetbrains.exodus.ExodusException
	at java.base/java.util.concurrent.FutureTask.report(FutureTask.java:122)
	at java.base/java.util.concurrent.FutureTask.get(FutureTask.java:191)
	at jetbrains.exodus.newLogConcept.MVCC.MVCCDataStructure.commitTransaction(MVCCDataStructure.java:299)
	at site.ycsb.db.XodusClient.insert(XodusClient.java:60)
	at site.ycsb.DBWrapper.insert(DBWrapper.java:227)
	at site.ycsb.workloads.CoreWorkload.doInsert(CoreWorkload.java:621)
	at site.ycsb.ClientThread.run(ClientThread.java:135)
	at java.base/java.lang.Thread.run(Thread.java:829)
Caused by: jetbrains.exodus.ExodusException
	at jetbrains.exodus.newLogConcept.garbageCollector.OperationLogGarbageCollector.moveAndRemoveRecordsFromLog(OperationLogGarbageCollector.java:69)
	at jetbrains.exodus.newLogConcept.garbageCollector.OperationLogGarbageCollector.clean(OperationLogGarbageCollector.java:51)
	at jetbrains.exodus.newLogConcept.MVCC.MVCCDataStructure.lambda$commitTransaction$1(MVCCDataStructure.java:297)
	at java.base/java.util.concurrent.Executors$RunnableAdapter.call(Executors.java:515)
	at java.base/java.util.concurrent.FutureTask.run(FutureTask.java:264)
	at java.base/java.util.concurrent.ThreadPoolExecutor.runWorker(ThreadPoolExecutor.java:1128)
	at java.base/java.util.concurrent.ThreadPoolExecutor$Worker.run(ThreadPoolExecutor.java:628)
	... 1 more
java.util.concurrent.ExecutionException: jetbrains.exodus.ExodusException
	at java.base/java.util.concurrent.FutureTask.report(FutureTask.java:122)
	at java.base/java.util.concurrent.FutureTask.get(FutureTask.java:191)
	at jetbrains.exodus.newLogConcept.MVCC.MVCCDataStructure.commitTransaction(MVCCDataStructure.java:299)
	at site.ycsb.db.XodusClient.insert(XodusClient.java:60)
	at site.ycsb.DBWrapper.insert(DBWrapper.java:227)
	at site.ycsb.workloads.CoreWorkload.doInsert(CoreWorkload.java:621)
	at site.ycsb.ClientThread.run(ClientThread.java:135)
	at java.base/java.lang.Thread.run(Thread.java:829)
Caused by: jetbrains.exodus.ExodusException
	at jetbrains.exodus.newLogConcept.garbageCollector.OperationLogGarbageCollector.moveAndRemoveRecordsFromLog(OperationLogGarbageCollector.java:69)
	at jetbrains.exodus.newLogConcept.garbageCollector.OperationLogGarbageCollector.clean(OperationLogGarbageCollector.java:51)
	at jetbrains.exodus.newLogConcept.MVCC.MVCCDataStructure.lambda$commitTransaction$1(MVCCDataStructure.java:297)
	at java.base/java.util.concurrent.Executors$RunnableAdapter.call(Executors.java:515)
	at java.base/java.util.concurrent.FutureTask.run(FutureTask.java:264)
	at java.base/java.util.concurrent.ThreadPoolExecutor.runWorker(ThreadPoolExecutor.java:1128)
	at java.base/java.util.concurrent.ThreadPoolExecutor$Worker.run(ThreadPoolExecutor.java:628)
	... 1 more
java.util.concurrent.ExecutionException: jetbrains.exodus.ExodusException
	at java.base/java.util.concurrent.FutureTask.report(FutureTask.java:122)
	at java.base/java.util.concurrent.FutureTask.get(FutureTask.java:191)
	at jetbrains.exodus.newLogConcept.MVCC.MVCCDataStructure.commitTransaction(MVCCDataStructure.java:299)
	at site.ycsb.db.XodusClient.insert(XodusClient.java:60)
	at site.ycsb.DBWrapper.insert(DBWrapper.java:227)
	at site.ycsb.workloads.CoreWorkload.doInsert(CoreWorkload.java:621)
	at site.ycsb.ClientThread.run(ClientThread.java:135)
	at java.base/java.lang.Thread.run(Thread.java:829)
Caused by: jetbrains.exodus.ExodusException
	at jetbrains.exodus.newLogConcept.garbageCollector.OperationLogGarbageCollector.moveAndRemoveRecordsFromLog(OperationLogGarbageCollector.java:69)
	at jetbrains.exodus.newLogConcept.garbageCollector.OperationLogGarbageCollector.clean(OperationLogGarbageCollector.java:51)
	at jetbrains.exodus.newLogConcept.MVCC.MVCCDataStructure.lambda$commitTransaction$1(MVCCDataStructure.java:297)
	at java.base/java.util.concurrent.Executors$RunnableAdapter.call(Executors.java:515)
	at java.base/java.util.concurrent.FutureTask.run(FutureTask.java:264)
	at java.base/java.util.concurrent.ThreadPoolExecutor.runWorker(ThreadPoolExecutor.java:1128)
	at java.base/java.util.concurrent.ThreadPoolExecutor$Worker.run(ThreadPoolExecutor.java:628)
	... 1 more
java.util.concurrent.ExecutionException: jetbrains.exodus.ExodusException
	at java.base/java.util.concurrent.FutureTask.report(FutureTask.java:122)
	at java.base/java.util.concurrent.FutureTask.get(FutureTask.java:191)
	at jetbrains.exodus.newLogConcept.MVCC.MVCCDataStructure.commitTransaction(MVCCDataStructure.java:299)
	at site.ycsb.db.XodusClient.insert(XodusClient.java:60)
	at site.ycsb.DBWrapper.insert(DBWrapper.java:227)
	at site.ycsb.workloads.CoreWorkload.doInsert(CoreWorkload.java:621)
	at site.ycsb.ClientThread.run(ClientThread.java:135)
	at java.base/java.lang.Thread.run(Thread.java:829)
Caused by: jetbrains.exodus.ExodusException
	at jetbrains.exodus.newLogConcept.garbageCollector.OperationLogGarbageCollector.moveAndRemoveRecordsFromLog(OperationLogGarbageCollector.java:69)
	at jetbrains.exodus.newLogConcept.garbageCollector.OperationLogGarbageCollector.clean(OperationLogGarbageCollector.java:51)
	at jetbrains.exodus.newLogConcept.MVCC.MVCCDataStructure.lambda$commitTransaction$1(MVCCDataStructure.java:297)
	at java.base/java.util.concurrent.Executors$RunnableAdapter.call(Executors.java:515)
	at java.base/java.util.concurrent.FutureTask.run(FutureTask.java:264)
	at java.base/java.util.concurrent.ThreadPoolExecutor.runWorker(ThreadPoolExecutor.java:1128)
	at java.base/java.util.concurrent.ThreadPoolExecutor$Worker.run(ThreadPoolExecutor.java:628)
	... 1 more
java.util.concurrent.ExecutionException: jetbrains.exodus.ExodusException
	at java.base/java.util.concurrent.FutureTask.report(FutureTask.java:122)
	at java.base/java.util.concurrent.FutureTask.get(FutureTask.java:191)
	at jetbrains.exodus.newLogConcept.MVCC.MVCCDataStructure.commitTransaction(MVCCDataStructure.java:299)
	at site.ycsb.db.XodusClient.insert(XodusClient.java:60)
	at site.ycsb.DBWrapper.insert(DBWrapper.java:227)
	at site.ycsb.workloads.CoreWorkload.doInsert(CoreWorkload.java:621)
	at site.ycsb.ClientThread.run(ClientThread.java:135)
	at java.base/java.lang.Thread.run(Thread.java:829)
Caused by: jetbrains.exodus.ExodusException
	at jetbrains.exodus.newLogConcept.garbageCollector.OperationLogGarbageCollector.moveAndRemoveRecordsFromLog(OperationLogGarbageCollector.java:69)
	at jetbrains.exodus.newLogConcept.garbageCollector.OperationLogGarbageCollector.clean(OperationLogGarbageCollector.java:51)
	at jetbrains.exodus.newLogConcept.MVCC.MVCCDataStructure.lambda$commitTransaction$1(MVCCDataStructure.java:297)
	at java.base/java.util.concurrent.Executors$RunnableAdapter.call(Executors.java:515)
	at java.base/java.util.concurrent.FutureTask.run(FutureTask.java:264)
	at java.base/java.util.concurrent.ThreadPoolExecutor.runWorker(ThreadPoolExecutor.java:1128)
	at java.base/java.util.concurrent.ThreadPoolExecutor$Worker.run(ThreadPoolExecutor.java:628)
	... 1 more
java.util.concurrent.ExecutionException: jetbrains.exodus.ExodusException
	at java.base/java.util.concurrent.FutureTask.report(FutureTask.java:122)
	at java.base/java.util.concurrent.FutureTask.get(FutureTask.java:191)
	at jetbrains.exodus.newLogConcept.MVCC.MVCCDataStructure.commitTransaction(MVCCDataStructure.java:299)
	at site.ycsb.db.XodusClient.insert(XodusClient.java:60)
	at site.ycsb.DBWrapper.insert(DBWrapper.java:227)
	at site.ycsb.workloads.CoreWorkload.doInsert(CoreWorkload.java:621)
	at site.ycsb.ClientThread.run(ClientThread.java:135)
	at java.base/java.lang.Thread.run(Thread.java:829)
Caused by: jetbrains.exodus.ExodusException
	at jetbrains.exodus.newLogConcept.garbageCollector.OperationLogGarbageCollector.moveAndRemoveRecordsFromLog(OperationLogGarbageCollector.java:69)
	at jetbrains.exodus.newLogConcept.garbageCollector.OperationLogGarbageCollector.clean(OperationLogGarbageCollector.java:51)
	at jetbrains.exodus.newLogConcept.MVCC.MVCCDataStructure.lambda$commitTransaction$1(MVCCDataStructure.java:297)
	at java.base/java.util.concurrent.Executors$RunnableAdapter.call(Executors.java:515)
	at java.base/java.util.concurrent.FutureTask.run(FutureTask.java:264)
	at java.base/java.util.concurrent.ThreadPoolExecutor.runWorker(ThreadPoolExecutor.java:1128)
	at java.base/java.util.concurrent.ThreadPoolExecutor$Worker.run(ThreadPoolExecutor.java:628)
	... 1 more
java.util.concurrent.ExecutionException: jetbrains.exodus.ExodusException
	at java.base/java.util.concurrent.FutureTask.report(FutureTask.java:122)
	at java.base/java.util.concurrent.FutureTask.get(FutureTask.java:191)
	at jetbrains.exodus.newLogConcept.MVCC.MVCCDataStructure.commitTransaction(MVCCDataStructure.java:299)
	at site.ycsb.db.XodusClient.insert(XodusClient.java:60)
	at site.ycsb.DBWrapper.insert(DBWrapper.java:227)
	at site.ycsb.workloads.CoreWorkload.doInsert(CoreWorkload.java:621)
	at site.ycsb.ClientThread.run(ClientThread.java:135)
	at java.base/java.lang.Thread.run(Thread.java:829)
Caused by: jetbrains.exodus.ExodusException
	at jetbrains.exodus.newLogConcept.garbageCollector.OperationLogGarbageCollector.moveAndRemoveRecordsFromLog(OperationLogGarbageCollector.java:69)
	at jetbrains.exodus.newLogConcept.garbageCollector.OperationLogGarbageCollector.clean(OperationLogGarbageCollector.java:51)
	at jetbrains.exodus.newLogConcept.MVCC.MVCCDataStructure.lambda$commitTransaction$1(MVCCDataStructure.java:297)
	at java.base/java.util.concurrent.Executors$RunnableAdapter.call(Executors.java:515)
	at java.base/java.util.concurrent.FutureTask.run(FutureTask.java:264)
	at java.base/java.util.concurrent.ThreadPoolExecutor.runWorker(ThreadPoolExecutor.java:1128)
	at java.base/java.util.concurrent.ThreadPoolExecutor$Worker.run(ThreadPoolExecutor.java:628)
	... 1 more
java.util.concurrent.ExecutionException: jetbrains.exodus.ExodusException
	at java.base/java.util.concurrent.FutureTask.report(FutureTask.java:122)
	at java.base/java.util.concurrent.FutureTask.get(FutureTask.java:191)
	at jetbrains.exodus.newLogConcept.MVCC.MVCCDataStructure.commitTransaction(MVCCDataStructure.java:299)
	at site.ycsb.db.XodusClient.insert(XodusClient.java:60)
	at site.ycsb.DBWrapper.insert(DBWrapper.java:227)
	at site.ycsb.workloads.CoreWorkload.doInsert(CoreWorkload.java:621)
	at site.ycsb.ClientThread.run(ClientThread.java:135)
	at java.base/java.lang.Thread.run(Thread.java:829)
Caused by: jetbrains.exodus.ExodusException
	at jetbrains.exodus.newLogConcept.garbageCollector.OperationLogGarbageCollector.moveAndRemoveRecordsFromLog(OperationLogGarbageCollector.java:69)
	at jetbrains.exodus.newLogConcept.garbageCollector.OperationLogGarbageCollector.clean(OperationLogGarbageCollector.java:51)
	at jetbrains.exodus.newLogConcept.MVCC.MVCCDataStructure.lambda$commitTransaction$1(MVCCDataStructure.java:297)
	at java.base/java.util.concurrent.Executors$RunnableAdapter.call(Executors.java:515)
	at java.base/java.util.concurrent.FutureTask.run(FutureTask.java:264)
	at java.base/java.util.concurrent.ThreadPoolExecutor.runWorker(ThreadPoolExecutor.java:1128)
	at java.base/java.util.concurrent.ThreadPoolExecutor$Worker.run(ThreadPoolExecutor.java:628)
	... 1 more
java.util.concurrent.ExecutionException: jetbrains.exodus.ExodusException
	at java.base/java.util.concurrent.FutureTask.report(FutureTask.java:122)
	at java.base/java.util.concurrent.FutureTask.get(FutureTask.java:191)
	at jetbrains.exodus.newLogConcept.MVCC.MVCCDataStructure.commitTransaction(MVCCDataStructure.java:299)
	at site.ycsb.db.XodusClient.insert(XodusClient.java:60)
	at site.ycsb.DBWrapper.insert(DBWrapper.java:227)
	at site.ycsb.workloads.CoreWorkload.doInsert(CoreWorkload.java:621)
	at site.ycsb.ClientThread.run(ClientThread.java:135)
	at java.base/java.lang.Thread.run(Thread.java:829)
Caused by: jetbrains.exodus.ExodusException
	at jetbrains.exodus.newLogConcept.garbageCollector.OperationLogGarbageCollector.moveAndRemoveRecordsFromLog(OperationLogGarbageCollector.java:69)
	at jetbrains.exodus.newLogConcept.garbageCollector.OperationLogGarbageCollector.clean(OperationLogGarbageCollector.java:51)
	at jetbrains.exodus.newLogConcept.MVCC.MVCCDataStructure.lambda$commitTransaction$1(MVCCDataStructure.java:297)
	at java.base/java.util.concurrent.Executors$RunnableAdapter.call(Executors.java:515)
	at java.base/java.util.concurrent.FutureTask.run(FutureTask.java:264)
	at java.base/java.util.concurrent.ThreadPoolExecutor.runWorker(ThreadPoolExecutor.java:1128)
	at java.base/java.util.concurrent.ThreadPoolExecutor$Worker.run(ThreadPoolExecutor.java:628)
	... 1 more
java.util.concurrent.ExecutionException: jetbrains.exodus.ExodusException
	at java.base/java.util.concurrent.FutureTask.report(FutureTask.java:122)
	at java.base/java.util.concurrent.FutureTask.get(FutureTask.java:191)
	at jetbrains.exodus.newLogConcept.MVCC.MVCCDataStructure.commitTransaction(MVCCDataStructure.java:299)
	at site.ycsb.db.XodusClient.insert(XodusClient.java:60)
	at site.ycsb.DBWrapper.insert(DBWrapper.java:227)
	at site.ycsb.workloads.CoreWorkload.doInsert(CoreWorkload.java:621)
	at site.ycsb.ClientThread.run(ClientThread.java:135)
	at java.base/java.lang.Thread.run(Thread.java:829)
Caused by: jetbrains.exodus.ExodusException
	at jetbrains.exodus.newLogConcept.garbageCollector.OperationLogGarbageCollector.moveAndRemoveRecordsFromLog(OperationLogGarbageCollector.java:69)
	at jetbrains.exodus.newLogConcept.garbageCollector.OperationLogGarbageCollector.clean(OperationLogGarbageCollector.java:51)
	at jetbrains.exodus.newLogConcept.MVCC.MVCCDataStructure.lambda$commitTransaction$1(MVCCDataStructure.java:297)
	at java.base/java.util.concurrent.Executors$RunnableAdapter.call(Executors.java:515)
	at java.base/java.util.concurrent.FutureTask.run(FutureTask.java:264)
	at java.base/java.util.concurrent.ThreadPoolExecutor.runWorker(ThreadPoolExecutor.java:1128)
	at java.base/java.util.concurrent.ThreadPoolExecutor$Worker.run(ThreadPoolExecutor.java:628)
	... 1 more
java.util.concurrent.ExecutionException: jetbrains.exodus.ExodusException
	at java.base/java.util.concurrent.FutureTask.report(FutureTask.java:122)
	at java.base/java.util.concurrent.FutureTask.get(FutureTask.java:191)
	at jetbrains.exodus.newLogConcept.MVCC.MVCCDataStructure.commitTransaction(MVCCDataStructure.java:299)
	at site.ycsb.db.XodusClient.insert(XodusClient.java:60)
	at site.ycsb.DBWrapper.insert(DBWrapper.java:227)
	at site.ycsb.workloads.CoreWorkload.doInsert(CoreWorkload.java:621)
	at site.ycsb.ClientThread.run(ClientThread.java:135)
	at java.base/java.lang.Thread.run(Thread.java:829)
Caused by: jetbrains.exodus.ExodusException
	at jetbrains.exodus.newLogConcept.garbageCollector.OperationLogGarbageCollector.moveAndRemoveRecordsFromLog(OperationLogGarbageCollector.java:69)
	at jetbrains.exodus.newLogConcept.garbageCollector.OperationLogGarbageCollector.clean(OperationLogGarbageCollector.java:51)
	at jetbrains.exodus.newLogConcept.MVCC.MVCCDataStructure.lambda$commitTransaction$1(MVCCDataStructure.java:297)
	at java.base/java.util.concurrent.Executors$RunnableAdapter.call(Executors.java:515)
	at java.base/java.util.concurrent.FutureTask.run(FutureTask.java:264)
	at java.base/java.util.concurrent.ThreadPoolExecutor.runWorker(ThreadPoolExecutor.java:1128)
	at java.base/java.util.concurrent.ThreadPoolExecutor$Worker.run(ThreadPoolExecutor.java:628)
	... 1 more
java.util.concurrent.ExecutionException: jetbrains.exodus.ExodusException
	at java.base/java.util.concurrent.FutureTask.report(FutureTask.java:122)
	at java.base/java.util.concurrent.FutureTask.get(FutureTask.java:191)
	at jetbrains.exodus.newLogConcept.MVCC.MVCCDataStructure.commitTransaction(MVCCDataStructure.java:299)
	at site.ycsb.db.XodusClient.insert(XodusClient.java:60)
	at site.ycsb.DBWrapper.insert(DBWrapper.java:227)
	at site.ycsb.workloads.CoreWorkload.doInsert(CoreWorkload.java:621)
	at site.ycsb.ClientThread.run(ClientThread.java:135)
	at java.base/java.lang.Thread.run(Thread.java:829)
Caused by: jetbrains.exodus.ExodusException
	at jetbrains.exodus.newLogConcept.garbageCollector.OperationLogGarbageCollector.moveAndRemoveRecordsFromLog(OperationLogGarbageCollector.java:69)
	at jetbrains.exodus.newLogConcept.garbageCollector.OperationLogGarbageCollector.clean(OperationLogGarbageCollector.java:51)
	at jetbrains.exodus.newLogConcept.MVCC.MVCCDataStructure.lambda$commitTransaction$1(MVCCDataStructure.java:297)
	at java.base/java.util.concurrent.Executors$RunnableAdapter.call(Executors.java:515)
	at java.base/java.util.concurrent.FutureTask.run(FutureTask.java:264)
	at java.base/java.util.concurrent.ThreadPoolExecutor.runWorker(ThreadPoolExecutor.java:1128)
	at java.base/java.util.concurrent.ThreadPoolExecutor$Worker.run(ThreadPoolExecutor.java:628)
	... 1 more
java.util.concurrent.ExecutionException: jetbrains.exodus.ExodusException
	at java.base/java.util.concurrent.FutureTask.report(FutureTask.java:122)
	at java.base/java.util.concurrent.FutureTask.get(FutureTask.java:191)
	at jetbrains.exodus.newLogConcept.MVCC.MVCCDataStructure.commitTransaction(MVCCDataStructure.java:299)
	at site.ycsb.db.XodusClient.insert(XodusClient.java:60)
	at site.ycsb.DBWrapper.insert(DBWrapper.java:227)
	at site.ycsb.workloads.CoreWorkload.doInsert(CoreWorkload.java:621)
	at site.ycsb.ClientThread.run(ClientThread.java:135)
	at java.base/java.lang.Thread.run(Thread.java:829)
Caused by: jetbrains.exodus.ExodusException
	at jetbrains.exodus.newLogConcept.garbageCollector.OperationLogGarbageCollector.moveAndRemoveRecordsFromLog(OperationLogGarbageCollector.java:69)
	at jetbrains.exodus.newLogConcept.garbageCollector.OperationLogGarbageCollector.clean(OperationLogGarbageCollector.java:51)
	at jetbrains.exodus.newLogConcept.MVCC.MVCCDataStructure.lambda$commitTransaction$1(MVCCDataStructure.java:297)
	at java.base/java.util.concurrent.Executors$RunnableAdapter.call(Executors.java:515)
	at java.base/java.util.concurrent.FutureTask.run(FutureTask.java:264)
	at java.base/java.util.concurrent.ThreadPoolExecutor.runWorker(ThreadPoolExecutor.java:1128)
	at java.base/java.util.concurrent.ThreadPoolExecutor$Worker.run(ThreadPoolExecutor.java:628)
	... 1 more
java.util.concurrent.ExecutionException: jetbrains.exodus.ExodusException
	at java.base/java.util.concurrent.FutureTask.report(FutureTask.java:122)
	at java.base/java.util.concurrent.FutureTask.get(FutureTask.java:191)
	at jetbrains.exodus.newLogConcept.MVCC.MVCCDataStructure.commitTransaction(MVCCDataStructure.java:299)
	at site.ycsb.db.XodusClient.insert(XodusClient.java:60)
	at site.ycsb.DBWrapper.insert(DBWrapper.java:227)
	at site.ycsb.workloads.CoreWorkload.doInsert(CoreWorkload.java:621)
	at site.ycsb.ClientThread.run(ClientThread.java:135)
	at java.base/java.lang.Thread.run(Thread.java:829)
Caused by: jetbrains.exodus.ExodusException
	at jetbrains.exodus.newLogConcept.garbageCollector.OperationLogGarbageCollector.moveAndRemoveRecordsFromLog(OperationLogGarbageCollector.java:69)
	at jetbrains.exodus.newLogConcept.garbageCollector.OperationLogGarbageCollector.clean(OperationLogGarbageCollector.java:51)
	at jetbrains.exodus.newLogConcept.MVCC.MVCCDataStructure.lambda$commitTransaction$1(MVCCDataStructure.java:297)
	at java.base/java.util.concurrent.Executors$RunnableAdapter.call(Executors.java:515)
	at java.base/java.util.concurrent.FutureTask.run(FutureTask.java:264)
	at java.base/java.util.concurrent.ThreadPoolExecutor.runWorker(ThreadPoolExecutor.java:1128)
	at java.base/java.util.concurrent.ThreadPoolExecutor$Worker.run(ThreadPoolExecutor.java:628)
	... 1 more
java.util.concurrent.ExecutionException: jetbrains.exodus.ExodusException
	at java.base/java.util.concurrent.FutureTask.report(FutureTask.java:122)
	at java.base/java.util.concurrent.FutureTask.get(FutureTask.java:191)
	at jetbrains.exodus.newLogConcept.MVCC.MVCCDataStructure.commitTransaction(MVCCDataStructure.java:299)
	at site.ycsb.db.XodusClient.insert(XodusClient.java:60)
	at site.ycsb.DBWrapper.insert(DBWrapper.java:227)
	at site.ycsb.workloads.CoreWorkload.doInsert(CoreWorkload.java:621)
	at site.ycsb.ClientThread.run(ClientThread.java:135)
	at java.base/java.lang.Thread.run(Thread.java:829)
Caused by: jetbrains.exodus.ExodusException
	at jetbrains.exodus.newLogConcept.garbageCollector.OperationLogGarbageCollector.moveAndRemoveRecordsFromLog(OperationLogGarbageCollector.java:69)
	at jetbrains.exodus.newLogConcept.garbageCollector.OperationLogGarbageCollector.clean(OperationLogGarbageCollector.java:51)
	at jetbrains.exodus.newLogConcept.MVCC.MVCCDataStructure.lambda$commitTransaction$1(MVCCDataStructure.java:297)
	at java.base/java.util.concurrent.Executors$RunnableAdapter.call(Executors.java:515)
	at java.base/java.util.concurrent.FutureTask.run(FutureTask.java:264)
	at java.base/java.util.concurrent.ThreadPoolExecutor.runWorker(ThreadPoolExecutor.java:1128)
	at java.base/java.util.concurrent.ThreadPoolExecutor$Worker.run(ThreadPoolExecutor.java:628)
	... 1 more
java.util.concurrent.ExecutionException: jetbrains.exodus.ExodusException
	at java.base/java.util.concurrent.FutureTask.report(FutureTask.java:122)
	at java.base/java.util.concurrent.FutureTask.get(FutureTask.java:191)
	at jetbrains.exodus.newLogConcept.MVCC.MVCCDataStructure.commitTransaction(MVCCDataStructure.java:299)
	at site.ycsb.db.XodusClient.insert(XodusClient.java:60)
	at site.ycsb.DBWrapper.insert(DBWrapper.java:227)
	at site.ycsb.workloads.CoreWorkload.doInsert(CoreWorkload.java:621)
	at site.ycsb.ClientThread.run(ClientThread.java:135)
	at java.base/java.lang.Thread.run(Thread.java:829)
Caused by: jetbrains.exodus.ExodusException
	at jetbrains.exodus.newLogConcept.garbageCollector.OperationLogGarbageCollector.moveAndRemoveRecordsFromLog(OperationLogGarbageCollector.java:69)
	at jetbrains.exodus.newLogConcept.garbageCollector.OperationLogGarbageCollector.clean(OperationLogGarbageCollector.java:51)
	at jetbrains.exodus.newLogConcept.MVCC.MVCCDataStructure.lambda$commitTransaction$1(MVCCDataStructure.java:297)
	at java.base/java.util.concurrent.Executors$RunnableAdapter.call(Executors.java:515)
	at java.base/java.util.concurrent.FutureTask.run(FutureTask.java:264)
	at java.base/java.util.concurrent.ThreadPoolExecutor.runWorker(ThreadPoolExecutor.java:1128)
	at java.base/java.util.concurrent.ThreadPoolExecutor$Worker.run(ThreadPoolExecutor.java:628)
	... 1 more
java.util.concurrent.ExecutionException: jetbrains.exodus.ExodusException
	at java.base/java.util.concurrent.FutureTask.report(FutureTask.java:122)
	at java.base/java.util.concurrent.FutureTask.get(FutureTask.java:191)
	at jetbrains.exodus.newLogConcept.MVCC.MVCCDataStructure.commitTransaction(MVCCDataStructure.java:299)
	at site.ycsb.db.XodusClient.insert(XodusClient.java:60)
	at site.ycsb.DBWrapper.insert(DBWrapper.java:227)
	at site.ycsb.workloads.CoreWorkload.doInsert(CoreWorkload.java:621)
	at site.ycsb.ClientThread.run(ClientThread.java:135)
	at java.base/java.lang.Thread.run(Thread.java:829)
Caused by: jetbrains.exodus.ExodusException
	at jetbrains.exodus.newLogConcept.garbageCollector.OperationLogGarbageCollector.moveAndRemoveRecordsFromLog(OperationLogGarbageCollector.java:69)
	at jetbrains.exodus.newLogConcept.garbageCollector.OperationLogGarbageCollector.clean(OperationLogGarbageCollector.java:51)
	at jetbrains.exodus.newLogConcept.MVCC.MVCCDataStructure.lambda$commitTransaction$1(MVCCDataStructure.java:297)
	at java.base/java.util.concurrent.Executors$RunnableAdapter.call(Executors.java:515)
	at java.base/java.util.concurrent.FutureTask.run(FutureTask.java:264)
	at java.base/java.util.concurrent.ThreadPoolExecutor.runWorker(ThreadPoolExecutor.java:1128)
	at java.base/java.util.concurrent.ThreadPoolExecutor$Worker.run(ThreadPoolExecutor.java:628)
	... 1 more
java.util.concurrent.ExecutionException: jetbrains.exodus.ExodusException
	at java.base/java.util.concurrent.FutureTask.report(FutureTask.java:122)
	at java.base/java.util.concurrent.FutureTask.get(FutureTask.java:191)
	at jetbrains.exodus.newLogConcept.MVCC.MVCCDataStructure.commitTransaction(MVCCDataStructure.java:299)
	at site.ycsb.db.XodusClient.insert(XodusClient.java:60)
	at site.ycsb.DBWrapper.insert(DBWrapper.java:227)
	at site.ycsb.workloads.CoreWorkload.doInsert(CoreWorkload.java:621)
	at site.ycsb.ClientThread.run(ClientThread.java:135)
	at java.base/java.lang.Thread.run(Thread.java:829)
Caused by: jetbrains.exodus.ExodusException
	at jetbrains.exodus.newLogConcept.garbageCollector.OperationLogGarbageCollector.moveAndRemoveRecordsFromLog(OperationLogGarbageCollector.java:69)
	at jetbrains.exodus.newLogConcept.garbageCollector.OperationLogGarbageCollector.clean(OperationLogGarbageCollector.java:51)
	at jetbrains.exodus.newLogConcept.MVCC.MVCCDataStructure.lambda$commitTransaction$1(MVCCDataStructure.java:297)
	at java.base/java.util.concurrent.Executors$RunnableAdapter.call(Executors.java:515)
	at java.base/java.util.concurrent.FutureTask.run(FutureTask.java:264)
	at java.base/java.util.concurrent.ThreadPoolExecutor.runWorker(ThreadPoolExecutor.java:1128)
	at java.base/java.util.concurrent.ThreadPoolExecutor$Worker.run(ThreadPoolExecutor.java:628)
	... 1 more
java.util.concurrent.ExecutionException: jetbrains.exodus.ExodusException
	at java.base/java.util.concurrent.FutureTask.report(FutureTask.java:122)
	at java.base/java.util.concurrent.FutureTask.get(FutureTask.java:191)
	at jetbrains.exodus.newLogConcept.MVCC.MVCCDataStructure.commitTransaction(MVCCDataStructure.java:299)
	at site.ycsb.db.XodusClient.insert(XodusClient.java:60)
	at site.ycsb.DBWrapper.insert(DBWrapper.java:227)
	at site.ycsb.workloads.CoreWorkload.doInsert(CoreWorkload.java:621)
	at site.ycsb.ClientThread.run(ClientThread.java:135)
	at java.base/java.lang.Thread.run(Thread.java:829)
Caused by: jetbrains.exodus.ExodusException
	at jetbrains.exodus.newLogConcept.garbageCollector.OperationLogGarbageCollector.moveAndRemoveRecordsFromLog(OperationLogGarbageCollector.java:69)
	at jetbrains.exodus.newLogConcept.garbageCollector.OperationLogGarbageCollector.clean(OperationLogGarbageCollector.java:51)
	at jetbrains.exodus.newLogConcept.MVCC.MVCCDataStructure.lambda$commitTransaction$1(MVCCDataStructure.java:297)
	at java.base/java.util.concurrent.Executors$RunnableAdapter.call(Executors.java:515)
	at java.base/java.util.concurrent.FutureTask.run(FutureTask.java:264)
	at java.base/java.util.concurrent.ThreadPoolExecutor.runWorker(ThreadPoolExecutor.java:1128)
	at java.base/java.util.concurrent.ThreadPoolExecutor$Worker.run(ThreadPoolExecutor.java:628)
	... 1 more
java.util.concurrent.ExecutionException: jetbrains.exodus.ExodusException
	at java.base/java.util.concurrent.FutureTask.report(FutureTask.java:122)
	at java.base/java.util.concurrent.FutureTask.get(FutureTask.java:191)
	at jetbrains.exodus.newLogConcept.MVCC.MVCCDataStructure.commitTransaction(MVCCDataStructure.java:299)
	at site.ycsb.db.XodusClient.insert(XodusClient.java:60)
	at site.ycsb.DBWrapper.insert(DBWrapper.java:227)
	at site.ycsb.workloads.CoreWorkload.doInsert(CoreWorkload.java:621)
	at site.ycsb.ClientThread.run(ClientThread.java:135)
	at java.base/java.lang.Thread.run(Thread.java:829)
Caused by: jetbrains.exodus.ExodusException
	at jetbrains.exodus.newLogConcept.garbageCollector.OperationLogGarbageCollector.moveAndRemoveRecordsFromLog(OperationLogGarbageCollector.java:69)
	at jetbrains.exodus.newLogConcept.garbageCollector.OperationLogGarbageCollector.clean(OperationLogGarbageCollector.java:51)
	at jetbrains.exodus.newLogConcept.MVCC.MVCCDataStructure.lambda$commitTransaction$1(MVCCDataStructure.java:297)
	at java.base/java.util.concurrent.Executors$RunnableAdapter.call(Executors.java:515)
	at java.base/java.util.concurrent.FutureTask.run(FutureTask.java:264)
	at java.base/java.util.concurrent.ThreadPoolExecutor.runWorker(ThreadPoolExecutor.java:1128)
	at java.base/java.util.concurrent.ThreadPoolExecutor$Worker.run(ThreadPoolExecutor.java:628)
	... 1 more
java.util.concurrent.ExecutionException: jetbrains.exodus.ExodusException
	at java.base/java.util.concurrent.FutureTask.report(FutureTask.java:122)
	at java.base/java.util.concurrent.FutureTask.get(FutureTask.java:191)
	at jetbrains.exodus.newLogConcept.MVCC.MVCCDataStructure.commitTransaction(MVCCDataStructure.java:299)
	at site.ycsb.db.XodusClient.insert(XodusClient.java:60)
	at site.ycsb.DBWrapper.insert(DBWrapper.java:227)
	at site.ycsb.workloads.CoreWorkload.doInsert(CoreWorkload.java:621)
	at site.ycsb.ClientThread.run(ClientThread.java:135)
	at java.base/java.lang.Thread.run(Thread.java:829)
Caused by: jetbrains.exodus.ExodusException
	at jetbrains.exodus.newLogConcept.garbageCollector.OperationLogGarbageCollector.moveAndRemoveRecordsFromLog(OperationLogGarbageCollector.java:69)
	at jetbrains.exodus.newLogConcept.garbageCollector.OperationLogGarbageCollector.clean(OperationLogGarbageCollector.java:51)
	at jetbrains.exodus.newLogConcept.MVCC.MVCCDataStructure.lambda$commitTransaction$1(MVCCDataStructure.java:297)
	at java.base/java.util.concurrent.Executors$RunnableAdapter.call(Executors.java:515)
	at java.base/java.util.concurrent.FutureTask.run(FutureTask.java:264)
	at java.base/java.util.concurrent.ThreadPoolExecutor.runWorker(ThreadPoolExecutor.java:1128)
	at java.base/java.util.concurrent.ThreadPoolExecutor$Worker.run(ThreadPoolExecutor.java:628)
	... 1 more
java.util.concurrent.ExecutionException: jetbrains.exodus.ExodusException
	at java.base/java.util.concurrent.FutureTask.report(FutureTask.java:122)
	at java.base/java.util.concurrent.FutureTask.get(FutureTask.java:191)
	at jetbrains.exodus.newLogConcept.MVCC.MVCCDataStructure.commitTransaction(MVCCDataStructure.java:299)
	at site.ycsb.db.XodusClient.insert(XodusClient.java:60)
	at site.ycsb.DBWrapper.insert(DBWrapper.java:227)
	at site.ycsb.workloads.CoreWorkload.doInsert(CoreWorkload.java:621)
	at site.ycsb.ClientThread.run(ClientThread.java:135)
	at java.base/java.lang.Thread.run(Thread.java:829)
Caused by: jetbrains.exodus.ExodusException
	at jetbrains.exodus.newLogConcept.garbageCollector.OperationLogGarbageCollector.moveAndRemoveRecordsFromLog(OperationLogGarbageCollector.java:69)
	at jetbrains.exodus.newLogConcept.garbageCollector.OperationLogGarbageCollector.clean(OperationLogGarbageCollector.java:51)
	at jetbrains.exodus.newLogConcept.MVCC.MVCCDataStructure.lambda$commitTransaction$1(MVCCDataStructure.java:297)
	at java.base/java.util.concurrent.Executors$RunnableAdapter.call(Executors.java:515)
	at java.base/java.util.concurrent.FutureTask.run(FutureTask.java:264)
	at java.base/java.util.concurrent.ThreadPoolExecutor.runWorker(ThreadPoolExecutor.java:1128)
	at java.base/java.util.concurrent.ThreadPoolExecutor$Worker.run(ThreadPoolExecutor.java:628)
	... 1 more
java.util.concurrent.ExecutionException: jetbrains.exodus.ExodusException
	at java.base/java.util.concurrent.FutureTask.report(FutureTask.java:122)
	at java.base/java.util.concurrent.FutureTask.get(FutureTask.java:191)
	at jetbrains.exodus.newLogConcept.MVCC.MVCCDataStructure.commitTransaction(MVCCDataStructure.java:299)
	at site.ycsb.db.XodusClient.insert(XodusClient.java:60)
	at site.ycsb.DBWrapper.insert(DBWrapper.java:227)
	at site.ycsb.workloads.CoreWorkload.doInsert(CoreWorkload.java:621)
	at site.ycsb.ClientThread.run(ClientThread.java:135)
	at java.base/java.lang.Thread.run(Thread.java:829)
Caused by: jetbrains.exodus.ExodusException
	at jetbrains.exodus.newLogConcept.garbageCollector.OperationLogGarbageCollector.moveAndRemoveRecordsFromLog(OperationLogGarbageCollector.java:69)
	at jetbrains.exodus.newLogConcept.garbageCollector.OperationLogGarbageCollector.clean(OperationLogGarbageCollector.java:51)
	at jetbrains.exodus.newLogConcept.MVCC.MVCCDataStructure.lambda$commitTransaction$1(MVCCDataStructure.java:297)
	at java.base/java.util.concurrent.Executors$RunnableAdapter.call(Executors.java:515)
	at java.base/java.util.concurrent.FutureTask.run(FutureTask.java:264)
	at java.base/java.util.concurrent.ThreadPoolExecutor.runWorker(ThreadPoolExecutor.java:1128)
	at java.base/java.util.concurrent.ThreadPoolExecutor$Worker.run(ThreadPoolExecutor.java:628)
	... 1 more
java.util.concurrent.ExecutionException: jetbrains.exodus.ExodusException
	at java.base/java.util.concurrent.FutureTask.report(FutureTask.java:122)
	at java.base/java.util.concurrent.FutureTask.get(FutureTask.java:191)
	at jetbrains.exodus.newLogConcept.MVCC.MVCCDataStructure.commitTransaction(MVCCDataStructure.java:299)
	at site.ycsb.db.XodusClient.insert(XodusClient.java:60)
	at site.ycsb.DBWrapper.insert(DBWrapper.java:227)
	at site.ycsb.workloads.CoreWorkload.doInsert(CoreWorkload.java:621)
	at site.ycsb.ClientThread.run(ClientThread.java:135)
	at java.base/java.lang.Thread.run(Thread.java:829)
Caused by: jetbrains.exodus.ExodusException
	at jetbrains.exodus.newLogConcept.garbageCollector.OperationLogGarbageCollector.moveAndRemoveRecordsFromLog(OperationLogGarbageCollector.java:69)
	at jetbrains.exodus.newLogConcept.garbageCollector.OperationLogGarbageCollector.clean(OperationLogGarbageCollector.java:51)
	at jetbrains.exodus.newLogConcept.MVCC.MVCCDataStructure.lambda$commitTransaction$1(MVCCDataStructure.java:297)
	at java.base/java.util.concurrent.Executors$RunnableAdapter.call(Executors.java:515)
	at java.base/java.util.concurrent.FutureTask.run(FutureTask.java:264)
	at java.base/java.util.concurrent.ThreadPoolExecutor.runWorker(ThreadPoolExecutor.java:1128)
	at java.base/java.util.concurrent.ThreadPoolExecutor$Worker.run(ThreadPoolExecutor.java:628)
	... 1 more
java.util.concurrent.ExecutionException: jetbrains.exodus.ExodusException
	at java.base/java.util.concurrent.FutureTask.report(FutureTask.java:122)
	at java.base/java.util.concurrent.FutureTask.get(FutureTask.java:191)
	at jetbrains.exodus.newLogConcept.MVCC.MVCCDataStructure.commitTransaction(MVCCDataStructure.java:299)
	at site.ycsb.db.XodusClient.insert(XodusClient.java:60)
	at site.ycsb.DBWrapper.insert(DBWrapper.java:227)
	at site.ycsb.workloads.CoreWorkload.doInsert(CoreWorkload.java:621)
	at site.ycsb.ClientThread.run(ClientThread.java:135)
	at java.base/java.lang.Thread.run(Thread.java:829)
Caused by: jetbrains.exodus.ExodusException
	at jetbrains.exodus.newLogConcept.garbageCollector.OperationLogGarbageCollector.moveAndRemoveRecordsFromLog(OperationLogGarbageCollector.java:69)
	at jetbrains.exodus.newLogConcept.garbageCollector.OperationLogGarbageCollector.clean(OperationLogGarbageCollector.java:51)
	at jetbrains.exodus.newLogConcept.MVCC.MVCCDataStructure.lambda$commitTransaction$1(MVCCDataStructure.java:297)
	at java.base/java.util.concurrent.Executors$RunnableAdapter.call(Executors.java:515)
	at java.base/java.util.concurrent.FutureTask.run(FutureTask.java:264)
	at java.base/java.util.concurrent.ThreadPoolExecutor.runWorker(ThreadPoolExecutor.java:1128)
	at java.base/java.util.concurrent.ThreadPoolExecutor$Worker.run(ThreadPoolExecutor.java:628)
	... 1 more
java.util.concurrent.ExecutionException: jetbrains.exodus.ExodusException
	at java.base/java.util.concurrent.FutureTask.report(FutureTask.java:122)
	at java.base/java.util.concurrent.FutureTask.get(FutureTask.java:191)
	at jetbrains.exodus.newLogConcept.MVCC.MVCCDataStructure.commitTransaction(MVCCDataStructure.java:299)
	at site.ycsb.db.XodusClient.insert(XodusClient.java:60)
	at site.ycsb.DBWrapper.insert(DBWrapper.java:227)
	at site.ycsb.workloads.CoreWorkload.doInsert(CoreWorkload.java:621)
	at site.ycsb.ClientThread.run(ClientThread.java:135)
	at java.base/java.lang.Thread.run(Thread.java:829)
Caused by: jetbrains.exodus.ExodusException
	at jetbrains.exodus.newLogConcept.garbageCollector.OperationLogGarbageCollector.moveAndRemoveRecordsFromLog(OperationLogGarbageCollector.java:69)
	at jetbrains.exodus.newLogConcept.garbageCollector.OperationLogGarbageCollector.clean(OperationLogGarbageCollector.java:51)
	at jetbrains.exodus.newLogConcept.MVCC.MVCCDataStructure.lambda$commitTransaction$1(MVCCDataStructure.java:297)
	at java.base/java.util.concurrent.Executors$RunnableAdapter.call(Executors.java:515)
	at java.base/java.util.concurrent.FutureTask.run(FutureTask.java:264)
	at java.base/java.util.concurrent.ThreadPoolExecutor.runWorker(ThreadPoolExecutor.java:1128)
	at java.base/java.util.concurrent.ThreadPoolExecutor$Worker.run(ThreadPoolExecutor.java:628)
	... 1 more
java.util.concurrent.ExecutionException: jetbrains.exodus.ExodusException
	at java.base/java.util.concurrent.FutureTask.report(FutureTask.java:122)
	at java.base/java.util.concurrent.FutureTask.get(FutureTask.java:191)
	at jetbrains.exodus.newLogConcept.MVCC.MVCCDataStructure.commitTransaction(MVCCDataStructure.java:299)
	at site.ycsb.db.XodusClient.insert(XodusClient.java:60)
	at site.ycsb.DBWrapper.insert(DBWrapper.java:227)
	at site.ycsb.workloads.CoreWorkload.doInsert(CoreWorkload.java:621)
	at site.ycsb.ClientThread.run(ClientThread.java:135)
	at java.base/java.lang.Thread.run(Thread.java:829)
Caused by: jetbrains.exodus.ExodusException
	at jetbrains.exodus.newLogConcept.garbageCollector.OperationLogGarbageCollector.moveAndRemoveRecordsFromLog(OperationLogGarbageCollector.java:69)
	at jetbrains.exodus.newLogConcept.garbageCollector.OperationLogGarbageCollector.clean(OperationLogGarbageCollector.java:51)
	at jetbrains.exodus.newLogConcept.MVCC.MVCCDataStructure.lambda$commitTransaction$1(MVCCDataStructure.java:297)
	at java.base/java.util.concurrent.Executors$RunnableAdapter.call(Executors.java:515)
	at java.base/java.util.concurrent.FutureTask.run(FutureTask.java:264)
	at java.base/java.util.concurrent.ThreadPoolExecutor.runWorker(ThreadPoolExecutor.java:1128)
	at java.base/java.util.concurrent.ThreadPoolExecutor$Worker.run(ThreadPoolExecutor.java:628)
	... 1 more
java.util.concurrent.ExecutionException: jetbrains.exodus.ExodusException
	at java.base/java.util.concurrent.FutureTask.report(FutureTask.java:122)
	at java.base/java.util.concurrent.FutureTask.get(FutureTask.java:191)
	at jetbrains.exodus.newLogConcept.MVCC.MVCCDataStructure.commitTransaction(MVCCDataStructure.java:299)
	at site.ycsb.db.XodusClient.insert(XodusClient.java:60)
	at site.ycsb.DBWrapper.insert(DBWrapper.java:227)
	at site.ycsb.workloads.CoreWorkload.doInsert(CoreWorkload.java:621)
	at site.ycsb.ClientThread.run(ClientThread.java:135)
	at java.base/java.lang.Thread.run(Thread.java:829)
Caused by: jetbrains.exodus.ExodusException
	at jetbrains.exodus.newLogConcept.garbageCollector.OperationLogGarbageCollector.moveAndRemoveRecordsFromLog(OperationLogGarbageCollector.java:69)
	at jetbrains.exodus.newLogConcept.garbageCollector.OperationLogGarbageCollector.clean(OperationLogGarbageCollector.java:51)
	at jetbrains.exodus.newLogConcept.MVCC.MVCCDataStructure.lambda$commitTransaction$1(MVCCDataStructure.java:297)
	at java.base/java.util.concurrent.Executors$RunnableAdapter.call(Executors.java:515)
	at java.base/java.util.concurrent.FutureTask.run(FutureTask.java:264)
	at java.base/java.util.concurrent.ThreadPoolExecutor.runWorker(ThreadPoolExecutor.java:1128)
	at java.base/java.util.concurrent.ThreadPoolExecutor$Worker.run(ThreadPoolExecutor.java:628)
	... 1 more
java.util.concurrent.ExecutionException: jetbrains.exodus.ExodusException
	at java.base/java.util.concurrent.FutureTask.report(FutureTask.java:122)
	at java.base/java.util.concurrent.FutureTask.get(FutureTask.java:191)
	at jetbrains.exodus.newLogConcept.MVCC.MVCCDataStructure.commitTransaction(MVCCDataStructure.java:299)
	at site.ycsb.db.XodusClient.insert(XodusClient.java:60)
	at site.ycsb.DBWrapper.insert(DBWrapper.java:227)
	at site.ycsb.workloads.CoreWorkload.doInsert(CoreWorkload.java:621)
	at site.ycsb.ClientThread.run(ClientThread.java:135)
	at java.base/java.lang.Thread.run(Thread.java:829)
Caused by: jetbrains.exodus.ExodusException
	at jetbrains.exodus.newLogConcept.garbageCollector.OperationLogGarbageCollector.moveAndRemoveRecordsFromLog(OperationLogGarbageCollector.java:69)
	at jetbrains.exodus.newLogConcept.garbageCollector.OperationLogGarbageCollector.clean(OperationLogGarbageCollector.java:51)
	at jetbrains.exodus.newLogConcept.MVCC.MVCCDataStructure.lambda$commitTransaction$1(MVCCDataStructure.java:297)
	at java.base/java.util.concurrent.Executors$RunnableAdapter.call(Executors.java:515)
	at java.base/java.util.concurrent.FutureTask.run(FutureTask.java:264)
	at java.base/java.util.concurrent.ThreadPoolExecutor.runWorker(ThreadPoolExecutor.java:1128)
	at java.base/java.util.concurrent.ThreadPoolExecutor$Worker.run(ThreadPoolExecutor.java:628)
	... 1 more
java.util.concurrent.ExecutionException: jetbrains.exodus.ExodusException
	at java.base/java.util.concurrent.FutureTask.report(FutureTask.java:122)
	at java.base/java.util.concurrent.FutureTask.get(FutureTask.java:191)
	at jetbrains.exodus.newLogConcept.MVCC.MVCCDataStructure.commitTransaction(MVCCDataStructure.java:299)
	at site.ycsb.db.XodusClient.insert(XodusClient.java:60)
	at site.ycsb.DBWrapper.insert(DBWrapper.java:227)
	at site.ycsb.workloads.CoreWorkload.doInsert(CoreWorkload.java:621)
	at site.ycsb.ClientThread.run(ClientThread.java:135)
	at java.base/java.lang.Thread.run(Thread.java:829)
Caused by: jetbrains.exodus.ExodusException
	at jetbrains.exodus.newLogConcept.garbageCollector.OperationLogGarbageCollector.moveAndRemoveRecordsFromLog(OperationLogGarbageCollector.java:69)
	at jetbrains.exodus.newLogConcept.garbageCollector.OperationLogGarbageCollector.clean(OperationLogGarbageCollector.java:51)
	at jetbrains.exodus.newLogConcept.MVCC.MVCCDataStructure.lambda$commitTransaction$1(MVCCDataStructure.java:297)
	at java.base/java.util.concurrent.Executors$RunnableAdapter.call(Executors.java:515)
	at java.base/java.util.concurrent.FutureTask.run(FutureTask.java:264)
	at java.base/java.util.concurrent.ThreadPoolExecutor.runWorker(ThreadPoolExecutor.java:1128)
	at java.base/java.util.concurrent.ThreadPoolExecutor$Worker.run(ThreadPoolExecutor.java:628)
	... 1 more
java.util.concurrent.ExecutionException: jetbrains.exodus.ExodusException
	at java.base/java.util.concurrent.FutureTask.report(FutureTask.java:122)
	at java.base/java.util.concurrent.FutureTask.get(FutureTask.java:191)
	at jetbrains.exodus.newLogConcept.MVCC.MVCCDataStructure.commitTransaction(MVCCDataStructure.java:299)
	at site.ycsb.db.XodusClient.insert(XodusClient.java:60)
	at site.ycsb.DBWrapper.insert(DBWrapper.java:227)
	at site.ycsb.workloads.CoreWorkload.doInsert(CoreWorkload.java:621)
	at site.ycsb.ClientThread.run(ClientThread.java:135)
	at java.base/java.lang.Thread.run(Thread.java:829)
Caused by: jetbrains.exodus.ExodusException
	at jetbrains.exodus.newLogConcept.garbageCollector.OperationLogGarbageCollector.moveAndRemoveRecordsFromLog(OperationLogGarbageCollector.java:69)
	at jetbrains.exodus.newLogConcept.garbageCollector.OperationLogGarbageCollector.clean(OperationLogGarbageCollector.java:51)
	at jetbrains.exodus.newLogConcept.MVCC.MVCCDataStructure.lambda$commitTransaction$1(MVCCDataStructure.java:297)
	at java.base/java.util.concurrent.Executors$RunnableAdapter.call(Executors.java:515)
	at java.base/java.util.concurrent.FutureTask.run(FutureTask.java:264)
	at java.base/java.util.concurrent.ThreadPoolExecutor.runWorker(ThreadPoolExecutor.java:1128)
	at java.base/java.util.concurrent.ThreadPoolExecutor$Worker.run(ThreadPoolExecutor.java:628)
	... 1 more
java.util.concurrent.ExecutionException: jetbrains.exodus.ExodusException
	at java.base/java.util.concurrent.FutureTask.report(FutureTask.java:122)
	at java.base/java.util.concurrent.FutureTask.get(FutureTask.java:191)
	at jetbrains.exodus.newLogConcept.MVCC.MVCCDataStructure.commitTransaction(MVCCDataStructure.java:299)
	at site.ycsb.db.XodusClient.insert(XodusClient.java:60)
	at site.ycsb.DBWrapper.insert(DBWrapper.java:227)
	at site.ycsb.workloads.CoreWorkload.doInsert(CoreWorkload.java:621)
	at site.ycsb.ClientThread.run(ClientThread.java:135)
	at java.base/java.lang.Thread.run(Thread.java:829)
Caused by: jetbrains.exodus.ExodusException
	at jetbrains.exodus.newLogConcept.garbageCollector.OperationLogGarbageCollector.moveAndRemoveRecordsFromLog(OperationLogGarbageCollector.java:69)
	at jetbrains.exodus.newLogConcept.garbageCollector.OperationLogGarbageCollector.clean(OperationLogGarbageCollector.java:51)
	at jetbrains.exodus.newLogConcept.MVCC.MVCCDataStructure.lambda$commitTransaction$1(MVCCDataStructure.java:297)
	at java.base/java.util.concurrent.Executors$RunnableAdapter.call(Executors.java:515)
	at java.base/java.util.concurrent.FutureTask.run(FutureTask.java:264)
	at java.base/java.util.concurrent.ThreadPoolExecutor.runWorker(ThreadPoolExecutor.java:1128)
	at java.base/java.util.concurrent.ThreadPoolExecutor$Worker.run(ThreadPoolExecutor.java:628)
	... 1 more
java.util.concurrent.ExecutionException: jetbrains.exodus.ExodusException
	at java.base/java.util.concurrent.FutureTask.report(FutureTask.java:122)
	at java.base/java.util.concurrent.FutureTask.get(FutureTask.java:191)
	at jetbrains.exodus.newLogConcept.MVCC.MVCCDataStructure.commitTransaction(MVCCDataStructure.java:299)
	at site.ycsb.db.XodusClient.insert(XodusClient.java:60)
	at site.ycsb.DBWrapper.insert(DBWrapper.java:227)
	at site.ycsb.workloads.CoreWorkload.doInsert(CoreWorkload.java:621)
	at site.ycsb.ClientThread.run(ClientThread.java:135)
	at java.base/java.lang.Thread.run(Thread.java:829)
Caused by: jetbrains.exodus.ExodusException
	at jetbrains.exodus.newLogConcept.garbageCollector.OperationLogGarbageCollector.moveAndRemoveRecordsFromLog(OperationLogGarbageCollector.java:69)
	at jetbrains.exodus.newLogConcept.garbageCollector.OperationLogGarbageCollector.clean(OperationLogGarbageCollector.java:51)
	at jetbrains.exodus.newLogConcept.MVCC.MVCCDataStructure.lambda$commitTransaction$1(MVCCDataStructure.java:297)
	at java.base/java.util.concurrent.Executors$RunnableAdapter.call(Executors.java:515)
	at java.base/java.util.concurrent.FutureTask.run(FutureTask.java:264)
	at java.base/java.util.concurrent.ThreadPoolExecutor.runWorker(ThreadPoolExecutor.java:1128)
	at java.base/java.util.concurrent.ThreadPoolExecutor$Worker.run(ThreadPoolExecutor.java:628)
	... 1 more
java.util.concurrent.ExecutionException: jetbrains.exodus.ExodusException
	at java.base/java.util.concurrent.FutureTask.report(FutureTask.java:122)
	at java.base/java.util.concurrent.FutureTask.get(FutureTask.java:191)
	at jetbrains.exodus.newLogConcept.MVCC.MVCCDataStructure.commitTransaction(MVCCDataStructure.java:299)
	at site.ycsb.db.XodusClient.insert(XodusClient.java:60)
	at site.ycsb.DBWrapper.insert(DBWrapper.java:227)
	at site.ycsb.workloads.CoreWorkload.doInsert(CoreWorkload.java:621)
	at site.ycsb.ClientThread.run(ClientThread.java:135)
	at java.base/java.lang.Thread.run(Thread.java:829)
Caused by: jetbrains.exodus.ExodusException
	at jetbrains.exodus.newLogConcept.garbageCollector.OperationLogGarbageCollector.moveAndRemoveRecordsFromLog(OperationLogGarbageCollector.java:69)
	at jetbrains.exodus.newLogConcept.garbageCollector.OperationLogGarbageCollector.clean(OperationLogGarbageCollector.java:51)
	at jetbrains.exodus.newLogConcept.MVCC.MVCCDataStructure.lambda$commitTransaction$1(MVCCDataStructure.java:297)
	at java.base/java.util.concurrent.Executors$RunnableAdapter.call(Executors.java:515)
	at java.base/java.util.concurrent.FutureTask.run(FutureTask.java:264)
	at java.base/java.util.concurrent.ThreadPoolExecutor.runWorker(ThreadPoolExecutor.java:1128)
	at java.base/java.util.concurrent.ThreadPoolExecutor$Worker.run(ThreadPoolExecutor.java:628)
	... 1 more
java.util.concurrent.ExecutionException: jetbrains.exodus.ExodusException
	at java.base/java.util.concurrent.FutureTask.report(FutureTask.java:122)
	at java.base/java.util.concurrent.FutureTask.get(FutureTask.java:191)
	at jetbrains.exodus.newLogConcept.MVCC.MVCCDataStructure.commitTransaction(MVCCDataStructure.java:299)
	at site.ycsb.db.XodusClient.insert(XodusClient.java:60)
	at site.ycsb.DBWrapper.insert(DBWrapper.java:227)
	at site.ycsb.workloads.CoreWorkload.doInsert(CoreWorkload.java:621)
	at site.ycsb.ClientThread.run(ClientThread.java:135)
	at java.base/java.lang.Thread.run(Thread.java:829)
Caused by: jetbrains.exodus.ExodusException
	at jetbrains.exodus.newLogConcept.garbageCollector.OperationLogGarbageCollector.moveAndRemoveRecordsFromLog(OperationLogGarbageCollector.java:69)
	at jetbrains.exodus.newLogConcept.garbageCollector.OperationLogGarbageCollector.clean(OperationLogGarbageCollector.java:51)
	at jetbrains.exodus.newLogConcept.MVCC.MVCCDataStructure.lambda$commitTransaction$1(MVCCDataStructure.java:297)
	at java.base/java.util.concurrent.Executors$RunnableAdapter.call(Executors.java:515)
	at java.base/java.util.concurrent.FutureTask.run(FutureTask.java:264)
	at java.base/java.util.concurrent.ThreadPoolExecutor.runWorker(ThreadPoolExecutor.java:1128)
	at java.base/java.util.concurrent.ThreadPoolExecutor$Worker.run(ThreadPoolExecutor.java:628)
	... 1 more
java.util.concurrent.ExecutionException: jetbrains.exodus.ExodusException
	at java.base/java.util.concurrent.FutureTask.report(FutureTask.java:122)
	at java.base/java.util.concurrent.FutureTask.get(FutureTask.java:191)
	at jetbrains.exodus.newLogConcept.MVCC.MVCCDataStructure.commitTransaction(MVCCDataStructure.java:299)
	at site.ycsb.db.XodusClient.insert(XodusClient.java:60)
	at site.ycsb.DBWrapper.insert(DBWrapper.java:227)
	at site.ycsb.workloads.CoreWorkload.doInsert(CoreWorkload.java:621)
	at site.ycsb.ClientThread.run(ClientThread.java:135)
	at java.base/java.lang.Thread.run(Thread.java:829)
Caused by: jetbrains.exodus.ExodusException
	at jetbrains.exodus.newLogConcept.garbageCollector.OperationLogGarbageCollector.moveAndRemoveRecordsFromLog(OperationLogGarbageCollector.java:69)
	at jetbrains.exodus.newLogConcept.garbageCollector.OperationLogGarbageCollector.clean(OperationLogGarbageCollector.java:51)
	at jetbrains.exodus.newLogConcept.MVCC.MVCCDataStructure.lambda$commitTransaction$1(MVCCDataStructure.java:297)
	at java.base/java.util.concurrent.Executors$RunnableAdapter.call(Executors.java:515)
	at java.base/java.util.concurrent.FutureTask.run(FutureTask.java:264)
	at java.base/java.util.concurrent.ThreadPoolExecutor.runWorker(ThreadPoolExecutor.java:1128)
	at java.base/java.util.concurrent.ThreadPoolExecutor$Worker.run(ThreadPoolExecutor.java:628)
	... 1 more
java.util.concurrent.ExecutionException: jetbrains.exodus.ExodusException
	at java.base/java.util.concurrent.FutureTask.report(FutureTask.java:122)
	at java.base/java.util.concurrent.FutureTask.get(FutureTask.java:191)
	at jetbrains.exodus.newLogConcept.MVCC.MVCCDataStructure.commitTransaction(MVCCDataStructure.java:299)
	at site.ycsb.db.XodusClient.insert(XodusClient.java:60)
	at site.ycsb.DBWrapper.insert(DBWrapper.java:227)
	at site.ycsb.workloads.CoreWorkload.doInsert(CoreWorkload.java:621)
	at site.ycsb.ClientThread.run(ClientThread.java:135)
	at java.base/java.lang.Thread.run(Thread.java:829)
Caused by: jetbrains.exodus.ExodusException
	at jetbrains.exodus.newLogConcept.garbageCollector.OperationLogGarbageCollector.moveAndRemoveRecordsFromLog(OperationLogGarbageCollector.java:69)
	at jetbrains.exodus.newLogConcept.garbageCollector.OperationLogGarbageCollector.clean(OperationLogGarbageCollector.java:51)
	at jetbrains.exodus.newLogConcept.MVCC.MVCCDataStructure.lambda$commitTransaction$1(MVCCDataStructure.java:297)
	at java.base/java.util.concurrent.Executors$RunnableAdapter.call(Executors.java:515)
	at java.base/java.util.concurrent.FutureTask.run(FutureTask.java:264)
	at java.base/java.util.concurrent.ThreadPoolExecutor.runWorker(ThreadPoolExecutor.java:1128)
	at java.base/java.util.concurrent.ThreadPoolExecutor$Worker.run(ThreadPoolExecutor.java:628)
	... 1 more
java.util.concurrent.ExecutionException: jetbrains.exodus.ExodusException
	at java.base/java.util.concurrent.FutureTask.report(FutureTask.java:122)
	at java.base/java.util.concurrent.FutureTask.get(FutureTask.java:191)
	at jetbrains.exodus.newLogConcept.MVCC.MVCCDataStructure.commitTransaction(MVCCDataStructure.java:299)
	at site.ycsb.db.XodusClient.insert(XodusClient.java:60)
	at site.ycsb.DBWrapper.insert(DBWrapper.java:227)
	at site.ycsb.workloads.CoreWorkload.doInsert(CoreWorkload.java:621)
	at site.ycsb.ClientThread.run(ClientThread.java:135)
	at java.base/java.lang.Thread.run(Thread.java:829)
Caused by: jetbrains.exodus.ExodusException
	at jetbrains.exodus.newLogConcept.garbageCollector.OperationLogGarbageCollector.moveAndRemoveRecordsFromLog(OperationLogGarbageCollector.java:69)
	at jetbrains.exodus.newLogConcept.garbageCollector.OperationLogGarbageCollector.clean(OperationLogGarbageCollector.java:51)
	at jetbrains.exodus.newLogConcept.MVCC.MVCCDataStructure.lambda$commitTransaction$1(MVCCDataStructure.java:297)
	at java.base/java.util.concurrent.Executors$RunnableAdapter.call(Executors.java:515)
	at java.base/java.util.concurrent.FutureTask.run(FutureTask.java:264)
	at java.base/java.util.concurrent.ThreadPoolExecutor.runWorker(ThreadPoolExecutor.java:1128)
	at java.base/java.util.concurrent.ThreadPoolExecutor$Worker.run(ThreadPoolExecutor.java:628)
	... 1 more
java.util.concurrent.ExecutionException: jetbrains.exodus.ExodusException
	at java.base/java.util.concurrent.FutureTask.report(FutureTask.java:122)
	at java.base/java.util.concurrent.FutureTask.get(FutureTask.java:191)
	at jetbrains.exodus.newLogConcept.MVCC.MVCCDataStructure.commitTransaction(MVCCDataStructure.java:299)
	at site.ycsb.db.XodusClient.insert(XodusClient.java:60)
	at site.ycsb.DBWrapper.insert(DBWrapper.java:227)
	at site.ycsb.workloads.CoreWorkload.doInsert(CoreWorkload.java:621)
	at site.ycsb.ClientThread.run(ClientThread.java:135)
	at java.base/java.lang.Thread.run(Thread.java:829)
Caused by: jetbrains.exodus.ExodusException
	at jetbrains.exodus.newLogConcept.garbageCollector.OperationLogGarbageCollector.moveAndRemoveRecordsFromLog(OperationLogGarbageCollector.java:69)
	at jetbrains.exodus.newLogConcept.garbageCollector.OperationLogGarbageCollector.clean(OperationLogGarbageCollector.java:51)
	at jetbrains.exodus.newLogConcept.MVCC.MVCCDataStructure.lambda$commitTransaction$1(MVCCDataStructure.java:297)
	at java.base/java.util.concurrent.Executors$RunnableAdapter.call(Executors.java:515)
	at java.base/java.util.concurrent.FutureTask.run(FutureTask.java:264)
	at java.base/java.util.concurrent.ThreadPoolExecutor.runWorker(ThreadPoolExecutor.java:1128)
	at java.base/java.util.concurrent.ThreadPoolExecutor$Worker.run(ThreadPoolExecutor.java:628)
	... 1 more
java.util.concurrent.ExecutionException: jetbrains.exodus.ExodusException
	at java.base/java.util.concurrent.FutureTask.report(FutureTask.java:122)
	at java.base/java.util.concurrent.FutureTask.get(FutureTask.java:191)
	at jetbrains.exodus.newLogConcept.MVCC.MVCCDataStructure.commitTransaction(MVCCDataStructure.java:299)
	at site.ycsb.db.XodusClient.insert(XodusClient.java:60)
	at site.ycsb.DBWrapper.insert(DBWrapper.java:227)
	at site.ycsb.workloads.CoreWorkload.doInsert(CoreWorkload.java:621)
	at site.ycsb.ClientThread.run(ClientThread.java:135)
	at java.base/java.lang.Thread.run(Thread.java:829)
Caused by: jetbrains.exodus.ExodusException
	at jetbrains.exodus.newLogConcept.garbageCollector.OperationLogGarbageCollector.moveAndRemoveRecordsFromLog(OperationLogGarbageCollector.java:69)
	at jetbrains.exodus.newLogConcept.garbageCollector.OperationLogGarbageCollector.clean(OperationLogGarbageCollector.java:51)
	at jetbrains.exodus.newLogConcept.MVCC.MVCCDataStructure.lambda$commitTransaction$1(MVCCDataStructure.java:297)
	at java.base/java.util.concurrent.Executors$RunnableAdapter.call(Executors.java:515)
	at java.base/java.util.concurrent.FutureTask.run(FutureTask.java:264)
	at java.base/java.util.concurrent.ThreadPoolExecutor.runWorker(ThreadPoolExecutor.java:1128)
	at java.base/java.util.concurrent.ThreadPoolExecutor$Worker.run(ThreadPoolExecutor.java:628)
	... 1 more
java.util.concurrent.ExecutionException: jetbrains.exodus.ExodusException
	at java.base/java.util.concurrent.FutureTask.report(FutureTask.java:122)
	at java.base/java.util.concurrent.FutureTask.get(FutureTask.java:191)
	at jetbrains.exodus.newLogConcept.MVCC.MVCCDataStructure.commitTransaction(MVCCDataStructure.java:299)
	at site.ycsb.db.XodusClient.insert(XodusClient.java:60)
	at site.ycsb.DBWrapper.insert(DBWrapper.java:227)
	at site.ycsb.workloads.CoreWorkload.doInsert(CoreWorkload.java:621)
	at site.ycsb.ClientThread.run(ClientThread.java:135)
	at java.base/java.lang.Thread.run(Thread.java:829)
Caused by: jetbrains.exodus.ExodusException
	at jetbrains.exodus.newLogConcept.garbageCollector.OperationLogGarbageCollector.moveAndRemoveRecordsFromLog(OperationLogGarbageCollector.java:69)
	at jetbrains.exodus.newLogConcept.garbageCollector.OperationLogGarbageCollector.clean(OperationLogGarbageCollector.java:51)
	at jetbrains.exodus.newLogConcept.MVCC.MVCCDataStructure.lambda$commitTransaction$1(MVCCDataStructure.java:297)
	at java.base/java.util.concurrent.Executors$RunnableAdapter.call(Executors.java:515)
	at java.base/java.util.concurrent.FutureTask.run(FutureTask.java:264)
	at java.base/java.util.concurrent.ThreadPoolExecutor.runWorker(ThreadPoolExecutor.java:1128)
	at java.base/java.util.concurrent.ThreadPoolExecutor$Worker.run(ThreadPoolExecutor.java:628)
	... 1 more
java.util.concurrent.ExecutionException: jetbrains.exodus.ExodusException
	at java.base/java.util.concurrent.FutureTask.report(FutureTask.java:122)
	at java.base/java.util.concurrent.FutureTask.get(FutureTask.java:191)
	at jetbrains.exodus.newLogConcept.MVCC.MVCCDataStructure.commitTransaction(MVCCDataStructure.java:299)
	at site.ycsb.db.XodusClient.insert(XodusClient.java:60)
	at site.ycsb.DBWrapper.insert(DBWrapper.java:227)
	at site.ycsb.workloads.CoreWorkload.doInsert(CoreWorkload.java:621)
	at site.ycsb.ClientThread.run(ClientThread.java:135)
	at java.base/java.lang.Thread.run(Thread.java:829)
Caused by: jetbrains.exodus.ExodusException
	at jetbrains.exodus.newLogConcept.garbageCollector.OperationLogGarbageCollector.moveAndRemoveRecordsFromLog(OperationLogGarbageCollector.java:69)
	at jetbrains.exodus.newLogConcept.garbageCollector.OperationLogGarbageCollector.clean(OperationLogGarbageCollector.java:51)
	at jetbrains.exodus.newLogConcept.MVCC.MVCCDataStructure.lambda$commitTransaction$1(MVCCDataStructure.java:297)
	at java.base/java.util.concurrent.Executors$RunnableAdapter.call(Executors.java:515)
	at java.base/java.util.concurrent.FutureTask.run(FutureTask.java:264)
	at java.base/java.util.concurrent.ThreadPoolExecutor.runWorker(ThreadPoolExecutor.java:1128)
	at java.base/java.util.concurrent.ThreadPoolExecutor$Worker.run(ThreadPoolExecutor.java:628)
	... 1 more
java.util.concurrent.ExecutionException: jetbrains.exodus.ExodusException
	at java.base/java.util.concurrent.FutureTask.report(FutureTask.java:122)
	at java.base/java.util.concurrent.FutureTask.get(FutureTask.java:191)
	at jetbrains.exodus.newLogConcept.MVCC.MVCCDataStructure.commitTransaction(MVCCDataStructure.java:299)
	at site.ycsb.db.XodusClient.insert(XodusClient.java:60)
	at site.ycsb.DBWrapper.insert(DBWrapper.java:227)
	at site.ycsb.workloads.CoreWorkload.doInsert(CoreWorkload.java:621)
	at site.ycsb.ClientThread.run(ClientThread.java:135)
	at java.base/java.lang.Thread.run(Thread.java:829)
Caused by: jetbrains.exodus.ExodusException
	at jetbrains.exodus.newLogConcept.garbageCollector.OperationLogGarbageCollector.moveAndRemoveRecordsFromLog(OperationLogGarbageCollector.java:69)
	at jetbrains.exodus.newLogConcept.garbageCollector.OperationLogGarbageCollector.clean(OperationLogGarbageCollector.java:51)
	at jetbrains.exodus.newLogConcept.MVCC.MVCCDataStructure.lambda$commitTransaction$1(MVCCDataStructure.java:297)
	at java.base/java.util.concurrent.Executors$RunnableAdapter.call(Executors.java:515)
	at java.base/java.util.concurrent.FutureTask.run(FutureTask.java:264)
	at java.base/java.util.concurrent.ThreadPoolExecutor.runWorker(ThreadPoolExecutor.java:1128)
	at java.base/java.util.concurrent.ThreadPoolExecutor$Worker.run(ThreadPoolExecutor.java:628)
	... 1 more
java.util.concurrent.ExecutionException: jetbrains.exodus.ExodusException
	at java.base/java.util.concurrent.FutureTask.report(FutureTask.java:122)
	at java.base/java.util.concurrent.FutureTask.get(FutureTask.java:191)
	at jetbrains.exodus.newLogConcept.MVCC.MVCCDataStructure.commitTransaction(MVCCDataStructure.java:299)
	at site.ycsb.db.XodusClient.insert(XodusClient.java:60)
	at site.ycsb.DBWrapper.insert(DBWrapper.java:227)
	at site.ycsb.workloads.CoreWorkload.doInsert(CoreWorkload.java:621)
	at site.ycsb.ClientThread.run(ClientThread.java:135)
	at java.base/java.lang.Thread.run(Thread.java:829)
Caused by: jetbrains.exodus.ExodusException
	at jetbrains.exodus.newLogConcept.garbageCollector.OperationLogGarbageCollector.moveAndRemoveRecordsFromLog(OperationLogGarbageCollector.java:69)
	at jetbrains.exodus.newLogConcept.garbageCollector.OperationLogGarbageCollector.clean(OperationLogGarbageCollector.java:51)
	at jetbrains.exodus.newLogConcept.MVCC.MVCCDataStructure.lambda$commitTransaction$1(MVCCDataStructure.java:297)
	at java.base/java.util.concurrent.Executors$RunnableAdapter.call(Executors.java:515)
	at java.base/java.util.concurrent.FutureTask.run(FutureTask.java:264)
	at java.base/java.util.concurrent.ThreadPoolExecutor.runWorker(ThreadPoolExecutor.java:1128)
	at java.base/java.util.concurrent.ThreadPoolExecutor$Worker.run(ThreadPoolExecutor.java:628)
	... 1 more
java.util.concurrent.ExecutionException: jetbrains.exodus.ExodusException
	at java.base/java.util.concurrent.FutureTask.report(FutureTask.java:122)
	at java.base/java.util.concurrent.FutureTask.get(FutureTask.java:191)
	at jetbrains.exodus.newLogConcept.MVCC.MVCCDataStructure.commitTransaction(MVCCDataStructure.java:299)
	at site.ycsb.db.XodusClient.insert(XodusClient.java:60)
	at site.ycsb.DBWrapper.insert(DBWrapper.java:227)
	at site.ycsb.workloads.CoreWorkload.doInsert(CoreWorkload.java:621)
	at site.ycsb.ClientThread.run(ClientThread.java:135)
	at java.base/java.lang.Thread.run(Thread.java:829)
Caused by: jetbrains.exodus.ExodusException
	at jetbrains.exodus.newLogConcept.garbageCollector.OperationLogGarbageCollector.moveAndRemoveRecordsFromLog(OperationLogGarbageCollector.java:69)
	at jetbrains.exodus.newLogConcept.garbageCollector.OperationLogGarbageCollector.clean(OperationLogGarbageCollector.java:51)
	at jetbrains.exodus.newLogConcept.MVCC.MVCCDataStructure.lambda$commitTransaction$1(MVCCDataStructure.java:297)
	at java.base/java.util.concurrent.Executors$RunnableAdapter.call(Executors.java:515)
	at java.base/java.util.concurrent.FutureTask.run(FutureTask.java:264)
	at java.base/java.util.concurrent.ThreadPoolExecutor.runWorker(ThreadPoolExecutor.java:1128)
	at java.base/java.util.concurrent.ThreadPoolExecutor$Worker.run(ThreadPoolExecutor.java:628)
	... 1 more
java.util.concurrent.ExecutionException: jetbrains.exodus.ExodusException
	at java.base/java.util.concurrent.FutureTask.report(FutureTask.java:122)
	at java.base/java.util.concurrent.FutureTask.get(FutureTask.java:191)
	at jetbrains.exodus.newLogConcept.MVCC.MVCCDataStructure.commitTransaction(MVCCDataStructure.java:299)
	at site.ycsb.db.XodusClient.insert(XodusClient.java:60)
	at site.ycsb.DBWrapper.insert(DBWrapper.java:227)
	at site.ycsb.workloads.CoreWorkload.doInsert(CoreWorkload.java:621)
	at site.ycsb.ClientThread.run(ClientThread.java:135)
	at java.base/java.lang.Thread.run(Thread.java:829)
Caused by: jetbrains.exodus.ExodusException
	at jetbrains.exodus.newLogConcept.garbageCollector.OperationLogGarbageCollector.moveAndRemoveRecordsFromLog(OperationLogGarbageCollector.java:69)
	at jetbrains.exodus.newLogConcept.garbageCollector.OperationLogGarbageCollector.clean(OperationLogGarbageCollector.java:51)
	at jetbrains.exodus.newLogConcept.MVCC.MVCCDataStructure.lambda$commitTransaction$1(MVCCDataStructure.java:297)
	at java.base/java.util.concurrent.Executors$RunnableAdapter.call(Executors.java:515)
	at java.base/java.util.concurrent.FutureTask.run(FutureTask.java:264)
	at java.base/java.util.concurrent.ThreadPoolExecutor.runWorker(ThreadPoolExecutor.java:1128)
	at java.base/java.util.concurrent.ThreadPoolExecutor$Worker.run(ThreadPoolExecutor.java:628)
	... 1 more
java.util.concurrent.ExecutionException: jetbrains.exodus.ExodusException
	at java.base/java.util.concurrent.FutureTask.report(FutureTask.java:122)
	at java.base/java.util.concurrent.FutureTask.get(FutureTask.java:191)
	at jetbrains.exodus.newLogConcept.MVCC.MVCCDataStructure.commitTransaction(MVCCDataStructure.java:299)
	at site.ycsb.db.XodusClient.insert(XodusClient.java:60)
	at site.ycsb.DBWrapper.insert(DBWrapper.java:227)
	at site.ycsb.workloads.CoreWorkload.doInsert(CoreWorkload.java:621)
	at site.ycsb.ClientThread.run(ClientThread.java:135)
	at java.base/java.lang.Thread.run(Thread.java:829)
Caused by: jetbrains.exodus.ExodusException
	at jetbrains.exodus.newLogConcept.garbageCollector.OperationLogGarbageCollector.moveAndRemoveRecordsFromLog(OperationLogGarbageCollector.java:69)
	at jetbrains.exodus.newLogConcept.garbageCollector.OperationLogGarbageCollector.clean(OperationLogGarbageCollector.java:51)
	at jetbrains.exodus.newLogConcept.MVCC.MVCCDataStructure.lambda$commitTransaction$1(MVCCDataStructure.java:297)
	at java.base/java.util.concurrent.Executors$RunnableAdapter.call(Executors.java:515)
	at java.base/java.util.concurrent.FutureTask.run(FutureTask.java:264)
	at java.base/java.util.concurrent.ThreadPoolExecutor.runWorker(ThreadPoolExecutor.java:1128)
	at java.base/java.util.concurrent.ThreadPoolExecutor$Worker.run(ThreadPoolExecutor.java:628)
	... 1 more
java.util.concurrent.ExecutionException: jetbrains.exodus.ExodusException
	at java.base/java.util.concurrent.FutureTask.report(FutureTask.java:122)
	at java.base/java.util.concurrent.FutureTask.get(FutureTask.java:191)
	at jetbrains.exodus.newLogConcept.MVCC.MVCCDataStructure.commitTransaction(MVCCDataStructure.java:299)
	at site.ycsb.db.XodusClient.insert(XodusClient.java:60)
	at site.ycsb.DBWrapper.insert(DBWrapper.java:227)
	at site.ycsb.workloads.CoreWorkload.doInsert(CoreWorkload.java:621)
	at site.ycsb.ClientThread.run(ClientThread.java:135)
	at java.base/java.lang.Thread.run(Thread.java:829)
Caused by: jetbrains.exodus.ExodusException
	at jetbrains.exodus.newLogConcept.garbageCollector.OperationLogGarbageCollector.moveAndRemoveRecordsFromLog(OperationLogGarbageCollector.java:69)
	at jetbrains.exodus.newLogConcept.garbageCollector.OperationLogGarbageCollector.clean(OperationLogGarbageCollector.java:51)
	at jetbrains.exodus.newLogConcept.MVCC.MVCCDataStructure.lambda$commitTransaction$1(MVCCDataStructure.java:297)
	at java.base/java.util.concurrent.Executors$RunnableAdapter.call(Executors.java:515)
	at java.base/java.util.concurrent.FutureTask.run(FutureTask.java:264)
	at java.base/java.util.concurrent.ThreadPoolExecutor.runWorker(ThreadPoolExecutor.java:1128)
	at java.base/java.util.concurrent.ThreadPoolExecutor$Worker.run(ThreadPoolExecutor.java:628)
	... 1 more
java.util.concurrent.ExecutionException: jetbrains.exodus.ExodusException
	at java.base/java.util.concurrent.FutureTask.report(FutureTask.java:122)
	at java.base/java.util.concurrent.FutureTask.get(FutureTask.java:191)
	at jetbrains.exodus.newLogConcept.MVCC.MVCCDataStructure.commitTransaction(MVCCDataStructure.java:299)
	at site.ycsb.db.XodusClient.insert(XodusClient.java:60)
	at site.ycsb.DBWrapper.insert(DBWrapper.java:227)
	at site.ycsb.workloads.CoreWorkload.doInsert(CoreWorkload.java:621)
	at site.ycsb.ClientThread.run(ClientThread.java:135)
	at java.base/java.lang.Thread.run(Thread.java:829)
Caused by: jetbrains.exodus.ExodusException
	at jetbrains.exodus.newLogConcept.garbageCollector.OperationLogGarbageCollector.moveAndRemoveRecordsFromLog(OperationLogGarbageCollector.java:69)
	at jetbrains.exodus.newLogConcept.garbageCollector.OperationLogGarbageCollector.clean(OperationLogGarbageCollector.java:51)
	at jetbrains.exodus.newLogConcept.MVCC.MVCCDataStructure.lambda$commitTransaction$1(MVCCDataStructure.java:297)
	at java.base/java.util.concurrent.Executors$RunnableAdapter.call(Executors.java:515)
	at java.base/java.util.concurrent.FutureTask.run(FutureTask.java:264)
	at java.base/java.util.concurrent.ThreadPoolExecutor.runWorker(ThreadPoolExecutor.java:1128)
	at java.base/java.util.concurrent.ThreadPoolExecutor$Worker.run(ThreadPoolExecutor.java:628)
	... 1 more
java.util.concurrent.ExecutionException: jetbrains.exodus.ExodusException
	at java.base/java.util.concurrent.FutureTask.report(FutureTask.java:122)
	at java.base/java.util.concurrent.FutureTask.get(FutureTask.java:191)
	at jetbrains.exodus.newLogConcept.MVCC.MVCCDataStructure.commitTransaction(MVCCDataStructure.java:299)
	at site.ycsb.db.XodusClient.insert(XodusClient.java:60)
	at site.ycsb.DBWrapper.insert(DBWrapper.java:227)
	at site.ycsb.workloads.CoreWorkload.doInsert(CoreWorkload.java:621)
	at site.ycsb.ClientThread.run(ClientThread.java:135)
	at java.base/java.lang.Thread.run(Thread.java:829)
Caused by: jetbrains.exodus.ExodusException
	at jetbrains.exodus.newLogConcept.garbageCollector.OperationLogGarbageCollector.moveAndRemoveRecordsFromLog(OperationLogGarbageCollector.java:69)
	at jetbrains.exodus.newLogConcept.garbageCollector.OperationLogGarbageCollector.clean(OperationLogGarbageCollector.java:51)
	at jetbrains.exodus.newLogConcept.MVCC.MVCCDataStructure.lambda$commitTransaction$1(MVCCDataStructure.java:297)
	at java.base/java.util.concurrent.Executors$RunnableAdapter.call(Executors.java:515)
	at java.base/java.util.concurrent.FutureTask.run(FutureTask.java:264)
	at java.base/java.util.concurrent.ThreadPoolExecutor.runWorker(ThreadPoolExecutor.java:1128)
	at java.base/java.util.concurrent.ThreadPoolExecutor$Worker.run(ThreadPoolExecutor.java:628)
	... 1 more
java.util.concurrent.ExecutionException: jetbrains.exodus.ExodusException
	at java.base/java.util.concurrent.FutureTask.report(FutureTask.java:122)
	at java.base/java.util.concurrent.FutureTask.get(FutureTask.java:191)
	at jetbrains.exodus.newLogConcept.MVCC.MVCCDataStructure.commitTransaction(MVCCDataStructure.java:299)
	at site.ycsb.db.XodusClient.insert(XodusClient.java:60)
	at site.ycsb.DBWrapper.insert(DBWrapper.java:227)
	at site.ycsb.workloads.CoreWorkload.doInsert(CoreWorkload.java:621)
	at site.ycsb.ClientThread.run(ClientThread.java:135)
	at java.base/java.lang.Thread.run(Thread.java:829)
Caused by: jetbrains.exodus.ExodusException
	at jetbrains.exodus.newLogConcept.garbageCollector.OperationLogGarbageCollector.moveAndRemoveRecordsFromLog(OperationLogGarbageCollector.java:69)
	at jetbrains.exodus.newLogConcept.garbageCollector.OperationLogGarbageCollector.clean(OperationLogGarbageCollector.java:51)
	at jetbrains.exodus.newLogConcept.MVCC.MVCCDataStructure.lambda$commitTransaction$1(MVCCDataStructure.java:297)
	at java.base/java.util.concurrent.Executors$RunnableAdapter.call(Executors.java:515)
	at java.base/java.util.concurrent.FutureTask.run(FutureTask.java:264)
	at java.base/java.util.concurrent.ThreadPoolExecutor.runWorker(ThreadPoolExecutor.java:1128)
	at java.base/java.util.concurrent.ThreadPoolExecutor$Worker.run(ThreadPoolExecutor.java:628)
	... 1 more
java.util.concurrent.ExecutionException: jetbrains.exodus.ExodusException
	at java.base/java.util.concurrent.FutureTask.report(FutureTask.java:122)
	at java.base/java.util.concurrent.FutureTask.get(FutureTask.java:191)
	at jetbrains.exodus.newLogConcept.MVCC.MVCCDataStructure.commitTransaction(MVCCDataStructure.java:299)
	at site.ycsb.db.XodusClient.insert(XodusClient.java:60)
	at site.ycsb.DBWrapper.insert(DBWrapper.java:227)
	at site.ycsb.workloads.CoreWorkload.doInsert(CoreWorkload.java:621)
	at site.ycsb.ClientThread.run(ClientThread.java:135)
	at java.base/java.lang.Thread.run(Thread.java:829)
Caused by: jetbrains.exodus.ExodusException
	at jetbrains.exodus.newLogConcept.garbageCollector.OperationLogGarbageCollector.moveAndRemoveRecordsFromLog(OperationLogGarbageCollector.java:69)
	at jetbrains.exodus.newLogConcept.garbageCollector.OperationLogGarbageCollector.clean(OperationLogGarbageCollector.java:51)
	at jetbrains.exodus.newLogConcept.MVCC.MVCCDataStructure.lambda$commitTransaction$1(MVCCDataStructure.java:297)
	at java.base/java.util.concurrent.Executors$RunnableAdapter.call(Executors.java:515)
	at java.base/java.util.concurrent.FutureTask.run(FutureTask.java:264)
	at java.base/java.util.concurrent.ThreadPoolExecutor.runWorker(ThreadPoolExecutor.java:1128)
	at java.base/java.util.concurrent.ThreadPoolExecutor$Worker.run(ThreadPoolExecutor.java:628)
	... 1 more
java.util.concurrent.ExecutionException: jetbrains.exodus.ExodusException
	at java.base/java.util.concurrent.FutureTask.report(FutureTask.java:122)
	at java.base/java.util.concurrent.FutureTask.get(FutureTask.java:191)
	at jetbrains.exodus.newLogConcept.MVCC.MVCCDataStructure.commitTransaction(MVCCDataStructure.java:299)
	at site.ycsb.db.XodusClient.insert(XodusClient.java:60)
	at site.ycsb.DBWrapper.insert(DBWrapper.java:227)
	at site.ycsb.workloads.CoreWorkload.doInsert(CoreWorkload.java:621)
	at site.ycsb.ClientThread.run(ClientThread.java:135)
	at java.base/java.lang.Thread.run(Thread.java:829)
Caused by: jetbrains.exodus.ExodusException
	at jetbrains.exodus.newLogConcept.garbageCollector.OperationLogGarbageCollector.moveAndRemoveRecordsFromLog(OperationLogGarbageCollector.java:69)
	at jetbrains.exodus.newLogConcept.garbageCollector.OperationLogGarbageCollector.clean(OperationLogGarbageCollector.java:51)
	at jetbrains.exodus.newLogConcept.MVCC.MVCCDataStructure.lambda$commitTransaction$1(MVCCDataStructure.java:297)
	at java.base/java.util.concurrent.Executors$RunnableAdapter.call(Executors.java:515)
	at java.base/java.util.concurrent.FutureTask.run(FutureTask.java:264)
	at java.base/java.util.concurrent.ThreadPoolExecutor.runWorker(ThreadPoolExecutor.java:1128)
	at java.base/java.util.concurrent.ThreadPoolExecutor$Worker.run(ThreadPoolExecutor.java:628)
	... 1 more
java.util.concurrent.ExecutionException: jetbrains.exodus.ExodusException
	at java.base/java.util.concurrent.FutureTask.report(FutureTask.java:122)
	at java.base/java.util.concurrent.FutureTask.get(FutureTask.java:191)
	at jetbrains.exodus.newLogConcept.MVCC.MVCCDataStructure.commitTransaction(MVCCDataStructure.java:299)
	at site.ycsb.db.XodusClient.insert(XodusClient.java:60)
	at site.ycsb.DBWrapper.insert(DBWrapper.java:227)
	at site.ycsb.workloads.CoreWorkload.doInsert(CoreWorkload.java:621)
	at site.ycsb.ClientThread.run(ClientThread.java:135)
	at java.base/java.lang.Thread.run(Thread.java:829)
Caused by: jetbrains.exodus.ExodusException
	at jetbrains.exodus.newLogConcept.garbageCollector.OperationLogGarbageCollector.moveAndRemoveRecordsFromLog(OperationLogGarbageCollector.java:69)
	at jetbrains.exodus.newLogConcept.garbageCollector.OperationLogGarbageCollector.clean(OperationLogGarbageCollector.java:51)
	at jetbrains.exodus.newLogConcept.MVCC.MVCCDataStructure.lambda$commitTransaction$1(MVCCDataStructure.java:297)
	at java.base/java.util.concurrent.Executors$RunnableAdapter.call(Executors.java:515)
	at java.base/java.util.concurrent.FutureTask.run(FutureTask.java:264)
	at java.base/java.util.concurrent.ThreadPoolExecutor.runWorker(ThreadPoolExecutor.java:1128)
	at java.base/java.util.concurrent.ThreadPoolExecutor$Worker.run(ThreadPoolExecutor.java:628)
	... 1 more
java.util.concurrent.ExecutionException: jetbrains.exodus.ExodusException
	at java.base/java.util.concurrent.FutureTask.report(FutureTask.java:122)
	at java.base/java.util.concurrent.FutureTask.get(FutureTask.java:191)
	at jetbrains.exodus.newLogConcept.MVCC.MVCCDataStructure.commitTransaction(MVCCDataStructure.java:299)
	at site.ycsb.db.XodusClient.insert(XodusClient.java:60)
	at site.ycsb.DBWrapper.insert(DBWrapper.java:227)
	at site.ycsb.workloads.CoreWorkload.doInsert(CoreWorkload.java:621)
	at site.ycsb.ClientThread.run(ClientThread.java:135)
	at java.base/java.lang.Thread.run(Thread.java:829)
Caused by: jetbrains.exodus.ExodusException
	at jetbrains.exodus.newLogConcept.garbageCollector.OperationLogGarbageCollector.moveAndRemoveRecordsFromLog(OperationLogGarbageCollector.java:69)
	at jetbrains.exodus.newLogConcept.garbageCollector.OperationLogGarbageCollector.clean(OperationLogGarbageCollector.java:51)
	at jetbrains.exodus.newLogConcept.MVCC.MVCCDataStructure.lambda$commitTransaction$1(MVCCDataStructure.java:297)
	at java.base/java.util.concurrent.Executors$RunnableAdapter.call(Executors.java:515)
	at java.base/java.util.concurrent.FutureTask.run(FutureTask.java:264)
	at java.base/java.util.concurrent.ThreadPoolExecutor.runWorker(ThreadPoolExecutor.java:1128)
	at java.base/java.util.concurrent.ThreadPoolExecutor$Worker.run(ThreadPoolExecutor.java:628)
	... 1 more
java.util.concurrent.ExecutionException: jetbrains.exodus.ExodusException
	at java.base/java.util.concurrent.FutureTask.report(FutureTask.java:122)
	at java.base/java.util.concurrent.FutureTask.get(FutureTask.java:191)
	at jetbrains.exodus.newLogConcept.MVCC.MVCCDataStructure.commitTransaction(MVCCDataStructure.java:299)
	at site.ycsb.db.XodusClient.insert(XodusClient.java:60)
	at site.ycsb.DBWrapper.insert(DBWrapper.java:227)
	at site.ycsb.workloads.CoreWorkload.doInsert(CoreWorkload.java:621)
	at site.ycsb.ClientThread.run(ClientThread.java:135)
	at java.base/java.lang.Thread.run(Thread.java:829)
Caused by: jetbrains.exodus.ExodusException
	at jetbrains.exodus.newLogConcept.garbageCollector.OperationLogGarbageCollector.moveAndRemoveRecordsFromLog(OperationLogGarbageCollector.java:69)
	at jetbrains.exodus.newLogConcept.garbageCollector.OperationLogGarbageCollector.clean(OperationLogGarbageCollector.java:51)
	at jetbrains.exodus.newLogConcept.MVCC.MVCCDataStructure.lambda$commitTransaction$1(MVCCDataStructure.java:297)
	at java.base/java.util.concurrent.Executors$RunnableAdapter.call(Executors.java:515)
	at java.base/java.util.concurrent.FutureTask.run(FutureTask.java:264)
	at java.base/java.util.concurrent.ThreadPoolExecutor.runWorker(ThreadPoolExecutor.java:1128)
	at java.base/java.util.concurrent.ThreadPoolExecutor$Worker.run(ThreadPoolExecutor.java:628)
	... 1 more
java.util.concurrent.ExecutionException: jetbrains.exodus.ExodusException
	at java.base/java.util.concurrent.FutureTask.report(FutureTask.java:122)
	at java.base/java.util.concurrent.FutureTask.get(FutureTask.java:191)
	at jetbrains.exodus.newLogConcept.MVCC.MVCCDataStructure.commitTransaction(MVCCDataStructure.java:299)
	at site.ycsb.db.XodusClient.insert(XodusClient.java:60)
	at site.ycsb.DBWrapper.insert(DBWrapper.java:227)
	at site.ycsb.workloads.CoreWorkload.doInsert(CoreWorkload.java:621)
	at site.ycsb.ClientThread.run(ClientThread.java:135)
	at java.base/java.lang.Thread.run(Thread.java:829)
Caused by: jetbrains.exodus.ExodusException
	at jetbrains.exodus.newLogConcept.garbageCollector.OperationLogGarbageCollector.moveAndRemoveRecordsFromLog(OperationLogGarbageCollector.java:69)
	at jetbrains.exodus.newLogConcept.garbageCollector.OperationLogGarbageCollector.clean(OperationLogGarbageCollector.java:51)
	at jetbrains.exodus.newLogConcept.MVCC.MVCCDataStructure.lambda$commitTransaction$1(MVCCDataStructure.java:297)
	at java.base/java.util.concurrent.Executors$RunnableAdapter.call(Executors.java:515)
	at java.base/java.util.concurrent.FutureTask.run(FutureTask.java:264)
	at java.base/java.util.concurrent.ThreadPoolExecutor.runWorker(ThreadPoolExecutor.java:1128)
	at java.base/java.util.concurrent.ThreadPoolExecutor$Worker.run(ThreadPoolExecutor.java:628)
	... 1 more
java.util.concurrent.ExecutionException: jetbrains.exodus.ExodusException
	at java.base/java.util.concurrent.FutureTask.report(FutureTask.java:122)
	at java.base/java.util.concurrent.FutureTask.get(FutureTask.java:191)
	at jetbrains.exodus.newLogConcept.MVCC.MVCCDataStructure.commitTransaction(MVCCDataStructure.java:299)
	at site.ycsb.db.XodusClient.insert(XodusClient.java:60)
	at site.ycsb.DBWrapper.insert(DBWrapper.java:227)
	at site.ycsb.workloads.CoreWorkload.doInsert(CoreWorkload.java:621)
	at site.ycsb.ClientThread.run(ClientThread.java:135)
	at java.base/java.lang.Thread.run(Thread.java:829)
Caused by: jetbrains.exodus.ExodusException
	at jetbrains.exodus.newLogConcept.garbageCollector.OperationLogGarbageCollector.moveAndRemoveRecordsFromLog(OperationLogGarbageCollector.java:69)
	at jetbrains.exodus.newLogConcept.garbageCollector.OperationLogGarbageCollector.clean(OperationLogGarbageCollector.java:51)
	at jetbrains.exodus.newLogConcept.MVCC.MVCCDataStructure.lambda$commitTransaction$1(MVCCDataStructure.java:297)
	at java.base/java.util.concurrent.Executors$RunnableAdapter.call(Executors.java:515)
	at java.base/java.util.concurrent.FutureTask.run(FutureTask.java:264)
	at java.base/java.util.concurrent.ThreadPoolExecutor.runWorker(ThreadPoolExecutor.java:1128)
	at java.base/java.util.concurrent.ThreadPoolExecutor$Worker.run(ThreadPoolExecutor.java:628)
	... 1 more
java.util.concurrent.ExecutionException: jetbrains.exodus.ExodusException
	at java.base/java.util.concurrent.FutureTask.report(FutureTask.java:122)
	at java.base/java.util.concurrent.FutureTask.get(FutureTask.java:191)
	at jetbrains.exodus.newLogConcept.MVCC.MVCCDataStructure.commitTransaction(MVCCDataStructure.java:299)
	at site.ycsb.db.XodusClient.insert(XodusClient.java:60)
	at site.ycsb.DBWrapper.insert(DBWrapper.java:227)
	at site.ycsb.workloads.CoreWorkload.doInsert(CoreWorkload.java:621)
	at site.ycsb.ClientThread.run(ClientThread.java:135)
	at java.base/java.lang.Thread.run(Thread.java:829)
Caused by: jetbrains.exodus.ExodusException
	at jetbrains.exodus.newLogConcept.garbageCollector.OperationLogGarbageCollector.moveAndRemoveRecordsFromLog(OperationLogGarbageCollector.java:69)
	at jetbrains.exodus.newLogConcept.garbageCollector.OperationLogGarbageCollector.clean(OperationLogGarbageCollector.java:51)
	at jetbrains.exodus.newLogConcept.MVCC.MVCCDataStructure.lambda$commitTransaction$1(MVCCDataStructure.java:297)
	at java.base/java.util.concurrent.Executors$RunnableAdapter.call(Executors.java:515)
	at java.base/java.util.concurrent.FutureTask.run(FutureTask.java:264)
	at java.base/java.util.concurrent.ThreadPoolExecutor.runWorker(ThreadPoolExecutor.java:1128)
	at java.base/java.util.concurrent.ThreadPoolExecutor$Worker.run(ThreadPoolExecutor.java:628)
	... 1 more
java.util.concurrent.ExecutionException: jetbrains.exodus.ExodusException
	at java.base/java.util.concurrent.FutureTask.report(FutureTask.java:122)
	at java.base/java.util.concurrent.FutureTask.get(FutureTask.java:191)
	at jetbrains.exodus.newLogConcept.MVCC.MVCCDataStructure.commitTransaction(MVCCDataStructure.java:299)
	at site.ycsb.db.XodusClient.insert(XodusClient.java:60)
	at site.ycsb.DBWrapper.insert(DBWrapper.java:227)
	at site.ycsb.workloads.CoreWorkload.doInsert(CoreWorkload.java:621)
	at site.ycsb.ClientThread.run(ClientThread.java:135)
	at java.base/java.lang.Thread.run(Thread.java:829)
Caused by: jetbrains.exodus.ExodusException
	at jetbrains.exodus.newLogConcept.garbageCollector.OperationLogGarbageCollector.moveAndRemoveRecordsFromLog(OperationLogGarbageCollector.java:69)
	at jetbrains.exodus.newLogConcept.garbageCollector.OperationLogGarbageCollector.clean(OperationLogGarbageCollector.java:51)
	at jetbrains.exodus.newLogConcept.MVCC.MVCCDataStructure.lambda$commitTransaction$1(MVCCDataStructure.java:297)
	at java.base/java.util.concurrent.Executors$RunnableAdapter.call(Executors.java:515)
	at java.base/java.util.concurrent.FutureTask.run(FutureTask.java:264)
	at java.base/java.util.concurrent.ThreadPoolExecutor.runWorker(ThreadPoolExecutor.java:1128)
	at java.base/java.util.concurrent.ThreadPoolExecutor$Worker.run(ThreadPoolExecutor.java:628)
	... 1 more
java.util.concurrent.ExecutionException: jetbrains.exodus.ExodusException
	at java.base/java.util.concurrent.FutureTask.report(FutureTask.java:122)
	at java.base/java.util.concurrent.FutureTask.get(FutureTask.java:191)
	at jetbrains.exodus.newLogConcept.MVCC.MVCCDataStructure.commitTransaction(MVCCDataStructure.java:299)
	at site.ycsb.db.XodusClient.insert(XodusClient.java:60)
	at site.ycsb.DBWrapper.insert(DBWrapper.java:227)
	at site.ycsb.workloads.CoreWorkload.doInsert(CoreWorkload.java:621)
	at site.ycsb.ClientThread.run(ClientThread.java:135)
	at java.base/java.lang.Thread.run(Thread.java:829)
Caused by: jetbrains.exodus.ExodusException
	at jetbrains.exodus.newLogConcept.garbageCollector.OperationLogGarbageCollector.moveAndRemoveRecordsFromLog(OperationLogGarbageCollector.java:69)
	at jetbrains.exodus.newLogConcept.garbageCollector.OperationLogGarbageCollector.clean(OperationLogGarbageCollector.java:51)
	at jetbrains.exodus.newLogConcept.MVCC.MVCCDataStructure.lambda$commitTransaction$1(MVCCDataStructure.java:297)
	at java.base/java.util.concurrent.Executors$RunnableAdapter.call(Executors.java:515)
	at java.base/java.util.concurrent.FutureTask.run(FutureTask.java:264)
	at java.base/java.util.concurrent.ThreadPoolExecutor.runWorker(ThreadPoolExecutor.java:1128)
	at java.base/java.util.concurrent.ThreadPoolExecutor$Worker.run(ThreadPoolExecutor.java:628)
	... 1 more
java.util.concurrent.ExecutionException: jetbrains.exodus.ExodusException
	at java.base/java.util.concurrent.FutureTask.report(FutureTask.java:122)
	at java.base/java.util.concurrent.FutureTask.get(FutureTask.java:191)
	at jetbrains.exodus.newLogConcept.MVCC.MVCCDataStructure.commitTransaction(MVCCDataStructure.java:299)
	at site.ycsb.db.XodusClient.insert(XodusClient.java:60)
	at site.ycsb.DBWrapper.insert(DBWrapper.java:227)
	at site.ycsb.workloads.CoreWorkload.doInsert(CoreWorkload.java:621)
	at site.ycsb.ClientThread.run(ClientThread.java:135)
	at java.base/java.lang.Thread.run(Thread.java:829)
Caused by: jetbrains.exodus.ExodusException
	at jetbrains.exodus.newLogConcept.garbageCollector.OperationLogGarbageCollector.moveAndRemoveRecordsFromLog(OperationLogGarbageCollector.java:69)
	at jetbrains.exodus.newLogConcept.garbageCollector.OperationLogGarbageCollector.clean(OperationLogGarbageCollector.java:51)
	at jetbrains.exodus.newLogConcept.MVCC.MVCCDataStructure.lambda$commitTransaction$1(MVCCDataStructure.java:297)
	at java.base/java.util.concurrent.Executors$RunnableAdapter.call(Executors.java:515)
	at java.base/java.util.concurrent.FutureTask.run(FutureTask.java:264)
	at java.base/java.util.concurrent.ThreadPoolExecutor.runWorker(ThreadPoolExecutor.java:1128)
	at java.base/java.util.concurrent.ThreadPoolExecutor$Worker.run(ThreadPoolExecutor.java:628)
	... 1 more
java.util.concurrent.ExecutionException: jetbrains.exodus.ExodusException
	at java.base/java.util.concurrent.FutureTask.report(FutureTask.java:122)
	at java.base/java.util.concurrent.FutureTask.get(FutureTask.java:191)
	at jetbrains.exodus.newLogConcept.MVCC.MVCCDataStructure.commitTransaction(MVCCDataStructure.java:299)
	at site.ycsb.db.XodusClient.insert(XodusClient.java:60)
	at site.ycsb.DBWrapper.insert(DBWrapper.java:227)
	at site.ycsb.workloads.CoreWorkload.doInsert(CoreWorkload.java:621)
	at site.ycsb.ClientThread.run(ClientThread.java:135)
	at java.base/java.lang.Thread.run(Thread.java:829)
Caused by: jetbrains.exodus.ExodusException
	at jetbrains.exodus.newLogConcept.garbageCollector.OperationLogGarbageCollector.moveAndRemoveRecordsFromLog(OperationLogGarbageCollector.java:69)
	at jetbrains.exodus.newLogConcept.garbageCollector.OperationLogGarbageCollector.clean(OperationLogGarbageCollector.java:51)
	at jetbrains.exodus.newLogConcept.MVCC.MVCCDataStructure.lambda$commitTransaction$1(MVCCDataStructure.java:297)
	at java.base/java.util.concurrent.Executors$RunnableAdapter.call(Executors.java:515)
	at java.base/java.util.concurrent.FutureTask.run(FutureTask.java:264)
	at java.base/java.util.concurrent.ThreadPoolExecutor.runWorker(ThreadPoolExecutor.java:1128)
	at java.base/java.util.concurrent.ThreadPoolExecutor$Worker.run(ThreadPoolExecutor.java:628)
	... 1 more
java.util.concurrent.ExecutionException: jetbrains.exodus.ExodusException
	at java.base/java.util.concurrent.FutureTask.report(FutureTask.java:122)
	at java.base/java.util.concurrent.FutureTask.get(FutureTask.java:191)
	at jetbrains.exodus.newLogConcept.MVCC.MVCCDataStructure.commitTransaction(MVCCDataStructure.java:299)
	at site.ycsb.db.XodusClient.insert(XodusClient.java:60)
	at site.ycsb.DBWrapper.insert(DBWrapper.java:227)
	at site.ycsb.workloads.CoreWorkload.doInsert(CoreWorkload.java:621)
	at site.ycsb.ClientThread.run(ClientThread.java:135)
	at java.base/java.lang.Thread.run(Thread.java:829)
Caused by: jetbrains.exodus.ExodusException
	at jetbrains.exodus.newLogConcept.garbageCollector.OperationLogGarbageCollector.moveAndRemoveRecordsFromLog(OperationLogGarbageCollector.java:69)
	at jetbrains.exodus.newLogConcept.garbageCollector.OperationLogGarbageCollector.clean(OperationLogGarbageCollector.java:51)
	at jetbrains.exodus.newLogConcept.MVCC.MVCCDataStructure.lambda$commitTransaction$1(MVCCDataStructure.java:297)
	at java.base/java.util.concurrent.Executors$RunnableAdapter.call(Executors.java:515)
	at java.base/java.util.concurrent.FutureTask.run(FutureTask.java:264)
	at java.base/java.util.concurrent.ThreadPoolExecutor.runWorker(ThreadPoolExecutor.java:1128)
	at java.base/java.util.concurrent.ThreadPoolExecutor$Worker.run(ThreadPoolExecutor.java:628)
	... 1 more
java.util.concurrent.ExecutionException: jetbrains.exodus.ExodusException
	at java.base/java.util.concurrent.FutureTask.report(FutureTask.java:122)
	at java.base/java.util.concurrent.FutureTask.get(FutureTask.java:191)
	at jetbrains.exodus.newLogConcept.MVCC.MVCCDataStructure.commitTransaction(MVCCDataStructure.java:299)
	at site.ycsb.db.XodusClient.insert(XodusClient.java:60)
	at site.ycsb.DBWrapper.insert(DBWrapper.java:227)
	at site.ycsb.workloads.CoreWorkload.doInsert(CoreWorkload.java:621)
	at site.ycsb.ClientThread.run(ClientThread.java:135)
	at java.base/java.lang.Thread.run(Thread.java:829)
Caused by: jetbrains.exodus.ExodusException
	at jetbrains.exodus.newLogConcept.garbageCollector.OperationLogGarbageCollector.moveAndRemoveRecordsFromLog(OperationLogGarbageCollector.java:69)
	at jetbrains.exodus.newLogConcept.garbageCollector.OperationLogGarbageCollector.clean(OperationLogGarbageCollector.java:51)
	at jetbrains.exodus.newLogConcept.MVCC.MVCCDataStructure.lambda$commitTransaction$1(MVCCDataStructure.java:297)
	at java.base/java.util.concurrent.Executors$RunnableAdapter.call(Executors.java:515)
	at java.base/java.util.concurrent.FutureTask.run(FutureTask.java:264)
	at java.base/java.util.concurrent.ThreadPoolExecutor.runWorker(ThreadPoolExecutor.java:1128)
	at java.base/java.util.concurrent.ThreadPoolExecutor$Worker.run(ThreadPoolExecutor.java:628)
	... 1 more
java.util.concurrent.ExecutionException: jetbrains.exodus.ExodusException
	at java.base/java.util.concurrent.FutureTask.report(FutureTask.java:122)
	at java.base/java.util.concurrent.FutureTask.get(FutureTask.java:191)
	at jetbrains.exodus.newLogConcept.MVCC.MVCCDataStructure.commitTransaction(MVCCDataStructure.java:299)
	at site.ycsb.db.XodusClient.insert(XodusClient.java:60)
	at site.ycsb.DBWrapper.insert(DBWrapper.java:227)
	at site.ycsb.workloads.CoreWorkload.doInsert(CoreWorkload.java:621)
	at site.ycsb.ClientThread.run(ClientThread.java:135)
	at java.base/java.lang.Thread.run(Thread.java:829)
Caused by: jetbrains.exodus.ExodusException
	at jetbrains.exodus.newLogConcept.garbageCollector.OperationLogGarbageCollector.moveAndRemoveRecordsFromLog(OperationLogGarbageCollector.java:69)
	at jetbrains.exodus.newLogConcept.garbageCollector.OperationLogGarbageCollector.clean(OperationLogGarbageCollector.java:51)
	at jetbrains.exodus.newLogConcept.MVCC.MVCCDataStructure.lambda$commitTransaction$1(MVCCDataStructure.java:297)
	at java.base/java.util.concurrent.Executors$RunnableAdapter.call(Executors.java:515)
	at java.base/java.util.concurrent.FutureTask.run(FutureTask.java:264)
	at java.base/java.util.concurrent.ThreadPoolExecutor.runWorker(ThreadPoolExecutor.java:1128)
	at java.base/java.util.concurrent.ThreadPoolExecutor$Worker.run(ThreadPoolExecutor.java:628)
	... 1 more
java.util.concurrent.ExecutionException: jetbrains.exodus.ExodusException
	at java.base/java.util.concurrent.FutureTask.report(FutureTask.java:122)
	at java.base/java.util.concurrent.FutureTask.get(FutureTask.java:191)
	at jetbrains.exodus.newLogConcept.MVCC.MVCCDataStructure.commitTransaction(MVCCDataStructure.java:299)
	at site.ycsb.db.XodusClient.insert(XodusClient.java:60)
	at site.ycsb.DBWrapper.insert(DBWrapper.java:227)
	at site.ycsb.workloads.CoreWorkload.doInsert(CoreWorkload.java:621)
	at site.ycsb.ClientThread.run(ClientThread.java:135)
	at java.base/java.lang.Thread.run(Thread.java:829)
Caused by: jetbrains.exodus.ExodusException
	at jetbrains.exodus.newLogConcept.garbageCollector.OperationLogGarbageCollector.moveAndRemoveRecordsFromLog(OperationLogGarbageCollector.java:69)
	at jetbrains.exodus.newLogConcept.garbageCollector.OperationLogGarbageCollector.clean(OperationLogGarbageCollector.java:51)
	at jetbrains.exodus.newLogConcept.MVCC.MVCCDataStructure.lambda$commitTransaction$1(MVCCDataStructure.java:297)
	at java.base/java.util.concurrent.Executors$RunnableAdapter.call(Executors.java:515)
	at java.base/java.util.concurrent.FutureTask.run(FutureTask.java:264)
	at java.base/java.util.concurrent.ThreadPoolExecutor.runWorker(ThreadPoolExecutor.java:1128)
	at java.base/java.util.concurrent.ThreadPoolExecutor$Worker.run(ThreadPoolExecutor.java:628)
	... 1 more
java.util.concurrent.ExecutionException: jetbrains.exodus.ExodusException
	at java.base/java.util.concurrent.FutureTask.report(FutureTask.java:122)
	at java.base/java.util.concurrent.FutureTask.get(FutureTask.java:191)
	at jetbrains.exodus.newLogConcept.MVCC.MVCCDataStructure.commitTransaction(MVCCDataStructure.java:299)
	at site.ycsb.db.XodusClient.insert(XodusClient.java:60)
	at site.ycsb.DBWrapper.insert(DBWrapper.java:227)
	at site.ycsb.workloads.CoreWorkload.doInsert(CoreWorkload.java:621)
	at site.ycsb.ClientThread.run(ClientThread.java:135)
	at java.base/java.lang.Thread.run(Thread.java:829)
Caused by: jetbrains.exodus.ExodusException
	at jetbrains.exodus.newLogConcept.garbageCollector.OperationLogGarbageCollector.moveAndRemoveRecordsFromLog(OperationLogGarbageCollector.java:69)
	at jetbrains.exodus.newLogConcept.garbageCollector.OperationLogGarbageCollector.clean(OperationLogGarbageCollector.java:51)
	at jetbrains.exodus.newLogConcept.MVCC.MVCCDataStructure.lambda$commitTransaction$1(MVCCDataStructure.java:297)
	at java.base/java.util.concurrent.Executors$RunnableAdapter.call(Executors.java:515)
	at java.base/java.util.concurrent.FutureTask.run(FutureTask.java:264)
	at java.base/java.util.concurrent.ThreadPoolExecutor.runWorker(ThreadPoolExecutor.java:1128)
	at java.base/java.util.concurrent.ThreadPoolExecutor$Worker.run(ThreadPoolExecutor.java:628)
	... 1 more
java.util.concurrent.ExecutionException: jetbrains.exodus.ExodusException
	at java.base/java.util.concurrent.FutureTask.report(FutureTask.java:122)
	at java.base/java.util.concurrent.FutureTask.get(FutureTask.java:191)
	at jetbrains.exodus.newLogConcept.MVCC.MVCCDataStructure.commitTransaction(MVCCDataStructure.java:299)
	at site.ycsb.db.XodusClient.insert(XodusClient.java:60)
	at site.ycsb.DBWrapper.insert(DBWrapper.java:227)
	at site.ycsb.workloads.CoreWorkload.doInsert(CoreWorkload.java:621)
	at site.ycsb.ClientThread.run(ClientThread.java:135)
	at java.base/java.lang.Thread.run(Thread.java:829)
Caused by: jetbrains.exodus.ExodusException
	at jetbrains.exodus.newLogConcept.garbageCollector.OperationLogGarbageCollector.moveAndRemoveRecordsFromLog(OperationLogGarbageCollector.java:69)
	at jetbrains.exodus.newLogConcept.garbageCollector.OperationLogGarbageCollector.clean(OperationLogGarbageCollector.java:51)
	at jetbrains.exodus.newLogConcept.MVCC.MVCCDataStructure.lambda$commitTransaction$1(MVCCDataStructure.java:297)
	at java.base/java.util.concurrent.Executors$RunnableAdapter.call(Executors.java:515)
	at java.base/java.util.concurrent.FutureTask.run(FutureTask.java:264)
	at java.base/java.util.concurrent.ThreadPoolExecutor.runWorker(ThreadPoolExecutor.java:1128)
	at java.base/java.util.concurrent.ThreadPoolExecutor$Worker.run(ThreadPoolExecutor.java:628)
	... 1 more
java.util.concurrent.ExecutionException: jetbrains.exodus.ExodusException
	at java.base/java.util.concurrent.FutureTask.report(FutureTask.java:122)
	at java.base/java.util.concurrent.FutureTask.get(FutureTask.java:191)
	at jetbrains.exodus.newLogConcept.MVCC.MVCCDataStructure.commitTransaction(MVCCDataStructure.java:299)
	at site.ycsb.db.XodusClient.insert(XodusClient.java:60)
	at site.ycsb.DBWrapper.insert(DBWrapper.java:227)
	at site.ycsb.workloads.CoreWorkload.doInsert(CoreWorkload.java:621)
	at site.ycsb.ClientThread.run(ClientThread.java:135)
	at java.base/java.lang.Thread.run(Thread.java:829)
Caused by: jetbrains.exodus.ExodusException
	at jetbrains.exodus.newLogConcept.garbageCollector.OperationLogGarbageCollector.moveAndRemoveRecordsFromLog(OperationLogGarbageCollector.java:69)
	at jetbrains.exodus.newLogConcept.garbageCollector.OperationLogGarbageCollector.clean(OperationLogGarbageCollector.java:51)
	at jetbrains.exodus.newLogConcept.MVCC.MVCCDataStructure.lambda$commitTransaction$1(MVCCDataStructure.java:297)
	at java.base/java.util.concurrent.Executors$RunnableAdapter.call(Executors.java:515)
	at java.base/java.util.concurrent.FutureTask.run(FutureTask.java:264)
	at java.base/java.util.concurrent.ThreadPoolExecutor.runWorker(ThreadPoolExecutor.java:1128)
	at java.base/java.util.concurrent.ThreadPoolExecutor$Worker.run(ThreadPoolExecutor.java:628)
	... 1 more
java.util.concurrent.ExecutionException: jetbrains.exodus.ExodusException
	at java.base/java.util.concurrent.FutureTask.report(FutureTask.java:122)
	at java.base/java.util.concurrent.FutureTask.get(FutureTask.java:191)
	at jetbrains.exodus.newLogConcept.MVCC.MVCCDataStructure.commitTransaction(MVCCDataStructure.java:299)
	at site.ycsb.db.XodusClient.insert(XodusClient.java:60)
	at site.ycsb.DBWrapper.insert(DBWrapper.java:227)
	at site.ycsb.workloads.CoreWorkload.doInsert(CoreWorkload.java:621)
	at site.ycsb.ClientThread.run(ClientThread.java:135)
	at java.base/java.lang.Thread.run(Thread.java:829)
Caused by: jetbrains.exodus.ExodusException
	at jetbrains.exodus.newLogConcept.garbageCollector.OperationLogGarbageCollector.moveAndRemoveRecordsFromLog(OperationLogGarbageCollector.java:69)
	at jetbrains.exodus.newLogConcept.garbageCollector.OperationLogGarbageCollector.clean(OperationLogGarbageCollector.java:51)
	at jetbrains.exodus.newLogConcept.MVCC.MVCCDataStructure.lambda$commitTransaction$1(MVCCDataStructure.java:297)
	at java.base/java.util.concurrent.Executors$RunnableAdapter.call(Executors.java:515)
	at java.base/java.util.concurrent.FutureTask.run(FutureTask.java:264)
	at java.base/java.util.concurrent.ThreadPoolExecutor.runWorker(ThreadPoolExecutor.java:1128)
	at java.base/java.util.concurrent.ThreadPoolExecutor$Worker.run(ThreadPoolExecutor.java:628)
	... 1 more
java.util.concurrent.ExecutionException: jetbrains.exodus.ExodusException
	at java.base/java.util.concurrent.FutureTask.report(FutureTask.java:122)
	at java.base/java.util.concurrent.FutureTask.get(FutureTask.java:191)
	at jetbrains.exodus.newLogConcept.MVCC.MVCCDataStructure.commitTransaction(MVCCDataStructure.java:299)
	at site.ycsb.db.XodusClient.insert(XodusClient.java:60)
	at site.ycsb.DBWrapper.insert(DBWrapper.java:227)
	at site.ycsb.workloads.CoreWorkload.doInsert(CoreWorkload.java:621)
	at site.ycsb.ClientThread.run(ClientThread.java:135)
	at java.base/java.lang.Thread.run(Thread.java:829)
Caused by: jetbrains.exodus.ExodusException
	at jetbrains.exodus.newLogConcept.garbageCollector.OperationLogGarbageCollector.moveAndRemoveRecordsFromLog(OperationLogGarbageCollector.java:69)
	at jetbrains.exodus.newLogConcept.garbageCollector.OperationLogGarbageCollector.clean(OperationLogGarbageCollector.java:51)
	at jetbrains.exodus.newLogConcept.MVCC.MVCCDataStructure.lambda$commitTransaction$1(MVCCDataStructure.java:297)
	at java.base/java.util.concurrent.Executors$RunnableAdapter.call(Executors.java:515)
	at java.base/java.util.concurrent.FutureTask.run(FutureTask.java:264)
	at java.base/java.util.concurrent.ThreadPoolExecutor.runWorker(ThreadPoolExecutor.java:1128)
	at java.base/java.util.concurrent.ThreadPoolExecutor$Worker.run(ThreadPoolExecutor.java:628)
	... 1 more
java.util.concurrent.ExecutionException: jetbrains.exodus.ExodusException
	at java.base/java.util.concurrent.FutureTask.report(FutureTask.java:122)
	at java.base/java.util.concurrent.FutureTask.get(FutureTask.java:191)
	at jetbrains.exodus.newLogConcept.MVCC.MVCCDataStructure.commitTransaction(MVCCDataStructure.java:299)
	at site.ycsb.db.XodusClient.insert(XodusClient.java:60)
	at site.ycsb.DBWrapper.insert(DBWrapper.java:227)
	at site.ycsb.workloads.CoreWorkload.doInsert(CoreWorkload.java:621)
	at site.ycsb.ClientThread.run(ClientThread.java:135)
	at java.base/java.lang.Thread.run(Thread.java:829)
Caused by: jetbrains.exodus.ExodusException
	at jetbrains.exodus.newLogConcept.garbageCollector.OperationLogGarbageCollector.moveAndRemoveRecordsFromLog(OperationLogGarbageCollector.java:69)
	at jetbrains.exodus.newLogConcept.garbageCollector.OperationLogGarbageCollector.clean(OperationLogGarbageCollector.java:51)
	at jetbrains.exodus.newLogConcept.MVCC.MVCCDataStructure.lambda$commitTransaction$1(MVCCDataStructure.java:297)
	at java.base/java.util.concurrent.Executors$RunnableAdapter.call(Executors.java:515)
	at java.base/java.util.concurrent.FutureTask.run(FutureTask.java:264)
	at java.base/java.util.concurrent.ThreadPoolExecutor.runWorker(ThreadPoolExecutor.java:1128)
	at java.base/java.util.concurrent.ThreadPoolExecutor$Worker.run(ThreadPoolExecutor.java:628)
	... 1 more
java.util.concurrent.ExecutionException: jetbrains.exodus.ExodusException
	at java.base/java.util.concurrent.FutureTask.report(FutureTask.java:122)
	at java.base/java.util.concurrent.FutureTask.get(FutureTask.java:191)
	at jetbrains.exodus.newLogConcept.MVCC.MVCCDataStructure.commitTransaction(MVCCDataStructure.java:299)
	at site.ycsb.db.XodusClient.insert(XodusClient.java:60)
	at site.ycsb.DBWrapper.insert(DBWrapper.java:227)
	at site.ycsb.workloads.CoreWorkload.doInsert(CoreWorkload.java:621)
	at site.ycsb.ClientThread.run(ClientThread.java:135)
	at java.base/java.lang.Thread.run(Thread.java:829)
Caused by: jetbrains.exodus.ExodusException
	at jetbrains.exodus.newLogConcept.garbageCollector.OperationLogGarbageCollector.moveAndRemoveRecordsFromLog(OperationLogGarbageCollector.java:69)
	at jetbrains.exodus.newLogConcept.garbageCollector.OperationLogGarbageCollector.clean(OperationLogGarbageCollector.java:51)
	at jetbrains.exodus.newLogConcept.MVCC.MVCCDataStructure.lambda$commitTransaction$1(MVCCDataStructure.java:297)
	at java.base/java.util.concurrent.Executors$RunnableAdapter.call(Executors.java:515)
	at java.base/java.util.concurrent.FutureTask.run(FutureTask.java:264)
	at java.base/java.util.concurrent.ThreadPoolExecutor.runWorker(ThreadPoolExecutor.java:1128)
	at java.base/java.util.concurrent.ThreadPoolExecutor$Worker.run(ThreadPoolExecutor.java:628)
	... 1 more
java.util.concurrent.ExecutionException: jetbrains.exodus.ExodusException
	at java.base/java.util.concurrent.FutureTask.report(FutureTask.java:122)
	at java.base/java.util.concurrent.FutureTask.get(FutureTask.java:191)
	at jetbrains.exodus.newLogConcept.MVCC.MVCCDataStructure.commitTransaction(MVCCDataStructure.java:299)
	at site.ycsb.db.XodusClient.insert(XodusClient.java:60)
	at site.ycsb.DBWrapper.insert(DBWrapper.java:227)
	at site.ycsb.workloads.CoreWorkload.doInsert(CoreWorkload.java:621)
	at site.ycsb.ClientThread.run(ClientThread.java:135)
	at java.base/java.lang.Thread.run(Thread.java:829)
Caused by: jetbrains.exodus.ExodusException
	at jetbrains.exodus.newLogConcept.garbageCollector.OperationLogGarbageCollector.moveAndRemoveRecordsFromLog(OperationLogGarbageCollector.java:69)
	at jetbrains.exodus.newLogConcept.garbageCollector.OperationLogGarbageCollector.clean(OperationLogGarbageCollector.java:51)
	at jetbrains.exodus.newLogConcept.MVCC.MVCCDataStructure.lambda$commitTransaction$1(MVCCDataStructure.java:297)
	at java.base/java.util.concurrent.Executors$RunnableAdapter.call(Executors.java:515)
	at java.base/java.util.concurrent.FutureTask.run(FutureTask.java:264)
	at java.base/java.util.concurrent.ThreadPoolExecutor.runWorker(ThreadPoolExecutor.java:1128)
	at java.base/java.util.concurrent.ThreadPoolExecutor$Worker.run(ThreadPoolExecutor.java:628)
	... 1 more
java.util.concurrent.ExecutionException: jetbrains.exodus.ExodusException
	at java.base/java.util.concurrent.FutureTask.report(FutureTask.java:122)
	at java.base/java.util.concurrent.FutureTask.get(FutureTask.java:191)
	at jetbrains.exodus.newLogConcept.MVCC.MVCCDataStructure.commitTransaction(MVCCDataStructure.java:299)
	at site.ycsb.db.XodusClient.insert(XodusClient.java:60)
	at site.ycsb.DBWrapper.insert(DBWrapper.java:227)
	at site.ycsb.workloads.CoreWorkload.doInsert(CoreWorkload.java:621)
	at site.ycsb.ClientThread.run(ClientThread.java:135)
	at java.base/java.lang.Thread.run(Thread.java:829)
Caused by: jetbrains.exodus.ExodusException
	at jetbrains.exodus.newLogConcept.garbageCollector.OperationLogGarbageCollector.moveAndRemoveRecordsFromLog(OperationLogGarbageCollector.java:69)
	at jetbrains.exodus.newLogConcept.garbageCollector.OperationLogGarbageCollector.clean(OperationLogGarbageCollector.java:51)
	at jetbrains.exodus.newLogConcept.MVCC.MVCCDataStructure.lambda$commitTransaction$1(MVCCDataStructure.java:297)
	at java.base/java.util.concurrent.Executors$RunnableAdapter.call(Executors.java:515)
	at java.base/java.util.concurrent.FutureTask.run(FutureTask.java:264)
	at java.base/java.util.concurrent.ThreadPoolExecutor.runWorker(ThreadPoolExecutor.java:1128)
	at java.base/java.util.concurrent.ThreadPoolExecutor$Worker.run(ThreadPoolExecutor.java:628)
	... 1 more
java.util.concurrent.ExecutionException: jetbrains.exodus.ExodusException
	at java.base/java.util.concurrent.FutureTask.report(FutureTask.java:122)
	at java.base/java.util.concurrent.FutureTask.get(FutureTask.java:191)
	at jetbrains.exodus.newLogConcept.MVCC.MVCCDataStructure.commitTransaction(MVCCDataStructure.java:299)
	at site.ycsb.db.XodusClient.insert(XodusClient.java:60)
	at site.ycsb.DBWrapper.insert(DBWrapper.java:227)
	at site.ycsb.workloads.CoreWorkload.doInsert(CoreWorkload.java:621)
	at site.ycsb.ClientThread.run(ClientThread.java:135)
	at java.base/java.lang.Thread.run(Thread.java:829)
Caused by: jetbrains.exodus.ExodusException
	at jetbrains.exodus.newLogConcept.garbageCollector.OperationLogGarbageCollector.moveAndRemoveRecordsFromLog(OperationLogGarbageCollector.java:69)
	at jetbrains.exodus.newLogConcept.garbageCollector.OperationLogGarbageCollector.clean(OperationLogGarbageCollector.java:51)
	at jetbrains.exodus.newLogConcept.MVCC.MVCCDataStructure.lambda$commitTransaction$1(MVCCDataStructure.java:297)
	at java.base/java.util.concurrent.Executors$RunnableAdapter.call(Executors.java:515)
	at java.base/java.util.concurrent.FutureTask.run(FutureTask.java:264)
	at java.base/java.util.concurrent.ThreadPoolExecutor.runWorker(ThreadPoolExecutor.java:1128)
	at java.base/java.util.concurrent.ThreadPoolExecutor$Worker.run(ThreadPoolExecutor.java:628)
	... 1 more
java.util.concurrent.ExecutionException: jetbrains.exodus.ExodusException
	at java.base/java.util.concurrent.FutureTask.report(FutureTask.java:122)
	at java.base/java.util.concurrent.FutureTask.get(FutureTask.java:191)
	at jetbrains.exodus.newLogConcept.MVCC.MVCCDataStructure.commitTransaction(MVCCDataStructure.java:299)
	at site.ycsb.db.XodusClient.insert(XodusClient.java:60)
	at site.ycsb.DBWrapper.insert(DBWrapper.java:227)
	at site.ycsb.workloads.CoreWorkload.doInsert(CoreWorkload.java:621)
	at site.ycsb.ClientThread.run(ClientThread.java:135)
	at java.base/java.lang.Thread.run(Thread.java:829)
Caused by: jetbrains.exodus.ExodusException
	at jetbrains.exodus.newLogConcept.garbageCollector.OperationLogGarbageCollector.moveAndRemoveRecordsFromLog(OperationLogGarbageCollector.java:69)
	at jetbrains.exodus.newLogConcept.garbageCollector.OperationLogGarbageCollector.clean(OperationLogGarbageCollector.java:51)
	at jetbrains.exodus.newLogConcept.MVCC.MVCCDataStructure.lambda$commitTransaction$1(MVCCDataStructure.java:297)
	at java.base/java.util.concurrent.Executors$RunnableAdapter.call(Executors.java:515)
	at java.base/java.util.concurrent.FutureTask.run(FutureTask.java:264)
	at java.base/java.util.concurrent.ThreadPoolExecutor.runWorker(ThreadPoolExecutor.java:1128)
	at java.base/java.util.concurrent.ThreadPoolExecutor$Worker.run(ThreadPoolExecutor.java:628)
	... 1 more
java.util.concurrent.ExecutionException: jetbrains.exodus.ExodusException
	at java.base/java.util.concurrent.FutureTask.report(FutureTask.java:122)
	at java.base/java.util.concurrent.FutureTask.get(FutureTask.java:191)
	at jetbrains.exodus.newLogConcept.MVCC.MVCCDataStructure.commitTransaction(MVCCDataStructure.java:299)
	at site.ycsb.db.XodusClient.insert(XodusClient.java:60)
	at site.ycsb.DBWrapper.insert(DBWrapper.java:227)
	at site.ycsb.workloads.CoreWorkload.doInsert(CoreWorkload.java:621)
	at site.ycsb.ClientThread.run(ClientThread.java:135)
	at java.base/java.lang.Thread.run(Thread.java:829)
Caused by: jetbrains.exodus.ExodusException
	at jetbrains.exodus.newLogConcept.garbageCollector.OperationLogGarbageCollector.moveAndRemoveRecordsFromLog(OperationLogGarbageCollector.java:69)
	at jetbrains.exodus.newLogConcept.garbageCollector.OperationLogGarbageCollector.clean(OperationLogGarbageCollector.java:51)
	at jetbrains.exodus.newLogConcept.MVCC.MVCCDataStructure.lambda$commitTransaction$1(MVCCDataStructure.java:297)
	at java.base/java.util.concurrent.Executors$RunnableAdapter.call(Executors.java:515)
	at java.base/java.util.concurrent.FutureTask.run(FutureTask.java:264)
	at java.base/java.util.concurrent.ThreadPoolExecutor.runWorker(ThreadPoolExecutor.java:1128)
	at java.base/java.util.concurrent.ThreadPoolExecutor$Worker.run(ThreadPoolExecutor.java:628)
	... 1 more
java.util.concurrent.ExecutionException: jetbrains.exodus.ExodusException
	at java.base/java.util.concurrent.FutureTask.report(FutureTask.java:122)
	at java.base/java.util.concurrent.FutureTask.get(FutureTask.java:191)
	at jetbrains.exodus.newLogConcept.MVCC.MVCCDataStructure.commitTransaction(MVCCDataStructure.java:299)
	at site.ycsb.db.XodusClient.insert(XodusClient.java:60)
	at site.ycsb.DBWrapper.insert(DBWrapper.java:227)
	at site.ycsb.workloads.CoreWorkload.doInsert(CoreWorkload.java:621)
	at site.ycsb.ClientThread.run(ClientThread.java:135)
	at java.base/java.lang.Thread.run(Thread.java:829)
Caused by: jetbrains.exodus.ExodusException
	at jetbrains.exodus.newLogConcept.garbageCollector.OperationLogGarbageCollector.moveAndRemoveRecordsFromLog(OperationLogGarbageCollector.java:69)
	at jetbrains.exodus.newLogConcept.garbageCollector.OperationLogGarbageCollector.clean(OperationLogGarbageCollector.java:51)
	at jetbrains.exodus.newLogConcept.MVCC.MVCCDataStructure.lambda$commitTransaction$1(MVCCDataStructure.java:297)
	at java.base/java.util.concurrent.Executors$RunnableAdapter.call(Executors.java:515)
	at java.base/java.util.concurrent.FutureTask.run(FutureTask.java:264)
	at java.base/java.util.concurrent.ThreadPoolExecutor.runWorker(ThreadPoolExecutor.java:1128)
	at java.base/java.util.concurrent.ThreadPoolExecutor$Worker.run(ThreadPoolExecutor.java:628)
	... 1 more
java.util.concurrent.ExecutionException: jetbrains.exodus.ExodusException
	at java.base/java.util.concurrent.FutureTask.report(FutureTask.java:122)
	at java.base/java.util.concurrent.FutureTask.get(FutureTask.java:191)
	at jetbrains.exodus.newLogConcept.MVCC.MVCCDataStructure.commitTransaction(MVCCDataStructure.java:299)
	at site.ycsb.db.XodusClient.insert(XodusClient.java:60)
	at site.ycsb.DBWrapper.insert(DBWrapper.java:227)
	at site.ycsb.workloads.CoreWorkload.doInsert(CoreWorkload.java:621)
	at site.ycsb.ClientThread.run(ClientThread.java:135)
	at java.base/java.lang.Thread.run(Thread.java:829)
Caused by: jetbrains.exodus.ExodusException
	at jetbrains.exodus.newLogConcept.garbageCollector.OperationLogGarbageCollector.moveAndRemoveRecordsFromLog(OperationLogGarbageCollector.java:69)
	at jetbrains.exodus.newLogConcept.garbageCollector.OperationLogGarbageCollector.clean(OperationLogGarbageCollector.java:51)
	at jetbrains.exodus.newLogConcept.MVCC.MVCCDataStructure.lambda$commitTransaction$1(MVCCDataStructure.java:297)
	at java.base/java.util.concurrent.Executors$RunnableAdapter.call(Executors.java:515)
	at java.base/java.util.concurrent.FutureTask.run(FutureTask.java:264)
	at java.base/java.util.concurrent.ThreadPoolExecutor.runWorker(ThreadPoolExecutor.java:1128)
	at java.base/java.util.concurrent.ThreadPoolExecutor$Worker.run(ThreadPoolExecutor.java:628)
	... 1 more
java.util.concurrent.ExecutionException: jetbrains.exodus.ExodusException
	at java.base/java.util.concurrent.FutureTask.report(FutureTask.java:122)
	at java.base/java.util.concurrent.FutureTask.get(FutureTask.java:191)
	at jetbrains.exodus.newLogConcept.MVCC.MVCCDataStructure.commitTransaction(MVCCDataStructure.java:299)
	at site.ycsb.db.XodusClient.insert(XodusClient.java:60)
	at site.ycsb.DBWrapper.insert(DBWrapper.java:227)
	at site.ycsb.workloads.CoreWorkload.doInsert(CoreWorkload.java:621)
	at site.ycsb.ClientThread.run(ClientThread.java:135)
	at java.base/java.lang.Thread.run(Thread.java:829)
Caused by: jetbrains.exodus.ExodusException
	at jetbrains.exodus.newLogConcept.garbageCollector.OperationLogGarbageCollector.moveAndRemoveRecordsFromLog(OperationLogGarbageCollector.java:69)
	at jetbrains.exodus.newLogConcept.garbageCollector.OperationLogGarbageCollector.clean(OperationLogGarbageCollector.java:51)
	at jetbrains.exodus.newLogConcept.MVCC.MVCCDataStructure.lambda$commitTransaction$1(MVCCDataStructure.java:297)
	at java.base/java.util.concurrent.Executors$RunnableAdapter.call(Executors.java:515)
	at java.base/java.util.concurrent.FutureTask.run(FutureTask.java:264)
	at java.base/java.util.concurrent.ThreadPoolExecutor.runWorker(ThreadPoolExecutor.java:1128)
	at java.base/java.util.concurrent.ThreadPoolExecutor$Worker.run(ThreadPoolExecutor.java:628)
	... 1 more
java.util.concurrent.ExecutionException: jetbrains.exodus.ExodusException
	at java.base/java.util.concurrent.FutureTask.report(FutureTask.java:122)
	at java.base/java.util.concurrent.FutureTask.get(FutureTask.java:191)
	at jetbrains.exodus.newLogConcept.MVCC.MVCCDataStructure.commitTransaction(MVCCDataStructure.java:299)
	at site.ycsb.db.XodusClient.insert(XodusClient.java:60)
	at site.ycsb.DBWrapper.insert(DBWrapper.java:227)
	at site.ycsb.workloads.CoreWorkload.doInsert(CoreWorkload.java:621)
	at site.ycsb.ClientThread.run(ClientThread.java:135)
	at java.base/java.lang.Thread.run(Thread.java:829)
Caused by: jetbrains.exodus.ExodusException
	at jetbrains.exodus.newLogConcept.garbageCollector.OperationLogGarbageCollector.moveAndRemoveRecordsFromLog(OperationLogGarbageCollector.java:69)
	at jetbrains.exodus.newLogConcept.garbageCollector.OperationLogGarbageCollector.clean(OperationLogGarbageCollector.java:51)
	at jetbrains.exodus.newLogConcept.MVCC.MVCCDataStructure.lambda$commitTransaction$1(MVCCDataStructure.java:297)
	at java.base/java.util.concurrent.Executors$RunnableAdapter.call(Executors.java:515)
	at java.base/java.util.concurrent.FutureTask.run(FutureTask.java:264)
	at java.base/java.util.concurrent.ThreadPoolExecutor.runWorker(ThreadPoolExecutor.java:1128)
	at java.base/java.util.concurrent.ThreadPoolExecutor$Worker.run(ThreadPoolExecutor.java:628)
	... 1 more
java.util.concurrent.ExecutionException: jetbrains.exodus.ExodusException
	at java.base/java.util.concurrent.FutureTask.report(FutureTask.java:122)
	at java.base/java.util.concurrent.FutureTask.get(FutureTask.java:191)
	at jetbrains.exodus.newLogConcept.MVCC.MVCCDataStructure.commitTransaction(MVCCDataStructure.java:299)
	at site.ycsb.db.XodusClient.insert(XodusClient.java:60)
	at site.ycsb.DBWrapper.insert(DBWrapper.java:227)
	at site.ycsb.workloads.CoreWorkload.doInsert(CoreWorkload.java:621)
	at site.ycsb.ClientThread.run(ClientThread.java:135)
	at java.base/java.lang.Thread.run(Thread.java:829)
Caused by: jetbrains.exodus.ExodusException
	at jetbrains.exodus.newLogConcept.garbageCollector.OperationLogGarbageCollector.moveAndRemoveRecordsFromLog(OperationLogGarbageCollector.java:69)
	at jetbrains.exodus.newLogConcept.garbageCollector.OperationLogGarbageCollector.clean(OperationLogGarbageCollector.java:51)
	at jetbrains.exodus.newLogConcept.MVCC.MVCCDataStructure.lambda$commitTransaction$1(MVCCDataStructure.java:297)
	at java.base/java.util.concurrent.Executors$RunnableAdapter.call(Executors.java:515)
	at java.base/java.util.concurrent.FutureTask.run(FutureTask.java:264)
	at java.base/java.util.concurrent.ThreadPoolExecutor.runWorker(ThreadPoolExecutor.java:1128)
	at java.base/java.util.concurrent.ThreadPoolExecutor$Worker.run(ThreadPoolExecutor.java:628)
	... 1 more
java.util.concurrent.ExecutionException: jetbrains.exodus.ExodusException
	at java.base/java.util.concurrent.FutureTask.report(FutureTask.java:122)
	at java.base/java.util.concurrent.FutureTask.get(FutureTask.java:191)
	at jetbrains.exodus.newLogConcept.MVCC.MVCCDataStructure.commitTransaction(MVCCDataStructure.java:299)
	at site.ycsb.db.XodusClient.insert(XodusClient.java:60)
	at site.ycsb.DBWrapper.insert(DBWrapper.java:227)
	at site.ycsb.workloads.CoreWorkload.doInsert(CoreWorkload.java:621)
	at site.ycsb.ClientThread.run(ClientThread.java:135)
	at java.base/java.lang.Thread.run(Thread.java:829)
Caused by: jetbrains.exodus.ExodusException
	at jetbrains.exodus.newLogConcept.garbageCollector.OperationLogGarbageCollector.moveAndRemoveRecordsFromLog(OperationLogGarbageCollector.java:69)
	at jetbrains.exodus.newLogConcept.garbageCollector.OperationLogGarbageCollector.clean(OperationLogGarbageCollector.java:51)
	at jetbrains.exodus.newLogConcept.MVCC.MVCCDataStructure.lambda$commitTransaction$1(MVCCDataStructure.java:297)
	at java.base/java.util.concurrent.Executors$RunnableAdapter.call(Executors.java:515)
	at java.base/java.util.concurrent.FutureTask.run(FutureTask.java:264)
	at java.base/java.util.concurrent.ThreadPoolExecutor.runWorker(ThreadPoolExecutor.java:1128)
	at java.base/java.util.concurrent.ThreadPoolExecutor$Worker.run(ThreadPoolExecutor.java:628)
	... 1 more
java.util.concurrent.ExecutionException: jetbrains.exodus.ExodusException
	at java.base/java.util.concurrent.FutureTask.report(FutureTask.java:122)
	at java.base/java.util.concurrent.FutureTask.get(FutureTask.java:191)
	at jetbrains.exodus.newLogConcept.MVCC.MVCCDataStructure.commitTransaction(MVCCDataStructure.java:299)
	at site.ycsb.db.XodusClient.insert(XodusClient.java:60)
	at site.ycsb.DBWrapper.insert(DBWrapper.java:227)
	at site.ycsb.workloads.CoreWorkload.doInsert(CoreWorkload.java:621)
	at site.ycsb.ClientThread.run(ClientThread.java:135)
	at java.base/java.lang.Thread.run(Thread.java:829)
Caused by: jetbrains.exodus.ExodusException
	at jetbrains.exodus.newLogConcept.garbageCollector.OperationLogGarbageCollector.moveAndRemoveRecordsFromLog(OperationLogGarbageCollector.java:69)
	at jetbrains.exodus.newLogConcept.garbageCollector.OperationLogGarbageCollector.clean(OperationLogGarbageCollector.java:51)
	at jetbrains.exodus.newLogConcept.MVCC.MVCCDataStructure.lambda$commitTransaction$1(MVCCDataStructure.java:297)
	at java.base/java.util.concurrent.Executors$RunnableAdapter.call(Executors.java:515)
	at java.base/java.util.concurrent.FutureTask.run(FutureTask.java:264)
	at java.base/java.util.concurrent.ThreadPoolExecutor.runWorker(ThreadPoolExecutor.java:1128)
	at java.base/java.util.concurrent.ThreadPoolExecutor$Worker.run(ThreadPoolExecutor.java:628)
	... 1 more
java.util.concurrent.ExecutionException: jetbrains.exodus.ExodusException
	at java.base/java.util.concurrent.FutureTask.report(FutureTask.java:122)
	at java.base/java.util.concurrent.FutureTask.get(FutureTask.java:191)
	at jetbrains.exodus.newLogConcept.MVCC.MVCCDataStructure.commitTransaction(MVCCDataStructure.java:299)
	at site.ycsb.db.XodusClient.insert(XodusClient.java:60)
	at site.ycsb.DBWrapper.insert(DBWrapper.java:227)
	at site.ycsb.workloads.CoreWorkload.doInsert(CoreWorkload.java:621)
	at site.ycsb.ClientThread.run(ClientThread.java:135)
	at java.base/java.lang.Thread.run(Thread.java:829)
Caused by: jetbrains.exodus.ExodusException
	at jetbrains.exodus.newLogConcept.garbageCollector.OperationLogGarbageCollector.moveAndRemoveRecordsFromLog(OperationLogGarbageCollector.java:69)
	at jetbrains.exodus.newLogConcept.garbageCollector.OperationLogGarbageCollector.clean(OperationLogGarbageCollector.java:51)
	at jetbrains.exodus.newLogConcept.MVCC.MVCCDataStructure.lambda$commitTransaction$1(MVCCDataStructure.java:297)
	at java.base/java.util.concurrent.Executors$RunnableAdapter.call(Executors.java:515)
	at java.base/java.util.concurrent.FutureTask.run(FutureTask.java:264)
	at java.base/java.util.concurrent.ThreadPoolExecutor.runWorker(ThreadPoolExecutor.java:1128)
	at java.base/java.util.concurrent.ThreadPoolExecutor$Worker.run(ThreadPoolExecutor.java:628)
	... 1 more
java.util.concurrent.ExecutionException: jetbrains.exodus.ExodusException
	at java.base/java.util.concurrent.FutureTask.report(FutureTask.java:122)
	at java.base/java.util.concurrent.FutureTask.get(FutureTask.java:191)
	at jetbrains.exodus.newLogConcept.MVCC.MVCCDataStructure.commitTransaction(MVCCDataStructure.java:299)
	at site.ycsb.db.XodusClient.insert(XodusClient.java:60)
	at site.ycsb.DBWrapper.insert(DBWrapper.java:227)
	at site.ycsb.workloads.CoreWorkload.doInsert(CoreWorkload.java:621)
	at site.ycsb.ClientThread.run(ClientThread.java:135)
	at java.base/java.lang.Thread.run(Thread.java:829)
Caused by: jetbrains.exodus.ExodusException
	at jetbrains.exodus.newLogConcept.garbageCollector.OperationLogGarbageCollector.moveAndRemoveRecordsFromLog(OperationLogGarbageCollector.java:69)
	at jetbrains.exodus.newLogConcept.garbageCollector.OperationLogGarbageCollector.clean(OperationLogGarbageCollector.java:51)
	at jetbrains.exodus.newLogConcept.MVCC.MVCCDataStructure.lambda$commitTransaction$1(MVCCDataStructure.java:297)
	at java.base/java.util.concurrent.Executors$RunnableAdapter.call(Executors.java:515)
	at java.base/java.util.concurrent.FutureTask.run(FutureTask.java:264)
	at java.base/java.util.concurrent.ThreadPoolExecutor.runWorker(ThreadPoolExecutor.java:1128)
	at java.base/java.util.concurrent.ThreadPoolExecutor$Worker.run(ThreadPoolExecutor.java:628)
	... 1 more
java.util.concurrent.ExecutionException: jetbrains.exodus.ExodusException
	at java.base/java.util.concurrent.FutureTask.report(FutureTask.java:122)
	at java.base/java.util.concurrent.FutureTask.get(FutureTask.java:191)
	at jetbrains.exodus.newLogConcept.MVCC.MVCCDataStructure.commitTransaction(MVCCDataStructure.java:299)
	at site.ycsb.db.XodusClient.insert(XodusClient.java:60)
	at site.ycsb.DBWrapper.insert(DBWrapper.java:227)
	at site.ycsb.workloads.CoreWorkload.doInsert(CoreWorkload.java:621)
	at site.ycsb.ClientThread.run(ClientThread.java:135)
	at java.base/java.lang.Thread.run(Thread.java:829)
Caused by: jetbrains.exodus.ExodusException
	at jetbrains.exodus.newLogConcept.garbageCollector.OperationLogGarbageCollector.moveAndRemoveRecordsFromLog(OperationLogGarbageCollector.java:69)
	at jetbrains.exodus.newLogConcept.garbageCollector.OperationLogGarbageCollector.clean(OperationLogGarbageCollector.java:51)
	at jetbrains.exodus.newLogConcept.MVCC.MVCCDataStructure.lambda$commitTransaction$1(MVCCDataStructure.java:297)
	at java.base/java.util.concurrent.Executors$RunnableAdapter.call(Executors.java:515)
	at java.base/java.util.concurrent.FutureTask.run(FutureTask.java:264)
	at java.base/java.util.concurrent.ThreadPoolExecutor.runWorker(ThreadPoolExecutor.java:1128)
	at java.base/java.util.concurrent.ThreadPoolExecutor$Worker.run(ThreadPoolExecutor.java:628)
	... 1 more
java.util.concurrent.ExecutionException: jetbrains.exodus.ExodusException
	at java.base/java.util.concurrent.FutureTask.report(FutureTask.java:122)
	at java.base/java.util.concurrent.FutureTask.get(FutureTask.java:191)
	at jetbrains.exodus.newLogConcept.MVCC.MVCCDataStructure.commitTransaction(MVCCDataStructure.java:299)
	at site.ycsb.db.XodusClient.insert(XodusClient.java:60)
	at site.ycsb.DBWrapper.insert(DBWrapper.java:227)
	at site.ycsb.workloads.CoreWorkload.doInsert(CoreWorkload.java:621)
	at site.ycsb.ClientThread.run(ClientThread.java:135)
	at java.base/java.lang.Thread.run(Thread.java:829)
Caused by: jetbrains.exodus.ExodusException
	at jetbrains.exodus.newLogConcept.garbageCollector.OperationLogGarbageCollector.moveAndRemoveRecordsFromLog(OperationLogGarbageCollector.java:69)
	at jetbrains.exodus.newLogConcept.garbageCollector.OperationLogGarbageCollector.clean(OperationLogGarbageCollector.java:51)
	at jetbrains.exodus.newLogConcept.MVCC.MVCCDataStructure.lambda$commitTransaction$1(MVCCDataStructure.java:297)
	at java.base/java.util.concurrent.Executors$RunnableAdapter.call(Executors.java:515)
	at java.base/java.util.concurrent.FutureTask.run(FutureTask.java:264)
	at java.base/java.util.concurrent.ThreadPoolExecutor.runWorker(ThreadPoolExecutor.java:1128)
	at java.base/java.util.concurrent.ThreadPoolExecutor$Worker.run(ThreadPoolExecutor.java:628)
	... 1 more
java.util.concurrent.ExecutionException: jetbrains.exodus.ExodusException
	at java.base/java.util.concurrent.FutureTask.report(FutureTask.java:122)
	at java.base/java.util.concurrent.FutureTask.get(FutureTask.java:191)
	at jetbrains.exodus.newLogConcept.MVCC.MVCCDataStructure.commitTransaction(MVCCDataStructure.java:299)
	at site.ycsb.db.XodusClient.insert(XodusClient.java:60)
	at site.ycsb.DBWrapper.insert(DBWrapper.java:227)
	at site.ycsb.workloads.CoreWorkload.doInsert(CoreWorkload.java:621)
	at site.ycsb.ClientThread.run(ClientThread.java:135)
	at java.base/java.lang.Thread.run(Thread.java:829)
Caused by: jetbrains.exodus.ExodusException
	at jetbrains.exodus.newLogConcept.garbageCollector.OperationLogGarbageCollector.moveAndRemoveRecordsFromLog(OperationLogGarbageCollector.java:69)
	at jetbrains.exodus.newLogConcept.garbageCollector.OperationLogGarbageCollector.clean(OperationLogGarbageCollector.java:51)
	at jetbrains.exodus.newLogConcept.MVCC.MVCCDataStructure.lambda$commitTransaction$1(MVCCDataStructure.java:297)
	at java.base/java.util.concurrent.Executors$RunnableAdapter.call(Executors.java:515)
	at java.base/java.util.concurrent.FutureTask.run(FutureTask.java:264)
	at java.base/java.util.concurrent.ThreadPoolExecutor.runWorker(ThreadPoolExecutor.java:1128)
	at java.base/java.util.concurrent.ThreadPoolExecutor$Worker.run(ThreadPoolExecutor.java:628)
	... 1 more
java.util.concurrent.ExecutionException: jetbrains.exodus.ExodusException
	at java.base/java.util.concurrent.FutureTask.report(FutureTask.java:122)
	at java.base/java.util.concurrent.FutureTask.get(FutureTask.java:191)
	at jetbrains.exodus.newLogConcept.MVCC.MVCCDataStructure.commitTransaction(MVCCDataStructure.java:299)
	at site.ycsb.db.XodusClient.insert(XodusClient.java:60)
	at site.ycsb.DBWrapper.insert(DBWrapper.java:227)
	at site.ycsb.workloads.CoreWorkload.doInsert(CoreWorkload.java:621)
	at site.ycsb.ClientThread.run(ClientThread.java:135)
	at java.base/java.lang.Thread.run(Thread.java:829)
Caused by: jetbrains.exodus.ExodusException
	at jetbrains.exodus.newLogConcept.garbageCollector.OperationLogGarbageCollector.moveAndRemoveRecordsFromLog(OperationLogGarbageCollector.java:69)
	at jetbrains.exodus.newLogConcept.garbageCollector.OperationLogGarbageCollector.clean(OperationLogGarbageCollector.java:51)
	at jetbrains.exodus.newLogConcept.MVCC.MVCCDataStructure.lambda$commitTransaction$1(MVCCDataStructure.java:297)
	at java.base/java.util.concurrent.Executors$RunnableAdapter.call(Executors.java:515)
	at java.base/java.util.concurrent.FutureTask.run(FutureTask.java:264)
	at java.base/java.util.concurrent.ThreadPoolExecutor.runWorker(ThreadPoolExecutor.java:1128)
	at java.base/java.util.concurrent.ThreadPoolExecutor$Worker.run(ThreadPoolExecutor.java:628)
	... 1 more
java.util.concurrent.ExecutionException: jetbrains.exodus.ExodusException
	at java.base/java.util.concurrent.FutureTask.report(FutureTask.java:122)
	at java.base/java.util.concurrent.FutureTask.get(FutureTask.java:191)
	at jetbrains.exodus.newLogConcept.MVCC.MVCCDataStructure.commitTransaction(MVCCDataStructure.java:299)
	at site.ycsb.db.XodusClient.insert(XodusClient.java:60)
	at site.ycsb.DBWrapper.insert(DBWrapper.java:227)
	at site.ycsb.workloads.CoreWorkload.doInsert(CoreWorkload.java:621)
	at site.ycsb.ClientThread.run(ClientThread.java:135)
	at java.base/java.lang.Thread.run(Thread.java:829)
Caused by: jetbrains.exodus.ExodusException
	at jetbrains.exodus.newLogConcept.garbageCollector.OperationLogGarbageCollector.moveAndRemoveRecordsFromLog(OperationLogGarbageCollector.java:69)
	at jetbrains.exodus.newLogConcept.garbageCollector.OperationLogGarbageCollector.clean(OperationLogGarbageCollector.java:51)
	at jetbrains.exodus.newLogConcept.MVCC.MVCCDataStructure.lambda$commitTransaction$1(MVCCDataStructure.java:297)
	at java.base/java.util.concurrent.Executors$RunnableAdapter.call(Executors.java:515)
	at java.base/java.util.concurrent.FutureTask.run(FutureTask.java:264)
	at java.base/java.util.concurrent.ThreadPoolExecutor.runWorker(ThreadPoolExecutor.java:1128)
	at java.base/java.util.concurrent.ThreadPoolExecutor$Worker.run(ThreadPoolExecutor.java:628)
	... 1 more
java.util.concurrent.ExecutionException: jetbrains.exodus.ExodusException
	at java.base/java.util.concurrent.FutureTask.report(FutureTask.java:122)
	at java.base/java.util.concurrent.FutureTask.get(FutureTask.java:191)
	at jetbrains.exodus.newLogConcept.MVCC.MVCCDataStructure.commitTransaction(MVCCDataStructure.java:299)
	at site.ycsb.db.XodusClient.insert(XodusClient.java:60)
	at site.ycsb.DBWrapper.insert(DBWrapper.java:227)
	at site.ycsb.workloads.CoreWorkload.doInsert(CoreWorkload.java:621)
	at site.ycsb.ClientThread.run(ClientThread.java:135)
	at java.base/java.lang.Thread.run(Thread.java:829)
Caused by: jetbrains.exodus.ExodusException
	at jetbrains.exodus.newLogConcept.garbageCollector.OperationLogGarbageCollector.moveAndRemoveRecordsFromLog(OperationLogGarbageCollector.java:69)
	at jetbrains.exodus.newLogConcept.garbageCollector.OperationLogGarbageCollector.clean(OperationLogGarbageCollector.java:51)
	at jetbrains.exodus.newLogConcept.MVCC.MVCCDataStructure.lambda$commitTransaction$1(MVCCDataStructure.java:297)
	at java.base/java.util.concurrent.Executors$RunnableAdapter.call(Executors.java:515)
	at java.base/java.util.concurrent.FutureTask.run(FutureTask.java:264)
	at java.base/java.util.concurrent.ThreadPoolExecutor.runWorker(ThreadPoolExecutor.java:1128)
	at java.base/java.util.concurrent.ThreadPoolExecutor$Worker.run(ThreadPoolExecutor.java:628)
	... 1 more
java.util.concurrent.ExecutionException: jetbrains.exodus.ExodusException
	at java.base/java.util.concurrent.FutureTask.report(FutureTask.java:122)
	at java.base/java.util.concurrent.FutureTask.get(FutureTask.java:191)
	at jetbrains.exodus.newLogConcept.MVCC.MVCCDataStructure.commitTransaction(MVCCDataStructure.java:299)
	at site.ycsb.db.XodusClient.insert(XodusClient.java:60)
	at site.ycsb.DBWrapper.insert(DBWrapper.java:227)
	at site.ycsb.workloads.CoreWorkload.doInsert(CoreWorkload.java:621)
	at site.ycsb.ClientThread.run(ClientThread.java:135)
	at java.base/java.lang.Thread.run(Thread.java:829)
Caused by: jetbrains.exodus.ExodusException
	at jetbrains.exodus.newLogConcept.garbageCollector.OperationLogGarbageCollector.moveAndRemoveRecordsFromLog(OperationLogGarbageCollector.java:69)
	at jetbrains.exodus.newLogConcept.garbageCollector.OperationLogGarbageCollector.clean(OperationLogGarbageCollector.java:51)
	at jetbrains.exodus.newLogConcept.MVCC.MVCCDataStructure.lambda$commitTransaction$1(MVCCDataStructure.java:297)
	at java.base/java.util.concurrent.Executors$RunnableAdapter.call(Executors.java:515)
	at java.base/java.util.concurrent.FutureTask.run(FutureTask.java:264)
	at java.base/java.util.concurrent.ThreadPoolExecutor.runWorker(ThreadPoolExecutor.java:1128)
	at java.base/java.util.concurrent.ThreadPoolExecutor$Worker.run(ThreadPoolExecutor.java:628)
	... 1 more
java.util.concurrent.ExecutionException: jetbrains.exodus.ExodusException
	at java.base/java.util.concurrent.FutureTask.report(FutureTask.java:122)
	at java.base/java.util.concurrent.FutureTask.get(FutureTask.java:191)
	at jetbrains.exodus.newLogConcept.MVCC.MVCCDataStructure.commitTransaction(MVCCDataStructure.java:299)
	at site.ycsb.db.XodusClient.insert(XodusClient.java:60)
	at site.ycsb.DBWrapper.insert(DBWrapper.java:227)
	at site.ycsb.workloads.CoreWorkload.doInsert(CoreWorkload.java:621)
	at site.ycsb.ClientThread.run(ClientThread.java:135)
	at java.base/java.lang.Thread.run(Thread.java:829)
Caused by: jetbrains.exodus.ExodusException
	at jetbrains.exodus.newLogConcept.garbageCollector.OperationLogGarbageCollector.moveAndRemoveRecordsFromLog(OperationLogGarbageCollector.java:69)
	at jetbrains.exodus.newLogConcept.garbageCollector.OperationLogGarbageCollector.clean(OperationLogGarbageCollector.java:51)
	at jetbrains.exodus.newLogConcept.MVCC.MVCCDataStructure.lambda$commitTransaction$1(MVCCDataStructure.java:297)
	at java.base/java.util.concurrent.Executors$RunnableAdapter.call(Executors.java:515)
	at java.base/java.util.concurrent.FutureTask.run(FutureTask.java:264)
	at java.base/java.util.concurrent.ThreadPoolExecutor.runWorker(ThreadPoolExecutor.java:1128)
	at java.base/java.util.concurrent.ThreadPoolExecutor$Worker.run(ThreadPoolExecutor.java:628)
	... 1 more
java.util.concurrent.ExecutionException: jetbrains.exodus.ExodusException
	at java.base/java.util.concurrent.FutureTask.report(FutureTask.java:122)
	at java.base/java.util.concurrent.FutureTask.get(FutureTask.java:191)
	at jetbrains.exodus.newLogConcept.MVCC.MVCCDataStructure.commitTransaction(MVCCDataStructure.java:299)
	at site.ycsb.db.XodusClient.insert(XodusClient.java:60)
	at site.ycsb.DBWrapper.insert(DBWrapper.java:227)
	at site.ycsb.workloads.CoreWorkload.doInsert(CoreWorkload.java:621)
	at site.ycsb.ClientThread.run(ClientThread.java:135)
	at java.base/java.lang.Thread.run(Thread.java:829)
Caused by: jetbrains.exodus.ExodusException
	at jetbrains.exodus.newLogConcept.garbageCollector.OperationLogGarbageCollector.moveAndRemoveRecordsFromLog(OperationLogGarbageCollector.java:69)
	at jetbrains.exodus.newLogConcept.garbageCollector.OperationLogGarbageCollector.clean(OperationLogGarbageCollector.java:51)
	at jetbrains.exodus.newLogConcept.MVCC.MVCCDataStructure.lambda$commitTransaction$1(MVCCDataStructure.java:297)
	at java.base/java.util.concurrent.Executors$RunnableAdapter.call(Executors.java:515)
	at java.base/java.util.concurrent.FutureTask.run(FutureTask.java:264)
	at java.base/java.util.concurrent.ThreadPoolExecutor.runWorker(ThreadPoolExecutor.java:1128)
	at java.base/java.util.concurrent.ThreadPoolExecutor$Worker.run(ThreadPoolExecutor.java:628)
	... 1 more
java.util.concurrent.ExecutionException: jetbrains.exodus.ExodusException
	at java.base/java.util.concurrent.FutureTask.report(FutureTask.java:122)
	at java.base/java.util.concurrent.FutureTask.get(FutureTask.java:191)
	at jetbrains.exodus.newLogConcept.MVCC.MVCCDataStructure.commitTransaction(MVCCDataStructure.java:299)
	at site.ycsb.db.XodusClient.insert(XodusClient.java:60)
	at site.ycsb.DBWrapper.insert(DBWrapper.java:227)
	at site.ycsb.workloads.CoreWorkload.doInsert(CoreWorkload.java:621)
	at site.ycsb.ClientThread.run(ClientThread.java:135)
	at java.base/java.lang.Thread.run(Thread.java:829)
Caused by: jetbrains.exodus.ExodusException
	at jetbrains.exodus.newLogConcept.garbageCollector.OperationLogGarbageCollector.moveAndRemoveRecordsFromLog(OperationLogGarbageCollector.java:69)
	at jetbrains.exodus.newLogConcept.garbageCollector.OperationLogGarbageCollector.clean(OperationLogGarbageCollector.java:51)
	at jetbrains.exodus.newLogConcept.MVCC.MVCCDataStructure.lambda$commitTransaction$1(MVCCDataStructure.java:297)
	at java.base/java.util.concurrent.Executors$RunnableAdapter.call(Executors.java:515)
	at java.base/java.util.concurrent.FutureTask.run(FutureTask.java:264)
	at java.base/java.util.concurrent.ThreadPoolExecutor.runWorker(ThreadPoolExecutor.java:1128)
	at java.base/java.util.concurrent.ThreadPoolExecutor$Worker.run(ThreadPoolExecutor.java:628)
	... 1 more
java.util.concurrent.ExecutionException: jetbrains.exodus.ExodusException
	at java.base/java.util.concurrent.FutureTask.report(FutureTask.java:122)
	at java.base/java.util.concurrent.FutureTask.get(FutureTask.java:191)
	at jetbrains.exodus.newLogConcept.MVCC.MVCCDataStructure.commitTransaction(MVCCDataStructure.java:299)
	at site.ycsb.db.XodusClient.insert(XodusClient.java:60)
	at site.ycsb.DBWrapper.insert(DBWrapper.java:227)
	at site.ycsb.workloads.CoreWorkload.doInsert(CoreWorkload.java:621)
	at site.ycsb.ClientThread.run(ClientThread.java:135)
	at java.base/java.lang.Thread.run(Thread.java:829)
Caused by: jetbrains.exodus.ExodusException
	at jetbrains.exodus.newLogConcept.garbageCollector.OperationLogGarbageCollector.moveAndRemoveRecordsFromLog(OperationLogGarbageCollector.java:69)
	at jetbrains.exodus.newLogConcept.garbageCollector.OperationLogGarbageCollector.clean(OperationLogGarbageCollector.java:51)
	at jetbrains.exodus.newLogConcept.MVCC.MVCCDataStructure.lambda$commitTransaction$1(MVCCDataStructure.java:297)
	at java.base/java.util.concurrent.Executors$RunnableAdapter.call(Executors.java:515)
	at java.base/java.util.concurrent.FutureTask.run(FutureTask.java:264)
	at java.base/java.util.concurrent.ThreadPoolExecutor.runWorker(ThreadPoolExecutor.java:1128)
	at java.base/java.util.concurrent.ThreadPoolExecutor$Worker.run(ThreadPoolExecutor.java:628)
	... 1 more
java.util.concurrent.ExecutionException: jetbrains.exodus.ExodusException
	at java.base/java.util.concurrent.FutureTask.report(FutureTask.java:122)
	at java.base/java.util.concurrent.FutureTask.get(FutureTask.java:191)
	at jetbrains.exodus.newLogConcept.MVCC.MVCCDataStructure.commitTransaction(MVCCDataStructure.java:299)
	at site.ycsb.db.XodusClient.insert(XodusClient.java:60)
	at site.ycsb.DBWrapper.insert(DBWrapper.java:227)
	at site.ycsb.workloads.CoreWorkload.doInsert(CoreWorkload.java:621)
	at site.ycsb.ClientThread.run(ClientThread.java:135)
	at java.base/java.lang.Thread.run(Thread.java:829)
Caused by: jetbrains.exodus.ExodusException
	at jetbrains.exodus.newLogConcept.garbageCollector.OperationLogGarbageCollector.moveAndRemoveRecordsFromLog(OperationLogGarbageCollector.java:69)
	at jetbrains.exodus.newLogConcept.garbageCollector.OperationLogGarbageCollector.clean(OperationLogGarbageCollector.java:51)
	at jetbrains.exodus.newLogConcept.MVCC.MVCCDataStructure.lambda$commitTransaction$1(MVCCDataStructure.java:297)
	at java.base/java.util.concurrent.Executors$RunnableAdapter.call(Executors.java:515)
	at java.base/java.util.concurrent.FutureTask.run(FutureTask.java:264)
	at java.base/java.util.concurrent.ThreadPoolExecutor.runWorker(ThreadPoolExecutor.java:1128)
	at java.base/java.util.concurrent.ThreadPoolExecutor$Worker.run(ThreadPoolExecutor.java:628)
	... 1 more
java.util.concurrent.ExecutionException: jetbrains.exodus.ExodusException
	at java.base/java.util.concurrent.FutureTask.report(FutureTask.java:122)
	at java.base/java.util.concurrent.FutureTask.get(FutureTask.java:191)
	at jetbrains.exodus.newLogConcept.MVCC.MVCCDataStructure.commitTransaction(MVCCDataStructure.java:299)
	at site.ycsb.db.XodusClient.insert(XodusClient.java:60)
	at site.ycsb.DBWrapper.insert(DBWrapper.java:227)
	at site.ycsb.workloads.CoreWorkload.doInsert(CoreWorkload.java:621)
	at site.ycsb.ClientThread.run(ClientThread.java:135)
	at java.base/java.lang.Thread.run(Thread.java:829)
Caused by: jetbrains.exodus.ExodusException
	at jetbrains.exodus.newLogConcept.garbageCollector.OperationLogGarbageCollector.moveAndRemoveRecordsFromLog(OperationLogGarbageCollector.java:69)
	at jetbrains.exodus.newLogConcept.garbageCollector.OperationLogGarbageCollector.clean(OperationLogGarbageCollector.java:51)
	at jetbrains.exodus.newLogConcept.MVCC.MVCCDataStructure.lambda$commitTransaction$1(MVCCDataStructure.java:297)
	at java.base/java.util.concurrent.Executors$RunnableAdapter.call(Executors.java:515)
	at java.base/java.util.concurrent.FutureTask.run(FutureTask.java:264)
	at java.base/java.util.concurrent.ThreadPoolExecutor.runWorker(ThreadPoolExecutor.java:1128)
	at java.base/java.util.concurrent.ThreadPoolExecutor$Worker.run(ThreadPoolExecutor.java:628)
	... 1 more
java.util.concurrent.ExecutionException: jetbrains.exodus.ExodusException
	at java.base/java.util.concurrent.FutureTask.report(FutureTask.java:122)
	at java.base/java.util.concurrent.FutureTask.get(FutureTask.java:191)
	at jetbrains.exodus.newLogConcept.MVCC.MVCCDataStructure.commitTransaction(MVCCDataStructure.java:299)
	at site.ycsb.db.XodusClient.insert(XodusClient.java:60)
	at site.ycsb.DBWrapper.insert(DBWrapper.java:227)
	at site.ycsb.workloads.CoreWorkload.doInsert(CoreWorkload.java:621)
	at site.ycsb.ClientThread.run(ClientThread.java:135)
	at java.base/java.lang.Thread.run(Thread.java:829)
Caused by: jetbrains.exodus.ExodusException
	at jetbrains.exodus.newLogConcept.garbageCollector.OperationLogGarbageCollector.moveAndRemoveRecordsFromLog(OperationLogGarbageCollector.java:69)
	at jetbrains.exodus.newLogConcept.garbageCollector.OperationLogGarbageCollector.clean(OperationLogGarbageCollector.java:51)
	at jetbrains.exodus.newLogConcept.MVCC.MVCCDataStructure.lambda$commitTransaction$1(MVCCDataStructure.java:297)
	at java.base/java.util.concurrent.Executors$RunnableAdapter.call(Executors.java:515)
	at java.base/java.util.concurrent.FutureTask.run(FutureTask.java:264)
	at java.base/java.util.concurrent.ThreadPoolExecutor.runWorker(ThreadPoolExecutor.java:1128)
	at java.base/java.util.concurrent.ThreadPoolExecutor$Worker.run(ThreadPoolExecutor.java:628)
	... 1 more
java.util.concurrent.ExecutionException: jetbrains.exodus.ExodusException
	at java.base/java.util.concurrent.FutureTask.report(FutureTask.java:122)
	at java.base/java.util.concurrent.FutureTask.get(FutureTask.java:191)
	at jetbrains.exodus.newLogConcept.MVCC.MVCCDataStructure.commitTransaction(MVCCDataStructure.java:299)
	at site.ycsb.db.XodusClient.insert(XodusClient.java:60)
	at site.ycsb.DBWrapper.insert(DBWrapper.java:227)
	at site.ycsb.workloads.CoreWorkload.doInsert(CoreWorkload.java:621)
	at site.ycsb.ClientThread.run(ClientThread.java:135)
	at java.base/java.lang.Thread.run(Thread.java:829)
Caused by: jetbrains.exodus.ExodusException
	at jetbrains.exodus.newLogConcept.garbageCollector.OperationLogGarbageCollector.moveAndRemoveRecordsFromLog(OperationLogGarbageCollector.java:69)
	at jetbrains.exodus.newLogConcept.garbageCollector.OperationLogGarbageCollector.clean(OperationLogGarbageCollector.java:51)
	at jetbrains.exodus.newLogConcept.MVCC.MVCCDataStructure.lambda$commitTransaction$1(MVCCDataStructure.java:297)
	at java.base/java.util.concurrent.Executors$RunnableAdapter.call(Executors.java:515)
	at java.base/java.util.concurrent.FutureTask.run(FutureTask.java:264)
	at java.base/java.util.concurrent.ThreadPoolExecutor.runWorker(ThreadPoolExecutor.java:1128)
	at java.base/java.util.concurrent.ThreadPoolExecutor$Worker.run(ThreadPoolExecutor.java:628)
	... 1 more
java.util.concurrent.ExecutionException: jetbrains.exodus.ExodusException
	at java.base/java.util.concurrent.FutureTask.report(FutureTask.java:122)
	at java.base/java.util.concurrent.FutureTask.get(FutureTask.java:191)
	at jetbrains.exodus.newLogConcept.MVCC.MVCCDataStructure.commitTransaction(MVCCDataStructure.java:299)
	at site.ycsb.db.XodusClient.insert(XodusClient.java:60)
	at site.ycsb.DBWrapper.insert(DBWrapper.java:227)
	at site.ycsb.workloads.CoreWorkload.doInsert(CoreWorkload.java:621)
	at site.ycsb.ClientThread.run(ClientThread.java:135)
	at java.base/java.lang.Thread.run(Thread.java:829)
Caused by: jetbrains.exodus.ExodusException
	at jetbrains.exodus.newLogConcept.garbageCollector.OperationLogGarbageCollector.moveAndRemoveRecordsFromLog(OperationLogGarbageCollector.java:69)
	at jetbrains.exodus.newLogConcept.garbageCollector.OperationLogGarbageCollector.clean(OperationLogGarbageCollector.java:51)
	at jetbrains.exodus.newLogConcept.MVCC.MVCCDataStructure.lambda$commitTransaction$1(MVCCDataStructure.java:297)
	at java.base/java.util.concurrent.Executors$RunnableAdapter.call(Executors.java:515)
	at java.base/java.util.concurrent.FutureTask.run(FutureTask.java:264)
	at java.base/java.util.concurrent.ThreadPoolExecutor.runWorker(ThreadPoolExecutor.java:1128)
	at java.base/java.util.concurrent.ThreadPoolExecutor$Worker.run(ThreadPoolExecutor.java:628)
	... 1 more
java.util.concurrent.ExecutionException: jetbrains.exodus.ExodusException
	at java.base/java.util.concurrent.FutureTask.report(FutureTask.java:122)
	at java.base/java.util.concurrent.FutureTask.get(FutureTask.java:191)
	at jetbrains.exodus.newLogConcept.MVCC.MVCCDataStructure.commitTransaction(MVCCDataStructure.java:299)
	at site.ycsb.db.XodusClient.insert(XodusClient.java:60)
	at site.ycsb.DBWrapper.insert(DBWrapper.java:227)
	at site.ycsb.workloads.CoreWorkload.doInsert(CoreWorkload.java:621)
	at site.ycsb.ClientThread.run(ClientThread.java:135)
	at java.base/java.lang.Thread.run(Thread.java:829)
Caused by: jetbrains.exodus.ExodusException
	at jetbrains.exodus.newLogConcept.garbageCollector.OperationLogGarbageCollector.moveAndRemoveRecordsFromLog(OperationLogGarbageCollector.java:69)
	at jetbrains.exodus.newLogConcept.garbageCollector.OperationLogGarbageCollector.clean(OperationLogGarbageCollector.java:51)
	at jetbrains.exodus.newLogConcept.MVCC.MVCCDataStructure.lambda$commitTransaction$1(MVCCDataStructure.java:297)
	at java.base/java.util.concurrent.Executors$RunnableAdapter.call(Executors.java:515)
	at java.base/java.util.concurrent.FutureTask.run(FutureTask.java:264)
	at java.base/java.util.concurrent.ThreadPoolExecutor.runWorker(ThreadPoolExecutor.java:1128)
	at java.base/java.util.concurrent.ThreadPoolExecutor$Worker.run(ThreadPoolExecutor.java:628)
	... 1 more
java.util.concurrent.ExecutionException: jetbrains.exodus.ExodusException
	at java.base/java.util.concurrent.FutureTask.report(FutureTask.java:122)
	at java.base/java.util.concurrent.FutureTask.get(FutureTask.java:191)
	at jetbrains.exodus.newLogConcept.MVCC.MVCCDataStructure.commitTransaction(MVCCDataStructure.java:299)
	at site.ycsb.db.XodusClient.insert(XodusClient.java:60)
	at site.ycsb.DBWrapper.insert(DBWrapper.java:227)
	at site.ycsb.workloads.CoreWorkload.doInsert(CoreWorkload.java:621)
	at site.ycsb.ClientThread.run(ClientThread.java:135)
	at java.base/java.lang.Thread.run(Thread.java:829)
Caused by: jetbrains.exodus.ExodusException
	at jetbrains.exodus.newLogConcept.garbageCollector.OperationLogGarbageCollector.moveAndRemoveRecordsFromLog(OperationLogGarbageCollector.java:69)
	at jetbrains.exodus.newLogConcept.garbageCollector.OperationLogGarbageCollector.clean(OperationLogGarbageCollector.java:51)
	at jetbrains.exodus.newLogConcept.MVCC.MVCCDataStructure.lambda$commitTransaction$1(MVCCDataStructure.java:297)
	at java.base/java.util.concurrent.Executors$RunnableAdapter.call(Executors.java:515)
	at java.base/java.util.concurrent.FutureTask.run(FutureTask.java:264)
	at java.base/java.util.concurrent.ThreadPoolExecutor.runWorker(ThreadPoolExecutor.java:1128)
	at java.base/java.util.concurrent.ThreadPoolExecutor$Worker.run(ThreadPoolExecutor.java:628)
	... 1 more
java.util.concurrent.ExecutionException: jetbrains.exodus.ExodusException
	at java.base/java.util.concurrent.FutureTask.report(FutureTask.java:122)
	at java.base/java.util.concurrent.FutureTask.get(FutureTask.java:191)
	at jetbrains.exodus.newLogConcept.MVCC.MVCCDataStructure.commitTransaction(MVCCDataStructure.java:299)
	at site.ycsb.db.XodusClient.insert(XodusClient.java:60)
	at site.ycsb.DBWrapper.insert(DBWrapper.java:227)
	at site.ycsb.workloads.CoreWorkload.doInsert(CoreWorkload.java:621)
	at site.ycsb.ClientThread.run(ClientThread.java:135)
	at java.base/java.lang.Thread.run(Thread.java:829)
Caused by: jetbrains.exodus.ExodusException
	at jetbrains.exodus.newLogConcept.garbageCollector.OperationLogGarbageCollector.moveAndRemoveRecordsFromLog(OperationLogGarbageCollector.java:69)
	at jetbrains.exodus.newLogConcept.garbageCollector.OperationLogGarbageCollector.clean(OperationLogGarbageCollector.java:51)
	at jetbrains.exodus.newLogConcept.MVCC.MVCCDataStructure.lambda$commitTransaction$1(MVCCDataStructure.java:297)
	at java.base/java.util.concurrent.Executors$RunnableAdapter.call(Executors.java:515)
	at java.base/java.util.concurrent.FutureTask.run(FutureTask.java:264)
	at java.base/java.util.concurrent.ThreadPoolExecutor.runWorker(ThreadPoolExecutor.java:1128)
	at java.base/java.util.concurrent.ThreadPoolExecutor$Worker.run(ThreadPoolExecutor.java:628)
	... 1 more
java.util.concurrent.ExecutionException: jetbrains.exodus.ExodusException
	at java.base/java.util.concurrent.FutureTask.report(FutureTask.java:122)
	at java.base/java.util.concurrent.FutureTask.get(FutureTask.java:191)
	at jetbrains.exodus.newLogConcept.MVCC.MVCCDataStructure.commitTransaction(MVCCDataStructure.java:299)
	at site.ycsb.db.XodusClient.insert(XodusClient.java:60)
	at site.ycsb.DBWrapper.insert(DBWrapper.java:227)
	at site.ycsb.workloads.CoreWorkload.doInsert(CoreWorkload.java:621)
	at site.ycsb.ClientThread.run(ClientThread.java:135)
	at java.base/java.lang.Thread.run(Thread.java:829)
Caused by: jetbrains.exodus.ExodusException
	at jetbrains.exodus.newLogConcept.garbageCollector.OperationLogGarbageCollector.moveAndRemoveRecordsFromLog(OperationLogGarbageCollector.java:69)
	at jetbrains.exodus.newLogConcept.garbageCollector.OperationLogGarbageCollector.clean(OperationLogGarbageCollector.java:51)
	at jetbrains.exodus.newLogConcept.MVCC.MVCCDataStructure.lambda$commitTransaction$1(MVCCDataStructure.java:297)
	at java.base/java.util.concurrent.Executors$RunnableAdapter.call(Executors.java:515)
	at java.base/java.util.concurrent.FutureTask.run(FutureTask.java:264)
	at java.base/java.util.concurrent.ThreadPoolExecutor.runWorker(ThreadPoolExecutor.java:1128)
	at java.base/java.util.concurrent.ThreadPoolExecutor$Worker.run(ThreadPoolExecutor.java:628)
	... 1 more
java.util.concurrent.ExecutionException: jetbrains.exodus.ExodusException
	at java.base/java.util.concurrent.FutureTask.report(FutureTask.java:122)
	at java.base/java.util.concurrent.FutureTask.get(FutureTask.java:191)
	at jetbrains.exodus.newLogConcept.MVCC.MVCCDataStructure.commitTransaction(MVCCDataStructure.java:299)
	at site.ycsb.db.XodusClient.insert(XodusClient.java:60)
	at site.ycsb.DBWrapper.insert(DBWrapper.java:227)
	at site.ycsb.workloads.CoreWorkload.doInsert(CoreWorkload.java:621)
	at site.ycsb.ClientThread.run(ClientThread.java:135)
	at java.base/java.lang.Thread.run(Thread.java:829)
Caused by: jetbrains.exodus.ExodusException
	at jetbrains.exodus.newLogConcept.garbageCollector.OperationLogGarbageCollector.moveAndRemoveRecordsFromLog(OperationLogGarbageCollector.java:69)
	at jetbrains.exodus.newLogConcept.garbageCollector.OperationLogGarbageCollector.clean(OperationLogGarbageCollector.java:51)
	at jetbrains.exodus.newLogConcept.MVCC.MVCCDataStructure.lambda$commitTransaction$1(MVCCDataStructure.java:297)
	at java.base/java.util.concurrent.Executors$RunnableAdapter.call(Executors.java:515)
	at java.base/java.util.concurrent.FutureTask.run(FutureTask.java:264)
	at java.base/java.util.concurrent.ThreadPoolExecutor.runWorker(ThreadPoolExecutor.java:1128)
	at java.base/java.util.concurrent.ThreadPoolExecutor$Worker.run(ThreadPoolExecutor.java:628)
	... 1 more
java.util.concurrent.ExecutionException: jetbrains.exodus.ExodusException
	at java.base/java.util.concurrent.FutureTask.report(FutureTask.java:122)
	at java.base/java.util.concurrent.FutureTask.get(FutureTask.java:191)
	at jetbrains.exodus.newLogConcept.MVCC.MVCCDataStructure.commitTransaction(MVCCDataStructure.java:299)
	at site.ycsb.db.XodusClient.insert(XodusClient.java:60)
	at site.ycsb.DBWrapper.insert(DBWrapper.java:227)
	at site.ycsb.workloads.CoreWorkload.doInsert(CoreWorkload.java:621)
	at site.ycsb.ClientThread.run(ClientThread.java:135)
	at java.base/java.lang.Thread.run(Thread.java:829)
Caused by: jetbrains.exodus.ExodusException
	at jetbrains.exodus.newLogConcept.garbageCollector.OperationLogGarbageCollector.moveAndRemoveRecordsFromLog(OperationLogGarbageCollector.java:69)
	at jetbrains.exodus.newLogConcept.garbageCollector.OperationLogGarbageCollector.clean(OperationLogGarbageCollector.java:51)
	at jetbrains.exodus.newLogConcept.MVCC.MVCCDataStructure.lambda$commitTransaction$1(MVCCDataStructure.java:297)
	at java.base/java.util.concurrent.Executors$RunnableAdapter.call(Executors.java:515)
	at java.base/java.util.concurrent.FutureTask.run(FutureTask.java:264)
	at java.base/java.util.concurrent.ThreadPoolExecutor.runWorker(ThreadPoolExecutor.java:1128)
	at java.base/java.util.concurrent.ThreadPoolExecutor$Worker.run(ThreadPoolExecutor.java:628)
	... 1 more
java.util.concurrent.ExecutionException: jetbrains.exodus.ExodusException
	at java.base/java.util.concurrent.FutureTask.report(FutureTask.java:122)
	at java.base/java.util.concurrent.FutureTask.get(FutureTask.java:191)
	at jetbrains.exodus.newLogConcept.MVCC.MVCCDataStructure.commitTransaction(MVCCDataStructure.java:299)
	at site.ycsb.db.XodusClient.insert(XodusClient.java:60)
	at site.ycsb.DBWrapper.insert(DBWrapper.java:227)
	at site.ycsb.workloads.CoreWorkload.doInsert(CoreWorkload.java:621)
	at site.ycsb.ClientThread.run(ClientThread.java:135)
	at java.base/java.lang.Thread.run(Thread.java:829)
Caused by: jetbrains.exodus.ExodusException
	at jetbrains.exodus.newLogConcept.garbageCollector.OperationLogGarbageCollector.moveAndRemoveRecordsFromLog(OperationLogGarbageCollector.java:69)
	at jetbrains.exodus.newLogConcept.garbageCollector.OperationLogGarbageCollector.clean(OperationLogGarbageCollector.java:51)
	at jetbrains.exodus.newLogConcept.MVCC.MVCCDataStructure.lambda$commitTransaction$1(MVCCDataStructure.java:297)
	at java.base/java.util.concurrent.Executors$RunnableAdapter.call(Executors.java:515)
	at java.base/java.util.concurrent.FutureTask.run(FutureTask.java:264)
	at java.base/java.util.concurrent.ThreadPoolExecutor.runWorker(ThreadPoolExecutor.java:1128)
	at java.base/java.util.concurrent.ThreadPoolExecutor$Worker.run(ThreadPoolExecutor.java:628)
	... 1 more
java.util.concurrent.ExecutionException: jetbrains.exodus.ExodusException
	at java.base/java.util.concurrent.FutureTask.report(FutureTask.java:122)
	at java.base/java.util.concurrent.FutureTask.get(FutureTask.java:191)
	at jetbrains.exodus.newLogConcept.MVCC.MVCCDataStructure.commitTransaction(MVCCDataStructure.java:299)
	at site.ycsb.db.XodusClient.insert(XodusClient.java:60)
	at site.ycsb.DBWrapper.insert(DBWrapper.java:227)
	at site.ycsb.workloads.CoreWorkload.doInsert(CoreWorkload.java:621)
	at site.ycsb.ClientThread.run(ClientThread.java:135)
	at java.base/java.lang.Thread.run(Thread.java:829)
Caused by: jetbrains.exodus.ExodusException
	at jetbrains.exodus.newLogConcept.garbageCollector.OperationLogGarbageCollector.moveAndRemoveRecordsFromLog(OperationLogGarbageCollector.java:69)
	at jetbrains.exodus.newLogConcept.garbageCollector.OperationLogGarbageCollector.clean(OperationLogGarbageCollector.java:51)
	at jetbrains.exodus.newLogConcept.MVCC.MVCCDataStructure.lambda$commitTransaction$1(MVCCDataStructure.java:297)
	at java.base/java.util.concurrent.Executors$RunnableAdapter.call(Executors.java:515)
	at java.base/java.util.concurrent.FutureTask.run(FutureTask.java:264)
	at java.base/java.util.concurrent.ThreadPoolExecutor.runWorker(ThreadPoolExecutor.java:1128)
	at java.base/java.util.concurrent.ThreadPoolExecutor$Worker.run(ThreadPoolExecutor.java:628)
	... 1 more
java.util.concurrent.ExecutionException: jetbrains.exodus.ExodusException
	at java.base/java.util.concurrent.FutureTask.report(FutureTask.java:122)
	at java.base/java.util.concurrent.FutureTask.get(FutureTask.java:191)
	at jetbrains.exodus.newLogConcept.MVCC.MVCCDataStructure.commitTransaction(MVCCDataStructure.java:299)
	at site.ycsb.db.XodusClient.insert(XodusClient.java:60)
	at site.ycsb.DBWrapper.insert(DBWrapper.java:227)
	at site.ycsb.workloads.CoreWorkload.doInsert(CoreWorkload.java:621)
	at site.ycsb.ClientThread.run(ClientThread.java:135)
	at java.base/java.lang.Thread.run(Thread.java:829)
Caused by: jetbrains.exodus.ExodusException
	at jetbrains.exodus.newLogConcept.garbageCollector.OperationLogGarbageCollector.moveAndRemoveRecordsFromLog(OperationLogGarbageCollector.java:69)
	at jetbrains.exodus.newLogConcept.garbageCollector.OperationLogGarbageCollector.clean(OperationLogGarbageCollector.java:51)
	at jetbrains.exodus.newLogConcept.MVCC.MVCCDataStructure.lambda$commitTransaction$1(MVCCDataStructure.java:297)
	at java.base/java.util.concurrent.Executors$RunnableAdapter.call(Executors.java:515)
	at java.base/java.util.concurrent.FutureTask.run(FutureTask.java:264)
	at java.base/java.util.concurrent.ThreadPoolExecutor.runWorker(ThreadPoolExecutor.java:1128)
	at java.base/java.util.concurrent.ThreadPoolExecutor$Worker.run(ThreadPoolExecutor.java:628)
	... 1 more
java.util.concurrent.ExecutionException: jetbrains.exodus.ExodusException
	at java.base/java.util.concurrent.FutureTask.report(FutureTask.java:122)
	at java.base/java.util.concurrent.FutureTask.get(FutureTask.java:191)
	at jetbrains.exodus.newLogConcept.MVCC.MVCCDataStructure.commitTransaction(MVCCDataStructure.java:299)
	at site.ycsb.db.XodusClient.insert(XodusClient.java:60)
	at site.ycsb.DBWrapper.insert(DBWrapper.java:227)
	at site.ycsb.workloads.CoreWorkload.doInsert(CoreWorkload.java:621)
	at site.ycsb.ClientThread.run(ClientThread.java:135)
	at java.base/java.lang.Thread.run(Thread.java:829)
Caused by: jetbrains.exodus.ExodusException
	at jetbrains.exodus.newLogConcept.garbageCollector.OperationLogGarbageCollector.moveAndRemoveRecordsFromLog(OperationLogGarbageCollector.java:69)
	at jetbrains.exodus.newLogConcept.garbageCollector.OperationLogGarbageCollector.clean(OperationLogGarbageCollector.java:51)
	at jetbrains.exodus.newLogConcept.MVCC.MVCCDataStructure.lambda$commitTransaction$1(MVCCDataStructure.java:297)
	at java.base/java.util.concurrent.Executors$RunnableAdapter.call(Executors.java:515)
	at java.base/java.util.concurrent.FutureTask.run(FutureTask.java:264)
	at java.base/java.util.concurrent.ThreadPoolExecutor.runWorker(ThreadPoolExecutor.java:1128)
	at java.base/java.util.concurrent.ThreadPoolExecutor$Worker.run(ThreadPoolExecutor.java:628)
	... 1 more
java.util.concurrent.ExecutionException: jetbrains.exodus.ExodusException
	at java.base/java.util.concurrent.FutureTask.report(FutureTask.java:122)
	at java.base/java.util.concurrent.FutureTask.get(FutureTask.java:191)
	at jetbrains.exodus.newLogConcept.MVCC.MVCCDataStructure.commitTransaction(MVCCDataStructure.java:299)
	at site.ycsb.db.XodusClient.insert(XodusClient.java:60)
	at site.ycsb.DBWrapper.insert(DBWrapper.java:227)
	at site.ycsb.workloads.CoreWorkload.doInsert(CoreWorkload.java:621)
	at site.ycsb.ClientThread.run(ClientThread.java:135)
	at java.base/java.lang.Thread.run(Thread.java:829)
Caused by: jetbrains.exodus.ExodusException
	at jetbrains.exodus.newLogConcept.garbageCollector.OperationLogGarbageCollector.moveAndRemoveRecordsFromLog(OperationLogGarbageCollector.java:69)
	at jetbrains.exodus.newLogConcept.garbageCollector.OperationLogGarbageCollector.clean(OperationLogGarbageCollector.java:51)
	at jetbrains.exodus.newLogConcept.MVCC.MVCCDataStructure.lambda$commitTransaction$1(MVCCDataStructure.java:297)
	at java.base/java.util.concurrent.Executors$RunnableAdapter.call(Executors.java:515)
	at java.base/java.util.concurrent.FutureTask.run(FutureTask.java:264)
	at java.base/java.util.concurrent.ThreadPoolExecutor.runWorker(ThreadPoolExecutor.java:1128)
	at java.base/java.util.concurrent.ThreadPoolExecutor$Worker.run(ThreadPoolExecutor.java:628)
	... 1 more
java.util.concurrent.ExecutionException: jetbrains.exodus.ExodusException
	at java.base/java.util.concurrent.FutureTask.report(FutureTask.java:122)
	at java.base/java.util.concurrent.FutureTask.get(FutureTask.java:191)
	at jetbrains.exodus.newLogConcept.MVCC.MVCCDataStructure.commitTransaction(MVCCDataStructure.java:299)
	at site.ycsb.db.XodusClient.insert(XodusClient.java:60)
	at site.ycsb.DBWrapper.insert(DBWrapper.java:227)
	at site.ycsb.workloads.CoreWorkload.doInsert(CoreWorkload.java:621)
	at site.ycsb.ClientThread.run(ClientThread.java:135)
	at java.base/java.lang.Thread.run(Thread.java:829)
Caused by: jetbrains.exodus.ExodusException
	at jetbrains.exodus.newLogConcept.garbageCollector.OperationLogGarbageCollector.moveAndRemoveRecordsFromLog(OperationLogGarbageCollector.java:69)
	at jetbrains.exodus.newLogConcept.garbageCollector.OperationLogGarbageCollector.clean(OperationLogGarbageCollector.java:51)
	at jetbrains.exodus.newLogConcept.MVCC.MVCCDataStructure.lambda$commitTransaction$1(MVCCDataStructure.java:297)
	at java.base/java.util.concurrent.Executors$RunnableAdapter.call(Executors.java:515)
	at java.base/java.util.concurrent.FutureTask.run(FutureTask.java:264)
	at java.base/java.util.concurrent.ThreadPoolExecutor.runWorker(ThreadPoolExecutor.java:1128)
	at java.base/java.util.concurrent.ThreadPoolExecutor$Worker.run(ThreadPoolExecutor.java:628)
	... 1 more
java.util.concurrent.ExecutionException: jetbrains.exodus.ExodusException
	at java.base/java.util.concurrent.FutureTask.report(FutureTask.java:122)
	at java.base/java.util.concurrent.FutureTask.get(FutureTask.java:191)
	at jetbrains.exodus.newLogConcept.MVCC.MVCCDataStructure.commitTransaction(MVCCDataStructure.java:299)
	at site.ycsb.db.XodusClient.insert(XodusClient.java:60)
	at site.ycsb.DBWrapper.insert(DBWrapper.java:227)
	at site.ycsb.workloads.CoreWorkload.doInsert(CoreWorkload.java:621)
	at site.ycsb.ClientThread.run(ClientThread.java:135)
	at java.base/java.lang.Thread.run(Thread.java:829)
Caused by: jetbrains.exodus.ExodusException
	at jetbrains.exodus.newLogConcept.garbageCollector.OperationLogGarbageCollector.moveAndRemoveRecordsFromLog(OperationLogGarbageCollector.java:69)
	at jetbrains.exodus.newLogConcept.garbageCollector.OperationLogGarbageCollector.clean(OperationLogGarbageCollector.java:51)
	at jetbrains.exodus.newLogConcept.MVCC.MVCCDataStructure.lambda$commitTransaction$1(MVCCDataStructure.java:297)
	at java.base/java.util.concurrent.Executors$RunnableAdapter.call(Executors.java:515)
	at java.base/java.util.concurrent.FutureTask.run(FutureTask.java:264)
	at java.base/java.util.concurrent.ThreadPoolExecutor.runWorker(ThreadPoolExecutor.java:1128)
	at java.base/java.util.concurrent.ThreadPoolExecutor$Worker.run(ThreadPoolExecutor.java:628)
	... 1 more
java.util.concurrent.ExecutionException: jetbrains.exodus.ExodusException
	at java.base/java.util.concurrent.FutureTask.report(FutureTask.java:122)
	at java.base/java.util.concurrent.FutureTask.get(FutureTask.java:191)
	at jetbrains.exodus.newLogConcept.MVCC.MVCCDataStructure.commitTransaction(MVCCDataStructure.java:299)
	at site.ycsb.db.XodusClient.insert(XodusClient.java:60)
	at site.ycsb.DBWrapper.insert(DBWrapper.java:227)
	at site.ycsb.workloads.CoreWorkload.doInsert(CoreWorkload.java:621)
	at site.ycsb.ClientThread.run(ClientThread.java:135)
	at java.base/java.lang.Thread.run(Thread.java:829)
Caused by: jetbrains.exodus.ExodusException
	at jetbrains.exodus.newLogConcept.garbageCollector.OperationLogGarbageCollector.moveAndRemoveRecordsFromLog(OperationLogGarbageCollector.java:69)
	at jetbrains.exodus.newLogConcept.garbageCollector.OperationLogGarbageCollector.clean(OperationLogGarbageCollector.java:51)
	at jetbrains.exodus.newLogConcept.MVCC.MVCCDataStructure.lambda$commitTransaction$1(MVCCDataStructure.java:297)
	at java.base/java.util.concurrent.Executors$RunnableAdapter.call(Executors.java:515)
	at java.base/java.util.concurrent.FutureTask.run(FutureTask.java:264)
	at java.base/java.util.concurrent.ThreadPoolExecutor.runWorker(ThreadPoolExecutor.java:1128)
	at java.base/java.util.concurrent.ThreadPoolExecutor$Worker.run(ThreadPoolExecutor.java:628)
	... 1 more
java.util.concurrent.ExecutionException: jetbrains.exodus.ExodusException
	at java.base/java.util.concurrent.FutureTask.report(FutureTask.java:122)
	at java.base/java.util.concurrent.FutureTask.get(FutureTask.java:191)
	at jetbrains.exodus.newLogConcept.MVCC.MVCCDataStructure.commitTransaction(MVCCDataStructure.java:299)
	at site.ycsb.db.XodusClient.insert(XodusClient.java:60)
	at site.ycsb.DBWrapper.insert(DBWrapper.java:227)
	at site.ycsb.workloads.CoreWorkload.doInsert(CoreWorkload.java:621)
	at site.ycsb.ClientThread.run(ClientThread.java:135)
	at java.base/java.lang.Thread.run(Thread.java:829)
Caused by: jetbrains.exodus.ExodusException
	at jetbrains.exodus.newLogConcept.garbageCollector.OperationLogGarbageCollector.moveAndRemoveRecordsFromLog(OperationLogGarbageCollector.java:69)
	at jetbrains.exodus.newLogConcept.garbageCollector.OperationLogGarbageCollector.clean(OperationLogGarbageCollector.java:51)
	at jetbrains.exodus.newLogConcept.MVCC.MVCCDataStructure.lambda$commitTransaction$1(MVCCDataStructure.java:297)
	at java.base/java.util.concurrent.Executors$RunnableAdapter.call(Executors.java:515)
	at java.base/java.util.concurrent.FutureTask.run(FutureTask.java:264)
	at java.base/java.util.concurrent.ThreadPoolExecutor.runWorker(ThreadPoolExecutor.java:1128)
	at java.base/java.util.concurrent.ThreadPoolExecutor$Worker.run(ThreadPoolExecutor.java:628)
	... 1 more
java.util.concurrent.ExecutionException: jetbrains.exodus.ExodusException
	at java.base/java.util.concurrent.FutureTask.report(FutureTask.java:122)
	at java.base/java.util.concurrent.FutureTask.get(FutureTask.java:191)
	at jetbrains.exodus.newLogConcept.MVCC.MVCCDataStructure.commitTransaction(MVCCDataStructure.java:299)
	at site.ycsb.db.XodusClient.insert(XodusClient.java:60)
	at site.ycsb.DBWrapper.insert(DBWrapper.java:227)
	at site.ycsb.workloads.CoreWorkload.doInsert(CoreWorkload.java:621)
	at site.ycsb.ClientThread.run(ClientThread.java:135)
	at java.base/java.lang.Thread.run(Thread.java:829)
Caused by: jetbrains.exodus.ExodusException
	at jetbrains.exodus.newLogConcept.garbageCollector.OperationLogGarbageCollector.moveAndRemoveRecordsFromLog(OperationLogGarbageCollector.java:69)
	at jetbrains.exodus.newLogConcept.garbageCollector.OperationLogGarbageCollector.clean(OperationLogGarbageCollector.java:51)
	at jetbrains.exodus.newLogConcept.MVCC.MVCCDataStructure.lambda$commitTransaction$1(MVCCDataStructure.java:297)
	at java.base/java.util.concurrent.Executors$RunnableAdapter.call(Executors.java:515)
	at java.base/java.util.concurrent.FutureTask.run(FutureTask.java:264)
	at java.base/java.util.concurrent.ThreadPoolExecutor.runWorker(ThreadPoolExecutor.java:1128)
	at java.base/java.util.concurrent.ThreadPoolExecutor$Worker.run(ThreadPoolExecutor.java:628)
	... 1 more
java.util.concurrent.ExecutionException: jetbrains.exodus.ExodusException
	at java.base/java.util.concurrent.FutureTask.report(FutureTask.java:122)
	at java.base/java.util.concurrent.FutureTask.get(FutureTask.java:191)
	at jetbrains.exodus.newLogConcept.MVCC.MVCCDataStructure.commitTransaction(MVCCDataStructure.java:299)
	at site.ycsb.db.XodusClient.insert(XodusClient.java:60)
	at site.ycsb.DBWrapper.insert(DBWrapper.java:227)
	at site.ycsb.workloads.CoreWorkload.doInsert(CoreWorkload.java:621)
	at site.ycsb.ClientThread.run(ClientThread.java:135)
	at java.base/java.lang.Thread.run(Thread.java:829)
Caused by: jetbrains.exodus.ExodusException
	at jetbrains.exodus.newLogConcept.garbageCollector.OperationLogGarbageCollector.moveAndRemoveRecordsFromLog(OperationLogGarbageCollector.java:69)
	at jetbrains.exodus.newLogConcept.garbageCollector.OperationLogGarbageCollector.clean(OperationLogGarbageCollector.java:51)
	at jetbrains.exodus.newLogConcept.MVCC.MVCCDataStructure.lambda$commitTransaction$1(MVCCDataStructure.java:297)
	at java.base/java.util.concurrent.Executors$RunnableAdapter.call(Executors.java:515)
	at java.base/java.util.concurrent.FutureTask.run(FutureTask.java:264)
	at java.base/java.util.concurrent.ThreadPoolExecutor.runWorker(ThreadPoolExecutor.java:1128)
	at java.base/java.util.concurrent.ThreadPoolExecutor$Worker.run(ThreadPoolExecutor.java:628)
	... 1 more
java.util.concurrent.ExecutionException: jetbrains.exodus.ExodusException
	at java.base/java.util.concurrent.FutureTask.report(FutureTask.java:122)
	at java.base/java.util.concurrent.FutureTask.get(FutureTask.java:191)
	at jetbrains.exodus.newLogConcept.MVCC.MVCCDataStructure.commitTransaction(MVCCDataStructure.java:299)
	at site.ycsb.db.XodusClient.insert(XodusClient.java:60)
	at site.ycsb.DBWrapper.insert(DBWrapper.java:227)
	at site.ycsb.workloads.CoreWorkload.doInsert(CoreWorkload.java:621)
	at site.ycsb.ClientThread.run(ClientThread.java:135)
	at java.base/java.lang.Thread.run(Thread.java:829)
Caused by: jetbrains.exodus.ExodusException
	at jetbrains.exodus.newLogConcept.garbageCollector.OperationLogGarbageCollector.moveAndRemoveRecordsFromLog(OperationLogGarbageCollector.java:69)
	at jetbrains.exodus.newLogConcept.garbageCollector.OperationLogGarbageCollector.clean(OperationLogGarbageCollector.java:51)
	at jetbrains.exodus.newLogConcept.MVCC.MVCCDataStructure.lambda$commitTransaction$1(MVCCDataStructure.java:297)
	at java.base/java.util.concurrent.Executors$RunnableAdapter.call(Executors.java:515)
	at java.base/java.util.concurrent.FutureTask.run(FutureTask.java:264)
	at java.base/java.util.concurrent.ThreadPoolExecutor.runWorker(ThreadPoolExecutor.java:1128)
	at java.base/java.util.concurrent.ThreadPoolExecutor$Worker.run(ThreadPoolExecutor.java:628)
	... 1 more
java.util.concurrent.ExecutionException: jetbrains.exodus.ExodusException
	at java.base/java.util.concurrent.FutureTask.report(FutureTask.java:122)
	at java.base/java.util.concurrent.FutureTask.get(FutureTask.java:191)
	at jetbrains.exodus.newLogConcept.MVCC.MVCCDataStructure.commitTransaction(MVCCDataStructure.java:299)
	at site.ycsb.db.XodusClient.insert(XodusClient.java:60)
	at site.ycsb.DBWrapper.insert(DBWrapper.java:227)
	at site.ycsb.workloads.CoreWorkload.doInsert(CoreWorkload.java:621)
	at site.ycsb.ClientThread.run(ClientThread.java:135)
	at java.base/java.lang.Thread.run(Thread.java:829)
Caused by: jetbrains.exodus.ExodusException
	at jetbrains.exodus.newLogConcept.garbageCollector.OperationLogGarbageCollector.moveAndRemoveRecordsFromLog(OperationLogGarbageCollector.java:69)
	at jetbrains.exodus.newLogConcept.garbageCollector.OperationLogGarbageCollector.clean(OperationLogGarbageCollector.java:51)
	at jetbrains.exodus.newLogConcept.MVCC.MVCCDataStructure.lambda$commitTransaction$1(MVCCDataStructure.java:297)
	at java.base/java.util.concurrent.Executors$RunnableAdapter.call(Executors.java:515)
	at java.base/java.util.concurrent.FutureTask.run(FutureTask.java:264)
	at java.base/java.util.concurrent.ThreadPoolExecutor.runWorker(ThreadPoolExecutor.java:1128)
	at java.base/java.util.concurrent.ThreadPoolExecutor$Worker.run(ThreadPoolExecutor.java:628)
	... 1 more
java.util.concurrent.ExecutionException: jetbrains.exodus.ExodusException
	at java.base/java.util.concurrent.FutureTask.report(FutureTask.java:122)
	at java.base/java.util.concurrent.FutureTask.get(FutureTask.java:191)
	at jetbrains.exodus.newLogConcept.MVCC.MVCCDataStructure.commitTransaction(MVCCDataStructure.java:299)
	at site.ycsb.db.XodusClient.insert(XodusClient.java:60)
	at site.ycsb.DBWrapper.insert(DBWrapper.java:227)
	at site.ycsb.workloads.CoreWorkload.doInsert(CoreWorkload.java:621)
	at site.ycsb.ClientThread.run(ClientThread.java:135)
	at java.base/java.lang.Thread.run(Thread.java:829)
Caused by: jetbrains.exodus.ExodusException
	at jetbrains.exodus.newLogConcept.garbageCollector.OperationLogGarbageCollector.moveAndRemoveRecordsFromLog(OperationLogGarbageCollector.java:69)
	at jetbrains.exodus.newLogConcept.garbageCollector.OperationLogGarbageCollector.clean(OperationLogGarbageCollector.java:51)
	at jetbrains.exodus.newLogConcept.MVCC.MVCCDataStructure.lambda$commitTransaction$1(MVCCDataStructure.java:297)
	at java.base/java.util.concurrent.Executors$RunnableAdapter.call(Executors.java:515)
	at java.base/java.util.concurrent.FutureTask.run(FutureTask.java:264)
	at java.base/java.util.concurrent.ThreadPoolExecutor.runWorker(ThreadPoolExecutor.java:1128)
	at java.base/java.util.concurrent.ThreadPoolExecutor$Worker.run(ThreadPoolExecutor.java:628)
	... 1 more
java.util.concurrent.ExecutionException: jetbrains.exodus.ExodusException
	at java.base/java.util.concurrent.FutureTask.report(FutureTask.java:122)
	at java.base/java.util.concurrent.FutureTask.get(FutureTask.java:191)
	at jetbrains.exodus.newLogConcept.MVCC.MVCCDataStructure.commitTransaction(MVCCDataStructure.java:299)
	at site.ycsb.db.XodusClient.insert(XodusClient.java:60)
	at site.ycsb.DBWrapper.insert(DBWrapper.java:227)
	at site.ycsb.workloads.CoreWorkload.doInsert(CoreWorkload.java:621)
	at site.ycsb.ClientThread.run(ClientThread.java:135)
	at java.base/java.lang.Thread.run(Thread.java:829)
Caused by: jetbrains.exodus.ExodusException
	at jetbrains.exodus.newLogConcept.garbageCollector.OperationLogGarbageCollector.moveAndRemoveRecordsFromLog(OperationLogGarbageCollector.java:69)
	at jetbrains.exodus.newLogConcept.garbageCollector.OperationLogGarbageCollector.clean(OperationLogGarbageCollector.java:51)
	at jetbrains.exodus.newLogConcept.MVCC.MVCCDataStructure.lambda$commitTransaction$1(MVCCDataStructure.java:297)
	at java.base/java.util.concurrent.Executors$RunnableAdapter.call(Executors.java:515)
	at java.base/java.util.concurrent.FutureTask.run(FutureTask.java:264)
	at java.base/java.util.concurrent.ThreadPoolExecutor.runWorker(ThreadPoolExecutor.java:1128)
	at java.base/java.util.concurrent.ThreadPoolExecutor$Worker.run(ThreadPoolExecutor.java:628)
	... 1 more
java.util.concurrent.ExecutionException: jetbrains.exodus.ExodusException
	at java.base/java.util.concurrent.FutureTask.report(FutureTask.java:122)
	at java.base/java.util.concurrent.FutureTask.get(FutureTask.java:191)
	at jetbrains.exodus.newLogConcept.MVCC.MVCCDataStructure.commitTransaction(MVCCDataStructure.java:299)
	at site.ycsb.db.XodusClient.insert(XodusClient.java:60)
	at site.ycsb.DBWrapper.insert(DBWrapper.java:227)
	at site.ycsb.workloads.CoreWorkload.doInsert(CoreWorkload.java:621)
	at site.ycsb.ClientThread.run(ClientThread.java:135)
	at java.base/java.lang.Thread.run(Thread.java:829)
Caused by: jetbrains.exodus.ExodusException
	at jetbrains.exodus.newLogConcept.garbageCollector.OperationLogGarbageCollector.moveAndRemoveRecordsFromLog(OperationLogGarbageCollector.java:69)
	at jetbrains.exodus.newLogConcept.garbageCollector.OperationLogGarbageCollector.clean(OperationLogGarbageCollector.java:51)
	at jetbrains.exodus.newLogConcept.MVCC.MVCCDataStructure.lambda$commitTransaction$1(MVCCDataStructure.java:297)
	at java.base/java.util.concurrent.Executors$RunnableAdapter.call(Executors.java:515)
	at java.base/java.util.concurrent.FutureTask.run(FutureTask.java:264)
	at java.base/java.util.concurrent.ThreadPoolExecutor.runWorker(ThreadPoolExecutor.java:1128)
	at java.base/java.util.concurrent.ThreadPoolExecutor$Worker.run(ThreadPoolExecutor.java:628)
	... 1 more
java.util.concurrent.ExecutionException: jetbrains.exodus.ExodusException
	at java.base/java.util.concurrent.FutureTask.report(FutureTask.java:122)
	at java.base/java.util.concurrent.FutureTask.get(FutureTask.java:191)
	at jetbrains.exodus.newLogConcept.MVCC.MVCCDataStructure.commitTransaction(MVCCDataStructure.java:299)
	at site.ycsb.db.XodusClient.insert(XodusClient.java:60)
	at site.ycsb.DBWrapper.insert(DBWrapper.java:227)
	at site.ycsb.workloads.CoreWorkload.doInsert(CoreWorkload.java:621)
	at site.ycsb.ClientThread.run(ClientThread.java:135)
	at java.base/java.lang.Thread.run(Thread.java:829)
Caused by: jetbrains.exodus.ExodusException
	at jetbrains.exodus.newLogConcept.garbageCollector.OperationLogGarbageCollector.moveAndRemoveRecordsFromLog(OperationLogGarbageCollector.java:69)
	at jetbrains.exodus.newLogConcept.garbageCollector.OperationLogGarbageCollector.clean(OperationLogGarbageCollector.java:51)
	at jetbrains.exodus.newLogConcept.MVCC.MVCCDataStructure.lambda$commitTransaction$1(MVCCDataStructure.java:297)
	at java.base/java.util.concurrent.Executors$RunnableAdapter.call(Executors.java:515)
	at java.base/java.util.concurrent.FutureTask.run(FutureTask.java:264)
	at java.base/java.util.concurrent.ThreadPoolExecutor.runWorker(ThreadPoolExecutor.java:1128)
	at java.base/java.util.concurrent.ThreadPoolExecutor$Worker.run(ThreadPoolExecutor.java:628)
	... 1 more
java.util.concurrent.ExecutionException: jetbrains.exodus.ExodusException
	at java.base/java.util.concurrent.FutureTask.report(FutureTask.java:122)
	at java.base/java.util.concurrent.FutureTask.get(FutureTask.java:191)
	at jetbrains.exodus.newLogConcept.MVCC.MVCCDataStructure.commitTransaction(MVCCDataStructure.java:299)
	at site.ycsb.db.XodusClient.insert(XodusClient.java:60)
	at site.ycsb.DBWrapper.insert(DBWrapper.java:227)
	at site.ycsb.workloads.CoreWorkload.doInsert(CoreWorkload.java:621)
	at site.ycsb.ClientThread.run(ClientThread.java:135)
	at java.base/java.lang.Thread.run(Thread.java:829)
Caused by: jetbrains.exodus.ExodusException
	at jetbrains.exodus.newLogConcept.garbageCollector.OperationLogGarbageCollector.moveAndRemoveRecordsFromLog(OperationLogGarbageCollector.java:69)
	at jetbrains.exodus.newLogConcept.garbageCollector.OperationLogGarbageCollector.clean(OperationLogGarbageCollector.java:51)
	at jetbrains.exodus.newLogConcept.MVCC.MVCCDataStructure.lambda$commitTransaction$1(MVCCDataStructure.java:297)
	at java.base/java.util.concurrent.Executors$RunnableAdapter.call(Executors.java:515)
	at java.base/java.util.concurrent.FutureTask.run(FutureTask.java:264)
	at java.base/java.util.concurrent.ThreadPoolExecutor.runWorker(ThreadPoolExecutor.java:1128)
	at java.base/java.util.concurrent.ThreadPoolExecutor$Worker.run(ThreadPoolExecutor.java:628)
	... 1 more
java.util.concurrent.ExecutionException: jetbrains.exodus.ExodusException
	at java.base/java.util.concurrent.FutureTask.report(FutureTask.java:122)
	at java.base/java.util.concurrent.FutureTask.get(FutureTask.java:191)
	at jetbrains.exodus.newLogConcept.MVCC.MVCCDataStructure.commitTransaction(MVCCDataStructure.java:299)
	at site.ycsb.db.XodusClient.insert(XodusClient.java:60)
	at site.ycsb.DBWrapper.insert(DBWrapper.java:227)
	at site.ycsb.workloads.CoreWorkload.doInsert(CoreWorkload.java:621)
	at site.ycsb.ClientThread.run(ClientThread.java:135)
	at java.base/java.lang.Thread.run(Thread.java:829)
Caused by: jetbrains.exodus.ExodusException
	at jetbrains.exodus.newLogConcept.garbageCollector.OperationLogGarbageCollector.moveAndRemoveRecordsFromLog(OperationLogGarbageCollector.java:69)
	at jetbrains.exodus.newLogConcept.garbageCollector.OperationLogGarbageCollector.clean(OperationLogGarbageCollector.java:51)
	at jetbrains.exodus.newLogConcept.MVCC.MVCCDataStructure.lambda$commitTransaction$1(MVCCDataStructure.java:297)
	at java.base/java.util.concurrent.Executors$RunnableAdapter.call(Executors.java:515)
	at java.base/java.util.concurrent.FutureTask.run(FutureTask.java:264)
	at java.base/java.util.concurrent.ThreadPoolExecutor.runWorker(ThreadPoolExecutor.java:1128)
	at java.base/java.util.concurrent.ThreadPoolExecutor$Worker.run(ThreadPoolExecutor.java:628)
	... 1 more
java.util.concurrent.ExecutionException: jetbrains.exodus.ExodusException
	at java.base/java.util.concurrent.FutureTask.report(FutureTask.java:122)
	at java.base/java.util.concurrent.FutureTask.get(FutureTask.java:191)
	at jetbrains.exodus.newLogConcept.MVCC.MVCCDataStructure.commitTransaction(MVCCDataStructure.java:299)
	at site.ycsb.db.XodusClient.insert(XodusClient.java:60)
	at site.ycsb.DBWrapper.insert(DBWrapper.java:227)
	at site.ycsb.workloads.CoreWorkload.doInsert(CoreWorkload.java:621)
	at site.ycsb.ClientThread.run(ClientThread.java:135)
	at java.base/java.lang.Thread.run(Thread.java:829)
Caused by: jetbrains.exodus.ExodusException
	at jetbrains.exodus.newLogConcept.garbageCollector.OperationLogGarbageCollector.moveAndRemoveRecordsFromLog(OperationLogGarbageCollector.java:69)
	at jetbrains.exodus.newLogConcept.garbageCollector.OperationLogGarbageCollector.clean(OperationLogGarbageCollector.java:51)
	at jetbrains.exodus.newLogConcept.MVCC.MVCCDataStructure.lambda$commitTransaction$1(MVCCDataStructure.java:297)
	at java.base/java.util.concurrent.Executors$RunnableAdapter.call(Executors.java:515)
	at java.base/java.util.concurrent.FutureTask.run(FutureTask.java:264)
	at java.base/java.util.concurrent.ThreadPoolExecutor.runWorker(ThreadPoolExecutor.java:1128)
	at java.base/java.util.concurrent.ThreadPoolExecutor$Worker.run(ThreadPoolExecutor.java:628)
	... 1 more
java.util.concurrent.ExecutionException: jetbrains.exodus.ExodusException
	at java.base/java.util.concurrent.FutureTask.report(FutureTask.java:122)
	at java.base/java.util.concurrent.FutureTask.get(FutureTask.java:191)
	at jetbrains.exodus.newLogConcept.MVCC.MVCCDataStructure.commitTransaction(MVCCDataStructure.java:299)
	at site.ycsb.db.XodusClient.insert(XodusClient.java:60)
	at site.ycsb.DBWrapper.insert(DBWrapper.java:227)
	at site.ycsb.workloads.CoreWorkload.doInsert(CoreWorkload.java:621)
	at site.ycsb.ClientThread.run(ClientThread.java:135)
	at java.base/java.lang.Thread.run(Thread.java:829)
Caused by: jetbrains.exodus.ExodusException
	at jetbrains.exodus.newLogConcept.garbageCollector.OperationLogGarbageCollector.moveAndRemoveRecordsFromLog(OperationLogGarbageCollector.java:69)
	at jetbrains.exodus.newLogConcept.garbageCollector.OperationLogGarbageCollector.clean(OperationLogGarbageCollector.java:51)
	at jetbrains.exodus.newLogConcept.MVCC.MVCCDataStructure.lambda$commitTransaction$1(MVCCDataStructure.java:297)
	at java.base/java.util.concurrent.Executors$RunnableAdapter.call(Executors.java:515)
	at java.base/java.util.concurrent.FutureTask.run(FutureTask.java:264)
	at java.base/java.util.concurrent.ThreadPoolExecutor.runWorker(ThreadPoolExecutor.java:1128)
	at java.base/java.util.concurrent.ThreadPoolExecutor$Worker.run(ThreadPoolExecutor.java:628)
	... 1 more
java.util.concurrent.ExecutionException: jetbrains.exodus.ExodusException
	at java.base/java.util.concurrent.FutureTask.report(FutureTask.java:122)
	at java.base/java.util.concurrent.FutureTask.get(FutureTask.java:191)
	at jetbrains.exodus.newLogConcept.MVCC.MVCCDataStructure.commitTransaction(MVCCDataStructure.java:299)
	at site.ycsb.db.XodusClient.insert(XodusClient.java:60)
	at site.ycsb.DBWrapper.insert(DBWrapper.java:227)
	at site.ycsb.workloads.CoreWorkload.doInsert(CoreWorkload.java:621)
	at site.ycsb.ClientThread.run(ClientThread.java:135)
	at java.base/java.lang.Thread.run(Thread.java:829)
Caused by: jetbrains.exodus.ExodusException
	at jetbrains.exodus.newLogConcept.garbageCollector.OperationLogGarbageCollector.moveAndRemoveRecordsFromLog(OperationLogGarbageCollector.java:69)
	at jetbrains.exodus.newLogConcept.garbageCollector.OperationLogGarbageCollector.clean(OperationLogGarbageCollector.java:51)
	at jetbrains.exodus.newLogConcept.MVCC.MVCCDataStructure.lambda$commitTransaction$1(MVCCDataStructure.java:297)
	at java.base/java.util.concurrent.Executors$RunnableAdapter.call(Executors.java:515)
	at java.base/java.util.concurrent.FutureTask.run(FutureTask.java:264)
	at java.base/java.util.concurrent.ThreadPoolExecutor.runWorker(ThreadPoolExecutor.java:1128)
	at java.base/java.util.concurrent.ThreadPoolExecutor$Worker.run(ThreadPoolExecutor.java:628)
	... 1 more
java.util.concurrent.ExecutionException: jetbrains.exodus.ExodusException
	at java.base/java.util.concurrent.FutureTask.report(FutureTask.java:122)
	at java.base/java.util.concurrent.FutureTask.get(FutureTask.java:191)
	at jetbrains.exodus.newLogConcept.MVCC.MVCCDataStructure.commitTransaction(MVCCDataStructure.java:299)
	at site.ycsb.db.XodusClient.insert(XodusClient.java:60)
	at site.ycsb.DBWrapper.insert(DBWrapper.java:227)
	at site.ycsb.workloads.CoreWorkload.doInsert(CoreWorkload.java:621)
	at site.ycsb.ClientThread.run(ClientThread.java:135)
	at java.base/java.lang.Thread.run(Thread.java:829)
Caused by: jetbrains.exodus.ExodusException
	at jetbrains.exodus.newLogConcept.garbageCollector.OperationLogGarbageCollector.moveAndRemoveRecordsFromLog(OperationLogGarbageCollector.java:69)
	at jetbrains.exodus.newLogConcept.garbageCollector.OperationLogGarbageCollector.clean(OperationLogGarbageCollector.java:51)
	at jetbrains.exodus.newLogConcept.MVCC.MVCCDataStructure.lambda$commitTransaction$1(MVCCDataStructure.java:297)
	at java.base/java.util.concurrent.Executors$RunnableAdapter.call(Executors.java:515)
	at java.base/java.util.concurrent.FutureTask.run(FutureTask.java:264)
	at java.base/java.util.concurrent.ThreadPoolExecutor.runWorker(ThreadPoolExecutor.java:1128)
	at java.base/java.util.concurrent.ThreadPoolExecutor$Worker.run(ThreadPoolExecutor.java:628)
	... 1 more
java.util.concurrent.ExecutionException: jetbrains.exodus.ExodusException
	at java.base/java.util.concurrent.FutureTask.report(FutureTask.java:122)
	at java.base/java.util.concurrent.FutureTask.get(FutureTask.java:191)
	at jetbrains.exodus.newLogConcept.MVCC.MVCCDataStructure.commitTransaction(MVCCDataStructure.java:299)
	at site.ycsb.db.XodusClient.insert(XodusClient.java:60)
	at site.ycsb.DBWrapper.insert(DBWrapper.java:227)
	at site.ycsb.workloads.CoreWorkload.doInsert(CoreWorkload.java:621)
	at site.ycsb.ClientThread.run(ClientThread.java:135)
	at java.base/java.lang.Thread.run(Thread.java:829)
Caused by: jetbrains.exodus.ExodusException
	at jetbrains.exodus.newLogConcept.garbageCollector.OperationLogGarbageCollector.moveAndRemoveRecordsFromLog(OperationLogGarbageCollector.java:69)
	at jetbrains.exodus.newLogConcept.garbageCollector.OperationLogGarbageCollector.clean(OperationLogGarbageCollector.java:51)
	at jetbrains.exodus.newLogConcept.MVCC.MVCCDataStructure.lambda$commitTransaction$1(MVCCDataStructure.java:297)
	at java.base/java.util.concurrent.Executors$RunnableAdapter.call(Executors.java:515)
	at java.base/java.util.concurrent.FutureTask.run(FutureTask.java:264)
	at java.base/java.util.concurrent.ThreadPoolExecutor.runWorker(ThreadPoolExecutor.java:1128)
	at java.base/java.util.concurrent.ThreadPoolExecutor$Worker.run(ThreadPoolExecutor.java:628)
	... 1 more
java.util.concurrent.ExecutionException: jetbrains.exodus.ExodusException
	at java.base/java.util.concurrent.FutureTask.report(FutureTask.java:122)
	at java.base/java.util.concurrent.FutureTask.get(FutureTask.java:191)
	at jetbrains.exodus.newLogConcept.MVCC.MVCCDataStructure.commitTransaction(MVCCDataStructure.java:299)
	at site.ycsb.db.XodusClient.insert(XodusClient.java:60)
	at site.ycsb.DBWrapper.insert(DBWrapper.java:227)
	at site.ycsb.workloads.CoreWorkload.doInsert(CoreWorkload.java:621)
	at site.ycsb.ClientThread.run(ClientThread.java:135)
	at java.base/java.lang.Thread.run(Thread.java:829)
Caused by: jetbrains.exodus.ExodusException
	at jetbrains.exodus.newLogConcept.garbageCollector.OperationLogGarbageCollector.moveAndRemoveRecordsFromLog(OperationLogGarbageCollector.java:69)
	at jetbrains.exodus.newLogConcept.garbageCollector.OperationLogGarbageCollector.clean(OperationLogGarbageCollector.java:51)
	at jetbrains.exodus.newLogConcept.MVCC.MVCCDataStructure.lambda$commitTransaction$1(MVCCDataStructure.java:297)
	at java.base/java.util.concurrent.Executors$RunnableAdapter.call(Executors.java:515)
	at java.base/java.util.concurrent.FutureTask.run(FutureTask.java:264)
	at java.base/java.util.concurrent.ThreadPoolExecutor.runWorker(ThreadPoolExecutor.java:1128)
	at java.base/java.util.concurrent.ThreadPoolExecutor$Worker.run(ThreadPoolExecutor.java:628)
	... 1 more
java.util.concurrent.ExecutionException: jetbrains.exodus.ExodusException
	at java.base/java.util.concurrent.FutureTask.report(FutureTask.java:122)
	at java.base/java.util.concurrent.FutureTask.get(FutureTask.java:191)
	at jetbrains.exodus.newLogConcept.MVCC.MVCCDataStructure.commitTransaction(MVCCDataStructure.java:299)
	at site.ycsb.db.XodusClient.insert(XodusClient.java:60)
	at site.ycsb.DBWrapper.insert(DBWrapper.java:227)
	at site.ycsb.workloads.CoreWorkload.doInsert(CoreWorkload.java:621)
	at site.ycsb.ClientThread.run(ClientThread.java:135)
	at java.base/java.lang.Thread.run(Thread.java:829)
Caused by: jetbrains.exodus.ExodusException
	at jetbrains.exodus.newLogConcept.garbageCollector.OperationLogGarbageCollector.moveAndRemoveRecordsFromLog(OperationLogGarbageCollector.java:69)
	at jetbrains.exodus.newLogConcept.garbageCollector.OperationLogGarbageCollector.clean(OperationLogGarbageCollector.java:51)
	at jetbrains.exodus.newLogConcept.MVCC.MVCCDataStructure.lambda$commitTransaction$1(MVCCDataStructure.java:297)
	at java.base/java.util.concurrent.Executors$RunnableAdapter.call(Executors.java:515)
	at java.base/java.util.concurrent.FutureTask.run(FutureTask.java:264)
	at java.base/java.util.concurrent.ThreadPoolExecutor.runWorker(ThreadPoolExecutor.java:1128)
	at java.base/java.util.concurrent.ThreadPoolExecutor$Worker.run(ThreadPoolExecutor.java:628)
	... 1 more
java.util.concurrent.ExecutionException: jetbrains.exodus.ExodusException
	at java.base/java.util.concurrent.FutureTask.report(FutureTask.java:122)
	at java.base/java.util.concurrent.FutureTask.get(FutureTask.java:191)
	at jetbrains.exodus.newLogConcept.MVCC.MVCCDataStructure.commitTransaction(MVCCDataStructure.java:299)
	at site.ycsb.db.XodusClient.insert(XodusClient.java:60)
	at site.ycsb.DBWrapper.insert(DBWrapper.java:227)
	at site.ycsb.workloads.CoreWorkload.doInsert(CoreWorkload.java:621)
	at site.ycsb.ClientThread.run(ClientThread.java:135)
	at java.base/java.lang.Thread.run(Thread.java:829)
Caused by: jetbrains.exodus.ExodusException
	at jetbrains.exodus.newLogConcept.garbageCollector.OperationLogGarbageCollector.moveAndRemoveRecordsFromLog(OperationLogGarbageCollector.java:69)
	at jetbrains.exodus.newLogConcept.garbageCollector.OperationLogGarbageCollector.clean(OperationLogGarbageCollector.java:51)
	at jetbrains.exodus.newLogConcept.MVCC.MVCCDataStructure.lambda$commitTransaction$1(MVCCDataStructure.java:297)
	at java.base/java.util.concurrent.Executors$RunnableAdapter.call(Executors.java:515)
	at java.base/java.util.concurrent.FutureTask.run(FutureTask.java:264)
	at java.base/java.util.concurrent.ThreadPoolExecutor.runWorker(ThreadPoolExecutor.java:1128)
	at java.base/java.util.concurrent.ThreadPoolExecutor$Worker.run(ThreadPoolExecutor.java:628)
	... 1 more
java.util.concurrent.ExecutionException: jetbrains.exodus.ExodusException
	at java.base/java.util.concurrent.FutureTask.report(FutureTask.java:122)
	at java.base/java.util.concurrent.FutureTask.get(FutureTask.java:191)
	at jetbrains.exodus.newLogConcept.MVCC.MVCCDataStructure.commitTransaction(MVCCDataStructure.java:299)
	at site.ycsb.db.XodusClient.insert(XodusClient.java:60)
	at site.ycsb.DBWrapper.insert(DBWrapper.java:227)
	at site.ycsb.workloads.CoreWorkload.doInsert(CoreWorkload.java:621)
	at site.ycsb.ClientThread.run(ClientThread.java:135)
	at java.base/java.lang.Thread.run(Thread.java:829)
Caused by: jetbrains.exodus.ExodusException
	at jetbrains.exodus.newLogConcept.garbageCollector.OperationLogGarbageCollector.moveAndRemoveRecordsFromLog(OperationLogGarbageCollector.java:69)
	at jetbrains.exodus.newLogConcept.garbageCollector.OperationLogGarbageCollector.clean(OperationLogGarbageCollector.java:51)
	at jetbrains.exodus.newLogConcept.MVCC.MVCCDataStructure.lambda$commitTransaction$1(MVCCDataStructure.java:297)
	at java.base/java.util.concurrent.Executors$RunnableAdapter.call(Executors.java:515)
	at java.base/java.util.concurrent.FutureTask.run(FutureTask.java:264)
	at java.base/java.util.concurrent.ThreadPoolExecutor.runWorker(ThreadPoolExecutor.java:1128)
	at java.base/java.util.concurrent.ThreadPoolExecutor$Worker.run(ThreadPoolExecutor.java:628)
	... 1 more
java.util.concurrent.ExecutionException: jetbrains.exodus.ExodusException
	at java.base/java.util.concurrent.FutureTask.report(FutureTask.java:122)
	at java.base/java.util.concurrent.FutureTask.get(FutureTask.java:191)
	at jetbrains.exodus.newLogConcept.MVCC.MVCCDataStructure.commitTransaction(MVCCDataStructure.java:299)
	at site.ycsb.db.XodusClient.insert(XodusClient.java:60)
	at site.ycsb.DBWrapper.insert(DBWrapper.java:227)
	at site.ycsb.workloads.CoreWorkload.doInsert(CoreWorkload.java:621)
	at site.ycsb.ClientThread.run(ClientThread.java:135)
	at java.base/java.lang.Thread.run(Thread.java:829)
Caused by: jetbrains.exodus.ExodusException
	at jetbrains.exodus.newLogConcept.garbageCollector.OperationLogGarbageCollector.moveAndRemoveRecordsFromLog(OperationLogGarbageCollector.java:69)
	at jetbrains.exodus.newLogConcept.garbageCollector.OperationLogGarbageCollector.clean(OperationLogGarbageCollector.java:51)
	at jetbrains.exodus.newLogConcept.MVCC.MVCCDataStructure.lambda$commitTransaction$1(MVCCDataStructure.java:297)
	at java.base/java.util.concurrent.Executors$RunnableAdapter.call(Executors.java:515)
	at java.base/java.util.concurrent.FutureTask.run(FutureTask.java:264)
	at java.base/java.util.concurrent.ThreadPoolExecutor.runWorker(ThreadPoolExecutor.java:1128)
	at java.base/java.util.concurrent.ThreadPoolExecutor$Worker.run(ThreadPoolExecutor.java:628)
	... 1 more
java.util.concurrent.ExecutionException: jetbrains.exodus.ExodusException
	at java.base/java.util.concurrent.FutureTask.report(FutureTask.java:122)
	at java.base/java.util.concurrent.FutureTask.get(FutureTask.java:191)
	at jetbrains.exodus.newLogConcept.MVCC.MVCCDataStructure.commitTransaction(MVCCDataStructure.java:299)
	at site.ycsb.db.XodusClient.insert(XodusClient.java:60)
	at site.ycsb.DBWrapper.insert(DBWrapper.java:227)
	at site.ycsb.workloads.CoreWorkload.doInsert(CoreWorkload.java:621)
	at site.ycsb.ClientThread.run(ClientThread.java:135)
	at java.base/java.lang.Thread.run(Thread.java:829)
Caused by: jetbrains.exodus.ExodusException
	at jetbrains.exodus.newLogConcept.garbageCollector.OperationLogGarbageCollector.moveAndRemoveRecordsFromLog(OperationLogGarbageCollector.java:69)
	at jetbrains.exodus.newLogConcept.garbageCollector.OperationLogGarbageCollector.clean(OperationLogGarbageCollector.java:51)
	at jetbrains.exodus.newLogConcept.MVCC.MVCCDataStructure.lambda$commitTransaction$1(MVCCDataStructure.java:297)
	at java.base/java.util.concurrent.Executors$RunnableAdapter.call(Executors.java:515)
	at java.base/java.util.concurrent.FutureTask.run(FutureTask.java:264)
	at java.base/java.util.concurrent.ThreadPoolExecutor.runWorker(ThreadPoolExecutor.java:1128)
	at java.base/java.util.concurrent.ThreadPoolExecutor$Worker.run(ThreadPoolExecutor.java:628)
	... 1 more
java.util.concurrent.ExecutionException: jetbrains.exodus.ExodusException
	at java.base/java.util.concurrent.FutureTask.report(FutureTask.java:122)
	at java.base/java.util.concurrent.FutureTask.get(FutureTask.java:191)
	at jetbrains.exodus.newLogConcept.MVCC.MVCCDataStructure.commitTransaction(MVCCDataStructure.java:299)
	at site.ycsb.db.XodusClient.insert(XodusClient.java:60)
	at site.ycsb.DBWrapper.insert(DBWrapper.java:227)
	at site.ycsb.workloads.CoreWorkload.doInsert(CoreWorkload.java:621)
	at site.ycsb.ClientThread.run(ClientThread.java:135)
	at java.base/java.lang.Thread.run(Thread.java:829)
Caused by: jetbrains.exodus.ExodusException
	at jetbrains.exodus.newLogConcept.garbageCollector.OperationLogGarbageCollector.moveAndRemoveRecordsFromLog(OperationLogGarbageCollector.java:69)
	at jetbrains.exodus.newLogConcept.garbageCollector.OperationLogGarbageCollector.clean(OperationLogGarbageCollector.java:51)
	at jetbrains.exodus.newLogConcept.MVCC.MVCCDataStructure.lambda$commitTransaction$1(MVCCDataStructure.java:297)
	at java.base/java.util.concurrent.Executors$RunnableAdapter.call(Executors.java:515)
	at java.base/java.util.concurrent.FutureTask.run(FutureTask.java:264)
	at java.base/java.util.concurrent.ThreadPoolExecutor.runWorker(ThreadPoolExecutor.java:1128)
	at java.base/java.util.concurrent.ThreadPoolExecutor$Worker.run(ThreadPoolExecutor.java:628)
	... 1 more
java.util.concurrent.ExecutionException: jetbrains.exodus.ExodusException
	at java.base/java.util.concurrent.FutureTask.report(FutureTask.java:122)
	at java.base/java.util.concurrent.FutureTask.get(FutureTask.java:191)
	at jetbrains.exodus.newLogConcept.MVCC.MVCCDataStructure.commitTransaction(MVCCDataStructure.java:299)
	at site.ycsb.db.XodusClient.insert(XodusClient.java:60)
	at site.ycsb.DBWrapper.insert(DBWrapper.java:227)
	at site.ycsb.workloads.CoreWorkload.doInsert(CoreWorkload.java:621)
	at site.ycsb.ClientThread.run(ClientThread.java:135)
	at java.base/java.lang.Thread.run(Thread.java:829)
Caused by: jetbrains.exodus.ExodusException
	at jetbrains.exodus.newLogConcept.garbageCollector.OperationLogGarbageCollector.moveAndRemoveRecordsFromLog(OperationLogGarbageCollector.java:69)
	at jetbrains.exodus.newLogConcept.garbageCollector.OperationLogGarbageCollector.clean(OperationLogGarbageCollector.java:51)
	at jetbrains.exodus.newLogConcept.MVCC.MVCCDataStructure.lambda$commitTransaction$1(MVCCDataStructure.java:297)
	at java.base/java.util.concurrent.Executors$RunnableAdapter.call(Executors.java:515)
	at java.base/java.util.concurrent.FutureTask.run(FutureTask.java:264)
	at java.base/java.util.concurrent.ThreadPoolExecutor.runWorker(ThreadPoolExecutor.java:1128)
	at java.base/java.util.concurrent.ThreadPoolExecutor$Worker.run(ThreadPoolExecutor.java:628)
	... 1 more
java.util.concurrent.ExecutionException: jetbrains.exodus.ExodusException
	at java.base/java.util.concurrent.FutureTask.report(FutureTask.java:122)
	at java.base/java.util.concurrent.FutureTask.get(FutureTask.java:191)
	at jetbrains.exodus.newLogConcept.MVCC.MVCCDataStructure.commitTransaction(MVCCDataStructure.java:299)
	at site.ycsb.db.XodusClient.insert(XodusClient.java:60)
	at site.ycsb.DBWrapper.insert(DBWrapper.java:227)
	at site.ycsb.workloads.CoreWorkload.doInsert(CoreWorkload.java:621)
	at site.ycsb.ClientThread.run(ClientThread.java:135)
	at java.base/java.lang.Thread.run(Thread.java:829)
Caused by: jetbrains.exodus.ExodusException
	at jetbrains.exodus.newLogConcept.garbageCollector.OperationLogGarbageCollector.moveAndRemoveRecordsFromLog(OperationLogGarbageCollector.java:69)
	at jetbrains.exodus.newLogConcept.garbageCollector.OperationLogGarbageCollector.clean(OperationLogGarbageCollector.java:51)
	at jetbrains.exodus.newLogConcept.MVCC.MVCCDataStructure.lambda$commitTransaction$1(MVCCDataStructure.java:297)
	at java.base/java.util.concurrent.Executors$RunnableAdapter.call(Executors.java:515)
	at java.base/java.util.concurrent.FutureTask.run(FutureTask.java:264)
	at java.base/java.util.concurrent.ThreadPoolExecutor.runWorker(ThreadPoolExecutor.java:1128)
	at java.base/java.util.concurrent.ThreadPoolExecutor$Worker.run(ThreadPoolExecutor.java:628)
	... 1 more
java.util.concurrent.ExecutionException: jetbrains.exodus.ExodusException
	at java.base/java.util.concurrent.FutureTask.report(FutureTask.java:122)
	at java.base/java.util.concurrent.FutureTask.get(FutureTask.java:191)
	at jetbrains.exodus.newLogConcept.MVCC.MVCCDataStructure.commitTransaction(MVCCDataStructure.java:299)
	at site.ycsb.db.XodusClient.insert(XodusClient.java:60)
	at site.ycsb.DBWrapper.insert(DBWrapper.java:227)
	at site.ycsb.workloads.CoreWorkload.doInsert(CoreWorkload.java:621)
	at site.ycsb.ClientThread.run(ClientThread.java:135)
	at java.base/java.lang.Thread.run(Thread.java:829)
Caused by: jetbrains.exodus.ExodusException
	at jetbrains.exodus.newLogConcept.garbageCollector.OperationLogGarbageCollector.moveAndRemoveRecordsFromLog(OperationLogGarbageCollector.java:69)
	at jetbrains.exodus.newLogConcept.garbageCollector.OperationLogGarbageCollector.clean(OperationLogGarbageCollector.java:51)
	at jetbrains.exodus.newLogConcept.MVCC.MVCCDataStructure.lambda$commitTransaction$1(MVCCDataStructure.java:297)
	at java.base/java.util.concurrent.Executors$RunnableAdapter.call(Executors.java:515)
	at java.base/java.util.concurrent.FutureTask.run(FutureTask.java:264)
	at java.base/java.util.concurrent.ThreadPoolExecutor.runWorker(ThreadPoolExecutor.java:1128)
	at java.base/java.util.concurrent.ThreadPoolExecutor$Worker.run(ThreadPoolExecutor.java:628)
	... 1 more
java.util.concurrent.ExecutionException: jetbrains.exodus.ExodusException
	at java.base/java.util.concurrent.FutureTask.report(FutureTask.java:122)
	at java.base/java.util.concurrent.FutureTask.get(FutureTask.java:191)
	at jetbrains.exodus.newLogConcept.MVCC.MVCCDataStructure.commitTransaction(MVCCDataStructure.java:299)
	at site.ycsb.db.XodusClient.insert(XodusClient.java:60)
	at site.ycsb.DBWrapper.insert(DBWrapper.java:227)
	at site.ycsb.workloads.CoreWorkload.doInsert(CoreWorkload.java:621)
	at site.ycsb.ClientThread.run(ClientThread.java:135)
	at java.base/java.lang.Thread.run(Thread.java:829)
Caused by: jetbrains.exodus.ExodusException
	at jetbrains.exodus.newLogConcept.garbageCollector.OperationLogGarbageCollector.moveAndRemoveRecordsFromLog(OperationLogGarbageCollector.java:69)
	at jetbrains.exodus.newLogConcept.garbageCollector.OperationLogGarbageCollector.clean(OperationLogGarbageCollector.java:51)
	at jetbrains.exodus.newLogConcept.MVCC.MVCCDataStructure.lambda$commitTransaction$1(MVCCDataStructure.java:297)
	at java.base/java.util.concurrent.Executors$RunnableAdapter.call(Executors.java:515)
	at java.base/java.util.concurrent.FutureTask.run(FutureTask.java:264)
	at java.base/java.util.concurrent.ThreadPoolExecutor.runWorker(ThreadPoolExecutor.java:1128)
	at java.base/java.util.concurrent.ThreadPoolExecutor$Worker.run(ThreadPoolExecutor.java:628)
	... 1 more
java.util.concurrent.ExecutionException: jetbrains.exodus.ExodusException
	at java.base/java.util.concurrent.FutureTask.report(FutureTask.java:122)
	at java.base/java.util.concurrent.FutureTask.get(FutureTask.java:191)
	at jetbrains.exodus.newLogConcept.MVCC.MVCCDataStructure.commitTransaction(MVCCDataStructure.java:299)
	at site.ycsb.db.XodusClient.insert(XodusClient.java:60)
	at site.ycsb.DBWrapper.insert(DBWrapper.java:227)
	at site.ycsb.workloads.CoreWorkload.doInsert(CoreWorkload.java:621)
	at site.ycsb.ClientThread.run(ClientThread.java:135)
	at java.base/java.lang.Thread.run(Thread.java:829)
Caused by: jetbrains.exodus.ExodusException
	at jetbrains.exodus.newLogConcept.garbageCollector.OperationLogGarbageCollector.moveAndRemoveRecordsFromLog(OperationLogGarbageCollector.java:69)
	at jetbrains.exodus.newLogConcept.garbageCollector.OperationLogGarbageCollector.clean(OperationLogGarbageCollector.java:51)
	at jetbrains.exodus.newLogConcept.MVCC.MVCCDataStructure.lambda$commitTransaction$1(MVCCDataStructure.java:297)
	at java.base/java.util.concurrent.Executors$RunnableAdapter.call(Executors.java:515)
	at java.base/java.util.concurrent.FutureTask.run(FutureTask.java:264)
	at java.base/java.util.concurrent.ThreadPoolExecutor.runWorker(ThreadPoolExecutor.java:1128)
	at java.base/java.util.concurrent.ThreadPoolExecutor$Worker.run(ThreadPoolExecutor.java:628)
	... 1 more
java.util.concurrent.ExecutionException: jetbrains.exodus.ExodusException
	at java.base/java.util.concurrent.FutureTask.report(FutureTask.java:122)
	at java.base/java.util.concurrent.FutureTask.get(FutureTask.java:191)
	at jetbrains.exodus.newLogConcept.MVCC.MVCCDataStructure.commitTransaction(MVCCDataStructure.java:299)
	at site.ycsb.db.XodusClient.insert(XodusClient.java:60)
	at site.ycsb.DBWrapper.insert(DBWrapper.java:227)
	at site.ycsb.workloads.CoreWorkload.doInsert(CoreWorkload.java:621)
	at site.ycsb.ClientThread.run(ClientThread.java:135)
	at java.base/java.lang.Thread.run(Thread.java:829)
Caused by: jetbrains.exodus.ExodusException
	at jetbrains.exodus.newLogConcept.garbageCollector.OperationLogGarbageCollector.moveAndRemoveRecordsFromLog(OperationLogGarbageCollector.java:69)
	at jetbrains.exodus.newLogConcept.garbageCollector.OperationLogGarbageCollector.clean(OperationLogGarbageCollector.java:51)
	at jetbrains.exodus.newLogConcept.MVCC.MVCCDataStructure.lambda$commitTransaction$1(MVCCDataStructure.java:297)
	at java.base/java.util.concurrent.Executors$RunnableAdapter.call(Executors.java:515)
	at java.base/java.util.concurrent.FutureTask.run(FutureTask.java:264)
	at java.base/java.util.concurrent.ThreadPoolExecutor.runWorker(ThreadPoolExecutor.java:1128)
	at java.base/java.util.concurrent.ThreadPoolExecutor$Worker.run(ThreadPoolExecutor.java:628)
	... 1 more
java.util.concurrent.ExecutionException: jetbrains.exodus.ExodusException
	at java.base/java.util.concurrent.FutureTask.report(FutureTask.java:122)
	at java.base/java.util.concurrent.FutureTask.get(FutureTask.java:191)
	at jetbrains.exodus.newLogConcept.MVCC.MVCCDataStructure.commitTransaction(MVCCDataStructure.java:299)
	at site.ycsb.db.XodusClient.insert(XodusClient.java:60)
	at site.ycsb.DBWrapper.insert(DBWrapper.java:227)
	at site.ycsb.workloads.CoreWorkload.doInsert(CoreWorkload.java:621)
	at site.ycsb.ClientThread.run(ClientThread.java:135)
	at java.base/java.lang.Thread.run(Thread.java:829)
Caused by: jetbrains.exodus.ExodusException
	at jetbrains.exodus.newLogConcept.garbageCollector.OperationLogGarbageCollector.moveAndRemoveRecordsFromLog(OperationLogGarbageCollector.java:69)
	at jetbrains.exodus.newLogConcept.garbageCollector.OperationLogGarbageCollector.clean(OperationLogGarbageCollector.java:51)
	at jetbrains.exodus.newLogConcept.MVCC.MVCCDataStructure.lambda$commitTransaction$1(MVCCDataStructure.java:297)
	at java.base/java.util.concurrent.Executors$RunnableAdapter.call(Executors.java:515)
	at java.base/java.util.concurrent.FutureTask.run(FutureTask.java:264)
	at java.base/java.util.concurrent.ThreadPoolExecutor.runWorker(ThreadPoolExecutor.java:1128)
	at java.base/java.util.concurrent.ThreadPoolExecutor$Worker.run(ThreadPoolExecutor.java:628)
	... 1 more
java.util.concurrent.ExecutionException: jetbrains.exodus.ExodusException
	at java.base/java.util.concurrent.FutureTask.report(FutureTask.java:122)
	at java.base/java.util.concurrent.FutureTask.get(FutureTask.java:191)
	at jetbrains.exodus.newLogConcept.MVCC.MVCCDataStructure.commitTransaction(MVCCDataStructure.java:299)
	at site.ycsb.db.XodusClient.insert(XodusClient.java:60)
	at site.ycsb.DBWrapper.insert(DBWrapper.java:227)
	at site.ycsb.workloads.CoreWorkload.doInsert(CoreWorkload.java:621)
	at site.ycsb.ClientThread.run(ClientThread.java:135)
	at java.base/java.lang.Thread.run(Thread.java:829)
Caused by: jetbrains.exodus.ExodusException
	at jetbrains.exodus.newLogConcept.garbageCollector.OperationLogGarbageCollector.moveAndRemoveRecordsFromLog(OperationLogGarbageCollector.java:69)
	at jetbrains.exodus.newLogConcept.garbageCollector.OperationLogGarbageCollector.clean(OperationLogGarbageCollector.java:51)
	at jetbrains.exodus.newLogConcept.MVCC.MVCCDataStructure.lambda$commitTransaction$1(MVCCDataStructure.java:297)
	at java.base/java.util.concurrent.Executors$RunnableAdapter.call(Executors.java:515)
	at java.base/java.util.concurrent.FutureTask.run(FutureTask.java:264)
	at java.base/java.util.concurrent.ThreadPoolExecutor.runWorker(ThreadPoolExecutor.java:1128)
	at java.base/java.util.concurrent.ThreadPoolExecutor$Worker.run(ThreadPoolExecutor.java:628)
	... 1 more
java.util.concurrent.ExecutionException: jetbrains.exodus.ExodusException
	at java.base/java.util.concurrent.FutureTask.report(FutureTask.java:122)
	at java.base/java.util.concurrent.FutureTask.get(FutureTask.java:191)
	at jetbrains.exodus.newLogConcept.MVCC.MVCCDataStructure.commitTransaction(MVCCDataStructure.java:299)
	at site.ycsb.db.XodusClient.insert(XodusClient.java:60)
	at site.ycsb.DBWrapper.insert(DBWrapper.java:227)
	at site.ycsb.workloads.CoreWorkload.doInsert(CoreWorkload.java:621)
	at site.ycsb.ClientThread.run(ClientThread.java:135)
	at java.base/java.lang.Thread.run(Thread.java:829)
Caused by: jetbrains.exodus.ExodusException
	at jetbrains.exodus.newLogConcept.garbageCollector.OperationLogGarbageCollector.moveAndRemoveRecordsFromLog(OperationLogGarbageCollector.java:69)
	at jetbrains.exodus.newLogConcept.garbageCollector.OperationLogGarbageCollector.clean(OperationLogGarbageCollector.java:51)
	at jetbrains.exodus.newLogConcept.MVCC.MVCCDataStructure.lambda$commitTransaction$1(MVCCDataStructure.java:297)
	at java.base/java.util.concurrent.Executors$RunnableAdapter.call(Executors.java:515)
	at java.base/java.util.concurrent.FutureTask.run(FutureTask.java:264)
	at java.base/java.util.concurrent.ThreadPoolExecutor.runWorker(ThreadPoolExecutor.java:1128)
	at java.base/java.util.concurrent.ThreadPoolExecutor$Worker.run(ThreadPoolExecutor.java:628)
	... 1 more
java.util.concurrent.ExecutionException: jetbrains.exodus.ExodusException
	at java.base/java.util.concurrent.FutureTask.report(FutureTask.java:122)
	at java.base/java.util.concurrent.FutureTask.get(FutureTask.java:191)
	at jetbrains.exodus.newLogConcept.MVCC.MVCCDataStructure.commitTransaction(MVCCDataStructure.java:299)
	at site.ycsb.db.XodusClient.insert(XodusClient.java:60)
	at site.ycsb.DBWrapper.insert(DBWrapper.java:227)
	at site.ycsb.workloads.CoreWorkload.doInsert(CoreWorkload.java:621)
	at site.ycsb.ClientThread.run(ClientThread.java:135)
	at java.base/java.lang.Thread.run(Thread.java:829)
Caused by: jetbrains.exodus.ExodusException
	at jetbrains.exodus.newLogConcept.garbageCollector.OperationLogGarbageCollector.moveAndRemoveRecordsFromLog(OperationLogGarbageCollector.java:69)
	at jetbrains.exodus.newLogConcept.garbageCollector.OperationLogGarbageCollector.clean(OperationLogGarbageCollector.java:51)
	at jetbrains.exodus.newLogConcept.MVCC.MVCCDataStructure.lambda$commitTransaction$1(MVCCDataStructure.java:297)
	at java.base/java.util.concurrent.Executors$RunnableAdapter.call(Executors.java:515)
	at java.base/java.util.concurrent.FutureTask.run(FutureTask.java:264)
	at java.base/java.util.concurrent.ThreadPoolExecutor.runWorker(ThreadPoolExecutor.java:1128)
	at java.base/java.util.concurrent.ThreadPoolExecutor$Worker.run(ThreadPoolExecutor.java:628)
	... 1 more
java.util.concurrent.ExecutionException: jetbrains.exodus.ExodusException
	at java.base/java.util.concurrent.FutureTask.report(FutureTask.java:122)
	at java.base/java.util.concurrent.FutureTask.get(FutureTask.java:191)
	at jetbrains.exodus.newLogConcept.MVCC.MVCCDataStructure.commitTransaction(MVCCDataStructure.java:299)
	at site.ycsb.db.XodusClient.insert(XodusClient.java:60)
	at site.ycsb.DBWrapper.insert(DBWrapper.java:227)
	at site.ycsb.workloads.CoreWorkload.doInsert(CoreWorkload.java:621)
	at site.ycsb.ClientThread.run(ClientThread.java:135)
	at java.base/java.lang.Thread.run(Thread.java:829)
Caused by: jetbrains.exodus.ExodusException
	at jetbrains.exodus.newLogConcept.garbageCollector.OperationLogGarbageCollector.moveAndRemoveRecordsFromLog(OperationLogGarbageCollector.java:69)
	at jetbrains.exodus.newLogConcept.garbageCollector.OperationLogGarbageCollector.clean(OperationLogGarbageCollector.java:51)
	at jetbrains.exodus.newLogConcept.MVCC.MVCCDataStructure.lambda$commitTransaction$1(MVCCDataStructure.java:297)
	at java.base/java.util.concurrent.Executors$RunnableAdapter.call(Executors.java:515)
	at java.base/java.util.concurrent.FutureTask.run(FutureTask.java:264)
	at java.base/java.util.concurrent.ThreadPoolExecutor.runWorker(ThreadPoolExecutor.java:1128)
	at java.base/java.util.concurrent.ThreadPoolExecutor$Worker.run(ThreadPoolExecutor.java:628)
	... 1 more
java.util.concurrent.ExecutionException: jetbrains.exodus.ExodusException
	at java.base/java.util.concurrent.FutureTask.report(FutureTask.java:122)
	at java.base/java.util.concurrent.FutureTask.get(FutureTask.java:191)
	at jetbrains.exodus.newLogConcept.MVCC.MVCCDataStructure.commitTransaction(MVCCDataStructure.java:299)
	at site.ycsb.db.XodusClient.insert(XodusClient.java:60)
	at site.ycsb.DBWrapper.insert(DBWrapper.java:227)
	at site.ycsb.workloads.CoreWorkload.doInsert(CoreWorkload.java:621)
	at site.ycsb.ClientThread.run(ClientThread.java:135)
	at java.base/java.lang.Thread.run(Thread.java:829)
Caused by: jetbrains.exodus.ExodusException
	at jetbrains.exodus.newLogConcept.garbageCollector.OperationLogGarbageCollector.moveAndRemoveRecordsFromLog(OperationLogGarbageCollector.java:69)
	at jetbrains.exodus.newLogConcept.garbageCollector.OperationLogGarbageCollector.clean(OperationLogGarbageCollector.java:51)
	at jetbrains.exodus.newLogConcept.MVCC.MVCCDataStructure.lambda$commitTransaction$1(MVCCDataStructure.java:297)
	at java.base/java.util.concurrent.Executors$RunnableAdapter.call(Executors.java:515)
	at java.base/java.util.concurrent.FutureTask.run(FutureTask.java:264)
	at java.base/java.util.concurrent.ThreadPoolExecutor.runWorker(ThreadPoolExecutor.java:1128)
	at java.base/java.util.concurrent.ThreadPoolExecutor$Worker.run(ThreadPoolExecutor.java:628)
	... 1 more
java.util.concurrent.ExecutionException: jetbrains.exodus.ExodusException
	at java.base/java.util.concurrent.FutureTask.report(FutureTask.java:122)
	at java.base/java.util.concurrent.FutureTask.get(FutureTask.java:191)
	at jetbrains.exodus.newLogConcept.MVCC.MVCCDataStructure.commitTransaction(MVCCDataStructure.java:299)
	at site.ycsb.db.XodusClient.insert(XodusClient.java:60)
	at site.ycsb.DBWrapper.insert(DBWrapper.java:227)
	at site.ycsb.workloads.CoreWorkload.doInsert(CoreWorkload.java:621)
	at site.ycsb.ClientThread.run(ClientThread.java:135)
	at java.base/java.lang.Thread.run(Thread.java:829)
Caused by: jetbrains.exodus.ExodusException
	at jetbrains.exodus.newLogConcept.garbageCollector.OperationLogGarbageCollector.moveAndRemoveRecordsFromLog(OperationLogGarbageCollector.java:69)
	at jetbrains.exodus.newLogConcept.garbageCollector.OperationLogGarbageCollector.clean(OperationLogGarbageCollector.java:51)
	at jetbrains.exodus.newLogConcept.MVCC.MVCCDataStructure.lambda$commitTransaction$1(MVCCDataStructure.java:297)
	at java.base/java.util.concurrent.Executors$RunnableAdapter.call(Executors.java:515)
	at java.base/java.util.concurrent.FutureTask.run(FutureTask.java:264)
	at java.base/java.util.concurrent.ThreadPoolExecutor.runWorker(ThreadPoolExecutor.java:1128)
	at java.base/java.util.concurrent.ThreadPoolExecutor$Worker.run(ThreadPoolExecutor.java:628)
	... 1 more
java.util.concurrent.ExecutionException: jetbrains.exodus.ExodusException
	at java.base/java.util.concurrent.FutureTask.report(FutureTask.java:122)
	at java.base/java.util.concurrent.FutureTask.get(FutureTask.java:191)
	at jetbrains.exodus.newLogConcept.MVCC.MVCCDataStructure.commitTransaction(MVCCDataStructure.java:299)
	at site.ycsb.db.XodusClient.insert(XodusClient.java:60)
	at site.ycsb.DBWrapper.insert(DBWrapper.java:227)
	at site.ycsb.workloads.CoreWorkload.doInsert(CoreWorkload.java:621)
	at site.ycsb.ClientThread.run(ClientThread.java:135)
	at java.base/java.lang.Thread.run(Thread.java:829)
Caused by: jetbrains.exodus.ExodusException
	at jetbrains.exodus.newLogConcept.garbageCollector.OperationLogGarbageCollector.moveAndRemoveRecordsFromLog(OperationLogGarbageCollector.java:69)
	at jetbrains.exodus.newLogConcept.garbageCollector.OperationLogGarbageCollector.clean(OperationLogGarbageCollector.java:51)
	at jetbrains.exodus.newLogConcept.MVCC.MVCCDataStructure.lambda$commitTransaction$1(MVCCDataStructure.java:297)
	at java.base/java.util.concurrent.Executors$RunnableAdapter.call(Executors.java:515)
	at java.base/java.util.concurrent.FutureTask.run(FutureTask.java:264)
	at java.base/java.util.concurrent.ThreadPoolExecutor.runWorker(ThreadPoolExecutor.java:1128)
	at java.base/java.util.concurrent.ThreadPoolExecutor$Worker.run(ThreadPoolExecutor.java:628)
	... 1 more
java.util.concurrent.ExecutionException: jetbrains.exodus.ExodusException
	at java.base/java.util.concurrent.FutureTask.report(FutureTask.java:122)
	at java.base/java.util.concurrent.FutureTask.get(FutureTask.java:191)
	at jetbrains.exodus.newLogConcept.MVCC.MVCCDataStructure.commitTransaction(MVCCDataStructure.java:299)
	at site.ycsb.db.XodusClient.insert(XodusClient.java:60)
	at site.ycsb.DBWrapper.insert(DBWrapper.java:227)
	at site.ycsb.workloads.CoreWorkload.doInsert(CoreWorkload.java:621)
	at site.ycsb.ClientThread.run(ClientThread.java:135)
	at java.base/java.lang.Thread.run(Thread.java:829)
Caused by: jetbrains.exodus.ExodusException
	at jetbrains.exodus.newLogConcept.garbageCollector.OperationLogGarbageCollector.moveAndRemoveRecordsFromLog(OperationLogGarbageCollector.java:69)
	at jetbrains.exodus.newLogConcept.garbageCollector.OperationLogGarbageCollector.clean(OperationLogGarbageCollector.java:51)
	at jetbrains.exodus.newLogConcept.MVCC.MVCCDataStructure.lambda$commitTransaction$1(MVCCDataStructure.java:297)
	at java.base/java.util.concurrent.Executors$RunnableAdapter.call(Executors.java:515)
	at java.base/java.util.concurrent.FutureTask.run(FutureTask.java:264)
	at java.base/java.util.concurrent.ThreadPoolExecutor.runWorker(ThreadPoolExecutor.java:1128)
	at java.base/java.util.concurrent.ThreadPoolExecutor$Worker.run(ThreadPoolExecutor.java:628)
	... 1 more
java.util.concurrent.ExecutionException: jetbrains.exodus.ExodusException
	at java.base/java.util.concurrent.FutureTask.report(FutureTask.java:122)
	at java.base/java.util.concurrent.FutureTask.get(FutureTask.java:191)
	at jetbrains.exodus.newLogConcept.MVCC.MVCCDataStructure.commitTransaction(MVCCDataStructure.java:299)
	at site.ycsb.db.XodusClient.insert(XodusClient.java:60)
	at site.ycsb.DBWrapper.insert(DBWrapper.java:227)
	at site.ycsb.workloads.CoreWorkload.doInsert(CoreWorkload.java:621)
	at site.ycsb.ClientThread.run(ClientThread.java:135)
	at java.base/java.lang.Thread.run(Thread.java:829)
Caused by: jetbrains.exodus.ExodusException
	at jetbrains.exodus.newLogConcept.garbageCollector.OperationLogGarbageCollector.moveAndRemoveRecordsFromLog(OperationLogGarbageCollector.java:69)
	at jetbrains.exodus.newLogConcept.garbageCollector.OperationLogGarbageCollector.clean(OperationLogGarbageCollector.java:51)
	at jetbrains.exodus.newLogConcept.MVCC.MVCCDataStructure.lambda$commitTransaction$1(MVCCDataStructure.java:297)
	at java.base/java.util.concurrent.Executors$RunnableAdapter.call(Executors.java:515)
	at java.base/java.util.concurrent.FutureTask.run(FutureTask.java:264)
	at java.base/java.util.concurrent.ThreadPoolExecutor.runWorker(ThreadPoolExecutor.java:1128)
	at java.base/java.util.concurrent.ThreadPoolExecutor$Worker.run(ThreadPoolExecutor.java:628)
	... 1 more
java.util.concurrent.ExecutionException: jetbrains.exodus.ExodusException
	at java.base/java.util.concurrent.FutureTask.report(FutureTask.java:122)
	at java.base/java.util.concurrent.FutureTask.get(FutureTask.java:191)
	at jetbrains.exodus.newLogConcept.MVCC.MVCCDataStructure.commitTransaction(MVCCDataStructure.java:299)
	at site.ycsb.db.XodusClient.insert(XodusClient.java:60)
	at site.ycsb.DBWrapper.insert(DBWrapper.java:227)
	at site.ycsb.workloads.CoreWorkload.doInsert(CoreWorkload.java:621)
	at site.ycsb.ClientThread.run(ClientThread.java:135)
	at java.base/java.lang.Thread.run(Thread.java:829)
Caused by: jetbrains.exodus.ExodusException
	at jetbrains.exodus.newLogConcept.garbageCollector.OperationLogGarbageCollector.moveAndRemoveRecordsFromLog(OperationLogGarbageCollector.java:69)
	at jetbrains.exodus.newLogConcept.garbageCollector.OperationLogGarbageCollector.clean(OperationLogGarbageCollector.java:51)
	at jetbrains.exodus.newLogConcept.MVCC.MVCCDataStructure.lambda$commitTransaction$1(MVCCDataStructure.java:297)
	at java.base/java.util.concurrent.Executors$RunnableAdapter.call(Executors.java:515)
	at java.base/java.util.concurrent.FutureTask.run(FutureTask.java:264)
	at java.base/java.util.concurrent.ThreadPoolExecutor.runWorker(ThreadPoolExecutor.java:1128)
	at java.base/java.util.concurrent.ThreadPoolExecutor$Worker.run(ThreadPoolExecutor.java:628)
	... 1 more
java.util.concurrent.ExecutionException: jetbrains.exodus.ExodusException
	at java.base/java.util.concurrent.FutureTask.report(FutureTask.java:122)
	at java.base/java.util.concurrent.FutureTask.get(FutureTask.java:191)
	at jetbrains.exodus.newLogConcept.MVCC.MVCCDataStructure.commitTransaction(MVCCDataStructure.java:299)
	at site.ycsb.db.XodusClient.insert(XodusClient.java:60)
	at site.ycsb.DBWrapper.insert(DBWrapper.java:227)
	at site.ycsb.workloads.CoreWorkload.doInsert(CoreWorkload.java:621)
	at site.ycsb.ClientThread.run(ClientThread.java:135)
	at java.base/java.lang.Thread.run(Thread.java:829)
Caused by: jetbrains.exodus.ExodusException
	at jetbrains.exodus.newLogConcept.garbageCollector.OperationLogGarbageCollector.moveAndRemoveRecordsFromLog(OperationLogGarbageCollector.java:69)
	at jetbrains.exodus.newLogConcept.garbageCollector.OperationLogGarbageCollector.clean(OperationLogGarbageCollector.java:51)
	at jetbrains.exodus.newLogConcept.MVCC.MVCCDataStructure.lambda$commitTransaction$1(MVCCDataStructure.java:297)
	at java.base/java.util.concurrent.Executors$RunnableAdapter.call(Executors.java:515)
	at java.base/java.util.concurrent.FutureTask.run(FutureTask.java:264)
	at java.base/java.util.concurrent.ThreadPoolExecutor.runWorker(ThreadPoolExecutor.java:1128)
	at java.base/java.util.concurrent.ThreadPoolExecutor$Worker.run(ThreadPoolExecutor.java:628)
	... 1 more
java.util.concurrent.ExecutionException: jetbrains.exodus.ExodusException
	at java.base/java.util.concurrent.FutureTask.report(FutureTask.java:122)
	at java.base/java.util.concurrent.FutureTask.get(FutureTask.java:191)
	at jetbrains.exodus.newLogConcept.MVCC.MVCCDataStructure.commitTransaction(MVCCDataStructure.java:299)
	at site.ycsb.db.XodusClient.insert(XodusClient.java:60)
	at site.ycsb.DBWrapper.insert(DBWrapper.java:227)
	at site.ycsb.workloads.CoreWorkload.doInsert(CoreWorkload.java:621)
	at site.ycsb.ClientThread.run(ClientThread.java:135)
	at java.base/java.lang.Thread.run(Thread.java:829)
Caused by: jetbrains.exodus.ExodusException
	at jetbrains.exodus.newLogConcept.garbageCollector.OperationLogGarbageCollector.moveAndRemoveRecordsFromLog(OperationLogGarbageCollector.java:69)
	at jetbrains.exodus.newLogConcept.garbageCollector.OperationLogGarbageCollector.clean(OperationLogGarbageCollector.java:51)
	at jetbrains.exodus.newLogConcept.MVCC.MVCCDataStructure.lambda$commitTransaction$1(MVCCDataStructure.java:297)
	at java.base/java.util.concurrent.Executors$RunnableAdapter.call(Executors.java:515)
	at java.base/java.util.concurrent.FutureTask.run(FutureTask.java:264)
	at java.base/java.util.concurrent.ThreadPoolExecutor.runWorker(ThreadPoolExecutor.java:1128)
	at java.base/java.util.concurrent.ThreadPoolExecutor$Worker.run(ThreadPoolExecutor.java:628)
	... 1 more
java.util.concurrent.ExecutionException: jetbrains.exodus.ExodusException
	at java.base/java.util.concurrent.FutureTask.report(FutureTask.java:122)
	at java.base/java.util.concurrent.FutureTask.get(FutureTask.java:191)
	at jetbrains.exodus.newLogConcept.MVCC.MVCCDataStructure.commitTransaction(MVCCDataStructure.java:299)
	at site.ycsb.db.XodusClient.insert(XodusClient.java:60)
	at site.ycsb.DBWrapper.insert(DBWrapper.java:227)
	at site.ycsb.workloads.CoreWorkload.doInsert(CoreWorkload.java:621)
	at site.ycsb.ClientThread.run(ClientThread.java:135)
	at java.base/java.lang.Thread.run(Thread.java:829)
Caused by: jetbrains.exodus.ExodusException
	at jetbrains.exodus.newLogConcept.garbageCollector.OperationLogGarbageCollector.moveAndRemoveRecordsFromLog(OperationLogGarbageCollector.java:69)
	at jetbrains.exodus.newLogConcept.garbageCollector.OperationLogGarbageCollector.clean(OperationLogGarbageCollector.java:51)
	at jetbrains.exodus.newLogConcept.MVCC.MVCCDataStructure.lambda$commitTransaction$1(MVCCDataStructure.java:297)
	at java.base/java.util.concurrent.Executors$RunnableAdapter.call(Executors.java:515)
	at java.base/java.util.concurrent.FutureTask.run(FutureTask.java:264)
	at java.base/java.util.concurrent.ThreadPoolExecutor.runWorker(ThreadPoolExecutor.java:1128)
	at java.base/java.util.concurrent.ThreadPoolExecutor$Worker.run(ThreadPoolExecutor.java:628)
	... 1 more
java.util.concurrent.ExecutionException: jetbrains.exodus.ExodusException
	at java.base/java.util.concurrent.FutureTask.report(FutureTask.java:122)
	at java.base/java.util.concurrent.FutureTask.get(FutureTask.java:191)
	at jetbrains.exodus.newLogConcept.MVCC.MVCCDataStructure.commitTransaction(MVCCDataStructure.java:299)
	at site.ycsb.db.XodusClient.insert(XodusClient.java:60)
	at site.ycsb.DBWrapper.insert(DBWrapper.java:227)
	at site.ycsb.workloads.CoreWorkload.doInsert(CoreWorkload.java:621)
	at site.ycsb.ClientThread.run(ClientThread.java:135)
	at java.base/java.lang.Thread.run(Thread.java:829)
Caused by: jetbrains.exodus.ExodusException
	at jetbrains.exodus.newLogConcept.garbageCollector.OperationLogGarbageCollector.moveAndRemoveRecordsFromLog(OperationLogGarbageCollector.java:69)
	at jetbrains.exodus.newLogConcept.garbageCollector.OperationLogGarbageCollector.clean(OperationLogGarbageCollector.java:51)
	at jetbrains.exodus.newLogConcept.MVCC.MVCCDataStructure.lambda$commitTransaction$1(MVCCDataStructure.java:297)
	at java.base/java.util.concurrent.Executors$RunnableAdapter.call(Executors.java:515)
	at java.base/java.util.concurrent.FutureTask.run(FutureTask.java:264)
	at java.base/java.util.concurrent.ThreadPoolExecutor.runWorker(ThreadPoolExecutor.java:1128)
	at java.base/java.util.concurrent.ThreadPoolExecutor$Worker.run(ThreadPoolExecutor.java:628)
	... 1 more
java.util.concurrent.ExecutionException: jetbrains.exodus.ExodusException
	at java.base/java.util.concurrent.FutureTask.report(FutureTask.java:122)
	at java.base/java.util.concurrent.FutureTask.get(FutureTask.java:191)
	at jetbrains.exodus.newLogConcept.MVCC.MVCCDataStructure.commitTransaction(MVCCDataStructure.java:299)
	at site.ycsb.db.XodusClient.insert(XodusClient.java:60)
	at site.ycsb.DBWrapper.insert(DBWrapper.java:227)
	at site.ycsb.workloads.CoreWorkload.doInsert(CoreWorkload.java:621)
	at site.ycsb.ClientThread.run(ClientThread.java:135)
	at java.base/java.lang.Thread.run(Thread.java:829)
Caused by: jetbrains.exodus.ExodusException
	at jetbrains.exodus.newLogConcept.garbageCollector.OperationLogGarbageCollector.moveAndRemoveRecordsFromLog(OperationLogGarbageCollector.java:69)
	at jetbrains.exodus.newLogConcept.garbageCollector.OperationLogGarbageCollector.clean(OperationLogGarbageCollector.java:51)
	at jetbrains.exodus.newLogConcept.MVCC.MVCCDataStructure.lambda$commitTransaction$1(MVCCDataStructure.java:297)
	at java.base/java.util.concurrent.Executors$RunnableAdapter.call(Executors.java:515)
	at java.base/java.util.concurrent.FutureTask.run(FutureTask.java:264)
	at java.base/java.util.concurrent.ThreadPoolExecutor.runWorker(ThreadPoolExecutor.java:1128)
	at java.base/java.util.concurrent.ThreadPoolExecutor$Worker.run(ThreadPoolExecutor.java:628)
	... 1 more
java.util.concurrent.ExecutionException: jetbrains.exodus.ExodusException
	at java.base/java.util.concurrent.FutureTask.report(FutureTask.java:122)
	at java.base/java.util.concurrent.FutureTask.get(FutureTask.java:191)
	at jetbrains.exodus.newLogConcept.MVCC.MVCCDataStructure.commitTransaction(MVCCDataStructure.java:299)
	at site.ycsb.db.XodusClient.insert(XodusClient.java:60)
	at site.ycsb.DBWrapper.insert(DBWrapper.java:227)
	at site.ycsb.workloads.CoreWorkload.doInsert(CoreWorkload.java:621)
	at site.ycsb.ClientThread.run(ClientThread.java:135)
	at java.base/java.lang.Thread.run(Thread.java:829)
Caused by: jetbrains.exodus.ExodusException
	at jetbrains.exodus.newLogConcept.garbageCollector.OperationLogGarbageCollector.moveAndRemoveRecordsFromLog(OperationLogGarbageCollector.java:69)
	at jetbrains.exodus.newLogConcept.garbageCollector.OperationLogGarbageCollector.clean(OperationLogGarbageCollector.java:51)
	at jetbrains.exodus.newLogConcept.MVCC.MVCCDataStructure.lambda$commitTransaction$1(MVCCDataStructure.java:297)
	at java.base/java.util.concurrent.Executors$RunnableAdapter.call(Executors.java:515)
	at java.base/java.util.concurrent.FutureTask.run(FutureTask.java:264)
	at java.base/java.util.concurrent.ThreadPoolExecutor.runWorker(ThreadPoolExecutor.java:1128)
	at java.base/java.util.concurrent.ThreadPoolExecutor$Worker.run(ThreadPoolExecutor.java:628)
	... 1 more
java.util.concurrent.ExecutionException: jetbrains.exodus.ExodusException
	at java.base/java.util.concurrent.FutureTask.report(FutureTask.java:122)
	at java.base/java.util.concurrent.FutureTask.get(FutureTask.java:191)
	at jetbrains.exodus.newLogConcept.MVCC.MVCCDataStructure.commitTransaction(MVCCDataStructure.java:299)
	at site.ycsb.db.XodusClient.insert(XodusClient.java:60)
	at site.ycsb.DBWrapper.insert(DBWrapper.java:227)
	at site.ycsb.workloads.CoreWorkload.doInsert(CoreWorkload.java:621)
	at site.ycsb.ClientThread.run(ClientThread.java:135)
	at java.base/java.lang.Thread.run(Thread.java:829)
Caused by: jetbrains.exodus.ExodusException
	at jetbrains.exodus.newLogConcept.garbageCollector.OperationLogGarbageCollector.moveAndRemoveRecordsFromLog(OperationLogGarbageCollector.java:69)
	at jetbrains.exodus.newLogConcept.garbageCollector.OperationLogGarbageCollector.clean(OperationLogGarbageCollector.java:51)
	at jetbrains.exodus.newLogConcept.MVCC.MVCCDataStructure.lambda$commitTransaction$1(MVCCDataStructure.java:297)
	at java.base/java.util.concurrent.Executors$RunnableAdapter.call(Executors.java:515)
	at java.base/java.util.concurrent.FutureTask.run(FutureTask.java:264)
	at java.base/java.util.concurrent.ThreadPoolExecutor.runWorker(ThreadPoolExecutor.java:1128)
	at java.base/java.util.concurrent.ThreadPoolExecutor$Worker.run(ThreadPoolExecutor.java:628)
	... 1 more
java.util.concurrent.ExecutionException: jetbrains.exodus.ExodusException
	at java.base/java.util.concurrent.FutureTask.report(FutureTask.java:122)
	at java.base/java.util.concurrent.FutureTask.get(FutureTask.java:191)
	at jetbrains.exodus.newLogConcept.MVCC.MVCCDataStructure.commitTransaction(MVCCDataStructure.java:299)
	at site.ycsb.db.XodusClient.insert(XodusClient.java:60)
	at site.ycsb.DBWrapper.insert(DBWrapper.java:227)
	at site.ycsb.workloads.CoreWorkload.doInsert(CoreWorkload.java:621)
	at site.ycsb.ClientThread.run(ClientThread.java:135)
	at java.base/java.lang.Thread.run(Thread.java:829)
Caused by: jetbrains.exodus.ExodusException
	at jetbrains.exodus.newLogConcept.garbageCollector.OperationLogGarbageCollector.moveAndRemoveRecordsFromLog(OperationLogGarbageCollector.java:69)
	at jetbrains.exodus.newLogConcept.garbageCollector.OperationLogGarbageCollector.clean(OperationLogGarbageCollector.java:51)
	at jetbrains.exodus.newLogConcept.MVCC.MVCCDataStructure.lambda$commitTransaction$1(MVCCDataStructure.java:297)
	at java.base/java.util.concurrent.Executors$RunnableAdapter.call(Executors.java:515)
	at java.base/java.util.concurrent.FutureTask.run(FutureTask.java:264)
	at java.base/java.util.concurrent.ThreadPoolExecutor.runWorker(ThreadPoolExecutor.java:1128)
	at java.base/java.util.concurrent.ThreadPoolExecutor$Worker.run(ThreadPoolExecutor.java:628)
	... 1 more
java.util.concurrent.ExecutionException: jetbrains.exodus.ExodusException
	at java.base/java.util.concurrent.FutureTask.report(FutureTask.java:122)
	at java.base/java.util.concurrent.FutureTask.get(FutureTask.java:191)
	at jetbrains.exodus.newLogConcept.MVCC.MVCCDataStructure.commitTransaction(MVCCDataStructure.java:299)
	at site.ycsb.db.XodusClient.insert(XodusClient.java:60)
	at site.ycsb.DBWrapper.insert(DBWrapper.java:227)
	at site.ycsb.workloads.CoreWorkload.doInsert(CoreWorkload.java:621)
	at site.ycsb.ClientThread.run(ClientThread.java:135)
	at java.base/java.lang.Thread.run(Thread.java:829)
Caused by: jetbrains.exodus.ExodusException
	at jetbrains.exodus.newLogConcept.garbageCollector.OperationLogGarbageCollector.moveAndRemoveRecordsFromLog(OperationLogGarbageCollector.java:69)
	at jetbrains.exodus.newLogConcept.garbageCollector.OperationLogGarbageCollector.clean(OperationLogGarbageCollector.java:51)
	at jetbrains.exodus.newLogConcept.MVCC.MVCCDataStructure.lambda$commitTransaction$1(MVCCDataStructure.java:297)
	at java.base/java.util.concurrent.Executors$RunnableAdapter.call(Executors.java:515)
	at java.base/java.util.concurrent.FutureTask.run(FutureTask.java:264)
	at java.base/java.util.concurrent.ThreadPoolExecutor.runWorker(ThreadPoolExecutor.java:1128)
	at java.base/java.util.concurrent.ThreadPoolExecutor$Worker.run(ThreadPoolExecutor.java:628)
	... 1 more
java.util.concurrent.ExecutionException: jetbrains.exodus.ExodusException
	at java.base/java.util.concurrent.FutureTask.report(FutureTask.java:122)
	at java.base/java.util.concurrent.FutureTask.get(FutureTask.java:191)
	at jetbrains.exodus.newLogConcept.MVCC.MVCCDataStructure.commitTransaction(MVCCDataStructure.java:299)
	at site.ycsb.db.XodusClient.insert(XodusClient.java:60)
	at site.ycsb.DBWrapper.insert(DBWrapper.java:227)
	at site.ycsb.workloads.CoreWorkload.doInsert(CoreWorkload.java:621)
	at site.ycsb.ClientThread.run(ClientThread.java:135)
	at java.base/java.lang.Thread.run(Thread.java:829)
Caused by: jetbrains.exodus.ExodusException
	at jetbrains.exodus.newLogConcept.garbageCollector.OperationLogGarbageCollector.moveAndRemoveRecordsFromLog(OperationLogGarbageCollector.java:69)
	at jetbrains.exodus.newLogConcept.garbageCollector.OperationLogGarbageCollector.clean(OperationLogGarbageCollector.java:51)
	at jetbrains.exodus.newLogConcept.MVCC.MVCCDataStructure.lambda$commitTransaction$1(MVCCDataStructure.java:297)
	at java.base/java.util.concurrent.Executors$RunnableAdapter.call(Executors.java:515)
	at java.base/java.util.concurrent.FutureTask.run(FutureTask.java:264)
	at java.base/java.util.concurrent.ThreadPoolExecutor.runWorker(ThreadPoolExecutor.java:1128)
	at java.base/java.util.concurrent.ThreadPoolExecutor$Worker.run(ThreadPoolExecutor.java:628)
	... 1 more
java.util.concurrent.ExecutionException: jetbrains.exodus.ExodusException
	at java.base/java.util.concurrent.FutureTask.report(FutureTask.java:122)
	at java.base/java.util.concurrent.FutureTask.get(FutureTask.java:191)
	at jetbrains.exodus.newLogConcept.MVCC.MVCCDataStructure.commitTransaction(MVCCDataStructure.java:299)
	at site.ycsb.db.XodusClient.insert(XodusClient.java:60)
	at site.ycsb.DBWrapper.insert(DBWrapper.java:227)
	at site.ycsb.workloads.CoreWorkload.doInsert(CoreWorkload.java:621)
	at site.ycsb.ClientThread.run(ClientThread.java:135)
	at java.base/java.lang.Thread.run(Thread.java:829)
Caused by: jetbrains.exodus.ExodusException
	at jetbrains.exodus.newLogConcept.garbageCollector.OperationLogGarbageCollector.moveAndRemoveRecordsFromLog(OperationLogGarbageCollector.java:69)
	at jetbrains.exodus.newLogConcept.garbageCollector.OperationLogGarbageCollector.clean(OperationLogGarbageCollector.java:51)
	at jetbrains.exodus.newLogConcept.MVCC.MVCCDataStructure.lambda$commitTransaction$1(MVCCDataStructure.java:297)
	at java.base/java.util.concurrent.Executors$RunnableAdapter.call(Executors.java:515)
	at java.base/java.util.concurrent.FutureTask.run(FutureTask.java:264)
	at java.base/java.util.concurrent.ThreadPoolExecutor.runWorker(ThreadPoolExecutor.java:1128)
	at java.base/java.util.concurrent.ThreadPoolExecutor$Worker.run(ThreadPoolExecutor.java:628)
	... 1 more
java.util.concurrent.ExecutionException: jetbrains.exodus.ExodusException
	at java.base/java.util.concurrent.FutureTask.report(FutureTask.java:122)
	at java.base/java.util.concurrent.FutureTask.get(FutureTask.java:191)
	at jetbrains.exodus.newLogConcept.MVCC.MVCCDataStructure.commitTransaction(MVCCDataStructure.java:299)
	at site.ycsb.db.XodusClient.insert(XodusClient.java:60)
	at site.ycsb.DBWrapper.insert(DBWrapper.java:227)
	at site.ycsb.workloads.CoreWorkload.doInsert(CoreWorkload.java:621)
	at site.ycsb.ClientThread.run(ClientThread.java:135)
	at java.base/java.lang.Thread.run(Thread.java:829)
Caused by: jetbrains.exodus.ExodusException
	at jetbrains.exodus.newLogConcept.garbageCollector.OperationLogGarbageCollector.moveAndRemoveRecordsFromLog(OperationLogGarbageCollector.java:69)
	at jetbrains.exodus.newLogConcept.garbageCollector.OperationLogGarbageCollector.clean(OperationLogGarbageCollector.java:51)
	at jetbrains.exodus.newLogConcept.MVCC.MVCCDataStructure.lambda$commitTransaction$1(MVCCDataStructure.java:297)
	at java.base/java.util.concurrent.Executors$RunnableAdapter.call(Executors.java:515)
	at java.base/java.util.concurrent.FutureTask.run(FutureTask.java:264)
	at java.base/java.util.concurrent.ThreadPoolExecutor.runWorker(ThreadPoolExecutor.java:1128)
	at java.base/java.util.concurrent.ThreadPoolExecutor$Worker.run(ThreadPoolExecutor.java:628)
	... 1 more
java.util.concurrent.ExecutionException: jetbrains.exodus.ExodusException
	at java.base/java.util.concurrent.FutureTask.report(FutureTask.java:122)
	at java.base/java.util.concurrent.FutureTask.get(FutureTask.java:191)
	at jetbrains.exodus.newLogConcept.MVCC.MVCCDataStructure.commitTransaction(MVCCDataStructure.java:299)
	at site.ycsb.db.XodusClient.insert(XodusClient.java:60)
	at site.ycsb.DBWrapper.insert(DBWrapper.java:227)
	at site.ycsb.workloads.CoreWorkload.doInsert(CoreWorkload.java:621)
	at site.ycsb.ClientThread.run(ClientThread.java:135)
	at java.base/java.lang.Thread.run(Thread.java:829)
Caused by: jetbrains.exodus.ExodusException
	at jetbrains.exodus.newLogConcept.garbageCollector.OperationLogGarbageCollector.moveAndRemoveRecordsFromLog(OperationLogGarbageCollector.java:69)
	at jetbrains.exodus.newLogConcept.garbageCollector.OperationLogGarbageCollector.clean(OperationLogGarbageCollector.java:51)
	at jetbrains.exodus.newLogConcept.MVCC.MVCCDataStructure.lambda$commitTransaction$1(MVCCDataStructure.java:297)
	at java.base/java.util.concurrent.Executors$RunnableAdapter.call(Executors.java:515)
	at java.base/java.util.concurrent.FutureTask.run(FutureTask.java:264)
	at java.base/java.util.concurrent.ThreadPoolExecutor.runWorker(ThreadPoolExecutor.java:1128)
	at java.base/java.util.concurrent.ThreadPoolExecutor$Worker.run(ThreadPoolExecutor.java:628)
	... 1 more
java.util.concurrent.ExecutionException: jetbrains.exodus.ExodusException
	at java.base/java.util.concurrent.FutureTask.report(FutureTask.java:122)
	at java.base/java.util.concurrent.FutureTask.get(FutureTask.java:191)
	at jetbrains.exodus.newLogConcept.MVCC.MVCCDataStructure.commitTransaction(MVCCDataStructure.java:299)
	at site.ycsb.db.XodusClient.insert(XodusClient.java:60)
	at site.ycsb.DBWrapper.insert(DBWrapper.java:227)
	at site.ycsb.workloads.CoreWorkload.doInsert(CoreWorkload.java:621)
	at site.ycsb.ClientThread.run(ClientThread.java:135)
	at java.base/java.lang.Thread.run(Thread.java:829)
Caused by: jetbrains.exodus.ExodusException
	at jetbrains.exodus.newLogConcept.garbageCollector.OperationLogGarbageCollector.moveAndRemoveRecordsFromLog(OperationLogGarbageCollector.java:69)
	at jetbrains.exodus.newLogConcept.garbageCollector.OperationLogGarbageCollector.clean(OperationLogGarbageCollector.java:51)
	at jetbrains.exodus.newLogConcept.MVCC.MVCCDataStructure.lambda$commitTransaction$1(MVCCDataStructure.java:297)
	at java.base/java.util.concurrent.Executors$RunnableAdapter.call(Executors.java:515)
	at java.base/java.util.concurrent.FutureTask.run(FutureTask.java:264)
	at java.base/java.util.concurrent.ThreadPoolExecutor.runWorker(ThreadPoolExecutor.java:1128)
	at java.base/java.util.concurrent.ThreadPoolExecutor$Worker.run(ThreadPoolExecutor.java:628)
	... 1 more
java.util.concurrent.ExecutionException: jetbrains.exodus.ExodusException
	at java.base/java.util.concurrent.FutureTask.report(FutureTask.java:122)
	at java.base/java.util.concurrent.FutureTask.get(FutureTask.java:191)
	at jetbrains.exodus.newLogConcept.MVCC.MVCCDataStructure.commitTransaction(MVCCDataStructure.java:299)
	at site.ycsb.db.XodusClient.insert(XodusClient.java:60)
	at site.ycsb.DBWrapper.insert(DBWrapper.java:227)
	at site.ycsb.workloads.CoreWorkload.doInsert(CoreWorkload.java:621)
	at site.ycsb.ClientThread.run(ClientThread.java:135)
	at java.base/java.lang.Thread.run(Thread.java:829)
Caused by: jetbrains.exodus.ExodusException
	at jetbrains.exodus.newLogConcept.garbageCollector.OperationLogGarbageCollector.moveAndRemoveRecordsFromLog(OperationLogGarbageCollector.java:69)
	at jetbrains.exodus.newLogConcept.garbageCollector.OperationLogGarbageCollector.clean(OperationLogGarbageCollector.java:51)
	at jetbrains.exodus.newLogConcept.MVCC.MVCCDataStructure.lambda$commitTransaction$1(MVCCDataStructure.java:297)
	at java.base/java.util.concurrent.Executors$RunnableAdapter.call(Executors.java:515)
	at java.base/java.util.concurrent.FutureTask.run(FutureTask.java:264)
	at java.base/java.util.concurrent.ThreadPoolExecutor.runWorker(ThreadPoolExecutor.java:1128)
	at java.base/java.util.concurrent.ThreadPoolExecutor$Worker.run(ThreadPoolExecutor.java:628)
	... 1 more
java.util.concurrent.ExecutionException: jetbrains.exodus.ExodusException
	at java.base/java.util.concurrent.FutureTask.report(FutureTask.java:122)
	at java.base/java.util.concurrent.FutureTask.get(FutureTask.java:191)
	at jetbrains.exodus.newLogConcept.MVCC.MVCCDataStructure.commitTransaction(MVCCDataStructure.java:299)
	at site.ycsb.db.XodusClient.insert(XodusClient.java:60)
	at site.ycsb.DBWrapper.insert(DBWrapper.java:227)
	at site.ycsb.workloads.CoreWorkload.doInsert(CoreWorkload.java:621)
	at site.ycsb.ClientThread.run(ClientThread.java:135)
	at java.base/java.lang.Thread.run(Thread.java:829)
Caused by: jetbrains.exodus.ExodusException
	at jetbrains.exodus.newLogConcept.garbageCollector.OperationLogGarbageCollector.moveAndRemoveRecordsFromLog(OperationLogGarbageCollector.java:69)
	at jetbrains.exodus.newLogConcept.garbageCollector.OperationLogGarbageCollector.clean(OperationLogGarbageCollector.java:51)
	at jetbrains.exodus.newLogConcept.MVCC.MVCCDataStructure.lambda$commitTransaction$1(MVCCDataStructure.java:297)
	at java.base/java.util.concurrent.Executors$RunnableAdapter.call(Executors.java:515)
	at java.base/java.util.concurrent.FutureTask.run(FutureTask.java:264)
	at java.base/java.util.concurrent.ThreadPoolExecutor.runWorker(ThreadPoolExecutor.java:1128)
	at java.base/java.util.concurrent.ThreadPoolExecutor$Worker.run(ThreadPoolExecutor.java:628)
	... 1 more
java.util.concurrent.ExecutionException: jetbrains.exodus.ExodusException
	at java.base/java.util.concurrent.FutureTask.report(FutureTask.java:122)
	at java.base/java.util.concurrent.FutureTask.get(FutureTask.java:191)
	at jetbrains.exodus.newLogConcept.MVCC.MVCCDataStructure.commitTransaction(MVCCDataStructure.java:299)
	at site.ycsb.db.XodusClient.insert(XodusClient.java:60)
	at site.ycsb.DBWrapper.insert(DBWrapper.java:227)
	at site.ycsb.workloads.CoreWorkload.doInsert(CoreWorkload.java:621)
	at site.ycsb.ClientThread.run(ClientThread.java:135)
	at java.base/java.lang.Thread.run(Thread.java:829)
Caused by: jetbrains.exodus.ExodusException
	at jetbrains.exodus.newLogConcept.garbageCollector.OperationLogGarbageCollector.moveAndRemoveRecordsFromLog(OperationLogGarbageCollector.java:69)
	at jetbrains.exodus.newLogConcept.garbageCollector.OperationLogGarbageCollector.clean(OperationLogGarbageCollector.java:51)
	at jetbrains.exodus.newLogConcept.MVCC.MVCCDataStructure.lambda$commitTransaction$1(MVCCDataStructure.java:297)
	at java.base/java.util.concurrent.Executors$RunnableAdapter.call(Executors.java:515)
	at java.base/java.util.concurrent.FutureTask.run(FutureTask.java:264)
	at java.base/java.util.concurrent.ThreadPoolExecutor.runWorker(ThreadPoolExecutor.java:1128)
	at java.base/java.util.concurrent.ThreadPoolExecutor$Worker.run(ThreadPoolExecutor.java:628)
	... 1 more
java.util.concurrent.ExecutionException: jetbrains.exodus.ExodusException
	at java.base/java.util.concurrent.FutureTask.report(FutureTask.java:122)
	at java.base/java.util.concurrent.FutureTask.get(FutureTask.java:191)
	at jetbrains.exodus.newLogConcept.MVCC.MVCCDataStructure.commitTransaction(MVCCDataStructure.java:299)
	at site.ycsb.db.XodusClient.insert(XodusClient.java:60)
	at site.ycsb.DBWrapper.insert(DBWrapper.java:227)
	at site.ycsb.workloads.CoreWorkload.doInsert(CoreWorkload.java:621)
	at site.ycsb.ClientThread.run(ClientThread.java:135)
	at java.base/java.lang.Thread.run(Thread.java:829)
Caused by: jetbrains.exodus.ExodusException
	at jetbrains.exodus.newLogConcept.garbageCollector.OperationLogGarbageCollector.moveAndRemoveRecordsFromLog(OperationLogGarbageCollector.java:69)
	at jetbrains.exodus.newLogConcept.garbageCollector.OperationLogGarbageCollector.clean(OperationLogGarbageCollector.java:51)
	at jetbrains.exodus.newLogConcept.MVCC.MVCCDataStructure.lambda$commitTransaction$1(MVCCDataStructure.java:297)
	at java.base/java.util.concurrent.Executors$RunnableAdapter.call(Executors.java:515)
	at java.base/java.util.concurrent.FutureTask.run(FutureTask.java:264)
	at java.base/java.util.concurrent.ThreadPoolExecutor.runWorker(ThreadPoolExecutor.java:1128)
	at java.base/java.util.concurrent.ThreadPoolExecutor$Worker.run(ThreadPoolExecutor.java:628)
	... 1 more
java.util.concurrent.ExecutionException: jetbrains.exodus.ExodusException
	at java.base/java.util.concurrent.FutureTask.report(FutureTask.java:122)
	at java.base/java.util.concurrent.FutureTask.get(FutureTask.java:191)
	at jetbrains.exodus.newLogConcept.MVCC.MVCCDataStructure.commitTransaction(MVCCDataStructure.java:299)
	at site.ycsb.db.XodusClient.insert(XodusClient.java:60)
	at site.ycsb.DBWrapper.insert(DBWrapper.java:227)
	at site.ycsb.workloads.CoreWorkload.doInsert(CoreWorkload.java:621)
	at site.ycsb.ClientThread.run(ClientThread.java:135)
	at java.base/java.lang.Thread.run(Thread.java:829)
Caused by: jetbrains.exodus.ExodusException
	at jetbrains.exodus.newLogConcept.garbageCollector.OperationLogGarbageCollector.moveAndRemoveRecordsFromLog(OperationLogGarbageCollector.java:69)
	at jetbrains.exodus.newLogConcept.garbageCollector.OperationLogGarbageCollector.clean(OperationLogGarbageCollector.java:51)
	at jetbrains.exodus.newLogConcept.MVCC.MVCCDataStructure.lambda$commitTransaction$1(MVCCDataStructure.java:297)
	at java.base/java.util.concurrent.Executors$RunnableAdapter.call(Executors.java:515)
	at java.base/java.util.concurrent.FutureTask.run(FutureTask.java:264)
	at java.base/java.util.concurrent.ThreadPoolExecutor.runWorker(ThreadPoolExecutor.java:1128)
	at java.base/java.util.concurrent.ThreadPoolExecutor$Worker.run(ThreadPoolExecutor.java:628)
	... 1 more
java.util.concurrent.ExecutionException: jetbrains.exodus.ExodusException
	at java.base/java.util.concurrent.FutureTask.report(FutureTask.java:122)
	at java.base/java.util.concurrent.FutureTask.get(FutureTask.java:191)
	at jetbrains.exodus.newLogConcept.MVCC.MVCCDataStructure.commitTransaction(MVCCDataStructure.java:299)
	at site.ycsb.db.XodusClient.insert(XodusClient.java:60)
	at site.ycsb.DBWrapper.insert(DBWrapper.java:227)
	at site.ycsb.workloads.CoreWorkload.doInsert(CoreWorkload.java:621)
	at site.ycsb.ClientThread.run(ClientThread.java:135)
	at java.base/java.lang.Thread.run(Thread.java:829)
Caused by: jetbrains.exodus.ExodusException
	at jetbrains.exodus.newLogConcept.garbageCollector.OperationLogGarbageCollector.moveAndRemoveRecordsFromLog(OperationLogGarbageCollector.java:69)
	at jetbrains.exodus.newLogConcept.garbageCollector.OperationLogGarbageCollector.clean(OperationLogGarbageCollector.java:51)
	at jetbrains.exodus.newLogConcept.MVCC.MVCCDataStructure.lambda$commitTransaction$1(MVCCDataStructure.java:297)
	at java.base/java.util.concurrent.Executors$RunnableAdapter.call(Executors.java:515)
	at java.base/java.util.concurrent.FutureTask.run(FutureTask.java:264)
	at java.base/java.util.concurrent.ThreadPoolExecutor.runWorker(ThreadPoolExecutor.java:1128)
	at java.base/java.util.concurrent.ThreadPoolExecutor$Worker.run(ThreadPoolExecutor.java:628)
	... 1 more
java.util.concurrent.ExecutionException: jetbrains.exodus.ExodusException
	at java.base/java.util.concurrent.FutureTask.report(FutureTask.java:122)
	at java.base/java.util.concurrent.FutureTask.get(FutureTask.java:191)
	at jetbrains.exodus.newLogConcept.MVCC.MVCCDataStructure.commitTransaction(MVCCDataStructure.java:299)
	at site.ycsb.db.XodusClient.insert(XodusClient.java:60)
	at site.ycsb.DBWrapper.insert(DBWrapper.java:227)
	at site.ycsb.workloads.CoreWorkload.doInsert(CoreWorkload.java:621)
	at site.ycsb.ClientThread.run(ClientThread.java:135)
	at java.base/java.lang.Thread.run(Thread.java:829)
Caused by: jetbrains.exodus.ExodusException
	at jetbrains.exodus.newLogConcept.garbageCollector.OperationLogGarbageCollector.moveAndRemoveRecordsFromLog(OperationLogGarbageCollector.java:69)
	at jetbrains.exodus.newLogConcept.garbageCollector.OperationLogGarbageCollector.clean(OperationLogGarbageCollector.java:51)
	at jetbrains.exodus.newLogConcept.MVCC.MVCCDataStructure.lambda$commitTransaction$1(MVCCDataStructure.java:297)
	at java.base/java.util.concurrent.Executors$RunnableAdapter.call(Executors.java:515)
	at java.base/java.util.concurrent.FutureTask.run(FutureTask.java:264)
	at java.base/java.util.concurrent.ThreadPoolExecutor.runWorker(ThreadPoolExecutor.java:1128)
	at java.base/java.util.concurrent.ThreadPoolExecutor$Worker.run(ThreadPoolExecutor.java:628)
	... 1 more
java.util.concurrent.ExecutionException: jetbrains.exodus.ExodusException
	at java.base/java.util.concurrent.FutureTask.report(FutureTask.java:122)
	at java.base/java.util.concurrent.FutureTask.get(FutureTask.java:191)
	at jetbrains.exodus.newLogConcept.MVCC.MVCCDataStructure.commitTransaction(MVCCDataStructure.java:299)
	at site.ycsb.db.XodusClient.insert(XodusClient.java:60)
	at site.ycsb.DBWrapper.insert(DBWrapper.java:227)
	at site.ycsb.workloads.CoreWorkload.doInsert(CoreWorkload.java:621)
	at site.ycsb.ClientThread.run(ClientThread.java:135)
	at java.base/java.lang.Thread.run(Thread.java:829)
Caused by: jetbrains.exodus.ExodusException
	at jetbrains.exodus.newLogConcept.garbageCollector.OperationLogGarbageCollector.moveAndRemoveRecordsFromLog(OperationLogGarbageCollector.java:69)
	at jetbrains.exodus.newLogConcept.garbageCollector.OperationLogGarbageCollector.clean(OperationLogGarbageCollector.java:51)
	at jetbrains.exodus.newLogConcept.MVCC.MVCCDataStructure.lambda$commitTransaction$1(MVCCDataStructure.java:297)
	at java.base/java.util.concurrent.Executors$RunnableAdapter.call(Executors.java:515)
	at java.base/java.util.concurrent.FutureTask.run(FutureTask.java:264)
	at java.base/java.util.concurrent.ThreadPoolExecutor.runWorker(ThreadPoolExecutor.java:1128)
	at java.base/java.util.concurrent.ThreadPoolExecutor$Worker.run(ThreadPoolExecutor.java:628)
	... 1 more
java.util.concurrent.ExecutionException: jetbrains.exodus.ExodusException
	at java.base/java.util.concurrent.FutureTask.report(FutureTask.java:122)
	at java.base/java.util.concurrent.FutureTask.get(FutureTask.java:191)
	at jetbrains.exodus.newLogConcept.MVCC.MVCCDataStructure.commitTransaction(MVCCDataStructure.java:299)
	at site.ycsb.db.XodusClient.insert(XodusClient.java:60)
	at site.ycsb.DBWrapper.insert(DBWrapper.java:227)
	at site.ycsb.workloads.CoreWorkload.doInsert(CoreWorkload.java:621)
	at site.ycsb.ClientThread.run(ClientThread.java:135)
	at java.base/java.lang.Thread.run(Thread.java:829)
Caused by: jetbrains.exodus.ExodusException
	at jetbrains.exodus.newLogConcept.garbageCollector.OperationLogGarbageCollector.moveAndRemoveRecordsFromLog(OperationLogGarbageCollector.java:69)
	at jetbrains.exodus.newLogConcept.garbageCollector.OperationLogGarbageCollector.clean(OperationLogGarbageCollector.java:51)
	at jetbrains.exodus.newLogConcept.MVCC.MVCCDataStructure.lambda$commitTransaction$1(MVCCDataStructure.java:297)
	at java.base/java.util.concurrent.Executors$RunnableAdapter.call(Executors.java:515)
	at java.base/java.util.concurrent.FutureTask.run(FutureTask.java:264)
	at java.base/java.util.concurrent.ThreadPoolExecutor.runWorker(ThreadPoolExecutor.java:1128)
	at java.base/java.util.concurrent.ThreadPoolExecutor$Worker.run(ThreadPoolExecutor.java:628)
	... 1 more
java.util.concurrent.ExecutionException: jetbrains.exodus.ExodusException
	at java.base/java.util.concurrent.FutureTask.report(FutureTask.java:122)
	at java.base/java.util.concurrent.FutureTask.get(FutureTask.java:191)
	at jetbrains.exodus.newLogConcept.MVCC.MVCCDataStructure.commitTransaction(MVCCDataStructure.java:299)
	at site.ycsb.db.XodusClient.insert(XodusClient.java:60)
	at site.ycsb.DBWrapper.insert(DBWrapper.java:227)
	at site.ycsb.workloads.CoreWorkload.doInsert(CoreWorkload.java:621)
	at site.ycsb.ClientThread.run(ClientThread.java:135)
	at java.base/java.lang.Thread.run(Thread.java:829)
Caused by: jetbrains.exodus.ExodusException
	at jetbrains.exodus.newLogConcept.garbageCollector.OperationLogGarbageCollector.moveAndRemoveRecordsFromLog(OperationLogGarbageCollector.java:69)
	at jetbrains.exodus.newLogConcept.garbageCollector.OperationLogGarbageCollector.clean(OperationLogGarbageCollector.java:51)
	at jetbrains.exodus.newLogConcept.MVCC.MVCCDataStructure.lambda$commitTransaction$1(MVCCDataStructure.java:297)
	at java.base/java.util.concurrent.Executors$RunnableAdapter.call(Executors.java:515)
	at java.base/java.util.concurrent.FutureTask.run(FutureTask.java:264)
	at java.base/java.util.concurrent.ThreadPoolExecutor.runWorker(ThreadPoolExecutor.java:1128)
	at java.base/java.util.concurrent.ThreadPoolExecutor$Worker.run(ThreadPoolExecutor.java:628)
	... 1 more
java.util.concurrent.ExecutionException: jetbrains.exodus.ExodusException
	at java.base/java.util.concurrent.FutureTask.report(FutureTask.java:122)
	at java.base/java.util.concurrent.FutureTask.get(FutureTask.java:191)
	at jetbrains.exodus.newLogConcept.MVCC.MVCCDataStructure.commitTransaction(MVCCDataStructure.java:299)
	at site.ycsb.db.XodusClient.insert(XodusClient.java:60)
	at site.ycsb.DBWrapper.insert(DBWrapper.java:227)
	at site.ycsb.workloads.CoreWorkload.doInsert(CoreWorkload.java:621)
	at site.ycsb.ClientThread.run(ClientThread.java:135)
	at java.base/java.lang.Thread.run(Thread.java:829)
Caused by: jetbrains.exodus.ExodusException
	at jetbrains.exodus.newLogConcept.garbageCollector.OperationLogGarbageCollector.moveAndRemoveRecordsFromLog(OperationLogGarbageCollector.java:69)
	at jetbrains.exodus.newLogConcept.garbageCollector.OperationLogGarbageCollector.clean(OperationLogGarbageCollector.java:51)
	at jetbrains.exodus.newLogConcept.MVCC.MVCCDataStructure.lambda$commitTransaction$1(MVCCDataStructure.java:297)
	at java.base/java.util.concurrent.Executors$RunnableAdapter.call(Executors.java:515)
	at java.base/java.util.concurrent.FutureTask.run(FutureTask.java:264)
	at java.base/java.util.concurrent.ThreadPoolExecutor.runWorker(ThreadPoolExecutor.java:1128)
	at java.base/java.util.concurrent.ThreadPoolExecutor$Worker.run(ThreadPoolExecutor.java:628)
	... 1 more
java.util.concurrent.ExecutionException: jetbrains.exodus.ExodusException
	at java.base/java.util.concurrent.FutureTask.report(FutureTask.java:122)
	at java.base/java.util.concurrent.FutureTask.get(FutureTask.java:191)
	at jetbrains.exodus.newLogConcept.MVCC.MVCCDataStructure.commitTransaction(MVCCDataStructure.java:299)
	at site.ycsb.db.XodusClient.insert(XodusClient.java:60)
	at site.ycsb.DBWrapper.insert(DBWrapper.java:227)
	at site.ycsb.workloads.CoreWorkload.doInsert(CoreWorkload.java:621)
	at site.ycsb.ClientThread.run(ClientThread.java:135)
	at java.base/java.lang.Thread.run(Thread.java:829)
Caused by: jetbrains.exodus.ExodusException
	at jetbrains.exodus.newLogConcept.garbageCollector.OperationLogGarbageCollector.moveAndRemoveRecordsFromLog(OperationLogGarbageCollector.java:69)
	at jetbrains.exodus.newLogConcept.garbageCollector.OperationLogGarbageCollector.clean(OperationLogGarbageCollector.java:51)
	at jetbrains.exodus.newLogConcept.MVCC.MVCCDataStructure.lambda$commitTransaction$1(MVCCDataStructure.java:297)
	at java.base/java.util.concurrent.Executors$RunnableAdapter.call(Executors.java:515)
	at java.base/java.util.concurrent.FutureTask.run(FutureTask.java:264)
	at java.base/java.util.concurrent.ThreadPoolExecutor.runWorker(ThreadPoolExecutor.java:1128)
	at java.base/java.util.concurrent.ThreadPoolExecutor$Worker.run(ThreadPoolExecutor.java:628)
	... 1 more
java.util.concurrent.ExecutionException: jetbrains.exodus.ExodusException
	at java.base/java.util.concurrent.FutureTask.report(FutureTask.java:122)
	at java.base/java.util.concurrent.FutureTask.get(FutureTask.java:191)
	at jetbrains.exodus.newLogConcept.MVCC.MVCCDataStructure.commitTransaction(MVCCDataStructure.java:299)
	at site.ycsb.db.XodusClient.insert(XodusClient.java:60)
	at site.ycsb.DBWrapper.insert(DBWrapper.java:227)
	at site.ycsb.workloads.CoreWorkload.doInsert(CoreWorkload.java:621)
	at site.ycsb.ClientThread.run(ClientThread.java:135)
	at java.base/java.lang.Thread.run(Thread.java:829)
Caused by: jetbrains.exodus.ExodusException
	at jetbrains.exodus.newLogConcept.garbageCollector.OperationLogGarbageCollector.moveAndRemoveRecordsFromLog(OperationLogGarbageCollector.java:69)
	at jetbrains.exodus.newLogConcept.garbageCollector.OperationLogGarbageCollector.clean(OperationLogGarbageCollector.java:51)
	at jetbrains.exodus.newLogConcept.MVCC.MVCCDataStructure.lambda$commitTransaction$1(MVCCDataStructure.java:297)
	at java.base/java.util.concurrent.Executors$RunnableAdapter.call(Executors.java:515)
	at java.base/java.util.concurrent.FutureTask.run(FutureTask.java:264)
	at java.base/java.util.concurrent.ThreadPoolExecutor.runWorker(ThreadPoolExecutor.java:1128)
	at java.base/java.util.concurrent.ThreadPoolExecutor$Worker.run(ThreadPoolExecutor.java:628)
	... 1 more
java.util.concurrent.ExecutionException: jetbrains.exodus.ExodusException
	at java.base/java.util.concurrent.FutureTask.report(FutureTask.java:122)
	at java.base/java.util.concurrent.FutureTask.get(FutureTask.java:191)
	at jetbrains.exodus.newLogConcept.MVCC.MVCCDataStructure.commitTransaction(MVCCDataStructure.java:299)
	at site.ycsb.db.XodusClient.insert(XodusClient.java:60)
	at site.ycsb.DBWrapper.insert(DBWrapper.java:227)
	at site.ycsb.workloads.CoreWorkload.doInsert(CoreWorkload.java:621)
	at site.ycsb.ClientThread.run(ClientThread.java:135)
	at java.base/java.lang.Thread.run(Thread.java:829)
Caused by: jetbrains.exodus.ExodusException
	at jetbrains.exodus.newLogConcept.garbageCollector.OperationLogGarbageCollector.moveAndRemoveRecordsFromLog(OperationLogGarbageCollector.java:69)
	at jetbrains.exodus.newLogConcept.garbageCollector.OperationLogGarbageCollector.clean(OperationLogGarbageCollector.java:51)
	at jetbrains.exodus.newLogConcept.MVCC.MVCCDataStructure.lambda$commitTransaction$1(MVCCDataStructure.java:297)
	at java.base/java.util.concurrent.Executors$RunnableAdapter.call(Executors.java:515)
	at java.base/java.util.concurrent.FutureTask.run(FutureTask.java:264)
	at java.base/java.util.concurrent.ThreadPoolExecutor.runWorker(ThreadPoolExecutor.java:1128)
	at java.base/java.util.concurrent.ThreadPoolExecutor$Worker.run(ThreadPoolExecutor.java:628)
	... 1 more
java.util.concurrent.ExecutionException: jetbrains.exodus.ExodusException
	at java.base/java.util.concurrent.FutureTask.report(FutureTask.java:122)
	at java.base/java.util.concurrent.FutureTask.get(FutureTask.java:191)
	at jetbrains.exodus.newLogConcept.MVCC.MVCCDataStructure.commitTransaction(MVCCDataStructure.java:299)
	at site.ycsb.db.XodusClient.insert(XodusClient.java:60)
	at site.ycsb.DBWrapper.insert(DBWrapper.java:227)
	at site.ycsb.workloads.CoreWorkload.doInsert(CoreWorkload.java:621)
	at site.ycsb.ClientThread.run(ClientThread.java:135)
	at java.base/java.lang.Thread.run(Thread.java:829)
Caused by: jetbrains.exodus.ExodusException
	at jetbrains.exodus.newLogConcept.garbageCollector.OperationLogGarbageCollector.moveAndRemoveRecordsFromLog(OperationLogGarbageCollector.java:69)
	at jetbrains.exodus.newLogConcept.garbageCollector.OperationLogGarbageCollector.clean(OperationLogGarbageCollector.java:51)
	at jetbrains.exodus.newLogConcept.MVCC.MVCCDataStructure.lambda$commitTransaction$1(MVCCDataStructure.java:297)
	at java.base/java.util.concurrent.Executors$RunnableAdapter.call(Executors.java:515)
	at java.base/java.util.concurrent.FutureTask.run(FutureTask.java:264)
	at java.base/java.util.concurrent.ThreadPoolExecutor.runWorker(ThreadPoolExecutor.java:1128)
	at java.base/java.util.concurrent.ThreadPoolExecutor$Worker.run(ThreadPoolExecutor.java:628)
	... 1 more
java.util.concurrent.ExecutionException: jetbrains.exodus.ExodusException
	at java.base/java.util.concurrent.FutureTask.report(FutureTask.java:122)
	at java.base/java.util.concurrent.FutureTask.get(FutureTask.java:191)
	at jetbrains.exodus.newLogConcept.MVCC.MVCCDataStructure.commitTransaction(MVCCDataStructure.java:299)
	at site.ycsb.db.XodusClient.insert(XodusClient.java:60)
	at site.ycsb.DBWrapper.insert(DBWrapper.java:227)
	at site.ycsb.workloads.CoreWorkload.doInsert(CoreWorkload.java:621)
	at site.ycsb.ClientThread.run(ClientThread.java:135)
	at java.base/java.lang.Thread.run(Thread.java:829)
Caused by: jetbrains.exodus.ExodusException
	at jetbrains.exodus.newLogConcept.garbageCollector.OperationLogGarbageCollector.moveAndRemoveRecordsFromLog(OperationLogGarbageCollector.java:69)
	at jetbrains.exodus.newLogConcept.garbageCollector.OperationLogGarbageCollector.clean(OperationLogGarbageCollector.java:51)
	at jetbrains.exodus.newLogConcept.MVCC.MVCCDataStructure.lambda$commitTransaction$1(MVCCDataStructure.java:297)
	at java.base/java.util.concurrent.Executors$RunnableAdapter.call(Executors.java:515)
	at java.base/java.util.concurrent.FutureTask.run(FutureTask.java:264)
	at java.base/java.util.concurrent.ThreadPoolExecutor.runWorker(ThreadPoolExecutor.java:1128)
	at java.base/java.util.concurrent.ThreadPoolExecutor$Worker.run(ThreadPoolExecutor.java:628)
	... 1 more
java.util.concurrent.ExecutionException: jetbrains.exodus.ExodusException
	at java.base/java.util.concurrent.FutureTask.report(FutureTask.java:122)
	at java.base/java.util.concurrent.FutureTask.get(FutureTask.java:191)
	at jetbrains.exodus.newLogConcept.MVCC.MVCCDataStructure.commitTransaction(MVCCDataStructure.java:299)
	at site.ycsb.db.XodusClient.insert(XodusClient.java:60)
	at site.ycsb.DBWrapper.insert(DBWrapper.java:227)
	at site.ycsb.workloads.CoreWorkload.doInsert(CoreWorkload.java:621)
	at site.ycsb.ClientThread.run(ClientThread.java:135)
	at java.base/java.lang.Thread.run(Thread.java:829)
Caused by: jetbrains.exodus.ExodusException
	at jetbrains.exodus.newLogConcept.garbageCollector.OperationLogGarbageCollector.moveAndRemoveRecordsFromLog(OperationLogGarbageCollector.java:69)
	at jetbrains.exodus.newLogConcept.garbageCollector.OperationLogGarbageCollector.clean(OperationLogGarbageCollector.java:51)
	at jetbrains.exodus.newLogConcept.MVCC.MVCCDataStructure.lambda$commitTransaction$1(MVCCDataStructure.java:297)
	at java.base/java.util.concurrent.Executors$RunnableAdapter.call(Executors.java:515)
	at java.base/java.util.concurrent.FutureTask.run(FutureTask.java:264)
	at java.base/java.util.concurrent.ThreadPoolExecutor.runWorker(ThreadPoolExecutor.java:1128)
	at java.base/java.util.concurrent.ThreadPoolExecutor$Worker.run(ThreadPoolExecutor.java:628)
	... 1 more
java.util.concurrent.ExecutionException: jetbrains.exodus.ExodusException
	at java.base/java.util.concurrent.FutureTask.report(FutureTask.java:122)
	at java.base/java.util.concurrent.FutureTask.get(FutureTask.java:191)
	at jetbrains.exodus.newLogConcept.MVCC.MVCCDataStructure.commitTransaction(MVCCDataStructure.java:299)
	at site.ycsb.db.XodusClient.insert(XodusClient.java:60)
	at site.ycsb.DBWrapper.insert(DBWrapper.java:227)
	at site.ycsb.workloads.CoreWorkload.doInsert(CoreWorkload.java:621)
	at site.ycsb.ClientThread.run(ClientThread.java:135)
	at java.base/java.lang.Thread.run(Thread.java:829)
Caused by: jetbrains.exodus.ExodusException
	at jetbrains.exodus.newLogConcept.garbageCollector.OperationLogGarbageCollector.moveAndRemoveRecordsFromLog(OperationLogGarbageCollector.java:69)
	at jetbrains.exodus.newLogConcept.garbageCollector.OperationLogGarbageCollector.clean(OperationLogGarbageCollector.java:51)
	at jetbrains.exodus.newLogConcept.MVCC.MVCCDataStructure.lambda$commitTransaction$1(MVCCDataStructure.java:297)
	at java.base/java.util.concurrent.Executors$RunnableAdapter.call(Executors.java:515)
	at java.base/java.util.concurrent.FutureTask.run(FutureTask.java:264)
	at java.base/java.util.concurrent.ThreadPoolExecutor.runWorker(ThreadPoolExecutor.java:1128)
	at java.base/java.util.concurrent.ThreadPoolExecutor$Worker.run(ThreadPoolExecutor.java:628)
	... 1 more
java.util.concurrent.ExecutionException: jetbrains.exodus.ExodusException
	at java.base/java.util.concurrent.FutureTask.report(FutureTask.java:122)
	at java.base/java.util.concurrent.FutureTask.get(FutureTask.java:191)
	at jetbrains.exodus.newLogConcept.MVCC.MVCCDataStructure.commitTransaction(MVCCDataStructure.java:299)
	at site.ycsb.db.XodusClient.insert(XodusClient.java:60)
	at site.ycsb.DBWrapper.insert(DBWrapper.java:227)
	at site.ycsb.workloads.CoreWorkload.doInsert(CoreWorkload.java:621)
	at site.ycsb.ClientThread.run(ClientThread.java:135)
	at java.base/java.lang.Thread.run(Thread.java:829)
Caused by: jetbrains.exodus.ExodusException
	at jetbrains.exodus.newLogConcept.garbageCollector.OperationLogGarbageCollector.moveAndRemoveRecordsFromLog(OperationLogGarbageCollector.java:69)
	at jetbrains.exodus.newLogConcept.garbageCollector.OperationLogGarbageCollector.clean(OperationLogGarbageCollector.java:51)
	at jetbrains.exodus.newLogConcept.MVCC.MVCCDataStructure.lambda$commitTransaction$1(MVCCDataStructure.java:297)
	at java.base/java.util.concurrent.Executors$RunnableAdapter.call(Executors.java:515)
	at java.base/java.util.concurrent.FutureTask.run(FutureTask.java:264)
	at java.base/java.util.concurrent.ThreadPoolExecutor.runWorker(ThreadPoolExecutor.java:1128)
	at java.base/java.util.concurrent.ThreadPoolExecutor$Worker.run(ThreadPoolExecutor.java:628)
	... 1 more
java.util.concurrent.ExecutionException: jetbrains.exodus.ExodusException
	at java.base/java.util.concurrent.FutureTask.report(FutureTask.java:122)
	at java.base/java.util.concurrent.FutureTask.get(FutureTask.java:191)
	at jetbrains.exodus.newLogConcept.MVCC.MVCCDataStructure.commitTransaction(MVCCDataStructure.java:299)
	at site.ycsb.db.XodusClient.insert(XodusClient.java:60)
	at site.ycsb.DBWrapper.insert(DBWrapper.java:227)
	at site.ycsb.workloads.CoreWorkload.doInsert(CoreWorkload.java:621)
	at site.ycsb.ClientThread.run(ClientThread.java:135)
	at java.base/java.lang.Thread.run(Thread.java:829)
Caused by: jetbrains.exodus.ExodusException
	at jetbrains.exodus.newLogConcept.garbageCollector.OperationLogGarbageCollector.moveAndRemoveRecordsFromLog(OperationLogGarbageCollector.java:69)
	at jetbrains.exodus.newLogConcept.garbageCollector.OperationLogGarbageCollector.clean(OperationLogGarbageCollector.java:51)
	at jetbrains.exodus.newLogConcept.MVCC.MVCCDataStructure.lambda$commitTransaction$1(MVCCDataStructure.java:297)
	at java.base/java.util.concurrent.Executors$RunnableAdapter.call(Executors.java:515)
	at java.base/java.util.concurrent.FutureTask.run(FutureTask.java:264)
	at java.base/java.util.concurrent.ThreadPoolExecutor.runWorker(ThreadPoolExecutor.java:1128)
	at java.base/java.util.concurrent.ThreadPoolExecutor$Worker.run(ThreadPoolExecutor.java:628)
	... 1 more
java.util.concurrent.ExecutionException: jetbrains.exodus.ExodusException
	at java.base/java.util.concurrent.FutureTask.report(FutureTask.java:122)
	at java.base/java.util.concurrent.FutureTask.get(FutureTask.java:191)
	at jetbrains.exodus.newLogConcept.MVCC.MVCCDataStructure.commitTransaction(MVCCDataStructure.java:299)
	at site.ycsb.db.XodusClient.insert(XodusClient.java:60)
	at site.ycsb.DBWrapper.insert(DBWrapper.java:227)
	at site.ycsb.workloads.CoreWorkload.doInsert(CoreWorkload.java:621)
	at site.ycsb.ClientThread.run(ClientThread.java:135)
	at java.base/java.lang.Thread.run(Thread.java:829)
Caused by: jetbrains.exodus.ExodusException
	at jetbrains.exodus.newLogConcept.garbageCollector.OperationLogGarbageCollector.moveAndRemoveRecordsFromLog(OperationLogGarbageCollector.java:69)
	at jetbrains.exodus.newLogConcept.garbageCollector.OperationLogGarbageCollector.clean(OperationLogGarbageCollector.java:51)
	at jetbrains.exodus.newLogConcept.MVCC.MVCCDataStructure.lambda$commitTransaction$1(MVCCDataStructure.java:297)
	at java.base/java.util.concurrent.Executors$RunnableAdapter.call(Executors.java:515)
	at java.base/java.util.concurrent.FutureTask.run(FutureTask.java:264)
	at java.base/java.util.concurrent.ThreadPoolExecutor.runWorker(ThreadPoolExecutor.java:1128)
	at java.base/java.util.concurrent.ThreadPoolExecutor$Worker.run(ThreadPoolExecutor.java:628)
	... 1 more
java.util.concurrent.ExecutionException: jetbrains.exodus.ExodusException
	at java.base/java.util.concurrent.FutureTask.report(FutureTask.java:122)
	at java.base/java.util.concurrent.FutureTask.get(FutureTask.java:191)
	at jetbrains.exodus.newLogConcept.MVCC.MVCCDataStructure.commitTransaction(MVCCDataStructure.java:299)
	at site.ycsb.db.XodusClient.insert(XodusClient.java:60)
	at site.ycsb.DBWrapper.insert(DBWrapper.java:227)
	at site.ycsb.workloads.CoreWorkload.doInsert(CoreWorkload.java:621)
	at site.ycsb.ClientThread.run(ClientThread.java:135)
	at java.base/java.lang.Thread.run(Thread.java:829)
Caused by: jetbrains.exodus.ExodusException
	at jetbrains.exodus.newLogConcept.garbageCollector.OperationLogGarbageCollector.moveAndRemoveRecordsFromLog(OperationLogGarbageCollector.java:69)
	at jetbrains.exodus.newLogConcept.garbageCollector.OperationLogGarbageCollector.clean(OperationLogGarbageCollector.java:51)
	at jetbrains.exodus.newLogConcept.MVCC.MVCCDataStructure.lambda$commitTransaction$1(MVCCDataStructure.java:297)
	at java.base/java.util.concurrent.Executors$RunnableAdapter.call(Executors.java:515)
	at java.base/java.util.concurrent.FutureTask.run(FutureTask.java:264)
	at java.base/java.util.concurrent.ThreadPoolExecutor.runWorker(ThreadPoolExecutor.java:1128)
	at java.base/java.util.concurrent.ThreadPoolExecutor$Worker.run(ThreadPoolExecutor.java:628)
	... 1 more
java.util.concurrent.ExecutionException: jetbrains.exodus.ExodusException
	at java.base/java.util.concurrent.FutureTask.report(FutureTask.java:122)
	at java.base/java.util.concurrent.FutureTask.get(FutureTask.java:191)
	at jetbrains.exodus.newLogConcept.MVCC.MVCCDataStructure.commitTransaction(MVCCDataStructure.java:299)
	at site.ycsb.db.XodusClient.insert(XodusClient.java:60)
	at site.ycsb.DBWrapper.insert(DBWrapper.java:227)
	at site.ycsb.workloads.CoreWorkload.doInsert(CoreWorkload.java:621)
	at site.ycsb.ClientThread.run(ClientThread.java:135)
	at java.base/java.lang.Thread.run(Thread.java:829)
Caused by: jetbrains.exodus.ExodusException
	at jetbrains.exodus.newLogConcept.garbageCollector.OperationLogGarbageCollector.moveAndRemoveRecordsFromLog(OperationLogGarbageCollector.java:69)
	at jetbrains.exodus.newLogConcept.garbageCollector.OperationLogGarbageCollector.clean(OperationLogGarbageCollector.java:51)
	at jetbrains.exodus.newLogConcept.MVCC.MVCCDataStructure.lambda$commitTransaction$1(MVCCDataStructure.java:297)
	at java.base/java.util.concurrent.Executors$RunnableAdapter.call(Executors.java:515)
	at java.base/java.util.concurrent.FutureTask.run(FutureTask.java:264)
	at java.base/java.util.concurrent.ThreadPoolExecutor.runWorker(ThreadPoolExecutor.java:1128)
	at java.base/java.util.concurrent.ThreadPoolExecutor$Worker.run(ThreadPoolExecutor.java:628)
	... 1 more
java.util.concurrent.ExecutionException: jetbrains.exodus.ExodusException
	at java.base/java.util.concurrent.FutureTask.report(FutureTask.java:122)
	at java.base/java.util.concurrent.FutureTask.get(FutureTask.java:191)
	at jetbrains.exodus.newLogConcept.MVCC.MVCCDataStructure.commitTransaction(MVCCDataStructure.java:299)
	at site.ycsb.db.XodusClient.insert(XodusClient.java:60)
	at site.ycsb.DBWrapper.insert(DBWrapper.java:227)
	at site.ycsb.workloads.CoreWorkload.doInsert(CoreWorkload.java:621)
	at site.ycsb.ClientThread.run(ClientThread.java:135)
	at java.base/java.lang.Thread.run(Thread.java:829)
Caused by: jetbrains.exodus.ExodusException
	at jetbrains.exodus.newLogConcept.garbageCollector.OperationLogGarbageCollector.moveAndRemoveRecordsFromLog(OperationLogGarbageCollector.java:69)
	at jetbrains.exodus.newLogConcept.garbageCollector.OperationLogGarbageCollector.clean(OperationLogGarbageCollector.java:51)
	at jetbrains.exodus.newLogConcept.MVCC.MVCCDataStructure.lambda$commitTransaction$1(MVCCDataStructure.java:297)
	at java.base/java.util.concurrent.Executors$RunnableAdapter.call(Executors.java:515)
	at java.base/java.util.concurrent.FutureTask.run(FutureTask.java:264)
	at java.base/java.util.concurrent.ThreadPoolExecutor.runWorker(ThreadPoolExecutor.java:1128)
	at java.base/java.util.concurrent.ThreadPoolExecutor$Worker.run(ThreadPoolExecutor.java:628)
	... 1 more
java.util.concurrent.ExecutionException: jetbrains.exodus.ExodusException
	at java.base/java.util.concurrent.FutureTask.report(FutureTask.java:122)
	at java.base/java.util.concurrent.FutureTask.get(FutureTask.java:191)
	at jetbrains.exodus.newLogConcept.MVCC.MVCCDataStructure.commitTransaction(MVCCDataStructure.java:299)
	at site.ycsb.db.XodusClient.insert(XodusClient.java:60)
	at site.ycsb.DBWrapper.insert(DBWrapper.java:227)
	at site.ycsb.workloads.CoreWorkload.doInsert(CoreWorkload.java:621)
	at site.ycsb.ClientThread.run(ClientThread.java:135)
	at java.base/java.lang.Thread.run(Thread.java:829)
Caused by: jetbrains.exodus.ExodusException
	at jetbrains.exodus.newLogConcept.garbageCollector.OperationLogGarbageCollector.moveAndRemoveRecordsFromLog(OperationLogGarbageCollector.java:69)
	at jetbrains.exodus.newLogConcept.garbageCollector.OperationLogGarbageCollector.clean(OperationLogGarbageCollector.java:51)
	at jetbrains.exodus.newLogConcept.MVCC.MVCCDataStructure.lambda$commitTransaction$1(MVCCDataStructure.java:297)
	at java.base/java.util.concurrent.Executors$RunnableAdapter.call(Executors.java:515)
	at java.base/java.util.concurrent.FutureTask.run(FutureTask.java:264)
	at java.base/java.util.concurrent.ThreadPoolExecutor.runWorker(ThreadPoolExecutor.java:1128)
	at java.base/java.util.concurrent.ThreadPoolExecutor$Worker.run(ThreadPoolExecutor.java:628)
	... 1 more
java.util.concurrent.ExecutionException: jetbrains.exodus.ExodusException
	at java.base/java.util.concurrent.FutureTask.report(FutureTask.java:122)
	at java.base/java.util.concurrent.FutureTask.get(FutureTask.java:191)
	at jetbrains.exodus.newLogConcept.MVCC.MVCCDataStructure.commitTransaction(MVCCDataStructure.java:299)
	at site.ycsb.db.XodusClient.insert(XodusClient.java:60)
	at site.ycsb.DBWrapper.insert(DBWrapper.java:227)
	at site.ycsb.workloads.CoreWorkload.doInsert(CoreWorkload.java:621)
	at site.ycsb.ClientThread.run(ClientThread.java:135)
	at java.base/java.lang.Thread.run(Thread.java:829)
Caused by: jetbrains.exodus.ExodusException
	at jetbrains.exodus.newLogConcept.garbageCollector.OperationLogGarbageCollector.moveAndRemoveRecordsFromLog(OperationLogGarbageCollector.java:69)
	at jetbrains.exodus.newLogConcept.garbageCollector.OperationLogGarbageCollector.clean(OperationLogGarbageCollector.java:51)
	at jetbrains.exodus.newLogConcept.MVCC.MVCCDataStructure.lambda$commitTransaction$1(MVCCDataStructure.java:297)
	at java.base/java.util.concurrent.Executors$RunnableAdapter.call(Executors.java:515)
	at java.base/java.util.concurrent.FutureTask.run(FutureTask.java:264)
	at java.base/java.util.concurrent.ThreadPoolExecutor.runWorker(ThreadPoolExecutor.java:1128)
	at java.base/java.util.concurrent.ThreadPoolExecutor$Worker.run(ThreadPoolExecutor.java:628)
	... 1 more
java.util.concurrent.ExecutionException: jetbrains.exodus.ExodusException
	at java.base/java.util.concurrent.FutureTask.report(FutureTask.java:122)
	at java.base/java.util.concurrent.FutureTask.get(FutureTask.java:191)
	at jetbrains.exodus.newLogConcept.MVCC.MVCCDataStructure.commitTransaction(MVCCDataStructure.java:299)
	at site.ycsb.db.XodusClient.insert(XodusClient.java:60)
	at site.ycsb.DBWrapper.insert(DBWrapper.java:227)
	at site.ycsb.workloads.CoreWorkload.doInsert(CoreWorkload.java:621)
	at site.ycsb.ClientThread.run(ClientThread.java:135)
	at java.base/java.lang.Thread.run(Thread.java:829)
Caused by: jetbrains.exodus.ExodusException
	at jetbrains.exodus.newLogConcept.garbageCollector.OperationLogGarbageCollector.moveAndRemoveRecordsFromLog(OperationLogGarbageCollector.java:69)
	at jetbrains.exodus.newLogConcept.garbageCollector.OperationLogGarbageCollector.clean(OperationLogGarbageCollector.java:51)
	at jetbrains.exodus.newLogConcept.MVCC.MVCCDataStructure.lambda$commitTransaction$1(MVCCDataStructure.java:297)
	at java.base/java.util.concurrent.Executors$RunnableAdapter.call(Executors.java:515)
	at java.base/java.util.concurrent.FutureTask.run(FutureTask.java:264)
	at java.base/java.util.concurrent.ThreadPoolExecutor.runWorker(ThreadPoolExecutor.java:1128)
	at java.base/java.util.concurrent.ThreadPoolExecutor$Worker.run(ThreadPoolExecutor.java:628)
	... 1 more
java.util.concurrent.ExecutionException: jetbrains.exodus.ExodusException
	at java.base/java.util.concurrent.FutureTask.report(FutureTask.java:122)
	at java.base/java.util.concurrent.FutureTask.get(FutureTask.java:191)
	at jetbrains.exodus.newLogConcept.MVCC.MVCCDataStructure.commitTransaction(MVCCDataStructure.java:299)
	at site.ycsb.db.XodusClient.insert(XodusClient.java:60)
	at site.ycsb.DBWrapper.insert(DBWrapper.java:227)
	at site.ycsb.workloads.CoreWorkload.doInsert(CoreWorkload.java:621)
	at site.ycsb.ClientThread.run(ClientThread.java:135)
	at java.base/java.lang.Thread.run(Thread.java:829)
Caused by: jetbrains.exodus.ExodusException
	at jetbrains.exodus.newLogConcept.garbageCollector.OperationLogGarbageCollector.moveAndRemoveRecordsFromLog(OperationLogGarbageCollector.java:69)
	at jetbrains.exodus.newLogConcept.garbageCollector.OperationLogGarbageCollector.clean(OperationLogGarbageCollector.java:51)
	at jetbrains.exodus.newLogConcept.MVCC.MVCCDataStructure.lambda$commitTransaction$1(MVCCDataStructure.java:297)
	at java.base/java.util.concurrent.Executors$RunnableAdapter.call(Executors.java:515)
	at java.base/java.util.concurrent.FutureTask.run(FutureTask.java:264)
	at java.base/java.util.concurrent.ThreadPoolExecutor.runWorker(ThreadPoolExecutor.java:1128)
	at java.base/java.util.concurrent.ThreadPoolExecutor$Worker.run(ThreadPoolExecutor.java:628)
	... 1 more
java.util.concurrent.ExecutionException: jetbrains.exodus.ExodusException
	at java.base/java.util.concurrent.FutureTask.report(FutureTask.java:122)
	at java.base/java.util.concurrent.FutureTask.get(FutureTask.java:191)
	at jetbrains.exodus.newLogConcept.MVCC.MVCCDataStructure.commitTransaction(MVCCDataStructure.java:299)
	at site.ycsb.db.XodusClient.insert(XodusClient.java:60)
	at site.ycsb.DBWrapper.insert(DBWrapper.java:227)
	at site.ycsb.workloads.CoreWorkload.doInsert(CoreWorkload.java:621)
	at site.ycsb.ClientThread.run(ClientThread.java:135)
	at java.base/java.lang.Thread.run(Thread.java:829)
Caused by: jetbrains.exodus.ExodusException
	at jetbrains.exodus.newLogConcept.garbageCollector.OperationLogGarbageCollector.moveAndRemoveRecordsFromLog(OperationLogGarbageCollector.java:69)
	at jetbrains.exodus.newLogConcept.garbageCollector.OperationLogGarbageCollector.clean(OperationLogGarbageCollector.java:51)
	at jetbrains.exodus.newLogConcept.MVCC.MVCCDataStructure.lambda$commitTransaction$1(MVCCDataStructure.java:297)
	at java.base/java.util.concurrent.Executors$RunnableAdapter.call(Executors.java:515)
	at java.base/java.util.concurrent.FutureTask.run(FutureTask.java:264)
	at java.base/java.util.concurrent.ThreadPoolExecutor.runWorker(ThreadPoolExecutor.java:1128)
	at java.base/java.util.concurrent.ThreadPoolExecutor$Worker.run(ThreadPoolExecutor.java:628)
	... 1 more
java.util.concurrent.ExecutionException: jetbrains.exodus.ExodusException
	at java.base/java.util.concurrent.FutureTask.report(FutureTask.java:122)
	at java.base/java.util.concurrent.FutureTask.get(FutureTask.java:191)
	at jetbrains.exodus.newLogConcept.MVCC.MVCCDataStructure.commitTransaction(MVCCDataStructure.java:299)
	at site.ycsb.db.XodusClient.insert(XodusClient.java:60)
	at site.ycsb.DBWrapper.insert(DBWrapper.java:227)
	at site.ycsb.workloads.CoreWorkload.doInsert(CoreWorkload.java:621)
	at site.ycsb.ClientThread.run(ClientThread.java:135)
	at java.base/java.lang.Thread.run(Thread.java:829)
Caused by: jetbrains.exodus.ExodusException
	at jetbrains.exodus.newLogConcept.garbageCollector.OperationLogGarbageCollector.moveAndRemoveRecordsFromLog(OperationLogGarbageCollector.java:69)
	at jetbrains.exodus.newLogConcept.garbageCollector.OperationLogGarbageCollector.clean(OperationLogGarbageCollector.java:51)
	at jetbrains.exodus.newLogConcept.MVCC.MVCCDataStructure.lambda$commitTransaction$1(MVCCDataStructure.java:297)
	at java.base/java.util.concurrent.Executors$RunnableAdapter.call(Executors.java:515)
	at java.base/java.util.concurrent.FutureTask.run(FutureTask.java:264)
	at java.base/java.util.concurrent.ThreadPoolExecutor.runWorker(ThreadPoolExecutor.java:1128)
	at java.base/java.util.concurrent.ThreadPoolExecutor$Worker.run(ThreadPoolExecutor.java:628)
	... 1 more
java.util.concurrent.ExecutionException: jetbrains.exodus.ExodusException
	at java.base/java.util.concurrent.FutureTask.report(FutureTask.java:122)
	at java.base/java.util.concurrent.FutureTask.get(FutureTask.java:191)
	at jetbrains.exodus.newLogConcept.MVCC.MVCCDataStructure.commitTransaction(MVCCDataStructure.java:299)
	at site.ycsb.db.XodusClient.insert(XodusClient.java:60)
	at site.ycsb.DBWrapper.insert(DBWrapper.java:227)
	at site.ycsb.workloads.CoreWorkload.doInsert(CoreWorkload.java:621)
	at site.ycsb.ClientThread.run(ClientThread.java:135)
	at java.base/java.lang.Thread.run(Thread.java:829)
Caused by: jetbrains.exodus.ExodusException
	at jetbrains.exodus.newLogConcept.garbageCollector.OperationLogGarbageCollector.moveAndRemoveRecordsFromLog(OperationLogGarbageCollector.java:69)
	at jetbrains.exodus.newLogConcept.garbageCollector.OperationLogGarbageCollector.clean(OperationLogGarbageCollector.java:51)
	at jetbrains.exodus.newLogConcept.MVCC.MVCCDataStructure.lambda$commitTransaction$1(MVCCDataStructure.java:297)
	at java.base/java.util.concurrent.Executors$RunnableAdapter.call(Executors.java:515)
	at java.base/java.util.concurrent.FutureTask.run(FutureTask.java:264)
	at java.base/java.util.concurrent.ThreadPoolExecutor.runWorker(ThreadPoolExecutor.java:1128)
	at java.base/java.util.concurrent.ThreadPoolExecutor$Worker.run(ThreadPoolExecutor.java:628)
	... 1 more
java.util.concurrent.ExecutionException: jetbrains.exodus.ExodusException
	at java.base/java.util.concurrent.FutureTask.report(FutureTask.java:122)
	at java.base/java.util.concurrent.FutureTask.get(FutureTask.java:191)
	at jetbrains.exodus.newLogConcept.MVCC.MVCCDataStructure.commitTransaction(MVCCDataStructure.java:299)
	at site.ycsb.db.XodusClient.insert(XodusClient.java:60)
	at site.ycsb.DBWrapper.insert(DBWrapper.java:227)
	at site.ycsb.workloads.CoreWorkload.doInsert(CoreWorkload.java:621)
	at site.ycsb.ClientThread.run(ClientThread.java:135)
	at java.base/java.lang.Thread.run(Thread.java:829)
Caused by: jetbrains.exodus.ExodusException
	at jetbrains.exodus.newLogConcept.garbageCollector.OperationLogGarbageCollector.moveAndRemoveRecordsFromLog(OperationLogGarbageCollector.java:69)
	at jetbrains.exodus.newLogConcept.garbageCollector.OperationLogGarbageCollector.clean(OperationLogGarbageCollector.java:51)
	at jetbrains.exodus.newLogConcept.MVCC.MVCCDataStructure.lambda$commitTransaction$1(MVCCDataStructure.java:297)
	at java.base/java.util.concurrent.Executors$RunnableAdapter.call(Executors.java:515)
	at java.base/java.util.concurrent.FutureTask.run(FutureTask.java:264)
	at java.base/java.util.concurrent.ThreadPoolExecutor.runWorker(ThreadPoolExecutor.java:1128)
	at java.base/java.util.concurrent.ThreadPoolExecutor$Worker.run(ThreadPoolExecutor.java:628)
	... 1 more
java.util.concurrent.ExecutionException: jetbrains.exodus.ExodusException
	at java.base/java.util.concurrent.FutureTask.report(FutureTask.java:122)
	at java.base/java.util.concurrent.FutureTask.get(FutureTask.java:191)
	at jetbrains.exodus.newLogConcept.MVCC.MVCCDataStructure.commitTransaction(MVCCDataStructure.java:299)
	at site.ycsb.db.XodusClient.insert(XodusClient.java:60)
	at site.ycsb.DBWrapper.insert(DBWrapper.java:227)
	at site.ycsb.workloads.CoreWorkload.doInsert(CoreWorkload.java:621)
	at site.ycsb.ClientThread.run(ClientThread.java:135)
	at java.base/java.lang.Thread.run(Thread.java:829)
Caused by: jetbrains.exodus.ExodusException
	at jetbrains.exodus.newLogConcept.garbageCollector.OperationLogGarbageCollector.moveAndRemoveRecordsFromLog(OperationLogGarbageCollector.java:69)
	at jetbrains.exodus.newLogConcept.garbageCollector.OperationLogGarbageCollector.clean(OperationLogGarbageCollector.java:51)
	at jetbrains.exodus.newLogConcept.MVCC.MVCCDataStructure.lambda$commitTransaction$1(MVCCDataStructure.java:297)
	at java.base/java.util.concurrent.Executors$RunnableAdapter.call(Executors.java:515)
	at java.base/java.util.concurrent.FutureTask.run(FutureTask.java:264)
	at java.base/java.util.concurrent.ThreadPoolExecutor.runWorker(ThreadPoolExecutor.java:1128)
	at java.base/java.util.concurrent.ThreadPoolExecutor$Worker.run(ThreadPoolExecutor.java:628)
	... 1 more
java.util.concurrent.ExecutionException: jetbrains.exodus.ExodusException
	at java.base/java.util.concurrent.FutureTask.report(FutureTask.java:122)
	at java.base/java.util.concurrent.FutureTask.get(FutureTask.java:191)
	at jetbrains.exodus.newLogConcept.MVCC.MVCCDataStructure.commitTransaction(MVCCDataStructure.java:299)
	at site.ycsb.db.XodusClient.insert(XodusClient.java:60)
	at site.ycsb.DBWrapper.insert(DBWrapper.java:227)
	at site.ycsb.workloads.CoreWorkload.doInsert(CoreWorkload.java:621)
	at site.ycsb.ClientThread.run(ClientThread.java:135)
	at java.base/java.lang.Thread.run(Thread.java:829)
Caused by: jetbrains.exodus.ExodusException
	at jetbrains.exodus.newLogConcept.garbageCollector.OperationLogGarbageCollector.moveAndRemoveRecordsFromLog(OperationLogGarbageCollector.java:69)
	at jetbrains.exodus.newLogConcept.garbageCollector.OperationLogGarbageCollector.clean(OperationLogGarbageCollector.java:51)
	at jetbrains.exodus.newLogConcept.MVCC.MVCCDataStructure.lambda$commitTransaction$1(MVCCDataStructure.java:297)
	at java.base/java.util.concurrent.Executors$RunnableAdapter.call(Executors.java:515)
	at java.base/java.util.concurrent.FutureTask.run(FutureTask.java:264)
	at java.base/java.util.concurrent.ThreadPoolExecutor.runWorker(ThreadPoolExecutor.java:1128)
	at java.base/java.util.concurrent.ThreadPoolExecutor$Worker.run(ThreadPoolExecutor.java:628)
	... 1 more
java.util.concurrent.ExecutionException: jetbrains.exodus.ExodusException
	at java.base/java.util.concurrent.FutureTask.report(FutureTask.java:122)
	at java.base/java.util.concurrent.FutureTask.get(FutureTask.java:191)
	at jetbrains.exodus.newLogConcept.MVCC.MVCCDataStructure.commitTransaction(MVCCDataStructure.java:299)
	at site.ycsb.db.XodusClient.insert(XodusClient.java:60)
	at site.ycsb.DBWrapper.insert(DBWrapper.java:227)
	at site.ycsb.workloads.CoreWorkload.doInsert(CoreWorkload.java:621)
	at site.ycsb.ClientThread.run(ClientThread.java:135)
	at java.base/java.lang.Thread.run(Thread.java:829)
Caused by: jetbrains.exodus.ExodusException
	at jetbrains.exodus.newLogConcept.garbageCollector.OperationLogGarbageCollector.moveAndRemoveRecordsFromLog(OperationLogGarbageCollector.java:69)
	at jetbrains.exodus.newLogConcept.garbageCollector.OperationLogGarbageCollector.clean(OperationLogGarbageCollector.java:51)
	at jetbrains.exodus.newLogConcept.MVCC.MVCCDataStructure.lambda$commitTransaction$1(MVCCDataStructure.java:297)
	at java.base/java.util.concurrent.Executors$RunnableAdapter.call(Executors.java:515)
	at java.base/java.util.concurrent.FutureTask.run(FutureTask.java:264)
	at java.base/java.util.concurrent.ThreadPoolExecutor.runWorker(ThreadPoolExecutor.java:1128)
	at java.base/java.util.concurrent.ThreadPoolExecutor$Worker.run(ThreadPoolExecutor.java:628)
	... 1 more
java.util.concurrent.ExecutionException: jetbrains.exodus.ExodusException
	at java.base/java.util.concurrent.FutureTask.report(FutureTask.java:122)
	at java.base/java.util.concurrent.FutureTask.get(FutureTask.java:191)
	at jetbrains.exodus.newLogConcept.MVCC.MVCCDataStructure.commitTransaction(MVCCDataStructure.java:299)
	at site.ycsb.db.XodusClient.insert(XodusClient.java:60)
	at site.ycsb.DBWrapper.insert(DBWrapper.java:227)
	at site.ycsb.workloads.CoreWorkload.doInsert(CoreWorkload.java:621)
	at site.ycsb.ClientThread.run(ClientThread.java:135)
	at java.base/java.lang.Thread.run(Thread.java:829)
Caused by: jetbrains.exodus.ExodusException
	at jetbrains.exodus.newLogConcept.garbageCollector.OperationLogGarbageCollector.moveAndRemoveRecordsFromLog(OperationLogGarbageCollector.java:69)
	at jetbrains.exodus.newLogConcept.garbageCollector.OperationLogGarbageCollector.clean(OperationLogGarbageCollector.java:51)
	at jetbrains.exodus.newLogConcept.MVCC.MVCCDataStructure.lambda$commitTransaction$1(MVCCDataStructure.java:297)
	at java.base/java.util.concurrent.Executors$RunnableAdapter.call(Executors.java:515)
	at java.base/java.util.concurrent.FutureTask.run(FutureTask.java:264)
	at java.base/java.util.concurrent.ThreadPoolExecutor.runWorker(ThreadPoolExecutor.java:1128)
	at java.base/java.util.concurrent.ThreadPoolExecutor$Worker.run(ThreadPoolExecutor.java:628)
	... 1 more
java.util.concurrent.ExecutionException: jetbrains.exodus.ExodusException
	at java.base/java.util.concurrent.FutureTask.report(FutureTask.java:122)
	at java.base/java.util.concurrent.FutureTask.get(FutureTask.java:191)
	at jetbrains.exodus.newLogConcept.MVCC.MVCCDataStructure.commitTransaction(MVCCDataStructure.java:299)
	at site.ycsb.db.XodusClient.insert(XodusClient.java:60)
	at site.ycsb.DBWrapper.insert(DBWrapper.java:227)
	at site.ycsb.workloads.CoreWorkload.doInsert(CoreWorkload.java:621)
	at site.ycsb.ClientThread.run(ClientThread.java:135)
	at java.base/java.lang.Thread.run(Thread.java:829)
Caused by: jetbrains.exodus.ExodusException
	at jetbrains.exodus.newLogConcept.garbageCollector.OperationLogGarbageCollector.moveAndRemoveRecordsFromLog(OperationLogGarbageCollector.java:69)
	at jetbrains.exodus.newLogConcept.garbageCollector.OperationLogGarbageCollector.clean(OperationLogGarbageCollector.java:51)
	at jetbrains.exodus.newLogConcept.MVCC.MVCCDataStructure.lambda$commitTransaction$1(MVCCDataStructure.java:297)
	at java.base/java.util.concurrent.Executors$RunnableAdapter.call(Executors.java:515)
	at java.base/java.util.concurrent.FutureTask.run(FutureTask.java:264)
	at java.base/java.util.concurrent.ThreadPoolExecutor.runWorker(ThreadPoolExecutor.java:1128)
	at java.base/java.util.concurrent.ThreadPoolExecutor$Worker.run(ThreadPoolExecutor.java:628)
	... 1 more
java.util.concurrent.ExecutionException: jetbrains.exodus.ExodusException
	at java.base/java.util.concurrent.FutureTask.report(FutureTask.java:122)
	at java.base/java.util.concurrent.FutureTask.get(FutureTask.java:191)
	at jetbrains.exodus.newLogConcept.MVCC.MVCCDataStructure.commitTransaction(MVCCDataStructure.java:299)
	at site.ycsb.db.XodusClient.insert(XodusClient.java:60)
	at site.ycsb.DBWrapper.insert(DBWrapper.java:227)
	at site.ycsb.workloads.CoreWorkload.doInsert(CoreWorkload.java:621)
	at site.ycsb.ClientThread.run(ClientThread.java:135)
	at java.base/java.lang.Thread.run(Thread.java:829)
Caused by: jetbrains.exodus.ExodusException
	at jetbrains.exodus.newLogConcept.garbageCollector.OperationLogGarbageCollector.moveAndRemoveRecordsFromLog(OperationLogGarbageCollector.java:69)
	at jetbrains.exodus.newLogConcept.garbageCollector.OperationLogGarbageCollector.clean(OperationLogGarbageCollector.java:51)
	at jetbrains.exodus.newLogConcept.MVCC.MVCCDataStructure.lambda$commitTransaction$1(MVCCDataStructure.java:297)
	at java.base/java.util.concurrent.Executors$RunnableAdapter.call(Executors.java:515)
	at java.base/java.util.concurrent.FutureTask.run(FutureTask.java:264)
	at java.base/java.util.concurrent.ThreadPoolExecutor.runWorker(ThreadPoolExecutor.java:1128)
	at java.base/java.util.concurrent.ThreadPoolExecutor$Worker.run(ThreadPoolExecutor.java:628)
	... 1 more
java.util.concurrent.ExecutionException: jetbrains.exodus.ExodusException
	at java.base/java.util.concurrent.FutureTask.report(FutureTask.java:122)
	at java.base/java.util.concurrent.FutureTask.get(FutureTask.java:191)
	at jetbrains.exodus.newLogConcept.MVCC.MVCCDataStructure.commitTransaction(MVCCDataStructure.java:299)
	at site.ycsb.db.XodusClient.insert(XodusClient.java:60)
	at site.ycsb.DBWrapper.insert(DBWrapper.java:227)
	at site.ycsb.workloads.CoreWorkload.doInsert(CoreWorkload.java:621)
	at site.ycsb.ClientThread.run(ClientThread.java:135)
	at java.base/java.lang.Thread.run(Thread.java:829)
Caused by: jetbrains.exodus.ExodusException
	at jetbrains.exodus.newLogConcept.garbageCollector.OperationLogGarbageCollector.moveAndRemoveRecordsFromLog(OperationLogGarbageCollector.java:69)
	at jetbrains.exodus.newLogConcept.garbageCollector.OperationLogGarbageCollector.clean(OperationLogGarbageCollector.java:51)
	at jetbrains.exodus.newLogConcept.MVCC.MVCCDataStructure.lambda$commitTransaction$1(MVCCDataStructure.java:297)
	at java.base/java.util.concurrent.Executors$RunnableAdapter.call(Executors.java:515)
	at java.base/java.util.concurrent.FutureTask.run(FutureTask.java:264)
	at java.base/java.util.concurrent.ThreadPoolExecutor.runWorker(ThreadPoolExecutor.java:1128)
	at java.base/java.util.concurrent.ThreadPoolExecutor$Worker.run(ThreadPoolExecutor.java:628)
	... 1 more
java.util.concurrent.ExecutionException: jetbrains.exodus.ExodusException
	at java.base/java.util.concurrent.FutureTask.report(FutureTask.java:122)
	at java.base/java.util.concurrent.FutureTask.get(FutureTask.java:191)
	at jetbrains.exodus.newLogConcept.MVCC.MVCCDataStructure.commitTransaction(MVCCDataStructure.java:299)
	at site.ycsb.db.XodusClient.insert(XodusClient.java:60)
	at site.ycsb.DBWrapper.insert(DBWrapper.java:227)
	at site.ycsb.workloads.CoreWorkload.doInsert(CoreWorkload.java:621)
	at site.ycsb.ClientThread.run(ClientThread.java:135)
	at java.base/java.lang.Thread.run(Thread.java:829)
Caused by: jetbrains.exodus.ExodusException
	at jetbrains.exodus.newLogConcept.garbageCollector.OperationLogGarbageCollector.moveAndRemoveRecordsFromLog(OperationLogGarbageCollector.java:69)
	at jetbrains.exodus.newLogConcept.garbageCollector.OperationLogGarbageCollector.clean(OperationLogGarbageCollector.java:51)
	at jetbrains.exodus.newLogConcept.MVCC.MVCCDataStructure.lambda$commitTransaction$1(MVCCDataStructure.java:297)
	at java.base/java.util.concurrent.Executors$RunnableAdapter.call(Executors.java:515)
	at java.base/java.util.concurrent.FutureTask.run(FutureTask.java:264)
	at java.base/java.util.concurrent.ThreadPoolExecutor.runWorker(ThreadPoolExecutor.java:1128)
	at java.base/java.util.concurrent.ThreadPoolExecutor$Worker.run(ThreadPoolExecutor.java:628)
	... 1 more
java.util.concurrent.ExecutionException: jetbrains.exodus.ExodusException
	at java.base/java.util.concurrent.FutureTask.report(FutureTask.java:122)
	at java.base/java.util.concurrent.FutureTask.get(FutureTask.java:191)
	at jetbrains.exodus.newLogConcept.MVCC.MVCCDataStructure.commitTransaction(MVCCDataStructure.java:299)
	at site.ycsb.db.XodusClient.insert(XodusClient.java:60)
	at site.ycsb.DBWrapper.insert(DBWrapper.java:227)
	at site.ycsb.workloads.CoreWorkload.doInsert(CoreWorkload.java:621)
	at site.ycsb.ClientThread.run(ClientThread.java:135)
	at java.base/java.lang.Thread.run(Thread.java:829)
Caused by: jetbrains.exodus.ExodusException
	at jetbrains.exodus.newLogConcept.garbageCollector.OperationLogGarbageCollector.moveAndRemoveRecordsFromLog(OperationLogGarbageCollector.java:69)
	at jetbrains.exodus.newLogConcept.garbageCollector.OperationLogGarbageCollector.clean(OperationLogGarbageCollector.java:51)
	at jetbrains.exodus.newLogConcept.MVCC.MVCCDataStructure.lambda$commitTransaction$1(MVCCDataStructure.java:297)
	at java.base/java.util.concurrent.Executors$RunnableAdapter.call(Executors.java:515)
	at java.base/java.util.concurrent.FutureTask.run(FutureTask.java:264)
	at java.base/java.util.concurrent.ThreadPoolExecutor.runWorker(ThreadPoolExecutor.java:1128)
	at java.base/java.util.concurrent.ThreadPoolExecutor$Worker.run(ThreadPoolExecutor.java:628)
	... 1 more
java.util.concurrent.ExecutionException: jetbrains.exodus.ExodusException
	at java.base/java.util.concurrent.FutureTask.report(FutureTask.java:122)
	at java.base/java.util.concurrent.FutureTask.get(FutureTask.java:191)
	at jetbrains.exodus.newLogConcept.MVCC.MVCCDataStructure.commitTransaction(MVCCDataStructure.java:299)
	at site.ycsb.db.XodusClient.insert(XodusClient.java:60)
	at site.ycsb.DBWrapper.insert(DBWrapper.java:227)
	at site.ycsb.workloads.CoreWorkload.doInsert(CoreWorkload.java:621)
	at site.ycsb.ClientThread.run(ClientThread.java:135)
	at java.base/java.lang.Thread.run(Thread.java:829)
Caused by: jetbrains.exodus.ExodusException
	at jetbrains.exodus.newLogConcept.garbageCollector.OperationLogGarbageCollector.moveAndRemoveRecordsFromLog(OperationLogGarbageCollector.java:69)
	at jetbrains.exodus.newLogConcept.garbageCollector.OperationLogGarbageCollector.clean(OperationLogGarbageCollector.java:51)
	at jetbrains.exodus.newLogConcept.MVCC.MVCCDataStructure.lambda$commitTransaction$1(MVCCDataStructure.java:297)
	at java.base/java.util.concurrent.Executors$RunnableAdapter.call(Executors.java:515)
	at java.base/java.util.concurrent.FutureTask.run(FutureTask.java:264)
	at java.base/java.util.concurrent.ThreadPoolExecutor.runWorker(ThreadPoolExecutor.java:1128)
	at java.base/java.util.concurrent.ThreadPoolExecutor$Worker.run(ThreadPoolExecutor.java:628)
	... 1 more
java.util.concurrent.ExecutionException: jetbrains.exodus.ExodusException
	at java.base/java.util.concurrent.FutureTask.report(FutureTask.java:122)
	at java.base/java.util.concurrent.FutureTask.get(FutureTask.java:191)
	at jetbrains.exodus.newLogConcept.MVCC.MVCCDataStructure.commitTransaction(MVCCDataStructure.java:299)
	at site.ycsb.db.XodusClient.insert(XodusClient.java:60)
	at site.ycsb.DBWrapper.insert(DBWrapper.java:227)
	at site.ycsb.workloads.CoreWorkload.doInsert(CoreWorkload.java:621)
	at site.ycsb.ClientThread.run(ClientThread.java:135)
	at java.base/java.lang.Thread.run(Thread.java:829)
Caused by: jetbrains.exodus.ExodusException
	at jetbrains.exodus.newLogConcept.garbageCollector.OperationLogGarbageCollector.moveAndRemoveRecordsFromLog(OperationLogGarbageCollector.java:69)
	at jetbrains.exodus.newLogConcept.garbageCollector.OperationLogGarbageCollector.clean(OperationLogGarbageCollector.java:51)
	at jetbrains.exodus.newLogConcept.MVCC.MVCCDataStructure.lambda$commitTransaction$1(MVCCDataStructure.java:297)
	at java.base/java.util.concurrent.Executors$RunnableAdapter.call(Executors.java:515)
	at java.base/java.util.concurrent.FutureTask.run(FutureTask.java:264)
	at java.base/java.util.concurrent.ThreadPoolExecutor.runWorker(ThreadPoolExecutor.java:1128)
	at java.base/java.util.concurrent.ThreadPoolExecutor$Worker.run(ThreadPoolExecutor.java:628)
	... 1 more
java.util.concurrent.ExecutionException: jetbrains.exodus.ExodusException
	at java.base/java.util.concurrent.FutureTask.report(FutureTask.java:122)
	at java.base/java.util.concurrent.FutureTask.get(FutureTask.java:191)
	at jetbrains.exodus.newLogConcept.MVCC.MVCCDataStructure.commitTransaction(MVCCDataStructure.java:299)
	at site.ycsb.db.XodusClient.insert(XodusClient.java:60)
	at site.ycsb.DBWrapper.insert(DBWrapper.java:227)
	at site.ycsb.workloads.CoreWorkload.doInsert(CoreWorkload.java:621)
	at site.ycsb.ClientThread.run(ClientThread.java:135)
	at java.base/java.lang.Thread.run(Thread.java:829)
Caused by: jetbrains.exodus.ExodusException
	at jetbrains.exodus.newLogConcept.garbageCollector.OperationLogGarbageCollector.moveAndRemoveRecordsFromLog(OperationLogGarbageCollector.java:69)
	at jetbrains.exodus.newLogConcept.garbageCollector.OperationLogGarbageCollector.clean(OperationLogGarbageCollector.java:51)
	at jetbrains.exodus.newLogConcept.MVCC.MVCCDataStructure.lambda$commitTransaction$1(MVCCDataStructure.java:297)
	at java.base/java.util.concurrent.Executors$RunnableAdapter.call(Executors.java:515)
	at java.base/java.util.concurrent.FutureTask.run(FutureTask.java:264)
	at java.base/java.util.concurrent.ThreadPoolExecutor.runWorker(ThreadPoolExecutor.java:1128)
	at java.base/java.util.concurrent.ThreadPoolExecutor$Worker.run(ThreadPoolExecutor.java:628)
	... 1 more
java.util.concurrent.ExecutionException: jetbrains.exodus.ExodusException
	at java.base/java.util.concurrent.FutureTask.report(FutureTask.java:122)
	at java.base/java.util.concurrent.FutureTask.get(FutureTask.java:191)
	at jetbrains.exodus.newLogConcept.MVCC.MVCCDataStructure.commitTransaction(MVCCDataStructure.java:299)
	at site.ycsb.db.XodusClient.insert(XodusClient.java:60)
	at site.ycsb.DBWrapper.insert(DBWrapper.java:227)
	at site.ycsb.workloads.CoreWorkload.doInsert(CoreWorkload.java:621)
	at site.ycsb.ClientThread.run(ClientThread.java:135)
	at java.base/java.lang.Thread.run(Thread.java:829)
Caused by: jetbrains.exodus.ExodusException
	at jetbrains.exodus.newLogConcept.garbageCollector.OperationLogGarbageCollector.moveAndRemoveRecordsFromLog(OperationLogGarbageCollector.java:69)
	at jetbrains.exodus.newLogConcept.garbageCollector.OperationLogGarbageCollector.clean(OperationLogGarbageCollector.java:51)
	at jetbrains.exodus.newLogConcept.MVCC.MVCCDataStructure.lambda$commitTransaction$1(MVCCDataStructure.java:297)
	at java.base/java.util.concurrent.Executors$RunnableAdapter.call(Executors.java:515)
	at java.base/java.util.concurrent.FutureTask.run(FutureTask.java:264)
	at java.base/java.util.concurrent.ThreadPoolExecutor.runWorker(ThreadPoolExecutor.java:1128)
	at java.base/java.util.concurrent.ThreadPoolExecutor$Worker.run(ThreadPoolExecutor.java:628)
	... 1 more
java.util.concurrent.ExecutionException: jetbrains.exodus.ExodusException
	at java.base/java.util.concurrent.FutureTask.report(FutureTask.java:122)
	at java.base/java.util.concurrent.FutureTask.get(FutureTask.java:191)
	at jetbrains.exodus.newLogConcept.MVCC.MVCCDataStructure.commitTransaction(MVCCDataStructure.java:299)
	at site.ycsb.db.XodusClient.insert(XodusClient.java:60)
	at site.ycsb.DBWrapper.insert(DBWrapper.java:227)
	at site.ycsb.workloads.CoreWorkload.doInsert(CoreWorkload.java:621)
	at site.ycsb.ClientThread.run(ClientThread.java:135)
	at java.base/java.lang.Thread.run(Thread.java:829)
Caused by: jetbrains.exodus.ExodusException
	at jetbrains.exodus.newLogConcept.garbageCollector.OperationLogGarbageCollector.moveAndRemoveRecordsFromLog(OperationLogGarbageCollector.java:69)
	at jetbrains.exodus.newLogConcept.garbageCollector.OperationLogGarbageCollector.clean(OperationLogGarbageCollector.java:51)
	at jetbrains.exodus.newLogConcept.MVCC.MVCCDataStructure.lambda$commitTransaction$1(MVCCDataStructure.java:297)
	at java.base/java.util.concurrent.Executors$RunnableAdapter.call(Executors.java:515)
	at java.base/java.util.concurrent.FutureTask.run(FutureTask.java:264)
	at java.base/java.util.concurrent.ThreadPoolExecutor.runWorker(ThreadPoolExecutor.java:1128)
	at java.base/java.util.concurrent.ThreadPoolExecutor$Worker.run(ThreadPoolExecutor.java:628)
	... 1 more
java.util.concurrent.ExecutionException: jetbrains.exodus.ExodusException
	at java.base/java.util.concurrent.FutureTask.report(FutureTask.java:122)
	at java.base/java.util.concurrent.FutureTask.get(FutureTask.java:191)
	at jetbrains.exodus.newLogConcept.MVCC.MVCCDataStructure.commitTransaction(MVCCDataStructure.java:299)
	at site.ycsb.db.XodusClient.insert(XodusClient.java:60)
	at site.ycsb.DBWrapper.insert(DBWrapper.java:227)
	at site.ycsb.workloads.CoreWorkload.doInsert(CoreWorkload.java:621)
	at site.ycsb.ClientThread.run(ClientThread.java:135)
	at java.base/java.lang.Thread.run(Thread.java:829)
Caused by: jetbrains.exodus.ExodusException
	at jetbrains.exodus.newLogConcept.garbageCollector.OperationLogGarbageCollector.moveAndRemoveRecordsFromLog(OperationLogGarbageCollector.java:69)
	at jetbrains.exodus.newLogConcept.garbageCollector.OperationLogGarbageCollector.clean(OperationLogGarbageCollector.java:51)
	at jetbrains.exodus.newLogConcept.MVCC.MVCCDataStructure.lambda$commitTransaction$1(MVCCDataStructure.java:297)
	at java.base/java.util.concurrent.Executors$RunnableAdapter.call(Executors.java:515)
	at java.base/java.util.concurrent.FutureTask.run(FutureTask.java:264)
	at java.base/java.util.concurrent.ThreadPoolExecutor.runWorker(ThreadPoolExecutor.java:1128)
	at java.base/java.util.concurrent.ThreadPoolExecutor$Worker.run(ThreadPoolExecutor.java:628)
	... 1 more
java.util.concurrent.ExecutionException: jetbrains.exodus.ExodusException
	at java.base/java.util.concurrent.FutureTask.report(FutureTask.java:122)
	at java.base/java.util.concurrent.FutureTask.get(FutureTask.java:191)
	at jetbrains.exodus.newLogConcept.MVCC.MVCCDataStructure.commitTransaction(MVCCDataStructure.java:299)
	at site.ycsb.db.XodusClient.insert(XodusClient.java:60)
	at site.ycsb.DBWrapper.insert(DBWrapper.java:227)
	at site.ycsb.workloads.CoreWorkload.doInsert(CoreWorkload.java:621)
	at site.ycsb.ClientThread.run(ClientThread.java:135)
	at java.base/java.lang.Thread.run(Thread.java:829)
Caused by: jetbrains.exodus.ExodusException
	at jetbrains.exodus.newLogConcept.garbageCollector.OperationLogGarbageCollector.moveAndRemoveRecordsFromLog(OperationLogGarbageCollector.java:69)
	at jetbrains.exodus.newLogConcept.garbageCollector.OperationLogGarbageCollector.clean(OperationLogGarbageCollector.java:51)
	at jetbrains.exodus.newLogConcept.MVCC.MVCCDataStructure.lambda$commitTransaction$1(MVCCDataStructure.java:297)
	at java.base/java.util.concurrent.Executors$RunnableAdapter.call(Executors.java:515)
	at java.base/java.util.concurrent.FutureTask.run(FutureTask.java:264)
	at java.base/java.util.concurrent.ThreadPoolExecutor.runWorker(ThreadPoolExecutor.java:1128)
	at java.base/java.util.concurrent.ThreadPoolExecutor$Worker.run(ThreadPoolExecutor.java:628)
	... 1 more
java.util.concurrent.ExecutionException: jetbrains.exodus.ExodusException
	at java.base/java.util.concurrent.FutureTask.report(FutureTask.java:122)
	at java.base/java.util.concurrent.FutureTask.get(FutureTask.java:191)
	at jetbrains.exodus.newLogConcept.MVCC.MVCCDataStructure.commitTransaction(MVCCDataStructure.java:299)
	at site.ycsb.db.XodusClient.insert(XodusClient.java:60)
	at site.ycsb.DBWrapper.insert(DBWrapper.java:227)
	at site.ycsb.workloads.CoreWorkload.doInsert(CoreWorkload.java:621)
	at site.ycsb.ClientThread.run(ClientThread.java:135)
	at java.base/java.lang.Thread.run(Thread.java:829)
Caused by: jetbrains.exodus.ExodusException
	at jetbrains.exodus.newLogConcept.garbageCollector.OperationLogGarbageCollector.moveAndRemoveRecordsFromLog(OperationLogGarbageCollector.java:69)
	at jetbrains.exodus.newLogConcept.garbageCollector.OperationLogGarbageCollector.clean(OperationLogGarbageCollector.java:51)
	at jetbrains.exodus.newLogConcept.MVCC.MVCCDataStructure.lambda$commitTransaction$1(MVCCDataStructure.java:297)
	at java.base/java.util.concurrent.Executors$RunnableAdapter.call(Executors.java:515)
	at java.base/java.util.concurrent.FutureTask.run(FutureTask.java:264)
	at java.base/java.util.concurrent.ThreadPoolExecutor.runWorker(ThreadPoolExecutor.java:1128)
	at java.base/java.util.concurrent.ThreadPoolExecutor$Worker.run(ThreadPoolExecutor.java:628)
	... 1 more
java.util.concurrent.ExecutionException: jetbrains.exodus.ExodusException
	at java.base/java.util.concurrent.FutureTask.report(FutureTask.java:122)
	at java.base/java.util.concurrent.FutureTask.get(FutureTask.java:191)
	at jetbrains.exodus.newLogConcept.MVCC.MVCCDataStructure.commitTransaction(MVCCDataStructure.java:299)
	at site.ycsb.db.XodusClient.insert(XodusClient.java:60)
	at site.ycsb.DBWrapper.insert(DBWrapper.java:227)
	at site.ycsb.workloads.CoreWorkload.doInsert(CoreWorkload.java:621)
	at site.ycsb.ClientThread.run(ClientThread.java:135)
	at java.base/java.lang.Thread.run(Thread.java:829)
Caused by: jetbrains.exodus.ExodusException
	at jetbrains.exodus.newLogConcept.garbageCollector.OperationLogGarbageCollector.moveAndRemoveRecordsFromLog(OperationLogGarbageCollector.java:69)
	at jetbrains.exodus.newLogConcept.garbageCollector.OperationLogGarbageCollector.clean(OperationLogGarbageCollector.java:51)
	at jetbrains.exodus.newLogConcept.MVCC.MVCCDataStructure.lambda$commitTransaction$1(MVCCDataStructure.java:297)
	at java.base/java.util.concurrent.Executors$RunnableAdapter.call(Executors.java:515)
	at java.base/java.util.concurrent.FutureTask.run(FutureTask.java:264)
	at java.base/java.util.concurrent.ThreadPoolExecutor.runWorker(ThreadPoolExecutor.java:1128)
	at java.base/java.util.concurrent.ThreadPoolExecutor$Worker.run(ThreadPoolExecutor.java:628)
	... 1 more
java.util.concurrent.ExecutionException: jetbrains.exodus.ExodusException
	at java.base/java.util.concurrent.FutureTask.report(FutureTask.java:122)
	at java.base/java.util.concurrent.FutureTask.get(FutureTask.java:191)
	at jetbrains.exodus.newLogConcept.MVCC.MVCCDataStructure.commitTransaction(MVCCDataStructure.java:299)
	at site.ycsb.db.XodusClient.insert(XodusClient.java:60)
	at site.ycsb.DBWrapper.insert(DBWrapper.java:227)
	at site.ycsb.workloads.CoreWorkload.doInsert(CoreWorkload.java:621)
	at site.ycsb.ClientThread.run(ClientThread.java:135)
	at java.base/java.lang.Thread.run(Thread.java:829)
Caused by: jetbrains.exodus.ExodusException
	at jetbrains.exodus.newLogConcept.garbageCollector.OperationLogGarbageCollector.moveAndRemoveRecordsFromLog(OperationLogGarbageCollector.java:69)
	at jetbrains.exodus.newLogConcept.garbageCollector.OperationLogGarbageCollector.clean(OperationLogGarbageCollector.java:51)
	at jetbrains.exodus.newLogConcept.MVCC.MVCCDataStructure.lambda$commitTransaction$1(MVCCDataStructure.java:297)
	at java.base/java.util.concurrent.Executors$RunnableAdapter.call(Executors.java:515)
	at java.base/java.util.concurrent.FutureTask.run(FutureTask.java:264)
	at java.base/java.util.concurrent.ThreadPoolExecutor.runWorker(ThreadPoolExecutor.java:1128)
	at java.base/java.util.concurrent.ThreadPoolExecutor$Worker.run(ThreadPoolExecutor.java:628)
	... 1 more
java.util.concurrent.ExecutionException: jetbrains.exodus.ExodusException
	at java.base/java.util.concurrent.FutureTask.report(FutureTask.java:122)
	at java.base/java.util.concurrent.FutureTask.get(FutureTask.java:191)
	at jetbrains.exodus.newLogConcept.MVCC.MVCCDataStructure.commitTransaction(MVCCDataStructure.java:299)
	at site.ycsb.db.XodusClient.insert(XodusClient.java:60)
	at site.ycsb.DBWrapper.insert(DBWrapper.java:227)
	at site.ycsb.workloads.CoreWorkload.doInsert(CoreWorkload.java:621)
	at site.ycsb.ClientThread.run(ClientThread.java:135)
	at java.base/java.lang.Thread.run(Thread.java:829)
Caused by: jetbrains.exodus.ExodusException
	at jetbrains.exodus.newLogConcept.garbageCollector.OperationLogGarbageCollector.moveAndRemoveRecordsFromLog(OperationLogGarbageCollector.java:69)
	at jetbrains.exodus.newLogConcept.garbageCollector.OperationLogGarbageCollector.clean(OperationLogGarbageCollector.java:51)
	at jetbrains.exodus.newLogConcept.MVCC.MVCCDataStructure.lambda$commitTransaction$1(MVCCDataStructure.java:297)
	at java.base/java.util.concurrent.Executors$RunnableAdapter.call(Executors.java:515)
	at java.base/java.util.concurrent.FutureTask.run(FutureTask.java:264)
	at java.base/java.util.concurrent.ThreadPoolExecutor.runWorker(ThreadPoolExecutor.java:1128)
	at java.base/java.util.concurrent.ThreadPoolExecutor$Worker.run(ThreadPoolExecutor.java:628)
	... 1 more
java.util.concurrent.ExecutionException: jetbrains.exodus.ExodusException
	at java.base/java.util.concurrent.FutureTask.report(FutureTask.java:122)
	at java.base/java.util.concurrent.FutureTask.get(FutureTask.java:191)
	at jetbrains.exodus.newLogConcept.MVCC.MVCCDataStructure.commitTransaction(MVCCDataStructure.java:299)
	at site.ycsb.db.XodusClient.insert(XodusClient.java:60)
	at site.ycsb.DBWrapper.insert(DBWrapper.java:227)
	at site.ycsb.workloads.CoreWorkload.doInsert(CoreWorkload.java:621)
	at site.ycsb.ClientThread.run(ClientThread.java:135)
	at java.base/java.lang.Thread.run(Thread.java:829)
Caused by: jetbrains.exodus.ExodusException
	at jetbrains.exodus.newLogConcept.garbageCollector.OperationLogGarbageCollector.moveAndRemoveRecordsFromLog(OperationLogGarbageCollector.java:69)
	at jetbrains.exodus.newLogConcept.garbageCollector.OperationLogGarbageCollector.clean(OperationLogGarbageCollector.java:51)
	at jetbrains.exodus.newLogConcept.MVCC.MVCCDataStructure.lambda$commitTransaction$1(MVCCDataStructure.java:297)
	at java.base/java.util.concurrent.Executors$RunnableAdapter.call(Executors.java:515)
	at java.base/java.util.concurrent.FutureTask.run(FutureTask.java:264)
	at java.base/java.util.concurrent.ThreadPoolExecutor.runWorker(ThreadPoolExecutor.java:1128)
	at java.base/java.util.concurrent.ThreadPoolExecutor$Worker.run(ThreadPoolExecutor.java:628)
	... 1 more
java.util.concurrent.ExecutionException: jetbrains.exodus.ExodusException
	at java.base/java.util.concurrent.FutureTask.report(FutureTask.java:122)
	at java.base/java.util.concurrent.FutureTask.get(FutureTask.java:191)
	at jetbrains.exodus.newLogConcept.MVCC.MVCCDataStructure.commitTransaction(MVCCDataStructure.java:299)
	at site.ycsb.db.XodusClient.insert(XodusClient.java:60)
	at site.ycsb.DBWrapper.insert(DBWrapper.java:227)
	at site.ycsb.workloads.CoreWorkload.doInsert(CoreWorkload.java:621)
	at site.ycsb.ClientThread.run(ClientThread.java:135)
	at java.base/java.lang.Thread.run(Thread.java:829)
Caused by: jetbrains.exodus.ExodusException
	at jetbrains.exodus.newLogConcept.garbageCollector.OperationLogGarbageCollector.moveAndRemoveRecordsFromLog(OperationLogGarbageCollector.java:69)
	at jetbrains.exodus.newLogConcept.garbageCollector.OperationLogGarbageCollector.clean(OperationLogGarbageCollector.java:51)
	at jetbrains.exodus.newLogConcept.MVCC.MVCCDataStructure.lambda$commitTransaction$1(MVCCDataStructure.java:297)
	at java.base/java.util.concurrent.Executors$RunnableAdapter.call(Executors.java:515)
	at java.base/java.util.concurrent.FutureTask.run(FutureTask.java:264)
	at java.base/java.util.concurrent.ThreadPoolExecutor.runWorker(ThreadPoolExecutor.java:1128)
	at java.base/java.util.concurrent.ThreadPoolExecutor$Worker.run(ThreadPoolExecutor.java:628)
	... 1 more
java.util.concurrent.ExecutionException: jetbrains.exodus.ExodusException
	at java.base/java.util.concurrent.FutureTask.report(FutureTask.java:122)
	at java.base/java.util.concurrent.FutureTask.get(FutureTask.java:191)
	at jetbrains.exodus.newLogConcept.MVCC.MVCCDataStructure.commitTransaction(MVCCDataStructure.java:299)
	at site.ycsb.db.XodusClient.insert(XodusClient.java:60)
	at site.ycsb.DBWrapper.insert(DBWrapper.java:227)
	at site.ycsb.workloads.CoreWorkload.doInsert(CoreWorkload.java:621)
	at site.ycsb.ClientThread.run(ClientThread.java:135)
	at java.base/java.lang.Thread.run(Thread.java:829)
Caused by: jetbrains.exodus.ExodusException
	at jetbrains.exodus.newLogConcept.garbageCollector.OperationLogGarbageCollector.moveAndRemoveRecordsFromLog(OperationLogGarbageCollector.java:69)
	at jetbrains.exodus.newLogConcept.garbageCollector.OperationLogGarbageCollector.clean(OperationLogGarbageCollector.java:51)
	at jetbrains.exodus.newLogConcept.MVCC.MVCCDataStructure.lambda$commitTransaction$1(MVCCDataStructure.java:297)
	at java.base/java.util.concurrent.Executors$RunnableAdapter.call(Executors.java:515)
	at java.base/java.util.concurrent.FutureTask.run(FutureTask.java:264)
	at java.base/java.util.concurrent.ThreadPoolExecutor.runWorker(ThreadPoolExecutor.java:1128)
	at java.base/java.util.concurrent.ThreadPoolExecutor$Worker.run(ThreadPoolExecutor.java:628)
	... 1 more
java.util.concurrent.ExecutionException: jetbrains.exodus.ExodusException
	at java.base/java.util.concurrent.FutureTask.report(FutureTask.java:122)
	at java.base/java.util.concurrent.FutureTask.get(FutureTask.java:191)
	at jetbrains.exodus.newLogConcept.MVCC.MVCCDataStructure.commitTransaction(MVCCDataStructure.java:299)
	at site.ycsb.db.XodusClient.insert(XodusClient.java:60)
	at site.ycsb.DBWrapper.insert(DBWrapper.java:227)
	at site.ycsb.workloads.CoreWorkload.doInsert(CoreWorkload.java:621)
	at site.ycsb.ClientThread.run(ClientThread.java:135)
	at java.base/java.lang.Thread.run(Thread.java:829)
Caused by: jetbrains.exodus.ExodusException
	at jetbrains.exodus.newLogConcept.garbageCollector.OperationLogGarbageCollector.moveAndRemoveRecordsFromLog(OperationLogGarbageCollector.java:69)
	at jetbrains.exodus.newLogConcept.garbageCollector.OperationLogGarbageCollector.clean(OperationLogGarbageCollector.java:51)
	at jetbrains.exodus.newLogConcept.MVCC.MVCCDataStructure.lambda$commitTransaction$1(MVCCDataStructure.java:297)
	at java.base/java.util.concurrent.Executors$RunnableAdapter.call(Executors.java:515)
	at java.base/java.util.concurrent.FutureTask.run(FutureTask.java:264)
	at java.base/java.util.concurrent.ThreadPoolExecutor.runWorker(ThreadPoolExecutor.java:1128)
	at java.base/java.util.concurrent.ThreadPoolExecutor$Worker.run(ThreadPoolExecutor.java:628)
	... 1 more
java.util.concurrent.ExecutionException: jetbrains.exodus.ExodusException
	at java.base/java.util.concurrent.FutureTask.report(FutureTask.java:122)
	at java.base/java.util.concurrent.FutureTask.get(FutureTask.java:191)
	at jetbrains.exodus.newLogConcept.MVCC.MVCCDataStructure.commitTransaction(MVCCDataStructure.java:299)
	at site.ycsb.db.XodusClient.insert(XodusClient.java:60)
	at site.ycsb.DBWrapper.insert(DBWrapper.java:227)
	at site.ycsb.workloads.CoreWorkload.doInsert(CoreWorkload.java:621)
	at site.ycsb.ClientThread.run(ClientThread.java:135)
	at java.base/java.lang.Thread.run(Thread.java:829)
Caused by: jetbrains.exodus.ExodusException
	at jetbrains.exodus.newLogConcept.garbageCollector.OperationLogGarbageCollector.moveAndRemoveRecordsFromLog(OperationLogGarbageCollector.java:69)
	at jetbrains.exodus.newLogConcept.garbageCollector.OperationLogGarbageCollector.clean(OperationLogGarbageCollector.java:51)
	at jetbrains.exodus.newLogConcept.MVCC.MVCCDataStructure.lambda$commitTransaction$1(MVCCDataStructure.java:297)
	at java.base/java.util.concurrent.Executors$RunnableAdapter.call(Executors.java:515)
	at java.base/java.util.concurrent.FutureTask.run(FutureTask.java:264)
	at java.base/java.util.concurrent.ThreadPoolExecutor.runWorker(ThreadPoolExecutor.java:1128)
	at java.base/java.util.concurrent.ThreadPoolExecutor$Worker.run(ThreadPoolExecutor.java:628)
	... 1 more
java.util.concurrent.ExecutionException: jetbrains.exodus.ExodusException
	at java.base/java.util.concurrent.FutureTask.report(FutureTask.java:122)
	at java.base/java.util.concurrent.FutureTask.get(FutureTask.java:191)
	at jetbrains.exodus.newLogConcept.MVCC.MVCCDataStructure.commitTransaction(MVCCDataStructure.java:299)
	at site.ycsb.db.XodusClient.insert(XodusClient.java:60)
	at site.ycsb.DBWrapper.insert(DBWrapper.java:227)
	at site.ycsb.workloads.CoreWorkload.doInsert(CoreWorkload.java:621)
	at site.ycsb.ClientThread.run(ClientThread.java:135)
	at java.base/java.lang.Thread.run(Thread.java:829)
Caused by: jetbrains.exodus.ExodusException
	at jetbrains.exodus.newLogConcept.garbageCollector.OperationLogGarbageCollector.moveAndRemoveRecordsFromLog(OperationLogGarbageCollector.java:69)
	at jetbrains.exodus.newLogConcept.garbageCollector.OperationLogGarbageCollector.clean(OperationLogGarbageCollector.java:51)
	at jetbrains.exodus.newLogConcept.MVCC.MVCCDataStructure.lambda$commitTransaction$1(MVCCDataStructure.java:297)
	at java.base/java.util.concurrent.Executors$RunnableAdapter.call(Executors.java:515)
	at java.base/java.util.concurrent.FutureTask.run(FutureTask.java:264)
	at java.base/java.util.concurrent.ThreadPoolExecutor.runWorker(ThreadPoolExecutor.java:1128)
	at java.base/java.util.concurrent.ThreadPoolExecutor$Worker.run(ThreadPoolExecutor.java:628)
	... 1 more
java.util.concurrent.ExecutionException: jetbrains.exodus.ExodusException
	at java.base/java.util.concurrent.FutureTask.report(FutureTask.java:122)
	at java.base/java.util.concurrent.FutureTask.get(FutureTask.java:191)
	at jetbrains.exodus.newLogConcept.MVCC.MVCCDataStructure.commitTransaction(MVCCDataStructure.java:299)
	at site.ycsb.db.XodusClient.insert(XodusClient.java:60)
	at site.ycsb.DBWrapper.insert(DBWrapper.java:227)
	at site.ycsb.workloads.CoreWorkload.doInsert(CoreWorkload.java:621)
	at site.ycsb.ClientThread.run(ClientThread.java:135)
	at java.base/java.lang.Thread.run(Thread.java:829)
Caused by: jetbrains.exodus.ExodusException
	at jetbrains.exodus.newLogConcept.garbageCollector.OperationLogGarbageCollector.moveAndRemoveRecordsFromLog(OperationLogGarbageCollector.java:69)
	at jetbrains.exodus.newLogConcept.garbageCollector.OperationLogGarbageCollector.clean(OperationLogGarbageCollector.java:51)
	at jetbrains.exodus.newLogConcept.MVCC.MVCCDataStructure.lambda$commitTransaction$1(MVCCDataStructure.java:297)
	at java.base/java.util.concurrent.Executors$RunnableAdapter.call(Executors.java:515)
	at java.base/java.util.concurrent.FutureTask.run(FutureTask.java:264)
	at java.base/java.util.concurrent.ThreadPoolExecutor.runWorker(ThreadPoolExecutor.java:1128)
	at java.base/java.util.concurrent.ThreadPoolExecutor$Worker.run(ThreadPoolExecutor.java:628)
	... 1 more
java.util.concurrent.ExecutionException: jetbrains.exodus.ExodusException
	at java.base/java.util.concurrent.FutureTask.report(FutureTask.java:122)
	at java.base/java.util.concurrent.FutureTask.get(FutureTask.java:191)
	at jetbrains.exodus.newLogConcept.MVCC.MVCCDataStructure.commitTransaction(MVCCDataStructure.java:299)
	at site.ycsb.db.XodusClient.insert(XodusClient.java:60)
	at site.ycsb.DBWrapper.insert(DBWrapper.java:227)
	at site.ycsb.workloads.CoreWorkload.doInsert(CoreWorkload.java:621)
	at site.ycsb.ClientThread.run(ClientThread.java:135)
	at java.base/java.lang.Thread.run(Thread.java:829)
Caused by: jetbrains.exodus.ExodusException
	at jetbrains.exodus.newLogConcept.garbageCollector.OperationLogGarbageCollector.moveAndRemoveRecordsFromLog(OperationLogGarbageCollector.java:69)
	at jetbrains.exodus.newLogConcept.garbageCollector.OperationLogGarbageCollector.clean(OperationLogGarbageCollector.java:51)
	at jetbrains.exodus.newLogConcept.MVCC.MVCCDataStructure.lambda$commitTransaction$1(MVCCDataStructure.java:297)
	at java.base/java.util.concurrent.Executors$RunnableAdapter.call(Executors.java:515)
	at java.base/java.util.concurrent.FutureTask.run(FutureTask.java:264)
	at java.base/java.util.concurrent.ThreadPoolExecutor.runWorker(ThreadPoolExecutor.java:1128)
	at java.base/java.util.concurrent.ThreadPoolExecutor$Worker.run(ThreadPoolExecutor.java:628)
	... 1 more
java.util.concurrent.ExecutionException: jetbrains.exodus.ExodusException
	at java.base/java.util.concurrent.FutureTask.report(FutureTask.java:122)
	at java.base/java.util.concurrent.FutureTask.get(FutureTask.java:191)
	at jetbrains.exodus.newLogConcept.MVCC.MVCCDataStructure.commitTransaction(MVCCDataStructure.java:299)
	at site.ycsb.db.XodusClient.insert(XodusClient.java:60)
	at site.ycsb.DBWrapper.insert(DBWrapper.java:227)
	at site.ycsb.workloads.CoreWorkload.doInsert(CoreWorkload.java:621)
	at site.ycsb.ClientThread.run(ClientThread.java:135)
	at java.base/java.lang.Thread.run(Thread.java:829)
Caused by: jetbrains.exodus.ExodusException
	at jetbrains.exodus.newLogConcept.garbageCollector.OperationLogGarbageCollector.moveAndRemoveRecordsFromLog(OperationLogGarbageCollector.java:69)
	at jetbrains.exodus.newLogConcept.garbageCollector.OperationLogGarbageCollector.clean(OperationLogGarbageCollector.java:51)
	at jetbrains.exodus.newLogConcept.MVCC.MVCCDataStructure.lambda$commitTransaction$1(MVCCDataStructure.java:297)
	at java.base/java.util.concurrent.Executors$RunnableAdapter.call(Executors.java:515)
	at java.base/java.util.concurrent.FutureTask.run(FutureTask.java:264)
	at java.base/java.util.concurrent.ThreadPoolExecutor.runWorker(ThreadPoolExecutor.java:1128)
	at java.base/java.util.concurrent.ThreadPoolExecutor$Worker.run(ThreadPoolExecutor.java:628)
	... 1 more
java.util.concurrent.ExecutionException: jetbrains.exodus.ExodusException
	at java.base/java.util.concurrent.FutureTask.report(FutureTask.java:122)
	at java.base/java.util.concurrent.FutureTask.get(FutureTask.java:191)
	at jetbrains.exodus.newLogConcept.MVCC.MVCCDataStructure.commitTransaction(MVCCDataStructure.java:299)
	at site.ycsb.db.XodusClient.insert(XodusClient.java:60)
	at site.ycsb.DBWrapper.insert(DBWrapper.java:227)
	at site.ycsb.workloads.CoreWorkload.doInsert(CoreWorkload.java:621)
	at site.ycsb.ClientThread.run(ClientThread.java:135)
	at java.base/java.lang.Thread.run(Thread.java:829)
Caused by: jetbrains.exodus.ExodusException
	at jetbrains.exodus.newLogConcept.garbageCollector.OperationLogGarbageCollector.moveAndRemoveRecordsFromLog(OperationLogGarbageCollector.java:69)
	at jetbrains.exodus.newLogConcept.garbageCollector.OperationLogGarbageCollector.clean(OperationLogGarbageCollector.java:51)
	at jetbrains.exodus.newLogConcept.MVCC.MVCCDataStructure.lambda$commitTransaction$1(MVCCDataStructure.java:297)
	at java.base/java.util.concurrent.Executors$RunnableAdapter.call(Executors.java:515)
	at java.base/java.util.concurrent.FutureTask.run(FutureTask.java:264)
	at java.base/java.util.concurrent.ThreadPoolExecutor.runWorker(ThreadPoolExecutor.java:1128)
	at java.base/java.util.concurrent.ThreadPoolExecutor$Worker.run(ThreadPoolExecutor.java:628)
	... 1 more
java.util.concurrent.ExecutionException: jetbrains.exodus.ExodusException
	at java.base/java.util.concurrent.FutureTask.report(FutureTask.java:122)
	at java.base/java.util.concurrent.FutureTask.get(FutureTask.java:191)
	at jetbrains.exodus.newLogConcept.MVCC.MVCCDataStructure.commitTransaction(MVCCDataStructure.java:299)
	at site.ycsb.db.XodusClient.insert(XodusClient.java:60)
	at site.ycsb.DBWrapper.insert(DBWrapper.java:227)
	at site.ycsb.workloads.CoreWorkload.doInsert(CoreWorkload.java:621)
	at site.ycsb.ClientThread.run(ClientThread.java:135)
	at java.base/java.lang.Thread.run(Thread.java:829)
Caused by: jetbrains.exodus.ExodusException
	at jetbrains.exodus.newLogConcept.garbageCollector.OperationLogGarbageCollector.moveAndRemoveRecordsFromLog(OperationLogGarbageCollector.java:69)
	at jetbrains.exodus.newLogConcept.garbageCollector.OperationLogGarbageCollector.clean(OperationLogGarbageCollector.java:51)
	at jetbrains.exodus.newLogConcept.MVCC.MVCCDataStructure.lambda$commitTransaction$1(MVCCDataStructure.java:297)
	at java.base/java.util.concurrent.Executors$RunnableAdapter.call(Executors.java:515)
	at java.base/java.util.concurrent.FutureTask.run(FutureTask.java:264)
	at java.base/java.util.concurrent.ThreadPoolExecutor.runWorker(ThreadPoolExecutor.java:1128)
	at java.base/java.util.concurrent.ThreadPoolExecutor$Worker.run(ThreadPoolExecutor.java:628)
	... 1 more
java.util.concurrent.ExecutionException: jetbrains.exodus.ExodusException
	at java.base/java.util.concurrent.FutureTask.report(FutureTask.java:122)
	at java.base/java.util.concurrent.FutureTask.get(FutureTask.java:191)
	at jetbrains.exodus.newLogConcept.MVCC.MVCCDataStructure.commitTransaction(MVCCDataStructure.java:299)
	at site.ycsb.db.XodusClient.insert(XodusClient.java:60)
	at site.ycsb.DBWrapper.insert(DBWrapper.java:227)
	at site.ycsb.workloads.CoreWorkload.doInsert(CoreWorkload.java:621)
	at site.ycsb.ClientThread.run(ClientThread.java:135)
	at java.base/java.lang.Thread.run(Thread.java:829)
Caused by: jetbrains.exodus.ExodusException
	at jetbrains.exodus.newLogConcept.garbageCollector.OperationLogGarbageCollector.moveAndRemoveRecordsFromLog(OperationLogGarbageCollector.java:69)
	at jetbrains.exodus.newLogConcept.garbageCollector.OperationLogGarbageCollector.clean(OperationLogGarbageCollector.java:51)
	at jetbrains.exodus.newLogConcept.MVCC.MVCCDataStructure.lambda$commitTransaction$1(MVCCDataStructure.java:297)
	at java.base/java.util.concurrent.Executors$RunnableAdapter.call(Executors.java:515)
	at java.base/java.util.concurrent.FutureTask.run(FutureTask.java:264)
	at java.base/java.util.concurrent.ThreadPoolExecutor.runWorker(ThreadPoolExecutor.java:1128)
	at java.base/java.util.concurrent.ThreadPoolExecutor$Worker.run(ThreadPoolExecutor.java:628)
	... 1 more
java.util.concurrent.ExecutionException: jetbrains.exodus.ExodusException
	at java.base/java.util.concurrent.FutureTask.report(FutureTask.java:122)
	at java.base/java.util.concurrent.FutureTask.get(FutureTask.java:191)
	at jetbrains.exodus.newLogConcept.MVCC.MVCCDataStructure.commitTransaction(MVCCDataStructure.java:299)
	at site.ycsb.db.XodusClient.insert(XodusClient.java:60)
	at site.ycsb.DBWrapper.insert(DBWrapper.java:227)
	at site.ycsb.workloads.CoreWorkload.doInsert(CoreWorkload.java:621)
	at site.ycsb.ClientThread.run(ClientThread.java:135)
	at java.base/java.lang.Thread.run(Thread.java:829)
Caused by: jetbrains.exodus.ExodusException
	at jetbrains.exodus.newLogConcept.garbageCollector.OperationLogGarbageCollector.moveAndRemoveRecordsFromLog(OperationLogGarbageCollector.java:69)
	at jetbrains.exodus.newLogConcept.garbageCollector.OperationLogGarbageCollector.clean(OperationLogGarbageCollector.java:51)
	at jetbrains.exodus.newLogConcept.MVCC.MVCCDataStructure.lambda$commitTransaction$1(MVCCDataStructure.java:297)
	at java.base/java.util.concurrent.Executors$RunnableAdapter.call(Executors.java:515)
	at java.base/java.util.concurrent.FutureTask.run(FutureTask.java:264)
	at java.base/java.util.concurrent.ThreadPoolExecutor.runWorker(ThreadPoolExecutor.java:1128)
	at java.base/java.util.concurrent.ThreadPoolExecutor$Worker.run(ThreadPoolExecutor.java:628)
	... 1 more
java.util.concurrent.ExecutionException: jetbrains.exodus.ExodusException
	at java.base/java.util.concurrent.FutureTask.report(FutureTask.java:122)
	at java.base/java.util.concurrent.FutureTask.get(FutureTask.java:191)
	at jetbrains.exodus.newLogConcept.MVCC.MVCCDataStructure.commitTransaction(MVCCDataStructure.java:299)
	at site.ycsb.db.XodusClient.insert(XodusClient.java:60)
	at site.ycsb.DBWrapper.insert(DBWrapper.java:227)
	at site.ycsb.workloads.CoreWorkload.doInsert(CoreWorkload.java:621)
	at site.ycsb.ClientThread.run(ClientThread.java:135)
	at java.base/java.lang.Thread.run(Thread.java:829)
Caused by: jetbrains.exodus.ExodusException
	at jetbrains.exodus.newLogConcept.garbageCollector.OperationLogGarbageCollector.moveAndRemoveRecordsFromLog(OperationLogGarbageCollector.java:69)
	at jetbrains.exodus.newLogConcept.garbageCollector.OperationLogGarbageCollector.clean(OperationLogGarbageCollector.java:51)
	at jetbrains.exodus.newLogConcept.MVCC.MVCCDataStructure.lambda$commitTransaction$1(MVCCDataStructure.java:297)
	at java.base/java.util.concurrent.Executors$RunnableAdapter.call(Executors.java:515)
	at java.base/java.util.concurrent.FutureTask.run(FutureTask.java:264)
	at java.base/java.util.concurrent.ThreadPoolExecutor.runWorker(ThreadPoolExecutor.java:1128)
	at java.base/java.util.concurrent.ThreadPoolExecutor$Worker.run(ThreadPoolExecutor.java:628)
	... 1 more
java.util.concurrent.ExecutionException: jetbrains.exodus.ExodusException
	at java.base/java.util.concurrent.FutureTask.report(FutureTask.java:122)
	at java.base/java.util.concurrent.FutureTask.get(FutureTask.java:191)
	at jetbrains.exodus.newLogConcept.MVCC.MVCCDataStructure.commitTransaction(MVCCDataStructure.java:299)
	at site.ycsb.db.XodusClient.insert(XodusClient.java:60)
	at site.ycsb.DBWrapper.insert(DBWrapper.java:227)
	at site.ycsb.workloads.CoreWorkload.doInsert(CoreWorkload.java:621)
	at site.ycsb.ClientThread.run(ClientThread.java:135)
	at java.base/java.lang.Thread.run(Thread.java:829)
Caused by: jetbrains.exodus.ExodusException
	at jetbrains.exodus.newLogConcept.garbageCollector.OperationLogGarbageCollector.moveAndRemoveRecordsFromLog(OperationLogGarbageCollector.java:69)
	at jetbrains.exodus.newLogConcept.garbageCollector.OperationLogGarbageCollector.clean(OperationLogGarbageCollector.java:51)
	at jetbrains.exodus.newLogConcept.MVCC.MVCCDataStructure.lambda$commitTransaction$1(MVCCDataStructure.java:297)
	at java.base/java.util.concurrent.Executors$RunnableAdapter.call(Executors.java:515)
	at java.base/java.util.concurrent.FutureTask.run(FutureTask.java:264)
	at java.base/java.util.concurrent.ThreadPoolExecutor.runWorker(ThreadPoolExecutor.java:1128)
	at java.base/java.util.concurrent.ThreadPoolExecutor$Worker.run(ThreadPoolExecutor.java:628)
	... 1 more
java.util.concurrent.ExecutionException: jetbrains.exodus.ExodusException
	at java.base/java.util.concurrent.FutureTask.report(FutureTask.java:122)
	at java.base/java.util.concurrent.FutureTask.get(FutureTask.java:191)
	at jetbrains.exodus.newLogConcept.MVCC.MVCCDataStructure.commitTransaction(MVCCDataStructure.java:299)
	at site.ycsb.db.XodusClient.insert(XodusClient.java:60)
	at site.ycsb.DBWrapper.insert(DBWrapper.java:227)
	at site.ycsb.workloads.CoreWorkload.doInsert(CoreWorkload.java:621)
	at site.ycsb.ClientThread.run(ClientThread.java:135)
	at java.base/java.lang.Thread.run(Thread.java:829)
Caused by: jetbrains.exodus.ExodusException
	at jetbrains.exodus.newLogConcept.garbageCollector.OperationLogGarbageCollector.moveAndRemoveRecordsFromLog(OperationLogGarbageCollector.java:69)
	at jetbrains.exodus.newLogConcept.garbageCollector.OperationLogGarbageCollector.clean(OperationLogGarbageCollector.java:51)
	at jetbrains.exodus.newLogConcept.MVCC.MVCCDataStructure.lambda$commitTransaction$1(MVCCDataStructure.java:297)
	at java.base/java.util.concurrent.Executors$RunnableAdapter.call(Executors.java:515)
	at java.base/java.util.concurrent.FutureTask.run(FutureTask.java:264)
	at java.base/java.util.concurrent.ThreadPoolExecutor.runWorker(ThreadPoolExecutor.java:1128)
	at java.base/java.util.concurrent.ThreadPoolExecutor$Worker.run(ThreadPoolExecutor.java:628)
	... 1 more
java.util.concurrent.ExecutionException: jetbrains.exodus.ExodusException
	at java.base/java.util.concurrent.FutureTask.report(FutureTask.java:122)
	at java.base/java.util.concurrent.FutureTask.get(FutureTask.java:191)
	at jetbrains.exodus.newLogConcept.MVCC.MVCCDataStructure.commitTransaction(MVCCDataStructure.java:299)
	at site.ycsb.db.XodusClient.insert(XodusClient.java:60)
	at site.ycsb.DBWrapper.insert(DBWrapper.java:227)
	at site.ycsb.workloads.CoreWorkload.doInsert(CoreWorkload.java:621)
	at site.ycsb.ClientThread.run(ClientThread.java:135)
	at java.base/java.lang.Thread.run(Thread.java:829)
Caused by: jetbrains.exodus.ExodusException
	at jetbrains.exodus.newLogConcept.garbageCollector.OperationLogGarbageCollector.moveAndRemoveRecordsFromLog(OperationLogGarbageCollector.java:69)
	at jetbrains.exodus.newLogConcept.garbageCollector.OperationLogGarbageCollector.clean(OperationLogGarbageCollector.java:51)
	at jetbrains.exodus.newLogConcept.MVCC.MVCCDataStructure.lambda$commitTransaction$1(MVCCDataStructure.java:297)
	at java.base/java.util.concurrent.Executors$RunnableAdapter.call(Executors.java:515)
	at java.base/java.util.concurrent.FutureTask.run(FutureTask.java:264)
	at java.base/java.util.concurrent.ThreadPoolExecutor.runWorker(ThreadPoolExecutor.java:1128)
	at java.base/java.util.concurrent.ThreadPoolExecutor$Worker.run(ThreadPoolExecutor.java:628)
	... 1 more
java.util.concurrent.ExecutionException: jetbrains.exodus.ExodusException
	at java.base/java.util.concurrent.FutureTask.report(FutureTask.java:122)
	at java.base/java.util.concurrent.FutureTask.get(FutureTask.java:191)
	at jetbrains.exodus.newLogConcept.MVCC.MVCCDataStructure.commitTransaction(MVCCDataStructure.java:299)
	at site.ycsb.db.XodusClient.insert(XodusClient.java:60)
	at site.ycsb.DBWrapper.insert(DBWrapper.java:227)
	at site.ycsb.workloads.CoreWorkload.doInsert(CoreWorkload.java:621)
	at site.ycsb.ClientThread.run(ClientThread.java:135)
	at java.base/java.lang.Thread.run(Thread.java:829)
Caused by: jetbrains.exodus.ExodusException
	at jetbrains.exodus.newLogConcept.garbageCollector.OperationLogGarbageCollector.moveAndRemoveRecordsFromLog(OperationLogGarbageCollector.java:69)
	at jetbrains.exodus.newLogConcept.garbageCollector.OperationLogGarbageCollector.clean(OperationLogGarbageCollector.java:51)
	at jetbrains.exodus.newLogConcept.MVCC.MVCCDataStructure.lambda$commitTransaction$1(MVCCDataStructure.java:297)
	at java.base/java.util.concurrent.Executors$RunnableAdapter.call(Executors.java:515)
	at java.base/java.util.concurrent.FutureTask.run(FutureTask.java:264)
	at java.base/java.util.concurrent.ThreadPoolExecutor.runWorker(ThreadPoolExecutor.java:1128)
	at java.base/java.util.concurrent.ThreadPoolExecutor$Worker.run(ThreadPoolExecutor.java:628)
	... 1 more
java.util.concurrent.ExecutionException: jetbrains.exodus.ExodusException
	at java.base/java.util.concurrent.FutureTask.report(FutureTask.java:122)
	at java.base/java.util.concurrent.FutureTask.get(FutureTask.java:191)
	at jetbrains.exodus.newLogConcept.MVCC.MVCCDataStructure.commitTransaction(MVCCDataStructure.java:299)
	at site.ycsb.db.XodusClient.insert(XodusClient.java:60)
	at site.ycsb.DBWrapper.insert(DBWrapper.java:227)
	at site.ycsb.workloads.CoreWorkload.doInsert(CoreWorkload.java:621)
	at site.ycsb.ClientThread.run(ClientThread.java:135)
	at java.base/java.lang.Thread.run(Thread.java:829)
Caused by: jetbrains.exodus.ExodusException
	at jetbrains.exodus.newLogConcept.garbageCollector.OperationLogGarbageCollector.moveAndRemoveRecordsFromLog(OperationLogGarbageCollector.java:69)
	at jetbrains.exodus.newLogConcept.garbageCollector.OperationLogGarbageCollector.clean(OperationLogGarbageCollector.java:51)
	at jetbrains.exodus.newLogConcept.MVCC.MVCCDataStructure.lambda$commitTransaction$1(MVCCDataStructure.java:297)
	at java.base/java.util.concurrent.Executors$RunnableAdapter.call(Executors.java:515)
	at java.base/java.util.concurrent.FutureTask.run(FutureTask.java:264)
	at java.base/java.util.concurrent.ThreadPoolExecutor.runWorker(ThreadPoolExecutor.java:1128)
	at java.base/java.util.concurrent.ThreadPoolExecutor$Worker.run(ThreadPoolExecutor.java:628)
	... 1 more
java.util.concurrent.ExecutionException: jetbrains.exodus.ExodusException
	at java.base/java.util.concurrent.FutureTask.report(FutureTask.java:122)
	at java.base/java.util.concurrent.FutureTask.get(FutureTask.java:191)
	at jetbrains.exodus.newLogConcept.MVCC.MVCCDataStructure.commitTransaction(MVCCDataStructure.java:299)
	at site.ycsb.db.XodusClient.insert(XodusClient.java:60)
	at site.ycsb.DBWrapper.insert(DBWrapper.java:227)
	at site.ycsb.workloads.CoreWorkload.doInsert(CoreWorkload.java:621)
	at site.ycsb.ClientThread.run(ClientThread.java:135)
	at java.base/java.lang.Thread.run(Thread.java:829)
Caused by: jetbrains.exodus.ExodusException
	at jetbrains.exodus.newLogConcept.garbageCollector.OperationLogGarbageCollector.moveAndRemoveRecordsFromLog(OperationLogGarbageCollector.java:69)
	at jetbrains.exodus.newLogConcept.garbageCollector.OperationLogGarbageCollector.clean(OperationLogGarbageCollector.java:51)
	at jetbrains.exodus.newLogConcept.MVCC.MVCCDataStructure.lambda$commitTransaction$1(MVCCDataStructure.java:297)
	at java.base/java.util.concurrent.Executors$RunnableAdapter.call(Executors.java:515)
	at java.base/java.util.concurrent.FutureTask.run(FutureTask.java:264)
	at java.base/java.util.concurrent.ThreadPoolExecutor.runWorker(ThreadPoolExecutor.java:1128)
	at java.base/java.util.concurrent.ThreadPoolExecutor$Worker.run(ThreadPoolExecutor.java:628)
	... 1 more
java.util.concurrent.ExecutionException: jetbrains.exodus.ExodusException
	at java.base/java.util.concurrent.FutureTask.report(FutureTask.java:122)
	at java.base/java.util.concurrent.FutureTask.get(FutureTask.java:191)
	at jetbrains.exodus.newLogConcept.MVCC.MVCCDataStructure.commitTransaction(MVCCDataStructure.java:299)
	at site.ycsb.db.XodusClient.insert(XodusClient.java:60)
	at site.ycsb.DBWrapper.insert(DBWrapper.java:227)
	at site.ycsb.workloads.CoreWorkload.doInsert(CoreWorkload.java:621)
	at site.ycsb.ClientThread.run(ClientThread.java:135)
	at java.base/java.lang.Thread.run(Thread.java:829)
Caused by: jetbrains.exodus.ExodusException
	at jetbrains.exodus.newLogConcept.garbageCollector.OperationLogGarbageCollector.moveAndRemoveRecordsFromLog(OperationLogGarbageCollector.java:69)
	at jetbrains.exodus.newLogConcept.garbageCollector.OperationLogGarbageCollector.clean(OperationLogGarbageCollector.java:51)
	at jetbrains.exodus.newLogConcept.MVCC.MVCCDataStructure.lambda$commitTransaction$1(MVCCDataStructure.java:297)
	at java.base/java.util.concurrent.Executors$RunnableAdapter.call(Executors.java:515)
	at java.base/java.util.concurrent.FutureTask.run(FutureTask.java:264)
	at java.base/java.util.concurrent.ThreadPoolExecutor.runWorker(ThreadPoolExecutor.java:1128)
	at java.base/java.util.concurrent.ThreadPoolExecutor$Worker.run(ThreadPoolExecutor.java:628)
	... 1 more
java.util.concurrent.ExecutionException: jetbrains.exodus.ExodusException
	at java.base/java.util.concurrent.FutureTask.report(FutureTask.java:122)
	at java.base/java.util.concurrent.FutureTask.get(FutureTask.java:191)
	at jetbrains.exodus.newLogConcept.MVCC.MVCCDataStructure.commitTransaction(MVCCDataStructure.java:299)
	at site.ycsb.db.XodusClient.insert(XodusClient.java:60)
	at site.ycsb.DBWrapper.insert(DBWrapper.java:227)
	at site.ycsb.workloads.CoreWorkload.doInsert(CoreWorkload.java:621)
	at site.ycsb.ClientThread.run(ClientThread.java:135)
	at java.base/java.lang.Thread.run(Thread.java:829)
Caused by: jetbrains.exodus.ExodusException
	at jetbrains.exodus.newLogConcept.garbageCollector.OperationLogGarbageCollector.moveAndRemoveRecordsFromLog(OperationLogGarbageCollector.java:69)
	at jetbrains.exodus.newLogConcept.garbageCollector.OperationLogGarbageCollector.clean(OperationLogGarbageCollector.java:51)
	at jetbrains.exodus.newLogConcept.MVCC.MVCCDataStructure.lambda$commitTransaction$1(MVCCDataStructure.java:297)
	at java.base/java.util.concurrent.Executors$RunnableAdapter.call(Executors.java:515)
	at java.base/java.util.concurrent.FutureTask.run(FutureTask.java:264)
	at java.base/java.util.concurrent.ThreadPoolExecutor.runWorker(ThreadPoolExecutor.java:1128)
	at java.base/java.util.concurrent.ThreadPoolExecutor$Worker.run(ThreadPoolExecutor.java:628)
	... 1 more
java.util.concurrent.ExecutionException: jetbrains.exodus.ExodusException
	at java.base/java.util.concurrent.FutureTask.report(FutureTask.java:122)
	at java.base/java.util.concurrent.FutureTask.get(FutureTask.java:191)
	at jetbrains.exodus.newLogConcept.MVCC.MVCCDataStructure.commitTransaction(MVCCDataStructure.java:299)
	at site.ycsb.db.XodusClient.insert(XodusClient.java:60)
	at site.ycsb.DBWrapper.insert(DBWrapper.java:227)
	at site.ycsb.workloads.CoreWorkload.doInsert(CoreWorkload.java:621)
	at site.ycsb.ClientThread.run(ClientThread.java:135)
	at java.base/java.lang.Thread.run(Thread.java:829)
Caused by: jetbrains.exodus.ExodusException
	at jetbrains.exodus.newLogConcept.garbageCollector.OperationLogGarbageCollector.moveAndRemoveRecordsFromLog(OperationLogGarbageCollector.java:69)
	at jetbrains.exodus.newLogConcept.garbageCollector.OperationLogGarbageCollector.clean(OperationLogGarbageCollector.java:51)
	at jetbrains.exodus.newLogConcept.MVCC.MVCCDataStructure.lambda$commitTransaction$1(MVCCDataStructure.java:297)
	at java.base/java.util.concurrent.Executors$RunnableAdapter.call(Executors.java:515)
	at java.base/java.util.concurrent.FutureTask.run(FutureTask.java:264)
	at java.base/java.util.concurrent.ThreadPoolExecutor.runWorker(ThreadPoolExecutor.java:1128)
	at java.base/java.util.concurrent.ThreadPoolExecutor$Worker.run(ThreadPoolExecutor.java:628)
	... 1 more
java.util.concurrent.ExecutionException: jetbrains.exodus.ExodusException
	at java.base/java.util.concurrent.FutureTask.report(FutureTask.java:122)
	at java.base/java.util.concurrent.FutureTask.get(FutureTask.java:191)
	at jetbrains.exodus.newLogConcept.MVCC.MVCCDataStructure.commitTransaction(MVCCDataStructure.java:299)
	at site.ycsb.db.XodusClient.insert(XodusClient.java:60)
	at site.ycsb.DBWrapper.insert(DBWrapper.java:227)
	at site.ycsb.workloads.CoreWorkload.doInsert(CoreWorkload.java:621)
	at site.ycsb.ClientThread.run(ClientThread.java:135)
	at java.base/java.lang.Thread.run(Thread.java:829)
Caused by: jetbrains.exodus.ExodusException
	at jetbrains.exodus.newLogConcept.garbageCollector.OperationLogGarbageCollector.moveAndRemoveRecordsFromLog(OperationLogGarbageCollector.java:69)
	at jetbrains.exodus.newLogConcept.garbageCollector.OperationLogGarbageCollector.clean(OperationLogGarbageCollector.java:51)
	at jetbrains.exodus.newLogConcept.MVCC.MVCCDataStructure.lambda$commitTransaction$1(MVCCDataStructure.java:297)
	at java.base/java.util.concurrent.Executors$RunnableAdapter.call(Executors.java:515)
	at java.base/java.util.concurrent.FutureTask.run(FutureTask.java:264)
	at java.base/java.util.concurrent.ThreadPoolExecutor.runWorker(ThreadPoolExecutor.java:1128)
	at java.base/java.util.concurrent.ThreadPoolExecutor$Worker.run(ThreadPoolExecutor.java:628)
	... 1 more
java.util.concurrent.ExecutionException: jetbrains.exodus.ExodusException
	at java.base/java.util.concurrent.FutureTask.report(FutureTask.java:122)
	at java.base/java.util.concurrent.FutureTask.get(FutureTask.java:191)
	at jetbrains.exodus.newLogConcept.MVCC.MVCCDataStructure.commitTransaction(MVCCDataStructure.java:299)
	at site.ycsb.db.XodusClient.insert(XodusClient.java:60)
	at site.ycsb.DBWrapper.insert(DBWrapper.java:227)
	at site.ycsb.workloads.CoreWorkload.doInsert(CoreWorkload.java:621)
	at site.ycsb.ClientThread.run(ClientThread.java:135)
	at java.base/java.lang.Thread.run(Thread.java:829)
Caused by: jetbrains.exodus.ExodusException
	at jetbrains.exodus.newLogConcept.garbageCollector.OperationLogGarbageCollector.moveAndRemoveRecordsFromLog(OperationLogGarbageCollector.java:69)
	at jetbrains.exodus.newLogConcept.garbageCollector.OperationLogGarbageCollector.clean(OperationLogGarbageCollector.java:51)
	at jetbrains.exodus.newLogConcept.MVCC.MVCCDataStructure.lambda$commitTransaction$1(MVCCDataStructure.java:297)
	at java.base/java.util.concurrent.Executors$RunnableAdapter.call(Executors.java:515)
	at java.base/java.util.concurrent.FutureTask.run(FutureTask.java:264)
	at java.base/java.util.concurrent.ThreadPoolExecutor.runWorker(ThreadPoolExecutor.java:1128)
	at java.base/java.util.concurrent.ThreadPoolExecutor$Worker.run(ThreadPoolExecutor.java:628)
	... 1 more
java.util.concurrent.ExecutionException: jetbrains.exodus.ExodusException
	at java.base/java.util.concurrent.FutureTask.report(FutureTask.java:122)
	at java.base/java.util.concurrent.FutureTask.get(FutureTask.java:191)
	at jetbrains.exodus.newLogConcept.MVCC.MVCCDataStructure.commitTransaction(MVCCDataStructure.java:299)
	at site.ycsb.db.XodusClient.insert(XodusClient.java:60)
	at site.ycsb.DBWrapper.insert(DBWrapper.java:227)
	at site.ycsb.workloads.CoreWorkload.doInsert(CoreWorkload.java:621)
	at site.ycsb.ClientThread.run(ClientThread.java:135)
	at java.base/java.lang.Thread.run(Thread.java:829)
Caused by: jetbrains.exodus.ExodusException
	at jetbrains.exodus.newLogConcept.garbageCollector.OperationLogGarbageCollector.moveAndRemoveRecordsFromLog(OperationLogGarbageCollector.java:69)
	at jetbrains.exodus.newLogConcept.garbageCollector.OperationLogGarbageCollector.clean(OperationLogGarbageCollector.java:51)
	at jetbrains.exodus.newLogConcept.MVCC.MVCCDataStructure.lambda$commitTransaction$1(MVCCDataStructure.java:297)
	at java.base/java.util.concurrent.Executors$RunnableAdapter.call(Executors.java:515)
	at java.base/java.util.concurrent.FutureTask.run(FutureTask.java:264)
	at java.base/java.util.concurrent.ThreadPoolExecutor.runWorker(ThreadPoolExecutor.java:1128)
	at java.base/java.util.concurrent.ThreadPoolExecutor$Worker.run(ThreadPoolExecutor.java:628)
	... 1 more
java.util.concurrent.ExecutionException: jetbrains.exodus.ExodusException
	at java.base/java.util.concurrent.FutureTask.report(FutureTask.java:122)
	at java.base/java.util.concurrent.FutureTask.get(FutureTask.java:191)
	at jetbrains.exodus.newLogConcept.MVCC.MVCCDataStructure.commitTransaction(MVCCDataStructure.java:299)
	at site.ycsb.db.XodusClient.insert(XodusClient.java:60)
	at site.ycsb.DBWrapper.insert(DBWrapper.java:227)
	at site.ycsb.workloads.CoreWorkload.doInsert(CoreWorkload.java:621)
	at site.ycsb.ClientThread.run(ClientThread.java:135)
	at java.base/java.lang.Thread.run(Thread.java:829)
Caused by: jetbrains.exodus.ExodusException
	at jetbrains.exodus.newLogConcept.garbageCollector.OperationLogGarbageCollector.moveAndRemoveRecordsFromLog(OperationLogGarbageCollector.java:69)
	at jetbrains.exodus.newLogConcept.garbageCollector.OperationLogGarbageCollector.clean(OperationLogGarbageCollector.java:51)
	at jetbrains.exodus.newLogConcept.MVCC.MVCCDataStructure.lambda$commitTransaction$1(MVCCDataStructure.java:297)
	at java.base/java.util.concurrent.Executors$RunnableAdapter.call(Executors.java:515)
	at java.base/java.util.concurrent.FutureTask.run(FutureTask.java:264)
	at java.base/java.util.concurrent.ThreadPoolExecutor.runWorker(ThreadPoolExecutor.java:1128)
	at java.base/java.util.concurrent.ThreadPoolExecutor$Worker.run(ThreadPoolExecutor.java:628)
	... 1 more
java.util.concurrent.ExecutionException: jetbrains.exodus.ExodusException
	at java.base/java.util.concurrent.FutureTask.report(FutureTask.java:122)
	at java.base/java.util.concurrent.FutureTask.get(FutureTask.java:191)
	at jetbrains.exodus.newLogConcept.MVCC.MVCCDataStructure.commitTransaction(MVCCDataStructure.java:299)
	at site.ycsb.db.XodusClient.insert(XodusClient.java:60)
	at site.ycsb.DBWrapper.insert(DBWrapper.java:227)
	at site.ycsb.workloads.CoreWorkload.doInsert(CoreWorkload.java:621)
	at site.ycsb.ClientThread.run(ClientThread.java:135)
	at java.base/java.lang.Thread.run(Thread.java:829)
Caused by: jetbrains.exodus.ExodusException
	at jetbrains.exodus.newLogConcept.garbageCollector.OperationLogGarbageCollector.moveAndRemoveRecordsFromLog(OperationLogGarbageCollector.java:69)
	at jetbrains.exodus.newLogConcept.garbageCollector.OperationLogGarbageCollector.clean(OperationLogGarbageCollector.java:51)
	at jetbrains.exodus.newLogConcept.MVCC.MVCCDataStructure.lambda$commitTransaction$1(MVCCDataStructure.java:297)
	at java.base/java.util.concurrent.Executors$RunnableAdapter.call(Executors.java:515)
	at java.base/java.util.concurrent.FutureTask.run(FutureTask.java:264)
	at java.base/java.util.concurrent.ThreadPoolExecutor.runWorker(ThreadPoolExecutor.java:1128)
	at java.base/java.util.concurrent.ThreadPoolExecutor$Worker.run(ThreadPoolExecutor.java:628)
	... 1 more
java.util.concurrent.ExecutionException: jetbrains.exodus.ExodusException
	at java.base/java.util.concurrent.FutureTask.report(FutureTask.java:122)
	at java.base/java.util.concurrent.FutureTask.get(FutureTask.java:191)
	at jetbrains.exodus.newLogConcept.MVCC.MVCCDataStructure.commitTransaction(MVCCDataStructure.java:299)
	at site.ycsb.db.XodusClient.insert(XodusClient.java:60)
	at site.ycsb.DBWrapper.insert(DBWrapper.java:227)
	at site.ycsb.workloads.CoreWorkload.doInsert(CoreWorkload.java:621)
	at site.ycsb.ClientThread.run(ClientThread.java:135)
	at java.base/java.lang.Thread.run(Thread.java:829)
Caused by: jetbrains.exodus.ExodusException
	at jetbrains.exodus.newLogConcept.garbageCollector.OperationLogGarbageCollector.moveAndRemoveRecordsFromLog(OperationLogGarbageCollector.java:69)
	at jetbrains.exodus.newLogConcept.garbageCollector.OperationLogGarbageCollector.clean(OperationLogGarbageCollector.java:51)
	at jetbrains.exodus.newLogConcept.MVCC.MVCCDataStructure.lambda$commitTransaction$1(MVCCDataStructure.java:297)
	at java.base/java.util.concurrent.Executors$RunnableAdapter.call(Executors.java:515)
	at java.base/java.util.concurrent.FutureTask.run(FutureTask.java:264)
	at java.base/java.util.concurrent.ThreadPoolExecutor.runWorker(ThreadPoolExecutor.java:1128)
	at java.base/java.util.concurrent.ThreadPoolExecutor$Worker.run(ThreadPoolExecutor.java:628)
	... 1 more
java.util.concurrent.ExecutionException: jetbrains.exodus.ExodusException
	at java.base/java.util.concurrent.FutureTask.report(FutureTask.java:122)
	at java.base/java.util.concurrent.FutureTask.get(FutureTask.java:191)
	at jetbrains.exodus.newLogConcept.MVCC.MVCCDataStructure.commitTransaction(MVCCDataStructure.java:299)
	at site.ycsb.db.XodusClient.insert(XodusClient.java:60)
	at site.ycsb.DBWrapper.insert(DBWrapper.java:227)
	at site.ycsb.workloads.CoreWorkload.doInsert(CoreWorkload.java:621)
	at site.ycsb.ClientThread.run(ClientThread.java:135)
	at java.base/java.lang.Thread.run(Thread.java:829)
Caused by: jetbrains.exodus.ExodusException
	at jetbrains.exodus.newLogConcept.garbageCollector.OperationLogGarbageCollector.moveAndRemoveRecordsFromLog(OperationLogGarbageCollector.java:69)
	at jetbrains.exodus.newLogConcept.garbageCollector.OperationLogGarbageCollector.clean(OperationLogGarbageCollector.java:51)
	at jetbrains.exodus.newLogConcept.MVCC.MVCCDataStructure.lambda$commitTransaction$1(MVCCDataStructure.java:297)
	at java.base/java.util.concurrent.Executors$RunnableAdapter.call(Executors.java:515)
	at java.base/java.util.concurrent.FutureTask.run(FutureTask.java:264)
	at java.base/java.util.concurrent.ThreadPoolExecutor.runWorker(ThreadPoolExecutor.java:1128)
	at java.base/java.util.concurrent.ThreadPoolExecutor$Worker.run(ThreadPoolExecutor.java:628)
	... 1 more
java.util.concurrent.ExecutionException: jetbrains.exodus.ExodusException
	at java.base/java.util.concurrent.FutureTask.report(FutureTask.java:122)
	at java.base/java.util.concurrent.FutureTask.get(FutureTask.java:191)
	at jetbrains.exodus.newLogConcept.MVCC.MVCCDataStructure.commitTransaction(MVCCDataStructure.java:299)
	at site.ycsb.db.XodusClient.insert(XodusClient.java:60)
	at site.ycsb.DBWrapper.insert(DBWrapper.java:227)
	at site.ycsb.workloads.CoreWorkload.doInsert(CoreWorkload.java:621)
	at site.ycsb.ClientThread.run(ClientThread.java:135)
	at java.base/java.lang.Thread.run(Thread.java:829)
Caused by: jetbrains.exodus.ExodusException
	at jetbrains.exodus.newLogConcept.garbageCollector.OperationLogGarbageCollector.moveAndRemoveRecordsFromLog(OperationLogGarbageCollector.java:69)
	at jetbrains.exodus.newLogConcept.garbageCollector.OperationLogGarbageCollector.clean(OperationLogGarbageCollector.java:51)
	at jetbrains.exodus.newLogConcept.MVCC.MVCCDataStructure.lambda$commitTransaction$1(MVCCDataStructure.java:297)
	at java.base/java.util.concurrent.Executors$RunnableAdapter.call(Executors.java:515)
	at java.base/java.util.concurrent.FutureTask.run(FutureTask.java:264)
	at java.base/java.util.concurrent.ThreadPoolExecutor.runWorker(ThreadPoolExecutor.java:1128)
	at java.base/java.util.concurrent.ThreadPoolExecutor$Worker.run(ThreadPoolExecutor.java:628)
	... 1 more
java.util.concurrent.ExecutionException: jetbrains.exodus.ExodusException
	at java.base/java.util.concurrent.FutureTask.report(FutureTask.java:122)
	at java.base/java.util.concurrent.FutureTask.get(FutureTask.java:191)
	at jetbrains.exodus.newLogConcept.MVCC.MVCCDataStructure.commitTransaction(MVCCDataStructure.java:299)
	at site.ycsb.db.XodusClient.insert(XodusClient.java:60)
	at site.ycsb.DBWrapper.insert(DBWrapper.java:227)
	at site.ycsb.workloads.CoreWorkload.doInsert(CoreWorkload.java:621)
	at site.ycsb.ClientThread.run(ClientThread.java:135)
	at java.base/java.lang.Thread.run(Thread.java:829)
Caused by: jetbrains.exodus.ExodusException
	at jetbrains.exodus.newLogConcept.garbageCollector.OperationLogGarbageCollector.moveAndRemoveRecordsFromLog(OperationLogGarbageCollector.java:69)
	at jetbrains.exodus.newLogConcept.garbageCollector.OperationLogGarbageCollector.clean(OperationLogGarbageCollector.java:51)
	at jetbrains.exodus.newLogConcept.MVCC.MVCCDataStructure.lambda$commitTransaction$1(MVCCDataStructure.java:297)
	at java.base/java.util.concurrent.Executors$RunnableAdapter.call(Executors.java:515)
	at java.base/java.util.concurrent.FutureTask.run(FutureTask.java:264)
	at java.base/java.util.concurrent.ThreadPoolExecutor.runWorker(ThreadPoolExecutor.java:1128)
	at java.base/java.util.concurrent.ThreadPoolExecutor$Worker.run(ThreadPoolExecutor.java:628)
	... 1 more
java.util.concurrent.ExecutionException: jetbrains.exodus.ExodusException
	at java.base/java.util.concurrent.FutureTask.report(FutureTask.java:122)
	at java.base/java.util.concurrent.FutureTask.get(FutureTask.java:191)
	at jetbrains.exodus.newLogConcept.MVCC.MVCCDataStructure.commitTransaction(MVCCDataStructure.java:299)
	at site.ycsb.db.XodusClient.insert(XodusClient.java:60)
	at site.ycsb.DBWrapper.insert(DBWrapper.java:227)
	at site.ycsb.workloads.CoreWorkload.doInsert(CoreWorkload.java:621)
	at site.ycsb.ClientThread.run(ClientThread.java:135)
	at java.base/java.lang.Thread.run(Thread.java:829)
Caused by: jetbrains.exodus.ExodusException
	at jetbrains.exodus.newLogConcept.garbageCollector.OperationLogGarbageCollector.moveAndRemoveRecordsFromLog(OperationLogGarbageCollector.java:69)
	at jetbrains.exodus.newLogConcept.garbageCollector.OperationLogGarbageCollector.clean(OperationLogGarbageCollector.java:51)
	at jetbrains.exodus.newLogConcept.MVCC.MVCCDataStructure.lambda$commitTransaction$1(MVCCDataStructure.java:297)
	at java.base/java.util.concurrent.Executors$RunnableAdapter.call(Executors.java:515)
	at java.base/java.util.concurrent.FutureTask.run(FutureTask.java:264)
	at java.base/java.util.concurrent.ThreadPoolExecutor.runWorker(ThreadPoolExecutor.java:1128)
	at java.base/java.util.concurrent.ThreadPoolExecutor$Worker.run(ThreadPoolExecutor.java:628)
	... 1 more
java.util.concurrent.ExecutionException: jetbrains.exodus.ExodusException
	at java.base/java.util.concurrent.FutureTask.report(FutureTask.java:122)
	at java.base/java.util.concurrent.FutureTask.get(FutureTask.java:191)
	at jetbrains.exodus.newLogConcept.MVCC.MVCCDataStructure.commitTransaction(MVCCDataStructure.java:299)
	at site.ycsb.db.XodusClient.insert(XodusClient.java:60)
	at site.ycsb.DBWrapper.insert(DBWrapper.java:227)
	at site.ycsb.workloads.CoreWorkload.doInsert(CoreWorkload.java:621)
	at site.ycsb.ClientThread.run(ClientThread.java:135)
	at java.base/java.lang.Thread.run(Thread.java:829)
Caused by: jetbrains.exodus.ExodusException
	at jetbrains.exodus.newLogConcept.garbageCollector.OperationLogGarbageCollector.moveAndRemoveRecordsFromLog(OperationLogGarbageCollector.java:69)
	at jetbrains.exodus.newLogConcept.garbageCollector.OperationLogGarbageCollector.clean(OperationLogGarbageCollector.java:51)
	at jetbrains.exodus.newLogConcept.MVCC.MVCCDataStructure.lambda$commitTransaction$1(MVCCDataStructure.java:297)
	at java.base/java.util.concurrent.Executors$RunnableAdapter.call(Executors.java:515)
	at java.base/java.util.concurrent.FutureTask.run(FutureTask.java:264)
	at java.base/java.util.concurrent.ThreadPoolExecutor.runWorker(ThreadPoolExecutor.java:1128)
	at java.base/java.util.concurrent.ThreadPoolExecutor$Worker.run(ThreadPoolExecutor.java:628)
	... 1 more
java.util.concurrent.ExecutionException: jetbrains.exodus.ExodusException
	at java.base/java.util.concurrent.FutureTask.report(FutureTask.java:122)
	at java.base/java.util.concurrent.FutureTask.get(FutureTask.java:191)
	at jetbrains.exodus.newLogConcept.MVCC.MVCCDataStructure.commitTransaction(MVCCDataStructure.java:299)
	at site.ycsb.db.XodusClient.insert(XodusClient.java:60)
	at site.ycsb.DBWrapper.insert(DBWrapper.java:227)
	at site.ycsb.workloads.CoreWorkload.doInsert(CoreWorkload.java:621)
	at site.ycsb.ClientThread.run(ClientThread.java:135)
	at java.base/java.lang.Thread.run(Thread.java:829)
Caused by: jetbrains.exodus.ExodusException
	at jetbrains.exodus.newLogConcept.garbageCollector.OperationLogGarbageCollector.moveAndRemoveRecordsFromLog(OperationLogGarbageCollector.java:69)
	at jetbrains.exodus.newLogConcept.garbageCollector.OperationLogGarbageCollector.clean(OperationLogGarbageCollector.java:51)
	at jetbrains.exodus.newLogConcept.MVCC.MVCCDataStructure.lambda$commitTransaction$1(MVCCDataStructure.java:297)
	at java.base/java.util.concurrent.Executors$RunnableAdapter.call(Executors.java:515)
	at java.base/java.util.concurrent.FutureTask.run(FutureTask.java:264)
	at java.base/java.util.concurrent.ThreadPoolExecutor.runWorker(ThreadPoolExecutor.java:1128)
	at java.base/java.util.concurrent.ThreadPoolExecutor$Worker.run(ThreadPoolExecutor.java:628)
	... 1 more
java.util.concurrent.ExecutionException: jetbrains.exodus.ExodusException
	at java.base/java.util.concurrent.FutureTask.report(FutureTask.java:122)
	at java.base/java.util.concurrent.FutureTask.get(FutureTask.java:191)
	at jetbrains.exodus.newLogConcept.MVCC.MVCCDataStructure.commitTransaction(MVCCDataStructure.java:299)
	at site.ycsb.db.XodusClient.insert(XodusClient.java:60)
	at site.ycsb.DBWrapper.insert(DBWrapper.java:227)
	at site.ycsb.workloads.CoreWorkload.doInsert(CoreWorkload.java:621)
	at site.ycsb.ClientThread.run(ClientThread.java:135)
	at java.base/java.lang.Thread.run(Thread.java:829)
Caused by: jetbrains.exodus.ExodusException
	at jetbrains.exodus.newLogConcept.garbageCollector.OperationLogGarbageCollector.moveAndRemoveRecordsFromLog(OperationLogGarbageCollector.java:69)
	at jetbrains.exodus.newLogConcept.garbageCollector.OperationLogGarbageCollector.clean(OperationLogGarbageCollector.java:51)
	at jetbrains.exodus.newLogConcept.MVCC.MVCCDataStructure.lambda$commitTransaction$1(MVCCDataStructure.java:297)
	at java.base/java.util.concurrent.Executors$RunnableAdapter.call(Executors.java:515)
	at java.base/java.util.concurrent.FutureTask.run(FutureTask.java:264)
	at java.base/java.util.concurrent.ThreadPoolExecutor.runWorker(ThreadPoolExecutor.java:1128)
	at java.base/java.util.concurrent.ThreadPoolExecutor$Worker.run(ThreadPoolExecutor.java:628)
	... 1 more
java.util.concurrent.ExecutionException: jetbrains.exodus.ExodusException
	at java.base/java.util.concurrent.FutureTask.report(FutureTask.java:122)
	at java.base/java.util.concurrent.FutureTask.get(FutureTask.java:191)
	at jetbrains.exodus.newLogConcept.MVCC.MVCCDataStructure.commitTransaction(MVCCDataStructure.java:299)
	at site.ycsb.db.XodusClient.insert(XodusClient.java:60)
	at site.ycsb.DBWrapper.insert(DBWrapper.java:227)
	at site.ycsb.workloads.CoreWorkload.doInsert(CoreWorkload.java:621)
	at site.ycsb.ClientThread.run(ClientThread.java:135)
	at java.base/java.lang.Thread.run(Thread.java:829)
Caused by: jetbrains.exodus.ExodusException
	at jetbrains.exodus.newLogConcept.garbageCollector.OperationLogGarbageCollector.moveAndRemoveRecordsFromLog(OperationLogGarbageCollector.java:69)
	at jetbrains.exodus.newLogConcept.garbageCollector.OperationLogGarbageCollector.clean(OperationLogGarbageCollector.java:51)
	at jetbrains.exodus.newLogConcept.MVCC.MVCCDataStructure.lambda$commitTransaction$1(MVCCDataStructure.java:297)
	at java.base/java.util.concurrent.Executors$RunnableAdapter.call(Executors.java:515)
	at java.base/java.util.concurrent.FutureTask.run(FutureTask.java:264)
	at java.base/java.util.concurrent.ThreadPoolExecutor.runWorker(ThreadPoolExecutor.java:1128)
	at java.base/java.util.concurrent.ThreadPoolExecutor$Worker.run(ThreadPoolExecutor.java:628)
	... 1 more
java.util.concurrent.ExecutionException: jetbrains.exodus.ExodusException
	at java.base/java.util.concurrent.FutureTask.report(FutureTask.java:122)
	at java.base/java.util.concurrent.FutureTask.get(FutureTask.java:191)
	at jetbrains.exodus.newLogConcept.MVCC.MVCCDataStructure.commitTransaction(MVCCDataStructure.java:299)
	at site.ycsb.db.XodusClient.insert(XodusClient.java:60)
	at site.ycsb.DBWrapper.insert(DBWrapper.java:227)
	at site.ycsb.workloads.CoreWorkload.doInsert(CoreWorkload.java:621)
	at site.ycsb.ClientThread.run(ClientThread.java:135)
	at java.base/java.lang.Thread.run(Thread.java:829)
Caused by: jetbrains.exodus.ExodusException
	at jetbrains.exodus.newLogConcept.garbageCollector.OperationLogGarbageCollector.moveAndRemoveRecordsFromLog(OperationLogGarbageCollector.java:69)
	at jetbrains.exodus.newLogConcept.garbageCollector.OperationLogGarbageCollector.clean(OperationLogGarbageCollector.java:51)
	at jetbrains.exodus.newLogConcept.MVCC.MVCCDataStructure.lambda$commitTransaction$1(MVCCDataStructure.java:297)
	at java.base/java.util.concurrent.Executors$RunnableAdapter.call(Executors.java:515)
	at java.base/java.util.concurrent.FutureTask.run(FutureTask.java:264)
	at java.base/java.util.concurrent.ThreadPoolExecutor.runWorker(ThreadPoolExecutor.java:1128)
	at java.base/java.util.concurrent.ThreadPoolExecutor$Worker.run(ThreadPoolExecutor.java:628)
	... 1 more
java.util.concurrent.ExecutionException: jetbrains.exodus.ExodusException
	at java.base/java.util.concurrent.FutureTask.report(FutureTask.java:122)
	at java.base/java.util.concurrent.FutureTask.get(FutureTask.java:191)
	at jetbrains.exodus.newLogConcept.MVCC.MVCCDataStructure.commitTransaction(MVCCDataStructure.java:299)
	at site.ycsb.db.XodusClient.insert(XodusClient.java:60)
	at site.ycsb.DBWrapper.insert(DBWrapper.java:227)
	at site.ycsb.workloads.CoreWorkload.doInsert(CoreWorkload.java:621)
	at site.ycsb.ClientThread.run(ClientThread.java:135)
	at java.base/java.lang.Thread.run(Thread.java:829)
Caused by: jetbrains.exodus.ExodusException
	at jetbrains.exodus.newLogConcept.garbageCollector.OperationLogGarbageCollector.moveAndRemoveRecordsFromLog(OperationLogGarbageCollector.java:69)
	at jetbrains.exodus.newLogConcept.garbageCollector.OperationLogGarbageCollector.clean(OperationLogGarbageCollector.java:51)
	at jetbrains.exodus.newLogConcept.MVCC.MVCCDataStructure.lambda$commitTransaction$1(MVCCDataStructure.java:297)
	at java.base/java.util.concurrent.Executors$RunnableAdapter.call(Executors.java:515)
	at java.base/java.util.concurrent.FutureTask.run(FutureTask.java:264)
	at java.base/java.util.concurrent.ThreadPoolExecutor.runWorker(ThreadPoolExecutor.java:1128)
	at java.base/java.util.concurrent.ThreadPoolExecutor$Worker.run(ThreadPoolExecutor.java:628)
	... 1 more
java.util.concurrent.ExecutionException: jetbrains.exodus.ExodusException
	at java.base/java.util.concurrent.FutureTask.report(FutureTask.java:122)
	at java.base/java.util.concurrent.FutureTask.get(FutureTask.java:191)
	at jetbrains.exodus.newLogConcept.MVCC.MVCCDataStructure.commitTransaction(MVCCDataStructure.java:299)
	at site.ycsb.db.XodusClient.insert(XodusClient.java:60)
	at site.ycsb.DBWrapper.insert(DBWrapper.java:227)
	at site.ycsb.workloads.CoreWorkload.doInsert(CoreWorkload.java:621)
	at site.ycsb.ClientThread.run(ClientThread.java:135)
	at java.base/java.lang.Thread.run(Thread.java:829)
Caused by: jetbrains.exodus.ExodusException
	at jetbrains.exodus.newLogConcept.garbageCollector.OperationLogGarbageCollector.moveAndRemoveRecordsFromLog(OperationLogGarbageCollector.java:69)
	at jetbrains.exodus.newLogConcept.garbageCollector.OperationLogGarbageCollector.clean(OperationLogGarbageCollector.java:51)
	at jetbrains.exodus.newLogConcept.MVCC.MVCCDataStructure.lambda$commitTransaction$1(MVCCDataStructure.java:297)
	at java.base/java.util.concurrent.Executors$RunnableAdapter.call(Executors.java:515)
	at java.base/java.util.concurrent.FutureTask.run(FutureTask.java:264)
	at java.base/java.util.concurrent.ThreadPoolExecutor.runWorker(ThreadPoolExecutor.java:1128)
	at java.base/java.util.concurrent.ThreadPoolExecutor$Worker.run(ThreadPoolExecutor.java:628)
	... 1 more
java.util.concurrent.ExecutionException: jetbrains.exodus.ExodusException
	at java.base/java.util.concurrent.FutureTask.report(FutureTask.java:122)
	at java.base/java.util.concurrent.FutureTask.get(FutureTask.java:191)
	at jetbrains.exodus.newLogConcept.MVCC.MVCCDataStructure.commitTransaction(MVCCDataStructure.java:299)
	at site.ycsb.db.XodusClient.insert(XodusClient.java:60)
	at site.ycsb.DBWrapper.insert(DBWrapper.java:227)
	at site.ycsb.workloads.CoreWorkload.doInsert(CoreWorkload.java:621)
	at site.ycsb.ClientThread.run(ClientThread.java:135)
	at java.base/java.lang.Thread.run(Thread.java:829)
Caused by: jetbrains.exodus.ExodusException
	at jetbrains.exodus.newLogConcept.garbageCollector.OperationLogGarbageCollector.moveAndRemoveRecordsFromLog(OperationLogGarbageCollector.java:69)
	at jetbrains.exodus.newLogConcept.garbageCollector.OperationLogGarbageCollector.clean(OperationLogGarbageCollector.java:51)
	at jetbrains.exodus.newLogConcept.MVCC.MVCCDataStructure.lambda$commitTransaction$1(MVCCDataStructure.java:297)
	at java.base/java.util.concurrent.Executors$RunnableAdapter.call(Executors.java:515)
	at java.base/java.util.concurrent.FutureTask.run(FutureTask.java:264)
	at java.base/java.util.concurrent.ThreadPoolExecutor.runWorker(ThreadPoolExecutor.java:1128)
	at java.base/java.util.concurrent.ThreadPoolExecutor$Worker.run(ThreadPoolExecutor.java:628)
	... 1 more
java.util.concurrent.ExecutionException: jetbrains.exodus.ExodusException
	at java.base/java.util.concurrent.FutureTask.report(FutureTask.java:122)
	at java.base/java.util.concurrent.FutureTask.get(FutureTask.java:191)
	at jetbrains.exodus.newLogConcept.MVCC.MVCCDataStructure.commitTransaction(MVCCDataStructure.java:299)
	at site.ycsb.db.XodusClient.insert(XodusClient.java:60)
	at site.ycsb.DBWrapper.insert(DBWrapper.java:227)
	at site.ycsb.workloads.CoreWorkload.doInsert(CoreWorkload.java:621)
	at site.ycsb.ClientThread.run(ClientThread.java:135)
	at java.base/java.lang.Thread.run(Thread.java:829)
Caused by: jetbrains.exodus.ExodusException
	at jetbrains.exodus.newLogConcept.garbageCollector.OperationLogGarbageCollector.moveAndRemoveRecordsFromLog(OperationLogGarbageCollector.java:69)
	at jetbrains.exodus.newLogConcept.garbageCollector.OperationLogGarbageCollector.clean(OperationLogGarbageCollector.java:51)
	at jetbrains.exodus.newLogConcept.MVCC.MVCCDataStructure.lambda$commitTransaction$1(MVCCDataStructure.java:297)
	at java.base/java.util.concurrent.Executors$RunnableAdapter.call(Executors.java:515)
	at java.base/java.util.concurrent.FutureTask.run(FutureTask.java:264)
	at java.base/java.util.concurrent.ThreadPoolExecutor.runWorker(ThreadPoolExecutor.java:1128)
	at java.base/java.util.concurrent.ThreadPoolExecutor$Worker.run(ThreadPoolExecutor.java:628)
	... 1 more
java.util.concurrent.ExecutionException: jetbrains.exodus.ExodusException
	at java.base/java.util.concurrent.FutureTask.report(FutureTask.java:122)
	at java.base/java.util.concurrent.FutureTask.get(FutureTask.java:191)
	at jetbrains.exodus.newLogConcept.MVCC.MVCCDataStructure.commitTransaction(MVCCDataStructure.java:299)
	at site.ycsb.db.XodusClient.insert(XodusClient.java:60)
	at site.ycsb.DBWrapper.insert(DBWrapper.java:227)
	at site.ycsb.workloads.CoreWorkload.doInsert(CoreWorkload.java:621)
	at site.ycsb.ClientThread.run(ClientThread.java:135)
	at java.base/java.lang.Thread.run(Thread.java:829)
Caused by: jetbrains.exodus.ExodusException
	at jetbrains.exodus.newLogConcept.garbageCollector.OperationLogGarbageCollector.moveAndRemoveRecordsFromLog(OperationLogGarbageCollector.java:69)
	at jetbrains.exodus.newLogConcept.garbageCollector.OperationLogGarbageCollector.clean(OperationLogGarbageCollector.java:51)
	at jetbrains.exodus.newLogConcept.MVCC.MVCCDataStructure.lambda$commitTransaction$1(MVCCDataStructure.java:297)
	at java.base/java.util.concurrent.Executors$RunnableAdapter.call(Executors.java:515)
	at java.base/java.util.concurrent.FutureTask.run(FutureTask.java:264)
	at java.base/java.util.concurrent.ThreadPoolExecutor.runWorker(ThreadPoolExecutor.java:1128)
	at java.base/java.util.concurrent.ThreadPoolExecutor$Worker.run(ThreadPoolExecutor.java:628)
	... 1 more
java.util.concurrent.ExecutionException: jetbrains.exodus.ExodusException
	at java.base/java.util.concurrent.FutureTask.report(FutureTask.java:122)
	at java.base/java.util.concurrent.FutureTask.get(FutureTask.java:191)
	at jetbrains.exodus.newLogConcept.MVCC.MVCCDataStructure.commitTransaction(MVCCDataStructure.java:299)
	at site.ycsb.db.XodusClient.insert(XodusClient.java:60)
	at site.ycsb.DBWrapper.insert(DBWrapper.java:227)
	at site.ycsb.workloads.CoreWorkload.doInsert(CoreWorkload.java:621)
	at site.ycsb.ClientThread.run(ClientThread.java:135)
	at java.base/java.lang.Thread.run(Thread.java:829)
Caused by: jetbrains.exodus.ExodusException
	at jetbrains.exodus.newLogConcept.garbageCollector.OperationLogGarbageCollector.moveAndRemoveRecordsFromLog(OperationLogGarbageCollector.java:69)
	at jetbrains.exodus.newLogConcept.garbageCollector.OperationLogGarbageCollector.clean(OperationLogGarbageCollector.java:51)
	at jetbrains.exodus.newLogConcept.MVCC.MVCCDataStructure.lambda$commitTransaction$1(MVCCDataStructure.java:297)
	at java.base/java.util.concurrent.Executors$RunnableAdapter.call(Executors.java:515)
	at java.base/java.util.concurrent.FutureTask.run(FutureTask.java:264)
	at java.base/java.util.concurrent.ThreadPoolExecutor.runWorker(ThreadPoolExecutor.java:1128)
	at java.base/java.util.concurrent.ThreadPoolExecutor$Worker.run(ThreadPoolExecutor.java:628)
	... 1 more
java.util.concurrent.ExecutionException: jetbrains.exodus.ExodusException
	at java.base/java.util.concurrent.FutureTask.report(FutureTask.java:122)
	at java.base/java.util.concurrent.FutureTask.get(FutureTask.java:191)
	at jetbrains.exodus.newLogConcept.MVCC.MVCCDataStructure.commitTransaction(MVCCDataStructure.java:299)
	at site.ycsb.db.XodusClient.insert(XodusClient.java:60)
	at site.ycsb.DBWrapper.insert(DBWrapper.java:227)
	at site.ycsb.workloads.CoreWorkload.doInsert(CoreWorkload.java:621)
	at site.ycsb.ClientThread.run(ClientThread.java:135)
	at java.base/java.lang.Thread.run(Thread.java:829)
Caused by: jetbrains.exodus.ExodusException
	at jetbrains.exodus.newLogConcept.garbageCollector.OperationLogGarbageCollector.moveAndRemoveRecordsFromLog(OperationLogGarbageCollector.java:69)
	at jetbrains.exodus.newLogConcept.garbageCollector.OperationLogGarbageCollector.clean(OperationLogGarbageCollector.java:51)
	at jetbrains.exodus.newLogConcept.MVCC.MVCCDataStructure.lambda$commitTransaction$1(MVCCDataStructure.java:297)
	at java.base/java.util.concurrent.Executors$RunnableAdapter.call(Executors.java:515)
	at java.base/java.util.concurrent.FutureTask.run(FutureTask.java:264)
	at java.base/java.util.concurrent.ThreadPoolExecutor.runWorker(ThreadPoolExecutor.java:1128)
	at java.base/java.util.concurrent.ThreadPoolExecutor$Worker.run(ThreadPoolExecutor.java:628)
	... 1 more
java.util.concurrent.ExecutionException: jetbrains.exodus.ExodusException
	at java.base/java.util.concurrent.FutureTask.report(FutureTask.java:122)
	at java.base/java.util.concurrent.FutureTask.get(FutureTask.java:191)
	at jetbrains.exodus.newLogConcept.MVCC.MVCCDataStructure.commitTransaction(MVCCDataStructure.java:299)
	at site.ycsb.db.XodusClient.insert(XodusClient.java:60)
	at site.ycsb.DBWrapper.insert(DBWrapper.java:227)
	at site.ycsb.workloads.CoreWorkload.doInsert(CoreWorkload.java:621)
	at site.ycsb.ClientThread.run(ClientThread.java:135)
	at java.base/java.lang.Thread.run(Thread.java:829)
Caused by: jetbrains.exodus.ExodusException
	at jetbrains.exodus.newLogConcept.garbageCollector.OperationLogGarbageCollector.moveAndRemoveRecordsFromLog(OperationLogGarbageCollector.java:69)
	at jetbrains.exodus.newLogConcept.garbageCollector.OperationLogGarbageCollector.clean(OperationLogGarbageCollector.java:51)
	at jetbrains.exodus.newLogConcept.MVCC.MVCCDataStructure.lambda$commitTransaction$1(MVCCDataStructure.java:297)
	at java.base/java.util.concurrent.Executors$RunnableAdapter.call(Executors.java:515)
	at java.base/java.util.concurrent.FutureTask.run(FutureTask.java:264)
	at java.base/java.util.concurrent.ThreadPoolExecutor.runWorker(ThreadPoolExecutor.java:1128)
	at java.base/java.util.concurrent.ThreadPoolExecutor$Worker.run(ThreadPoolExecutor.java:628)
	... 1 more
java.util.concurrent.ExecutionException: jetbrains.exodus.ExodusException
	at java.base/java.util.concurrent.FutureTask.report(FutureTask.java:122)
	at java.base/java.util.concurrent.FutureTask.get(FutureTask.java:191)
	at jetbrains.exodus.newLogConcept.MVCC.MVCCDataStructure.commitTransaction(MVCCDataStructure.java:299)
	at site.ycsb.db.XodusClient.insert(XodusClient.java:60)
	at site.ycsb.DBWrapper.insert(DBWrapper.java:227)
	at site.ycsb.workloads.CoreWorkload.doInsert(CoreWorkload.java:621)
	at site.ycsb.ClientThread.run(ClientThread.java:135)
	at java.base/java.lang.Thread.run(Thread.java:829)
Caused by: jetbrains.exodus.ExodusException
	at jetbrains.exodus.newLogConcept.garbageCollector.OperationLogGarbageCollector.moveAndRemoveRecordsFromLog(OperationLogGarbageCollector.java:69)
	at jetbrains.exodus.newLogConcept.garbageCollector.OperationLogGarbageCollector.clean(OperationLogGarbageCollector.java:51)
	at jetbrains.exodus.newLogConcept.MVCC.MVCCDataStructure.lambda$commitTransaction$1(MVCCDataStructure.java:297)
	at java.base/java.util.concurrent.Executors$RunnableAdapter.call(Executors.java:515)
	at java.base/java.util.concurrent.FutureTask.run(FutureTask.java:264)
	at java.base/java.util.concurrent.ThreadPoolExecutor.runWorker(ThreadPoolExecutor.java:1128)
	at java.base/java.util.concurrent.ThreadPoolExecutor$Worker.run(ThreadPoolExecutor.java:628)
	... 1 more
java.util.concurrent.ExecutionException: jetbrains.exodus.ExodusException
	at java.base/java.util.concurrent.FutureTask.report(FutureTask.java:122)
	at java.base/java.util.concurrent.FutureTask.get(FutureTask.java:191)
	at jetbrains.exodus.newLogConcept.MVCC.MVCCDataStructure.commitTransaction(MVCCDataStructure.java:299)
	at site.ycsb.db.XodusClient.insert(XodusClient.java:60)
	at site.ycsb.DBWrapper.insert(DBWrapper.java:227)
	at site.ycsb.workloads.CoreWorkload.doInsert(CoreWorkload.java:621)
	at site.ycsb.ClientThread.run(ClientThread.java:135)
	at java.base/java.lang.Thread.run(Thread.java:829)
Caused by: jetbrains.exodus.ExodusException
	at jetbrains.exodus.newLogConcept.garbageCollector.OperationLogGarbageCollector.moveAndRemoveRecordsFromLog(OperationLogGarbageCollector.java:69)
	at jetbrains.exodus.newLogConcept.garbageCollector.OperationLogGarbageCollector.clean(OperationLogGarbageCollector.java:51)
	at jetbrains.exodus.newLogConcept.MVCC.MVCCDataStructure.lambda$commitTransaction$1(MVCCDataStructure.java:297)
	at java.base/java.util.concurrent.Executors$RunnableAdapter.call(Executors.java:515)
	at java.base/java.util.concurrent.FutureTask.run(FutureTask.java:264)
	at java.base/java.util.concurrent.ThreadPoolExecutor.runWorker(ThreadPoolExecutor.java:1128)
	at java.base/java.util.concurrent.ThreadPoolExecutor$Worker.run(ThreadPoolExecutor.java:628)
	... 1 more
java.util.concurrent.ExecutionException: jetbrains.exodus.ExodusException
	at java.base/java.util.concurrent.FutureTask.report(FutureTask.java:122)
	at java.base/java.util.concurrent.FutureTask.get(FutureTask.java:191)
	at jetbrains.exodus.newLogConcept.MVCC.MVCCDataStructure.commitTransaction(MVCCDataStructure.java:299)
	at site.ycsb.db.XodusClient.insert(XodusClient.java:60)
	at site.ycsb.DBWrapper.insert(DBWrapper.java:227)
	at site.ycsb.workloads.CoreWorkload.doInsert(CoreWorkload.java:621)
	at site.ycsb.ClientThread.run(ClientThread.java:135)
	at java.base/java.lang.Thread.run(Thread.java:829)
Caused by: jetbrains.exodus.ExodusException
	at jetbrains.exodus.newLogConcept.garbageCollector.OperationLogGarbageCollector.moveAndRemoveRecordsFromLog(OperationLogGarbageCollector.java:69)
	at jetbrains.exodus.newLogConcept.garbageCollector.OperationLogGarbageCollector.clean(OperationLogGarbageCollector.java:51)
	at jetbrains.exodus.newLogConcept.MVCC.MVCCDataStructure.lambda$commitTransaction$1(MVCCDataStructure.java:297)
	at java.base/java.util.concurrent.Executors$RunnableAdapter.call(Executors.java:515)
	at java.base/java.util.concurrent.FutureTask.run(FutureTask.java:264)
	at java.base/java.util.concurrent.ThreadPoolExecutor.runWorker(ThreadPoolExecutor.java:1128)
	at java.base/java.util.concurrent.ThreadPoolExecutor$Worker.run(ThreadPoolExecutor.java:628)
	... 1 more
java.util.concurrent.ExecutionException: jetbrains.exodus.ExodusException
	at java.base/java.util.concurrent.FutureTask.report(FutureTask.java:122)
	at java.base/java.util.concurrent.FutureTask.get(FutureTask.java:191)
	at jetbrains.exodus.newLogConcept.MVCC.MVCCDataStructure.commitTransaction(MVCCDataStructure.java:299)
	at site.ycsb.db.XodusClient.insert(XodusClient.java:60)
	at site.ycsb.DBWrapper.insert(DBWrapper.java:227)
	at site.ycsb.workloads.CoreWorkload.doInsert(CoreWorkload.java:621)
	at site.ycsb.ClientThread.run(ClientThread.java:135)
	at java.base/java.lang.Thread.run(Thread.java:829)
Caused by: jetbrains.exodus.ExodusException
	at jetbrains.exodus.newLogConcept.garbageCollector.OperationLogGarbageCollector.moveAndRemoveRecordsFromLog(OperationLogGarbageCollector.java:69)
	at jetbrains.exodus.newLogConcept.garbageCollector.OperationLogGarbageCollector.clean(OperationLogGarbageCollector.java:51)
	at jetbrains.exodus.newLogConcept.MVCC.MVCCDataStructure.lambda$commitTransaction$1(MVCCDataStructure.java:297)
	at java.base/java.util.concurrent.Executors$RunnableAdapter.call(Executors.java:515)
	at java.base/java.util.concurrent.FutureTask.run(FutureTask.java:264)
	at java.base/java.util.concurrent.ThreadPoolExecutor.runWorker(ThreadPoolExecutor.java:1128)
	at java.base/java.util.concurrent.ThreadPoolExecutor$Worker.run(ThreadPoolExecutor.java:628)
	... 1 more
java.util.concurrent.ExecutionException: jetbrains.exodus.ExodusException
	at java.base/java.util.concurrent.FutureTask.report(FutureTask.java:122)
	at java.base/java.util.concurrent.FutureTask.get(FutureTask.java:191)
	at jetbrains.exodus.newLogConcept.MVCC.MVCCDataStructure.commitTransaction(MVCCDataStructure.java:299)
	at site.ycsb.db.XodusClient.insert(XodusClient.java:60)
	at site.ycsb.DBWrapper.insert(DBWrapper.java:227)
	at site.ycsb.workloads.CoreWorkload.doInsert(CoreWorkload.java:621)
	at site.ycsb.ClientThread.run(ClientThread.java:135)
	at java.base/java.lang.Thread.run(Thread.java:829)
Caused by: jetbrains.exodus.ExodusException
	at jetbrains.exodus.newLogConcept.garbageCollector.OperationLogGarbageCollector.moveAndRemoveRecordsFromLog(OperationLogGarbageCollector.java:69)
	at jetbrains.exodus.newLogConcept.garbageCollector.OperationLogGarbageCollector.clean(OperationLogGarbageCollector.java:51)
	at jetbrains.exodus.newLogConcept.MVCC.MVCCDataStructure.lambda$commitTransaction$1(MVCCDataStructure.java:297)
	at java.base/java.util.concurrent.Executors$RunnableAdapter.call(Executors.java:515)
	at java.base/java.util.concurrent.FutureTask.run(FutureTask.java:264)
	at java.base/java.util.concurrent.ThreadPoolExecutor.runWorker(ThreadPoolExecutor.java:1128)
	at java.base/java.util.concurrent.ThreadPoolExecutor$Worker.run(ThreadPoolExecutor.java:628)
	... 1 more
java.util.concurrent.ExecutionException: jetbrains.exodus.ExodusException
	at java.base/java.util.concurrent.FutureTask.report(FutureTask.java:122)
	at java.base/java.util.concurrent.FutureTask.get(FutureTask.java:191)
	at jetbrains.exodus.newLogConcept.MVCC.MVCCDataStructure.commitTransaction(MVCCDataStructure.java:299)
	at site.ycsb.db.XodusClient.insert(XodusClient.java:60)
	at site.ycsb.DBWrapper.insert(DBWrapper.java:227)
	at site.ycsb.workloads.CoreWorkload.doInsert(CoreWorkload.java:621)
	at site.ycsb.ClientThread.run(ClientThread.java:135)
	at java.base/java.lang.Thread.run(Thread.java:829)
Caused by: jetbrains.exodus.ExodusException
	at jetbrains.exodus.newLogConcept.garbageCollector.OperationLogGarbageCollector.moveAndRemoveRecordsFromLog(OperationLogGarbageCollector.java:69)
	at jetbrains.exodus.newLogConcept.garbageCollector.OperationLogGarbageCollector.clean(OperationLogGarbageCollector.java:51)
	at jetbrains.exodus.newLogConcept.MVCC.MVCCDataStructure.lambda$commitTransaction$1(MVCCDataStructure.java:297)
	at java.base/java.util.concurrent.Executors$RunnableAdapter.call(Executors.java:515)
	at java.base/java.util.concurrent.FutureTask.run(FutureTask.java:264)
	at java.base/java.util.concurrent.ThreadPoolExecutor.runWorker(ThreadPoolExecutor.java:1128)
	at java.base/java.util.concurrent.ThreadPoolExecutor$Worker.run(ThreadPoolExecutor.java:628)
	... 1 more
java.util.concurrent.ExecutionException: jetbrains.exodus.ExodusException
	at java.base/java.util.concurrent.FutureTask.report(FutureTask.java:122)
	at java.base/java.util.concurrent.FutureTask.get(FutureTask.java:191)
	at jetbrains.exodus.newLogConcept.MVCC.MVCCDataStructure.commitTransaction(MVCCDataStructure.java:299)
	at site.ycsb.db.XodusClient.insert(XodusClient.java:60)
	at site.ycsb.DBWrapper.insert(DBWrapper.java:227)
	at site.ycsb.workloads.CoreWorkload.doInsert(CoreWorkload.java:621)
	at site.ycsb.ClientThread.run(ClientThread.java:135)
	at java.base/java.lang.Thread.run(Thread.java:829)
Caused by: jetbrains.exodus.ExodusException
	at jetbrains.exodus.newLogConcept.garbageCollector.OperationLogGarbageCollector.moveAndRemoveRecordsFromLog(OperationLogGarbageCollector.java:69)
	at jetbrains.exodus.newLogConcept.garbageCollector.OperationLogGarbageCollector.clean(OperationLogGarbageCollector.java:51)
	at jetbrains.exodus.newLogConcept.MVCC.MVCCDataStructure.lambda$commitTransaction$1(MVCCDataStructure.java:297)
	at java.base/java.util.concurrent.Executors$RunnableAdapter.call(Executors.java:515)
	at java.base/java.util.concurrent.FutureTask.run(FutureTask.java:264)
	at java.base/java.util.concurrent.ThreadPoolExecutor.runWorker(ThreadPoolExecutor.java:1128)
	at java.base/java.util.concurrent.ThreadPoolExecutor$Worker.run(ThreadPoolExecutor.java:628)
	... 1 more
java.util.concurrent.ExecutionException: jetbrains.exodus.ExodusException
	at java.base/java.util.concurrent.FutureTask.report(FutureTask.java:122)
	at java.base/java.util.concurrent.FutureTask.get(FutureTask.java:191)
	at jetbrains.exodus.newLogConcept.MVCC.MVCCDataStructure.commitTransaction(MVCCDataStructure.java:299)
	at site.ycsb.db.XodusClient.insert(XodusClient.java:60)
	at site.ycsb.DBWrapper.insert(DBWrapper.java:227)
	at site.ycsb.workloads.CoreWorkload.doInsert(CoreWorkload.java:621)
	at site.ycsb.ClientThread.run(ClientThread.java:135)
	at java.base/java.lang.Thread.run(Thread.java:829)
Caused by: jetbrains.exodus.ExodusException
	at jetbrains.exodus.newLogConcept.garbageCollector.OperationLogGarbageCollector.moveAndRemoveRecordsFromLog(OperationLogGarbageCollector.java:69)
	at jetbrains.exodus.newLogConcept.garbageCollector.OperationLogGarbageCollector.clean(OperationLogGarbageCollector.java:51)
	at jetbrains.exodus.newLogConcept.MVCC.MVCCDataStructure.lambda$commitTransaction$1(MVCCDataStructure.java:297)
	at java.base/java.util.concurrent.Executors$RunnableAdapter.call(Executors.java:515)
	at java.base/java.util.concurrent.FutureTask.run(FutureTask.java:264)
	at java.base/java.util.concurrent.ThreadPoolExecutor.runWorker(ThreadPoolExecutor.java:1128)
	at java.base/java.util.concurrent.ThreadPoolExecutor$Worker.run(ThreadPoolExecutor.java:628)
	... 1 more
java.util.concurrent.ExecutionException: jetbrains.exodus.ExodusException
	at java.base/java.util.concurrent.FutureTask.report(FutureTask.java:122)
	at java.base/java.util.concurrent.FutureTask.get(FutureTask.java:191)
	at jetbrains.exodus.newLogConcept.MVCC.MVCCDataStructure.commitTransaction(MVCCDataStructure.java:299)
	at site.ycsb.db.XodusClient.insert(XodusClient.java:60)
	at site.ycsb.DBWrapper.insert(DBWrapper.java:227)
	at site.ycsb.workloads.CoreWorkload.doInsert(CoreWorkload.java:621)
	at site.ycsb.ClientThread.run(ClientThread.java:135)
	at java.base/java.lang.Thread.run(Thread.java:829)
Caused by: jetbrains.exodus.ExodusException
	at jetbrains.exodus.newLogConcept.garbageCollector.OperationLogGarbageCollector.moveAndRemoveRecordsFromLog(OperationLogGarbageCollector.java:69)
	at jetbrains.exodus.newLogConcept.garbageCollector.OperationLogGarbageCollector.clean(OperationLogGarbageCollector.java:51)
	at jetbrains.exodus.newLogConcept.MVCC.MVCCDataStructure.lambda$commitTransaction$1(MVCCDataStructure.java:297)
	at java.base/java.util.concurrent.Executors$RunnableAdapter.call(Executors.java:515)
	at java.base/java.util.concurrent.FutureTask.run(FutureTask.java:264)
	at java.base/java.util.concurrent.ThreadPoolExecutor.runWorker(ThreadPoolExecutor.java:1128)
	at java.base/java.util.concurrent.ThreadPoolExecutor$Worker.run(ThreadPoolExecutor.java:628)
	... 1 more
java.util.concurrent.ExecutionException: jetbrains.exodus.ExodusException
	at java.base/java.util.concurrent.FutureTask.report(FutureTask.java:122)
	at java.base/java.util.concurrent.FutureTask.get(FutureTask.java:191)
	at jetbrains.exodus.newLogConcept.MVCC.MVCCDataStructure.commitTransaction(MVCCDataStructure.java:299)
	at site.ycsb.db.XodusClient.insert(XodusClient.java:60)
	at site.ycsb.DBWrapper.insert(DBWrapper.java:227)
	at site.ycsb.workloads.CoreWorkload.doInsert(CoreWorkload.java:621)
	at site.ycsb.ClientThread.run(ClientThread.java:135)
	at java.base/java.lang.Thread.run(Thread.java:829)
Caused by: jetbrains.exodus.ExodusException
	at jetbrains.exodus.newLogConcept.garbageCollector.OperationLogGarbageCollector.moveAndRemoveRecordsFromLog(OperationLogGarbageCollector.java:69)
	at jetbrains.exodus.newLogConcept.garbageCollector.OperationLogGarbageCollector.clean(OperationLogGarbageCollector.java:51)
	at jetbrains.exodus.newLogConcept.MVCC.MVCCDataStructure.lambda$commitTransaction$1(MVCCDataStructure.java:297)
	at java.base/java.util.concurrent.Executors$RunnableAdapter.call(Executors.java:515)
	at java.base/java.util.concurrent.FutureTask.run(FutureTask.java:264)
	at java.base/java.util.concurrent.ThreadPoolExecutor.runWorker(ThreadPoolExecutor.java:1128)
	at java.base/java.util.concurrent.ThreadPoolExecutor$Worker.run(ThreadPoolExecutor.java:628)
	... 1 more
java.util.concurrent.ExecutionException: jetbrains.exodus.ExodusException
	at java.base/java.util.concurrent.FutureTask.report(FutureTask.java:122)
	at java.base/java.util.concurrent.FutureTask.get(FutureTask.java:191)
	at jetbrains.exodus.newLogConcept.MVCC.MVCCDataStructure.commitTransaction(MVCCDataStructure.java:299)
	at site.ycsb.db.XodusClient.insert(XodusClient.java:60)
	at site.ycsb.DBWrapper.insert(DBWrapper.java:227)
	at site.ycsb.workloads.CoreWorkload.doInsert(CoreWorkload.java:621)
	at site.ycsb.ClientThread.run(ClientThread.java:135)
	at java.base/java.lang.Thread.run(Thread.java:829)
Caused by: jetbrains.exodus.ExodusException
	at jetbrains.exodus.newLogConcept.garbageCollector.OperationLogGarbageCollector.moveAndRemoveRecordsFromLog(OperationLogGarbageCollector.java:69)
	at jetbrains.exodus.newLogConcept.garbageCollector.OperationLogGarbageCollector.clean(OperationLogGarbageCollector.java:51)
	at jetbrains.exodus.newLogConcept.MVCC.MVCCDataStructure.lambda$commitTransaction$1(MVCCDataStructure.java:297)
	at java.base/java.util.concurrent.Executors$RunnableAdapter.call(Executors.java:515)
	at java.base/java.util.concurrent.FutureTask.run(FutureTask.java:264)
	at java.base/java.util.concurrent.ThreadPoolExecutor.runWorker(ThreadPoolExecutor.java:1128)
	at java.base/java.util.concurrent.ThreadPoolExecutor$Worker.run(ThreadPoolExecutor.java:628)
	... 1 more
java.util.concurrent.ExecutionException: jetbrains.exodus.ExodusException
	at java.base/java.util.concurrent.FutureTask.report(FutureTask.java:122)
	at java.base/java.util.concurrent.FutureTask.get(FutureTask.java:191)
	at jetbrains.exodus.newLogConcept.MVCC.MVCCDataStructure.commitTransaction(MVCCDataStructure.java:299)
	at site.ycsb.db.XodusClient.insert(XodusClient.java:60)
	at site.ycsb.DBWrapper.insert(DBWrapper.java:227)
	at site.ycsb.workloads.CoreWorkload.doInsert(CoreWorkload.java:621)
	at site.ycsb.ClientThread.run(ClientThread.java:135)
	at java.base/java.lang.Thread.run(Thread.java:829)
Caused by: jetbrains.exodus.ExodusException
	at jetbrains.exodus.newLogConcept.garbageCollector.OperationLogGarbageCollector.moveAndRemoveRecordsFromLog(OperationLogGarbageCollector.java:69)
	at jetbrains.exodus.newLogConcept.garbageCollector.OperationLogGarbageCollector.clean(OperationLogGarbageCollector.java:51)
	at jetbrains.exodus.newLogConcept.MVCC.MVCCDataStructure.lambda$commitTransaction$1(MVCCDataStructure.java:297)
	at java.base/java.util.concurrent.Executors$RunnableAdapter.call(Executors.java:515)
	at java.base/java.util.concurrent.FutureTask.run(FutureTask.java:264)
	at java.base/java.util.concurrent.ThreadPoolExecutor.runWorker(ThreadPoolExecutor.java:1128)
	at java.base/java.util.concurrent.ThreadPoolExecutor$Worker.run(ThreadPoolExecutor.java:628)
	... 1 more
java.util.concurrent.ExecutionException: jetbrains.exodus.ExodusException
	at java.base/java.util.concurrent.FutureTask.report(FutureTask.java:122)
	at java.base/java.util.concurrent.FutureTask.get(FutureTask.java:191)
	at jetbrains.exodus.newLogConcept.MVCC.MVCCDataStructure.commitTransaction(MVCCDataStructure.java:299)
	at site.ycsb.db.XodusClient.insert(XodusClient.java:60)
	at site.ycsb.DBWrapper.insert(DBWrapper.java:227)
	at site.ycsb.workloads.CoreWorkload.doInsert(CoreWorkload.java:621)
	at site.ycsb.ClientThread.run(ClientThread.java:135)
	at java.base/java.lang.Thread.run(Thread.java:829)
Caused by: jetbrains.exodus.ExodusException
	at jetbrains.exodus.newLogConcept.garbageCollector.OperationLogGarbageCollector.moveAndRemoveRecordsFromLog(OperationLogGarbageCollector.java:69)
	at jetbrains.exodus.newLogConcept.garbageCollector.OperationLogGarbageCollector.clean(OperationLogGarbageCollector.java:51)
	at jetbrains.exodus.newLogConcept.MVCC.MVCCDataStructure.lambda$commitTransaction$1(MVCCDataStructure.java:297)
	at java.base/java.util.concurrent.Executors$RunnableAdapter.call(Executors.java:515)
	at java.base/java.util.concurrent.FutureTask.run(FutureTask.java:264)
	at java.base/java.util.concurrent.ThreadPoolExecutor.runWorker(ThreadPoolExecutor.java:1128)
	at java.base/java.util.concurrent.ThreadPoolExecutor$Worker.run(ThreadPoolExecutor.java:628)
	... 1 more
java.util.concurrent.ExecutionException: jetbrains.exodus.ExodusException
	at java.base/java.util.concurrent.FutureTask.report(FutureTask.java:122)
	at java.base/java.util.concurrent.FutureTask.get(FutureTask.java:191)
	at jetbrains.exodus.newLogConcept.MVCC.MVCCDataStructure.commitTransaction(MVCCDataStructure.java:299)
	at site.ycsb.db.XodusClient.insert(XodusClient.java:60)
	at site.ycsb.DBWrapper.insert(DBWrapper.java:227)
	at site.ycsb.workloads.CoreWorkload.doInsert(CoreWorkload.java:621)
	at site.ycsb.ClientThread.run(ClientThread.java:135)
	at java.base/java.lang.Thread.run(Thread.java:829)
Caused by: jetbrains.exodus.ExodusException
	at jetbrains.exodus.newLogConcept.garbageCollector.OperationLogGarbageCollector.moveAndRemoveRecordsFromLog(OperationLogGarbageCollector.java:69)
	at jetbrains.exodus.newLogConcept.garbageCollector.OperationLogGarbageCollector.clean(OperationLogGarbageCollector.java:51)
	at jetbrains.exodus.newLogConcept.MVCC.MVCCDataStructure.lambda$commitTransaction$1(MVCCDataStructure.java:297)
	at java.base/java.util.concurrent.Executors$RunnableAdapter.call(Executors.java:515)
	at java.base/java.util.concurrent.FutureTask.run(FutureTask.java:264)
	at java.base/java.util.concurrent.ThreadPoolExecutor.runWorker(ThreadPoolExecutor.java:1128)
	at java.base/java.util.concurrent.ThreadPoolExecutor$Worker.run(ThreadPoolExecutor.java:628)
	... 1 more
java.util.concurrent.ExecutionException: jetbrains.exodus.ExodusException
	at java.base/java.util.concurrent.FutureTask.report(FutureTask.java:122)
	at java.base/java.util.concurrent.FutureTask.get(FutureTask.java:191)
	at jetbrains.exodus.newLogConcept.MVCC.MVCCDataStructure.commitTransaction(MVCCDataStructure.java:299)
	at site.ycsb.db.XodusClient.insert(XodusClient.java:60)
	at site.ycsb.DBWrapper.insert(DBWrapper.java:227)
	at site.ycsb.workloads.CoreWorkload.doInsert(CoreWorkload.java:621)
	at site.ycsb.ClientThread.run(ClientThread.java:135)
	at java.base/java.lang.Thread.run(Thread.java:829)
Caused by: jetbrains.exodus.ExodusException
	at jetbrains.exodus.newLogConcept.garbageCollector.OperationLogGarbageCollector.moveAndRemoveRecordsFromLog(OperationLogGarbageCollector.java:69)
	at jetbrains.exodus.newLogConcept.garbageCollector.OperationLogGarbageCollector.clean(OperationLogGarbageCollector.java:51)
	at jetbrains.exodus.newLogConcept.MVCC.MVCCDataStructure.lambda$commitTransaction$1(MVCCDataStructure.java:297)
	at java.base/java.util.concurrent.Executors$RunnableAdapter.call(Executors.java:515)
	at java.base/java.util.concurrent.FutureTask.run(FutureTask.java:264)
	at java.base/java.util.concurrent.ThreadPoolExecutor.runWorker(ThreadPoolExecutor.java:1128)
	at java.base/java.util.concurrent.ThreadPoolExecutor$Worker.run(ThreadPoolExecutor.java:628)
	... 1 more
java.util.concurrent.ExecutionException: jetbrains.exodus.ExodusException
	at java.base/java.util.concurrent.FutureTask.report(FutureTask.java:122)
	at java.base/java.util.concurrent.FutureTask.get(FutureTask.java:191)
	at jetbrains.exodus.newLogConcept.MVCC.MVCCDataStructure.commitTransaction(MVCCDataStructure.java:299)
	at site.ycsb.db.XodusClient.insert(XodusClient.java:60)
	at site.ycsb.DBWrapper.insert(DBWrapper.java:227)
	at site.ycsb.workloads.CoreWorkload.doInsert(CoreWorkload.java:621)
	at site.ycsb.ClientThread.run(ClientThread.java:135)
	at java.base/java.lang.Thread.run(Thread.java:829)
Caused by: jetbrains.exodus.ExodusException
	at jetbrains.exodus.newLogConcept.garbageCollector.OperationLogGarbageCollector.moveAndRemoveRecordsFromLog(OperationLogGarbageCollector.java:69)
	at jetbrains.exodus.newLogConcept.garbageCollector.OperationLogGarbageCollector.clean(OperationLogGarbageCollector.java:51)
	at jetbrains.exodus.newLogConcept.MVCC.MVCCDataStructure.lambda$commitTransaction$1(MVCCDataStructure.java:297)
	at java.base/java.util.concurrent.Executors$RunnableAdapter.call(Executors.java:515)
	at java.base/java.util.concurrent.FutureTask.run(FutureTask.java:264)
	at java.base/java.util.concurrent.ThreadPoolExecutor.runWorker(ThreadPoolExecutor.java:1128)
	at java.base/java.util.concurrent.ThreadPoolExecutor$Worker.run(ThreadPoolExecutor.java:628)
	... 1 more
java.util.concurrent.ExecutionException: jetbrains.exodus.ExodusException
	at java.base/java.util.concurrent.FutureTask.report(FutureTask.java:122)
	at java.base/java.util.concurrent.FutureTask.get(FutureTask.java:191)
	at jetbrains.exodus.newLogConcept.MVCC.MVCCDataStructure.commitTransaction(MVCCDataStructure.java:299)
	at site.ycsb.db.XodusClient.insert(XodusClient.java:60)
	at site.ycsb.DBWrapper.insert(DBWrapper.java:227)
	at site.ycsb.workloads.CoreWorkload.doInsert(CoreWorkload.java:621)
	at site.ycsb.ClientThread.run(ClientThread.java:135)
	at java.base/java.lang.Thread.run(Thread.java:829)
Caused by: jetbrains.exodus.ExodusException
	at jetbrains.exodus.newLogConcept.garbageCollector.OperationLogGarbageCollector.moveAndRemoveRecordsFromLog(OperationLogGarbageCollector.java:69)
	at jetbrains.exodus.newLogConcept.garbageCollector.OperationLogGarbageCollector.clean(OperationLogGarbageCollector.java:51)
	at jetbrains.exodus.newLogConcept.MVCC.MVCCDataStructure.lambda$commitTransaction$1(MVCCDataStructure.java:297)
	at java.base/java.util.concurrent.Executors$RunnableAdapter.call(Executors.java:515)
	at java.base/java.util.concurrent.FutureTask.run(FutureTask.java:264)
	at java.base/java.util.concurrent.ThreadPoolExecutor.runWorker(ThreadPoolExecutor.java:1128)
	at java.base/java.util.concurrent.ThreadPoolExecutor$Worker.run(ThreadPoolExecutor.java:628)
	... 1 more
java.util.concurrent.ExecutionException: jetbrains.exodus.ExodusException
	at java.base/java.util.concurrent.FutureTask.report(FutureTask.java:122)
	at java.base/java.util.concurrent.FutureTask.get(FutureTask.java:191)
	at jetbrains.exodus.newLogConcept.MVCC.MVCCDataStructure.commitTransaction(MVCCDataStructure.java:299)
	at site.ycsb.db.XodusClient.insert(XodusClient.java:60)
	at site.ycsb.DBWrapper.insert(DBWrapper.java:227)
	at site.ycsb.workloads.CoreWorkload.doInsert(CoreWorkload.java:621)
	at site.ycsb.ClientThread.run(ClientThread.java:135)
	at java.base/java.lang.Thread.run(Thread.java:829)
Caused by: jetbrains.exodus.ExodusException
	at jetbrains.exodus.newLogConcept.garbageCollector.OperationLogGarbageCollector.moveAndRemoveRecordsFromLog(OperationLogGarbageCollector.java:69)
	at jetbrains.exodus.newLogConcept.garbageCollector.OperationLogGarbageCollector.clean(OperationLogGarbageCollector.java:51)
	at jetbrains.exodus.newLogConcept.MVCC.MVCCDataStructure.lambda$commitTransaction$1(MVCCDataStructure.java:297)
	at java.base/java.util.concurrent.Executors$RunnableAdapter.call(Executors.java:515)
	at java.base/java.util.concurrent.FutureTask.run(FutureTask.java:264)
	at java.base/java.util.concurrent.ThreadPoolExecutor.runWorker(ThreadPoolExecutor.java:1128)
	at java.base/java.util.concurrent.ThreadPoolExecutor$Worker.run(ThreadPoolExecutor.java:628)
	... 1 more
java.util.concurrent.ExecutionException: jetbrains.exodus.ExodusException
	at java.base/java.util.concurrent.FutureTask.report(FutureTask.java:122)
	at java.base/java.util.concurrent.FutureTask.get(FutureTask.java:191)
	at jetbrains.exodus.newLogConcept.MVCC.MVCCDataStructure.commitTransaction(MVCCDataStructure.java:299)
	at site.ycsb.db.XodusClient.insert(XodusClient.java:60)
	at site.ycsb.DBWrapper.insert(DBWrapper.java:227)
	at site.ycsb.workloads.CoreWorkload.doInsert(CoreWorkload.java:621)
	at site.ycsb.ClientThread.run(ClientThread.java:135)
	at java.base/java.lang.Thread.run(Thread.java:829)
Caused by: jetbrains.exodus.ExodusException
	at jetbrains.exodus.newLogConcept.garbageCollector.OperationLogGarbageCollector.moveAndRemoveRecordsFromLog(OperationLogGarbageCollector.java:69)
	at jetbrains.exodus.newLogConcept.garbageCollector.OperationLogGarbageCollector.clean(OperationLogGarbageCollector.java:51)
	at jetbrains.exodus.newLogConcept.MVCC.MVCCDataStructure.lambda$commitTransaction$1(MVCCDataStructure.java:297)
	at java.base/java.util.concurrent.Executors$RunnableAdapter.call(Executors.java:515)
	at java.base/java.util.concurrent.FutureTask.run(FutureTask.java:264)
	at java.base/java.util.concurrent.ThreadPoolExecutor.runWorker(ThreadPoolExecutor.java:1128)
	at java.base/java.util.concurrent.ThreadPoolExecutor$Worker.run(ThreadPoolExecutor.java:628)
	... 1 more
java.util.concurrent.ExecutionException: jetbrains.exodus.ExodusException
	at java.base/java.util.concurrent.FutureTask.report(FutureTask.java:122)
	at java.base/java.util.concurrent.FutureTask.get(FutureTask.java:191)
	at jetbrains.exodus.newLogConcept.MVCC.MVCCDataStructure.commitTransaction(MVCCDataStructure.java:299)
	at site.ycsb.db.XodusClient.insert(XodusClient.java:60)
	at site.ycsb.DBWrapper.insert(DBWrapper.java:227)
	at site.ycsb.workloads.CoreWorkload.doInsert(CoreWorkload.java:621)
	at site.ycsb.ClientThread.run(ClientThread.java:135)
	at java.base/java.lang.Thread.run(Thread.java:829)
Caused by: jetbrains.exodus.ExodusException
	at jetbrains.exodus.newLogConcept.garbageCollector.OperationLogGarbageCollector.moveAndRemoveRecordsFromLog(OperationLogGarbageCollector.java:69)
	at jetbrains.exodus.newLogConcept.garbageCollector.OperationLogGarbageCollector.clean(OperationLogGarbageCollector.java:51)
	at jetbrains.exodus.newLogConcept.MVCC.MVCCDataStructure.lambda$commitTransaction$1(MVCCDataStructure.java:297)
	at java.base/java.util.concurrent.Executors$RunnableAdapter.call(Executors.java:515)
	at java.base/java.util.concurrent.FutureTask.run(FutureTask.java:264)
	at java.base/java.util.concurrent.ThreadPoolExecutor.runWorker(ThreadPoolExecutor.java:1128)
	at java.base/java.util.concurrent.ThreadPoolExecutor$Worker.run(ThreadPoolExecutor.java:628)
	... 1 more
java.util.concurrent.ExecutionException: jetbrains.exodus.ExodusException
	at java.base/java.util.concurrent.FutureTask.report(FutureTask.java:122)
	at java.base/java.util.concurrent.FutureTask.get(FutureTask.java:191)
	at jetbrains.exodus.newLogConcept.MVCC.MVCCDataStructure.commitTransaction(MVCCDataStructure.java:299)
	at site.ycsb.db.XodusClient.insert(XodusClient.java:60)
	at site.ycsb.DBWrapper.insert(DBWrapper.java:227)
	at site.ycsb.workloads.CoreWorkload.doInsert(CoreWorkload.java:621)
	at site.ycsb.ClientThread.run(ClientThread.java:135)
	at java.base/java.lang.Thread.run(Thread.java:829)
Caused by: jetbrains.exodus.ExodusException
	at jetbrains.exodus.newLogConcept.garbageCollector.OperationLogGarbageCollector.moveAndRemoveRecordsFromLog(OperationLogGarbageCollector.java:69)
	at jetbrains.exodus.newLogConcept.garbageCollector.OperationLogGarbageCollector.clean(OperationLogGarbageCollector.java:51)
	at jetbrains.exodus.newLogConcept.MVCC.MVCCDataStructure.lambda$commitTransaction$1(MVCCDataStructure.java:297)
	at java.base/java.util.concurrent.Executors$RunnableAdapter.call(Executors.java:515)
	at java.base/java.util.concurrent.FutureTask.run(FutureTask.java:264)
	at java.base/java.util.concurrent.ThreadPoolExecutor.runWorker(ThreadPoolExecutor.java:1128)
	at java.base/java.util.concurrent.ThreadPoolExecutor$Worker.run(ThreadPoolExecutor.java:628)
	... 1 more
java.util.concurrent.ExecutionException: jetbrains.exodus.ExodusException
	at java.base/java.util.concurrent.FutureTask.report(FutureTask.java:122)
	at java.base/java.util.concurrent.FutureTask.get(FutureTask.java:191)
	at jetbrains.exodus.newLogConcept.MVCC.MVCCDataStructure.commitTransaction(MVCCDataStructure.java:299)
	at site.ycsb.db.XodusClient.insert(XodusClient.java:60)
	at site.ycsb.DBWrapper.insert(DBWrapper.java:227)
	at site.ycsb.workloads.CoreWorkload.doInsert(CoreWorkload.java:621)
	at site.ycsb.ClientThread.run(ClientThread.java:135)
	at java.base/java.lang.Thread.run(Thread.java:829)
Caused by: jetbrains.exodus.ExodusException
	at jetbrains.exodus.newLogConcept.garbageCollector.OperationLogGarbageCollector.moveAndRemoveRecordsFromLog(OperationLogGarbageCollector.java:69)
	at jetbrains.exodus.newLogConcept.garbageCollector.OperationLogGarbageCollector.clean(OperationLogGarbageCollector.java:51)
	at jetbrains.exodus.newLogConcept.MVCC.MVCCDataStructure.lambda$commitTransaction$1(MVCCDataStructure.java:297)
	at java.base/java.util.concurrent.Executors$RunnableAdapter.call(Executors.java:515)
	at java.base/java.util.concurrent.FutureTask.run(FutureTask.java:264)
	at java.base/java.util.concurrent.ThreadPoolExecutor.runWorker(ThreadPoolExecutor.java:1128)
	at java.base/java.util.concurrent.ThreadPoolExecutor$Worker.run(ThreadPoolExecutor.java:628)
	... 1 more
java.util.concurrent.ExecutionException: jetbrains.exodus.ExodusException
	at java.base/java.util.concurrent.FutureTask.report(FutureTask.java:122)
	at java.base/java.util.concurrent.FutureTask.get(FutureTask.java:191)
	at jetbrains.exodus.newLogConcept.MVCC.MVCCDataStructure.commitTransaction(MVCCDataStructure.java:299)
	at site.ycsb.db.XodusClient.insert(XodusClient.java:60)
	at site.ycsb.DBWrapper.insert(DBWrapper.java:227)
	at site.ycsb.workloads.CoreWorkload.doInsert(CoreWorkload.java:621)
	at site.ycsb.ClientThread.run(ClientThread.java:135)
	at java.base/java.lang.Thread.run(Thread.java:829)
Caused by: jetbrains.exodus.ExodusException
	at jetbrains.exodus.newLogConcept.garbageCollector.OperationLogGarbageCollector.moveAndRemoveRecordsFromLog(OperationLogGarbageCollector.java:69)
	at jetbrains.exodus.newLogConcept.garbageCollector.OperationLogGarbageCollector.clean(OperationLogGarbageCollector.java:51)
	at jetbrains.exodus.newLogConcept.MVCC.MVCCDataStructure.lambda$commitTransaction$1(MVCCDataStructure.java:297)
	at java.base/java.util.concurrent.Executors$RunnableAdapter.call(Executors.java:515)
	at java.base/java.util.concurrent.FutureTask.run(FutureTask.java:264)
	at java.base/java.util.concurrent.ThreadPoolExecutor.runWorker(ThreadPoolExecutor.java:1128)
	at java.base/java.util.concurrent.ThreadPoolExecutor$Worker.run(ThreadPoolExecutor.java:628)
	... 1 more
java.util.concurrent.ExecutionException: jetbrains.exodus.ExodusException
	at java.base/java.util.concurrent.FutureTask.report(FutureTask.java:122)
	at java.base/java.util.concurrent.FutureTask.get(FutureTask.java:191)
	at jetbrains.exodus.newLogConcept.MVCC.MVCCDataStructure.commitTransaction(MVCCDataStructure.java:299)
	at site.ycsb.db.XodusClient.insert(XodusClient.java:60)
	at site.ycsb.DBWrapper.insert(DBWrapper.java:227)
	at site.ycsb.workloads.CoreWorkload.doInsert(CoreWorkload.java:621)
	at site.ycsb.ClientThread.run(ClientThread.java:135)
	at java.base/java.lang.Thread.run(Thread.java:829)
Caused by: jetbrains.exodus.ExodusException
	at jetbrains.exodus.newLogConcept.garbageCollector.OperationLogGarbageCollector.moveAndRemoveRecordsFromLog(OperationLogGarbageCollector.java:69)
	at jetbrains.exodus.newLogConcept.garbageCollector.OperationLogGarbageCollector.clean(OperationLogGarbageCollector.java:51)
	at jetbrains.exodus.newLogConcept.MVCC.MVCCDataStructure.lambda$commitTransaction$1(MVCCDataStructure.java:297)
	at java.base/java.util.concurrent.Executors$RunnableAdapter.call(Executors.java:515)
	at java.base/java.util.concurrent.FutureTask.run(FutureTask.java:264)
	at java.base/java.util.concurrent.ThreadPoolExecutor.runWorker(ThreadPoolExecutor.java:1128)
	at java.base/java.util.concurrent.ThreadPoolExecutor$Worker.run(ThreadPoolExecutor.java:628)
	... 1 more
java.util.concurrent.ExecutionException: jetbrains.exodus.ExodusException
	at java.base/java.util.concurrent.FutureTask.report(FutureTask.java:122)
	at java.base/java.util.concurrent.FutureTask.get(FutureTask.java:191)
	at jetbrains.exodus.newLogConcept.MVCC.MVCCDataStructure.commitTransaction(MVCCDataStructure.java:299)
	at site.ycsb.db.XodusClient.insert(XodusClient.java:60)
	at site.ycsb.DBWrapper.insert(DBWrapper.java:227)
	at site.ycsb.workloads.CoreWorkload.doInsert(CoreWorkload.java:621)
	at site.ycsb.ClientThread.run(ClientThread.java:135)
	at java.base/java.lang.Thread.run(Thread.java:829)
Caused by: jetbrains.exodus.ExodusException
	at jetbrains.exodus.newLogConcept.garbageCollector.OperationLogGarbageCollector.moveAndRemoveRecordsFromLog(OperationLogGarbageCollector.java:69)
	at jetbrains.exodus.newLogConcept.garbageCollector.OperationLogGarbageCollector.clean(OperationLogGarbageCollector.java:51)
	at jetbrains.exodus.newLogConcept.MVCC.MVCCDataStructure.lambda$commitTransaction$1(MVCCDataStructure.java:297)
	at java.base/java.util.concurrent.Executors$RunnableAdapter.call(Executors.java:515)
	at java.base/java.util.concurrent.FutureTask.run(FutureTask.java:264)
	at java.base/java.util.concurrent.ThreadPoolExecutor.runWorker(ThreadPoolExecutor.java:1128)
	at java.base/java.util.concurrent.ThreadPoolExecutor$Worker.run(ThreadPoolExecutor.java:628)
	... 1 more
java.util.concurrent.ExecutionException: jetbrains.exodus.ExodusException
	at java.base/java.util.concurrent.FutureTask.report(FutureTask.java:122)
	at java.base/java.util.concurrent.FutureTask.get(FutureTask.java:191)
	at jetbrains.exodus.newLogConcept.MVCC.MVCCDataStructure.commitTransaction(MVCCDataStructure.java:299)
	at site.ycsb.db.XodusClient.insert(XodusClient.java:60)
	at site.ycsb.DBWrapper.insert(DBWrapper.java:227)
	at site.ycsb.workloads.CoreWorkload.doInsert(CoreWorkload.java:621)
	at site.ycsb.ClientThread.run(ClientThread.java:135)
	at java.base/java.lang.Thread.run(Thread.java:829)
Caused by: jetbrains.exodus.ExodusException
	at jetbrains.exodus.newLogConcept.garbageCollector.OperationLogGarbageCollector.moveAndRemoveRecordsFromLog(OperationLogGarbageCollector.java:69)
	at jetbrains.exodus.newLogConcept.garbageCollector.OperationLogGarbageCollector.clean(OperationLogGarbageCollector.java:51)
	at jetbrains.exodus.newLogConcept.MVCC.MVCCDataStructure.lambda$commitTransaction$1(MVCCDataStructure.java:297)
	at java.base/java.util.concurrent.Executors$RunnableAdapter.call(Executors.java:515)
	at java.base/java.util.concurrent.FutureTask.run(FutureTask.java:264)
	at java.base/java.util.concurrent.ThreadPoolExecutor.runWorker(ThreadPoolExecutor.java:1128)
	at java.base/java.util.concurrent.ThreadPoolExecutor$Worker.run(ThreadPoolExecutor.java:628)
	... 1 more
java.util.concurrent.ExecutionException: jetbrains.exodus.ExodusException
	at java.base/java.util.concurrent.FutureTask.report(FutureTask.java:122)
	at java.base/java.util.concurrent.FutureTask.get(FutureTask.java:191)
	at jetbrains.exodus.newLogConcept.MVCC.MVCCDataStructure.commitTransaction(MVCCDataStructure.java:299)
	at site.ycsb.db.XodusClient.insert(XodusClient.java:60)
	at site.ycsb.DBWrapper.insert(DBWrapper.java:227)
	at site.ycsb.workloads.CoreWorkload.doInsert(CoreWorkload.java:621)
	at site.ycsb.ClientThread.run(ClientThread.java:135)
	at java.base/java.lang.Thread.run(Thread.java:829)
Caused by: jetbrains.exodus.ExodusException
	at jetbrains.exodus.newLogConcept.garbageCollector.OperationLogGarbageCollector.moveAndRemoveRecordsFromLog(OperationLogGarbageCollector.java:69)
	at jetbrains.exodus.newLogConcept.garbageCollector.OperationLogGarbageCollector.clean(OperationLogGarbageCollector.java:51)
	at jetbrains.exodus.newLogConcept.MVCC.MVCCDataStructure.lambda$commitTransaction$1(MVCCDataStructure.java:297)
	at java.base/java.util.concurrent.Executors$RunnableAdapter.call(Executors.java:515)
	at java.base/java.util.concurrent.FutureTask.run(FutureTask.java:264)
	at java.base/java.util.concurrent.ThreadPoolExecutor.runWorker(ThreadPoolExecutor.java:1128)
	at java.base/java.util.concurrent.ThreadPoolExecutor$Worker.run(ThreadPoolExecutor.java:628)
	... 1 more
java.util.concurrent.ExecutionException: jetbrains.exodus.ExodusException
	at java.base/java.util.concurrent.FutureTask.report(FutureTask.java:122)
	at java.base/java.util.concurrent.FutureTask.get(FutureTask.java:191)
	at jetbrains.exodus.newLogConcept.MVCC.MVCCDataStructure.commitTransaction(MVCCDataStructure.java:299)
	at site.ycsb.db.XodusClient.insert(XodusClient.java:60)
	at site.ycsb.DBWrapper.insert(DBWrapper.java:227)
	at site.ycsb.workloads.CoreWorkload.doInsert(CoreWorkload.java:621)
	at site.ycsb.ClientThread.run(ClientThread.java:135)
	at java.base/java.lang.Thread.run(Thread.java:829)
Caused by: jetbrains.exodus.ExodusException
	at jetbrains.exodus.newLogConcept.garbageCollector.OperationLogGarbageCollector.moveAndRemoveRecordsFromLog(OperationLogGarbageCollector.java:69)
	at jetbrains.exodus.newLogConcept.garbageCollector.OperationLogGarbageCollector.clean(OperationLogGarbageCollector.java:51)
	at jetbrains.exodus.newLogConcept.MVCC.MVCCDataStructure.lambda$commitTransaction$1(MVCCDataStructure.java:297)
	at java.base/java.util.concurrent.Executors$RunnableAdapter.call(Executors.java:515)
	at java.base/java.util.concurrent.FutureTask.run(FutureTask.java:264)
	at java.base/java.util.concurrent.ThreadPoolExecutor.runWorker(ThreadPoolExecutor.java:1128)
	at java.base/java.util.concurrent.ThreadPoolExecutor$Worker.run(ThreadPoolExecutor.java:628)
	... 1 more
java.util.concurrent.ExecutionException: jetbrains.exodus.ExodusException
	at java.base/java.util.concurrent.FutureTask.report(FutureTask.java:122)
	at java.base/java.util.concurrent.FutureTask.get(FutureTask.java:191)
	at jetbrains.exodus.newLogConcept.MVCC.MVCCDataStructure.commitTransaction(MVCCDataStructure.java:299)
	at site.ycsb.db.XodusClient.insert(XodusClient.java:60)
	at site.ycsb.DBWrapper.insert(DBWrapper.java:227)
	at site.ycsb.workloads.CoreWorkload.doInsert(CoreWorkload.java:621)
	at site.ycsb.ClientThread.run(ClientThread.java:135)
	at java.base/java.lang.Thread.run(Thread.java:829)
Caused by: jetbrains.exodus.ExodusException
	at jetbrains.exodus.newLogConcept.garbageCollector.OperationLogGarbageCollector.moveAndRemoveRecordsFromLog(OperationLogGarbageCollector.java:69)
	at jetbrains.exodus.newLogConcept.garbageCollector.OperationLogGarbageCollector.clean(OperationLogGarbageCollector.java:51)
	at jetbrains.exodus.newLogConcept.MVCC.MVCCDataStructure.lambda$commitTransaction$1(MVCCDataStructure.java:297)
	at java.base/java.util.concurrent.Executors$RunnableAdapter.call(Executors.java:515)
	at java.base/java.util.concurrent.FutureTask.run(FutureTask.java:264)
	at java.base/java.util.concurrent.ThreadPoolExecutor.runWorker(ThreadPoolExecutor.java:1128)
	at java.base/java.util.concurrent.ThreadPoolExecutor$Worker.run(ThreadPoolExecutor.java:628)
	... 1 more
java.util.concurrent.ExecutionException: jetbrains.exodus.ExodusException
	at java.base/java.util.concurrent.FutureTask.report(FutureTask.java:122)
	at java.base/java.util.concurrent.FutureTask.get(FutureTask.java:191)
	at jetbrains.exodus.newLogConcept.MVCC.MVCCDataStructure.commitTransaction(MVCCDataStructure.java:299)
	at site.ycsb.db.XodusClient.insert(XodusClient.java:60)
	at site.ycsb.DBWrapper.insert(DBWrapper.java:227)
	at site.ycsb.workloads.CoreWorkload.doInsert(CoreWorkload.java:621)
	at site.ycsb.ClientThread.run(ClientThread.java:135)
	at java.base/java.lang.Thread.run(Thread.java:829)
Caused by: jetbrains.exodus.ExodusException
	at jetbrains.exodus.newLogConcept.garbageCollector.OperationLogGarbageCollector.moveAndRemoveRecordsFromLog(OperationLogGarbageCollector.java:69)
	at jetbrains.exodus.newLogConcept.garbageCollector.OperationLogGarbageCollector.clean(OperationLogGarbageCollector.java:51)
	at jetbrains.exodus.newLogConcept.MVCC.MVCCDataStructure.lambda$commitTransaction$1(MVCCDataStructure.java:297)
	at java.base/java.util.concurrent.Executors$RunnableAdapter.call(Executors.java:515)
	at java.base/java.util.concurrent.FutureTask.run(FutureTask.java:264)
	at java.base/java.util.concurrent.ThreadPoolExecutor.runWorker(ThreadPoolExecutor.java:1128)
	at java.base/java.util.concurrent.ThreadPoolExecutor$Worker.run(ThreadPoolExecutor.java:628)
	... 1 more
java.util.concurrent.ExecutionException: jetbrains.exodus.ExodusException
	at java.base/java.util.concurrent.FutureTask.report(FutureTask.java:122)
	at java.base/java.util.concurrent.FutureTask.get(FutureTask.java:191)
	at jetbrains.exodus.newLogConcept.MVCC.MVCCDataStructure.commitTransaction(MVCCDataStructure.java:299)
	at site.ycsb.db.XodusClient.insert(XodusClient.java:60)
	at site.ycsb.DBWrapper.insert(DBWrapper.java:227)
	at site.ycsb.workloads.CoreWorkload.doInsert(CoreWorkload.java:621)
	at site.ycsb.ClientThread.run(ClientThread.java:135)
	at java.base/java.lang.Thread.run(Thread.java:829)
Caused by: jetbrains.exodus.ExodusException
	at jetbrains.exodus.newLogConcept.garbageCollector.OperationLogGarbageCollector.moveAndRemoveRecordsFromLog(OperationLogGarbageCollector.java:69)
	at jetbrains.exodus.newLogConcept.garbageCollector.OperationLogGarbageCollector.clean(OperationLogGarbageCollector.java:51)
	at jetbrains.exodus.newLogConcept.MVCC.MVCCDataStructure.lambda$commitTransaction$1(MVCCDataStructure.java:297)
	at java.base/java.util.concurrent.Executors$RunnableAdapter.call(Executors.java:515)
	at java.base/java.util.concurrent.FutureTask.run(FutureTask.java:264)
	at java.base/java.util.concurrent.ThreadPoolExecutor.runWorker(ThreadPoolExecutor.java:1128)
	at java.base/java.util.concurrent.ThreadPoolExecutor$Worker.run(ThreadPoolExecutor.java:628)
	... 1 more
java.util.concurrent.ExecutionException: jetbrains.exodus.ExodusException
	at java.base/java.util.concurrent.FutureTask.report(FutureTask.java:122)
	at java.base/java.util.concurrent.FutureTask.get(FutureTask.java:191)
	at jetbrains.exodus.newLogConcept.MVCC.MVCCDataStructure.commitTransaction(MVCCDataStructure.java:299)
	at site.ycsb.db.XodusClient.insert(XodusClient.java:60)
	at site.ycsb.DBWrapper.insert(DBWrapper.java:227)
	at site.ycsb.workloads.CoreWorkload.doInsert(CoreWorkload.java:621)
	at site.ycsb.ClientThread.run(ClientThread.java:135)
	at java.base/java.lang.Thread.run(Thread.java:829)
Caused by: jetbrains.exodus.ExodusException
	at jetbrains.exodus.newLogConcept.garbageCollector.OperationLogGarbageCollector.moveAndRemoveRecordsFromLog(OperationLogGarbageCollector.java:69)
	at jetbrains.exodus.newLogConcept.garbageCollector.OperationLogGarbageCollector.clean(OperationLogGarbageCollector.java:51)
	at jetbrains.exodus.newLogConcept.MVCC.MVCCDataStructure.lambda$commitTransaction$1(MVCCDataStructure.java:297)
	at java.base/java.util.concurrent.Executors$RunnableAdapter.call(Executors.java:515)
	at java.base/java.util.concurrent.FutureTask.run(FutureTask.java:264)
	at java.base/java.util.concurrent.ThreadPoolExecutor.runWorker(ThreadPoolExecutor.java:1128)
	at java.base/java.util.concurrent.ThreadPoolExecutor$Worker.run(ThreadPoolExecutor.java:628)
	... 1 more
java.util.concurrent.ExecutionException: jetbrains.exodus.ExodusException
	at java.base/java.util.concurrent.FutureTask.report(FutureTask.java:122)
	at java.base/java.util.concurrent.FutureTask.get(FutureTask.java:191)
	at jetbrains.exodus.newLogConcept.MVCC.MVCCDataStructure.commitTransaction(MVCCDataStructure.java:299)
	at site.ycsb.db.XodusClient.insert(XodusClient.java:60)
	at site.ycsb.DBWrapper.insert(DBWrapper.java:227)
	at site.ycsb.workloads.CoreWorkload.doInsert(CoreWorkload.java:621)
	at site.ycsb.ClientThread.run(ClientThread.java:135)
	at java.base/java.lang.Thread.run(Thread.java:829)
Caused by: jetbrains.exodus.ExodusException
	at jetbrains.exodus.newLogConcept.garbageCollector.OperationLogGarbageCollector.moveAndRemoveRecordsFromLog(OperationLogGarbageCollector.java:69)
	at jetbrains.exodus.newLogConcept.garbageCollector.OperationLogGarbageCollector.clean(OperationLogGarbageCollector.java:51)
	at jetbrains.exodus.newLogConcept.MVCC.MVCCDataStructure.lambda$commitTransaction$1(MVCCDataStructure.java:297)
	at java.base/java.util.concurrent.Executors$RunnableAdapter.call(Executors.java:515)
	at java.base/java.util.concurrent.FutureTask.run(FutureTask.java:264)
	at java.base/java.util.concurrent.ThreadPoolExecutor.runWorker(ThreadPoolExecutor.java:1128)
	at java.base/java.util.concurrent.ThreadPoolExecutor$Worker.run(ThreadPoolExecutor.java:628)
	... 1 more
java.util.concurrent.ExecutionException: jetbrains.exodus.ExodusException
	at java.base/java.util.concurrent.FutureTask.report(FutureTask.java:122)
	at java.base/java.util.concurrent.FutureTask.get(FutureTask.java:191)
	at jetbrains.exodus.newLogConcept.MVCC.MVCCDataStructure.commitTransaction(MVCCDataStructure.java:299)
	at site.ycsb.db.XodusClient.insert(XodusClient.java:60)
	at site.ycsb.DBWrapper.insert(DBWrapper.java:227)
	at site.ycsb.workloads.CoreWorkload.doInsert(CoreWorkload.java:621)
	at site.ycsb.ClientThread.run(ClientThread.java:135)
	at java.base/java.lang.Thread.run(Thread.java:829)
Caused by: jetbrains.exodus.ExodusException
	at jetbrains.exodus.newLogConcept.garbageCollector.OperationLogGarbageCollector.moveAndRemoveRecordsFromLog(OperationLogGarbageCollector.java:69)
	at jetbrains.exodus.newLogConcept.garbageCollector.OperationLogGarbageCollector.clean(OperationLogGarbageCollector.java:51)
	at jetbrains.exodus.newLogConcept.MVCC.MVCCDataStructure.lambda$commitTransaction$1(MVCCDataStructure.java:297)
	at java.base/java.util.concurrent.Executors$RunnableAdapter.call(Executors.java:515)
	at java.base/java.util.concurrent.FutureTask.run(FutureTask.java:264)
	at java.base/java.util.concurrent.ThreadPoolExecutor.runWorker(ThreadPoolExecutor.java:1128)
	at java.base/java.util.concurrent.ThreadPoolExecutor$Worker.run(ThreadPoolExecutor.java:628)
	... 1 more
java.util.concurrent.ExecutionException: jetbrains.exodus.ExodusException
	at java.base/java.util.concurrent.FutureTask.report(FutureTask.java:122)
	at java.base/java.util.concurrent.FutureTask.get(FutureTask.java:191)
	at jetbrains.exodus.newLogConcept.MVCC.MVCCDataStructure.commitTransaction(MVCCDataStructure.java:299)
	at site.ycsb.db.XodusClient.insert(XodusClient.java:60)
	at site.ycsb.DBWrapper.insert(DBWrapper.java:227)
	at site.ycsb.workloads.CoreWorkload.doInsert(CoreWorkload.java:621)
	at site.ycsb.ClientThread.run(ClientThread.java:135)
	at java.base/java.lang.Thread.run(Thread.java:829)
Caused by: jetbrains.exodus.ExodusException
	at jetbrains.exodus.newLogConcept.garbageCollector.OperationLogGarbageCollector.moveAndRemoveRecordsFromLog(OperationLogGarbageCollector.java:69)
	at jetbrains.exodus.newLogConcept.garbageCollector.OperationLogGarbageCollector.clean(OperationLogGarbageCollector.java:51)
	at jetbrains.exodus.newLogConcept.MVCC.MVCCDataStructure.lambda$commitTransaction$1(MVCCDataStructure.java:297)
	at java.base/java.util.concurrent.Executors$RunnableAdapter.call(Executors.java:515)
	at java.base/java.util.concurrent.FutureTask.run(FutureTask.java:264)
	at java.base/java.util.concurrent.ThreadPoolExecutor.runWorker(ThreadPoolExecutor.java:1128)
	at java.base/java.util.concurrent.ThreadPoolExecutor$Worker.run(ThreadPoolExecutor.java:628)
	... 1 more
java.util.concurrent.ExecutionException: jetbrains.exodus.ExodusException
	at java.base/java.util.concurrent.FutureTask.report(FutureTask.java:122)
	at java.base/java.util.concurrent.FutureTask.get(FutureTask.java:191)
	at jetbrains.exodus.newLogConcept.MVCC.MVCCDataStructure.commitTransaction(MVCCDataStructure.java:299)
	at site.ycsb.db.XodusClient.insert(XodusClient.java:60)
	at site.ycsb.DBWrapper.insert(DBWrapper.java:227)
	at site.ycsb.workloads.CoreWorkload.doInsert(CoreWorkload.java:621)
	at site.ycsb.ClientThread.run(ClientThread.java:135)
	at java.base/java.lang.Thread.run(Thread.java:829)
Caused by: jetbrains.exodus.ExodusException
	at jetbrains.exodus.newLogConcept.garbageCollector.OperationLogGarbageCollector.moveAndRemoveRecordsFromLog(OperationLogGarbageCollector.java:69)
	at jetbrains.exodus.newLogConcept.garbageCollector.OperationLogGarbageCollector.clean(OperationLogGarbageCollector.java:51)
	at jetbrains.exodus.newLogConcept.MVCC.MVCCDataStructure.lambda$commitTransaction$1(MVCCDataStructure.java:297)
	at java.base/java.util.concurrent.Executors$RunnableAdapter.call(Executors.java:515)
	at java.base/java.util.concurrent.FutureTask.run(FutureTask.java:264)
	at java.base/java.util.concurrent.ThreadPoolExecutor.runWorker(ThreadPoolExecutor.java:1128)
	at java.base/java.util.concurrent.ThreadPoolExecutor$Worker.run(ThreadPoolExecutor.java:628)
	... 1 more
java.util.concurrent.ExecutionException: jetbrains.exodus.ExodusException
	at java.base/java.util.concurrent.FutureTask.report(FutureTask.java:122)
	at java.base/java.util.concurrent.FutureTask.get(FutureTask.java:191)
	at jetbrains.exodus.newLogConcept.MVCC.MVCCDataStructure.commitTransaction(MVCCDataStructure.java:299)
	at site.ycsb.db.XodusClient.insert(XodusClient.java:60)
	at site.ycsb.DBWrapper.insert(DBWrapper.java:227)
	at site.ycsb.workloads.CoreWorkload.doInsert(CoreWorkload.java:621)
	at site.ycsb.ClientThread.run(ClientThread.java:135)
	at java.base/java.lang.Thread.run(Thread.java:829)
Caused by: jetbrains.exodus.ExodusException
	at jetbrains.exodus.newLogConcept.garbageCollector.OperationLogGarbageCollector.moveAndRemoveRecordsFromLog(OperationLogGarbageCollector.java:69)
	at jetbrains.exodus.newLogConcept.garbageCollector.OperationLogGarbageCollector.clean(OperationLogGarbageCollector.java:51)
	at jetbrains.exodus.newLogConcept.MVCC.MVCCDataStructure.lambda$commitTransaction$1(MVCCDataStructure.java:297)
	at java.base/java.util.concurrent.Executors$RunnableAdapter.call(Executors.java:515)
	at java.base/java.util.concurrent.FutureTask.run(FutureTask.java:264)
	at java.base/java.util.concurrent.ThreadPoolExecutor.runWorker(ThreadPoolExecutor.java:1128)
	at java.base/java.util.concurrent.ThreadPoolExecutor$Worker.run(ThreadPoolExecutor.java:628)
	... 1 more
java.util.concurrent.ExecutionException: jetbrains.exodus.ExodusException
	at java.base/java.util.concurrent.FutureTask.report(FutureTask.java:122)
	at java.base/java.util.concurrent.FutureTask.get(FutureTask.java:191)
	at jetbrains.exodus.newLogConcept.MVCC.MVCCDataStructure.commitTransaction(MVCCDataStructure.java:299)
	at site.ycsb.db.XodusClient.insert(XodusClient.java:60)
	at site.ycsb.DBWrapper.insert(DBWrapper.java:227)
	at site.ycsb.workloads.CoreWorkload.doInsert(CoreWorkload.java:621)
	at site.ycsb.ClientThread.run(ClientThread.java:135)
	at java.base/java.lang.Thread.run(Thread.java:829)
Caused by: jetbrains.exodus.ExodusException
	at jetbrains.exodus.newLogConcept.garbageCollector.OperationLogGarbageCollector.moveAndRemoveRecordsFromLog(OperationLogGarbageCollector.java:69)
	at jetbrains.exodus.newLogConcept.garbageCollector.OperationLogGarbageCollector.clean(OperationLogGarbageCollector.java:51)
	at jetbrains.exodus.newLogConcept.MVCC.MVCCDataStructure.lambda$commitTransaction$1(MVCCDataStructure.java:297)
	at java.base/java.util.concurrent.Executors$RunnableAdapter.call(Executors.java:515)
	at java.base/java.util.concurrent.FutureTask.run(FutureTask.java:264)
	at java.base/java.util.concurrent.ThreadPoolExecutor.runWorker(ThreadPoolExecutor.java:1128)
	at java.base/java.util.concurrent.ThreadPoolExecutor$Worker.run(ThreadPoolExecutor.java:628)
	... 1 more
java.util.concurrent.ExecutionException: jetbrains.exodus.ExodusException
	at java.base/java.util.concurrent.FutureTask.report(FutureTask.java:122)
	at java.base/java.util.concurrent.FutureTask.get(FutureTask.java:191)
	at jetbrains.exodus.newLogConcept.MVCC.MVCCDataStructure.commitTransaction(MVCCDataStructure.java:299)
	at site.ycsb.db.XodusClient.insert(XodusClient.java:60)
	at site.ycsb.DBWrapper.insert(DBWrapper.java:227)
	at site.ycsb.workloads.CoreWorkload.doInsert(CoreWorkload.java:621)
	at site.ycsb.ClientThread.run(ClientThread.java:135)
	at java.base/java.lang.Thread.run(Thread.java:829)
Caused by: jetbrains.exodus.ExodusException
	at jetbrains.exodus.newLogConcept.garbageCollector.OperationLogGarbageCollector.moveAndRemoveRecordsFromLog(OperationLogGarbageCollector.java:69)
	at jetbrains.exodus.newLogConcept.garbageCollector.OperationLogGarbageCollector.clean(OperationLogGarbageCollector.java:51)
	at jetbrains.exodus.newLogConcept.MVCC.MVCCDataStructure.lambda$commitTransaction$1(MVCCDataStructure.java:297)
	at java.base/java.util.concurrent.Executors$RunnableAdapter.call(Executors.java:515)
	at java.base/java.util.concurrent.FutureTask.run(FutureTask.java:264)
	at java.base/java.util.concurrent.ThreadPoolExecutor.runWorker(ThreadPoolExecutor.java:1128)
	at java.base/java.util.concurrent.ThreadPoolExecutor$Worker.run(ThreadPoolExecutor.java:628)
	... 1 more
java.util.concurrent.ExecutionException: jetbrains.exodus.ExodusException
	at java.base/java.util.concurrent.FutureTask.report(FutureTask.java:122)
	at java.base/java.util.concurrent.FutureTask.get(FutureTask.java:191)
	at jetbrains.exodus.newLogConcept.MVCC.MVCCDataStructure.commitTransaction(MVCCDataStructure.java:299)
	at site.ycsb.db.XodusClient.insert(XodusClient.java:60)
	at site.ycsb.DBWrapper.insert(DBWrapper.java:227)
	at site.ycsb.workloads.CoreWorkload.doInsert(CoreWorkload.java:621)
	at site.ycsb.ClientThread.run(ClientThread.java:135)
	at java.base/java.lang.Thread.run(Thread.java:829)
Caused by: jetbrains.exodus.ExodusException
	at jetbrains.exodus.newLogConcept.garbageCollector.OperationLogGarbageCollector.moveAndRemoveRecordsFromLog(OperationLogGarbageCollector.java:69)
	at jetbrains.exodus.newLogConcept.garbageCollector.OperationLogGarbageCollector.clean(OperationLogGarbageCollector.java:51)
	at jetbrains.exodus.newLogConcept.MVCC.MVCCDataStructure.lambda$commitTransaction$1(MVCCDataStructure.java:297)
	at java.base/java.util.concurrent.Executors$RunnableAdapter.call(Executors.java:515)
	at java.base/java.util.concurrent.FutureTask.run(FutureTask.java:264)
	at java.base/java.util.concurrent.ThreadPoolExecutor.runWorker(ThreadPoolExecutor.java:1128)
	at java.base/java.util.concurrent.ThreadPoolExecutor$Worker.run(ThreadPoolExecutor.java:628)
	... 1 more
java.util.concurrent.ExecutionException: jetbrains.exodus.ExodusException
	at java.base/java.util.concurrent.FutureTask.report(FutureTask.java:122)
	at java.base/java.util.concurrent.FutureTask.get(FutureTask.java:191)
	at jetbrains.exodus.newLogConcept.MVCC.MVCCDataStructure.commitTransaction(MVCCDataStructure.java:299)
	at site.ycsb.db.XodusClient.insert(XodusClient.java:60)
	at site.ycsb.DBWrapper.insert(DBWrapper.java:227)
	at site.ycsb.workloads.CoreWorkload.doInsert(CoreWorkload.java:621)
	at site.ycsb.ClientThread.run(ClientThread.java:135)
	at java.base/java.lang.Thread.run(Thread.java:829)
Caused by: jetbrains.exodus.ExodusException
	at jetbrains.exodus.newLogConcept.garbageCollector.OperationLogGarbageCollector.moveAndRemoveRecordsFromLog(OperationLogGarbageCollector.java:69)
	at jetbrains.exodus.newLogConcept.garbageCollector.OperationLogGarbageCollector.clean(OperationLogGarbageCollector.java:51)
	at jetbrains.exodus.newLogConcept.MVCC.MVCCDataStructure.lambda$commitTransaction$1(MVCCDataStructure.java:297)
	at java.base/java.util.concurrent.Executors$RunnableAdapter.call(Executors.java:515)
	at java.base/java.util.concurrent.FutureTask.run(FutureTask.java:264)
	at java.base/java.util.concurrent.ThreadPoolExecutor.runWorker(ThreadPoolExecutor.java:1128)
	at java.base/java.util.concurrent.ThreadPoolExecutor$Worker.run(ThreadPoolExecutor.java:628)
	... 1 more
java.util.concurrent.ExecutionException: jetbrains.exodus.ExodusException
	at java.base/java.util.concurrent.FutureTask.report(FutureTask.java:122)
	at java.base/java.util.concurrent.FutureTask.get(FutureTask.java:191)
	at jetbrains.exodus.newLogConcept.MVCC.MVCCDataStructure.commitTransaction(MVCCDataStructure.java:299)
	at site.ycsb.db.XodusClient.insert(XodusClient.java:60)
	at site.ycsb.DBWrapper.insert(DBWrapper.java:227)
	at site.ycsb.workloads.CoreWorkload.doInsert(CoreWorkload.java:621)
	at site.ycsb.ClientThread.run(ClientThread.java:135)
	at java.base/java.lang.Thread.run(Thread.java:829)
Caused by: jetbrains.exodus.ExodusException
	at jetbrains.exodus.newLogConcept.garbageCollector.OperationLogGarbageCollector.moveAndRemoveRecordsFromLog(OperationLogGarbageCollector.java:69)
	at jetbrains.exodus.newLogConcept.garbageCollector.OperationLogGarbageCollector.clean(OperationLogGarbageCollector.java:51)
	at jetbrains.exodus.newLogConcept.MVCC.MVCCDataStructure.lambda$commitTransaction$1(MVCCDataStructure.java:297)
	at java.base/java.util.concurrent.Executors$RunnableAdapter.call(Executors.java:515)
	at java.base/java.util.concurrent.FutureTask.run(FutureTask.java:264)
	at java.base/java.util.concurrent.ThreadPoolExecutor.runWorker(ThreadPoolExecutor.java:1128)
	at java.base/java.util.concurrent.ThreadPoolExecutor$Worker.run(ThreadPoolExecutor.java:628)
	... 1 more
java.util.concurrent.ExecutionException: jetbrains.exodus.ExodusException
	at java.base/java.util.concurrent.FutureTask.report(FutureTask.java:122)
	at java.base/java.util.concurrent.FutureTask.get(FutureTask.java:191)
	at jetbrains.exodus.newLogConcept.MVCC.MVCCDataStructure.commitTransaction(MVCCDataStructure.java:299)
	at site.ycsb.db.XodusClient.insert(XodusClient.java:60)
	at site.ycsb.DBWrapper.insert(DBWrapper.java:227)
	at site.ycsb.workloads.CoreWorkload.doInsert(CoreWorkload.java:621)
	at site.ycsb.ClientThread.run(ClientThread.java:135)
	at java.base/java.lang.Thread.run(Thread.java:829)
Caused by: jetbrains.exodus.ExodusException
	at jetbrains.exodus.newLogConcept.garbageCollector.OperationLogGarbageCollector.moveAndRemoveRecordsFromLog(OperationLogGarbageCollector.java:69)
	at jetbrains.exodus.newLogConcept.garbageCollector.OperationLogGarbageCollector.clean(OperationLogGarbageCollector.java:51)
	at jetbrains.exodus.newLogConcept.MVCC.MVCCDataStructure.lambda$commitTransaction$1(MVCCDataStructure.java:297)
	at java.base/java.util.concurrent.Executors$RunnableAdapter.call(Executors.java:515)
	at java.base/java.util.concurrent.FutureTask.run(FutureTask.java:264)
	at java.base/java.util.concurrent.ThreadPoolExecutor.runWorker(ThreadPoolExecutor.java:1128)
	at java.base/java.util.concurrent.ThreadPoolExecutor$Worker.run(ThreadPoolExecutor.java:628)
	... 1 more
java.util.concurrent.ExecutionException: jetbrains.exodus.ExodusException
	at java.base/java.util.concurrent.FutureTask.report(FutureTask.java:122)
	at java.base/java.util.concurrent.FutureTask.get(FutureTask.java:191)
	at jetbrains.exodus.newLogConcept.MVCC.MVCCDataStructure.commitTransaction(MVCCDataStructure.java:299)
	at site.ycsb.db.XodusClient.insert(XodusClient.java:60)
	at site.ycsb.DBWrapper.insert(DBWrapper.java:227)
	at site.ycsb.workloads.CoreWorkload.doInsert(CoreWorkload.java:621)
	at site.ycsb.ClientThread.run(ClientThread.java:135)
	at java.base/java.lang.Thread.run(Thread.java:829)
Caused by: jetbrains.exodus.ExodusException
	at jetbrains.exodus.newLogConcept.garbageCollector.OperationLogGarbageCollector.moveAndRemoveRecordsFromLog(OperationLogGarbageCollector.java:69)
	at jetbrains.exodus.newLogConcept.garbageCollector.OperationLogGarbageCollector.clean(OperationLogGarbageCollector.java:51)
	at jetbrains.exodus.newLogConcept.MVCC.MVCCDataStructure.lambda$commitTransaction$1(MVCCDataStructure.java:297)
	at java.base/java.util.concurrent.Executors$RunnableAdapter.call(Executors.java:515)
	at java.base/java.util.concurrent.FutureTask.run(FutureTask.java:264)
	at java.base/java.util.concurrent.ThreadPoolExecutor.runWorker(ThreadPoolExecutor.java:1128)
	at java.base/java.util.concurrent.ThreadPoolExecutor$Worker.run(ThreadPoolExecutor.java:628)
	... 1 more
java.util.concurrent.ExecutionException: jetbrains.exodus.ExodusException
	at java.base/java.util.concurrent.FutureTask.report(FutureTask.java:122)
	at java.base/java.util.concurrent.FutureTask.get(FutureTask.java:191)
	at jetbrains.exodus.newLogConcept.MVCC.MVCCDataStructure.commitTransaction(MVCCDataStructure.java:299)
	at site.ycsb.db.XodusClient.insert(XodusClient.java:60)
	at site.ycsb.DBWrapper.insert(DBWrapper.java:227)
	at site.ycsb.workloads.CoreWorkload.doInsert(CoreWorkload.java:621)
	at site.ycsb.ClientThread.run(ClientThread.java:135)
	at java.base/java.lang.Thread.run(Thread.java:829)
Caused by: jetbrains.exodus.ExodusException
	at jetbrains.exodus.newLogConcept.garbageCollector.OperationLogGarbageCollector.moveAndRemoveRecordsFromLog(OperationLogGarbageCollector.java:69)
	at jetbrains.exodus.newLogConcept.garbageCollector.OperationLogGarbageCollector.clean(OperationLogGarbageCollector.java:51)
	at jetbrains.exodus.newLogConcept.MVCC.MVCCDataStructure.lambda$commitTransaction$1(MVCCDataStructure.java:297)
	at java.base/java.util.concurrent.Executors$RunnableAdapter.call(Executors.java:515)
	at java.base/java.util.concurrent.FutureTask.run(FutureTask.java:264)
	at java.base/java.util.concurrent.ThreadPoolExecutor.runWorker(ThreadPoolExecutor.java:1128)
	at java.base/java.util.concurrent.ThreadPoolExecutor$Worker.run(ThreadPoolExecutor.java:628)
	... 1 more
java.util.concurrent.ExecutionException: jetbrains.exodus.ExodusException
	at java.base/java.util.concurrent.FutureTask.report(FutureTask.java:122)
	at java.base/java.util.concurrent.FutureTask.get(FutureTask.java:191)
	at jetbrains.exodus.newLogConcept.MVCC.MVCCDataStructure.commitTransaction(MVCCDataStructure.java:299)
	at site.ycsb.db.XodusClient.insert(XodusClient.java:60)
	at site.ycsb.DBWrapper.insert(DBWrapper.java:227)
	at site.ycsb.workloads.CoreWorkload.doInsert(CoreWorkload.java:621)
	at site.ycsb.ClientThread.run(ClientThread.java:135)
	at java.base/java.lang.Thread.run(Thread.java:829)
Caused by: jetbrains.exodus.ExodusException
	at jetbrains.exodus.newLogConcept.garbageCollector.OperationLogGarbageCollector.moveAndRemoveRecordsFromLog(OperationLogGarbageCollector.java:69)
	at jetbrains.exodus.newLogConcept.garbageCollector.OperationLogGarbageCollector.clean(OperationLogGarbageCollector.java:51)
	at jetbrains.exodus.newLogConcept.MVCC.MVCCDataStructure.lambda$commitTransaction$1(MVCCDataStructure.java:297)
	at java.base/java.util.concurrent.Executors$RunnableAdapter.call(Executors.java:515)
	at java.base/java.util.concurrent.FutureTask.run(FutureTask.java:264)
	at java.base/java.util.concurrent.ThreadPoolExecutor.runWorker(ThreadPoolExecutor.java:1128)
	at java.base/java.util.concurrent.ThreadPoolExecutor$Worker.run(ThreadPoolExecutor.java:628)
	... 1 more
java.util.concurrent.ExecutionException: jetbrains.exodus.ExodusException
	at java.base/java.util.concurrent.FutureTask.report(FutureTask.java:122)
	at java.base/java.util.concurrent.FutureTask.get(FutureTask.java:191)
	at jetbrains.exodus.newLogConcept.MVCC.MVCCDataStructure.commitTransaction(MVCCDataStructure.java:299)
	at site.ycsb.db.XodusClient.insert(XodusClient.java:60)
	at site.ycsb.DBWrapper.insert(DBWrapper.java:227)
	at site.ycsb.workloads.CoreWorkload.doInsert(CoreWorkload.java:621)
	at site.ycsb.ClientThread.run(ClientThread.java:135)
	at java.base/java.lang.Thread.run(Thread.java:829)
Caused by: jetbrains.exodus.ExodusException
	at jetbrains.exodus.newLogConcept.garbageCollector.OperationLogGarbageCollector.moveAndRemoveRecordsFromLog(OperationLogGarbageCollector.java:69)
	at jetbrains.exodus.newLogConcept.garbageCollector.OperationLogGarbageCollector.clean(OperationLogGarbageCollector.java:51)
	at jetbrains.exodus.newLogConcept.MVCC.MVCCDataStructure.lambda$commitTransaction$1(MVCCDataStructure.java:297)
	at java.base/java.util.concurrent.Executors$RunnableAdapter.call(Executors.java:515)
	at java.base/java.util.concurrent.FutureTask.run(FutureTask.java:264)
	at java.base/java.util.concurrent.ThreadPoolExecutor.runWorker(ThreadPoolExecutor.java:1128)
	at java.base/java.util.concurrent.ThreadPoolExecutor$Worker.run(ThreadPoolExecutor.java:628)
	... 1 more
java.util.concurrent.ExecutionException: jetbrains.exodus.ExodusException
	at java.base/java.util.concurrent.FutureTask.report(FutureTask.java:122)
	at java.base/java.util.concurrent.FutureTask.get(FutureTask.java:191)
	at jetbrains.exodus.newLogConcept.MVCC.MVCCDataStructure.commitTransaction(MVCCDataStructure.java:299)
	at site.ycsb.db.XodusClient.insert(XodusClient.java:60)
	at site.ycsb.DBWrapper.insert(DBWrapper.java:227)
	at site.ycsb.workloads.CoreWorkload.doInsert(CoreWorkload.java:621)
	at site.ycsb.ClientThread.run(ClientThread.java:135)
	at java.base/java.lang.Thread.run(Thread.java:829)
Caused by: jetbrains.exodus.ExodusException
	at jetbrains.exodus.newLogConcept.garbageCollector.OperationLogGarbageCollector.moveAndRemoveRecordsFromLog(OperationLogGarbageCollector.java:69)
	at jetbrains.exodus.newLogConcept.garbageCollector.OperationLogGarbageCollector.clean(OperationLogGarbageCollector.java:51)
	at jetbrains.exodus.newLogConcept.MVCC.MVCCDataStructure.lambda$commitTransaction$1(MVCCDataStructure.java:297)
	at java.base/java.util.concurrent.Executors$RunnableAdapter.call(Executors.java:515)
	at java.base/java.util.concurrent.FutureTask.run(FutureTask.java:264)
	at java.base/java.util.concurrent.ThreadPoolExecutor.runWorker(ThreadPoolExecutor.java:1128)
	at java.base/java.util.concurrent.ThreadPoolExecutor$Worker.run(ThreadPoolExecutor.java:628)
	... 1 more
java.util.concurrent.ExecutionException: jetbrains.exodus.ExodusException
	at java.base/java.util.concurrent.FutureTask.report(FutureTask.java:122)
	at java.base/java.util.concurrent.FutureTask.get(FutureTask.java:191)
	at jetbrains.exodus.newLogConcept.MVCC.MVCCDataStructure.commitTransaction(MVCCDataStructure.java:299)
	at site.ycsb.db.XodusClient.insert(XodusClient.java:60)
	at site.ycsb.DBWrapper.insert(DBWrapper.java:227)
	at site.ycsb.workloads.CoreWorkload.doInsert(CoreWorkload.java:621)
	at site.ycsb.ClientThread.run(ClientThread.java:135)
	at java.base/java.lang.Thread.run(Thread.java:829)
Caused by: jetbrains.exodus.ExodusException
	at jetbrains.exodus.newLogConcept.garbageCollector.OperationLogGarbageCollector.moveAndRemoveRecordsFromLog(OperationLogGarbageCollector.java:69)
	at jetbrains.exodus.newLogConcept.garbageCollector.OperationLogGarbageCollector.clean(OperationLogGarbageCollector.java:51)
	at jetbrains.exodus.newLogConcept.MVCC.MVCCDataStructure.lambda$commitTransaction$1(MVCCDataStructure.java:297)
	at java.base/java.util.concurrent.Executors$RunnableAdapter.call(Executors.java:515)
	at java.base/java.util.concurrent.FutureTask.run(FutureTask.java:264)
	at java.base/java.util.concurrent.ThreadPoolExecutor.runWorker(ThreadPoolExecutor.java:1128)
	at java.base/java.util.concurrent.ThreadPoolExecutor$Worker.run(ThreadPoolExecutor.java:628)
	... 1 more
java.util.concurrent.ExecutionException: jetbrains.exodus.ExodusException
	at java.base/java.util.concurrent.FutureTask.report(FutureTask.java:122)
	at java.base/java.util.concurrent.FutureTask.get(FutureTask.java:191)
	at jetbrains.exodus.newLogConcept.MVCC.MVCCDataStructure.commitTransaction(MVCCDataStructure.java:299)
	at site.ycsb.db.XodusClient.insert(XodusClient.java:60)
	at site.ycsb.DBWrapper.insert(DBWrapper.java:227)
	at site.ycsb.workloads.CoreWorkload.doInsert(CoreWorkload.java:621)
	at site.ycsb.ClientThread.run(ClientThread.java:135)
	at java.base/java.lang.Thread.run(Thread.java:829)
Caused by: jetbrains.exodus.ExodusException
	at jetbrains.exodus.newLogConcept.garbageCollector.OperationLogGarbageCollector.moveAndRemoveRecordsFromLog(OperationLogGarbageCollector.java:69)
	at jetbrains.exodus.newLogConcept.garbageCollector.OperationLogGarbageCollector.clean(OperationLogGarbageCollector.java:51)
	at jetbrains.exodus.newLogConcept.MVCC.MVCCDataStructure.lambda$commitTransaction$1(MVCCDataStructure.java:297)
	at java.base/java.util.concurrent.Executors$RunnableAdapter.call(Executors.java:515)
	at java.base/java.util.concurrent.FutureTask.run(FutureTask.java:264)
	at java.base/java.util.concurrent.ThreadPoolExecutor.runWorker(ThreadPoolExecutor.java:1128)
	at java.base/java.util.concurrent.ThreadPoolExecutor$Worker.run(ThreadPoolExecutor.java:628)
	... 1 more
java.util.concurrent.ExecutionException: jetbrains.exodus.ExodusException
	at java.base/java.util.concurrent.FutureTask.report(FutureTask.java:122)
	at java.base/java.util.concurrent.FutureTask.get(FutureTask.java:191)
	at jetbrains.exodus.newLogConcept.MVCC.MVCCDataStructure.commitTransaction(MVCCDataStructure.java:299)
	at site.ycsb.db.XodusClient.insert(XodusClient.java:60)
	at site.ycsb.DBWrapper.insert(DBWrapper.java:227)
	at site.ycsb.workloads.CoreWorkload.doInsert(CoreWorkload.java:621)
	at site.ycsb.ClientThread.run(ClientThread.java:135)
	at java.base/java.lang.Thread.run(Thread.java:829)
Caused by: jetbrains.exodus.ExodusException
	at jetbrains.exodus.newLogConcept.garbageCollector.OperationLogGarbageCollector.moveAndRemoveRecordsFromLog(OperationLogGarbageCollector.java:69)
	at jetbrains.exodus.newLogConcept.garbageCollector.OperationLogGarbageCollector.clean(OperationLogGarbageCollector.java:51)
	at jetbrains.exodus.newLogConcept.MVCC.MVCCDataStructure.lambda$commitTransaction$1(MVCCDataStructure.java:297)
	at java.base/java.util.concurrent.Executors$RunnableAdapter.call(Executors.java:515)
	at java.base/java.util.concurrent.FutureTask.run(FutureTask.java:264)
	at java.base/java.util.concurrent.ThreadPoolExecutor.runWorker(ThreadPoolExecutor.java:1128)
	at java.base/java.util.concurrent.ThreadPoolExecutor$Worker.run(ThreadPoolExecutor.java:628)
	... 1 more
java.util.concurrent.ExecutionException: jetbrains.exodus.ExodusException
	at java.base/java.util.concurrent.FutureTask.report(FutureTask.java:122)
	at java.base/java.util.concurrent.FutureTask.get(FutureTask.java:191)
	at jetbrains.exodus.newLogConcept.MVCC.MVCCDataStructure.commitTransaction(MVCCDataStructure.java:299)
	at site.ycsb.db.XodusClient.insert(XodusClient.java:60)
	at site.ycsb.DBWrapper.insert(DBWrapper.java:227)
	at site.ycsb.workloads.CoreWorkload.doInsert(CoreWorkload.java:621)
	at site.ycsb.ClientThread.run(ClientThread.java:135)
	at java.base/java.lang.Thread.run(Thread.java:829)
Caused by: jetbrains.exodus.ExodusException
	at jetbrains.exodus.newLogConcept.garbageCollector.OperationLogGarbageCollector.moveAndRemoveRecordsFromLog(OperationLogGarbageCollector.java:69)
	at jetbrains.exodus.newLogConcept.garbageCollector.OperationLogGarbageCollector.clean(OperationLogGarbageCollector.java:51)
	at jetbrains.exodus.newLogConcept.MVCC.MVCCDataStructure.lambda$commitTransaction$1(MVCCDataStructure.java:297)
	at java.base/java.util.concurrent.Executors$RunnableAdapter.call(Executors.java:515)
	at java.base/java.util.concurrent.FutureTask.run(FutureTask.java:264)
	at java.base/java.util.concurrent.ThreadPoolExecutor.runWorker(ThreadPoolExecutor.java:1128)
	at java.base/java.util.concurrent.ThreadPoolExecutor$Worker.run(ThreadPoolExecutor.java:628)
	... 1 more
java.util.concurrent.ExecutionException: jetbrains.exodus.ExodusException
	at java.base/java.util.concurrent.FutureTask.report(FutureTask.java:122)
	at java.base/java.util.concurrent.FutureTask.get(FutureTask.java:191)
	at jetbrains.exodus.newLogConcept.MVCC.MVCCDataStructure.commitTransaction(MVCCDataStructure.java:299)
	at site.ycsb.db.XodusClient.insert(XodusClient.java:60)
	at site.ycsb.DBWrapper.insert(DBWrapper.java:227)
	at site.ycsb.workloads.CoreWorkload.doInsert(CoreWorkload.java:621)
	at site.ycsb.ClientThread.run(ClientThread.java:135)
	at java.base/java.lang.Thread.run(Thread.java:829)
Caused by: jetbrains.exodus.ExodusException
	at jetbrains.exodus.newLogConcept.garbageCollector.OperationLogGarbageCollector.moveAndRemoveRecordsFromLog(OperationLogGarbageCollector.java:69)
	at jetbrains.exodus.newLogConcept.garbageCollector.OperationLogGarbageCollector.clean(OperationLogGarbageCollector.java:51)
	at jetbrains.exodus.newLogConcept.MVCC.MVCCDataStructure.lambda$commitTransaction$1(MVCCDataStructure.java:297)
	at java.base/java.util.concurrent.Executors$RunnableAdapter.call(Executors.java:515)
	at java.base/java.util.concurrent.FutureTask.run(FutureTask.java:264)
	at java.base/java.util.concurrent.ThreadPoolExecutor.runWorker(ThreadPoolExecutor.java:1128)
	at java.base/java.util.concurrent.ThreadPoolExecutor$Worker.run(ThreadPoolExecutor.java:628)
	... 1 more
java.util.concurrent.ExecutionException: jetbrains.exodus.ExodusException
	at java.base/java.util.concurrent.FutureTask.report(FutureTask.java:122)
	at java.base/java.util.concurrent.FutureTask.get(FutureTask.java:191)
	at jetbrains.exodus.newLogConcept.MVCC.MVCCDataStructure.commitTransaction(MVCCDataStructure.java:299)
	at site.ycsb.db.XodusClient.insert(XodusClient.java:60)
	at site.ycsb.DBWrapper.insert(DBWrapper.java:227)
	at site.ycsb.workloads.CoreWorkload.doInsert(CoreWorkload.java:621)
	at site.ycsb.ClientThread.run(ClientThread.java:135)
	at java.base/java.lang.Thread.run(Thread.java:829)
Caused by: jetbrains.exodus.ExodusException
	at jetbrains.exodus.newLogConcept.garbageCollector.OperationLogGarbageCollector.moveAndRemoveRecordsFromLog(OperationLogGarbageCollector.java:69)
	at jetbrains.exodus.newLogConcept.garbageCollector.OperationLogGarbageCollector.clean(OperationLogGarbageCollector.java:51)
	at jetbrains.exodus.newLogConcept.MVCC.MVCCDataStructure.lambda$commitTransaction$1(MVCCDataStructure.java:297)
	at java.base/java.util.concurrent.Executors$RunnableAdapter.call(Executors.java:515)
	at java.base/java.util.concurrent.FutureTask.run(FutureTask.java:264)
	at java.base/java.util.concurrent.ThreadPoolExecutor.runWorker(ThreadPoolExecutor.java:1128)
	at java.base/java.util.concurrent.ThreadPoolExecutor$Worker.run(ThreadPoolExecutor.java:628)
	... 1 more
java.util.concurrent.ExecutionException: jetbrains.exodus.ExodusException
	at java.base/java.util.concurrent.FutureTask.report(FutureTask.java:122)
	at java.base/java.util.concurrent.FutureTask.get(FutureTask.java:191)
	at jetbrains.exodus.newLogConcept.MVCC.MVCCDataStructure.commitTransaction(MVCCDataStructure.java:299)
	at site.ycsb.db.XodusClient.insert(XodusClient.java:60)
	at site.ycsb.DBWrapper.insert(DBWrapper.java:227)
	at site.ycsb.workloads.CoreWorkload.doInsert(CoreWorkload.java:621)
	at site.ycsb.ClientThread.run(ClientThread.java:135)
	at java.base/java.lang.Thread.run(Thread.java:829)
Caused by: jetbrains.exodus.ExodusException
	at jetbrains.exodus.newLogConcept.garbageCollector.OperationLogGarbageCollector.moveAndRemoveRecordsFromLog(OperationLogGarbageCollector.java:69)
	at jetbrains.exodus.newLogConcept.garbageCollector.OperationLogGarbageCollector.clean(OperationLogGarbageCollector.java:51)
	at jetbrains.exodus.newLogConcept.MVCC.MVCCDataStructure.lambda$commitTransaction$1(MVCCDataStructure.java:297)
	at java.base/java.util.concurrent.Executors$RunnableAdapter.call(Executors.java:515)
	at java.base/java.util.concurrent.FutureTask.run(FutureTask.java:264)
	at java.base/java.util.concurrent.ThreadPoolExecutor.runWorker(ThreadPoolExecutor.java:1128)
	at java.base/java.util.concurrent.ThreadPoolExecutor$Worker.run(ThreadPoolExecutor.java:628)
	... 1 more
java.util.concurrent.ExecutionException: jetbrains.exodus.ExodusException
	at java.base/java.util.concurrent.FutureTask.report(FutureTask.java:122)
	at java.base/java.util.concurrent.FutureTask.get(FutureTask.java:191)
	at jetbrains.exodus.newLogConcept.MVCC.MVCCDataStructure.commitTransaction(MVCCDataStructure.java:299)
	at site.ycsb.db.XodusClient.insert(XodusClient.java:60)
	at site.ycsb.DBWrapper.insert(DBWrapper.java:227)
	at site.ycsb.workloads.CoreWorkload.doInsert(CoreWorkload.java:621)
	at site.ycsb.ClientThread.run(ClientThread.java:135)
	at java.base/java.lang.Thread.run(Thread.java:829)
Caused by: jetbrains.exodus.ExodusException
	at jetbrains.exodus.newLogConcept.garbageCollector.OperationLogGarbageCollector.moveAndRemoveRecordsFromLog(OperationLogGarbageCollector.java:69)
	at jetbrains.exodus.newLogConcept.garbageCollector.OperationLogGarbageCollector.clean(OperationLogGarbageCollector.java:51)
	at jetbrains.exodus.newLogConcept.MVCC.MVCCDataStructure.lambda$commitTransaction$1(MVCCDataStructure.java:297)
	at java.base/java.util.concurrent.Executors$RunnableAdapter.call(Executors.java:515)
	at java.base/java.util.concurrent.FutureTask.run(FutureTask.java:264)
	at java.base/java.util.concurrent.ThreadPoolExecutor.runWorker(ThreadPoolExecutor.java:1128)
	at java.base/java.util.concurrent.ThreadPoolExecutor$Worker.run(ThreadPoolExecutor.java:628)
	... 1 more
java.util.concurrent.ExecutionException: jetbrains.exodus.ExodusException
	at java.base/java.util.concurrent.FutureTask.report(FutureTask.java:122)
	at java.base/java.util.concurrent.FutureTask.get(FutureTask.java:191)
	at jetbrains.exodus.newLogConcept.MVCC.MVCCDataStructure.commitTransaction(MVCCDataStructure.java:299)
	at site.ycsb.db.XodusClient.insert(XodusClient.java:60)
	at site.ycsb.DBWrapper.insert(DBWrapper.java:227)
	at site.ycsb.workloads.CoreWorkload.doInsert(CoreWorkload.java:621)
	at site.ycsb.ClientThread.run(ClientThread.java:135)
	at java.base/java.lang.Thread.run(Thread.java:829)
Caused by: jetbrains.exodus.ExodusException
	at jetbrains.exodus.newLogConcept.garbageCollector.OperationLogGarbageCollector.moveAndRemoveRecordsFromLog(OperationLogGarbageCollector.java:69)
	at jetbrains.exodus.newLogConcept.garbageCollector.OperationLogGarbageCollector.clean(OperationLogGarbageCollector.java:51)
	at jetbrains.exodus.newLogConcept.MVCC.MVCCDataStructure.lambda$commitTransaction$1(MVCCDataStructure.java:297)
	at java.base/java.util.concurrent.Executors$RunnableAdapter.call(Executors.java:515)
	at java.base/java.util.concurrent.FutureTask.run(FutureTask.java:264)
	at java.base/java.util.concurrent.ThreadPoolExecutor.runWorker(ThreadPoolExecutor.java:1128)
	at java.base/java.util.concurrent.ThreadPoolExecutor$Worker.run(ThreadPoolExecutor.java:628)
	... 1 more
java.util.concurrent.ExecutionException: jetbrains.exodus.ExodusException
	at java.base/java.util.concurrent.FutureTask.report(FutureTask.java:122)
	at java.base/java.util.concurrent.FutureTask.get(FutureTask.java:191)
	at jetbrains.exodus.newLogConcept.MVCC.MVCCDataStructure.commitTransaction(MVCCDataStructure.java:299)
	at site.ycsb.db.XodusClient.insert(XodusClient.java:60)
	at site.ycsb.DBWrapper.insert(DBWrapper.java:227)
	at site.ycsb.workloads.CoreWorkload.doInsert(CoreWorkload.java:621)
	at site.ycsb.ClientThread.run(ClientThread.java:135)
	at java.base/java.lang.Thread.run(Thread.java:829)
Caused by: jetbrains.exodus.ExodusException
	at jetbrains.exodus.newLogConcept.garbageCollector.OperationLogGarbageCollector.moveAndRemoveRecordsFromLog(OperationLogGarbageCollector.java:69)
	at jetbrains.exodus.newLogConcept.garbageCollector.OperationLogGarbageCollector.clean(OperationLogGarbageCollector.java:51)
	at jetbrains.exodus.newLogConcept.MVCC.MVCCDataStructure.lambda$commitTransaction$1(MVCCDataStructure.java:297)
	at java.base/java.util.concurrent.Executors$RunnableAdapter.call(Executors.java:515)
	at java.base/java.util.concurrent.FutureTask.run(FutureTask.java:264)
	at java.base/java.util.concurrent.ThreadPoolExecutor.runWorker(ThreadPoolExecutor.java:1128)
	at java.base/java.util.concurrent.ThreadPoolExecutor$Worker.run(ThreadPoolExecutor.java:628)
	... 1 more
java.util.concurrent.ExecutionException: jetbrains.exodus.ExodusException
	at java.base/java.util.concurrent.FutureTask.report(FutureTask.java:122)
	at java.base/java.util.concurrent.FutureTask.get(FutureTask.java:191)
	at jetbrains.exodus.newLogConcept.MVCC.MVCCDataStructure.commitTransaction(MVCCDataStructure.java:299)
	at site.ycsb.db.XodusClient.insert(XodusClient.java:60)
	at site.ycsb.DBWrapper.insert(DBWrapper.java:227)
	at site.ycsb.workloads.CoreWorkload.doInsert(CoreWorkload.java:621)
	at site.ycsb.ClientThread.run(ClientThread.java:135)
	at java.base/java.lang.Thread.run(Thread.java:829)
Caused by: jetbrains.exodus.ExodusException
	at jetbrains.exodus.newLogConcept.garbageCollector.OperationLogGarbageCollector.moveAndRemoveRecordsFromLog(OperationLogGarbageCollector.java:69)
	at jetbrains.exodus.newLogConcept.garbageCollector.OperationLogGarbageCollector.clean(OperationLogGarbageCollector.java:51)
	at jetbrains.exodus.newLogConcept.MVCC.MVCCDataStructure.lambda$commitTransaction$1(MVCCDataStructure.java:297)
	at java.base/java.util.concurrent.Executors$RunnableAdapter.call(Executors.java:515)
	at java.base/java.util.concurrent.FutureTask.run(FutureTask.java:264)
	at java.base/java.util.concurrent.ThreadPoolExecutor.runWorker(ThreadPoolExecutor.java:1128)
	at java.base/java.util.concurrent.ThreadPoolExecutor$Worker.run(ThreadPoolExecutor.java:628)
	... 1 more
java.util.concurrent.ExecutionException: jetbrains.exodus.ExodusException
	at java.base/java.util.concurrent.FutureTask.report(FutureTask.java:122)
	at java.base/java.util.concurrent.FutureTask.get(FutureTask.java:191)
	at jetbrains.exodus.newLogConcept.MVCC.MVCCDataStructure.commitTransaction(MVCCDataStructure.java:299)
	at site.ycsb.db.XodusClient.insert(XodusClient.java:60)
	at site.ycsb.DBWrapper.insert(DBWrapper.java:227)
	at site.ycsb.workloads.CoreWorkload.doInsert(CoreWorkload.java:621)
	at site.ycsb.ClientThread.run(ClientThread.java:135)
	at java.base/java.lang.Thread.run(Thread.java:829)
Caused by: jetbrains.exodus.ExodusException
	at jetbrains.exodus.newLogConcept.garbageCollector.OperationLogGarbageCollector.moveAndRemoveRecordsFromLog(OperationLogGarbageCollector.java:69)
	at jetbrains.exodus.newLogConcept.garbageCollector.OperationLogGarbageCollector.clean(OperationLogGarbageCollector.java:51)
	at jetbrains.exodus.newLogConcept.MVCC.MVCCDataStructure.lambda$commitTransaction$1(MVCCDataStructure.java:297)
	at java.base/java.util.concurrent.Executors$RunnableAdapter.call(Executors.java:515)
	at java.base/java.util.concurrent.FutureTask.run(FutureTask.java:264)
	at java.base/java.util.concurrent.ThreadPoolExecutor.runWorker(ThreadPoolExecutor.java:1128)
	at java.base/java.util.concurrent.ThreadPoolExecutor$Worker.run(ThreadPoolExecutor.java:628)
	... 1 more
java.util.concurrent.ExecutionException: jetbrains.exodus.ExodusException
	at java.base/java.util.concurrent.FutureTask.report(FutureTask.java:122)
	at java.base/java.util.concurrent.FutureTask.get(FutureTask.java:191)
	at jetbrains.exodus.newLogConcept.MVCC.MVCCDataStructure.commitTransaction(MVCCDataStructure.java:299)
	at site.ycsb.db.XodusClient.insert(XodusClient.java:60)
	at site.ycsb.DBWrapper.insert(DBWrapper.java:227)
	at site.ycsb.workloads.CoreWorkload.doInsert(CoreWorkload.java:621)
	at site.ycsb.ClientThread.run(ClientThread.java:135)
	at java.base/java.lang.Thread.run(Thread.java:829)
Caused by: jetbrains.exodus.ExodusException
	at jetbrains.exodus.newLogConcept.garbageCollector.OperationLogGarbageCollector.moveAndRemoveRecordsFromLog(OperationLogGarbageCollector.java:69)
	at jetbrains.exodus.newLogConcept.garbageCollector.OperationLogGarbageCollector.clean(OperationLogGarbageCollector.java:51)
	at jetbrains.exodus.newLogConcept.MVCC.MVCCDataStructure.lambda$commitTransaction$1(MVCCDataStructure.java:297)
	at java.base/java.util.concurrent.Executors$RunnableAdapter.call(Executors.java:515)
	at java.base/java.util.concurrent.FutureTask.run(FutureTask.java:264)
	at java.base/java.util.concurrent.ThreadPoolExecutor.runWorker(ThreadPoolExecutor.java:1128)
	at java.base/java.util.concurrent.ThreadPoolExecutor$Worker.run(ThreadPoolExecutor.java:628)
	... 1 more
java.util.concurrent.ExecutionException: jetbrains.exodus.ExodusException
	at java.base/java.util.concurrent.FutureTask.report(FutureTask.java:122)
	at java.base/java.util.concurrent.FutureTask.get(FutureTask.java:191)
	at jetbrains.exodus.newLogConcept.MVCC.MVCCDataStructure.commitTransaction(MVCCDataStructure.java:299)
	at site.ycsb.db.XodusClient.insert(XodusClient.java:60)
	at site.ycsb.DBWrapper.insert(DBWrapper.java:227)
	at site.ycsb.workloads.CoreWorkload.doInsert(CoreWorkload.java:621)
	at site.ycsb.ClientThread.run(ClientThread.java:135)
	at java.base/java.lang.Thread.run(Thread.java:829)
Caused by: jetbrains.exodus.ExodusException
	at jetbrains.exodus.newLogConcept.garbageCollector.OperationLogGarbageCollector.moveAndRemoveRecordsFromLog(OperationLogGarbageCollector.java:69)
	at jetbrains.exodus.newLogConcept.garbageCollector.OperationLogGarbageCollector.clean(OperationLogGarbageCollector.java:51)
	at jetbrains.exodus.newLogConcept.MVCC.MVCCDataStructure.lambda$commitTransaction$1(MVCCDataStructure.java:297)
	at java.base/java.util.concurrent.Executors$RunnableAdapter.call(Executors.java:515)
	at java.base/java.util.concurrent.FutureTask.run(FutureTask.java:264)
	at java.base/java.util.concurrent.ThreadPoolExecutor.runWorker(ThreadPoolExecutor.java:1128)
	at java.base/java.util.concurrent.ThreadPoolExecutor$Worker.run(ThreadPoolExecutor.java:628)
	... 1 more
java.util.concurrent.ExecutionException: jetbrains.exodus.ExodusException
	at java.base/java.util.concurrent.FutureTask.report(FutureTask.java:122)
	at java.base/java.util.concurrent.FutureTask.get(FutureTask.java:191)
	at jetbrains.exodus.newLogConcept.MVCC.MVCCDataStructure.commitTransaction(MVCCDataStructure.java:299)
	at site.ycsb.db.XodusClient.insert(XodusClient.java:60)
	at site.ycsb.DBWrapper.insert(DBWrapper.java:227)
	at site.ycsb.workloads.CoreWorkload.doInsert(CoreWorkload.java:621)
	at site.ycsb.ClientThread.run(ClientThread.java:135)
	at java.base/java.lang.Thread.run(Thread.java:829)
Caused by: jetbrains.exodus.ExodusException
	at jetbrains.exodus.newLogConcept.garbageCollector.OperationLogGarbageCollector.moveAndRemoveRecordsFromLog(OperationLogGarbageCollector.java:69)
	at jetbrains.exodus.newLogConcept.garbageCollector.OperationLogGarbageCollector.clean(OperationLogGarbageCollector.java:51)
	at jetbrains.exodus.newLogConcept.MVCC.MVCCDataStructure.lambda$commitTransaction$1(MVCCDataStructure.java:297)
	at java.base/java.util.concurrent.Executors$RunnableAdapter.call(Executors.java:515)
	at java.base/java.util.concurrent.FutureTask.run(FutureTask.java:264)
	at java.base/java.util.concurrent.ThreadPoolExecutor.runWorker(ThreadPoolExecutor.java:1128)
	at java.base/java.util.concurrent.ThreadPoolExecutor$Worker.run(ThreadPoolExecutor.java:628)
	... 1 more
java.util.concurrent.ExecutionException: jetbrains.exodus.ExodusException
	at java.base/java.util.concurrent.FutureTask.report(FutureTask.java:122)
	at java.base/java.util.concurrent.FutureTask.get(FutureTask.java:191)
	at jetbrains.exodus.newLogConcept.MVCC.MVCCDataStructure.commitTransaction(MVCCDataStructure.java:299)
	at site.ycsb.db.XodusClient.insert(XodusClient.java:60)
	at site.ycsb.DBWrapper.insert(DBWrapper.java:227)
	at site.ycsb.workloads.CoreWorkload.doInsert(CoreWorkload.java:621)
	at site.ycsb.ClientThread.run(ClientThread.java:135)
	at java.base/java.lang.Thread.run(Thread.java:829)
Caused by: jetbrains.exodus.ExodusException
	at jetbrains.exodus.newLogConcept.garbageCollector.OperationLogGarbageCollector.moveAndRemoveRecordsFromLog(OperationLogGarbageCollector.java:69)
	at jetbrains.exodus.newLogConcept.garbageCollector.OperationLogGarbageCollector.clean(OperationLogGarbageCollector.java:51)
	at jetbrains.exodus.newLogConcept.MVCC.MVCCDataStructure.lambda$commitTransaction$1(MVCCDataStructure.java:297)
	at java.base/java.util.concurrent.Executors$RunnableAdapter.call(Executors.java:515)
	at java.base/java.util.concurrent.FutureTask.run(FutureTask.java:264)
	at java.base/java.util.concurrent.ThreadPoolExecutor.runWorker(ThreadPoolExecutor.java:1128)
	at java.base/java.util.concurrent.ThreadPoolExecutor$Worker.run(ThreadPoolExecutor.java:628)
	... 1 more
java.util.concurrent.ExecutionException: jetbrains.exodus.ExodusException
	at java.base/java.util.concurrent.FutureTask.report(FutureTask.java:122)
	at java.base/java.util.concurrent.FutureTask.get(FutureTask.java:191)
	at jetbrains.exodus.newLogConcept.MVCC.MVCCDataStructure.commitTransaction(MVCCDataStructure.java:299)
	at site.ycsb.db.XodusClient.insert(XodusClient.java:60)
	at site.ycsb.DBWrapper.insert(DBWrapper.java:227)
	at site.ycsb.workloads.CoreWorkload.doInsert(CoreWorkload.java:621)
	at site.ycsb.ClientThread.run(ClientThread.java:135)
	at java.base/java.lang.Thread.run(Thread.java:829)
Caused by: jetbrains.exodus.ExodusException
	at jetbrains.exodus.newLogConcept.garbageCollector.OperationLogGarbageCollector.moveAndRemoveRecordsFromLog(OperationLogGarbageCollector.java:69)
	at jetbrains.exodus.newLogConcept.garbageCollector.OperationLogGarbageCollector.clean(OperationLogGarbageCollector.java:51)
	at jetbrains.exodus.newLogConcept.MVCC.MVCCDataStructure.lambda$commitTransaction$1(MVCCDataStructure.java:297)
	at java.base/java.util.concurrent.Executors$RunnableAdapter.call(Executors.java:515)
	at java.base/java.util.concurrent.FutureTask.run(FutureTask.java:264)
	at java.base/java.util.concurrent.ThreadPoolExecutor.runWorker(ThreadPoolExecutor.java:1128)
	at java.base/java.util.concurrent.ThreadPoolExecutor$Worker.run(ThreadPoolExecutor.java:628)
	... 1 more
java.util.concurrent.ExecutionException: jetbrains.exodus.ExodusException
	at java.base/java.util.concurrent.FutureTask.report(FutureTask.java:122)
	at java.base/java.util.concurrent.FutureTask.get(FutureTask.java:191)
	at jetbrains.exodus.newLogConcept.MVCC.MVCCDataStructure.commitTransaction(MVCCDataStructure.java:299)
	at site.ycsb.db.XodusClient.insert(XodusClient.java:60)
	at site.ycsb.DBWrapper.insert(DBWrapper.java:227)
	at site.ycsb.workloads.CoreWorkload.doInsert(CoreWorkload.java:621)
	at site.ycsb.ClientThread.run(ClientThread.java:135)
	at java.base/java.lang.Thread.run(Thread.java:829)
Caused by: jetbrains.exodus.ExodusException
	at jetbrains.exodus.newLogConcept.garbageCollector.OperationLogGarbageCollector.moveAndRemoveRecordsFromLog(OperationLogGarbageCollector.java:69)
	at jetbrains.exodus.newLogConcept.garbageCollector.OperationLogGarbageCollector.clean(OperationLogGarbageCollector.java:51)
	at jetbrains.exodus.newLogConcept.MVCC.MVCCDataStructure.lambda$commitTransaction$1(MVCCDataStructure.java:297)
	at java.base/java.util.concurrent.Executors$RunnableAdapter.call(Executors.java:515)
	at java.base/java.util.concurrent.FutureTask.run(FutureTask.java:264)
	at java.base/java.util.concurrent.ThreadPoolExecutor.runWorker(ThreadPoolExecutor.java:1128)
	at java.base/java.util.concurrent.ThreadPoolExecutor$Worker.run(ThreadPoolExecutor.java:628)
	... 1 more
java.util.concurrent.ExecutionException: jetbrains.exodus.ExodusException
	at java.base/java.util.concurrent.FutureTask.report(FutureTask.java:122)
	at java.base/java.util.concurrent.FutureTask.get(FutureTask.java:191)
	at jetbrains.exodus.newLogConcept.MVCC.MVCCDataStructure.commitTransaction(MVCCDataStructure.java:299)
	at site.ycsb.db.XodusClient.insert(XodusClient.java:60)
	at site.ycsb.DBWrapper.insert(DBWrapper.java:227)
	at site.ycsb.workloads.CoreWorkload.doInsert(CoreWorkload.java:621)
	at site.ycsb.ClientThread.run(ClientThread.java:135)
	at java.base/java.lang.Thread.run(Thread.java:829)
Caused by: jetbrains.exodus.ExodusException
	at jetbrains.exodus.newLogConcept.garbageCollector.OperationLogGarbageCollector.moveAndRemoveRecordsFromLog(OperationLogGarbageCollector.java:69)
	at jetbrains.exodus.newLogConcept.garbageCollector.OperationLogGarbageCollector.clean(OperationLogGarbageCollector.java:51)
	at jetbrains.exodus.newLogConcept.MVCC.MVCCDataStructure.lambda$commitTransaction$1(MVCCDataStructure.java:297)
	at java.base/java.util.concurrent.Executors$RunnableAdapter.call(Executors.java:515)
	at java.base/java.util.concurrent.FutureTask.run(FutureTask.java:264)
	at java.base/java.util.concurrent.ThreadPoolExecutor.runWorker(ThreadPoolExecutor.java:1128)
	at java.base/java.util.concurrent.ThreadPoolExecutor$Worker.run(ThreadPoolExecutor.java:628)
	... 1 more
java.util.concurrent.ExecutionException: jetbrains.exodus.ExodusException
	at java.base/java.util.concurrent.FutureTask.report(FutureTask.java:122)
	at java.base/java.util.concurrent.FutureTask.get(FutureTask.java:191)
	at jetbrains.exodus.newLogConcept.MVCC.MVCCDataStructure.commitTransaction(MVCCDataStructure.java:299)
	at site.ycsb.db.XodusClient.insert(XodusClient.java:60)
	at site.ycsb.DBWrapper.insert(DBWrapper.java:227)
	at site.ycsb.workloads.CoreWorkload.doInsert(CoreWorkload.java:621)
	at site.ycsb.ClientThread.run(ClientThread.java:135)
	at java.base/java.lang.Thread.run(Thread.java:829)
Caused by: jetbrains.exodus.ExodusException
	at jetbrains.exodus.newLogConcept.garbageCollector.OperationLogGarbageCollector.moveAndRemoveRecordsFromLog(OperationLogGarbageCollector.java:69)
	at jetbrains.exodus.newLogConcept.garbageCollector.OperationLogGarbageCollector.clean(OperationLogGarbageCollector.java:51)
	at jetbrains.exodus.newLogConcept.MVCC.MVCCDataStructure.lambda$commitTransaction$1(MVCCDataStructure.java:297)
	at java.base/java.util.concurrent.Executors$RunnableAdapter.call(Executors.java:515)
	at java.base/java.util.concurrent.FutureTask.run(FutureTask.java:264)
	at java.base/java.util.concurrent.ThreadPoolExecutor.runWorker(ThreadPoolExecutor.java:1128)
	at java.base/java.util.concurrent.ThreadPoolExecutor$Worker.run(ThreadPoolExecutor.java:628)
	... 1 more
java.util.concurrent.ExecutionException: jetbrains.exodus.ExodusException
	at java.base/java.util.concurrent.FutureTask.report(FutureTask.java:122)
	at java.base/java.util.concurrent.FutureTask.get(FutureTask.java:191)
	at jetbrains.exodus.newLogConcept.MVCC.MVCCDataStructure.commitTransaction(MVCCDataStructure.java:299)
	at site.ycsb.db.XodusClient.insert(XodusClient.java:60)
	at site.ycsb.DBWrapper.insert(DBWrapper.java:227)
	at site.ycsb.workloads.CoreWorkload.doInsert(CoreWorkload.java:621)
	at site.ycsb.ClientThread.run(ClientThread.java:135)
	at java.base/java.lang.Thread.run(Thread.java:829)
Caused by: jetbrains.exodus.ExodusException
	at jetbrains.exodus.newLogConcept.garbageCollector.OperationLogGarbageCollector.moveAndRemoveRecordsFromLog(OperationLogGarbageCollector.java:69)
	at jetbrains.exodus.newLogConcept.garbageCollector.OperationLogGarbageCollector.clean(OperationLogGarbageCollector.java:51)
	at jetbrains.exodus.newLogConcept.MVCC.MVCCDataStructure.lambda$commitTransaction$1(MVCCDataStructure.java:297)
	at java.base/java.util.concurrent.Executors$RunnableAdapter.call(Executors.java:515)
	at java.base/java.util.concurrent.FutureTask.run(FutureTask.java:264)
	at java.base/java.util.concurrent.ThreadPoolExecutor.runWorker(ThreadPoolExecutor.java:1128)
	at java.base/java.util.concurrent.ThreadPoolExecutor$Worker.run(ThreadPoolExecutor.java:628)
	... 1 more
java.util.concurrent.ExecutionException: jetbrains.exodus.ExodusException
	at java.base/java.util.concurrent.FutureTask.report(FutureTask.java:122)
	at java.base/java.util.concurrent.FutureTask.get(FutureTask.java:191)
	at jetbrains.exodus.newLogConcept.MVCC.MVCCDataStructure.commitTransaction(MVCCDataStructure.java:299)
	at site.ycsb.db.XodusClient.insert(XodusClient.java:60)
	at site.ycsb.DBWrapper.insert(DBWrapper.java:227)
	at site.ycsb.workloads.CoreWorkload.doInsert(CoreWorkload.java:621)
	at site.ycsb.ClientThread.run(ClientThread.java:135)
	at java.base/java.lang.Thread.run(Thread.java:829)
Caused by: jetbrains.exodus.ExodusException
	at jetbrains.exodus.newLogConcept.garbageCollector.OperationLogGarbageCollector.moveAndRemoveRecordsFromLog(OperationLogGarbageCollector.java:69)
	at jetbrains.exodus.newLogConcept.garbageCollector.OperationLogGarbageCollector.clean(OperationLogGarbageCollector.java:51)
	at jetbrains.exodus.newLogConcept.MVCC.MVCCDataStructure.lambda$commitTransaction$1(MVCCDataStructure.java:297)
	at java.base/java.util.concurrent.Executors$RunnableAdapter.call(Executors.java:515)
	at java.base/java.util.concurrent.FutureTask.run(FutureTask.java:264)
	at java.base/java.util.concurrent.ThreadPoolExecutor.runWorker(ThreadPoolExecutor.java:1128)
	at java.base/java.util.concurrent.ThreadPoolExecutor$Worker.run(ThreadPoolExecutor.java:628)
	... 1 more
java.util.concurrent.ExecutionException: jetbrains.exodus.ExodusException
	at java.base/java.util.concurrent.FutureTask.report(FutureTask.java:122)
	at java.base/java.util.concurrent.FutureTask.get(FutureTask.java:191)
	at jetbrains.exodus.newLogConcept.MVCC.MVCCDataStructure.commitTransaction(MVCCDataStructure.java:299)
	at site.ycsb.db.XodusClient.insert(XodusClient.java:60)
	at site.ycsb.DBWrapper.insert(DBWrapper.java:227)
	at site.ycsb.workloads.CoreWorkload.doInsert(CoreWorkload.java:621)
	at site.ycsb.ClientThread.run(ClientThread.java:135)
	at java.base/java.lang.Thread.run(Thread.java:829)
Caused by: jetbrains.exodus.ExodusException
	at jetbrains.exodus.newLogConcept.garbageCollector.OperationLogGarbageCollector.moveAndRemoveRecordsFromLog(OperationLogGarbageCollector.java:69)
	at jetbrains.exodus.newLogConcept.garbageCollector.OperationLogGarbageCollector.clean(OperationLogGarbageCollector.java:51)
	at jetbrains.exodus.newLogConcept.MVCC.MVCCDataStructure.lambda$commitTransaction$1(MVCCDataStructure.java:297)
	at java.base/java.util.concurrent.Executors$RunnableAdapter.call(Executors.java:515)
	at java.base/java.util.concurrent.FutureTask.run(FutureTask.java:264)
	at java.base/java.util.concurrent.ThreadPoolExecutor.runWorker(ThreadPoolExecutor.java:1128)
	at java.base/java.util.concurrent.ThreadPoolExecutor$Worker.run(ThreadPoolExecutor.java:628)
	... 1 more
java.util.concurrent.ExecutionException: jetbrains.exodus.ExodusException
	at java.base/java.util.concurrent.FutureTask.report(FutureTask.java:122)
	at java.base/java.util.concurrent.FutureTask.get(FutureTask.java:191)
	at jetbrains.exodus.newLogConcept.MVCC.MVCCDataStructure.commitTransaction(MVCCDataStructure.java:299)
	at site.ycsb.db.XodusClient.insert(XodusClient.java:60)
	at site.ycsb.DBWrapper.insert(DBWrapper.java:227)
	at site.ycsb.workloads.CoreWorkload.doInsert(CoreWorkload.java:621)
	at site.ycsb.ClientThread.run(ClientThread.java:135)
	at java.base/java.lang.Thread.run(Thread.java:829)
Caused by: jetbrains.exodus.ExodusException
	at jetbrains.exodus.newLogConcept.garbageCollector.OperationLogGarbageCollector.moveAndRemoveRecordsFromLog(OperationLogGarbageCollector.java:69)
	at jetbrains.exodus.newLogConcept.garbageCollector.OperationLogGarbageCollector.clean(OperationLogGarbageCollector.java:51)
	at jetbrains.exodus.newLogConcept.MVCC.MVCCDataStructure.lambda$commitTransaction$1(MVCCDataStructure.java:297)
	at java.base/java.util.concurrent.Executors$RunnableAdapter.call(Executors.java:515)
	at java.base/java.util.concurrent.FutureTask.run(FutureTask.java:264)
	at java.base/java.util.concurrent.ThreadPoolExecutor.runWorker(ThreadPoolExecutor.java:1128)
	at java.base/java.util.concurrent.ThreadPoolExecutor$Worker.run(ThreadPoolExecutor.java:628)
	... 1 more
java.util.concurrent.ExecutionException: jetbrains.exodus.ExodusException
	at java.base/java.util.concurrent.FutureTask.report(FutureTask.java:122)
	at java.base/java.util.concurrent.FutureTask.get(FutureTask.java:191)
	at jetbrains.exodus.newLogConcept.MVCC.MVCCDataStructure.commitTransaction(MVCCDataStructure.java:299)
	at site.ycsb.db.XodusClient.insert(XodusClient.java:60)
	at site.ycsb.DBWrapper.insert(DBWrapper.java:227)
	at site.ycsb.workloads.CoreWorkload.doInsert(CoreWorkload.java:621)
	at site.ycsb.ClientThread.run(ClientThread.java:135)
	at java.base/java.lang.Thread.run(Thread.java:829)
Caused by: jetbrains.exodus.ExodusException
	at jetbrains.exodus.newLogConcept.garbageCollector.OperationLogGarbageCollector.moveAndRemoveRecordsFromLog(OperationLogGarbageCollector.java:69)
	at jetbrains.exodus.newLogConcept.garbageCollector.OperationLogGarbageCollector.clean(OperationLogGarbageCollector.java:51)
	at jetbrains.exodus.newLogConcept.MVCC.MVCCDataStructure.lambda$commitTransaction$1(MVCCDataStructure.java:297)
	at java.base/java.util.concurrent.Executors$RunnableAdapter.call(Executors.java:515)
	at java.base/java.util.concurrent.FutureTask.run(FutureTask.java:264)
	at java.base/java.util.concurrent.ThreadPoolExecutor.runWorker(ThreadPoolExecutor.java:1128)
	at java.base/java.util.concurrent.ThreadPoolExecutor$Worker.run(ThreadPoolExecutor.java:628)
	... 1 more
java.util.concurrent.ExecutionException: jetbrains.exodus.ExodusException
	at java.base/java.util.concurrent.FutureTask.report(FutureTask.java:122)
	at java.base/java.util.concurrent.FutureTask.get(FutureTask.java:191)
	at jetbrains.exodus.newLogConcept.MVCC.MVCCDataStructure.commitTransaction(MVCCDataStructure.java:299)
	at site.ycsb.db.XodusClient.insert(XodusClient.java:60)
	at site.ycsb.DBWrapper.insert(DBWrapper.java:227)
	at site.ycsb.workloads.CoreWorkload.doInsert(CoreWorkload.java:621)
	at site.ycsb.ClientThread.run(ClientThread.java:135)
	at java.base/java.lang.Thread.run(Thread.java:829)
Caused by: jetbrains.exodus.ExodusException
	at jetbrains.exodus.newLogConcept.garbageCollector.OperationLogGarbageCollector.moveAndRemoveRecordsFromLog(OperationLogGarbageCollector.java:69)
	at jetbrains.exodus.newLogConcept.garbageCollector.OperationLogGarbageCollector.clean(OperationLogGarbageCollector.java:51)
	at jetbrains.exodus.newLogConcept.MVCC.MVCCDataStructure.lambda$commitTransaction$1(MVCCDataStructure.java:297)
	at java.base/java.util.concurrent.Executors$RunnableAdapter.call(Executors.java:515)
	at java.base/java.util.concurrent.FutureTask.run(FutureTask.java:264)
	at java.base/java.util.concurrent.ThreadPoolExecutor.runWorker(ThreadPoolExecutor.java:1128)
	at java.base/java.util.concurrent.ThreadPoolExecutor$Worker.run(ThreadPoolExecutor.java:628)
	... 1 more
java.util.concurrent.ExecutionException: jetbrains.exodus.ExodusException
	at java.base/java.util.concurrent.FutureTask.report(FutureTask.java:122)
	at java.base/java.util.concurrent.FutureTask.get(FutureTask.java:191)
	at jetbrains.exodus.newLogConcept.MVCC.MVCCDataStructure.commitTransaction(MVCCDataStructure.java:299)
	at site.ycsb.db.XodusClient.insert(XodusClient.java:60)
	at site.ycsb.DBWrapper.insert(DBWrapper.java:227)
	at site.ycsb.workloads.CoreWorkload.doInsert(CoreWorkload.java:621)
	at site.ycsb.ClientThread.run(ClientThread.java:135)
	at java.base/java.lang.Thread.run(Thread.java:829)
Caused by: jetbrains.exodus.ExodusException
	at jetbrains.exodus.newLogConcept.garbageCollector.OperationLogGarbageCollector.moveAndRemoveRecordsFromLog(OperationLogGarbageCollector.java:69)
	at jetbrains.exodus.newLogConcept.garbageCollector.OperationLogGarbageCollector.clean(OperationLogGarbageCollector.java:51)
	at jetbrains.exodus.newLogConcept.MVCC.MVCCDataStructure.lambda$commitTransaction$1(MVCCDataStructure.java:297)
	at java.base/java.util.concurrent.Executors$RunnableAdapter.call(Executors.java:515)
	at java.base/java.util.concurrent.FutureTask.run(FutureTask.java:264)
	at java.base/java.util.concurrent.ThreadPoolExecutor.runWorker(ThreadPoolExecutor.java:1128)
	at java.base/java.util.concurrent.ThreadPoolExecutor$Worker.run(ThreadPoolExecutor.java:628)
	... 1 more
java.util.concurrent.ExecutionException: jetbrains.exodus.ExodusException
	at java.base/java.util.concurrent.FutureTask.report(FutureTask.java:122)
	at java.base/java.util.concurrent.FutureTask.get(FutureTask.java:191)
	at jetbrains.exodus.newLogConcept.MVCC.MVCCDataStructure.commitTransaction(MVCCDataStructure.java:299)
	at site.ycsb.db.XodusClient.insert(XodusClient.java:60)
	at site.ycsb.DBWrapper.insert(DBWrapper.java:227)
	at site.ycsb.workloads.CoreWorkload.doInsert(CoreWorkload.java:621)
	at site.ycsb.ClientThread.run(ClientThread.java:135)
	at java.base/java.lang.Thread.run(Thread.java:829)
Caused by: jetbrains.exodus.ExodusException
	at jetbrains.exodus.newLogConcept.garbageCollector.OperationLogGarbageCollector.moveAndRemoveRecordsFromLog(OperationLogGarbageCollector.java:69)
	at jetbrains.exodus.newLogConcept.garbageCollector.OperationLogGarbageCollector.clean(OperationLogGarbageCollector.java:51)
	at jetbrains.exodus.newLogConcept.MVCC.MVCCDataStructure.lambda$commitTransaction$1(MVCCDataStructure.java:297)
	at java.base/java.util.concurrent.Executors$RunnableAdapter.call(Executors.java:515)
	at java.base/java.util.concurrent.FutureTask.run(FutureTask.java:264)
	at java.base/java.util.concurrent.ThreadPoolExecutor.runWorker(ThreadPoolExecutor.java:1128)
	at java.base/java.util.concurrent.ThreadPoolExecutor$Worker.run(ThreadPoolExecutor.java:628)
	... 1 more
java.util.concurrent.ExecutionException: jetbrains.exodus.ExodusException
	at java.base/java.util.concurrent.FutureTask.report(FutureTask.java:122)
	at java.base/java.util.concurrent.FutureTask.get(FutureTask.java:191)
	at jetbrains.exodus.newLogConcept.MVCC.MVCCDataStructure.commitTransaction(MVCCDataStructure.java:299)
	at site.ycsb.db.XodusClient.insert(XodusClient.java:60)
	at site.ycsb.DBWrapper.insert(DBWrapper.java:227)
	at site.ycsb.workloads.CoreWorkload.doInsert(CoreWorkload.java:621)
	at site.ycsb.ClientThread.run(ClientThread.java:135)
	at java.base/java.lang.Thread.run(Thread.java:829)
Caused by: jetbrains.exodus.ExodusException
	at jetbrains.exodus.newLogConcept.garbageCollector.OperationLogGarbageCollector.moveAndRemoveRecordsFromLog(OperationLogGarbageCollector.java:69)
	at jetbrains.exodus.newLogConcept.garbageCollector.OperationLogGarbageCollector.clean(OperationLogGarbageCollector.java:51)
	at jetbrains.exodus.newLogConcept.MVCC.MVCCDataStructure.lambda$commitTransaction$1(MVCCDataStructure.java:297)
	at java.base/java.util.concurrent.Executors$RunnableAdapter.call(Executors.java:515)
	at java.base/java.util.concurrent.FutureTask.run(FutureTask.java:264)
	at java.base/java.util.concurrent.ThreadPoolExecutor.runWorker(ThreadPoolExecutor.java:1128)
	at java.base/java.util.concurrent.ThreadPoolExecutor$Worker.run(ThreadPoolExecutor.java:628)
	... 1 more
java.util.concurrent.ExecutionException: jetbrains.exodus.ExodusException
	at java.base/java.util.concurrent.FutureTask.report(FutureTask.java:122)
	at java.base/java.util.concurrent.FutureTask.get(FutureTask.java:191)
	at jetbrains.exodus.newLogConcept.MVCC.MVCCDataStructure.commitTransaction(MVCCDataStructure.java:299)
	at site.ycsb.db.XodusClient.insert(XodusClient.java:60)
	at site.ycsb.DBWrapper.insert(DBWrapper.java:227)
	at site.ycsb.workloads.CoreWorkload.doInsert(CoreWorkload.java:621)
	at site.ycsb.ClientThread.run(ClientThread.java:135)
	at java.base/java.lang.Thread.run(Thread.java:829)
Caused by: jetbrains.exodus.ExodusException
	at jetbrains.exodus.newLogConcept.garbageCollector.OperationLogGarbageCollector.moveAndRemoveRecordsFromLog(OperationLogGarbageCollector.java:69)
	at jetbrains.exodus.newLogConcept.garbageCollector.OperationLogGarbageCollector.clean(OperationLogGarbageCollector.java:51)
	at jetbrains.exodus.newLogConcept.MVCC.MVCCDataStructure.lambda$commitTransaction$1(MVCCDataStructure.java:297)
	at java.base/java.util.concurrent.Executors$RunnableAdapter.call(Executors.java:515)
	at java.base/java.util.concurrent.FutureTask.run(FutureTask.java:264)
	at java.base/java.util.concurrent.ThreadPoolExecutor.runWorker(ThreadPoolExecutor.java:1128)
	at java.base/java.util.concurrent.ThreadPoolExecutor$Worker.run(ThreadPoolExecutor.java:628)
	... 1 more
java.util.concurrent.ExecutionException: jetbrains.exodus.ExodusException
	at java.base/java.util.concurrent.FutureTask.report(FutureTask.java:122)
	at java.base/java.util.concurrent.FutureTask.get(FutureTask.java:191)
	at jetbrains.exodus.newLogConcept.MVCC.MVCCDataStructure.commitTransaction(MVCCDataStructure.java:299)
	at site.ycsb.db.XodusClient.insert(XodusClient.java:60)
	at site.ycsb.DBWrapper.insert(DBWrapper.java:227)
	at site.ycsb.workloads.CoreWorkload.doInsert(CoreWorkload.java:621)
	at site.ycsb.ClientThread.run(ClientThread.java:135)
	at java.base/java.lang.Thread.run(Thread.java:829)
Caused by: jetbrains.exodus.ExodusException
	at jetbrains.exodus.newLogConcept.garbageCollector.OperationLogGarbageCollector.moveAndRemoveRecordsFromLog(OperationLogGarbageCollector.java:69)
	at jetbrains.exodus.newLogConcept.garbageCollector.OperationLogGarbageCollector.clean(OperationLogGarbageCollector.java:51)
	at jetbrains.exodus.newLogConcept.MVCC.MVCCDataStructure.lambda$commitTransaction$1(MVCCDataStructure.java:297)
	at java.base/java.util.concurrent.Executors$RunnableAdapter.call(Executors.java:515)
	at java.base/java.util.concurrent.FutureTask.run(FutureTask.java:264)
	at java.base/java.util.concurrent.ThreadPoolExecutor.runWorker(ThreadPoolExecutor.java:1128)
	at java.base/java.util.concurrent.ThreadPoolExecutor$Worker.run(ThreadPoolExecutor.java:628)
	... 1 more
java.util.concurrent.ExecutionException: jetbrains.exodus.ExodusException
	at java.base/java.util.concurrent.FutureTask.report(FutureTask.java:122)
	at java.base/java.util.concurrent.FutureTask.get(FutureTask.java:191)
	at jetbrains.exodus.newLogConcept.MVCC.MVCCDataStructure.commitTransaction(MVCCDataStructure.java:299)
	at site.ycsb.db.XodusClient.insert(XodusClient.java:60)
	at site.ycsb.DBWrapper.insert(DBWrapper.java:227)
	at site.ycsb.workloads.CoreWorkload.doInsert(CoreWorkload.java:621)
	at site.ycsb.ClientThread.run(ClientThread.java:135)
	at java.base/java.lang.Thread.run(Thread.java:829)
Caused by: jetbrains.exodus.ExodusException
	at jetbrains.exodus.newLogConcept.garbageCollector.OperationLogGarbageCollector.moveAndRemoveRecordsFromLog(OperationLogGarbageCollector.java:69)
	at jetbrains.exodus.newLogConcept.garbageCollector.OperationLogGarbageCollector.clean(OperationLogGarbageCollector.java:51)
	at jetbrains.exodus.newLogConcept.MVCC.MVCCDataStructure.lambda$commitTransaction$1(MVCCDataStructure.java:297)
	at java.base/java.util.concurrent.Executors$RunnableAdapter.call(Executors.java:515)
	at java.base/java.util.concurrent.FutureTask.run(FutureTask.java:264)
	at java.base/java.util.concurrent.ThreadPoolExecutor.runWorker(ThreadPoolExecutor.java:1128)
	at java.base/java.util.concurrent.ThreadPoolExecutor$Worker.run(ThreadPoolExecutor.java:628)
	... 1 more
java.util.concurrent.ExecutionException: jetbrains.exodus.ExodusException
	at java.base/java.util.concurrent.FutureTask.report(FutureTask.java:122)
	at java.base/java.util.concurrent.FutureTask.get(FutureTask.java:191)
	at jetbrains.exodus.newLogConcept.MVCC.MVCCDataStructure.commitTransaction(MVCCDataStructure.java:299)
	at site.ycsb.db.XodusClient.insert(XodusClient.java:60)
	at site.ycsb.DBWrapper.insert(DBWrapper.java:227)
	at site.ycsb.workloads.CoreWorkload.doInsert(CoreWorkload.java:621)
	at site.ycsb.ClientThread.run(ClientThread.java:135)
	at java.base/java.lang.Thread.run(Thread.java:829)
Caused by: jetbrains.exodus.ExodusException
	at jetbrains.exodus.newLogConcept.garbageCollector.OperationLogGarbageCollector.moveAndRemoveRecordsFromLog(OperationLogGarbageCollector.java:69)
	at jetbrains.exodus.newLogConcept.garbageCollector.OperationLogGarbageCollector.clean(OperationLogGarbageCollector.java:51)
	at jetbrains.exodus.newLogConcept.MVCC.MVCCDataStructure.lambda$commitTransaction$1(MVCCDataStructure.java:297)
	at java.base/java.util.concurrent.Executors$RunnableAdapter.call(Executors.java:515)
	at java.base/java.util.concurrent.FutureTask.run(FutureTask.java:264)
	at java.base/java.util.concurrent.ThreadPoolExecutor.runWorker(ThreadPoolExecutor.java:1128)
	at java.base/java.util.concurrent.ThreadPoolExecutor$Worker.run(ThreadPoolExecutor.java:628)
	... 1 more
java.util.concurrent.ExecutionException: jetbrains.exodus.ExodusException
	at java.base/java.util.concurrent.FutureTask.report(FutureTask.java:122)
	at java.base/java.util.concurrent.FutureTask.get(FutureTask.java:191)
	at jetbrains.exodus.newLogConcept.MVCC.MVCCDataStructure.commitTransaction(MVCCDataStructure.java:299)
	at site.ycsb.db.XodusClient.insert(XodusClient.java:60)
	at site.ycsb.DBWrapper.insert(DBWrapper.java:227)
	at site.ycsb.workloads.CoreWorkload.doInsert(CoreWorkload.java:621)
	at site.ycsb.ClientThread.run(ClientThread.java:135)
	at java.base/java.lang.Thread.run(Thread.java:829)
Caused by: jetbrains.exodus.ExodusException
	at jetbrains.exodus.newLogConcept.garbageCollector.OperationLogGarbageCollector.moveAndRemoveRecordsFromLog(OperationLogGarbageCollector.java:69)
	at jetbrains.exodus.newLogConcept.garbageCollector.OperationLogGarbageCollector.clean(OperationLogGarbageCollector.java:51)
	at jetbrains.exodus.newLogConcept.MVCC.MVCCDataStructure.lambda$commitTransaction$1(MVCCDataStructure.java:297)
	at java.base/java.util.concurrent.Executors$RunnableAdapter.call(Executors.java:515)
	at java.base/java.util.concurrent.FutureTask.run(FutureTask.java:264)
	at java.base/java.util.concurrent.ThreadPoolExecutor.runWorker(ThreadPoolExecutor.java:1128)
	at java.base/java.util.concurrent.ThreadPoolExecutor$Worker.run(ThreadPoolExecutor.java:628)
	... 1 more
java.util.concurrent.ExecutionException: jetbrains.exodus.ExodusException
	at java.base/java.util.concurrent.FutureTask.report(FutureTask.java:122)
	at java.base/java.util.concurrent.FutureTask.get(FutureTask.java:191)
	at jetbrains.exodus.newLogConcept.MVCC.MVCCDataStructure.commitTransaction(MVCCDataStructure.java:299)
	at site.ycsb.db.XodusClient.insert(XodusClient.java:60)
	at site.ycsb.DBWrapper.insert(DBWrapper.java:227)
	at site.ycsb.workloads.CoreWorkload.doInsert(CoreWorkload.java:621)
	at site.ycsb.ClientThread.run(ClientThread.java:135)
	at java.base/java.lang.Thread.run(Thread.java:829)
Caused by: jetbrains.exodus.ExodusException
	at jetbrains.exodus.newLogConcept.garbageCollector.OperationLogGarbageCollector.moveAndRemoveRecordsFromLog(OperationLogGarbageCollector.java:69)
	at jetbrains.exodus.newLogConcept.garbageCollector.OperationLogGarbageCollector.clean(OperationLogGarbageCollector.java:51)
	at jetbrains.exodus.newLogConcept.MVCC.MVCCDataStructure.lambda$commitTransaction$1(MVCCDataStructure.java:297)
	at java.base/java.util.concurrent.Executors$RunnableAdapter.call(Executors.java:515)
	at java.base/java.util.concurrent.FutureTask.run(FutureTask.java:264)
	at java.base/java.util.concurrent.ThreadPoolExecutor.runWorker(ThreadPoolExecutor.java:1128)
	at java.base/java.util.concurrent.ThreadPoolExecutor$Worker.run(ThreadPoolExecutor.java:628)
	... 1 more
java.util.concurrent.ExecutionException: jetbrains.exodus.ExodusException
	at java.base/java.util.concurrent.FutureTask.report(FutureTask.java:122)
	at java.base/java.util.concurrent.FutureTask.get(FutureTask.java:191)
	at jetbrains.exodus.newLogConcept.MVCC.MVCCDataStructure.commitTransaction(MVCCDataStructure.java:299)
	at site.ycsb.db.XodusClient.insert(XodusClient.java:60)
	at site.ycsb.DBWrapper.insert(DBWrapper.java:227)
	at site.ycsb.workloads.CoreWorkload.doInsert(CoreWorkload.java:621)
	at site.ycsb.ClientThread.run(ClientThread.java:135)
	at java.base/java.lang.Thread.run(Thread.java:829)
Caused by: jetbrains.exodus.ExodusException
	at jetbrains.exodus.newLogConcept.garbageCollector.OperationLogGarbageCollector.moveAndRemoveRecordsFromLog(OperationLogGarbageCollector.java:69)
	at jetbrains.exodus.newLogConcept.garbageCollector.OperationLogGarbageCollector.clean(OperationLogGarbageCollector.java:51)
	at jetbrains.exodus.newLogConcept.MVCC.MVCCDataStructure.lambda$commitTransaction$1(MVCCDataStructure.java:297)
	at java.base/java.util.concurrent.Executors$RunnableAdapter.call(Executors.java:515)
	at java.base/java.util.concurrent.FutureTask.run(FutureTask.java:264)
	at java.base/java.util.concurrent.ThreadPoolExecutor.runWorker(ThreadPoolExecutor.java:1128)
	at java.base/java.util.concurrent.ThreadPoolExecutor$Worker.run(ThreadPoolExecutor.java:628)
	... 1 more
java.util.concurrent.ExecutionException: jetbrains.exodus.ExodusException
	at java.base/java.util.concurrent.FutureTask.report(FutureTask.java:122)
	at java.base/java.util.concurrent.FutureTask.get(FutureTask.java:191)
	at jetbrains.exodus.newLogConcept.MVCC.MVCCDataStructure.commitTransaction(MVCCDataStructure.java:299)
	at site.ycsb.db.XodusClient.insert(XodusClient.java:60)
	at site.ycsb.DBWrapper.insert(DBWrapper.java:227)
	at site.ycsb.workloads.CoreWorkload.doInsert(CoreWorkload.java:621)
	at site.ycsb.ClientThread.run(ClientThread.java:135)
	at java.base/java.lang.Thread.run(Thread.java:829)
Caused by: jetbrains.exodus.ExodusException
	at jetbrains.exodus.newLogConcept.garbageCollector.OperationLogGarbageCollector.moveAndRemoveRecordsFromLog(OperationLogGarbageCollector.java:69)
	at jetbrains.exodus.newLogConcept.garbageCollector.OperationLogGarbageCollector.clean(OperationLogGarbageCollector.java:51)
	at jetbrains.exodus.newLogConcept.MVCC.MVCCDataStructure.lambda$commitTransaction$1(MVCCDataStructure.java:297)
	at java.base/java.util.concurrent.Executors$RunnableAdapter.call(Executors.java:515)
	at java.base/java.util.concurrent.FutureTask.run(FutureTask.java:264)
	at java.base/java.util.concurrent.ThreadPoolExecutor.runWorker(ThreadPoolExecutor.java:1128)
	at java.base/java.util.concurrent.ThreadPoolExecutor$Worker.run(ThreadPoolExecutor.java:628)
	... 1 more
java.util.concurrent.ExecutionException: jetbrains.exodus.ExodusException
	at java.base/java.util.concurrent.FutureTask.report(FutureTask.java:122)
	at java.base/java.util.concurrent.FutureTask.get(FutureTask.java:191)
	at jetbrains.exodus.newLogConcept.MVCC.MVCCDataStructure.commitTransaction(MVCCDataStructure.java:299)
	at site.ycsb.db.XodusClient.insert(XodusClient.java:60)
	at site.ycsb.DBWrapper.insert(DBWrapper.java:227)
	at site.ycsb.workloads.CoreWorkload.doInsert(CoreWorkload.java:621)
	at site.ycsb.ClientThread.run(ClientThread.java:135)
	at java.base/java.lang.Thread.run(Thread.java:829)
Caused by: jetbrains.exodus.ExodusException
	at jetbrains.exodus.newLogConcept.garbageCollector.OperationLogGarbageCollector.moveAndRemoveRecordsFromLog(OperationLogGarbageCollector.java:69)
	at jetbrains.exodus.newLogConcept.garbageCollector.OperationLogGarbageCollector.clean(OperationLogGarbageCollector.java:51)
	at jetbrains.exodus.newLogConcept.MVCC.MVCCDataStructure.lambda$commitTransaction$1(MVCCDataStructure.java:297)
	at java.base/java.util.concurrent.Executors$RunnableAdapter.call(Executors.java:515)
	at java.base/java.util.concurrent.FutureTask.run(FutureTask.java:264)
	at java.base/java.util.concurrent.ThreadPoolExecutor.runWorker(ThreadPoolExecutor.java:1128)
	at java.base/java.util.concurrent.ThreadPoolExecutor$Worker.run(ThreadPoolExecutor.java:628)
	... 1 more
java.util.concurrent.ExecutionException: jetbrains.exodus.ExodusException
	at java.base/java.util.concurrent.FutureTask.report(FutureTask.java:122)
	at java.base/java.util.concurrent.FutureTask.get(FutureTask.java:191)
	at jetbrains.exodus.newLogConcept.MVCC.MVCCDataStructure.commitTransaction(MVCCDataStructure.java:299)
	at site.ycsb.db.XodusClient.insert(XodusClient.java:60)
	at site.ycsb.DBWrapper.insert(DBWrapper.java:227)
	at site.ycsb.workloads.CoreWorkload.doInsert(CoreWorkload.java:621)
	at site.ycsb.ClientThread.run(ClientThread.java:135)
	at java.base/java.lang.Thread.run(Thread.java:829)
Caused by: jetbrains.exodus.ExodusException
	at jetbrains.exodus.newLogConcept.garbageCollector.OperationLogGarbageCollector.moveAndRemoveRecordsFromLog(OperationLogGarbageCollector.java:69)
	at jetbrains.exodus.newLogConcept.garbageCollector.OperationLogGarbageCollector.clean(OperationLogGarbageCollector.java:51)
	at jetbrains.exodus.newLogConcept.MVCC.MVCCDataStructure.lambda$commitTransaction$1(MVCCDataStructure.java:297)
	at java.base/java.util.concurrent.Executors$RunnableAdapter.call(Executors.java:515)
	at java.base/java.util.concurrent.FutureTask.run(FutureTask.java:264)
	at java.base/java.util.concurrent.ThreadPoolExecutor.runWorker(ThreadPoolExecutor.java:1128)
	at java.base/java.util.concurrent.ThreadPoolExecutor$Worker.run(ThreadPoolExecutor.java:628)
	... 1 more
java.util.concurrent.ExecutionException: jetbrains.exodus.ExodusException
	at java.base/java.util.concurrent.FutureTask.report(FutureTask.java:122)
	at java.base/java.util.concurrent.FutureTask.get(FutureTask.java:191)
	at jetbrains.exodus.newLogConcept.MVCC.MVCCDataStructure.commitTransaction(MVCCDataStructure.java:299)
	at site.ycsb.db.XodusClient.insert(XodusClient.java:60)
	at site.ycsb.DBWrapper.insert(DBWrapper.java:227)
	at site.ycsb.workloads.CoreWorkload.doInsert(CoreWorkload.java:621)
	at site.ycsb.ClientThread.run(ClientThread.java:135)
	at java.base/java.lang.Thread.run(Thread.java:829)
Caused by: jetbrains.exodus.ExodusException
	at jetbrains.exodus.newLogConcept.garbageCollector.OperationLogGarbageCollector.moveAndRemoveRecordsFromLog(OperationLogGarbageCollector.java:69)
	at jetbrains.exodus.newLogConcept.garbageCollector.OperationLogGarbageCollector.clean(OperationLogGarbageCollector.java:51)
	at jetbrains.exodus.newLogConcept.MVCC.MVCCDataStructure.lambda$commitTransaction$1(MVCCDataStructure.java:297)
	at java.base/java.util.concurrent.Executors$RunnableAdapter.call(Executors.java:515)
	at java.base/java.util.concurrent.FutureTask.run(FutureTask.java:264)
	at java.base/java.util.concurrent.ThreadPoolExecutor.runWorker(ThreadPoolExecutor.java:1128)
	at java.base/java.util.concurrent.ThreadPoolExecutor$Worker.run(ThreadPoolExecutor.java:628)
	... 1 more
java.util.concurrent.ExecutionException: jetbrains.exodus.ExodusException
	at java.base/java.util.concurrent.FutureTask.report(FutureTask.java:122)
	at java.base/java.util.concurrent.FutureTask.get(FutureTask.java:191)
	at jetbrains.exodus.newLogConcept.MVCC.MVCCDataStructure.commitTransaction(MVCCDataStructure.java:299)
	at site.ycsb.db.XodusClient.insert(XodusClient.java:60)
	at site.ycsb.DBWrapper.insert(DBWrapper.java:227)
	at site.ycsb.workloads.CoreWorkload.doInsert(CoreWorkload.java:621)
	at site.ycsb.ClientThread.run(ClientThread.java:135)
	at java.base/java.lang.Thread.run(Thread.java:829)
Caused by: jetbrains.exodus.ExodusException
	at jetbrains.exodus.newLogConcept.garbageCollector.OperationLogGarbageCollector.moveAndRemoveRecordsFromLog(OperationLogGarbageCollector.java:69)
	at jetbrains.exodus.newLogConcept.garbageCollector.OperationLogGarbageCollector.clean(OperationLogGarbageCollector.java:51)
	at jetbrains.exodus.newLogConcept.MVCC.MVCCDataStructure.lambda$commitTransaction$1(MVCCDataStructure.java:297)
	at java.base/java.util.concurrent.Executors$RunnableAdapter.call(Executors.java:515)
	at java.base/java.util.concurrent.FutureTask.run(FutureTask.java:264)
	at java.base/java.util.concurrent.ThreadPoolExecutor.runWorker(ThreadPoolExecutor.java:1128)
	at java.base/java.util.concurrent.ThreadPoolExecutor$Worker.run(ThreadPoolExecutor.java:628)
	... 1 more
java.util.concurrent.ExecutionException: jetbrains.exodus.ExodusException
	at java.base/java.util.concurrent.FutureTask.report(FutureTask.java:122)
	at java.base/java.util.concurrent.FutureTask.get(FutureTask.java:191)
	at jetbrains.exodus.newLogConcept.MVCC.MVCCDataStructure.commitTransaction(MVCCDataStructure.java:299)
	at site.ycsb.db.XodusClient.insert(XodusClient.java:60)
	at site.ycsb.DBWrapper.insert(DBWrapper.java:227)
	at site.ycsb.workloads.CoreWorkload.doInsert(CoreWorkload.java:621)
	at site.ycsb.ClientThread.run(ClientThread.java:135)
	at java.base/java.lang.Thread.run(Thread.java:829)
Caused by: jetbrains.exodus.ExodusException
	at jetbrains.exodus.newLogConcept.garbageCollector.OperationLogGarbageCollector.moveAndRemoveRecordsFromLog(OperationLogGarbageCollector.java:69)
	at jetbrains.exodus.newLogConcept.garbageCollector.OperationLogGarbageCollector.clean(OperationLogGarbageCollector.java:51)
	at jetbrains.exodus.newLogConcept.MVCC.MVCCDataStructure.lambda$commitTransaction$1(MVCCDataStructure.java:297)
	at java.base/java.util.concurrent.Executors$RunnableAdapter.call(Executors.java:515)
	at java.base/java.util.concurrent.FutureTask.run(FutureTask.java:264)
	at java.base/java.util.concurrent.ThreadPoolExecutor.runWorker(ThreadPoolExecutor.java:1128)
	at java.base/java.util.concurrent.ThreadPoolExecutor$Worker.run(ThreadPoolExecutor.java:628)
	... 1 more
java.util.concurrent.ExecutionException: jetbrains.exodus.ExodusException
	at java.base/java.util.concurrent.FutureTask.report(FutureTask.java:122)
	at java.base/java.util.concurrent.FutureTask.get(FutureTask.java:191)
	at jetbrains.exodus.newLogConcept.MVCC.MVCCDataStructure.commitTransaction(MVCCDataStructure.java:299)
	at site.ycsb.db.XodusClient.insert(XodusClient.java:60)
	at site.ycsb.DBWrapper.insert(DBWrapper.java:227)
	at site.ycsb.workloads.CoreWorkload.doInsert(CoreWorkload.java:621)
	at site.ycsb.ClientThread.run(ClientThread.java:135)
	at java.base/java.lang.Thread.run(Thread.java:829)
Caused by: jetbrains.exodus.ExodusException
	at jetbrains.exodus.newLogConcept.garbageCollector.OperationLogGarbageCollector.moveAndRemoveRecordsFromLog(OperationLogGarbageCollector.java:69)
	at jetbrains.exodus.newLogConcept.garbageCollector.OperationLogGarbageCollector.clean(OperationLogGarbageCollector.java:51)
	at jetbrains.exodus.newLogConcept.MVCC.MVCCDataStructure.lambda$commitTransaction$1(MVCCDataStructure.java:297)
	at java.base/java.util.concurrent.Executors$RunnableAdapter.call(Executors.java:515)
	at java.base/java.util.concurrent.FutureTask.run(FutureTask.java:264)
	at java.base/java.util.concurrent.ThreadPoolExecutor.runWorker(ThreadPoolExecutor.java:1128)
	at java.base/java.util.concurrent.ThreadPoolExecutor$Worker.run(ThreadPoolExecutor.java:628)
	... 1 more
java.util.concurrent.ExecutionException: jetbrains.exodus.ExodusException
	at java.base/java.util.concurrent.FutureTask.report(FutureTask.java:122)
	at java.base/java.util.concurrent.FutureTask.get(FutureTask.java:191)
	at jetbrains.exodus.newLogConcept.MVCC.MVCCDataStructure.commitTransaction(MVCCDataStructure.java:299)
	at site.ycsb.db.XodusClient.insert(XodusClient.java:60)
	at site.ycsb.DBWrapper.insert(DBWrapper.java:227)
	at site.ycsb.workloads.CoreWorkload.doInsert(CoreWorkload.java:621)
	at site.ycsb.ClientThread.run(ClientThread.java:135)
	at java.base/java.lang.Thread.run(Thread.java:829)
Caused by: jetbrains.exodus.ExodusException
	at jetbrains.exodus.newLogConcept.garbageCollector.OperationLogGarbageCollector.moveAndRemoveRecordsFromLog(OperationLogGarbageCollector.java:69)
	at jetbrains.exodus.newLogConcept.garbageCollector.OperationLogGarbageCollector.clean(OperationLogGarbageCollector.java:51)
	at jetbrains.exodus.newLogConcept.MVCC.MVCCDataStructure.lambda$commitTransaction$1(MVCCDataStructure.java:297)
	at java.base/java.util.concurrent.Executors$RunnableAdapter.call(Executors.java:515)
	at java.base/java.util.concurrent.FutureTask.run(FutureTask.java:264)
	at java.base/java.util.concurrent.ThreadPoolExecutor.runWorker(ThreadPoolExecutor.java:1128)
	at java.base/java.util.concurrent.ThreadPoolExecutor$Worker.run(ThreadPoolExecutor.java:628)
	... 1 more
java.util.concurrent.ExecutionException: jetbrains.exodus.ExodusException
	at java.base/java.util.concurrent.FutureTask.report(FutureTask.java:122)
	at java.base/java.util.concurrent.FutureTask.get(FutureTask.java:191)
	at jetbrains.exodus.newLogConcept.MVCC.MVCCDataStructure.commitTransaction(MVCCDataStructure.java:299)
	at site.ycsb.db.XodusClient.insert(XodusClient.java:60)
	at site.ycsb.DBWrapper.insert(DBWrapper.java:227)
	at site.ycsb.workloads.CoreWorkload.doInsert(CoreWorkload.java:621)
	at site.ycsb.ClientThread.run(ClientThread.java:135)
	at java.base/java.lang.Thread.run(Thread.java:829)
Caused by: jetbrains.exodus.ExodusException
	at jetbrains.exodus.newLogConcept.garbageCollector.OperationLogGarbageCollector.moveAndRemoveRecordsFromLog(OperationLogGarbageCollector.java:69)
	at jetbrains.exodus.newLogConcept.garbageCollector.OperationLogGarbageCollector.clean(OperationLogGarbageCollector.java:51)
	at jetbrains.exodus.newLogConcept.MVCC.MVCCDataStructure.lambda$commitTransaction$1(MVCCDataStructure.java:297)
	at java.base/java.util.concurrent.Executors$RunnableAdapter.call(Executors.java:515)
	at java.base/java.util.concurrent.FutureTask.run(FutureTask.java:264)
	at java.base/java.util.concurrent.ThreadPoolExecutor.runWorker(ThreadPoolExecutor.java:1128)
	at java.base/java.util.concurrent.ThreadPoolExecutor$Worker.run(ThreadPoolExecutor.java:628)
	... 1 more
java.util.concurrent.ExecutionException: jetbrains.exodus.ExodusException
	at java.base/java.util.concurrent.FutureTask.report(FutureTask.java:122)
	at java.base/java.util.concurrent.FutureTask.get(FutureTask.java:191)
	at jetbrains.exodus.newLogConcept.MVCC.MVCCDataStructure.commitTransaction(MVCCDataStructure.java:299)
	at site.ycsb.db.XodusClient.insert(XodusClient.java:60)
	at site.ycsb.DBWrapper.insert(DBWrapper.java:227)
	at site.ycsb.workloads.CoreWorkload.doInsert(CoreWorkload.java:621)
	at site.ycsb.ClientThread.run(ClientThread.java:135)
	at java.base/java.lang.Thread.run(Thread.java:829)
Caused by: jetbrains.exodus.ExodusException
	at jetbrains.exodus.newLogConcept.garbageCollector.OperationLogGarbageCollector.moveAndRemoveRecordsFromLog(OperationLogGarbageCollector.java:69)
	at jetbrains.exodus.newLogConcept.garbageCollector.OperationLogGarbageCollector.clean(OperationLogGarbageCollector.java:51)
	at jetbrains.exodus.newLogConcept.MVCC.MVCCDataStructure.lambda$commitTransaction$1(MVCCDataStructure.java:297)
	at java.base/java.util.concurrent.Executors$RunnableAdapter.call(Executors.java:515)
	at java.base/java.util.concurrent.FutureTask.run(FutureTask.java:264)
	at java.base/java.util.concurrent.ThreadPoolExecutor.runWorker(ThreadPoolExecutor.java:1128)
	at java.base/java.util.concurrent.ThreadPoolExecutor$Worker.run(ThreadPoolExecutor.java:628)
	... 1 more
java.util.concurrent.ExecutionException: jetbrains.exodus.ExodusException
	at java.base/java.util.concurrent.FutureTask.report(FutureTask.java:122)
	at java.base/java.util.concurrent.FutureTask.get(FutureTask.java:191)
	at jetbrains.exodus.newLogConcept.MVCC.MVCCDataStructure.commitTransaction(MVCCDataStructure.java:299)
	at site.ycsb.db.XodusClient.insert(XodusClient.java:60)
	at site.ycsb.DBWrapper.insert(DBWrapper.java:227)
	at site.ycsb.workloads.CoreWorkload.doInsert(CoreWorkload.java:621)
	at site.ycsb.ClientThread.run(ClientThread.java:135)
	at java.base/java.lang.Thread.run(Thread.java:829)
Caused by: jetbrains.exodus.ExodusException
	at jetbrains.exodus.newLogConcept.garbageCollector.OperationLogGarbageCollector.moveAndRemoveRecordsFromLog(OperationLogGarbageCollector.java:69)
	at jetbrains.exodus.newLogConcept.garbageCollector.OperationLogGarbageCollector.clean(OperationLogGarbageCollector.java:51)
	at jetbrains.exodus.newLogConcept.MVCC.MVCCDataStructure.lambda$commitTransaction$1(MVCCDataStructure.java:297)
	at java.base/java.util.concurrent.Executors$RunnableAdapter.call(Executors.java:515)
	at java.base/java.util.concurrent.FutureTask.run(FutureTask.java:264)
	at java.base/java.util.concurrent.ThreadPoolExecutor.runWorker(ThreadPoolExecutor.java:1128)
	at java.base/java.util.concurrent.ThreadPoolExecutor$Worker.run(ThreadPoolExecutor.java:628)
	... 1 more
java.util.concurrent.ExecutionException: jetbrains.exodus.ExodusException
	at java.base/java.util.concurrent.FutureTask.report(FutureTask.java:122)
	at java.base/java.util.concurrent.FutureTask.get(FutureTask.java:191)
	at jetbrains.exodus.newLogConcept.MVCC.MVCCDataStructure.commitTransaction(MVCCDataStructure.java:299)
	at site.ycsb.db.XodusClient.insert(XodusClient.java:60)
	at site.ycsb.DBWrapper.insert(DBWrapper.java:227)
	at site.ycsb.workloads.CoreWorkload.doInsert(CoreWorkload.java:621)
	at site.ycsb.ClientThread.run(ClientThread.java:135)
	at java.base/java.lang.Thread.run(Thread.java:829)
Caused by: jetbrains.exodus.ExodusException
	at jetbrains.exodus.newLogConcept.garbageCollector.OperationLogGarbageCollector.moveAndRemoveRecordsFromLog(OperationLogGarbageCollector.java:69)
	at jetbrains.exodus.newLogConcept.garbageCollector.OperationLogGarbageCollector.clean(OperationLogGarbageCollector.java:51)
	at jetbrains.exodus.newLogConcept.MVCC.MVCCDataStructure.lambda$commitTransaction$1(MVCCDataStructure.java:297)
	at java.base/java.util.concurrent.Executors$RunnableAdapter.call(Executors.java:515)
	at java.base/java.util.concurrent.FutureTask.run(FutureTask.java:264)
	at java.base/java.util.concurrent.ThreadPoolExecutor.runWorker(ThreadPoolExecutor.java:1128)
	at java.base/java.util.concurrent.ThreadPoolExecutor$Worker.run(ThreadPoolExecutor.java:628)
	... 1 more
java.util.concurrent.ExecutionException: jetbrains.exodus.ExodusException
	at java.base/java.util.concurrent.FutureTask.report(FutureTask.java:122)
	at java.base/java.util.concurrent.FutureTask.get(FutureTask.java:191)
	at jetbrains.exodus.newLogConcept.MVCC.MVCCDataStructure.commitTransaction(MVCCDataStructure.java:299)
	at site.ycsb.db.XodusClient.insert(XodusClient.java:60)
	at site.ycsb.DBWrapper.insert(DBWrapper.java:227)
	at site.ycsb.workloads.CoreWorkload.doInsert(CoreWorkload.java:621)
	at site.ycsb.ClientThread.run(ClientThread.java:135)
	at java.base/java.lang.Thread.run(Thread.java:829)
Caused by: jetbrains.exodus.ExodusException
	at jetbrains.exodus.newLogConcept.garbageCollector.OperationLogGarbageCollector.moveAndRemoveRecordsFromLog(OperationLogGarbageCollector.java:69)
	at jetbrains.exodus.newLogConcept.garbageCollector.OperationLogGarbageCollector.clean(OperationLogGarbageCollector.java:51)
	at jetbrains.exodus.newLogConcept.MVCC.MVCCDataStructure.lambda$commitTransaction$1(MVCCDataStructure.java:297)
	at java.base/java.util.concurrent.Executors$RunnableAdapter.call(Executors.java:515)
	at java.base/java.util.concurrent.FutureTask.run(FutureTask.java:264)
	at java.base/java.util.concurrent.ThreadPoolExecutor.runWorker(ThreadPoolExecutor.java:1128)
	at java.base/java.util.concurrent.ThreadPoolExecutor$Worker.run(ThreadPoolExecutor.java:628)
	... 1 more
java.util.concurrent.ExecutionException: jetbrains.exodus.ExodusException
	at java.base/java.util.concurrent.FutureTask.report(FutureTask.java:122)
	at java.base/java.util.concurrent.FutureTask.get(FutureTask.java:191)
	at jetbrains.exodus.newLogConcept.MVCC.MVCCDataStructure.commitTransaction(MVCCDataStructure.java:299)
	at site.ycsb.db.XodusClient.insert(XodusClient.java:60)
	at site.ycsb.DBWrapper.insert(DBWrapper.java:227)
	at site.ycsb.workloads.CoreWorkload.doInsert(CoreWorkload.java:621)
	at site.ycsb.ClientThread.run(ClientThread.java:135)
	at java.base/java.lang.Thread.run(Thread.java:829)
Caused by: jetbrains.exodus.ExodusException
	at jetbrains.exodus.newLogConcept.garbageCollector.OperationLogGarbageCollector.moveAndRemoveRecordsFromLog(OperationLogGarbageCollector.java:69)
	at jetbrains.exodus.newLogConcept.garbageCollector.OperationLogGarbageCollector.clean(OperationLogGarbageCollector.java:51)
	at jetbrains.exodus.newLogConcept.MVCC.MVCCDataStructure.lambda$commitTransaction$1(MVCCDataStructure.java:297)
	at java.base/java.util.concurrent.Executors$RunnableAdapter.call(Executors.java:515)
	at java.base/java.util.concurrent.FutureTask.run(FutureTask.java:264)
	at java.base/java.util.concurrent.ThreadPoolExecutor.runWorker(ThreadPoolExecutor.java:1128)
	at java.base/java.util.concurrent.ThreadPoolExecutor$Worker.run(ThreadPoolExecutor.java:628)
	... 1 more
java.util.concurrent.ExecutionException: jetbrains.exodus.ExodusException
	at java.base/java.util.concurrent.FutureTask.report(FutureTask.java:122)
	at java.base/java.util.concurrent.FutureTask.get(FutureTask.java:191)
	at jetbrains.exodus.newLogConcept.MVCC.MVCCDataStructure.commitTransaction(MVCCDataStructure.java:299)
	at site.ycsb.db.XodusClient.insert(XodusClient.java:60)
	at site.ycsb.DBWrapper.insert(DBWrapper.java:227)
	at site.ycsb.workloads.CoreWorkload.doInsert(CoreWorkload.java:621)
	at site.ycsb.ClientThread.run(ClientThread.java:135)
	at java.base/java.lang.Thread.run(Thread.java:829)
Caused by: jetbrains.exodus.ExodusException
	at jetbrains.exodus.newLogConcept.garbageCollector.OperationLogGarbageCollector.moveAndRemoveRecordsFromLog(OperationLogGarbageCollector.java:69)
	at jetbrains.exodus.newLogConcept.garbageCollector.OperationLogGarbageCollector.clean(OperationLogGarbageCollector.java:51)
	at jetbrains.exodus.newLogConcept.MVCC.MVCCDataStructure.lambda$commitTransaction$1(MVCCDataStructure.java:297)
	at java.base/java.util.concurrent.Executors$RunnableAdapter.call(Executors.java:515)
	at java.base/java.util.concurrent.FutureTask.run(FutureTask.java:264)
	at java.base/java.util.concurrent.ThreadPoolExecutor.runWorker(ThreadPoolExecutor.java:1128)
	at java.base/java.util.concurrent.ThreadPoolExecutor$Worker.run(ThreadPoolExecutor.java:628)
	... 1 more
java.util.concurrent.ExecutionException: jetbrains.exodus.ExodusException
	at java.base/java.util.concurrent.FutureTask.report(FutureTask.java:122)
	at java.base/java.util.concurrent.FutureTask.get(FutureTask.java:191)
	at jetbrains.exodus.newLogConcept.MVCC.MVCCDataStructure.commitTransaction(MVCCDataStructure.java:299)
	at site.ycsb.db.XodusClient.insert(XodusClient.java:60)
	at site.ycsb.DBWrapper.insert(DBWrapper.java:227)
	at site.ycsb.workloads.CoreWorkload.doInsert(CoreWorkload.java:621)
	at site.ycsb.ClientThread.run(ClientThread.java:135)
	at java.base/java.lang.Thread.run(Thread.java:829)
Caused by: jetbrains.exodus.ExodusException
	at jetbrains.exodus.newLogConcept.garbageCollector.OperationLogGarbageCollector.moveAndRemoveRecordsFromLog(OperationLogGarbageCollector.java:69)
	at jetbrains.exodus.newLogConcept.garbageCollector.OperationLogGarbageCollector.clean(OperationLogGarbageCollector.java:51)
	at jetbrains.exodus.newLogConcept.MVCC.MVCCDataStructure.lambda$commitTransaction$1(MVCCDataStructure.java:297)
	at java.base/java.util.concurrent.Executors$RunnableAdapter.call(Executors.java:515)
	at java.base/java.util.concurrent.FutureTask.run(FutureTask.java:264)
	at java.base/java.util.concurrent.ThreadPoolExecutor.runWorker(ThreadPoolExecutor.java:1128)
	at java.base/java.util.concurrent.ThreadPoolExecutor$Worker.run(ThreadPoolExecutor.java:628)
	... 1 more
java.util.concurrent.ExecutionException: jetbrains.exodus.ExodusException
	at java.base/java.util.concurrent.FutureTask.report(FutureTask.java:122)
	at java.base/java.util.concurrent.FutureTask.get(FutureTask.java:191)
	at jetbrains.exodus.newLogConcept.MVCC.MVCCDataStructure.commitTransaction(MVCCDataStructure.java:299)
	at site.ycsb.db.XodusClient.insert(XodusClient.java:60)
	at site.ycsb.DBWrapper.insert(DBWrapper.java:227)
	at site.ycsb.workloads.CoreWorkload.doInsert(CoreWorkload.java:621)
	at site.ycsb.ClientThread.run(ClientThread.java:135)
	at java.base/java.lang.Thread.run(Thread.java:829)
Caused by: jetbrains.exodus.ExodusException
	at jetbrains.exodus.newLogConcept.garbageCollector.OperationLogGarbageCollector.moveAndRemoveRecordsFromLog(OperationLogGarbageCollector.java:69)
	at jetbrains.exodus.newLogConcept.garbageCollector.OperationLogGarbageCollector.clean(OperationLogGarbageCollector.java:51)
	at jetbrains.exodus.newLogConcept.MVCC.MVCCDataStructure.lambda$commitTransaction$1(MVCCDataStructure.java:297)
	at java.base/java.util.concurrent.Executors$RunnableAdapter.call(Executors.java:515)
	at java.base/java.util.concurrent.FutureTask.run(FutureTask.java:264)
	at java.base/java.util.concurrent.ThreadPoolExecutor.runWorker(ThreadPoolExecutor.java:1128)
	at java.base/java.util.concurrent.ThreadPoolExecutor$Worker.run(ThreadPoolExecutor.java:628)
	... 1 more
java.util.concurrent.ExecutionException: jetbrains.exodus.ExodusException
	at java.base/java.util.concurrent.FutureTask.report(FutureTask.java:122)
	at java.base/java.util.concurrent.FutureTask.get(FutureTask.java:191)
	at jetbrains.exodus.newLogConcept.MVCC.MVCCDataStructure.commitTransaction(MVCCDataStructure.java:299)
	at site.ycsb.db.XodusClient.insert(XodusClient.java:60)
	at site.ycsb.DBWrapper.insert(DBWrapper.java:227)
	at site.ycsb.workloads.CoreWorkload.doInsert(CoreWorkload.java:621)
	at site.ycsb.ClientThread.run(ClientThread.java:135)
	at java.base/java.lang.Thread.run(Thread.java:829)
Caused by: jetbrains.exodus.ExodusException
	at jetbrains.exodus.newLogConcept.garbageCollector.OperationLogGarbageCollector.moveAndRemoveRecordsFromLog(OperationLogGarbageCollector.java:69)
	at jetbrains.exodus.newLogConcept.garbageCollector.OperationLogGarbageCollector.clean(OperationLogGarbageCollector.java:51)
	at jetbrains.exodus.newLogConcept.MVCC.MVCCDataStructure.lambda$commitTransaction$1(MVCCDataStructure.java:297)
	at java.base/java.util.concurrent.Executors$RunnableAdapter.call(Executors.java:515)
	at java.base/java.util.concurrent.FutureTask.run(FutureTask.java:264)
	at java.base/java.util.concurrent.ThreadPoolExecutor.runWorker(ThreadPoolExecutor.java:1128)
	at java.base/java.util.concurrent.ThreadPoolExecutor$Worker.run(ThreadPoolExecutor.java:628)
	... 1 more
java.util.concurrent.ExecutionException: jetbrains.exodus.ExodusException
	at java.base/java.util.concurrent.FutureTask.report(FutureTask.java:122)
	at java.base/java.util.concurrent.FutureTask.get(FutureTask.java:191)
	at jetbrains.exodus.newLogConcept.MVCC.MVCCDataStructure.commitTransaction(MVCCDataStructure.java:299)
	at site.ycsb.db.XodusClient.insert(XodusClient.java:60)
	at site.ycsb.DBWrapper.insert(DBWrapper.java:227)
	at site.ycsb.workloads.CoreWorkload.doInsert(CoreWorkload.java:621)
	at site.ycsb.ClientThread.run(ClientThread.java:135)
	at java.base/java.lang.Thread.run(Thread.java:829)
Caused by: jetbrains.exodus.ExodusException
	at jetbrains.exodus.newLogConcept.garbageCollector.OperationLogGarbageCollector.moveAndRemoveRecordsFromLog(OperationLogGarbageCollector.java:69)
	at jetbrains.exodus.newLogConcept.garbageCollector.OperationLogGarbageCollector.clean(OperationLogGarbageCollector.java:51)
	at jetbrains.exodus.newLogConcept.MVCC.MVCCDataStructure.lambda$commitTransaction$1(MVCCDataStructure.java:297)
	at java.base/java.util.concurrent.Executors$RunnableAdapter.call(Executors.java:515)
	at java.base/java.util.concurrent.FutureTask.run(FutureTask.java:264)
	at java.base/java.util.concurrent.ThreadPoolExecutor.runWorker(ThreadPoolExecutor.java:1128)
	at java.base/java.util.concurrent.ThreadPoolExecutor$Worker.run(ThreadPoolExecutor.java:628)
	... 1 more
java.util.concurrent.ExecutionException: jetbrains.exodus.ExodusException
	at java.base/java.util.concurrent.FutureTask.report(FutureTask.java:122)
	at java.base/java.util.concurrent.FutureTask.get(FutureTask.java:191)
	at jetbrains.exodus.newLogConcept.MVCC.MVCCDataStructure.commitTransaction(MVCCDataStructure.java:299)
	at site.ycsb.db.XodusClient.insert(XodusClient.java:60)
	at site.ycsb.DBWrapper.insert(DBWrapper.java:227)
	at site.ycsb.workloads.CoreWorkload.doInsert(CoreWorkload.java:621)
	at site.ycsb.ClientThread.run(ClientThread.java:135)
	at java.base/java.lang.Thread.run(Thread.java:829)
Caused by: jetbrains.exodus.ExodusException
	at jetbrains.exodus.newLogConcept.garbageCollector.OperationLogGarbageCollector.moveAndRemoveRecordsFromLog(OperationLogGarbageCollector.java:69)
	at jetbrains.exodus.newLogConcept.garbageCollector.OperationLogGarbageCollector.clean(OperationLogGarbageCollector.java:51)
	at jetbrains.exodus.newLogConcept.MVCC.MVCCDataStructure.lambda$commitTransaction$1(MVCCDataStructure.java:297)
	at java.base/java.util.concurrent.Executors$RunnableAdapter.call(Executors.java:515)
	at java.base/java.util.concurrent.FutureTask.run(FutureTask.java:264)
	at java.base/java.util.concurrent.ThreadPoolExecutor.runWorker(ThreadPoolExecutor.java:1128)
	at java.base/java.util.concurrent.ThreadPoolExecutor$Worker.run(ThreadPoolExecutor.java:628)
	... 1 more
java.util.concurrent.ExecutionException: jetbrains.exodus.ExodusException
	at java.base/java.util.concurrent.FutureTask.report(FutureTask.java:122)
	at java.base/java.util.concurrent.FutureTask.get(FutureTask.java:191)
	at jetbrains.exodus.newLogConcept.MVCC.MVCCDataStructure.commitTransaction(MVCCDataStructure.java:299)
	at site.ycsb.db.XodusClient.insert(XodusClient.java:60)
	at site.ycsb.DBWrapper.insert(DBWrapper.java:227)
	at site.ycsb.workloads.CoreWorkload.doInsert(CoreWorkload.java:621)
	at site.ycsb.ClientThread.run(ClientThread.java:135)
	at java.base/java.lang.Thread.run(Thread.java:829)
Caused by: jetbrains.exodus.ExodusException
	at jetbrains.exodus.newLogConcept.garbageCollector.OperationLogGarbageCollector.moveAndRemoveRecordsFromLog(OperationLogGarbageCollector.java:69)
	at jetbrains.exodus.newLogConcept.garbageCollector.OperationLogGarbageCollector.clean(OperationLogGarbageCollector.java:51)
	at jetbrains.exodus.newLogConcept.MVCC.MVCCDataStructure.lambda$commitTransaction$1(MVCCDataStructure.java:297)
	at java.base/java.util.concurrent.Executors$RunnableAdapter.call(Executors.java:515)
	at java.base/java.util.concurrent.FutureTask.run(FutureTask.java:264)
	at java.base/java.util.concurrent.ThreadPoolExecutor.runWorker(ThreadPoolExecutor.java:1128)
	at java.base/java.util.concurrent.ThreadPoolExecutor$Worker.run(ThreadPoolExecutor.java:628)
	... 1 more
java.util.concurrent.ExecutionException: jetbrains.exodus.ExodusException
	at java.base/java.util.concurrent.FutureTask.report(FutureTask.java:122)
	at java.base/java.util.concurrent.FutureTask.get(FutureTask.java:191)
	at jetbrains.exodus.newLogConcept.MVCC.MVCCDataStructure.commitTransaction(MVCCDataStructure.java:299)
	at site.ycsb.db.XodusClient.insert(XodusClient.java:60)
	at site.ycsb.DBWrapper.insert(DBWrapper.java:227)
	at site.ycsb.workloads.CoreWorkload.doInsert(CoreWorkload.java:621)
	at site.ycsb.ClientThread.run(ClientThread.java:135)
	at java.base/java.lang.Thread.run(Thread.java:829)
Caused by: jetbrains.exodus.ExodusException
	at jetbrains.exodus.newLogConcept.garbageCollector.OperationLogGarbageCollector.moveAndRemoveRecordsFromLog(OperationLogGarbageCollector.java:69)
	at jetbrains.exodus.newLogConcept.garbageCollector.OperationLogGarbageCollector.clean(OperationLogGarbageCollector.java:51)
	at jetbrains.exodus.newLogConcept.MVCC.MVCCDataStructure.lambda$commitTransaction$1(MVCCDataStructure.java:297)
	at java.base/java.util.concurrent.Executors$RunnableAdapter.call(Executors.java:515)
	at java.base/java.util.concurrent.FutureTask.run(FutureTask.java:264)
	at java.base/java.util.concurrent.ThreadPoolExecutor.runWorker(ThreadPoolExecutor.java:1128)
	at java.base/java.util.concurrent.ThreadPoolExecutor$Worker.run(ThreadPoolExecutor.java:628)
	... 1 more
java.util.concurrent.ExecutionException: jetbrains.exodus.ExodusException
	at java.base/java.util.concurrent.FutureTask.report(FutureTask.java:122)
	at java.base/java.util.concurrent.FutureTask.get(FutureTask.java:191)
	at jetbrains.exodus.newLogConcept.MVCC.MVCCDataStructure.commitTransaction(MVCCDataStructure.java:299)
	at site.ycsb.db.XodusClient.insert(XodusClient.java:60)
	at site.ycsb.DBWrapper.insert(DBWrapper.java:227)
	at site.ycsb.workloads.CoreWorkload.doInsert(CoreWorkload.java:621)
	at site.ycsb.ClientThread.run(ClientThread.java:135)
	at java.base/java.lang.Thread.run(Thread.java:829)
Caused by: jetbrains.exodus.ExodusException
	at jetbrains.exodus.newLogConcept.garbageCollector.OperationLogGarbageCollector.moveAndRemoveRecordsFromLog(OperationLogGarbageCollector.java:69)
	at jetbrains.exodus.newLogConcept.garbageCollector.OperationLogGarbageCollector.clean(OperationLogGarbageCollector.java:51)
	at jetbrains.exodus.newLogConcept.MVCC.MVCCDataStructure.lambda$commitTransaction$1(MVCCDataStructure.java:297)
	at java.base/java.util.concurrent.Executors$RunnableAdapter.call(Executors.java:515)
	at java.base/java.util.concurrent.FutureTask.run(FutureTask.java:264)
	at java.base/java.util.concurrent.ThreadPoolExecutor.runWorker(ThreadPoolExecutor.java:1128)
	at java.base/java.util.concurrent.ThreadPoolExecutor$Worker.run(ThreadPoolExecutor.java:628)
	... 1 more
java.util.concurrent.ExecutionException: jetbrains.exodus.ExodusException
	at java.base/java.util.concurrent.FutureTask.report(FutureTask.java:122)
	at java.base/java.util.concurrent.FutureTask.get(FutureTask.java:191)
	at jetbrains.exodus.newLogConcept.MVCC.MVCCDataStructure.commitTransaction(MVCCDataStructure.java:299)
	at site.ycsb.db.XodusClient.insert(XodusClient.java:60)
	at site.ycsb.DBWrapper.insert(DBWrapper.java:227)
	at site.ycsb.workloads.CoreWorkload.doInsert(CoreWorkload.java:621)
	at site.ycsb.ClientThread.run(ClientThread.java:135)
	at java.base/java.lang.Thread.run(Thread.java:829)
Caused by: jetbrains.exodus.ExodusException
	at jetbrains.exodus.newLogConcept.garbageCollector.OperationLogGarbageCollector.moveAndRemoveRecordsFromLog(OperationLogGarbageCollector.java:69)
	at jetbrains.exodus.newLogConcept.garbageCollector.OperationLogGarbageCollector.clean(OperationLogGarbageCollector.java:51)
	at jetbrains.exodus.newLogConcept.MVCC.MVCCDataStructure.lambda$commitTransaction$1(MVCCDataStructure.java:297)
	at java.base/java.util.concurrent.Executors$RunnableAdapter.call(Executors.java:515)
	at java.base/java.util.concurrent.FutureTask.run(FutureTask.java:264)
	at java.base/java.util.concurrent.ThreadPoolExecutor.runWorker(ThreadPoolExecutor.java:1128)
	at java.base/java.util.concurrent.ThreadPoolExecutor$Worker.run(ThreadPoolExecutor.java:628)
	... 1 more
java.util.concurrent.ExecutionException: jetbrains.exodus.ExodusException
	at java.base/java.util.concurrent.FutureTask.report(FutureTask.java:122)
	at java.base/java.util.concurrent.FutureTask.get(FutureTask.java:191)
	at jetbrains.exodus.newLogConcept.MVCC.MVCCDataStructure.commitTransaction(MVCCDataStructure.java:299)
	at site.ycsb.db.XodusClient.insert(XodusClient.java:60)
	at site.ycsb.DBWrapper.insert(DBWrapper.java:227)
	at site.ycsb.workloads.CoreWorkload.doInsert(CoreWorkload.java:621)
	at site.ycsb.ClientThread.run(ClientThread.java:135)
	at java.base/java.lang.Thread.run(Thread.java:829)
Caused by: jetbrains.exodus.ExodusException
	at jetbrains.exodus.newLogConcept.garbageCollector.OperationLogGarbageCollector.moveAndRemoveRecordsFromLog(OperationLogGarbageCollector.java:69)
	at jetbrains.exodus.newLogConcept.garbageCollector.OperationLogGarbageCollector.clean(OperationLogGarbageCollector.java:51)
	at jetbrains.exodus.newLogConcept.MVCC.MVCCDataStructure.lambda$commitTransaction$1(MVCCDataStructure.java:297)
	at java.base/java.util.concurrent.Executors$RunnableAdapter.call(Executors.java:515)
	at java.base/java.util.concurrent.FutureTask.run(FutureTask.java:264)
	at java.base/java.util.concurrent.ThreadPoolExecutor.runWorker(ThreadPoolExecutor.java:1128)
	at java.base/java.util.concurrent.ThreadPoolExecutor$Worker.run(ThreadPoolExecutor.java:628)
	... 1 more
java.util.concurrent.ExecutionException: jetbrains.exodus.ExodusException
	at java.base/java.util.concurrent.FutureTask.report(FutureTask.java:122)
	at java.base/java.util.concurrent.FutureTask.get(FutureTask.java:191)
	at jetbrains.exodus.newLogConcept.MVCC.MVCCDataStructure.commitTransaction(MVCCDataStructure.java:299)
	at site.ycsb.db.XodusClient.insert(XodusClient.java:60)
	at site.ycsb.DBWrapper.insert(DBWrapper.java:227)
	at site.ycsb.workloads.CoreWorkload.doInsert(CoreWorkload.java:621)
	at site.ycsb.ClientThread.run(ClientThread.java:135)
	at java.base/java.lang.Thread.run(Thread.java:829)
Caused by: jetbrains.exodus.ExodusException
	at jetbrains.exodus.newLogConcept.garbageCollector.OperationLogGarbageCollector.moveAndRemoveRecordsFromLog(OperationLogGarbageCollector.java:69)
	at jetbrains.exodus.newLogConcept.garbageCollector.OperationLogGarbageCollector.clean(OperationLogGarbageCollector.java:51)
	at jetbrains.exodus.newLogConcept.MVCC.MVCCDataStructure.lambda$commitTransaction$1(MVCCDataStructure.java:297)
	at java.base/java.util.concurrent.Executors$RunnableAdapter.call(Executors.java:515)
	at java.base/java.util.concurrent.FutureTask.run(FutureTask.java:264)
	at java.base/java.util.concurrent.ThreadPoolExecutor.runWorker(ThreadPoolExecutor.java:1128)
	at java.base/java.util.concurrent.ThreadPoolExecutor$Worker.run(ThreadPoolExecutor.java:628)
	... 1 more
java.util.concurrent.ExecutionException: jetbrains.exodus.ExodusException
	at java.base/java.util.concurrent.FutureTask.report(FutureTask.java:122)
	at java.base/java.util.concurrent.FutureTask.get(FutureTask.java:191)
	at jetbrains.exodus.newLogConcept.MVCC.MVCCDataStructure.commitTransaction(MVCCDataStructure.java:299)
	at site.ycsb.db.XodusClient.insert(XodusClient.java:60)
	at site.ycsb.DBWrapper.insert(DBWrapper.java:227)
	at site.ycsb.workloads.CoreWorkload.doInsert(CoreWorkload.java:621)
	at site.ycsb.ClientThread.run(ClientThread.java:135)
	at java.base/java.lang.Thread.run(Thread.java:829)
Caused by: jetbrains.exodus.ExodusException
	at jetbrains.exodus.newLogConcept.garbageCollector.OperationLogGarbageCollector.moveAndRemoveRecordsFromLog(OperationLogGarbageCollector.java:69)
	at jetbrains.exodus.newLogConcept.garbageCollector.OperationLogGarbageCollector.clean(OperationLogGarbageCollector.java:51)
	at jetbrains.exodus.newLogConcept.MVCC.MVCCDataStructure.lambda$commitTransaction$1(MVCCDataStructure.java:297)
	at java.base/java.util.concurrent.Executors$RunnableAdapter.call(Executors.java:515)
	at java.base/java.util.concurrent.FutureTask.run(FutureTask.java:264)
	at java.base/java.util.concurrent.ThreadPoolExecutor.runWorker(ThreadPoolExecutor.java:1128)
	at java.base/java.util.concurrent.ThreadPoolExecutor$Worker.run(ThreadPoolExecutor.java:628)
	... 1 more
java.util.concurrent.ExecutionException: jetbrains.exodus.ExodusException
	at java.base/java.util.concurrent.FutureTask.report(FutureTask.java:122)
	at java.base/java.util.concurrent.FutureTask.get(FutureTask.java:191)
	at jetbrains.exodus.newLogConcept.MVCC.MVCCDataStructure.commitTransaction(MVCCDataStructure.java:299)
	at site.ycsb.db.XodusClient.insert(XodusClient.java:60)
	at site.ycsb.DBWrapper.insert(DBWrapper.java:227)
	at site.ycsb.workloads.CoreWorkload.doInsert(CoreWorkload.java:621)
	at site.ycsb.ClientThread.run(ClientThread.java:135)
	at java.base/java.lang.Thread.run(Thread.java:829)
Caused by: jetbrains.exodus.ExodusException
	at jetbrains.exodus.newLogConcept.garbageCollector.OperationLogGarbageCollector.moveAndRemoveRecordsFromLog(OperationLogGarbageCollector.java:69)
	at jetbrains.exodus.newLogConcept.garbageCollector.OperationLogGarbageCollector.clean(OperationLogGarbageCollector.java:51)
	at jetbrains.exodus.newLogConcept.MVCC.MVCCDataStructure.lambda$commitTransaction$1(MVCCDataStructure.java:297)
	at java.base/java.util.concurrent.Executors$RunnableAdapter.call(Executors.java:515)
	at java.base/java.util.concurrent.FutureTask.run(FutureTask.java:264)
	at java.base/java.util.concurrent.ThreadPoolExecutor.runWorker(ThreadPoolExecutor.java:1128)
	at java.base/java.util.concurrent.ThreadPoolExecutor$Worker.run(ThreadPoolExecutor.java:628)
	... 1 more
java.util.concurrent.ExecutionException: jetbrains.exodus.ExodusException
	at java.base/java.util.concurrent.FutureTask.report(FutureTask.java:122)
	at java.base/java.util.concurrent.FutureTask.get(FutureTask.java:191)
	at jetbrains.exodus.newLogConcept.MVCC.MVCCDataStructure.commitTransaction(MVCCDataStructure.java:299)
	at site.ycsb.db.XodusClient.insert(XodusClient.java:60)
	at site.ycsb.DBWrapper.insert(DBWrapper.java:227)
	at site.ycsb.workloads.CoreWorkload.doInsert(CoreWorkload.java:621)
	at site.ycsb.ClientThread.run(ClientThread.java:135)
	at java.base/java.lang.Thread.run(Thread.java:829)
Caused by: jetbrains.exodus.ExodusException
	at jetbrains.exodus.newLogConcept.garbageCollector.OperationLogGarbageCollector.moveAndRemoveRecordsFromLog(OperationLogGarbageCollector.java:69)
	at jetbrains.exodus.newLogConcept.garbageCollector.OperationLogGarbageCollector.clean(OperationLogGarbageCollector.java:51)
	at jetbrains.exodus.newLogConcept.MVCC.MVCCDataStructure.lambda$commitTransaction$1(MVCCDataStructure.java:297)
	at java.base/java.util.concurrent.Executors$RunnableAdapter.call(Executors.java:515)
	at java.base/java.util.concurrent.FutureTask.run(FutureTask.java:264)
	at java.base/java.util.concurrent.ThreadPoolExecutor.runWorker(ThreadPoolExecutor.java:1128)
	at java.base/java.util.concurrent.ThreadPoolExecutor$Worker.run(ThreadPoolExecutor.java:628)
	... 1 more
java.util.concurrent.ExecutionException: jetbrains.exodus.ExodusException
	at java.base/java.util.concurrent.FutureTask.report(FutureTask.java:122)
	at java.base/java.util.concurrent.FutureTask.get(FutureTask.java:191)
	at jetbrains.exodus.newLogConcept.MVCC.MVCCDataStructure.commitTransaction(MVCCDataStructure.java:299)
	at site.ycsb.db.XodusClient.insert(XodusClient.java:60)
	at site.ycsb.DBWrapper.insert(DBWrapper.java:227)
	at site.ycsb.workloads.CoreWorkload.doInsert(CoreWorkload.java:621)
	at site.ycsb.ClientThread.run(ClientThread.java:135)
	at java.base/java.lang.Thread.run(Thread.java:829)
Caused by: jetbrains.exodus.ExodusException
	at jetbrains.exodus.newLogConcept.garbageCollector.OperationLogGarbageCollector.moveAndRemoveRecordsFromLog(OperationLogGarbageCollector.java:69)
	at jetbrains.exodus.newLogConcept.garbageCollector.OperationLogGarbageCollector.clean(OperationLogGarbageCollector.java:51)
	at jetbrains.exodus.newLogConcept.MVCC.MVCCDataStructure.lambda$commitTransaction$1(MVCCDataStructure.java:297)
	at java.base/java.util.concurrent.Executors$RunnableAdapter.call(Executors.java:515)
	at java.base/java.util.concurrent.FutureTask.run(FutureTask.java:264)
	at java.base/java.util.concurrent.ThreadPoolExecutor.runWorker(ThreadPoolExecutor.java:1128)
	at java.base/java.util.concurrent.ThreadPoolExecutor$Worker.run(ThreadPoolExecutor.java:628)
	... 1 more
java.util.concurrent.ExecutionException: jetbrains.exodus.ExodusException
	at java.base/java.util.concurrent.FutureTask.report(FutureTask.java:122)
	at java.base/java.util.concurrent.FutureTask.get(FutureTask.java:191)
	at jetbrains.exodus.newLogConcept.MVCC.MVCCDataStructure.commitTransaction(MVCCDataStructure.java:299)
	at site.ycsb.db.XodusClient.insert(XodusClient.java:60)
	at site.ycsb.DBWrapper.insert(DBWrapper.java:227)
	at site.ycsb.workloads.CoreWorkload.doInsert(CoreWorkload.java:621)
	at site.ycsb.ClientThread.run(ClientThread.java:135)
	at java.base/java.lang.Thread.run(Thread.java:829)
Caused by: jetbrains.exodus.ExodusException
	at jetbrains.exodus.newLogConcept.garbageCollector.OperationLogGarbageCollector.moveAndRemoveRecordsFromLog(OperationLogGarbageCollector.java:69)
	at jetbrains.exodus.newLogConcept.garbageCollector.OperationLogGarbageCollector.clean(OperationLogGarbageCollector.java:51)
	at jetbrains.exodus.newLogConcept.MVCC.MVCCDataStructure.lambda$commitTransaction$1(MVCCDataStructure.java:297)
	at java.base/java.util.concurrent.Executors$RunnableAdapter.call(Executors.java:515)
	at java.base/java.util.concurrent.FutureTask.run(FutureTask.java:264)
	at java.base/java.util.concurrent.ThreadPoolExecutor.runWorker(ThreadPoolExecutor.java:1128)
	at java.base/java.util.concurrent.ThreadPoolExecutor$Worker.run(ThreadPoolExecutor.java:628)
	... 1 more
java.util.concurrent.ExecutionException: jetbrains.exodus.ExodusException
	at java.base/java.util.concurrent.FutureTask.report(FutureTask.java:122)
	at java.base/java.util.concurrent.FutureTask.get(FutureTask.java:191)
	at jetbrains.exodus.newLogConcept.MVCC.MVCCDataStructure.commitTransaction(MVCCDataStructure.java:299)
	at site.ycsb.db.XodusClient.insert(XodusClient.java:60)
	at site.ycsb.DBWrapper.insert(DBWrapper.java:227)
	at site.ycsb.workloads.CoreWorkload.doInsert(CoreWorkload.java:621)
	at site.ycsb.ClientThread.run(ClientThread.java:135)
	at java.base/java.lang.Thread.run(Thread.java:829)
Caused by: jetbrains.exodus.ExodusException
	at jetbrains.exodus.newLogConcept.garbageCollector.OperationLogGarbageCollector.moveAndRemoveRecordsFromLog(OperationLogGarbageCollector.java:69)
	at jetbrains.exodus.newLogConcept.garbageCollector.OperationLogGarbageCollector.clean(OperationLogGarbageCollector.java:51)
	at jetbrains.exodus.newLogConcept.MVCC.MVCCDataStructure.lambda$commitTransaction$1(MVCCDataStructure.java:297)
	at java.base/java.util.concurrent.Executors$RunnableAdapter.call(Executors.java:515)
	at java.base/java.util.concurrent.FutureTask.run(FutureTask.java:264)
	at java.base/java.util.concurrent.ThreadPoolExecutor.runWorker(ThreadPoolExecutor.java:1128)
	at java.base/java.util.concurrent.ThreadPoolExecutor$Worker.run(ThreadPoolExecutor.java:628)
	... 1 more
java.util.concurrent.ExecutionException: jetbrains.exodus.ExodusException
	at java.base/java.util.concurrent.FutureTask.report(FutureTask.java:122)
	at java.base/java.util.concurrent.FutureTask.get(FutureTask.java:191)
	at jetbrains.exodus.newLogConcept.MVCC.MVCCDataStructure.commitTransaction(MVCCDataStructure.java:299)
	at site.ycsb.db.XodusClient.insert(XodusClient.java:60)
	at site.ycsb.DBWrapper.insert(DBWrapper.java:227)
	at site.ycsb.workloads.CoreWorkload.doInsert(CoreWorkload.java:621)
	at site.ycsb.ClientThread.run(ClientThread.java:135)
	at java.base/java.lang.Thread.run(Thread.java:829)
Caused by: jetbrains.exodus.ExodusException
	at jetbrains.exodus.newLogConcept.garbageCollector.OperationLogGarbageCollector.moveAndRemoveRecordsFromLog(OperationLogGarbageCollector.java:69)
	at jetbrains.exodus.newLogConcept.garbageCollector.OperationLogGarbageCollector.clean(OperationLogGarbageCollector.java:51)
	at jetbrains.exodus.newLogConcept.MVCC.MVCCDataStructure.lambda$commitTransaction$1(MVCCDataStructure.java:297)
	at java.base/java.util.concurrent.Executors$RunnableAdapter.call(Executors.java:515)
	at java.base/java.util.concurrent.FutureTask.run(FutureTask.java:264)
	at java.base/java.util.concurrent.ThreadPoolExecutor.runWorker(ThreadPoolExecutor.java:1128)
	at java.base/java.util.concurrent.ThreadPoolExecutor$Worker.run(ThreadPoolExecutor.java:628)
	... 1 more
java.util.concurrent.ExecutionException: jetbrains.exodus.ExodusException
	at java.base/java.util.concurrent.FutureTask.report(FutureTask.java:122)
	at java.base/java.util.concurrent.FutureTask.get(FutureTask.java:191)
	at jetbrains.exodus.newLogConcept.MVCC.MVCCDataStructure.commitTransaction(MVCCDataStructure.java:299)
	at site.ycsb.db.XodusClient.insert(XodusClient.java:60)
	at site.ycsb.DBWrapper.insert(DBWrapper.java:227)
	at site.ycsb.workloads.CoreWorkload.doInsert(CoreWorkload.java:621)
	at site.ycsb.ClientThread.run(ClientThread.java:135)
	at java.base/java.lang.Thread.run(Thread.java:829)
Caused by: jetbrains.exodus.ExodusException
	at jetbrains.exodus.newLogConcept.garbageCollector.OperationLogGarbageCollector.moveAndRemoveRecordsFromLog(OperationLogGarbageCollector.java:69)
	at jetbrains.exodus.newLogConcept.garbageCollector.OperationLogGarbageCollector.clean(OperationLogGarbageCollector.java:51)
	at jetbrains.exodus.newLogConcept.MVCC.MVCCDataStructure.lambda$commitTransaction$1(MVCCDataStructure.java:297)
	at java.base/java.util.concurrent.Executors$RunnableAdapter.call(Executors.java:515)
	at java.base/java.util.concurrent.FutureTask.run(FutureTask.java:264)
	at java.base/java.util.concurrent.ThreadPoolExecutor.runWorker(ThreadPoolExecutor.java:1128)
	at java.base/java.util.concurrent.ThreadPoolExecutor$Worker.run(ThreadPoolExecutor.java:628)
	... 1 more
java.util.concurrent.ExecutionException: jetbrains.exodus.ExodusException
	at java.base/java.util.concurrent.FutureTask.report(FutureTask.java:122)
	at java.base/java.util.concurrent.FutureTask.get(FutureTask.java:191)
	at jetbrains.exodus.newLogConcept.MVCC.MVCCDataStructure.commitTransaction(MVCCDataStructure.java:299)
	at site.ycsb.db.XodusClient.insert(XodusClient.java:60)
	at site.ycsb.DBWrapper.insert(DBWrapper.java:227)
	at site.ycsb.workloads.CoreWorkload.doInsert(CoreWorkload.java:621)
	at site.ycsb.ClientThread.run(ClientThread.java:135)
	at java.base/java.lang.Thread.run(Thread.java:829)
Caused by: jetbrains.exodus.ExodusException
	at jetbrains.exodus.newLogConcept.garbageCollector.OperationLogGarbageCollector.moveAndRemoveRecordsFromLog(OperationLogGarbageCollector.java:69)
	at jetbrains.exodus.newLogConcept.garbageCollector.OperationLogGarbageCollector.clean(OperationLogGarbageCollector.java:51)
	at jetbrains.exodus.newLogConcept.MVCC.MVCCDataStructure.lambda$commitTransaction$1(MVCCDataStructure.java:297)
	at java.base/java.util.concurrent.Executors$RunnableAdapter.call(Executors.java:515)
	at java.base/java.util.concurrent.FutureTask.run(FutureTask.java:264)
	at java.base/java.util.concurrent.ThreadPoolExecutor.runWorker(ThreadPoolExecutor.java:1128)
	at java.base/java.util.concurrent.ThreadPoolExecutor$Worker.run(ThreadPoolExecutor.java:628)
	... 1 more
java.util.concurrent.ExecutionException: jetbrains.exodus.ExodusException
	at java.base/java.util.concurrent.FutureTask.report(FutureTask.java:122)
	at java.base/java.util.concurrent.FutureTask.get(FutureTask.java:191)
	at jetbrains.exodus.newLogConcept.MVCC.MVCCDataStructure.commitTransaction(MVCCDataStructure.java:299)
	at site.ycsb.db.XodusClient.insert(XodusClient.java:60)
	at site.ycsb.DBWrapper.insert(DBWrapper.java:227)
	at site.ycsb.workloads.CoreWorkload.doInsert(CoreWorkload.java:621)
	at site.ycsb.ClientThread.run(ClientThread.java:135)
	at java.base/java.lang.Thread.run(Thread.java:829)
Caused by: jetbrains.exodus.ExodusException
	at jetbrains.exodus.newLogConcept.garbageCollector.OperationLogGarbageCollector.moveAndRemoveRecordsFromLog(OperationLogGarbageCollector.java:69)
	at jetbrains.exodus.newLogConcept.garbageCollector.OperationLogGarbageCollector.clean(OperationLogGarbageCollector.java:51)
	at jetbrains.exodus.newLogConcept.MVCC.MVCCDataStructure.lambda$commitTransaction$1(MVCCDataStructure.java:297)
	at java.base/java.util.concurrent.Executors$RunnableAdapter.call(Executors.java:515)
	at java.base/java.util.concurrent.FutureTask.run(FutureTask.java:264)
	at java.base/java.util.concurrent.ThreadPoolExecutor.runWorker(ThreadPoolExecutor.java:1128)
	at java.base/java.util.concurrent.ThreadPoolExecutor$Worker.run(ThreadPoolExecutor.java:628)
	... 1 more
java.util.concurrent.ExecutionException: jetbrains.exodus.ExodusException
	at java.base/java.util.concurrent.FutureTask.report(FutureTask.java:122)
	at java.base/java.util.concurrent.FutureTask.get(FutureTask.java:191)
	at jetbrains.exodus.newLogConcept.MVCC.MVCCDataStructure.commitTransaction(MVCCDataStructure.java:299)
	at site.ycsb.db.XodusClient.insert(XodusClient.java:60)
	at site.ycsb.DBWrapper.insert(DBWrapper.java:227)
	at site.ycsb.workloads.CoreWorkload.doInsert(CoreWorkload.java:621)
	at site.ycsb.ClientThread.run(ClientThread.java:135)
	at java.base/java.lang.Thread.run(Thread.java:829)
Caused by: jetbrains.exodus.ExodusException
	at jetbrains.exodus.newLogConcept.garbageCollector.OperationLogGarbageCollector.moveAndRemoveRecordsFromLog(OperationLogGarbageCollector.java:69)
	at jetbrains.exodus.newLogConcept.garbageCollector.OperationLogGarbageCollector.clean(OperationLogGarbageCollector.java:51)
	at jetbrains.exodus.newLogConcept.MVCC.MVCCDataStructure.lambda$commitTransaction$1(MVCCDataStructure.java:297)
	at java.base/java.util.concurrent.Executors$RunnableAdapter.call(Executors.java:515)
	at java.base/java.util.concurrent.FutureTask.run(FutureTask.java:264)
	at java.base/java.util.concurrent.ThreadPoolExecutor.runWorker(ThreadPoolExecutor.java:1128)
	at java.base/java.util.concurrent.ThreadPoolExecutor$Worker.run(ThreadPoolExecutor.java:628)
	... 1 more
java.util.concurrent.ExecutionException: jetbrains.exodus.ExodusException
	at java.base/java.util.concurrent.FutureTask.report(FutureTask.java:122)
	at java.base/java.util.concurrent.FutureTask.get(FutureTask.java:191)
	at jetbrains.exodus.newLogConcept.MVCC.MVCCDataStructure.commitTransaction(MVCCDataStructure.java:299)
	at site.ycsb.db.XodusClient.insert(XodusClient.java:60)
	at site.ycsb.DBWrapper.insert(DBWrapper.java:227)
	at site.ycsb.workloads.CoreWorkload.doInsert(CoreWorkload.java:621)
	at site.ycsb.ClientThread.run(ClientThread.java:135)
	at java.base/java.lang.Thread.run(Thread.java:829)
Caused by: jetbrains.exodus.ExodusException
	at jetbrains.exodus.newLogConcept.garbageCollector.OperationLogGarbageCollector.moveAndRemoveRecordsFromLog(OperationLogGarbageCollector.java:69)
	at jetbrains.exodus.newLogConcept.garbageCollector.OperationLogGarbageCollector.clean(OperationLogGarbageCollector.java:51)
	at jetbrains.exodus.newLogConcept.MVCC.MVCCDataStructure.lambda$commitTransaction$1(MVCCDataStructure.java:297)
	at java.base/java.util.concurrent.Executors$RunnableAdapter.call(Executors.java:515)
	at java.base/java.util.concurrent.FutureTask.run(FutureTask.java:264)
	at java.base/java.util.concurrent.ThreadPoolExecutor.runWorker(ThreadPoolExecutor.java:1128)
	at java.base/java.util.concurrent.ThreadPoolExecutor$Worker.run(ThreadPoolExecutor.java:628)
	... 1 more
java.util.concurrent.ExecutionException: jetbrains.exodus.ExodusException
	at java.base/java.util.concurrent.FutureTask.report(FutureTask.java:122)
	at java.base/java.util.concurrent.FutureTask.get(FutureTask.java:191)
	at jetbrains.exodus.newLogConcept.MVCC.MVCCDataStructure.commitTransaction(MVCCDataStructure.java:299)
	at site.ycsb.db.XodusClient.insert(XodusClient.java:60)
	at site.ycsb.DBWrapper.insert(DBWrapper.java:227)
	at site.ycsb.workloads.CoreWorkload.doInsert(CoreWorkload.java:621)
	at site.ycsb.ClientThread.run(ClientThread.java:135)
	at java.base/java.lang.Thread.run(Thread.java:829)
Caused by: jetbrains.exodus.ExodusException
	at jetbrains.exodus.newLogConcept.garbageCollector.OperationLogGarbageCollector.moveAndRemoveRecordsFromLog(OperationLogGarbageCollector.java:69)
	at jetbrains.exodus.newLogConcept.garbageCollector.OperationLogGarbageCollector.clean(OperationLogGarbageCollector.java:51)
	at jetbrains.exodus.newLogConcept.MVCC.MVCCDataStructure.lambda$commitTransaction$1(MVCCDataStructure.java:297)
	at java.base/java.util.concurrent.Executors$RunnableAdapter.call(Executors.java:515)
	at java.base/java.util.concurrent.FutureTask.run(FutureTask.java:264)
	at java.base/java.util.concurrent.ThreadPoolExecutor.runWorker(ThreadPoolExecutor.java:1128)
	at java.base/java.util.concurrent.ThreadPoolExecutor$Worker.run(ThreadPoolExecutor.java:628)
	... 1 more
java.util.concurrent.ExecutionException: jetbrains.exodus.ExodusException
	at java.base/java.util.concurrent.FutureTask.report(FutureTask.java:122)
	at java.base/java.util.concurrent.FutureTask.get(FutureTask.java:191)
	at jetbrains.exodus.newLogConcept.MVCC.MVCCDataStructure.commitTransaction(MVCCDataStructure.java:299)
	at site.ycsb.db.XodusClient.insert(XodusClient.java:60)
	at site.ycsb.DBWrapper.insert(DBWrapper.java:227)
	at site.ycsb.workloads.CoreWorkload.doInsert(CoreWorkload.java:621)
	at site.ycsb.ClientThread.run(ClientThread.java:135)
	at java.base/java.lang.Thread.run(Thread.java:829)
Caused by: jetbrains.exodus.ExodusException
	at jetbrains.exodus.newLogConcept.garbageCollector.OperationLogGarbageCollector.moveAndRemoveRecordsFromLog(OperationLogGarbageCollector.java:69)
	at jetbrains.exodus.newLogConcept.garbageCollector.OperationLogGarbageCollector.clean(OperationLogGarbageCollector.java:51)
	at jetbrains.exodus.newLogConcept.MVCC.MVCCDataStructure.lambda$commitTransaction$1(MVCCDataStructure.java:297)
	at java.base/java.util.concurrent.Executors$RunnableAdapter.call(Executors.java:515)
	at java.base/java.util.concurrent.FutureTask.run(FutureTask.java:264)
	at java.base/java.util.concurrent.ThreadPoolExecutor.runWorker(ThreadPoolExecutor.java:1128)
	at java.base/java.util.concurrent.ThreadPoolExecutor$Worker.run(ThreadPoolExecutor.java:628)
	... 1 more
java.util.concurrent.ExecutionException: jetbrains.exodus.ExodusException
	at java.base/java.util.concurrent.FutureTask.report(FutureTask.java:122)
	at java.base/java.util.concurrent.FutureTask.get(FutureTask.java:191)
	at jetbrains.exodus.newLogConcept.MVCC.MVCCDataStructure.commitTransaction(MVCCDataStructure.java:299)
	at site.ycsb.db.XodusClient.insert(XodusClient.java:60)
	at site.ycsb.DBWrapper.insert(DBWrapper.java:227)
	at site.ycsb.workloads.CoreWorkload.doInsert(CoreWorkload.java:621)
	at site.ycsb.ClientThread.run(ClientThread.java:135)
	at java.base/java.lang.Thread.run(Thread.java:829)
Caused by: jetbrains.exodus.ExodusException
	at jetbrains.exodus.newLogConcept.garbageCollector.OperationLogGarbageCollector.moveAndRemoveRecordsFromLog(OperationLogGarbageCollector.java:69)
	at jetbrains.exodus.newLogConcept.garbageCollector.OperationLogGarbageCollector.clean(OperationLogGarbageCollector.java:51)
	at jetbrains.exodus.newLogConcept.MVCC.MVCCDataStructure.lambda$commitTransaction$1(MVCCDataStructure.java:297)
	at java.base/java.util.concurrent.Executors$RunnableAdapter.call(Executors.java:515)
	at java.base/java.util.concurrent.FutureTask.run(FutureTask.java:264)
	at java.base/java.util.concurrent.ThreadPoolExecutor.runWorker(ThreadPoolExecutor.java:1128)
	at java.base/java.util.concurrent.ThreadPoolExecutor$Worker.run(ThreadPoolExecutor.java:628)
	... 1 more
java.util.concurrent.ExecutionException: jetbrains.exodus.ExodusException
	at java.base/java.util.concurrent.FutureTask.report(FutureTask.java:122)
	at java.base/java.util.concurrent.FutureTask.get(FutureTask.java:191)
	at jetbrains.exodus.newLogConcept.MVCC.MVCCDataStructure.commitTransaction(MVCCDataStructure.java:299)
	at site.ycsb.db.XodusClient.insert(XodusClient.java:60)
	at site.ycsb.DBWrapper.insert(DBWrapper.java:227)
	at site.ycsb.workloads.CoreWorkload.doInsert(CoreWorkload.java:621)
	at site.ycsb.ClientThread.run(ClientThread.java:135)
	at java.base/java.lang.Thread.run(Thread.java:829)
Caused by: jetbrains.exodus.ExodusException
	at jetbrains.exodus.newLogConcept.garbageCollector.OperationLogGarbageCollector.moveAndRemoveRecordsFromLog(OperationLogGarbageCollector.java:69)
	at jetbrains.exodus.newLogConcept.garbageCollector.OperationLogGarbageCollector.clean(OperationLogGarbageCollector.java:51)
	at jetbrains.exodus.newLogConcept.MVCC.MVCCDataStructure.lambda$commitTransaction$1(MVCCDataStructure.java:297)
	at java.base/java.util.concurrent.Executors$RunnableAdapter.call(Executors.java:515)
	at java.base/java.util.concurrent.FutureTask.run(FutureTask.java:264)
	at java.base/java.util.concurrent.ThreadPoolExecutor.runWorker(ThreadPoolExecutor.java:1128)
	at java.base/java.util.concurrent.ThreadPoolExecutor$Worker.run(ThreadPoolExecutor.java:628)
	... 1 more
java.util.concurrent.ExecutionException: jetbrains.exodus.ExodusException
	at java.base/java.util.concurrent.FutureTask.report(FutureTask.java:122)
	at java.base/java.util.concurrent.FutureTask.get(FutureTask.java:191)
	at jetbrains.exodus.newLogConcept.MVCC.MVCCDataStructure.commitTransaction(MVCCDataStructure.java:299)
	at site.ycsb.db.XodusClient.insert(XodusClient.java:60)
	at site.ycsb.DBWrapper.insert(DBWrapper.java:227)
	at site.ycsb.workloads.CoreWorkload.doInsert(CoreWorkload.java:621)
	at site.ycsb.ClientThread.run(ClientThread.java:135)
	at java.base/java.lang.Thread.run(Thread.java:829)
Caused by: jetbrains.exodus.ExodusException
	at jetbrains.exodus.newLogConcept.garbageCollector.OperationLogGarbageCollector.moveAndRemoveRecordsFromLog(OperationLogGarbageCollector.java:69)
	at jetbrains.exodus.newLogConcept.garbageCollector.OperationLogGarbageCollector.clean(OperationLogGarbageCollector.java:51)
	at jetbrains.exodus.newLogConcept.MVCC.MVCCDataStructure.lambda$commitTransaction$1(MVCCDataStructure.java:297)
	at java.base/java.util.concurrent.Executors$RunnableAdapter.call(Executors.java:515)
	at java.base/java.util.concurrent.FutureTask.run(FutureTask.java:264)
	at java.base/java.util.concurrent.ThreadPoolExecutor.runWorker(ThreadPoolExecutor.java:1128)
	at java.base/java.util.concurrent.ThreadPoolExecutor$Worker.run(ThreadPoolExecutor.java:628)
	... 1 more
java.util.concurrent.ExecutionException: jetbrains.exodus.ExodusException
	at java.base/java.util.concurrent.FutureTask.report(FutureTask.java:122)
	at java.base/java.util.concurrent.FutureTask.get(FutureTask.java:191)
	at jetbrains.exodus.newLogConcept.MVCC.MVCCDataStructure.commitTransaction(MVCCDataStructure.java:299)
	at site.ycsb.db.XodusClient.insert(XodusClient.java:60)
	at site.ycsb.DBWrapper.insert(DBWrapper.java:227)
	at site.ycsb.workloads.CoreWorkload.doInsert(CoreWorkload.java:621)
	at site.ycsb.ClientThread.run(ClientThread.java:135)
	at java.base/java.lang.Thread.run(Thread.java:829)
Caused by: jetbrains.exodus.ExodusException
	at jetbrains.exodus.newLogConcept.garbageCollector.OperationLogGarbageCollector.moveAndRemoveRecordsFromLog(OperationLogGarbageCollector.java:69)
	at jetbrains.exodus.newLogConcept.garbageCollector.OperationLogGarbageCollector.clean(OperationLogGarbageCollector.java:51)
	at jetbrains.exodus.newLogConcept.MVCC.MVCCDataStructure.lambda$commitTransaction$1(MVCCDataStructure.java:297)
	at java.base/java.util.concurrent.Executors$RunnableAdapter.call(Executors.java:515)
	at java.base/java.util.concurrent.FutureTask.run(FutureTask.java:264)
	at java.base/java.util.concurrent.ThreadPoolExecutor.runWorker(ThreadPoolExecutor.java:1128)
	at java.base/java.util.concurrent.ThreadPoolExecutor$Worker.run(ThreadPoolExecutor.java:628)
	... 1 more
java.util.concurrent.ExecutionException: jetbrains.exodus.ExodusException
	at java.base/java.util.concurrent.FutureTask.report(FutureTask.java:122)
	at java.base/java.util.concurrent.FutureTask.get(FutureTask.java:191)
	at jetbrains.exodus.newLogConcept.MVCC.MVCCDataStructure.commitTransaction(MVCCDataStructure.java:299)
	at site.ycsb.db.XodusClient.insert(XodusClient.java:60)
	at site.ycsb.DBWrapper.insert(DBWrapper.java:227)
	at site.ycsb.workloads.CoreWorkload.doInsert(CoreWorkload.java:621)
	at site.ycsb.ClientThread.run(ClientThread.java:135)
	at java.base/java.lang.Thread.run(Thread.java:829)
Caused by: jetbrains.exodus.ExodusException
	at jetbrains.exodus.newLogConcept.garbageCollector.OperationLogGarbageCollector.moveAndRemoveRecordsFromLog(OperationLogGarbageCollector.java:69)
	at jetbrains.exodus.newLogConcept.garbageCollector.OperationLogGarbageCollector.clean(OperationLogGarbageCollector.java:51)
	at jetbrains.exodus.newLogConcept.MVCC.MVCCDataStructure.lambda$commitTransaction$1(MVCCDataStructure.java:297)
	at java.base/java.util.concurrent.Executors$RunnableAdapter.call(Executors.java:515)
	at java.base/java.util.concurrent.FutureTask.run(FutureTask.java:264)
	at java.base/java.util.concurrent.ThreadPoolExecutor.runWorker(ThreadPoolExecutor.java:1128)
	at java.base/java.util.concurrent.ThreadPoolExecutor$Worker.run(ThreadPoolExecutor.java:628)
	... 1 more
java.util.concurrent.ExecutionException: jetbrains.exodus.ExodusException
	at java.base/java.util.concurrent.FutureTask.report(FutureTask.java:122)
	at java.base/java.util.concurrent.FutureTask.get(FutureTask.java:191)
	at jetbrains.exodus.newLogConcept.MVCC.MVCCDataStructure.commitTransaction(MVCCDataStructure.java:299)
	at site.ycsb.db.XodusClient.insert(XodusClient.java:60)
	at site.ycsb.DBWrapper.insert(DBWrapper.java:227)
	at site.ycsb.workloads.CoreWorkload.doInsert(CoreWorkload.java:621)
	at site.ycsb.ClientThread.run(ClientThread.java:135)
	at java.base/java.lang.Thread.run(Thread.java:829)
Caused by: jetbrains.exodus.ExodusException
	at jetbrains.exodus.newLogConcept.garbageCollector.OperationLogGarbageCollector.moveAndRemoveRecordsFromLog(OperationLogGarbageCollector.java:69)
	at jetbrains.exodus.newLogConcept.garbageCollector.OperationLogGarbageCollector.clean(OperationLogGarbageCollector.java:51)
	at jetbrains.exodus.newLogConcept.MVCC.MVCCDataStructure.lambda$commitTransaction$1(MVCCDataStructure.java:297)
	at java.base/java.util.concurrent.Executors$RunnableAdapter.call(Executors.java:515)
	at java.base/java.util.concurrent.FutureTask.run(FutureTask.java:264)
	at java.base/java.util.concurrent.ThreadPoolExecutor.runWorker(ThreadPoolExecutor.java:1128)
	at java.base/java.util.concurrent.ThreadPoolExecutor$Worker.run(ThreadPoolExecutor.java:628)
	... 1 more
java.util.concurrent.ExecutionException: jetbrains.exodus.ExodusException
	at java.base/java.util.concurrent.FutureTask.report(FutureTask.java:122)
	at java.base/java.util.concurrent.FutureTask.get(FutureTask.java:191)
	at jetbrains.exodus.newLogConcept.MVCC.MVCCDataStructure.commitTransaction(MVCCDataStructure.java:299)
	at site.ycsb.db.XodusClient.insert(XodusClient.java:60)
	at site.ycsb.DBWrapper.insert(DBWrapper.java:227)
	at site.ycsb.workloads.CoreWorkload.doInsert(CoreWorkload.java:621)
	at site.ycsb.ClientThread.run(ClientThread.java:135)
	at java.base/java.lang.Thread.run(Thread.java:829)
Caused by: jetbrains.exodus.ExodusException
	at jetbrains.exodus.newLogConcept.garbageCollector.OperationLogGarbageCollector.moveAndRemoveRecordsFromLog(OperationLogGarbageCollector.java:69)
	at jetbrains.exodus.newLogConcept.garbageCollector.OperationLogGarbageCollector.clean(OperationLogGarbageCollector.java:51)
	at jetbrains.exodus.newLogConcept.MVCC.MVCCDataStructure.lambda$commitTransaction$1(MVCCDataStructure.java:297)
	at java.base/java.util.concurrent.Executors$RunnableAdapter.call(Executors.java:515)
	at java.base/java.util.concurrent.FutureTask.run(FutureTask.java:264)
	at java.base/java.util.concurrent.ThreadPoolExecutor.runWorker(ThreadPoolExecutor.java:1128)
	at java.base/java.util.concurrent.ThreadPoolExecutor$Worker.run(ThreadPoolExecutor.java:628)
	... 1 more
java.util.concurrent.ExecutionException: jetbrains.exodus.ExodusException
	at java.base/java.util.concurrent.FutureTask.report(FutureTask.java:122)
	at java.base/java.util.concurrent.FutureTask.get(FutureTask.java:191)
	at jetbrains.exodus.newLogConcept.MVCC.MVCCDataStructure.commitTransaction(MVCCDataStructure.java:299)
	at site.ycsb.db.XodusClient.insert(XodusClient.java:60)
	at site.ycsb.DBWrapper.insert(DBWrapper.java:227)
	at site.ycsb.workloads.CoreWorkload.doInsert(CoreWorkload.java:621)
	at site.ycsb.ClientThread.run(ClientThread.java:135)
	at java.base/java.lang.Thread.run(Thread.java:829)
Caused by: jetbrains.exodus.ExodusException
	at jetbrains.exodus.newLogConcept.garbageCollector.OperationLogGarbageCollector.moveAndRemoveRecordsFromLog(OperationLogGarbageCollector.java:69)
	at jetbrains.exodus.newLogConcept.garbageCollector.OperationLogGarbageCollector.clean(OperationLogGarbageCollector.java:51)
	at jetbrains.exodus.newLogConcept.MVCC.MVCCDataStructure.lambda$commitTransaction$1(MVCCDataStructure.java:297)
	at java.base/java.util.concurrent.Executors$RunnableAdapter.call(Executors.java:515)
	at java.base/java.util.concurrent.FutureTask.run(FutureTask.java:264)
	at java.base/java.util.concurrent.ThreadPoolExecutor.runWorker(ThreadPoolExecutor.java:1128)
	at java.base/java.util.concurrent.ThreadPoolExecutor$Worker.run(ThreadPoolExecutor.java:628)
	... 1 more
java.util.concurrent.ExecutionException: jetbrains.exodus.ExodusException
	at java.base/java.util.concurrent.FutureTask.report(FutureTask.java:122)
	at java.base/java.util.concurrent.FutureTask.get(FutureTask.java:191)
	at jetbrains.exodus.newLogConcept.MVCC.MVCCDataStructure.commitTransaction(MVCCDataStructure.java:299)
	at site.ycsb.db.XodusClient.insert(XodusClient.java:60)
	at site.ycsb.DBWrapper.insert(DBWrapper.java:227)
	at site.ycsb.workloads.CoreWorkload.doInsert(CoreWorkload.java:621)
	at site.ycsb.ClientThread.run(ClientThread.java:135)
	at java.base/java.lang.Thread.run(Thread.java:829)
Caused by: jetbrains.exodus.ExodusException
	at jetbrains.exodus.newLogConcept.garbageCollector.OperationLogGarbageCollector.moveAndRemoveRecordsFromLog(OperationLogGarbageCollector.java:69)
	at jetbrains.exodus.newLogConcept.garbageCollector.OperationLogGarbageCollector.clean(OperationLogGarbageCollector.java:51)
	at jetbrains.exodus.newLogConcept.MVCC.MVCCDataStructure.lambda$commitTransaction$1(MVCCDataStructure.java:297)
	at java.base/java.util.concurrent.Executors$RunnableAdapter.call(Executors.java:515)
	at java.base/java.util.concurrent.FutureTask.run(FutureTask.java:264)
	at java.base/java.util.concurrent.ThreadPoolExecutor.runWorker(ThreadPoolExecutor.java:1128)
	at java.base/java.util.concurrent.ThreadPoolExecutor$Worker.run(ThreadPoolExecutor.java:628)
	... 1 more
java.util.concurrent.ExecutionException: jetbrains.exodus.ExodusException
	at java.base/java.util.concurrent.FutureTask.report(FutureTask.java:122)
	at java.base/java.util.concurrent.FutureTask.get(FutureTask.java:191)
	at jetbrains.exodus.newLogConcept.MVCC.MVCCDataStructure.commitTransaction(MVCCDataStructure.java:299)
	at site.ycsb.db.XodusClient.insert(XodusClient.java:60)
	at site.ycsb.DBWrapper.insert(DBWrapper.java:227)
	at site.ycsb.workloads.CoreWorkload.doInsert(CoreWorkload.java:621)
	at site.ycsb.ClientThread.run(ClientThread.java:135)
	at java.base/java.lang.Thread.run(Thread.java:829)
Caused by: jetbrains.exodus.ExodusException
	at jetbrains.exodus.newLogConcept.garbageCollector.OperationLogGarbageCollector.moveAndRemoveRecordsFromLog(OperationLogGarbageCollector.java:69)
	at jetbrains.exodus.newLogConcept.garbageCollector.OperationLogGarbageCollector.clean(OperationLogGarbageCollector.java:51)
	at jetbrains.exodus.newLogConcept.MVCC.MVCCDataStructure.lambda$commitTransaction$1(MVCCDataStructure.java:297)
	at java.base/java.util.concurrent.Executors$RunnableAdapter.call(Executors.java:515)
	at java.base/java.util.concurrent.FutureTask.run(FutureTask.java:264)
	at java.base/java.util.concurrent.ThreadPoolExecutor.runWorker(ThreadPoolExecutor.java:1128)
	at java.base/java.util.concurrent.ThreadPoolExecutor$Worker.run(ThreadPoolExecutor.java:628)
	... 1 more
java.util.concurrent.ExecutionException: jetbrains.exodus.ExodusException
	at java.base/java.util.concurrent.FutureTask.report(FutureTask.java:122)
	at java.base/java.util.concurrent.FutureTask.get(FutureTask.java:191)
	at jetbrains.exodus.newLogConcept.MVCC.MVCCDataStructure.commitTransaction(MVCCDataStructure.java:299)
	at site.ycsb.db.XodusClient.insert(XodusClient.java:60)
	at site.ycsb.DBWrapper.insert(DBWrapper.java:227)
	at site.ycsb.workloads.CoreWorkload.doInsert(CoreWorkload.java:621)
	at site.ycsb.ClientThread.run(ClientThread.java:135)
	at java.base/java.lang.Thread.run(Thread.java:829)
Caused by: jetbrains.exodus.ExodusException
	at jetbrains.exodus.newLogConcept.garbageCollector.OperationLogGarbageCollector.moveAndRemoveRecordsFromLog(OperationLogGarbageCollector.java:69)
	at jetbrains.exodus.newLogConcept.garbageCollector.OperationLogGarbageCollector.clean(OperationLogGarbageCollector.java:51)
	at jetbrains.exodus.newLogConcept.MVCC.MVCCDataStructure.lambda$commitTransaction$1(MVCCDataStructure.java:297)
	at java.base/java.util.concurrent.Executors$RunnableAdapter.call(Executors.java:515)
	at java.base/java.util.concurrent.FutureTask.run(FutureTask.java:264)
	at java.base/java.util.concurrent.ThreadPoolExecutor.runWorker(ThreadPoolExecutor.java:1128)
	at java.base/java.util.concurrent.ThreadPoolExecutor$Worker.run(ThreadPoolExecutor.java:628)
	... 1 more
java.util.concurrent.ExecutionException: jetbrains.exodus.ExodusException
	at java.base/java.util.concurrent.FutureTask.report(FutureTask.java:122)
	at java.base/java.util.concurrent.FutureTask.get(FutureTask.java:191)
	at jetbrains.exodus.newLogConcept.MVCC.MVCCDataStructure.commitTransaction(MVCCDataStructure.java:299)
	at site.ycsb.db.XodusClient.insert(XodusClient.java:60)
	at site.ycsb.DBWrapper.insert(DBWrapper.java:227)
	at site.ycsb.workloads.CoreWorkload.doInsert(CoreWorkload.java:621)
	at site.ycsb.ClientThread.run(ClientThread.java:135)
	at java.base/java.lang.Thread.run(Thread.java:829)
Caused by: jetbrains.exodus.ExodusException
	at jetbrains.exodus.newLogConcept.garbageCollector.OperationLogGarbageCollector.moveAndRemoveRecordsFromLog(OperationLogGarbageCollector.java:69)
	at jetbrains.exodus.newLogConcept.garbageCollector.OperationLogGarbageCollector.clean(OperationLogGarbageCollector.java:51)
	at jetbrains.exodus.newLogConcept.MVCC.MVCCDataStructure.lambda$commitTransaction$1(MVCCDataStructure.java:297)
	at java.base/java.util.concurrent.Executors$RunnableAdapter.call(Executors.java:515)
	at java.base/java.util.concurrent.FutureTask.run(FutureTask.java:264)
	at java.base/java.util.concurrent.ThreadPoolExecutor.runWorker(ThreadPoolExecutor.java:1128)
	at java.base/java.util.concurrent.ThreadPoolExecutor$Worker.run(ThreadPoolExecutor.java:628)
	... 1 more
java.util.concurrent.ExecutionException: jetbrains.exodus.ExodusException
	at java.base/java.util.concurrent.FutureTask.report(FutureTask.java:122)
	at java.base/java.util.concurrent.FutureTask.get(FutureTask.java:191)
	at jetbrains.exodus.newLogConcept.MVCC.MVCCDataStructure.commitTransaction(MVCCDataStructure.java:299)
	at site.ycsb.db.XodusClient.insert(XodusClient.java:60)
	at site.ycsb.DBWrapper.insert(DBWrapper.java:227)
	at site.ycsb.workloads.CoreWorkload.doInsert(CoreWorkload.java:621)
	at site.ycsb.ClientThread.run(ClientThread.java:135)
	at java.base/java.lang.Thread.run(Thread.java:829)
Caused by: jetbrains.exodus.ExodusException
	at jetbrains.exodus.newLogConcept.garbageCollector.OperationLogGarbageCollector.moveAndRemoveRecordsFromLog(OperationLogGarbageCollector.java:69)
	at jetbrains.exodus.newLogConcept.garbageCollector.OperationLogGarbageCollector.clean(OperationLogGarbageCollector.java:51)
	at jetbrains.exodus.newLogConcept.MVCC.MVCCDataStructure.lambda$commitTransaction$1(MVCCDataStructure.java:297)
	at java.base/java.util.concurrent.Executors$RunnableAdapter.call(Executors.java:515)
	at java.base/java.util.concurrent.FutureTask.run(FutureTask.java:264)
	at java.base/java.util.concurrent.ThreadPoolExecutor.runWorker(ThreadPoolExecutor.java:1128)
	at java.base/java.util.concurrent.ThreadPoolExecutor$Worker.run(ThreadPoolExecutor.java:628)
	... 1 more
java.util.concurrent.ExecutionException: jetbrains.exodus.ExodusException
	at java.base/java.util.concurrent.FutureTask.report(FutureTask.java:122)
	at java.base/java.util.concurrent.FutureTask.get(FutureTask.java:191)
	at jetbrains.exodus.newLogConcept.MVCC.MVCCDataStructure.commitTransaction(MVCCDataStructure.java:299)
	at site.ycsb.db.XodusClient.insert(XodusClient.java:60)
	at site.ycsb.DBWrapper.insert(DBWrapper.java:227)
	at site.ycsb.workloads.CoreWorkload.doInsert(CoreWorkload.java:621)
	at site.ycsb.ClientThread.run(ClientThread.java:135)
	at java.base/java.lang.Thread.run(Thread.java:829)
Caused by: jetbrains.exodus.ExodusException
	at jetbrains.exodus.newLogConcept.garbageCollector.OperationLogGarbageCollector.moveAndRemoveRecordsFromLog(OperationLogGarbageCollector.java:69)
	at jetbrains.exodus.newLogConcept.garbageCollector.OperationLogGarbageCollector.clean(OperationLogGarbageCollector.java:51)
	at jetbrains.exodus.newLogConcept.MVCC.MVCCDataStructure.lambda$commitTransaction$1(MVCCDataStructure.java:297)
	at java.base/java.util.concurrent.Executors$RunnableAdapter.call(Executors.java:515)
	at java.base/java.util.concurrent.FutureTask.run(FutureTask.java:264)
	at java.base/java.util.concurrent.ThreadPoolExecutor.runWorker(ThreadPoolExecutor.java:1128)
	at java.base/java.util.concurrent.ThreadPoolExecutor$Worker.run(ThreadPoolExecutor.java:628)
	... 1 more
java.util.concurrent.ExecutionException: jetbrains.exodus.ExodusException
	at java.base/java.util.concurrent.FutureTask.report(FutureTask.java:122)
	at java.base/java.util.concurrent.FutureTask.get(FutureTask.java:191)
	at jetbrains.exodus.newLogConcept.MVCC.MVCCDataStructure.commitTransaction(MVCCDataStructure.java:299)
	at site.ycsb.db.XodusClient.insert(XodusClient.java:60)
	at site.ycsb.DBWrapper.insert(DBWrapper.java:227)
	at site.ycsb.workloads.CoreWorkload.doInsert(CoreWorkload.java:621)
	at site.ycsb.ClientThread.run(ClientThread.java:135)
	at java.base/java.lang.Thread.run(Thread.java:829)
Caused by: jetbrains.exodus.ExodusException
	at jetbrains.exodus.newLogConcept.garbageCollector.OperationLogGarbageCollector.moveAndRemoveRecordsFromLog(OperationLogGarbageCollector.java:69)
	at jetbrains.exodus.newLogConcept.garbageCollector.OperationLogGarbageCollector.clean(OperationLogGarbageCollector.java:51)
	at jetbrains.exodus.newLogConcept.MVCC.MVCCDataStructure.lambda$commitTransaction$1(MVCCDataStructure.java:297)
	at java.base/java.util.concurrent.Executors$RunnableAdapter.call(Executors.java:515)
	at java.base/java.util.concurrent.FutureTask.run(FutureTask.java:264)
	at java.base/java.util.concurrent.ThreadPoolExecutor.runWorker(ThreadPoolExecutor.java:1128)
	at java.base/java.util.concurrent.ThreadPoolExecutor$Worker.run(ThreadPoolExecutor.java:628)
	... 1 more
java.util.concurrent.ExecutionException: jetbrains.exodus.ExodusException
	at java.base/java.util.concurrent.FutureTask.report(FutureTask.java:122)
	at java.base/java.util.concurrent.FutureTask.get(FutureTask.java:191)
	at jetbrains.exodus.newLogConcept.MVCC.MVCCDataStructure.commitTransaction(MVCCDataStructure.java:299)
	at site.ycsb.db.XodusClient.insert(XodusClient.java:60)
	at site.ycsb.DBWrapper.insert(DBWrapper.java:227)
	at site.ycsb.workloads.CoreWorkload.doInsert(CoreWorkload.java:621)
	at site.ycsb.ClientThread.run(ClientThread.java:135)
	at java.base/java.lang.Thread.run(Thread.java:829)
Caused by: jetbrains.exodus.ExodusException
	at jetbrains.exodus.newLogConcept.garbageCollector.OperationLogGarbageCollector.moveAndRemoveRecordsFromLog(OperationLogGarbageCollector.java:69)
	at jetbrains.exodus.newLogConcept.garbageCollector.OperationLogGarbageCollector.clean(OperationLogGarbageCollector.java:51)
	at jetbrains.exodus.newLogConcept.MVCC.MVCCDataStructure.lambda$commitTransaction$1(MVCCDataStructure.java:297)
	at java.base/java.util.concurrent.Executors$RunnableAdapter.call(Executors.java:515)
	at java.base/java.util.concurrent.FutureTask.run(FutureTask.java:264)
	at java.base/java.util.concurrent.ThreadPoolExecutor.runWorker(ThreadPoolExecutor.java:1128)
	at java.base/java.util.concurrent.ThreadPoolExecutor$Worker.run(ThreadPoolExecutor.java:628)
	... 1 more
java.util.concurrent.ExecutionException: jetbrains.exodus.ExodusException
	at java.base/java.util.concurrent.FutureTask.report(FutureTask.java:122)
	at java.base/java.util.concurrent.FutureTask.get(FutureTask.java:191)
	at jetbrains.exodus.newLogConcept.MVCC.MVCCDataStructure.commitTransaction(MVCCDataStructure.java:299)
	at site.ycsb.db.XodusClient.insert(XodusClient.java:60)
	at site.ycsb.DBWrapper.insert(DBWrapper.java:227)
	at site.ycsb.workloads.CoreWorkload.doInsert(CoreWorkload.java:621)
	at site.ycsb.ClientThread.run(ClientThread.java:135)
	at java.base/java.lang.Thread.run(Thread.java:829)
Caused by: jetbrains.exodus.ExodusException
	at jetbrains.exodus.newLogConcept.garbageCollector.OperationLogGarbageCollector.moveAndRemoveRecordsFromLog(OperationLogGarbageCollector.java:69)
	at jetbrains.exodus.newLogConcept.garbageCollector.OperationLogGarbageCollector.clean(OperationLogGarbageCollector.java:51)
	at jetbrains.exodus.newLogConcept.MVCC.MVCCDataStructure.lambda$commitTransaction$1(MVCCDataStructure.java:297)
	at java.base/java.util.concurrent.Executors$RunnableAdapter.call(Executors.java:515)
	at java.base/java.util.concurrent.FutureTask.run(FutureTask.java:264)
	at java.base/java.util.concurrent.ThreadPoolExecutor.runWorker(ThreadPoolExecutor.java:1128)
	at java.base/java.util.concurrent.ThreadPoolExecutor$Worker.run(ThreadPoolExecutor.java:628)
	... 1 more
java.util.concurrent.ExecutionException: jetbrains.exodus.ExodusException
	at java.base/java.util.concurrent.FutureTask.report(FutureTask.java:122)
	at java.base/java.util.concurrent.FutureTask.get(FutureTask.java:191)
	at jetbrains.exodus.newLogConcept.MVCC.MVCCDataStructure.commitTransaction(MVCCDataStructure.java:299)
	at site.ycsb.db.XodusClient.insert(XodusClient.java:60)
	at site.ycsb.DBWrapper.insert(DBWrapper.java:227)
	at site.ycsb.workloads.CoreWorkload.doInsert(CoreWorkload.java:621)
	at site.ycsb.ClientThread.run(ClientThread.java:135)
	at java.base/java.lang.Thread.run(Thread.java:829)
Caused by: jetbrains.exodus.ExodusException
	at jetbrains.exodus.newLogConcept.garbageCollector.OperationLogGarbageCollector.moveAndRemoveRecordsFromLog(OperationLogGarbageCollector.java:69)
	at jetbrains.exodus.newLogConcept.garbageCollector.OperationLogGarbageCollector.clean(OperationLogGarbageCollector.java:51)
	at jetbrains.exodus.newLogConcept.MVCC.MVCCDataStructure.lambda$commitTransaction$1(MVCCDataStructure.java:297)
	at java.base/java.util.concurrent.Executors$RunnableAdapter.call(Executors.java:515)
	at java.base/java.util.concurrent.FutureTask.run(FutureTask.java:264)
	at java.base/java.util.concurrent.ThreadPoolExecutor.runWorker(ThreadPoolExecutor.java:1128)
	at java.base/java.util.concurrent.ThreadPoolExecutor$Worker.run(ThreadPoolExecutor.java:628)
	... 1 more
java.util.concurrent.ExecutionException: jetbrains.exodus.ExodusException
	at java.base/java.util.concurrent.FutureTask.report(FutureTask.java:122)
	at java.base/java.util.concurrent.FutureTask.get(FutureTask.java:191)
	at jetbrains.exodus.newLogConcept.MVCC.MVCCDataStructure.commitTransaction(MVCCDataStructure.java:299)
	at site.ycsb.db.XodusClient.insert(XodusClient.java:60)
	at site.ycsb.DBWrapper.insert(DBWrapper.java:227)
	at site.ycsb.workloads.CoreWorkload.doInsert(CoreWorkload.java:621)
	at site.ycsb.ClientThread.run(ClientThread.java:135)
	at java.base/java.lang.Thread.run(Thread.java:829)
Caused by: jetbrains.exodus.ExodusException
	at jetbrains.exodus.newLogConcept.garbageCollector.OperationLogGarbageCollector.moveAndRemoveRecordsFromLog(OperationLogGarbageCollector.java:69)
	at jetbrains.exodus.newLogConcept.garbageCollector.OperationLogGarbageCollector.clean(OperationLogGarbageCollector.java:51)
	at jetbrains.exodus.newLogConcept.MVCC.MVCCDataStructure.lambda$commitTransaction$1(MVCCDataStructure.java:297)
	at java.base/java.util.concurrent.Executors$RunnableAdapter.call(Executors.java:515)
	at java.base/java.util.concurrent.FutureTask.run(FutureTask.java:264)
	at java.base/java.util.concurrent.ThreadPoolExecutor.runWorker(ThreadPoolExecutor.java:1128)
	at java.base/java.util.concurrent.ThreadPoolExecutor$Worker.run(ThreadPoolExecutor.java:628)
	... 1 more
java.util.concurrent.ExecutionException: jetbrains.exodus.ExodusException
	at java.base/java.util.concurrent.FutureTask.report(FutureTask.java:122)
	at java.base/java.util.concurrent.FutureTask.get(FutureTask.java:191)
	at jetbrains.exodus.newLogConcept.MVCC.MVCCDataStructure.commitTransaction(MVCCDataStructure.java:299)
	at site.ycsb.db.XodusClient.insert(XodusClient.java:60)
	at site.ycsb.DBWrapper.insert(DBWrapper.java:227)
	at site.ycsb.workloads.CoreWorkload.doInsert(CoreWorkload.java:621)
	at site.ycsb.ClientThread.run(ClientThread.java:135)
	at java.base/java.lang.Thread.run(Thread.java:829)
Caused by: jetbrains.exodus.ExodusException
	at jetbrains.exodus.newLogConcept.garbageCollector.OperationLogGarbageCollector.moveAndRemoveRecordsFromLog(OperationLogGarbageCollector.java:69)
	at jetbrains.exodus.newLogConcept.garbageCollector.OperationLogGarbageCollector.clean(OperationLogGarbageCollector.java:51)
	at jetbrains.exodus.newLogConcept.MVCC.MVCCDataStructure.lambda$commitTransaction$1(MVCCDataStructure.java:297)
	at java.base/java.util.concurrent.Executors$RunnableAdapter.call(Executors.java:515)
	at java.base/java.util.concurrent.FutureTask.run(FutureTask.java:264)
	at java.base/java.util.concurrent.ThreadPoolExecutor.runWorker(ThreadPoolExecutor.java:1128)
	at java.base/java.util.concurrent.ThreadPoolExecutor$Worker.run(ThreadPoolExecutor.java:628)
	... 1 more
java.util.concurrent.ExecutionException: jetbrains.exodus.ExodusException
	at java.base/java.util.concurrent.FutureTask.report(FutureTask.java:122)
	at java.base/java.util.concurrent.FutureTask.get(FutureTask.java:191)
	at jetbrains.exodus.newLogConcept.MVCC.MVCCDataStructure.commitTransaction(MVCCDataStructure.java:299)
	at site.ycsb.db.XodusClient.insert(XodusClient.java:60)
	at site.ycsb.DBWrapper.insert(DBWrapper.java:227)
	at site.ycsb.workloads.CoreWorkload.doInsert(CoreWorkload.java:621)
	at site.ycsb.ClientThread.run(ClientThread.java:135)
	at java.base/java.lang.Thread.run(Thread.java:829)
Caused by: jetbrains.exodus.ExodusException
	at jetbrains.exodus.newLogConcept.garbageCollector.OperationLogGarbageCollector.moveAndRemoveRecordsFromLog(OperationLogGarbageCollector.java:69)
	at jetbrains.exodus.newLogConcept.garbageCollector.OperationLogGarbageCollector.clean(OperationLogGarbageCollector.java:51)
	at jetbrains.exodus.newLogConcept.MVCC.MVCCDataStructure.lambda$commitTransaction$1(MVCCDataStructure.java:297)
	at java.base/java.util.concurrent.Executors$RunnableAdapter.call(Executors.java:515)
	at java.base/java.util.concurrent.FutureTask.run(FutureTask.java:264)
	at java.base/java.util.concurrent.ThreadPoolExecutor.runWorker(ThreadPoolExecutor.java:1128)
	at java.base/java.util.concurrent.ThreadPoolExecutor$Worker.run(ThreadPoolExecutor.java:628)
	... 1 more
java.util.concurrent.ExecutionException: jetbrains.exodus.ExodusException
	at java.base/java.util.concurrent.FutureTask.report(FutureTask.java:122)
	at java.base/java.util.concurrent.FutureTask.get(FutureTask.java:191)
	at jetbrains.exodus.newLogConcept.MVCC.MVCCDataStructure.commitTransaction(MVCCDataStructure.java:299)
	at site.ycsb.db.XodusClient.insert(XodusClient.java:60)
	at site.ycsb.DBWrapper.insert(DBWrapper.java:227)
	at site.ycsb.workloads.CoreWorkload.doInsert(CoreWorkload.java:621)
	at site.ycsb.ClientThread.run(ClientThread.java:135)
	at java.base/java.lang.Thread.run(Thread.java:829)
Caused by: jetbrains.exodus.ExodusException
	at jetbrains.exodus.newLogConcept.garbageCollector.OperationLogGarbageCollector.moveAndRemoveRecordsFromLog(OperationLogGarbageCollector.java:69)
	at jetbrains.exodus.newLogConcept.garbageCollector.OperationLogGarbageCollector.clean(OperationLogGarbageCollector.java:51)
	at jetbrains.exodus.newLogConcept.MVCC.MVCCDataStructure.lambda$commitTransaction$1(MVCCDataStructure.java:297)
	at java.base/java.util.concurrent.Executors$RunnableAdapter.call(Executors.java:515)
	at java.base/java.util.concurrent.FutureTask.run(FutureTask.java:264)
	at java.base/java.util.concurrent.ThreadPoolExecutor.runWorker(ThreadPoolExecutor.java:1128)
	at java.base/java.util.concurrent.ThreadPoolExecutor$Worker.run(ThreadPoolExecutor.java:628)
	... 1 more
java.util.concurrent.ExecutionException: jetbrains.exodus.ExodusException
	at java.base/java.util.concurrent.FutureTask.report(FutureTask.java:122)
	at java.base/java.util.concurrent.FutureTask.get(FutureTask.java:191)
	at jetbrains.exodus.newLogConcept.MVCC.MVCCDataStructure.commitTransaction(MVCCDataStructure.java:299)
	at site.ycsb.db.XodusClient.insert(XodusClient.java:60)
	at site.ycsb.DBWrapper.insert(DBWrapper.java:227)
	at site.ycsb.workloads.CoreWorkload.doInsert(CoreWorkload.java:621)
	at site.ycsb.ClientThread.run(ClientThread.java:135)
	at java.base/java.lang.Thread.run(Thread.java:829)
Caused by: jetbrains.exodus.ExodusException
	at jetbrains.exodus.newLogConcept.garbageCollector.OperationLogGarbageCollector.moveAndRemoveRecordsFromLog(OperationLogGarbageCollector.java:69)
	at jetbrains.exodus.newLogConcept.garbageCollector.OperationLogGarbageCollector.clean(OperationLogGarbageCollector.java:51)
	at jetbrains.exodus.newLogConcept.MVCC.MVCCDataStructure.lambda$commitTransaction$1(MVCCDataStructure.java:297)
	at java.base/java.util.concurrent.Executors$RunnableAdapter.call(Executors.java:515)
	at java.base/java.util.concurrent.FutureTask.run(FutureTask.java:264)
	at java.base/java.util.concurrent.ThreadPoolExecutor.runWorker(ThreadPoolExecutor.java:1128)
	at java.base/java.util.concurrent.ThreadPoolExecutor$Worker.run(ThreadPoolExecutor.java:628)
	... 1 more
java.util.concurrent.ExecutionException: jetbrains.exodus.ExodusException
	at java.base/java.util.concurrent.FutureTask.report(FutureTask.java:122)
	at java.base/java.util.concurrent.FutureTask.get(FutureTask.java:191)
	at jetbrains.exodus.newLogConcept.MVCC.MVCCDataStructure.commitTransaction(MVCCDataStructure.java:299)
	at site.ycsb.db.XodusClient.insert(XodusClient.java:60)
	at site.ycsb.DBWrapper.insert(DBWrapper.java:227)
	at site.ycsb.workloads.CoreWorkload.doInsert(CoreWorkload.java:621)
	at site.ycsb.ClientThread.run(ClientThread.java:135)
	at java.base/java.lang.Thread.run(Thread.java:829)
Caused by: jetbrains.exodus.ExodusException
	at jetbrains.exodus.newLogConcept.garbageCollector.OperationLogGarbageCollector.moveAndRemoveRecordsFromLog(OperationLogGarbageCollector.java:69)
	at jetbrains.exodus.newLogConcept.garbageCollector.OperationLogGarbageCollector.clean(OperationLogGarbageCollector.java:51)
	at jetbrains.exodus.newLogConcept.MVCC.MVCCDataStructure.lambda$commitTransaction$1(MVCCDataStructure.java:297)
	at java.base/java.util.concurrent.Executors$RunnableAdapter.call(Executors.java:515)
	at java.base/java.util.concurrent.FutureTask.run(FutureTask.java:264)
	at java.base/java.util.concurrent.ThreadPoolExecutor.runWorker(ThreadPoolExecutor.java:1128)
	at java.base/java.util.concurrent.ThreadPoolExecutor$Worker.run(ThreadPoolExecutor.java:628)
	... 1 more
java.util.concurrent.ExecutionException: jetbrains.exodus.ExodusException
	at java.base/java.util.concurrent.FutureTask.report(FutureTask.java:122)
	at java.base/java.util.concurrent.FutureTask.get(FutureTask.java:191)
	at jetbrains.exodus.newLogConcept.MVCC.MVCCDataStructure.commitTransaction(MVCCDataStructure.java:299)
	at site.ycsb.db.XodusClient.insert(XodusClient.java:60)
	at site.ycsb.DBWrapper.insert(DBWrapper.java:227)
	at site.ycsb.workloads.CoreWorkload.doInsert(CoreWorkload.java:621)
	at site.ycsb.ClientThread.run(ClientThread.java:135)
	at java.base/java.lang.Thread.run(Thread.java:829)
Caused by: jetbrains.exodus.ExodusException
	at jetbrains.exodus.newLogConcept.garbageCollector.OperationLogGarbageCollector.moveAndRemoveRecordsFromLog(OperationLogGarbageCollector.java:69)
	at jetbrains.exodus.newLogConcept.garbageCollector.OperationLogGarbageCollector.clean(OperationLogGarbageCollector.java:51)
	at jetbrains.exodus.newLogConcept.MVCC.MVCCDataStructure.lambda$commitTransaction$1(MVCCDataStructure.java:297)
	at java.base/java.util.concurrent.Executors$RunnableAdapter.call(Executors.java:515)
	at java.base/java.util.concurrent.FutureTask.run(FutureTask.java:264)
	at java.base/java.util.concurrent.ThreadPoolExecutor.runWorker(ThreadPoolExecutor.java:1128)
	at java.base/java.util.concurrent.ThreadPoolExecutor$Worker.run(ThreadPoolExecutor.java:628)
	... 1 more
java.util.concurrent.ExecutionException: jetbrains.exodus.ExodusException
	at java.base/java.util.concurrent.FutureTask.report(FutureTask.java:122)
	at java.base/java.util.concurrent.FutureTask.get(FutureTask.java:191)
	at jetbrains.exodus.newLogConcept.MVCC.MVCCDataStructure.commitTransaction(MVCCDataStructure.java:299)
	at site.ycsb.db.XodusClient.insert(XodusClient.java:60)
	at site.ycsb.DBWrapper.insert(DBWrapper.java:227)
	at site.ycsb.workloads.CoreWorkload.doInsert(CoreWorkload.java:621)
	at site.ycsb.ClientThread.run(ClientThread.java:135)
	at java.base/java.lang.Thread.run(Thread.java:829)
Caused by: jetbrains.exodus.ExodusException
	at jetbrains.exodus.newLogConcept.garbageCollector.OperationLogGarbageCollector.moveAndRemoveRecordsFromLog(OperationLogGarbageCollector.java:69)
	at jetbrains.exodus.newLogConcept.garbageCollector.OperationLogGarbageCollector.clean(OperationLogGarbageCollector.java:51)
	at jetbrains.exodus.newLogConcept.MVCC.MVCCDataStructure.lambda$commitTransaction$1(MVCCDataStructure.java:297)
	at java.base/java.util.concurrent.Executors$RunnableAdapter.call(Executors.java:515)
	at java.base/java.util.concurrent.FutureTask.run(FutureTask.java:264)
	at java.base/java.util.concurrent.ThreadPoolExecutor.runWorker(ThreadPoolExecutor.java:1128)
	at java.base/java.util.concurrent.ThreadPoolExecutor$Worker.run(ThreadPoolExecutor.java:628)
	... 1 more
java.util.concurrent.ExecutionException: jetbrains.exodus.ExodusException
	at java.base/java.util.concurrent.FutureTask.report(FutureTask.java:122)
	at java.base/java.util.concurrent.FutureTask.get(FutureTask.java:191)
	at jetbrains.exodus.newLogConcept.MVCC.MVCCDataStructure.commitTransaction(MVCCDataStructure.java:299)
	at site.ycsb.db.XodusClient.insert(XodusClient.java:60)
	at site.ycsb.DBWrapper.insert(DBWrapper.java:227)
	at site.ycsb.workloads.CoreWorkload.doInsert(CoreWorkload.java:621)
	at site.ycsb.ClientThread.run(ClientThread.java:135)
	at java.base/java.lang.Thread.run(Thread.java:829)
Caused by: jetbrains.exodus.ExodusException
	at jetbrains.exodus.newLogConcept.garbageCollector.OperationLogGarbageCollector.moveAndRemoveRecordsFromLog(OperationLogGarbageCollector.java:69)
	at jetbrains.exodus.newLogConcept.garbageCollector.OperationLogGarbageCollector.clean(OperationLogGarbageCollector.java:51)
	at jetbrains.exodus.newLogConcept.MVCC.MVCCDataStructure.lambda$commitTransaction$1(MVCCDataStructure.java:297)
	at java.base/java.util.concurrent.Executors$RunnableAdapter.call(Executors.java:515)
	at java.base/java.util.concurrent.FutureTask.run(FutureTask.java:264)
	at java.base/java.util.concurrent.ThreadPoolExecutor.runWorker(ThreadPoolExecutor.java:1128)
	at java.base/java.util.concurrent.ThreadPoolExecutor$Worker.run(ThreadPoolExecutor.java:628)
	... 1 more
java.util.concurrent.ExecutionException: jetbrains.exodus.ExodusException
	at java.base/java.util.concurrent.FutureTask.report(FutureTask.java:122)
	at java.base/java.util.concurrent.FutureTask.get(FutureTask.java:191)
	at jetbrains.exodus.newLogConcept.MVCC.MVCCDataStructure.commitTransaction(MVCCDataStructure.java:299)
	at site.ycsb.db.XodusClient.insert(XodusClient.java:60)
	at site.ycsb.DBWrapper.insert(DBWrapper.java:227)
	at site.ycsb.workloads.CoreWorkload.doInsert(CoreWorkload.java:621)
	at site.ycsb.ClientThread.run(ClientThread.java:135)
	at java.base/java.lang.Thread.run(Thread.java:829)
Caused by: jetbrains.exodus.ExodusException
	at jetbrains.exodus.newLogConcept.garbageCollector.OperationLogGarbageCollector.moveAndRemoveRecordsFromLog(OperationLogGarbageCollector.java:69)
	at jetbrains.exodus.newLogConcept.garbageCollector.OperationLogGarbageCollector.clean(OperationLogGarbageCollector.java:51)
	at jetbrains.exodus.newLogConcept.MVCC.MVCCDataStructure.lambda$commitTransaction$1(MVCCDataStructure.java:297)
	at java.base/java.util.concurrent.Executors$RunnableAdapter.call(Executors.java:515)
	at java.base/java.util.concurrent.FutureTask.run(FutureTask.java:264)
	at java.base/java.util.concurrent.ThreadPoolExecutor.runWorker(ThreadPoolExecutor.java:1128)
	at java.base/java.util.concurrent.ThreadPoolExecutor$Worker.run(ThreadPoolExecutor.java:628)
	... 1 more
java.util.concurrent.ExecutionException: jetbrains.exodus.ExodusException
	at java.base/java.util.concurrent.FutureTask.report(FutureTask.java:122)
	at java.base/java.util.concurrent.FutureTask.get(FutureTask.java:191)
	at jetbrains.exodus.newLogConcept.MVCC.MVCCDataStructure.commitTransaction(MVCCDataStructure.java:299)
	at site.ycsb.db.XodusClient.insert(XodusClient.java:60)
	at site.ycsb.DBWrapper.insert(DBWrapper.java:227)
	at site.ycsb.workloads.CoreWorkload.doInsert(CoreWorkload.java:621)
	at site.ycsb.ClientThread.run(ClientThread.java:135)
	at java.base/java.lang.Thread.run(Thread.java:829)
Caused by: jetbrains.exodus.ExodusException
	at jetbrains.exodus.newLogConcept.garbageCollector.OperationLogGarbageCollector.moveAndRemoveRecordsFromLog(OperationLogGarbageCollector.java:69)
	at jetbrains.exodus.newLogConcept.garbageCollector.OperationLogGarbageCollector.clean(OperationLogGarbageCollector.java:51)
	at jetbrains.exodus.newLogConcept.MVCC.MVCCDataStructure.lambda$commitTransaction$1(MVCCDataStructure.java:297)
	at java.base/java.util.concurrent.Executors$RunnableAdapter.call(Executors.java:515)
	at java.base/java.util.concurrent.FutureTask.run(FutureTask.java:264)
	at java.base/java.util.concurrent.ThreadPoolExecutor.runWorker(ThreadPoolExecutor.java:1128)
	at java.base/java.util.concurrent.ThreadPoolExecutor$Worker.run(ThreadPoolExecutor.java:628)
	... 1 more
java.util.concurrent.ExecutionException: jetbrains.exodus.ExodusException
	at java.base/java.util.concurrent.FutureTask.report(FutureTask.java:122)
	at java.base/java.util.concurrent.FutureTask.get(FutureTask.java:191)
	at jetbrains.exodus.newLogConcept.MVCC.MVCCDataStructure.commitTransaction(MVCCDataStructure.java:299)
	at site.ycsb.db.XodusClient.insert(XodusClient.java:60)
	at site.ycsb.DBWrapper.insert(DBWrapper.java:227)
	at site.ycsb.workloads.CoreWorkload.doInsert(CoreWorkload.java:621)
	at site.ycsb.ClientThread.run(ClientThread.java:135)
	at java.base/java.lang.Thread.run(Thread.java:829)
Caused by: jetbrains.exodus.ExodusException
	at jetbrains.exodus.newLogConcept.garbageCollector.OperationLogGarbageCollector.moveAndRemoveRecordsFromLog(OperationLogGarbageCollector.java:69)
	at jetbrains.exodus.newLogConcept.garbageCollector.OperationLogGarbageCollector.clean(OperationLogGarbageCollector.java:51)
	at jetbrains.exodus.newLogConcept.MVCC.MVCCDataStructure.lambda$commitTransaction$1(MVCCDataStructure.java:297)
	at java.base/java.util.concurrent.Executors$RunnableAdapter.call(Executors.java:515)
	at java.base/java.util.concurrent.FutureTask.run(FutureTask.java:264)
	at java.base/java.util.concurrent.ThreadPoolExecutor.runWorker(ThreadPoolExecutor.java:1128)
	at java.base/java.util.concurrent.ThreadPoolExecutor$Worker.run(ThreadPoolExecutor.java:628)
	... 1 more
java.util.concurrent.ExecutionException: jetbrains.exodus.ExodusException
	at java.base/java.util.concurrent.FutureTask.report(FutureTask.java:122)
	at java.base/java.util.concurrent.FutureTask.get(FutureTask.java:191)
	at jetbrains.exodus.newLogConcept.MVCC.MVCCDataStructure.commitTransaction(MVCCDataStructure.java:299)
	at site.ycsb.db.XodusClient.insert(XodusClient.java:60)
	at site.ycsb.DBWrapper.insert(DBWrapper.java:227)
	at site.ycsb.workloads.CoreWorkload.doInsert(CoreWorkload.java:621)
	at site.ycsb.ClientThread.run(ClientThread.java:135)
	at java.base/java.lang.Thread.run(Thread.java:829)
Caused by: jetbrains.exodus.ExodusException
	at jetbrains.exodus.newLogConcept.garbageCollector.OperationLogGarbageCollector.moveAndRemoveRecordsFromLog(OperationLogGarbageCollector.java:69)
	at jetbrains.exodus.newLogConcept.garbageCollector.OperationLogGarbageCollector.clean(OperationLogGarbageCollector.java:51)
	at jetbrains.exodus.newLogConcept.MVCC.MVCCDataStructure.lambda$commitTransaction$1(MVCCDataStructure.java:297)
	at java.base/java.util.concurrent.Executors$RunnableAdapter.call(Executors.java:515)
	at java.base/java.util.concurrent.FutureTask.run(FutureTask.java:264)
	at java.base/java.util.concurrent.ThreadPoolExecutor.runWorker(ThreadPoolExecutor.java:1128)
	at java.base/java.util.concurrent.ThreadPoolExecutor$Worker.run(ThreadPoolExecutor.java:628)
	... 1 more
java.util.concurrent.ExecutionException: jetbrains.exodus.ExodusException
	at java.base/java.util.concurrent.FutureTask.report(FutureTask.java:122)
	at java.base/java.util.concurrent.FutureTask.get(FutureTask.java:191)
	at jetbrains.exodus.newLogConcept.MVCC.MVCCDataStructure.commitTransaction(MVCCDataStructure.java:299)
	at site.ycsb.db.XodusClient.insert(XodusClient.java:60)
	at site.ycsb.DBWrapper.insert(DBWrapper.java:227)
	at site.ycsb.workloads.CoreWorkload.doInsert(CoreWorkload.java:621)
	at site.ycsb.ClientThread.run(ClientThread.java:135)
	at java.base/java.lang.Thread.run(Thread.java:829)
Caused by: jetbrains.exodus.ExodusException
	at jetbrains.exodus.newLogConcept.garbageCollector.OperationLogGarbageCollector.moveAndRemoveRecordsFromLog(OperationLogGarbageCollector.java:69)
	at jetbrains.exodus.newLogConcept.garbageCollector.OperationLogGarbageCollector.clean(OperationLogGarbageCollector.java:51)
	at jetbrains.exodus.newLogConcept.MVCC.MVCCDataStructure.lambda$commitTransaction$1(MVCCDataStructure.java:297)
	at java.base/java.util.concurrent.Executors$RunnableAdapter.call(Executors.java:515)
	at java.base/java.util.concurrent.FutureTask.run(FutureTask.java:264)
	at java.base/java.util.concurrent.ThreadPoolExecutor.runWorker(ThreadPoolExecutor.java:1128)
	at java.base/java.util.concurrent.ThreadPoolExecutor$Worker.run(ThreadPoolExecutor.java:628)
	... 1 more
java.util.concurrent.ExecutionException: jetbrains.exodus.ExodusException
	at java.base/java.util.concurrent.FutureTask.report(FutureTask.java:122)
	at java.base/java.util.concurrent.FutureTask.get(FutureTask.java:191)
	at jetbrains.exodus.newLogConcept.MVCC.MVCCDataStructure.commitTransaction(MVCCDataStructure.java:299)
	at site.ycsb.db.XodusClient.insert(XodusClient.java:60)
	at site.ycsb.DBWrapper.insert(DBWrapper.java:227)
	at site.ycsb.workloads.CoreWorkload.doInsert(CoreWorkload.java:621)
	at site.ycsb.ClientThread.run(ClientThread.java:135)
	at java.base/java.lang.Thread.run(Thread.java:829)
Caused by: jetbrains.exodus.ExodusException
	at jetbrains.exodus.newLogConcept.garbageCollector.OperationLogGarbageCollector.moveAndRemoveRecordsFromLog(OperationLogGarbageCollector.java:69)
	at jetbrains.exodus.newLogConcept.garbageCollector.OperationLogGarbageCollector.clean(OperationLogGarbageCollector.java:51)
	at jetbrains.exodus.newLogConcept.MVCC.MVCCDataStructure.lambda$commitTransaction$1(MVCCDataStructure.java:297)
	at java.base/java.util.concurrent.Executors$RunnableAdapter.call(Executors.java:515)
	at java.base/java.util.concurrent.FutureTask.run(FutureTask.java:264)
	at java.base/java.util.concurrent.ThreadPoolExecutor.runWorker(ThreadPoolExecutor.java:1128)
	at java.base/java.util.concurrent.ThreadPoolExecutor$Worker.run(ThreadPoolExecutor.java:628)
	... 1 more
java.util.concurrent.ExecutionException: jetbrains.exodus.ExodusException
	at java.base/java.util.concurrent.FutureTask.report(FutureTask.java:122)
	at java.base/java.util.concurrent.FutureTask.get(FutureTask.java:191)
	at jetbrains.exodus.newLogConcept.MVCC.MVCCDataStructure.commitTransaction(MVCCDataStructure.java:299)
	at site.ycsb.db.XodusClient.insert(XodusClient.java:60)
	at site.ycsb.DBWrapper.insert(DBWrapper.java:227)
	at site.ycsb.workloads.CoreWorkload.doInsert(CoreWorkload.java:621)
	at site.ycsb.ClientThread.run(ClientThread.java:135)
	at java.base/java.lang.Thread.run(Thread.java:829)
Caused by: jetbrains.exodus.ExodusException
	at jetbrains.exodus.newLogConcept.garbageCollector.OperationLogGarbageCollector.moveAndRemoveRecordsFromLog(OperationLogGarbageCollector.java:69)
	at jetbrains.exodus.newLogConcept.garbageCollector.OperationLogGarbageCollector.clean(OperationLogGarbageCollector.java:51)
	at jetbrains.exodus.newLogConcept.MVCC.MVCCDataStructure.lambda$commitTransaction$1(MVCCDataStructure.java:297)
	at java.base/java.util.concurrent.Executors$RunnableAdapter.call(Executors.java:515)
	at java.base/java.util.concurrent.FutureTask.run(FutureTask.java:264)
	at java.base/java.util.concurrent.ThreadPoolExecutor.runWorker(ThreadPoolExecutor.java:1128)
	at java.base/java.util.concurrent.ThreadPoolExecutor$Worker.run(ThreadPoolExecutor.java:628)
	... 1 more
java.util.concurrent.ExecutionException: jetbrains.exodus.ExodusException
	at java.base/java.util.concurrent.FutureTask.report(FutureTask.java:122)
	at java.base/java.util.concurrent.FutureTask.get(FutureTask.java:191)
	at jetbrains.exodus.newLogConcept.MVCC.MVCCDataStructure.commitTransaction(MVCCDataStructure.java:299)
	at site.ycsb.db.XodusClient.insert(XodusClient.java:60)
	at site.ycsb.DBWrapper.insert(DBWrapper.java:227)
	at site.ycsb.workloads.CoreWorkload.doInsert(CoreWorkload.java:621)
	at site.ycsb.ClientThread.run(ClientThread.java:135)
	at java.base/java.lang.Thread.run(Thread.java:829)
Caused by: jetbrains.exodus.ExodusException
	at jetbrains.exodus.newLogConcept.garbageCollector.OperationLogGarbageCollector.moveAndRemoveRecordsFromLog(OperationLogGarbageCollector.java:69)
	at jetbrains.exodus.newLogConcept.garbageCollector.OperationLogGarbageCollector.clean(OperationLogGarbageCollector.java:51)
	at jetbrains.exodus.newLogConcept.MVCC.MVCCDataStructure.lambda$commitTransaction$1(MVCCDataStructure.java:297)
	at java.base/java.util.concurrent.Executors$RunnableAdapter.call(Executors.java:515)
	at java.base/java.util.concurrent.FutureTask.run(FutureTask.java:264)
	at java.base/java.util.concurrent.ThreadPoolExecutor.runWorker(ThreadPoolExecutor.java:1128)
	at java.base/java.util.concurrent.ThreadPoolExecutor$Worker.run(ThreadPoolExecutor.java:628)
	... 1 more
java.util.concurrent.ExecutionException: jetbrains.exodus.ExodusException
	at java.base/java.util.concurrent.FutureTask.report(FutureTask.java:122)
	at java.base/java.util.concurrent.FutureTask.get(FutureTask.java:191)
	at jetbrains.exodus.newLogConcept.MVCC.MVCCDataStructure.commitTransaction(MVCCDataStructure.java:299)
	at site.ycsb.db.XodusClient.insert(XodusClient.java:60)
	at site.ycsb.DBWrapper.insert(DBWrapper.java:227)
	at site.ycsb.workloads.CoreWorkload.doInsert(CoreWorkload.java:621)
	at site.ycsb.ClientThread.run(ClientThread.java:135)
	at java.base/java.lang.Thread.run(Thread.java:829)
Caused by: jetbrains.exodus.ExodusException
	at jetbrains.exodus.newLogConcept.garbageCollector.OperationLogGarbageCollector.moveAndRemoveRecordsFromLog(OperationLogGarbageCollector.java:69)
	at jetbrains.exodus.newLogConcept.garbageCollector.OperationLogGarbageCollector.clean(OperationLogGarbageCollector.java:51)
	at jetbrains.exodus.newLogConcept.MVCC.MVCCDataStructure.lambda$commitTransaction$1(MVCCDataStructure.java:297)
	at java.base/java.util.concurrent.Executors$RunnableAdapter.call(Executors.java:515)
	at java.base/java.util.concurrent.FutureTask.run(FutureTask.java:264)
	at java.base/java.util.concurrent.ThreadPoolExecutor.runWorker(ThreadPoolExecutor.java:1128)
	at java.base/java.util.concurrent.ThreadPoolExecutor$Worker.run(ThreadPoolExecutor.java:628)
	... 1 more
java.util.concurrent.ExecutionException: jetbrains.exodus.ExodusException
	at java.base/java.util.concurrent.FutureTask.report(FutureTask.java:122)
	at java.base/java.util.concurrent.FutureTask.get(FutureTask.java:191)
	at jetbrains.exodus.newLogConcept.MVCC.MVCCDataStructure.commitTransaction(MVCCDataStructure.java:299)
	at site.ycsb.db.XodusClient.insert(XodusClient.java:60)
	at site.ycsb.DBWrapper.insert(DBWrapper.java:227)
	at site.ycsb.workloads.CoreWorkload.doInsert(CoreWorkload.java:621)
	at site.ycsb.ClientThread.run(ClientThread.java:135)
	at java.base/java.lang.Thread.run(Thread.java:829)
Caused by: jetbrains.exodus.ExodusException
	at jetbrains.exodus.newLogConcept.garbageCollector.OperationLogGarbageCollector.moveAndRemoveRecordsFromLog(OperationLogGarbageCollector.java:69)
	at jetbrains.exodus.newLogConcept.garbageCollector.OperationLogGarbageCollector.clean(OperationLogGarbageCollector.java:51)
	at jetbrains.exodus.newLogConcept.MVCC.MVCCDataStructure.lambda$commitTransaction$1(MVCCDataStructure.java:297)
	at java.base/java.util.concurrent.Executors$RunnableAdapter.call(Executors.java:515)
	at java.base/java.util.concurrent.FutureTask.run(FutureTask.java:264)
	at java.base/java.util.concurrent.ThreadPoolExecutor.runWorker(ThreadPoolExecutor.java:1128)
	at java.base/java.util.concurrent.ThreadPoolExecutor$Worker.run(ThreadPoolExecutor.java:628)
	... 1 more
java.util.concurrent.ExecutionException: jetbrains.exodus.ExodusException
	at java.base/java.util.concurrent.FutureTask.report(FutureTask.java:122)
	at java.base/java.util.concurrent.FutureTask.get(FutureTask.java:191)
	at jetbrains.exodus.newLogConcept.MVCC.MVCCDataStructure.commitTransaction(MVCCDataStructure.java:299)
	at site.ycsb.db.XodusClient.insert(XodusClient.java:60)
	at site.ycsb.DBWrapper.insert(DBWrapper.java:227)
	at site.ycsb.workloads.CoreWorkload.doInsert(CoreWorkload.java:621)
	at site.ycsb.ClientThread.run(ClientThread.java:135)
	at java.base/java.lang.Thread.run(Thread.java:829)
Caused by: jetbrains.exodus.ExodusException
	at jetbrains.exodus.newLogConcept.garbageCollector.OperationLogGarbageCollector.moveAndRemoveRecordsFromLog(OperationLogGarbageCollector.java:69)
	at jetbrains.exodus.newLogConcept.garbageCollector.OperationLogGarbageCollector.clean(OperationLogGarbageCollector.java:51)
	at jetbrains.exodus.newLogConcept.MVCC.MVCCDataStructure.lambda$commitTransaction$1(MVCCDataStructure.java:297)
	at java.base/java.util.concurrent.Executors$RunnableAdapter.call(Executors.java:515)
	at java.base/java.util.concurrent.FutureTask.run(FutureTask.java:264)
	at java.base/java.util.concurrent.ThreadPoolExecutor.runWorker(ThreadPoolExecutor.java:1128)
	at java.base/java.util.concurrent.ThreadPoolExecutor$Worker.run(ThreadPoolExecutor.java:628)
	... 1 more
java.util.concurrent.ExecutionException: jetbrains.exodus.ExodusException
	at java.base/java.util.concurrent.FutureTask.report(FutureTask.java:122)
	at java.base/java.util.concurrent.FutureTask.get(FutureTask.java:191)
	at jetbrains.exodus.newLogConcept.MVCC.MVCCDataStructure.commitTransaction(MVCCDataStructure.java:299)
	at site.ycsb.db.XodusClient.insert(XodusClient.java:60)
	at site.ycsb.DBWrapper.insert(DBWrapper.java:227)
	at site.ycsb.workloads.CoreWorkload.doInsert(CoreWorkload.java:621)
	at site.ycsb.ClientThread.run(ClientThread.java:135)
	at java.base/java.lang.Thread.run(Thread.java:829)
Caused by: jetbrains.exodus.ExodusException
	at jetbrains.exodus.newLogConcept.garbageCollector.OperationLogGarbageCollector.moveAndRemoveRecordsFromLog(OperationLogGarbageCollector.java:69)
	at jetbrains.exodus.newLogConcept.garbageCollector.OperationLogGarbageCollector.clean(OperationLogGarbageCollector.java:51)
	at jetbrains.exodus.newLogConcept.MVCC.MVCCDataStructure.lambda$commitTransaction$1(MVCCDataStructure.java:297)
	at java.base/java.util.concurrent.Executors$RunnableAdapter.call(Executors.java:515)
	at java.base/java.util.concurrent.FutureTask.run(FutureTask.java:264)
	at java.base/java.util.concurrent.ThreadPoolExecutor.runWorker(ThreadPoolExecutor.java:1128)
	at java.base/java.util.concurrent.ThreadPoolExecutor$Worker.run(ThreadPoolExecutor.java:628)
	... 1 more
java.util.concurrent.ExecutionException: jetbrains.exodus.ExodusException
	at java.base/java.util.concurrent.FutureTask.report(FutureTask.java:122)
	at java.base/java.util.concurrent.FutureTask.get(FutureTask.java:191)
	at jetbrains.exodus.newLogConcept.MVCC.MVCCDataStructure.commitTransaction(MVCCDataStructure.java:299)
	at site.ycsb.db.XodusClient.insert(XodusClient.java:60)
	at site.ycsb.DBWrapper.insert(DBWrapper.java:227)
	at site.ycsb.workloads.CoreWorkload.doInsert(CoreWorkload.java:621)
	at site.ycsb.ClientThread.run(ClientThread.java:135)
	at java.base/java.lang.Thread.run(Thread.java:829)
Caused by: jetbrains.exodus.ExodusException
	at jetbrains.exodus.newLogConcept.garbageCollector.OperationLogGarbageCollector.moveAndRemoveRecordsFromLog(OperationLogGarbageCollector.java:69)
	at jetbrains.exodus.newLogConcept.garbageCollector.OperationLogGarbageCollector.clean(OperationLogGarbageCollector.java:51)
	at jetbrains.exodus.newLogConcept.MVCC.MVCCDataStructure.lambda$commitTransaction$1(MVCCDataStructure.java:297)
	at java.base/java.util.concurrent.Executors$RunnableAdapter.call(Executors.java:515)
	at java.base/java.util.concurrent.FutureTask.run(FutureTask.java:264)
	at java.base/java.util.concurrent.ThreadPoolExecutor.runWorker(ThreadPoolExecutor.java:1128)
	at java.base/java.util.concurrent.ThreadPoolExecutor$Worker.run(ThreadPoolExecutor.java:628)
	... 1 more
java.util.concurrent.ExecutionException: jetbrains.exodus.ExodusException
	at java.base/java.util.concurrent.FutureTask.report(FutureTask.java:122)
	at java.base/java.util.concurrent.FutureTask.get(FutureTask.java:191)
	at jetbrains.exodus.newLogConcept.MVCC.MVCCDataStructure.commitTransaction(MVCCDataStructure.java:299)
	at site.ycsb.db.XodusClient.insert(XodusClient.java:60)
	at site.ycsb.DBWrapper.insert(DBWrapper.java:227)
	at site.ycsb.workloads.CoreWorkload.doInsert(CoreWorkload.java:621)
	at site.ycsb.ClientThread.run(ClientThread.java:135)
	at java.base/java.lang.Thread.run(Thread.java:829)
Caused by: jetbrains.exodus.ExodusException
	at jetbrains.exodus.newLogConcept.garbageCollector.OperationLogGarbageCollector.moveAndRemoveRecordsFromLog(OperationLogGarbageCollector.java:69)
	at jetbrains.exodus.newLogConcept.garbageCollector.OperationLogGarbageCollector.clean(OperationLogGarbageCollector.java:51)
	at jetbrains.exodus.newLogConcept.MVCC.MVCCDataStructure.lambda$commitTransaction$1(MVCCDataStructure.java:297)
	at java.base/java.util.concurrent.Executors$RunnableAdapter.call(Executors.java:515)
	at java.base/java.util.concurrent.FutureTask.run(FutureTask.java:264)
	at java.base/java.util.concurrent.ThreadPoolExecutor.runWorker(ThreadPoolExecutor.java:1128)
	at java.base/java.util.concurrent.ThreadPoolExecutor$Worker.run(ThreadPoolExecutor.java:628)
	... 1 more
java.util.concurrent.ExecutionException: jetbrains.exodus.ExodusException
	at java.base/java.util.concurrent.FutureTask.report(FutureTask.java:122)
	at java.base/java.util.concurrent.FutureTask.get(FutureTask.java:191)
	at jetbrains.exodus.newLogConcept.MVCC.MVCCDataStructure.commitTransaction(MVCCDataStructure.java:299)
	at site.ycsb.db.XodusClient.insert(XodusClient.java:60)
	at site.ycsb.DBWrapper.insert(DBWrapper.java:227)
	at site.ycsb.workloads.CoreWorkload.doInsert(CoreWorkload.java:621)
	at site.ycsb.ClientThread.run(ClientThread.java:135)
	at java.base/java.lang.Thread.run(Thread.java:829)
Caused by: jetbrains.exodus.ExodusException
	at jetbrains.exodus.newLogConcept.garbageCollector.OperationLogGarbageCollector.moveAndRemoveRecordsFromLog(OperationLogGarbageCollector.java:69)
	at jetbrains.exodus.newLogConcept.garbageCollector.OperationLogGarbageCollector.clean(OperationLogGarbageCollector.java:51)
	at jetbrains.exodus.newLogConcept.MVCC.MVCCDataStructure.lambda$commitTransaction$1(MVCCDataStructure.java:297)
	at java.base/java.util.concurrent.Executors$RunnableAdapter.call(Executors.java:515)
	at java.base/java.util.concurrent.FutureTask.run(FutureTask.java:264)
	at java.base/java.util.concurrent.ThreadPoolExecutor.runWorker(ThreadPoolExecutor.java:1128)
	at java.base/java.util.concurrent.ThreadPoolExecutor$Worker.run(ThreadPoolExecutor.java:628)
	... 1 more
java.util.concurrent.ExecutionException: jetbrains.exodus.ExodusException
	at java.base/java.util.concurrent.FutureTask.report(FutureTask.java:122)
	at java.base/java.util.concurrent.FutureTask.get(FutureTask.java:191)
	at jetbrains.exodus.newLogConcept.MVCC.MVCCDataStructure.commitTransaction(MVCCDataStructure.java:299)
	at site.ycsb.db.XodusClient.insert(XodusClient.java:60)
	at site.ycsb.DBWrapper.insert(DBWrapper.java:227)
	at site.ycsb.workloads.CoreWorkload.doInsert(CoreWorkload.java:621)
	at site.ycsb.ClientThread.run(ClientThread.java:135)
	at java.base/java.lang.Thread.run(Thread.java:829)
Caused by: jetbrains.exodus.ExodusException
	at jetbrains.exodus.newLogConcept.garbageCollector.OperationLogGarbageCollector.moveAndRemoveRecordsFromLog(OperationLogGarbageCollector.java:69)
	at jetbrains.exodus.newLogConcept.garbageCollector.OperationLogGarbageCollector.clean(OperationLogGarbageCollector.java:51)
	at jetbrains.exodus.newLogConcept.MVCC.MVCCDataStructure.lambda$commitTransaction$1(MVCCDataStructure.java:297)
	at java.base/java.util.concurrent.Executors$RunnableAdapter.call(Executors.java:515)
	at java.base/java.util.concurrent.FutureTask.run(FutureTask.java:264)
	at java.base/java.util.concurrent.ThreadPoolExecutor.runWorker(ThreadPoolExecutor.java:1128)
	at java.base/java.util.concurrent.ThreadPoolExecutor$Worker.run(ThreadPoolExecutor.java:628)
	... 1 more
java.util.concurrent.ExecutionException: jetbrains.exodus.ExodusException
	at java.base/java.util.concurrent.FutureTask.report(FutureTask.java:122)
	at java.base/java.util.concurrent.FutureTask.get(FutureTask.java:191)
	at jetbrains.exodus.newLogConcept.MVCC.MVCCDataStructure.commitTransaction(MVCCDataStructure.java:299)
	at site.ycsb.db.XodusClient.insert(XodusClient.java:60)
	at site.ycsb.DBWrapper.insert(DBWrapper.java:227)
	at site.ycsb.workloads.CoreWorkload.doInsert(CoreWorkload.java:621)
	at site.ycsb.ClientThread.run(ClientThread.java:135)
	at java.base/java.lang.Thread.run(Thread.java:829)
Caused by: jetbrains.exodus.ExodusException
	at jetbrains.exodus.newLogConcept.garbageCollector.OperationLogGarbageCollector.moveAndRemoveRecordsFromLog(OperationLogGarbageCollector.java:69)
	at jetbrains.exodus.newLogConcept.garbageCollector.OperationLogGarbageCollector.clean(OperationLogGarbageCollector.java:51)
	at jetbrains.exodus.newLogConcept.MVCC.MVCCDataStructure.lambda$commitTransaction$1(MVCCDataStructure.java:297)
	at java.base/java.util.concurrent.Executors$RunnableAdapter.call(Executors.java:515)
	at java.base/java.util.concurrent.FutureTask.run(FutureTask.java:264)
	at java.base/java.util.concurrent.ThreadPoolExecutor.runWorker(ThreadPoolExecutor.java:1128)
	at java.base/java.util.concurrent.ThreadPoolExecutor$Worker.run(ThreadPoolExecutor.java:628)
	... 1 more
java.util.concurrent.ExecutionException: jetbrains.exodus.ExodusException
	at java.base/java.util.concurrent.FutureTask.report(FutureTask.java:122)
	at java.base/java.util.concurrent.FutureTask.get(FutureTask.java:191)
	at jetbrains.exodus.newLogConcept.MVCC.MVCCDataStructure.commitTransaction(MVCCDataStructure.java:299)
	at site.ycsb.db.XodusClient.insert(XodusClient.java:60)
	at site.ycsb.DBWrapper.insert(DBWrapper.java:227)
	at site.ycsb.workloads.CoreWorkload.doInsert(CoreWorkload.java:621)
	at site.ycsb.ClientThread.run(ClientThread.java:135)
	at java.base/java.lang.Thread.run(Thread.java:829)
Caused by: jetbrains.exodus.ExodusException
	at jetbrains.exodus.newLogConcept.garbageCollector.OperationLogGarbageCollector.moveAndRemoveRecordsFromLog(OperationLogGarbageCollector.java:69)
	at jetbrains.exodus.newLogConcept.garbageCollector.OperationLogGarbageCollector.clean(OperationLogGarbageCollector.java:51)
	at jetbrains.exodus.newLogConcept.MVCC.MVCCDataStructure.lambda$commitTransaction$1(MVCCDataStructure.java:297)
	at java.base/java.util.concurrent.Executors$RunnableAdapter.call(Executors.java:515)
	at java.base/java.util.concurrent.FutureTask.run(FutureTask.java:264)
	at java.base/java.util.concurrent.ThreadPoolExecutor.runWorker(ThreadPoolExecutor.java:1128)
	at java.base/java.util.concurrent.ThreadPoolExecutor$Worker.run(ThreadPoolExecutor.java:628)
	... 1 more
java.util.concurrent.ExecutionException: jetbrains.exodus.ExodusException
	at java.base/java.util.concurrent.FutureTask.report(FutureTask.java:122)
	at java.base/java.util.concurrent.FutureTask.get(FutureTask.java:191)
	at jetbrains.exodus.newLogConcept.MVCC.MVCCDataStructure.commitTransaction(MVCCDataStructure.java:299)
	at site.ycsb.db.XodusClient.insert(XodusClient.java:60)
	at site.ycsb.DBWrapper.insert(DBWrapper.java:227)
	at site.ycsb.workloads.CoreWorkload.doInsert(CoreWorkload.java:621)
	at site.ycsb.ClientThread.run(ClientThread.java:135)
	at java.base/java.lang.Thread.run(Thread.java:829)
Caused by: jetbrains.exodus.ExodusException
	at jetbrains.exodus.newLogConcept.garbageCollector.OperationLogGarbageCollector.moveAndRemoveRecordsFromLog(OperationLogGarbageCollector.java:69)
	at jetbrains.exodus.newLogConcept.garbageCollector.OperationLogGarbageCollector.clean(OperationLogGarbageCollector.java:51)
	at jetbrains.exodus.newLogConcept.MVCC.MVCCDataStructure.lambda$commitTransaction$1(MVCCDataStructure.java:297)
	at java.base/java.util.concurrent.Executors$RunnableAdapter.call(Executors.java:515)
	at java.base/java.util.concurrent.FutureTask.run(FutureTask.java:264)
	at java.base/java.util.concurrent.ThreadPoolExecutor.runWorker(ThreadPoolExecutor.java:1128)
	at java.base/java.util.concurrent.ThreadPoolExecutor$Worker.run(ThreadPoolExecutor.java:628)
	... 1 more
java.util.concurrent.ExecutionException: jetbrains.exodus.ExodusException
	at java.base/java.util.concurrent.FutureTask.report(FutureTask.java:122)
	at java.base/java.util.concurrent.FutureTask.get(FutureTask.java:191)
	at jetbrains.exodus.newLogConcept.MVCC.MVCCDataStructure.commitTransaction(MVCCDataStructure.java:299)
	at site.ycsb.db.XodusClient.insert(XodusClient.java:60)
	at site.ycsb.DBWrapper.insert(DBWrapper.java:227)
	at site.ycsb.workloads.CoreWorkload.doInsert(CoreWorkload.java:621)
	at site.ycsb.ClientThread.run(ClientThread.java:135)
	at java.base/java.lang.Thread.run(Thread.java:829)
Caused by: jetbrains.exodus.ExodusException
	at jetbrains.exodus.newLogConcept.garbageCollector.OperationLogGarbageCollector.moveAndRemoveRecordsFromLog(OperationLogGarbageCollector.java:69)
	at jetbrains.exodus.newLogConcept.garbageCollector.OperationLogGarbageCollector.clean(OperationLogGarbageCollector.java:51)
	at jetbrains.exodus.newLogConcept.MVCC.MVCCDataStructure.lambda$commitTransaction$1(MVCCDataStructure.java:297)
	at java.base/java.util.concurrent.Executors$RunnableAdapter.call(Executors.java:515)
	at java.base/java.util.concurrent.FutureTask.run(FutureTask.java:264)
	at java.base/java.util.concurrent.ThreadPoolExecutor.runWorker(ThreadPoolExecutor.java:1128)
	at java.base/java.util.concurrent.ThreadPoolExecutor$Worker.run(ThreadPoolExecutor.java:628)
	... 1 more
java.util.concurrent.ExecutionException: jetbrains.exodus.ExodusException
	at java.base/java.util.concurrent.FutureTask.report(FutureTask.java:122)
	at java.base/java.util.concurrent.FutureTask.get(FutureTask.java:191)
	at jetbrains.exodus.newLogConcept.MVCC.MVCCDataStructure.commitTransaction(MVCCDataStructure.java:299)
	at site.ycsb.db.XodusClient.insert(XodusClient.java:60)
	at site.ycsb.DBWrapper.insert(DBWrapper.java:227)
	at site.ycsb.workloads.CoreWorkload.doInsert(CoreWorkload.java:621)
	at site.ycsb.ClientThread.run(ClientThread.java:135)
	at java.base/java.lang.Thread.run(Thread.java:829)
Caused by: jetbrains.exodus.ExodusException
	at jetbrains.exodus.newLogConcept.garbageCollector.OperationLogGarbageCollector.moveAndRemoveRecordsFromLog(OperationLogGarbageCollector.java:69)
	at jetbrains.exodus.newLogConcept.garbageCollector.OperationLogGarbageCollector.clean(OperationLogGarbageCollector.java:51)
	at jetbrains.exodus.newLogConcept.MVCC.MVCCDataStructure.lambda$commitTransaction$1(MVCCDataStructure.java:297)
	at java.base/java.util.concurrent.Executors$RunnableAdapter.call(Executors.java:515)
	at java.base/java.util.concurrent.FutureTask.run(FutureTask.java:264)
	at java.base/java.util.concurrent.ThreadPoolExecutor.runWorker(ThreadPoolExecutor.java:1128)
	at java.base/java.util.concurrent.ThreadPoolExecutor$Worker.run(ThreadPoolExecutor.java:628)
	... 1 more
java.util.concurrent.ExecutionException: jetbrains.exodus.ExodusException
	at java.base/java.util.concurrent.FutureTask.report(FutureTask.java:122)
	at java.base/java.util.concurrent.FutureTask.get(FutureTask.java:191)
	at jetbrains.exodus.newLogConcept.MVCC.MVCCDataStructure.commitTransaction(MVCCDataStructure.java:299)
	at site.ycsb.db.XodusClient.insert(XodusClient.java:60)
	at site.ycsb.DBWrapper.insert(DBWrapper.java:227)
	at site.ycsb.workloads.CoreWorkload.doInsert(CoreWorkload.java:621)
	at site.ycsb.ClientThread.run(ClientThread.java:135)
	at java.base/java.lang.Thread.run(Thread.java:829)
Caused by: jetbrains.exodus.ExodusException
	at jetbrains.exodus.newLogConcept.garbageCollector.OperationLogGarbageCollector.moveAndRemoveRecordsFromLog(OperationLogGarbageCollector.java:69)
	at jetbrains.exodus.newLogConcept.garbageCollector.OperationLogGarbageCollector.clean(OperationLogGarbageCollector.java:51)
	at jetbrains.exodus.newLogConcept.MVCC.MVCCDataStructure.lambda$commitTransaction$1(MVCCDataStructure.java:297)
	at java.base/java.util.concurrent.Executors$RunnableAdapter.call(Executors.java:515)
	at java.base/java.util.concurrent.FutureTask.run(FutureTask.java:264)
	at java.base/java.util.concurrent.ThreadPoolExecutor.runWorker(ThreadPoolExecutor.java:1128)
	at java.base/java.util.concurrent.ThreadPoolExecutor$Worker.run(ThreadPoolExecutor.java:628)
	... 1 more
java.util.concurrent.ExecutionException: jetbrains.exodus.ExodusException
	at java.base/java.util.concurrent.FutureTask.report(FutureTask.java:122)
	at java.base/java.util.concurrent.FutureTask.get(FutureTask.java:191)
	at jetbrains.exodus.newLogConcept.MVCC.MVCCDataStructure.commitTransaction(MVCCDataStructure.java:299)
	at site.ycsb.db.XodusClient.insert(XodusClient.java:60)
	at site.ycsb.DBWrapper.insert(DBWrapper.java:227)
	at site.ycsb.workloads.CoreWorkload.doInsert(CoreWorkload.java:621)
	at site.ycsb.ClientThread.run(ClientThread.java:135)
	at java.base/java.lang.Thread.run(Thread.java:829)
Caused by: jetbrains.exodus.ExodusException
	at jetbrains.exodus.newLogConcept.garbageCollector.OperationLogGarbageCollector.moveAndRemoveRecordsFromLog(OperationLogGarbageCollector.java:69)
	at jetbrains.exodus.newLogConcept.garbageCollector.OperationLogGarbageCollector.clean(OperationLogGarbageCollector.java:51)
	at jetbrains.exodus.newLogConcept.MVCC.MVCCDataStructure.lambda$commitTransaction$1(MVCCDataStructure.java:297)
	at java.base/java.util.concurrent.Executors$RunnableAdapter.call(Executors.java:515)
	at java.base/java.util.concurrent.FutureTask.run(FutureTask.java:264)
	at java.base/java.util.concurrent.ThreadPoolExecutor.runWorker(ThreadPoolExecutor.java:1128)
	at java.base/java.util.concurrent.ThreadPoolExecutor$Worker.run(ThreadPoolExecutor.java:628)
	... 1 more
java.util.concurrent.ExecutionException: jetbrains.exodus.ExodusException
	at java.base/java.util.concurrent.FutureTask.report(FutureTask.java:122)
	at java.base/java.util.concurrent.FutureTask.get(FutureTask.java:191)
	at jetbrains.exodus.newLogConcept.MVCC.MVCCDataStructure.commitTransaction(MVCCDataStructure.java:299)
	at site.ycsb.db.XodusClient.insert(XodusClient.java:60)
	at site.ycsb.DBWrapper.insert(DBWrapper.java:227)
	at site.ycsb.workloads.CoreWorkload.doInsert(CoreWorkload.java:621)
	at site.ycsb.ClientThread.run(ClientThread.java:135)
	at java.base/java.lang.Thread.run(Thread.java:829)
Caused by: jetbrains.exodus.ExodusException
	at jetbrains.exodus.newLogConcept.garbageCollector.OperationLogGarbageCollector.moveAndRemoveRecordsFromLog(OperationLogGarbageCollector.java:69)
	at jetbrains.exodus.newLogConcept.garbageCollector.OperationLogGarbageCollector.clean(OperationLogGarbageCollector.java:51)
	at jetbrains.exodus.newLogConcept.MVCC.MVCCDataStructure.lambda$commitTransaction$1(MVCCDataStructure.java:297)
	at java.base/java.util.concurrent.Executors$RunnableAdapter.call(Executors.java:515)
	at java.base/java.util.concurrent.FutureTask.run(FutureTask.java:264)
	at java.base/java.util.concurrent.ThreadPoolExecutor.runWorker(ThreadPoolExecutor.java:1128)
	at java.base/java.util.concurrent.ThreadPoolExecutor$Worker.run(ThreadPoolExecutor.java:628)
	... 1 more
java.util.concurrent.ExecutionException: jetbrains.exodus.ExodusException
	at java.base/java.util.concurrent.FutureTask.report(FutureTask.java:122)
	at java.base/java.util.concurrent.FutureTask.get(FutureTask.java:191)
	at jetbrains.exodus.newLogConcept.MVCC.MVCCDataStructure.commitTransaction(MVCCDataStructure.java:299)
	at site.ycsb.db.XodusClient.insert(XodusClient.java:60)
	at site.ycsb.DBWrapper.insert(DBWrapper.java:227)
	at site.ycsb.workloads.CoreWorkload.doInsert(CoreWorkload.java:621)
	at site.ycsb.ClientThread.run(ClientThread.java:135)
	at java.base/java.lang.Thread.run(Thread.java:829)
Caused by: jetbrains.exodus.ExodusException
	at jetbrains.exodus.newLogConcept.garbageCollector.OperationLogGarbageCollector.moveAndRemoveRecordsFromLog(OperationLogGarbageCollector.java:69)
	at jetbrains.exodus.newLogConcept.garbageCollector.OperationLogGarbageCollector.clean(OperationLogGarbageCollector.java:51)
	at jetbrains.exodus.newLogConcept.MVCC.MVCCDataStructure.lambda$commitTransaction$1(MVCCDataStructure.java:297)
	at java.base/java.util.concurrent.Executors$RunnableAdapter.call(Executors.java:515)
	at java.base/java.util.concurrent.FutureTask.run(FutureTask.java:264)
	at java.base/java.util.concurrent.ThreadPoolExecutor.runWorker(ThreadPoolExecutor.java:1128)
	at java.base/java.util.concurrent.ThreadPoolExecutor$Worker.run(ThreadPoolExecutor.java:628)
	... 1 more
java.util.concurrent.ExecutionException: jetbrains.exodus.ExodusException
	at java.base/java.util.concurrent.FutureTask.report(FutureTask.java:122)
	at java.base/java.util.concurrent.FutureTask.get(FutureTask.java:191)
	at jetbrains.exodus.newLogConcept.MVCC.MVCCDataStructure.commitTransaction(MVCCDataStructure.java:299)
	at site.ycsb.db.XodusClient.insert(XodusClient.java:60)
	at site.ycsb.DBWrapper.insert(DBWrapper.java:227)
	at site.ycsb.workloads.CoreWorkload.doInsert(CoreWorkload.java:621)
	at site.ycsb.ClientThread.run(ClientThread.java:135)
	at java.base/java.lang.Thread.run(Thread.java:829)
Caused by: jetbrains.exodus.ExodusException
	at jetbrains.exodus.newLogConcept.garbageCollector.OperationLogGarbageCollector.moveAndRemoveRecordsFromLog(OperationLogGarbageCollector.java:69)
	at jetbrains.exodus.newLogConcept.garbageCollector.OperationLogGarbageCollector.clean(OperationLogGarbageCollector.java:51)
	at jetbrains.exodus.newLogConcept.MVCC.MVCCDataStructure.lambda$commitTransaction$1(MVCCDataStructure.java:297)
	at java.base/java.util.concurrent.Executors$RunnableAdapter.call(Executors.java:515)
	at java.base/java.util.concurrent.FutureTask.run(FutureTask.java:264)
	at java.base/java.util.concurrent.ThreadPoolExecutor.runWorker(ThreadPoolExecutor.java:1128)
	at java.base/java.util.concurrent.ThreadPoolExecutor$Worker.run(ThreadPoolExecutor.java:628)
	... 1 more
java.util.concurrent.ExecutionException: jetbrains.exodus.ExodusException
	at java.base/java.util.concurrent.FutureTask.report(FutureTask.java:122)
	at java.base/java.util.concurrent.FutureTask.get(FutureTask.java:191)
	at jetbrains.exodus.newLogConcept.MVCC.MVCCDataStructure.commitTransaction(MVCCDataStructure.java:299)
	at site.ycsb.db.XodusClient.insert(XodusClient.java:60)
	at site.ycsb.DBWrapper.insert(DBWrapper.java:227)
	at site.ycsb.workloads.CoreWorkload.doInsert(CoreWorkload.java:621)
	at site.ycsb.ClientThread.run(ClientThread.java:135)
	at java.base/java.lang.Thread.run(Thread.java:829)
Caused by: jetbrains.exodus.ExodusException
	at jetbrains.exodus.newLogConcept.garbageCollector.OperationLogGarbageCollector.moveAndRemoveRecordsFromLog(OperationLogGarbageCollector.java:69)
	at jetbrains.exodus.newLogConcept.garbageCollector.OperationLogGarbageCollector.clean(OperationLogGarbageCollector.java:51)
	at jetbrains.exodus.newLogConcept.MVCC.MVCCDataStructure.lambda$commitTransaction$1(MVCCDataStructure.java:297)
	at java.base/java.util.concurrent.Executors$RunnableAdapter.call(Executors.java:515)
	at java.base/java.util.concurrent.FutureTask.run(FutureTask.java:264)
	at java.base/java.util.concurrent.ThreadPoolExecutor.runWorker(ThreadPoolExecutor.java:1128)
	at java.base/java.util.concurrent.ThreadPoolExecutor$Worker.run(ThreadPoolExecutor.java:628)
	... 1 more
java.util.concurrent.ExecutionException: jetbrains.exodus.ExodusException
	at java.base/java.util.concurrent.FutureTask.report(FutureTask.java:122)
	at java.base/java.util.concurrent.FutureTask.get(FutureTask.java:191)
	at jetbrains.exodus.newLogConcept.MVCC.MVCCDataStructure.commitTransaction(MVCCDataStructure.java:299)
	at site.ycsb.db.XodusClient.insert(XodusClient.java:60)
	at site.ycsb.DBWrapper.insert(DBWrapper.java:227)
	at site.ycsb.workloads.CoreWorkload.doInsert(CoreWorkload.java:621)
	at site.ycsb.ClientThread.run(ClientThread.java:135)
	at java.base/java.lang.Thread.run(Thread.java:829)
Caused by: jetbrains.exodus.ExodusException
	at jetbrains.exodus.newLogConcept.garbageCollector.OperationLogGarbageCollector.moveAndRemoveRecordsFromLog(OperationLogGarbageCollector.java:69)
	at jetbrains.exodus.newLogConcept.garbageCollector.OperationLogGarbageCollector.clean(OperationLogGarbageCollector.java:51)
	at jetbrains.exodus.newLogConcept.MVCC.MVCCDataStructure.lambda$commitTransaction$1(MVCCDataStructure.java:297)
	at java.base/java.util.concurrent.Executors$RunnableAdapter.call(Executors.java:515)
	at java.base/java.util.concurrent.FutureTask.run(FutureTask.java:264)
	at java.base/java.util.concurrent.ThreadPoolExecutor.runWorker(ThreadPoolExecutor.java:1128)
	at java.base/java.util.concurrent.ThreadPoolExecutor$Worker.run(ThreadPoolExecutor.java:628)
	... 1 more
java.util.concurrent.ExecutionException: jetbrains.exodus.ExodusException
	at java.base/java.util.concurrent.FutureTask.report(FutureTask.java:122)
	at java.base/java.util.concurrent.FutureTask.get(FutureTask.java:191)
	at jetbrains.exodus.newLogConcept.MVCC.MVCCDataStructure.commitTransaction(MVCCDataStructure.java:299)
	at site.ycsb.db.XodusClient.insert(XodusClient.java:60)
	at site.ycsb.DBWrapper.insert(DBWrapper.java:227)
	at site.ycsb.workloads.CoreWorkload.doInsert(CoreWorkload.java:621)
	at site.ycsb.ClientThread.run(ClientThread.java:135)
	at java.base/java.lang.Thread.run(Thread.java:829)
Caused by: jetbrains.exodus.ExodusException
	at jetbrains.exodus.newLogConcept.garbageCollector.OperationLogGarbageCollector.moveAndRemoveRecordsFromLog(OperationLogGarbageCollector.java:69)
	at jetbrains.exodus.newLogConcept.garbageCollector.OperationLogGarbageCollector.clean(OperationLogGarbageCollector.java:51)
	at jetbrains.exodus.newLogConcept.MVCC.MVCCDataStructure.lambda$commitTransaction$1(MVCCDataStructure.java:297)
	at java.base/java.util.concurrent.Executors$RunnableAdapter.call(Executors.java:515)
	at java.base/java.util.concurrent.FutureTask.run(FutureTask.java:264)
	at java.base/java.util.concurrent.ThreadPoolExecutor.runWorker(ThreadPoolExecutor.java:1128)
	at java.base/java.util.concurrent.ThreadPoolExecutor$Worker.run(ThreadPoolExecutor.java:628)
	... 1 more
java.util.concurrent.ExecutionException: jetbrains.exodus.ExodusException
	at java.base/java.util.concurrent.FutureTask.report(FutureTask.java:122)
	at java.base/java.util.concurrent.FutureTask.get(FutureTask.java:191)
	at jetbrains.exodus.newLogConcept.MVCC.MVCCDataStructure.commitTransaction(MVCCDataStructure.java:299)
	at site.ycsb.db.XodusClient.insert(XodusClient.java:60)
	at site.ycsb.DBWrapper.insert(DBWrapper.java:227)
	at site.ycsb.workloads.CoreWorkload.doInsert(CoreWorkload.java:621)
	at site.ycsb.ClientThread.run(ClientThread.java:135)
	at java.base/java.lang.Thread.run(Thread.java:829)
Caused by: jetbrains.exodus.ExodusException
	at jetbrains.exodus.newLogConcept.garbageCollector.OperationLogGarbageCollector.moveAndRemoveRecordsFromLog(OperationLogGarbageCollector.java:69)
	at jetbrains.exodus.newLogConcept.garbageCollector.OperationLogGarbageCollector.clean(OperationLogGarbageCollector.java:51)
	at jetbrains.exodus.newLogConcept.MVCC.MVCCDataStructure.lambda$commitTransaction$1(MVCCDataStructure.java:297)
	at java.base/java.util.concurrent.Executors$RunnableAdapter.call(Executors.java:515)
	at java.base/java.util.concurrent.FutureTask.run(FutureTask.java:264)
	at java.base/java.util.concurrent.ThreadPoolExecutor.runWorker(ThreadPoolExecutor.java:1128)
	at java.base/java.util.concurrent.ThreadPoolExecutor$Worker.run(ThreadPoolExecutor.java:628)
	... 1 more
java.util.concurrent.ExecutionException: jetbrains.exodus.ExodusException
	at java.base/java.util.concurrent.FutureTask.report(FutureTask.java:122)
	at java.base/java.util.concurrent.FutureTask.get(FutureTask.java:191)
	at jetbrains.exodus.newLogConcept.MVCC.MVCCDataStructure.commitTransaction(MVCCDataStructure.java:299)
	at site.ycsb.db.XodusClient.insert(XodusClient.java:60)
	at site.ycsb.DBWrapper.insert(DBWrapper.java:227)
	at site.ycsb.workloads.CoreWorkload.doInsert(CoreWorkload.java:621)
	at site.ycsb.ClientThread.run(ClientThread.java:135)
	at java.base/java.lang.Thread.run(Thread.java:829)
Caused by: jetbrains.exodus.ExodusException
	at jetbrains.exodus.newLogConcept.garbageCollector.OperationLogGarbageCollector.moveAndRemoveRecordsFromLog(OperationLogGarbageCollector.java:69)
	at jetbrains.exodus.newLogConcept.garbageCollector.OperationLogGarbageCollector.clean(OperationLogGarbageCollector.java:51)
	at jetbrains.exodus.newLogConcept.MVCC.MVCCDataStructure.lambda$commitTransaction$1(MVCCDataStructure.java:297)
	at java.base/java.util.concurrent.Executors$RunnableAdapter.call(Executors.java:515)
	at java.base/java.util.concurrent.FutureTask.run(FutureTask.java:264)
	at java.base/java.util.concurrent.ThreadPoolExecutor.runWorker(ThreadPoolExecutor.java:1128)
	at java.base/java.util.concurrent.ThreadPoolExecutor$Worker.run(ThreadPoolExecutor.java:628)
	... 1 more
java.util.concurrent.ExecutionException: jetbrains.exodus.ExodusException
	at java.base/java.util.concurrent.FutureTask.report(FutureTask.java:122)
	at java.base/java.util.concurrent.FutureTask.get(FutureTask.java:191)
	at jetbrains.exodus.newLogConcept.MVCC.MVCCDataStructure.commitTransaction(MVCCDataStructure.java:299)
	at site.ycsb.db.XodusClient.insert(XodusClient.java:60)
	at site.ycsb.DBWrapper.insert(DBWrapper.java:227)
	at site.ycsb.workloads.CoreWorkload.doInsert(CoreWorkload.java:621)
	at site.ycsb.ClientThread.run(ClientThread.java:135)
	at java.base/java.lang.Thread.run(Thread.java:829)
Caused by: jetbrains.exodus.ExodusException
	at jetbrains.exodus.newLogConcept.garbageCollector.OperationLogGarbageCollector.moveAndRemoveRecordsFromLog(OperationLogGarbageCollector.java:69)
	at jetbrains.exodus.newLogConcept.garbageCollector.OperationLogGarbageCollector.clean(OperationLogGarbageCollector.java:51)
	at jetbrains.exodus.newLogConcept.MVCC.MVCCDataStructure.lambda$commitTransaction$1(MVCCDataStructure.java:297)
	at java.base/java.util.concurrent.Executors$RunnableAdapter.call(Executors.java:515)
	at java.base/java.util.concurrent.FutureTask.run(FutureTask.java:264)
	at java.base/java.util.concurrent.ThreadPoolExecutor.runWorker(ThreadPoolExecutor.java:1128)
	at java.base/java.util.concurrent.ThreadPoolExecutor$Worker.run(ThreadPoolExecutor.java:628)
	... 1 more
java.util.concurrent.ExecutionException: jetbrains.exodus.ExodusException
	at java.base/java.util.concurrent.FutureTask.report(FutureTask.java:122)
	at java.base/java.util.concurrent.FutureTask.get(FutureTask.java:191)
	at jetbrains.exodus.newLogConcept.MVCC.MVCCDataStructure.commitTransaction(MVCCDataStructure.java:299)
	at site.ycsb.db.XodusClient.insert(XodusClient.java:60)
	at site.ycsb.DBWrapper.insert(DBWrapper.java:227)
	at site.ycsb.workloads.CoreWorkload.doInsert(CoreWorkload.java:621)
	at site.ycsb.ClientThread.run(ClientThread.java:135)
	at java.base/java.lang.Thread.run(Thread.java:829)
Caused by: jetbrains.exodus.ExodusException
	at jetbrains.exodus.newLogConcept.garbageCollector.OperationLogGarbageCollector.moveAndRemoveRecordsFromLog(OperationLogGarbageCollector.java:69)
	at jetbrains.exodus.newLogConcept.garbageCollector.OperationLogGarbageCollector.clean(OperationLogGarbageCollector.java:51)
	at jetbrains.exodus.newLogConcept.MVCC.MVCCDataStructure.lambda$commitTransaction$1(MVCCDataStructure.java:297)
	at java.base/java.util.concurrent.Executors$RunnableAdapter.call(Executors.java:515)
	at java.base/java.util.concurrent.FutureTask.run(FutureTask.java:264)
	at java.base/java.util.concurrent.ThreadPoolExecutor.runWorker(ThreadPoolExecutor.java:1128)
	at java.base/java.util.concurrent.ThreadPoolExecutor$Worker.run(ThreadPoolExecutor.java:628)
	... 1 more
java.util.concurrent.ExecutionException: jetbrains.exodus.ExodusException
	at java.base/java.util.concurrent.FutureTask.report(FutureTask.java:122)
	at java.base/java.util.concurrent.FutureTask.get(FutureTask.java:191)
	at jetbrains.exodus.newLogConcept.MVCC.MVCCDataStructure.commitTransaction(MVCCDataStructure.java:299)
	at site.ycsb.db.XodusClient.insert(XodusClient.java:60)
	at site.ycsb.DBWrapper.insert(DBWrapper.java:227)
	at site.ycsb.workloads.CoreWorkload.doInsert(CoreWorkload.java:621)
	at site.ycsb.ClientThread.run(ClientThread.java:135)
	at java.base/java.lang.Thread.run(Thread.java:829)
Caused by: jetbrains.exodus.ExodusException
	at jetbrains.exodus.newLogConcept.garbageCollector.OperationLogGarbageCollector.moveAndRemoveRecordsFromLog(OperationLogGarbageCollector.java:69)
	at jetbrains.exodus.newLogConcept.garbageCollector.OperationLogGarbageCollector.clean(OperationLogGarbageCollector.java:51)
	at jetbrains.exodus.newLogConcept.MVCC.MVCCDataStructure.lambda$commitTransaction$1(MVCCDataStructure.java:297)
	at java.base/java.util.concurrent.Executors$RunnableAdapter.call(Executors.java:515)
	at java.base/java.util.concurrent.FutureTask.run(FutureTask.java:264)
	at java.base/java.util.concurrent.ThreadPoolExecutor.runWorker(ThreadPoolExecutor.java:1128)
	at java.base/java.util.concurrent.ThreadPoolExecutor$Worker.run(ThreadPoolExecutor.java:628)
	... 1 more
java.util.concurrent.ExecutionException: jetbrains.exodus.ExodusException
	at java.base/java.util.concurrent.FutureTask.report(FutureTask.java:122)
	at java.base/java.util.concurrent.FutureTask.get(FutureTask.java:191)
	at jetbrains.exodus.newLogConcept.MVCC.MVCCDataStructure.commitTransaction(MVCCDataStructure.java:299)
	at site.ycsb.db.XodusClient.insert(XodusClient.java:60)
	at site.ycsb.DBWrapper.insert(DBWrapper.java:227)
	at site.ycsb.workloads.CoreWorkload.doInsert(CoreWorkload.java:621)
	at site.ycsb.ClientThread.run(ClientThread.java:135)
	at java.base/java.lang.Thread.run(Thread.java:829)
Caused by: jetbrains.exodus.ExodusException
	at jetbrains.exodus.newLogConcept.garbageCollector.OperationLogGarbageCollector.moveAndRemoveRecordsFromLog(OperationLogGarbageCollector.java:69)
	at jetbrains.exodus.newLogConcept.garbageCollector.OperationLogGarbageCollector.clean(OperationLogGarbageCollector.java:51)
	at jetbrains.exodus.newLogConcept.MVCC.MVCCDataStructure.lambda$commitTransaction$1(MVCCDataStructure.java:297)
	at java.base/java.util.concurrent.Executors$RunnableAdapter.call(Executors.java:515)
	at java.base/java.util.concurrent.FutureTask.run(FutureTask.java:264)
	at java.base/java.util.concurrent.ThreadPoolExecutor.runWorker(ThreadPoolExecutor.java:1128)
	at java.base/java.util.concurrent.ThreadPoolExecutor$Worker.run(ThreadPoolExecutor.java:628)
	... 1 more
java.util.concurrent.ExecutionException: jetbrains.exodus.ExodusException
	at java.base/java.util.concurrent.FutureTask.report(FutureTask.java:122)
	at java.base/java.util.concurrent.FutureTask.get(FutureTask.java:191)
	at jetbrains.exodus.newLogConcept.MVCC.MVCCDataStructure.commitTransaction(MVCCDataStructure.java:299)
	at site.ycsb.db.XodusClient.insert(XodusClient.java:60)
	at site.ycsb.DBWrapper.insert(DBWrapper.java:227)
	at site.ycsb.workloads.CoreWorkload.doInsert(CoreWorkload.java:621)
	at site.ycsb.ClientThread.run(ClientThread.java:135)
	at java.base/java.lang.Thread.run(Thread.java:829)
Caused by: jetbrains.exodus.ExodusException
	at jetbrains.exodus.newLogConcept.garbageCollector.OperationLogGarbageCollector.moveAndRemoveRecordsFromLog(OperationLogGarbageCollector.java:69)
	at jetbrains.exodus.newLogConcept.garbageCollector.OperationLogGarbageCollector.clean(OperationLogGarbageCollector.java:51)
	at jetbrains.exodus.newLogConcept.MVCC.MVCCDataStructure.lambda$commitTransaction$1(MVCCDataStructure.java:297)
	at java.base/java.util.concurrent.Executors$RunnableAdapter.call(Executors.java:515)
	at java.base/java.util.concurrent.FutureTask.run(FutureTask.java:264)
	at java.base/java.util.concurrent.ThreadPoolExecutor.runWorker(ThreadPoolExecutor.java:1128)
	at java.base/java.util.concurrent.ThreadPoolExecutor$Worker.run(ThreadPoolExecutor.java:628)
	... 1 more
java.util.concurrent.ExecutionException: jetbrains.exodus.ExodusException
	at java.base/java.util.concurrent.FutureTask.report(FutureTask.java:122)
	at java.base/java.util.concurrent.FutureTask.get(FutureTask.java:191)
	at jetbrains.exodus.newLogConcept.MVCC.MVCCDataStructure.commitTransaction(MVCCDataStructure.java:299)
	at site.ycsb.db.XodusClient.insert(XodusClient.java:60)
	at site.ycsb.DBWrapper.insert(DBWrapper.java:227)
	at site.ycsb.workloads.CoreWorkload.doInsert(CoreWorkload.java:621)
	at site.ycsb.ClientThread.run(ClientThread.java:135)
	at java.base/java.lang.Thread.run(Thread.java:829)
Caused by: jetbrains.exodus.ExodusException
	at jetbrains.exodus.newLogConcept.garbageCollector.OperationLogGarbageCollector.moveAndRemoveRecordsFromLog(OperationLogGarbageCollector.java:69)
	at jetbrains.exodus.newLogConcept.garbageCollector.OperationLogGarbageCollector.clean(OperationLogGarbageCollector.java:51)
	at jetbrains.exodus.newLogConcept.MVCC.MVCCDataStructure.lambda$commitTransaction$1(MVCCDataStructure.java:297)
	at java.base/java.util.concurrent.Executors$RunnableAdapter.call(Executors.java:515)
	at java.base/java.util.concurrent.FutureTask.run(FutureTask.java:264)
	at java.base/java.util.concurrent.ThreadPoolExecutor.runWorker(ThreadPoolExecutor.java:1128)
	at java.base/java.util.concurrent.ThreadPoolExecutor$Worker.run(ThreadPoolExecutor.java:628)
	... 1 more
java.util.concurrent.ExecutionException: jetbrains.exodus.ExodusException
	at java.base/java.util.concurrent.FutureTask.report(FutureTask.java:122)
	at java.base/java.util.concurrent.FutureTask.get(FutureTask.java:191)
	at jetbrains.exodus.newLogConcept.MVCC.MVCCDataStructure.commitTransaction(MVCCDataStructure.java:299)
	at site.ycsb.db.XodusClient.insert(XodusClient.java:60)
	at site.ycsb.DBWrapper.insert(DBWrapper.java:227)
	at site.ycsb.workloads.CoreWorkload.doInsert(CoreWorkload.java:621)
	at site.ycsb.ClientThread.run(ClientThread.java:135)
	at java.base/java.lang.Thread.run(Thread.java:829)
Caused by: jetbrains.exodus.ExodusException
	at jetbrains.exodus.newLogConcept.garbageCollector.OperationLogGarbageCollector.moveAndRemoveRecordsFromLog(OperationLogGarbageCollector.java:69)
	at jetbrains.exodus.newLogConcept.garbageCollector.OperationLogGarbageCollector.clean(OperationLogGarbageCollector.java:51)
	at jetbrains.exodus.newLogConcept.MVCC.MVCCDataStructure.lambda$commitTransaction$1(MVCCDataStructure.java:297)
	at java.base/java.util.concurrent.Executors$RunnableAdapter.call(Executors.java:515)
	at java.base/java.util.concurrent.FutureTask.run(FutureTask.java:264)
	at java.base/java.util.concurrent.ThreadPoolExecutor.runWorker(ThreadPoolExecutor.java:1128)
	at java.base/java.util.concurrent.ThreadPoolExecutor$Worker.run(ThreadPoolExecutor.java:628)
	... 1 more
java.util.concurrent.ExecutionException: jetbrains.exodus.ExodusException
	at java.base/java.util.concurrent.FutureTask.report(FutureTask.java:122)
	at java.base/java.util.concurrent.FutureTask.get(FutureTask.java:191)
	at jetbrains.exodus.newLogConcept.MVCC.MVCCDataStructure.commitTransaction(MVCCDataStructure.java:299)
	at site.ycsb.db.XodusClient.insert(XodusClient.java:60)
	at site.ycsb.DBWrapper.insert(DBWrapper.java:227)
	at site.ycsb.workloads.CoreWorkload.doInsert(CoreWorkload.java:621)
	at site.ycsb.ClientThread.run(ClientThread.java:135)
	at java.base/java.lang.Thread.run(Thread.java:829)
Caused by: jetbrains.exodus.ExodusException
	at jetbrains.exodus.newLogConcept.garbageCollector.OperationLogGarbageCollector.moveAndRemoveRecordsFromLog(OperationLogGarbageCollector.java:69)
	at jetbrains.exodus.newLogConcept.garbageCollector.OperationLogGarbageCollector.clean(OperationLogGarbageCollector.java:51)
	at jetbrains.exodus.newLogConcept.MVCC.MVCCDataStructure.lambda$commitTransaction$1(MVCCDataStructure.java:297)
	at java.base/java.util.concurrent.Executors$RunnableAdapter.call(Executors.java:515)
	at java.base/java.util.concurrent.FutureTask.run(FutureTask.java:264)
	at java.base/java.util.concurrent.ThreadPoolExecutor.runWorker(ThreadPoolExecutor.java:1128)
	at java.base/java.util.concurrent.ThreadPoolExecutor$Worker.run(ThreadPoolExecutor.java:628)
	... 1 more
java.util.concurrent.ExecutionException: jetbrains.exodus.ExodusException
	at java.base/java.util.concurrent.FutureTask.report(FutureTask.java:122)
	at java.base/java.util.concurrent.FutureTask.get(FutureTask.java:191)
	at jetbrains.exodus.newLogConcept.MVCC.MVCCDataStructure.commitTransaction(MVCCDataStructure.java:299)
	at site.ycsb.db.XodusClient.insert(XodusClient.java:60)
	at site.ycsb.DBWrapper.insert(DBWrapper.java:227)
	at site.ycsb.workloads.CoreWorkload.doInsert(CoreWorkload.java:621)
	at site.ycsb.ClientThread.run(ClientThread.java:135)
	at java.base/java.lang.Thread.run(Thread.java:829)
Caused by: jetbrains.exodus.ExodusException
	at jetbrains.exodus.newLogConcept.garbageCollector.OperationLogGarbageCollector.moveAndRemoveRecordsFromLog(OperationLogGarbageCollector.java:69)
	at jetbrains.exodus.newLogConcept.garbageCollector.OperationLogGarbageCollector.clean(OperationLogGarbageCollector.java:51)
	at jetbrains.exodus.newLogConcept.MVCC.MVCCDataStructure.lambda$commitTransaction$1(MVCCDataStructure.java:297)
	at java.base/java.util.concurrent.Executors$RunnableAdapter.call(Executors.java:515)
	at java.base/java.util.concurrent.FutureTask.run(FutureTask.java:264)
	at java.base/java.util.concurrent.ThreadPoolExecutor.runWorker(ThreadPoolExecutor.java:1128)
	at java.base/java.util.concurrent.ThreadPoolExecutor$Worker.run(ThreadPoolExecutor.java:628)
	... 1 more
java.util.concurrent.ExecutionException: jetbrains.exodus.ExodusException
	at java.base/java.util.concurrent.FutureTask.report(FutureTask.java:122)
	at java.base/java.util.concurrent.FutureTask.get(FutureTask.java:191)
	at jetbrains.exodus.newLogConcept.MVCC.MVCCDataStructure.commitTransaction(MVCCDataStructure.java:299)
	at site.ycsb.db.XodusClient.insert(XodusClient.java:60)
	at site.ycsb.DBWrapper.insert(DBWrapper.java:227)
	at site.ycsb.workloads.CoreWorkload.doInsert(CoreWorkload.java:621)
	at site.ycsb.ClientThread.run(ClientThread.java:135)
	at java.base/java.lang.Thread.run(Thread.java:829)
Caused by: jetbrains.exodus.ExodusException
	at jetbrains.exodus.newLogConcept.garbageCollector.OperationLogGarbageCollector.moveAndRemoveRecordsFromLog(OperationLogGarbageCollector.java:69)
	at jetbrains.exodus.newLogConcept.garbageCollector.OperationLogGarbageCollector.clean(OperationLogGarbageCollector.java:51)
	at jetbrains.exodus.newLogConcept.MVCC.MVCCDataStructure.lambda$commitTransaction$1(MVCCDataStructure.java:297)
	at java.base/java.util.concurrent.Executors$RunnableAdapter.call(Executors.java:515)
	at java.base/java.util.concurrent.FutureTask.run(FutureTask.java:264)
	at java.base/java.util.concurrent.ThreadPoolExecutor.runWorker(ThreadPoolExecutor.java:1128)
	at java.base/java.util.concurrent.ThreadPoolExecutor$Worker.run(ThreadPoolExecutor.java:628)
	... 1 more
java.util.concurrent.ExecutionException: jetbrains.exodus.ExodusException
	at java.base/java.util.concurrent.FutureTask.report(FutureTask.java:122)
	at java.base/java.util.concurrent.FutureTask.get(FutureTask.java:191)
	at jetbrains.exodus.newLogConcept.MVCC.MVCCDataStructure.commitTransaction(MVCCDataStructure.java:299)
	at site.ycsb.db.XodusClient.insert(XodusClient.java:60)
	at site.ycsb.DBWrapper.insert(DBWrapper.java:227)
	at site.ycsb.workloads.CoreWorkload.doInsert(CoreWorkload.java:621)
	at site.ycsb.ClientThread.run(ClientThread.java:135)
	at java.base/java.lang.Thread.run(Thread.java:829)
Caused by: jetbrains.exodus.ExodusException
	at jetbrains.exodus.newLogConcept.garbageCollector.OperationLogGarbageCollector.moveAndRemoveRecordsFromLog(OperationLogGarbageCollector.java:69)
	at jetbrains.exodus.newLogConcept.garbageCollector.OperationLogGarbageCollector.clean(OperationLogGarbageCollector.java:51)
	at jetbrains.exodus.newLogConcept.MVCC.MVCCDataStructure.lambda$commitTransaction$1(MVCCDataStructure.java:297)
	at java.base/java.util.concurrent.Executors$RunnableAdapter.call(Executors.java:515)
	at java.base/java.util.concurrent.FutureTask.run(FutureTask.java:264)
	at java.base/java.util.concurrent.ThreadPoolExecutor.runWorker(ThreadPoolExecutor.java:1128)
	at java.base/java.util.concurrent.ThreadPoolExecutor$Worker.run(ThreadPoolExecutor.java:628)
	... 1 more
java.util.concurrent.ExecutionException: jetbrains.exodus.ExodusException
	at java.base/java.util.concurrent.FutureTask.report(FutureTask.java:122)
	at java.base/java.util.concurrent.FutureTask.get(FutureTask.java:191)
	at jetbrains.exodus.newLogConcept.MVCC.MVCCDataStructure.commitTransaction(MVCCDataStructure.java:299)
	at site.ycsb.db.XodusClient.insert(XodusClient.java:60)
	at site.ycsb.DBWrapper.insert(DBWrapper.java:227)
	at site.ycsb.workloads.CoreWorkload.doInsert(CoreWorkload.java:621)
	at site.ycsb.ClientThread.run(ClientThread.java:135)
	at java.base/java.lang.Thread.run(Thread.java:829)
Caused by: jetbrains.exodus.ExodusException
	at jetbrains.exodus.newLogConcept.garbageCollector.OperationLogGarbageCollector.moveAndRemoveRecordsFromLog(OperationLogGarbageCollector.java:69)
	at jetbrains.exodus.newLogConcept.garbageCollector.OperationLogGarbageCollector.clean(OperationLogGarbageCollector.java:51)
	at jetbrains.exodus.newLogConcept.MVCC.MVCCDataStructure.lambda$commitTransaction$1(MVCCDataStructure.java:297)
	at java.base/java.util.concurrent.Executors$RunnableAdapter.call(Executors.java:515)
	at java.base/java.util.concurrent.FutureTask.run(FutureTask.java:264)
	at java.base/java.util.concurrent.ThreadPoolExecutor.runWorker(ThreadPoolExecutor.java:1128)
	at java.base/java.util.concurrent.ThreadPoolExecutor$Worker.run(ThreadPoolExecutor.java:628)
	... 1 more
java.util.concurrent.ExecutionException: jetbrains.exodus.ExodusException
	at java.base/java.util.concurrent.FutureTask.report(FutureTask.java:122)
	at java.base/java.util.concurrent.FutureTask.get(FutureTask.java:191)
	at jetbrains.exodus.newLogConcept.MVCC.MVCCDataStructure.commitTransaction(MVCCDataStructure.java:299)
	at site.ycsb.db.XodusClient.insert(XodusClient.java:60)
	at site.ycsb.DBWrapper.insert(DBWrapper.java:227)
	at site.ycsb.workloads.CoreWorkload.doInsert(CoreWorkload.java:621)
	at site.ycsb.ClientThread.run(ClientThread.java:135)
	at java.base/java.lang.Thread.run(Thread.java:829)
Caused by: jetbrains.exodus.ExodusException
	at jetbrains.exodus.newLogConcept.garbageCollector.OperationLogGarbageCollector.moveAndRemoveRecordsFromLog(OperationLogGarbageCollector.java:69)
	at jetbrains.exodus.newLogConcept.garbageCollector.OperationLogGarbageCollector.clean(OperationLogGarbageCollector.java:51)
	at jetbrains.exodus.newLogConcept.MVCC.MVCCDataStructure.lambda$commitTransaction$1(MVCCDataStructure.java:297)
	at java.base/java.util.concurrent.Executors$RunnableAdapter.call(Executors.java:515)
	at java.base/java.util.concurrent.FutureTask.run(FutureTask.java:264)
	at java.base/java.util.concurrent.ThreadPoolExecutor.runWorker(ThreadPoolExecutor.java:1128)
	at java.base/java.util.concurrent.ThreadPoolExecutor$Worker.run(ThreadPoolExecutor.java:628)
	... 1 more
java.util.concurrent.ExecutionException: jetbrains.exodus.ExodusException
	at java.base/java.util.concurrent.FutureTask.report(FutureTask.java:122)
	at java.base/java.util.concurrent.FutureTask.get(FutureTask.java:191)
	at jetbrains.exodus.newLogConcept.MVCC.MVCCDataStructure.commitTransaction(MVCCDataStructure.java:299)
	at site.ycsb.db.XodusClient.insert(XodusClient.java:60)
	at site.ycsb.DBWrapper.insert(DBWrapper.java:227)
	at site.ycsb.workloads.CoreWorkload.doInsert(CoreWorkload.java:621)
	at site.ycsb.ClientThread.run(ClientThread.java:135)
	at java.base/java.lang.Thread.run(Thread.java:829)
Caused by: jetbrains.exodus.ExodusException
	at jetbrains.exodus.newLogConcept.garbageCollector.OperationLogGarbageCollector.moveAndRemoveRecordsFromLog(OperationLogGarbageCollector.java:69)
	at jetbrains.exodus.newLogConcept.garbageCollector.OperationLogGarbageCollector.clean(OperationLogGarbageCollector.java:51)
	at jetbrains.exodus.newLogConcept.MVCC.MVCCDataStructure.lambda$commitTransaction$1(MVCCDataStructure.java:297)
	at java.base/java.util.concurrent.Executors$RunnableAdapter.call(Executors.java:515)
	at java.base/java.util.concurrent.FutureTask.run(FutureTask.java:264)
	at java.base/java.util.concurrent.ThreadPoolExecutor.runWorker(ThreadPoolExecutor.java:1128)
	at java.base/java.util.concurrent.ThreadPoolExecutor$Worker.run(ThreadPoolExecutor.java:628)
	... 1 more
java.util.concurrent.ExecutionException: jetbrains.exodus.ExodusException
	at java.base/java.util.concurrent.FutureTask.report(FutureTask.java:122)
	at java.base/java.util.concurrent.FutureTask.get(FutureTask.java:191)
	at jetbrains.exodus.newLogConcept.MVCC.MVCCDataStructure.commitTransaction(MVCCDataStructure.java:299)
	at site.ycsb.db.XodusClient.insert(XodusClient.java:60)
	at site.ycsb.DBWrapper.insert(DBWrapper.java:227)
	at site.ycsb.workloads.CoreWorkload.doInsert(CoreWorkload.java:621)
	at site.ycsb.ClientThread.run(ClientThread.java:135)
	at java.base/java.lang.Thread.run(Thread.java:829)
Caused by: jetbrains.exodus.ExodusException
	at jetbrains.exodus.newLogConcept.garbageCollector.OperationLogGarbageCollector.moveAndRemoveRecordsFromLog(OperationLogGarbageCollector.java:69)
	at jetbrains.exodus.newLogConcept.garbageCollector.OperationLogGarbageCollector.clean(OperationLogGarbageCollector.java:51)
	at jetbrains.exodus.newLogConcept.MVCC.MVCCDataStructure.lambda$commitTransaction$1(MVCCDataStructure.java:297)
	at java.base/java.util.concurrent.Executors$RunnableAdapter.call(Executors.java:515)
	at java.base/java.util.concurrent.FutureTask.run(FutureTask.java:264)
	at java.base/java.util.concurrent.ThreadPoolExecutor.runWorker(ThreadPoolExecutor.java:1128)
	at java.base/java.util.concurrent.ThreadPoolExecutor$Worker.run(ThreadPoolExecutor.java:628)
	... 1 more
java.util.concurrent.ExecutionException: jetbrains.exodus.ExodusException
	at java.base/java.util.concurrent.FutureTask.report(FutureTask.java:122)
	at java.base/java.util.concurrent.FutureTask.get(FutureTask.java:191)
	at jetbrains.exodus.newLogConcept.MVCC.MVCCDataStructure.commitTransaction(MVCCDataStructure.java:299)
	at site.ycsb.db.XodusClient.insert(XodusClient.java:60)
	at site.ycsb.DBWrapper.insert(DBWrapper.java:227)
	at site.ycsb.workloads.CoreWorkload.doInsert(CoreWorkload.java:621)
	at site.ycsb.ClientThread.run(ClientThread.java:135)
	at java.base/java.lang.Thread.run(Thread.java:829)
Caused by: jetbrains.exodus.ExodusException
	at jetbrains.exodus.newLogConcept.garbageCollector.OperationLogGarbageCollector.moveAndRemoveRecordsFromLog(OperationLogGarbageCollector.java:69)
	at jetbrains.exodus.newLogConcept.garbageCollector.OperationLogGarbageCollector.clean(OperationLogGarbageCollector.java:51)
	at jetbrains.exodus.newLogConcept.MVCC.MVCCDataStructure.lambda$commitTransaction$1(MVCCDataStructure.java:297)
	at java.base/java.util.concurrent.Executors$RunnableAdapter.call(Executors.java:515)
	at java.base/java.util.concurrent.FutureTask.run(FutureTask.java:264)
	at java.base/java.util.concurrent.ThreadPoolExecutor.runWorker(ThreadPoolExecutor.java:1128)
	at java.base/java.util.concurrent.ThreadPoolExecutor$Worker.run(ThreadPoolExecutor.java:628)
	... 1 more
java.util.concurrent.ExecutionException: jetbrains.exodus.ExodusException
	at java.base/java.util.concurrent.FutureTask.report(FutureTask.java:122)
	at java.base/java.util.concurrent.FutureTask.get(FutureTask.java:191)
	at jetbrains.exodus.newLogConcept.MVCC.MVCCDataStructure.commitTransaction(MVCCDataStructure.java:299)
	at site.ycsb.db.XodusClient.insert(XodusClient.java:60)
	at site.ycsb.DBWrapper.insert(DBWrapper.java:227)
	at site.ycsb.workloads.CoreWorkload.doInsert(CoreWorkload.java:621)
	at site.ycsb.ClientThread.run(ClientThread.java:135)
	at java.base/java.lang.Thread.run(Thread.java:829)
Caused by: jetbrains.exodus.ExodusException
	at jetbrains.exodus.newLogConcept.garbageCollector.OperationLogGarbageCollector.moveAndRemoveRecordsFromLog(OperationLogGarbageCollector.java:69)
	at jetbrains.exodus.newLogConcept.garbageCollector.OperationLogGarbageCollector.clean(OperationLogGarbageCollector.java:51)
	at jetbrains.exodus.newLogConcept.MVCC.MVCCDataStructure.lambda$commitTransaction$1(MVCCDataStructure.java:297)
	at java.base/java.util.concurrent.Executors$RunnableAdapter.call(Executors.java:515)
	at java.base/java.util.concurrent.FutureTask.run(FutureTask.java:264)
	at java.base/java.util.concurrent.ThreadPoolExecutor.runWorker(ThreadPoolExecutor.java:1128)
	at java.base/java.util.concurrent.ThreadPoolExecutor$Worker.run(ThreadPoolExecutor.java:628)
	... 1 more
java.util.concurrent.ExecutionException: jetbrains.exodus.ExodusException
	at java.base/java.util.concurrent.FutureTask.report(FutureTask.java:122)
	at java.base/java.util.concurrent.FutureTask.get(FutureTask.java:191)
	at jetbrains.exodus.newLogConcept.MVCC.MVCCDataStructure.commitTransaction(MVCCDataStructure.java:299)
	at site.ycsb.db.XodusClient.insert(XodusClient.java:60)
	at site.ycsb.DBWrapper.insert(DBWrapper.java:227)
	at site.ycsb.workloads.CoreWorkload.doInsert(CoreWorkload.java:621)
	at site.ycsb.ClientThread.run(ClientThread.java:135)
	at java.base/java.lang.Thread.run(Thread.java:829)
Caused by: jetbrains.exodus.ExodusException
	at jetbrains.exodus.newLogConcept.garbageCollector.OperationLogGarbageCollector.moveAndRemoveRecordsFromLog(OperationLogGarbageCollector.java:69)
	at jetbrains.exodus.newLogConcept.garbageCollector.OperationLogGarbageCollector.clean(OperationLogGarbageCollector.java:51)
	at jetbrains.exodus.newLogConcept.MVCC.MVCCDataStructure.lambda$commitTransaction$1(MVCCDataStructure.java:297)
	at java.base/java.util.concurrent.Executors$RunnableAdapter.call(Executors.java:515)
	at java.base/java.util.concurrent.FutureTask.run(FutureTask.java:264)
	at java.base/java.util.concurrent.ThreadPoolExecutor.runWorker(ThreadPoolExecutor.java:1128)
	at java.base/java.util.concurrent.ThreadPoolExecutor$Worker.run(ThreadPoolExecutor.java:628)
	... 1 more
java.util.concurrent.ExecutionException: jetbrains.exodus.ExodusException
	at java.base/java.util.concurrent.FutureTask.report(FutureTask.java:122)
	at java.base/java.util.concurrent.FutureTask.get(FutureTask.java:191)
	at jetbrains.exodus.newLogConcept.MVCC.MVCCDataStructure.commitTransaction(MVCCDataStructure.java:299)
	at site.ycsb.db.XodusClient.insert(XodusClient.java:60)
	at site.ycsb.DBWrapper.insert(DBWrapper.java:227)
	at site.ycsb.workloads.CoreWorkload.doInsert(CoreWorkload.java:621)
	at site.ycsb.ClientThread.run(ClientThread.java:135)
	at java.base/java.lang.Thread.run(Thread.java:829)
Caused by: jetbrains.exodus.ExodusException
	at jetbrains.exodus.newLogConcept.garbageCollector.OperationLogGarbageCollector.moveAndRemoveRecordsFromLog(OperationLogGarbageCollector.java:69)
	at jetbrains.exodus.newLogConcept.garbageCollector.OperationLogGarbageCollector.clean(OperationLogGarbageCollector.java:51)
	at jetbrains.exodus.newLogConcept.MVCC.MVCCDataStructure.lambda$commitTransaction$1(MVCCDataStructure.java:297)
	at java.base/java.util.concurrent.Executors$RunnableAdapter.call(Executors.java:515)
	at java.base/java.util.concurrent.FutureTask.run(FutureTask.java:264)
	at java.base/java.util.concurrent.ThreadPoolExecutor.runWorker(ThreadPoolExecutor.java:1128)
	at java.base/java.util.concurrent.ThreadPoolExecutor$Worker.run(ThreadPoolExecutor.java:628)
	... 1 more
java.util.concurrent.ExecutionException: jetbrains.exodus.ExodusException
	at java.base/java.util.concurrent.FutureTask.report(FutureTask.java:122)
	at java.base/java.util.concurrent.FutureTask.get(FutureTask.java:191)
	at jetbrains.exodus.newLogConcept.MVCC.MVCCDataStructure.commitTransaction(MVCCDataStructure.java:299)
	at site.ycsb.db.XodusClient.insert(XodusClient.java:60)
	at site.ycsb.DBWrapper.insert(DBWrapper.java:227)
	at site.ycsb.workloads.CoreWorkload.doInsert(CoreWorkload.java:621)
	at site.ycsb.ClientThread.run(ClientThread.java:135)
	at java.base/java.lang.Thread.run(Thread.java:829)
Caused by: jetbrains.exodus.ExodusException
	at jetbrains.exodus.newLogConcept.garbageCollector.OperationLogGarbageCollector.moveAndRemoveRecordsFromLog(OperationLogGarbageCollector.java:69)
	at jetbrains.exodus.newLogConcept.garbageCollector.OperationLogGarbageCollector.clean(OperationLogGarbageCollector.java:51)
	at jetbrains.exodus.newLogConcept.MVCC.MVCCDataStructure.lambda$commitTransaction$1(MVCCDataStructure.java:297)
	at java.base/java.util.concurrent.Executors$RunnableAdapter.call(Executors.java:515)
	at java.base/java.util.concurrent.FutureTask.run(FutureTask.java:264)
	at java.base/java.util.concurrent.ThreadPoolExecutor.runWorker(ThreadPoolExecutor.java:1128)
	at java.base/java.util.concurrent.ThreadPoolExecutor$Worker.run(ThreadPoolExecutor.java:628)
	... 1 more
java.util.concurrent.ExecutionException: jetbrains.exodus.ExodusException
	at java.base/java.util.concurrent.FutureTask.report(FutureTask.java:122)
	at java.base/java.util.concurrent.FutureTask.get(FutureTask.java:191)
	at jetbrains.exodus.newLogConcept.MVCC.MVCCDataStructure.commitTransaction(MVCCDataStructure.java:299)
	at site.ycsb.db.XodusClient.insert(XodusClient.java:60)
	at site.ycsb.DBWrapper.insert(DBWrapper.java:227)
	at site.ycsb.workloads.CoreWorkload.doInsert(CoreWorkload.java:621)
	at site.ycsb.ClientThread.run(ClientThread.java:135)
	at java.base/java.lang.Thread.run(Thread.java:829)
Caused by: jetbrains.exodus.ExodusException
	at jetbrains.exodus.newLogConcept.garbageCollector.OperationLogGarbageCollector.moveAndRemoveRecordsFromLog(OperationLogGarbageCollector.java:69)
	at jetbrains.exodus.newLogConcept.garbageCollector.OperationLogGarbageCollector.clean(OperationLogGarbageCollector.java:51)
	at jetbrains.exodus.newLogConcept.MVCC.MVCCDataStructure.lambda$commitTransaction$1(MVCCDataStructure.java:297)
	at java.base/java.util.concurrent.Executors$RunnableAdapter.call(Executors.java:515)
	at java.base/java.util.concurrent.FutureTask.run(FutureTask.java:264)
	at java.base/java.util.concurrent.ThreadPoolExecutor.runWorker(ThreadPoolExecutor.java:1128)
	at java.base/java.util.concurrent.ThreadPoolExecutor$Worker.run(ThreadPoolExecutor.java:628)
	... 1 more
java.util.concurrent.ExecutionException: jetbrains.exodus.ExodusException
	at java.base/java.util.concurrent.FutureTask.report(FutureTask.java:122)
	at java.base/java.util.concurrent.FutureTask.get(FutureTask.java:191)
	at jetbrains.exodus.newLogConcept.MVCC.MVCCDataStructure.commitTransaction(MVCCDataStructure.java:299)
	at site.ycsb.db.XodusClient.insert(XodusClient.java:60)
	at site.ycsb.DBWrapper.insert(DBWrapper.java:227)
	at site.ycsb.workloads.CoreWorkload.doInsert(CoreWorkload.java:621)
	at site.ycsb.ClientThread.run(ClientThread.java:135)
	at java.base/java.lang.Thread.run(Thread.java:829)
Caused by: jetbrains.exodus.ExodusException
	at jetbrains.exodus.newLogConcept.garbageCollector.OperationLogGarbageCollector.moveAndRemoveRecordsFromLog(OperationLogGarbageCollector.java:69)
	at jetbrains.exodus.newLogConcept.garbageCollector.OperationLogGarbageCollector.clean(OperationLogGarbageCollector.java:51)
	at jetbrains.exodus.newLogConcept.MVCC.MVCCDataStructure.lambda$commitTransaction$1(MVCCDataStructure.java:297)
	at java.base/java.util.concurrent.Executors$RunnableAdapter.call(Executors.java:515)
	at java.base/java.util.concurrent.FutureTask.run(FutureTask.java:264)
	at java.base/java.util.concurrent.ThreadPoolExecutor.runWorker(ThreadPoolExecutor.java:1128)
	at java.base/java.util.concurrent.ThreadPoolExecutor$Worker.run(ThreadPoolExecutor.java:628)
	... 1 more
java.util.concurrent.ExecutionException: jetbrains.exodus.ExodusException
	at java.base/java.util.concurrent.FutureTask.report(FutureTask.java:122)
	at java.base/java.util.concurrent.FutureTask.get(FutureTask.java:191)
	at jetbrains.exodus.newLogConcept.MVCC.MVCCDataStructure.commitTransaction(MVCCDataStructure.java:299)
	at site.ycsb.db.XodusClient.insert(XodusClient.java:60)
	at site.ycsb.DBWrapper.insert(DBWrapper.java:227)
	at site.ycsb.workloads.CoreWorkload.doInsert(CoreWorkload.java:621)
	at site.ycsb.ClientThread.run(ClientThread.java:135)
	at java.base/java.lang.Thread.run(Thread.java:829)
Caused by: jetbrains.exodus.ExodusException
	at jetbrains.exodus.newLogConcept.garbageCollector.OperationLogGarbageCollector.moveAndRemoveRecordsFromLog(OperationLogGarbageCollector.java:69)
	at jetbrains.exodus.newLogConcept.garbageCollector.OperationLogGarbageCollector.clean(OperationLogGarbageCollector.java:51)
	at jetbrains.exodus.newLogConcept.MVCC.MVCCDataStructure.lambda$commitTransaction$1(MVCCDataStructure.java:297)
	at java.base/java.util.concurrent.Executors$RunnableAdapter.call(Executors.java:515)
	at java.base/java.util.concurrent.FutureTask.run(FutureTask.java:264)
	at java.base/java.util.concurrent.ThreadPoolExecutor.runWorker(ThreadPoolExecutor.java:1128)
	at java.base/java.util.concurrent.ThreadPoolExecutor$Worker.run(ThreadPoolExecutor.java:628)
	... 1 more
java.util.concurrent.ExecutionException: jetbrains.exodus.ExodusException
	at java.base/java.util.concurrent.FutureTask.report(FutureTask.java:122)
	at java.base/java.util.concurrent.FutureTask.get(FutureTask.java:191)
	at jetbrains.exodus.newLogConcept.MVCC.MVCCDataStructure.commitTransaction(MVCCDataStructure.java:299)
	at site.ycsb.db.XodusClient.insert(XodusClient.java:60)
	at site.ycsb.DBWrapper.insert(DBWrapper.java:227)
	at site.ycsb.workloads.CoreWorkload.doInsert(CoreWorkload.java:621)
	at site.ycsb.ClientThread.run(ClientThread.java:135)
	at java.base/java.lang.Thread.run(Thread.java:829)
Caused by: jetbrains.exodus.ExodusException
	at jetbrains.exodus.newLogConcept.garbageCollector.OperationLogGarbageCollector.moveAndRemoveRecordsFromLog(OperationLogGarbageCollector.java:69)
	at jetbrains.exodus.newLogConcept.garbageCollector.OperationLogGarbageCollector.clean(OperationLogGarbageCollector.java:51)
	at jetbrains.exodus.newLogConcept.MVCC.MVCCDataStructure.lambda$commitTransaction$1(MVCCDataStructure.java:297)
	at java.base/java.util.concurrent.Executors$RunnableAdapter.call(Executors.java:515)
	at java.base/java.util.concurrent.FutureTask.run(FutureTask.java:264)
	at java.base/java.util.concurrent.ThreadPoolExecutor.runWorker(ThreadPoolExecutor.java:1128)
	at java.base/java.util.concurrent.ThreadPoolExecutor$Worker.run(ThreadPoolExecutor.java:628)
	... 1 more
java.util.concurrent.ExecutionException: jetbrains.exodus.ExodusException
	at java.base/java.util.concurrent.FutureTask.report(FutureTask.java:122)
	at java.base/java.util.concurrent.FutureTask.get(FutureTask.java:191)
	at jetbrains.exodus.newLogConcept.MVCC.MVCCDataStructure.commitTransaction(MVCCDataStructure.java:299)
	at site.ycsb.db.XodusClient.insert(XodusClient.java:60)
	at site.ycsb.DBWrapper.insert(DBWrapper.java:227)
	at site.ycsb.workloads.CoreWorkload.doInsert(CoreWorkload.java:621)
	at site.ycsb.ClientThread.run(ClientThread.java:135)
	at java.base/java.lang.Thread.run(Thread.java:829)
Caused by: jetbrains.exodus.ExodusException
	at jetbrains.exodus.newLogConcept.garbageCollector.OperationLogGarbageCollector.moveAndRemoveRecordsFromLog(OperationLogGarbageCollector.java:69)
	at jetbrains.exodus.newLogConcept.garbageCollector.OperationLogGarbageCollector.clean(OperationLogGarbageCollector.java:51)
	at jetbrains.exodus.newLogConcept.MVCC.MVCCDataStructure.lambda$commitTransaction$1(MVCCDataStructure.java:297)
	at java.base/java.util.concurrent.Executors$RunnableAdapter.call(Executors.java:515)
	at java.base/java.util.concurrent.FutureTask.run(FutureTask.java:264)
	at java.base/java.util.concurrent.ThreadPoolExecutor.runWorker(ThreadPoolExecutor.java:1128)
	at java.base/java.util.concurrent.ThreadPoolExecutor$Worker.run(ThreadPoolExecutor.java:628)
	... 1 more
java.util.concurrent.ExecutionException: jetbrains.exodus.ExodusException
	at java.base/java.util.concurrent.FutureTask.report(FutureTask.java:122)
	at java.base/java.util.concurrent.FutureTask.get(FutureTask.java:191)
	at jetbrains.exodus.newLogConcept.MVCC.MVCCDataStructure.commitTransaction(MVCCDataStructure.java:299)
	at site.ycsb.db.XodusClient.insert(XodusClient.java:60)
	at site.ycsb.DBWrapper.insert(DBWrapper.java:227)
	at site.ycsb.workloads.CoreWorkload.doInsert(CoreWorkload.java:621)
	at site.ycsb.ClientThread.run(ClientThread.java:135)
	at java.base/java.lang.Thread.run(Thread.java:829)
Caused by: jetbrains.exodus.ExodusException
	at jetbrains.exodus.newLogConcept.garbageCollector.OperationLogGarbageCollector.moveAndRemoveRecordsFromLog(OperationLogGarbageCollector.java:69)
	at jetbrains.exodus.newLogConcept.garbageCollector.OperationLogGarbageCollector.clean(OperationLogGarbageCollector.java:51)
	at jetbrains.exodus.newLogConcept.MVCC.MVCCDataStructure.lambda$commitTransaction$1(MVCCDataStructure.java:297)
	at java.base/java.util.concurrent.Executors$RunnableAdapter.call(Executors.java:515)
	at java.base/java.util.concurrent.FutureTask.run(FutureTask.java:264)
	at java.base/java.util.concurrent.ThreadPoolExecutor.runWorker(ThreadPoolExecutor.java:1128)
	at java.base/java.util.concurrent.ThreadPoolExecutor$Worker.run(ThreadPoolExecutor.java:628)
	... 1 more
java.util.concurrent.ExecutionException: jetbrains.exodus.ExodusException
	at java.base/java.util.concurrent.FutureTask.report(FutureTask.java:122)
	at java.base/java.util.concurrent.FutureTask.get(FutureTask.java:191)
	at jetbrains.exodus.newLogConcept.MVCC.MVCCDataStructure.commitTransaction(MVCCDataStructure.java:299)
	at site.ycsb.db.XodusClient.insert(XodusClient.java:60)
	at site.ycsb.DBWrapper.insert(DBWrapper.java:227)
	at site.ycsb.workloads.CoreWorkload.doInsert(CoreWorkload.java:621)
	at site.ycsb.ClientThread.run(ClientThread.java:135)
	at java.base/java.lang.Thread.run(Thread.java:829)
Caused by: jetbrains.exodus.ExodusException
	at jetbrains.exodus.newLogConcept.garbageCollector.OperationLogGarbageCollector.moveAndRemoveRecordsFromLog(OperationLogGarbageCollector.java:69)
	at jetbrains.exodus.newLogConcept.garbageCollector.OperationLogGarbageCollector.clean(OperationLogGarbageCollector.java:51)
	at jetbrains.exodus.newLogConcept.MVCC.MVCCDataStructure.lambda$commitTransaction$1(MVCCDataStructure.java:297)
	at java.base/java.util.concurrent.Executors$RunnableAdapter.call(Executors.java:515)
	at java.base/java.util.concurrent.FutureTask.run(FutureTask.java:264)
	at java.base/java.util.concurrent.ThreadPoolExecutor.runWorker(ThreadPoolExecutor.java:1128)
	at java.base/java.util.concurrent.ThreadPoolExecutor$Worker.run(ThreadPoolExecutor.java:628)
	... 1 more
java.util.concurrent.ExecutionException: jetbrains.exodus.ExodusException
	at java.base/java.util.concurrent.FutureTask.report(FutureTask.java:122)
	at java.base/java.util.concurrent.FutureTask.get(FutureTask.java:191)
	at jetbrains.exodus.newLogConcept.MVCC.MVCCDataStructure.commitTransaction(MVCCDataStructure.java:299)
	at site.ycsb.db.XodusClient.insert(XodusClient.java:60)
	at site.ycsb.DBWrapper.insert(DBWrapper.java:227)
	at site.ycsb.workloads.CoreWorkload.doInsert(CoreWorkload.java:621)
	at site.ycsb.ClientThread.run(ClientThread.java:135)
	at java.base/java.lang.Thread.run(Thread.java:829)
Caused by: jetbrains.exodus.ExodusException
	at jetbrains.exodus.newLogConcept.garbageCollector.OperationLogGarbageCollector.moveAndRemoveRecordsFromLog(OperationLogGarbageCollector.java:69)
	at jetbrains.exodus.newLogConcept.garbageCollector.OperationLogGarbageCollector.clean(OperationLogGarbageCollector.java:51)
	at jetbrains.exodus.newLogConcept.MVCC.MVCCDataStructure.lambda$commitTransaction$1(MVCCDataStructure.java:297)
	at java.base/java.util.concurrent.Executors$RunnableAdapter.call(Executors.java:515)
	at java.base/java.util.concurrent.FutureTask.run(FutureTask.java:264)
	at java.base/java.util.concurrent.ThreadPoolExecutor.runWorker(ThreadPoolExecutor.java:1128)
	at java.base/java.util.concurrent.ThreadPoolExecutor$Worker.run(ThreadPoolExecutor.java:628)
	... 1 more
java.util.concurrent.ExecutionException: jetbrains.exodus.ExodusException
	at java.base/java.util.concurrent.FutureTask.report(FutureTask.java:122)
	at java.base/java.util.concurrent.FutureTask.get(FutureTask.java:191)
	at jetbrains.exodus.newLogConcept.MVCC.MVCCDataStructure.commitTransaction(MVCCDataStructure.java:299)
	at site.ycsb.db.XodusClient.insert(XodusClient.java:60)
	at site.ycsb.DBWrapper.insert(DBWrapper.java:227)
	at site.ycsb.workloads.CoreWorkload.doInsert(CoreWorkload.java:621)
	at site.ycsb.ClientThread.run(ClientThread.java:135)
	at java.base/java.lang.Thread.run(Thread.java:829)
Caused by: jetbrains.exodus.ExodusException
	at jetbrains.exodus.newLogConcept.garbageCollector.OperationLogGarbageCollector.moveAndRemoveRecordsFromLog(OperationLogGarbageCollector.java:69)
	at jetbrains.exodus.newLogConcept.garbageCollector.OperationLogGarbageCollector.clean(OperationLogGarbageCollector.java:51)
	at jetbrains.exodus.newLogConcept.MVCC.MVCCDataStructure.lambda$commitTransaction$1(MVCCDataStructure.java:297)
	at java.base/java.util.concurrent.Executors$RunnableAdapter.call(Executors.java:515)
	at java.base/java.util.concurrent.FutureTask.run(FutureTask.java:264)
	at java.base/java.util.concurrent.ThreadPoolExecutor.runWorker(ThreadPoolExecutor.java:1128)
	at java.base/java.util.concurrent.ThreadPoolExecutor$Worker.run(ThreadPoolExecutor.java:628)
	... 1 more
java.util.concurrent.ExecutionException: jetbrains.exodus.ExodusException
	at java.base/java.util.concurrent.FutureTask.report(FutureTask.java:122)
	at java.base/java.util.concurrent.FutureTask.get(FutureTask.java:191)
	at jetbrains.exodus.newLogConcept.MVCC.MVCCDataStructure.commitTransaction(MVCCDataStructure.java:299)
	at site.ycsb.db.XodusClient.insert(XodusClient.java:60)
	at site.ycsb.DBWrapper.insert(DBWrapper.java:227)
	at site.ycsb.workloads.CoreWorkload.doInsert(CoreWorkload.java:621)
	at site.ycsb.ClientThread.run(ClientThread.java:135)
	at java.base/java.lang.Thread.run(Thread.java:829)
Caused by: jetbrains.exodus.ExodusException
	at jetbrains.exodus.newLogConcept.garbageCollector.OperationLogGarbageCollector.moveAndRemoveRecordsFromLog(OperationLogGarbageCollector.java:69)
	at jetbrains.exodus.newLogConcept.garbageCollector.OperationLogGarbageCollector.clean(OperationLogGarbageCollector.java:51)
	at jetbrains.exodus.newLogConcept.MVCC.MVCCDataStructure.lambda$commitTransaction$1(MVCCDataStructure.java:297)
	at java.base/java.util.concurrent.Executors$RunnableAdapter.call(Executors.java:515)
	at java.base/java.util.concurrent.FutureTask.run(FutureTask.java:264)
	at java.base/java.util.concurrent.ThreadPoolExecutor.runWorker(ThreadPoolExecutor.java:1128)
	at java.base/java.util.concurrent.ThreadPoolExecutor$Worker.run(ThreadPoolExecutor.java:628)
	... 1 more
java.util.concurrent.ExecutionException: jetbrains.exodus.ExodusException
	at java.base/java.util.concurrent.FutureTask.report(FutureTask.java:122)
	at java.base/java.util.concurrent.FutureTask.get(FutureTask.java:191)
	at jetbrains.exodus.newLogConcept.MVCC.MVCCDataStructure.commitTransaction(MVCCDataStructure.java:299)
	at site.ycsb.db.XodusClient.insert(XodusClient.java:60)
	at site.ycsb.DBWrapper.insert(DBWrapper.java:227)
	at site.ycsb.workloads.CoreWorkload.doInsert(CoreWorkload.java:621)
	at site.ycsb.ClientThread.run(ClientThread.java:135)
	at java.base/java.lang.Thread.run(Thread.java:829)
Caused by: jetbrains.exodus.ExodusException
	at jetbrains.exodus.newLogConcept.garbageCollector.OperationLogGarbageCollector.moveAndRemoveRecordsFromLog(OperationLogGarbageCollector.java:69)
	at jetbrains.exodus.newLogConcept.garbageCollector.OperationLogGarbageCollector.clean(OperationLogGarbageCollector.java:51)
	at jetbrains.exodus.newLogConcept.MVCC.MVCCDataStructure.lambda$commitTransaction$1(MVCCDataStructure.java:297)
	at java.base/java.util.concurrent.Executors$RunnableAdapter.call(Executors.java:515)
	at java.base/java.util.concurrent.FutureTask.run(FutureTask.java:264)
	at java.base/java.util.concurrent.ThreadPoolExecutor.runWorker(ThreadPoolExecutor.java:1128)
	at java.base/java.util.concurrent.ThreadPoolExecutor$Worker.run(ThreadPoolExecutor.java:628)
	... 1 more
java.util.concurrent.ExecutionException: jetbrains.exodus.ExodusException
	at java.base/java.util.concurrent.FutureTask.report(FutureTask.java:122)
	at java.base/java.util.concurrent.FutureTask.get(FutureTask.java:191)
	at jetbrains.exodus.newLogConcept.MVCC.MVCCDataStructure.commitTransaction(MVCCDataStructure.java:299)
	at site.ycsb.db.XodusClient.insert(XodusClient.java:60)
	at site.ycsb.DBWrapper.insert(DBWrapper.java:227)
	at site.ycsb.workloads.CoreWorkload.doInsert(CoreWorkload.java:621)
	at site.ycsb.ClientThread.run(ClientThread.java:135)
	at java.base/java.lang.Thread.run(Thread.java:829)
Caused by: jetbrains.exodus.ExodusException
	at jetbrains.exodus.newLogConcept.garbageCollector.OperationLogGarbageCollector.moveAndRemoveRecordsFromLog(OperationLogGarbageCollector.java:69)
	at jetbrains.exodus.newLogConcept.garbageCollector.OperationLogGarbageCollector.clean(OperationLogGarbageCollector.java:51)
	at jetbrains.exodus.newLogConcept.MVCC.MVCCDataStructure.lambda$commitTransaction$1(MVCCDataStructure.java:297)
	at java.base/java.util.concurrent.Executors$RunnableAdapter.call(Executors.java:515)
	at java.base/java.util.concurrent.FutureTask.run(FutureTask.java:264)
	at java.base/java.util.concurrent.ThreadPoolExecutor.runWorker(ThreadPoolExecutor.java:1128)
	at java.base/java.util.concurrent.ThreadPoolExecutor$Worker.run(ThreadPoolExecutor.java:628)
	... 1 more
java.util.concurrent.ExecutionException: jetbrains.exodus.ExodusException
	at java.base/java.util.concurrent.FutureTask.report(FutureTask.java:122)
	at java.base/java.util.concurrent.FutureTask.get(FutureTask.java:191)
	at jetbrains.exodus.newLogConcept.MVCC.MVCCDataStructure.commitTransaction(MVCCDataStructure.java:299)
	at site.ycsb.db.XodusClient.insert(XodusClient.java:60)
	at site.ycsb.DBWrapper.insert(DBWrapper.java:227)
	at site.ycsb.workloads.CoreWorkload.doInsert(CoreWorkload.java:621)
	at site.ycsb.ClientThread.run(ClientThread.java:135)
	at java.base/java.lang.Thread.run(Thread.java:829)
Caused by: jetbrains.exodus.ExodusException
	at jetbrains.exodus.newLogConcept.garbageCollector.OperationLogGarbageCollector.moveAndRemoveRecordsFromLog(OperationLogGarbageCollector.java:69)
	at jetbrains.exodus.newLogConcept.garbageCollector.OperationLogGarbageCollector.clean(OperationLogGarbageCollector.java:51)
	at jetbrains.exodus.newLogConcept.MVCC.MVCCDataStructure.lambda$commitTransaction$1(MVCCDataStructure.java:297)
	at java.base/java.util.concurrent.Executors$RunnableAdapter.call(Executors.java:515)
	at java.base/java.util.concurrent.FutureTask.run(FutureTask.java:264)
	at java.base/java.util.concurrent.ThreadPoolExecutor.runWorker(ThreadPoolExecutor.java:1128)
	at java.base/java.util.concurrent.ThreadPoolExecutor$Worker.run(ThreadPoolExecutor.java:628)
	... 1 more
java.util.concurrent.ExecutionException: jetbrains.exodus.ExodusException
	at java.base/java.util.concurrent.FutureTask.report(FutureTask.java:122)
	at java.base/java.util.concurrent.FutureTask.get(FutureTask.java:191)
	at jetbrains.exodus.newLogConcept.MVCC.MVCCDataStructure.commitTransaction(MVCCDataStructure.java:299)
	at site.ycsb.db.XodusClient.insert(XodusClient.java:60)
	at site.ycsb.DBWrapper.insert(DBWrapper.java:227)
	at site.ycsb.workloads.CoreWorkload.doInsert(CoreWorkload.java:621)
	at site.ycsb.ClientThread.run(ClientThread.java:135)
	at java.base/java.lang.Thread.run(Thread.java:829)
Caused by: jetbrains.exodus.ExodusException
	at jetbrains.exodus.newLogConcept.garbageCollector.OperationLogGarbageCollector.moveAndRemoveRecordsFromLog(OperationLogGarbageCollector.java:69)
	at jetbrains.exodus.newLogConcept.garbageCollector.OperationLogGarbageCollector.clean(OperationLogGarbageCollector.java:51)
	at jetbrains.exodus.newLogConcept.MVCC.MVCCDataStructure.lambda$commitTransaction$1(MVCCDataStructure.java:297)
	at java.base/java.util.concurrent.Executors$RunnableAdapter.call(Executors.java:515)
	at java.base/java.util.concurrent.FutureTask.run(FutureTask.java:264)
	at java.base/java.util.concurrent.ThreadPoolExecutor.runWorker(ThreadPoolExecutor.java:1128)
	at java.base/java.util.concurrent.ThreadPoolExecutor$Worker.run(ThreadPoolExecutor.java:628)
	... 1 more
java.util.concurrent.ExecutionException: jetbrains.exodus.ExodusException
	at java.base/java.util.concurrent.FutureTask.report(FutureTask.java:122)
	at java.base/java.util.concurrent.FutureTask.get(FutureTask.java:191)
	at jetbrains.exodus.newLogConcept.MVCC.MVCCDataStructure.commitTransaction(MVCCDataStructure.java:299)
	at site.ycsb.db.XodusClient.insert(XodusClient.java:60)
	at site.ycsb.DBWrapper.insert(DBWrapper.java:227)
	at site.ycsb.workloads.CoreWorkload.doInsert(CoreWorkload.java:621)
	at site.ycsb.ClientThread.run(ClientThread.java:135)
	at java.base/java.lang.Thread.run(Thread.java:829)
Caused by: jetbrains.exodus.ExodusException
	at jetbrains.exodus.newLogConcept.garbageCollector.OperationLogGarbageCollector.moveAndRemoveRecordsFromLog(OperationLogGarbageCollector.java:69)
	at jetbrains.exodus.newLogConcept.garbageCollector.OperationLogGarbageCollector.clean(OperationLogGarbageCollector.java:51)
	at jetbrains.exodus.newLogConcept.MVCC.MVCCDataStructure.lambda$commitTransaction$1(MVCCDataStructure.java:297)
	at java.base/java.util.concurrent.Executors$RunnableAdapter.call(Executors.java:515)
	at java.base/java.util.concurrent.FutureTask.run(FutureTask.java:264)
	at java.base/java.util.concurrent.ThreadPoolExecutor.runWorker(ThreadPoolExecutor.java:1128)
	at java.base/java.util.concurrent.ThreadPoolExecutor$Worker.run(ThreadPoolExecutor.java:628)
	... 1 more
java.util.concurrent.ExecutionException: jetbrains.exodus.ExodusException
	at java.base/java.util.concurrent.FutureTask.report(FutureTask.java:122)
	at java.base/java.util.concurrent.FutureTask.get(FutureTask.java:191)
	at jetbrains.exodus.newLogConcept.MVCC.MVCCDataStructure.commitTransaction(MVCCDataStructure.java:299)
	at site.ycsb.db.XodusClient.insert(XodusClient.java:60)
	at site.ycsb.DBWrapper.insert(DBWrapper.java:227)
	at site.ycsb.workloads.CoreWorkload.doInsert(CoreWorkload.java:621)
	at site.ycsb.ClientThread.run(ClientThread.java:135)
	at java.base/java.lang.Thread.run(Thread.java:829)
Caused by: jetbrains.exodus.ExodusException
	at jetbrains.exodus.newLogConcept.garbageCollector.OperationLogGarbageCollector.moveAndRemoveRecordsFromLog(OperationLogGarbageCollector.java:69)
	at jetbrains.exodus.newLogConcept.garbageCollector.OperationLogGarbageCollector.clean(OperationLogGarbageCollector.java:51)
	at jetbrains.exodus.newLogConcept.MVCC.MVCCDataStructure.lambda$commitTransaction$1(MVCCDataStructure.java:297)
	at java.base/java.util.concurrent.Executors$RunnableAdapter.call(Executors.java:515)
	at java.base/java.util.concurrent.FutureTask.run(FutureTask.java:264)
	at java.base/java.util.concurrent.ThreadPoolExecutor.runWorker(ThreadPoolExecutor.java:1128)
	at java.base/java.util.concurrent.ThreadPoolExecutor$Worker.run(ThreadPoolExecutor.java:628)
	... 1 more
java.util.concurrent.ExecutionException: jetbrains.exodus.ExodusException
	at java.base/java.util.concurrent.FutureTask.report(FutureTask.java:122)
	at java.base/java.util.concurrent.FutureTask.get(FutureTask.java:191)
	at jetbrains.exodus.newLogConcept.MVCC.MVCCDataStructure.commitTransaction(MVCCDataStructure.java:299)
	at site.ycsb.db.XodusClient.insert(XodusClient.java:60)
	at site.ycsb.DBWrapper.insert(DBWrapper.java:227)
	at site.ycsb.workloads.CoreWorkload.doInsert(CoreWorkload.java:621)
	at site.ycsb.ClientThread.run(ClientThread.java:135)
	at java.base/java.lang.Thread.run(Thread.java:829)
Caused by: jetbrains.exodus.ExodusException
	at jetbrains.exodus.newLogConcept.garbageCollector.OperationLogGarbageCollector.moveAndRemoveRecordsFromLog(OperationLogGarbageCollector.java:69)
	at jetbrains.exodus.newLogConcept.garbageCollector.OperationLogGarbageCollector.clean(OperationLogGarbageCollector.java:51)
	at jetbrains.exodus.newLogConcept.MVCC.MVCCDataStructure.lambda$commitTransaction$1(MVCCDataStructure.java:297)
	at java.base/java.util.concurrent.Executors$RunnableAdapter.call(Executors.java:515)
	at java.base/java.util.concurrent.FutureTask.run(FutureTask.java:264)
	at java.base/java.util.concurrent.ThreadPoolExecutor.runWorker(ThreadPoolExecutor.java:1128)
	at java.base/java.util.concurrent.ThreadPoolExecutor$Worker.run(ThreadPoolExecutor.java:628)
	... 1 more
java.util.concurrent.ExecutionException: jetbrains.exodus.ExodusException
	at java.base/java.util.concurrent.FutureTask.report(FutureTask.java:122)
	at java.base/java.util.concurrent.FutureTask.get(FutureTask.java:191)
	at jetbrains.exodus.newLogConcept.MVCC.MVCCDataStructure.commitTransaction(MVCCDataStructure.java:299)
	at site.ycsb.db.XodusClient.insert(XodusClient.java:60)
	at site.ycsb.DBWrapper.insert(DBWrapper.java:227)
	at site.ycsb.workloads.CoreWorkload.doInsert(CoreWorkload.java:621)
	at site.ycsb.ClientThread.run(ClientThread.java:135)
	at java.base/java.lang.Thread.run(Thread.java:829)
Caused by: jetbrains.exodus.ExodusException
	at jetbrains.exodus.newLogConcept.garbageCollector.OperationLogGarbageCollector.moveAndRemoveRecordsFromLog(OperationLogGarbageCollector.java:69)
	at jetbrains.exodus.newLogConcept.garbageCollector.OperationLogGarbageCollector.clean(OperationLogGarbageCollector.java:51)
	at jetbrains.exodus.newLogConcept.MVCC.MVCCDataStructure.lambda$commitTransaction$1(MVCCDataStructure.java:297)
	at java.base/java.util.concurrent.Executors$RunnableAdapter.call(Executors.java:515)
	at java.base/java.util.concurrent.FutureTask.run(FutureTask.java:264)
	at java.base/java.util.concurrent.ThreadPoolExecutor.runWorker(ThreadPoolExecutor.java:1128)
	at java.base/java.util.concurrent.ThreadPoolExecutor$Worker.run(ThreadPoolExecutor.java:628)
	... 1 more
java.util.concurrent.ExecutionException: jetbrains.exodus.ExodusException
	at java.base/java.util.concurrent.FutureTask.report(FutureTask.java:122)
	at java.base/java.util.concurrent.FutureTask.get(FutureTask.java:191)
	at jetbrains.exodus.newLogConcept.MVCC.MVCCDataStructure.commitTransaction(MVCCDataStructure.java:299)
	at site.ycsb.db.XodusClient.insert(XodusClient.java:60)
	at site.ycsb.DBWrapper.insert(DBWrapper.java:227)
	at site.ycsb.workloads.CoreWorkload.doInsert(CoreWorkload.java:621)
	at site.ycsb.ClientThread.run(ClientThread.java:135)
	at java.base/java.lang.Thread.run(Thread.java:829)
Caused by: jetbrains.exodus.ExodusException
	at jetbrains.exodus.newLogConcept.garbageCollector.OperationLogGarbageCollector.moveAndRemoveRecordsFromLog(OperationLogGarbageCollector.java:69)
	at jetbrains.exodus.newLogConcept.garbageCollector.OperationLogGarbageCollector.clean(OperationLogGarbageCollector.java:51)
	at jetbrains.exodus.newLogConcept.MVCC.MVCCDataStructure.lambda$commitTransaction$1(MVCCDataStructure.java:297)
	at java.base/java.util.concurrent.Executors$RunnableAdapter.call(Executors.java:515)
	at java.base/java.util.concurrent.FutureTask.run(FutureTask.java:264)
	at java.base/java.util.concurrent.ThreadPoolExecutor.runWorker(ThreadPoolExecutor.java:1128)
	at java.base/java.util.concurrent.ThreadPoolExecutor$Worker.run(ThreadPoolExecutor.java:628)
	... 1 more
java.util.concurrent.ExecutionException: jetbrains.exodus.ExodusException
	at java.base/java.util.concurrent.FutureTask.report(FutureTask.java:122)
	at java.base/java.util.concurrent.FutureTask.get(FutureTask.java:191)
	at jetbrains.exodus.newLogConcept.MVCC.MVCCDataStructure.commitTransaction(MVCCDataStructure.java:299)
	at site.ycsb.db.XodusClient.insert(XodusClient.java:60)
	at site.ycsb.DBWrapper.insert(DBWrapper.java:227)
	at site.ycsb.workloads.CoreWorkload.doInsert(CoreWorkload.java:621)
	at site.ycsb.ClientThread.run(ClientThread.java:135)
	at java.base/java.lang.Thread.run(Thread.java:829)
Caused by: jetbrains.exodus.ExodusException
	at jetbrains.exodus.newLogConcept.garbageCollector.OperationLogGarbageCollector.moveAndRemoveRecordsFromLog(OperationLogGarbageCollector.java:69)
	at jetbrains.exodus.newLogConcept.garbageCollector.OperationLogGarbageCollector.clean(OperationLogGarbageCollector.java:51)
	at jetbrains.exodus.newLogConcept.MVCC.MVCCDataStructure.lambda$commitTransaction$1(MVCCDataStructure.java:297)
	at java.base/java.util.concurrent.Executors$RunnableAdapter.call(Executors.java:515)
	at java.base/java.util.concurrent.FutureTask.run(FutureTask.java:264)
	at java.base/java.util.concurrent.ThreadPoolExecutor.runWorker(ThreadPoolExecutor.java:1128)
	at java.base/java.util.concurrent.ThreadPoolExecutor$Worker.run(ThreadPoolExecutor.java:628)
	... 1 more
java.util.concurrent.ExecutionException: jetbrains.exodus.ExodusException
	at java.base/java.util.concurrent.FutureTask.report(FutureTask.java:122)
	at java.base/java.util.concurrent.FutureTask.get(FutureTask.java:191)
	at jetbrains.exodus.newLogConcept.MVCC.MVCCDataStructure.commitTransaction(MVCCDataStructure.java:299)
	at site.ycsb.db.XodusClient.insert(XodusClient.java:60)
	at site.ycsb.DBWrapper.insert(DBWrapper.java:227)
	at site.ycsb.workloads.CoreWorkload.doInsert(CoreWorkload.java:621)
	at site.ycsb.ClientThread.run(ClientThread.java:135)
	at java.base/java.lang.Thread.run(Thread.java:829)
Caused by: jetbrains.exodus.ExodusException
	at jetbrains.exodus.newLogConcept.garbageCollector.OperationLogGarbageCollector.moveAndRemoveRecordsFromLog(OperationLogGarbageCollector.java:69)
	at jetbrains.exodus.newLogConcept.garbageCollector.OperationLogGarbageCollector.clean(OperationLogGarbageCollector.java:51)
	at jetbrains.exodus.newLogConcept.MVCC.MVCCDataStructure.lambda$commitTransaction$1(MVCCDataStructure.java:297)
	at java.base/java.util.concurrent.Executors$RunnableAdapter.call(Executors.java:515)
	at java.base/java.util.concurrent.FutureTask.run(FutureTask.java:264)
	at java.base/java.util.concurrent.ThreadPoolExecutor.runWorker(ThreadPoolExecutor.java:1128)
	at java.base/java.util.concurrent.ThreadPoolExecutor$Worker.run(ThreadPoolExecutor.java:628)
	... 1 more
java.util.concurrent.ExecutionException: jetbrains.exodus.ExodusException
	at java.base/java.util.concurrent.FutureTask.report(FutureTask.java:122)
	at java.base/java.util.concurrent.FutureTask.get(FutureTask.java:191)
	at jetbrains.exodus.newLogConcept.MVCC.MVCCDataStructure.commitTransaction(MVCCDataStructure.java:299)
	at site.ycsb.db.XodusClient.insert(XodusClient.java:60)
	at site.ycsb.DBWrapper.insert(DBWrapper.java:227)
	at site.ycsb.workloads.CoreWorkload.doInsert(CoreWorkload.java:621)
	at site.ycsb.ClientThread.run(ClientThread.java:135)
	at java.base/java.lang.Thread.run(Thread.java:829)
Caused by: jetbrains.exodus.ExodusException
	at jetbrains.exodus.newLogConcept.garbageCollector.OperationLogGarbageCollector.moveAndRemoveRecordsFromLog(OperationLogGarbageCollector.java:69)
	at jetbrains.exodus.newLogConcept.garbageCollector.OperationLogGarbageCollector.clean(OperationLogGarbageCollector.java:51)
	at jetbrains.exodus.newLogConcept.MVCC.MVCCDataStructure.lambda$commitTransaction$1(MVCCDataStructure.java:297)
	at java.base/java.util.concurrent.Executors$RunnableAdapter.call(Executors.java:515)
	at java.base/java.util.concurrent.FutureTask.run(FutureTask.java:264)
	at java.base/java.util.concurrent.ThreadPoolExecutor.runWorker(ThreadPoolExecutor.java:1128)
	at java.base/java.util.concurrent.ThreadPoolExecutor$Worker.run(ThreadPoolExecutor.java:628)
	... 1 more
java.util.concurrent.ExecutionException: jetbrains.exodus.ExodusException
	at java.base/java.util.concurrent.FutureTask.report(FutureTask.java:122)
	at java.base/java.util.concurrent.FutureTask.get(FutureTask.java:191)
	at jetbrains.exodus.newLogConcept.MVCC.MVCCDataStructure.commitTransaction(MVCCDataStructure.java:299)
	at site.ycsb.db.XodusClient.insert(XodusClient.java:60)
	at site.ycsb.DBWrapper.insert(DBWrapper.java:227)
	at site.ycsb.workloads.CoreWorkload.doInsert(CoreWorkload.java:621)
	at site.ycsb.ClientThread.run(ClientThread.java:135)
	at java.base/java.lang.Thread.run(Thread.java:829)
Caused by: jetbrains.exodus.ExodusException
	at jetbrains.exodus.newLogConcept.garbageCollector.OperationLogGarbageCollector.moveAndRemoveRecordsFromLog(OperationLogGarbageCollector.java:69)
	at jetbrains.exodus.newLogConcept.garbageCollector.OperationLogGarbageCollector.clean(OperationLogGarbageCollector.java:51)
	at jetbrains.exodus.newLogConcept.MVCC.MVCCDataStructure.lambda$commitTransaction$1(MVCCDataStructure.java:297)
	at java.base/java.util.concurrent.Executors$RunnableAdapter.call(Executors.java:515)
	at java.base/java.util.concurrent.FutureTask.run(FutureTask.java:264)
	at java.base/java.util.concurrent.ThreadPoolExecutor.runWorker(ThreadPoolExecutor.java:1128)
	at java.base/java.util.concurrent.ThreadPoolExecutor$Worker.run(ThreadPoolExecutor.java:628)
	... 1 more
java.util.concurrent.ExecutionException: jetbrains.exodus.ExodusException
	at java.base/java.util.concurrent.FutureTask.report(FutureTask.java:122)
	at java.base/java.util.concurrent.FutureTask.get(FutureTask.java:191)
	at jetbrains.exodus.newLogConcept.MVCC.MVCCDataStructure.commitTransaction(MVCCDataStructure.java:299)
	at site.ycsb.db.XodusClient.insert(XodusClient.java:60)
	at site.ycsb.DBWrapper.insert(DBWrapper.java:227)
	at site.ycsb.workloads.CoreWorkload.doInsert(CoreWorkload.java:621)
	at site.ycsb.ClientThread.run(ClientThread.java:135)
	at java.base/java.lang.Thread.run(Thread.java:829)
Caused by: jetbrains.exodus.ExodusException
	at jetbrains.exodus.newLogConcept.garbageCollector.OperationLogGarbageCollector.moveAndRemoveRecordsFromLog(OperationLogGarbageCollector.java:69)
	at jetbrains.exodus.newLogConcept.garbageCollector.OperationLogGarbageCollector.clean(OperationLogGarbageCollector.java:51)
	at jetbrains.exodus.newLogConcept.MVCC.MVCCDataStructure.lambda$commitTransaction$1(MVCCDataStructure.java:297)
	at java.base/java.util.concurrent.Executors$RunnableAdapter.call(Executors.java:515)
	at java.base/java.util.concurrent.FutureTask.run(FutureTask.java:264)
	at java.base/java.util.concurrent.ThreadPoolExecutor.runWorker(ThreadPoolExecutor.java:1128)
	at java.base/java.util.concurrent.ThreadPoolExecutor$Worker.run(ThreadPoolExecutor.java:628)
	... 1 more
java.util.concurrent.ExecutionException: jetbrains.exodus.ExodusException
	at java.base/java.util.concurrent.FutureTask.report(FutureTask.java:122)
	at java.base/java.util.concurrent.FutureTask.get(FutureTask.java:191)
	at jetbrains.exodus.newLogConcept.MVCC.MVCCDataStructure.commitTransaction(MVCCDataStructure.java:299)
	at site.ycsb.db.XodusClient.insert(XodusClient.java:60)
	at site.ycsb.DBWrapper.insert(DBWrapper.java:227)
	at site.ycsb.workloads.CoreWorkload.doInsert(CoreWorkload.java:621)
	at site.ycsb.ClientThread.run(ClientThread.java:135)
	at java.base/java.lang.Thread.run(Thread.java:829)
Caused by: jetbrains.exodus.ExodusException
	at jetbrains.exodus.newLogConcept.garbageCollector.OperationLogGarbageCollector.moveAndRemoveRecordsFromLog(OperationLogGarbageCollector.java:69)
	at jetbrains.exodus.newLogConcept.garbageCollector.OperationLogGarbageCollector.clean(OperationLogGarbageCollector.java:51)
	at jetbrains.exodus.newLogConcept.MVCC.MVCCDataStructure.lambda$commitTransaction$1(MVCCDataStructure.java:297)
	at java.base/java.util.concurrent.Executors$RunnableAdapter.call(Executors.java:515)
	at java.base/java.util.concurrent.FutureTask.run(FutureTask.java:264)
	at java.base/java.util.concurrent.ThreadPoolExecutor.runWorker(ThreadPoolExecutor.java:1128)
	at java.base/java.util.concurrent.ThreadPoolExecutor$Worker.run(ThreadPoolExecutor.java:628)
	... 1 more
java.util.concurrent.ExecutionException: jetbrains.exodus.ExodusException
	at java.base/java.util.concurrent.FutureTask.report(FutureTask.java:122)
	at java.base/java.util.concurrent.FutureTask.get(FutureTask.java:191)
	at jetbrains.exodus.newLogConcept.MVCC.MVCCDataStructure.commitTransaction(MVCCDataStructure.java:299)
	at site.ycsb.db.XodusClient.insert(XodusClient.java:60)
	at site.ycsb.DBWrapper.insert(DBWrapper.java:227)
	at site.ycsb.workloads.CoreWorkload.doInsert(CoreWorkload.java:621)
	at site.ycsb.ClientThread.run(ClientThread.java:135)
	at java.base/java.lang.Thread.run(Thread.java:829)
Caused by: jetbrains.exodus.ExodusException
	at jetbrains.exodus.newLogConcept.garbageCollector.OperationLogGarbageCollector.moveAndRemoveRecordsFromLog(OperationLogGarbageCollector.java:69)
	at jetbrains.exodus.newLogConcept.garbageCollector.OperationLogGarbageCollector.clean(OperationLogGarbageCollector.java:51)
	at jetbrains.exodus.newLogConcept.MVCC.MVCCDataStructure.lambda$commitTransaction$1(MVCCDataStructure.java:297)
	at java.base/java.util.concurrent.Executors$RunnableAdapter.call(Executors.java:515)
	at java.base/java.util.concurrent.FutureTask.run(FutureTask.java:264)
	at java.base/java.util.concurrent.ThreadPoolExecutor.runWorker(ThreadPoolExecutor.java:1128)
	at java.base/java.util.concurrent.ThreadPoolExecutor$Worker.run(ThreadPoolExecutor.java:628)
	... 1 more
java.util.concurrent.ExecutionException: jetbrains.exodus.ExodusException
	at java.base/java.util.concurrent.FutureTask.report(FutureTask.java:122)
	at java.base/java.util.concurrent.FutureTask.get(FutureTask.java:191)
	at jetbrains.exodus.newLogConcept.MVCC.MVCCDataStructure.commitTransaction(MVCCDataStructure.java:299)
	at site.ycsb.db.XodusClient.insert(XodusClient.java:60)
	at site.ycsb.DBWrapper.insert(DBWrapper.java:227)
	at site.ycsb.workloads.CoreWorkload.doInsert(CoreWorkload.java:621)
	at site.ycsb.ClientThread.run(ClientThread.java:135)
	at java.base/java.lang.Thread.run(Thread.java:829)
Caused by: jetbrains.exodus.ExodusException
	at jetbrains.exodus.newLogConcept.garbageCollector.OperationLogGarbageCollector.moveAndRemoveRecordsFromLog(OperationLogGarbageCollector.java:69)
	at jetbrains.exodus.newLogConcept.garbageCollector.OperationLogGarbageCollector.clean(OperationLogGarbageCollector.java:51)
	at jetbrains.exodus.newLogConcept.MVCC.MVCCDataStructure.lambda$commitTransaction$1(MVCCDataStructure.java:297)
	at java.base/java.util.concurrent.Executors$RunnableAdapter.call(Executors.java:515)
	at java.base/java.util.concurrent.FutureTask.run(FutureTask.java:264)
	at java.base/java.util.concurrent.ThreadPoolExecutor.runWorker(ThreadPoolExecutor.java:1128)
	at java.base/java.util.concurrent.ThreadPoolExecutor$Worker.run(ThreadPoolExecutor.java:628)
	... 1 more
java.util.concurrent.ExecutionException: jetbrains.exodus.ExodusException
	at java.base/java.util.concurrent.FutureTask.report(FutureTask.java:122)
	at java.base/java.util.concurrent.FutureTask.get(FutureTask.java:191)
	at jetbrains.exodus.newLogConcept.MVCC.MVCCDataStructure.commitTransaction(MVCCDataStructure.java:299)
	at site.ycsb.db.XodusClient.insert(XodusClient.java:60)
	at site.ycsb.DBWrapper.insert(DBWrapper.java:227)
	at site.ycsb.workloads.CoreWorkload.doInsert(CoreWorkload.java:621)
	at site.ycsb.ClientThread.run(ClientThread.java:135)
	at java.base/java.lang.Thread.run(Thread.java:829)
Caused by: jetbrains.exodus.ExodusException
	at jetbrains.exodus.newLogConcept.garbageCollector.OperationLogGarbageCollector.moveAndRemoveRecordsFromLog(OperationLogGarbageCollector.java:69)
	at jetbrains.exodus.newLogConcept.garbageCollector.OperationLogGarbageCollector.clean(OperationLogGarbageCollector.java:51)
	at jetbrains.exodus.newLogConcept.MVCC.MVCCDataStructure.lambda$commitTransaction$1(MVCCDataStructure.java:297)
	at java.base/java.util.concurrent.Executors$RunnableAdapter.call(Executors.java:515)
	at java.base/java.util.concurrent.FutureTask.run(FutureTask.java:264)
	at java.base/java.util.concurrent.ThreadPoolExecutor.runWorker(ThreadPoolExecutor.java:1128)
	at java.base/java.util.concurrent.ThreadPoolExecutor$Worker.run(ThreadPoolExecutor.java:628)
	... 1 more
java.util.concurrent.ExecutionException: jetbrains.exodus.ExodusException
	at java.base/java.util.concurrent.FutureTask.report(FutureTask.java:122)
	at java.base/java.util.concurrent.FutureTask.get(FutureTask.java:191)
	at jetbrains.exodus.newLogConcept.MVCC.MVCCDataStructure.commitTransaction(MVCCDataStructure.java:299)
	at site.ycsb.db.XodusClient.insert(XodusClient.java:60)
	at site.ycsb.DBWrapper.insert(DBWrapper.java:227)
	at site.ycsb.workloads.CoreWorkload.doInsert(CoreWorkload.java:621)
	at site.ycsb.ClientThread.run(ClientThread.java:135)
	at java.base/java.lang.Thread.run(Thread.java:829)
Caused by: jetbrains.exodus.ExodusException
	at jetbrains.exodus.newLogConcept.garbageCollector.OperationLogGarbageCollector.moveAndRemoveRecordsFromLog(OperationLogGarbageCollector.java:69)
	at jetbrains.exodus.newLogConcept.garbageCollector.OperationLogGarbageCollector.clean(OperationLogGarbageCollector.java:51)
	at jetbrains.exodus.newLogConcept.MVCC.MVCCDataStructure.lambda$commitTransaction$1(MVCCDataStructure.java:297)
	at java.base/java.util.concurrent.Executors$RunnableAdapter.call(Executors.java:515)
	at java.base/java.util.concurrent.FutureTask.run(FutureTask.java:264)
	at java.base/java.util.concurrent.ThreadPoolExecutor.runWorker(ThreadPoolExecutor.java:1128)
	at java.base/java.util.concurrent.ThreadPoolExecutor$Worker.run(ThreadPoolExecutor.java:628)
	... 1 more
java.util.concurrent.ExecutionException: jetbrains.exodus.ExodusException
	at java.base/java.util.concurrent.FutureTask.report(FutureTask.java:122)
	at java.base/java.util.concurrent.FutureTask.get(FutureTask.java:191)
	at jetbrains.exodus.newLogConcept.MVCC.MVCCDataStructure.commitTransaction(MVCCDataStructure.java:299)
	at site.ycsb.db.XodusClient.insert(XodusClient.java:60)
	at site.ycsb.DBWrapper.insert(DBWrapper.java:227)
	at site.ycsb.workloads.CoreWorkload.doInsert(CoreWorkload.java:621)
	at site.ycsb.ClientThread.run(ClientThread.java:135)
	at java.base/java.lang.Thread.run(Thread.java:829)
Caused by: jetbrains.exodus.ExodusException
	at jetbrains.exodus.newLogConcept.garbageCollector.OperationLogGarbageCollector.moveAndRemoveRecordsFromLog(OperationLogGarbageCollector.java:69)
	at jetbrains.exodus.newLogConcept.garbageCollector.OperationLogGarbageCollector.clean(OperationLogGarbageCollector.java:51)
	at jetbrains.exodus.newLogConcept.MVCC.MVCCDataStructure.lambda$commitTransaction$1(MVCCDataStructure.java:297)
	at java.base/java.util.concurrent.Executors$RunnableAdapter.call(Executors.java:515)
	at java.base/java.util.concurrent.FutureTask.run(FutureTask.java:264)
	at java.base/java.util.concurrent.ThreadPoolExecutor.runWorker(ThreadPoolExecutor.java:1128)
	at java.base/java.util.concurrent.ThreadPoolExecutor$Worker.run(ThreadPoolExecutor.java:628)
	... 1 more
java.util.concurrent.ExecutionException: jetbrains.exodus.ExodusException
	at java.base/java.util.concurrent.FutureTask.report(FutureTask.java:122)
	at java.base/java.util.concurrent.FutureTask.get(FutureTask.java:191)
	at jetbrains.exodus.newLogConcept.MVCC.MVCCDataStructure.commitTransaction(MVCCDataStructure.java:299)
	at site.ycsb.db.XodusClient.insert(XodusClient.java:60)
	at site.ycsb.DBWrapper.insert(DBWrapper.java:227)
	at site.ycsb.workloads.CoreWorkload.doInsert(CoreWorkload.java:621)
	at site.ycsb.ClientThread.run(ClientThread.java:135)
	at java.base/java.lang.Thread.run(Thread.java:829)
Caused by: jetbrains.exodus.ExodusException
	at jetbrains.exodus.newLogConcept.garbageCollector.OperationLogGarbageCollector.moveAndRemoveRecordsFromLog(OperationLogGarbageCollector.java:69)
	at jetbrains.exodus.newLogConcept.garbageCollector.OperationLogGarbageCollector.clean(OperationLogGarbageCollector.java:51)
	at jetbrains.exodus.newLogConcept.MVCC.MVCCDataStructure.lambda$commitTransaction$1(MVCCDataStructure.java:297)
	at java.base/java.util.concurrent.Executors$RunnableAdapter.call(Executors.java:515)
	at java.base/java.util.concurrent.FutureTask.run(FutureTask.java:264)
	at java.base/java.util.concurrent.ThreadPoolExecutor.runWorker(ThreadPoolExecutor.java:1128)
	at java.base/java.util.concurrent.ThreadPoolExecutor$Worker.run(ThreadPoolExecutor.java:628)
	... 1 more
java.util.concurrent.ExecutionException: jetbrains.exodus.ExodusException
	at java.base/java.util.concurrent.FutureTask.report(FutureTask.java:122)
	at java.base/java.util.concurrent.FutureTask.get(FutureTask.java:191)
	at jetbrains.exodus.newLogConcept.MVCC.MVCCDataStructure.commitTransaction(MVCCDataStructure.java:299)
	at site.ycsb.db.XodusClient.insert(XodusClient.java:60)
	at site.ycsb.DBWrapper.insert(DBWrapper.java:227)
	at site.ycsb.workloads.CoreWorkload.doInsert(CoreWorkload.java:621)
	at site.ycsb.ClientThread.run(ClientThread.java:135)
	at java.base/java.lang.Thread.run(Thread.java:829)
Caused by: jetbrains.exodus.ExodusException
	at jetbrains.exodus.newLogConcept.garbageCollector.OperationLogGarbageCollector.moveAndRemoveRecordsFromLog(OperationLogGarbageCollector.java:69)
	at jetbrains.exodus.newLogConcept.garbageCollector.OperationLogGarbageCollector.clean(OperationLogGarbageCollector.java:51)
	at jetbrains.exodus.newLogConcept.MVCC.MVCCDataStructure.lambda$commitTransaction$1(MVCCDataStructure.java:297)
	at java.base/java.util.concurrent.Executors$RunnableAdapter.call(Executors.java:515)
	at java.base/java.util.concurrent.FutureTask.run(FutureTask.java:264)
	at java.base/java.util.concurrent.ThreadPoolExecutor.runWorker(ThreadPoolExecutor.java:1128)
	at java.base/java.util.concurrent.ThreadPoolExecutor$Worker.run(ThreadPoolExecutor.java:628)
	... 1 more
java.util.concurrent.ExecutionException: jetbrains.exodus.ExodusException
	at java.base/java.util.concurrent.FutureTask.report(FutureTask.java:122)
	at java.base/java.util.concurrent.FutureTask.get(FutureTask.java:191)
	at jetbrains.exodus.newLogConcept.MVCC.MVCCDataStructure.commitTransaction(MVCCDataStructure.java:299)
	at site.ycsb.db.XodusClient.insert(XodusClient.java:60)
	at site.ycsb.DBWrapper.insert(DBWrapper.java:227)
	at site.ycsb.workloads.CoreWorkload.doInsert(CoreWorkload.java:621)
	at site.ycsb.ClientThread.run(ClientThread.java:135)
	at java.base/java.lang.Thread.run(Thread.java:829)
Caused by: jetbrains.exodus.ExodusException
	at jetbrains.exodus.newLogConcept.garbageCollector.OperationLogGarbageCollector.moveAndRemoveRecordsFromLog(OperationLogGarbageCollector.java:69)
	at jetbrains.exodus.newLogConcept.garbageCollector.OperationLogGarbageCollector.clean(OperationLogGarbageCollector.java:51)
	at jetbrains.exodus.newLogConcept.MVCC.MVCCDataStructure.lambda$commitTransaction$1(MVCCDataStructure.java:297)
	at java.base/java.util.concurrent.Executors$RunnableAdapter.call(Executors.java:515)
	at java.base/java.util.concurrent.FutureTask.run(FutureTask.java:264)
	at java.base/java.util.concurrent.ThreadPoolExecutor.runWorker(ThreadPoolExecutor.java:1128)
	at java.base/java.util.concurrent.ThreadPoolExecutor$Worker.run(ThreadPoolExecutor.java:628)
	... 1 more
java.util.concurrent.ExecutionException: jetbrains.exodus.ExodusException
	at java.base/java.util.concurrent.FutureTask.report(FutureTask.java:122)
	at java.base/java.util.concurrent.FutureTask.get(FutureTask.java:191)
	at jetbrains.exodus.newLogConcept.MVCC.MVCCDataStructure.commitTransaction(MVCCDataStructure.java:299)
	at site.ycsb.db.XodusClient.insert(XodusClient.java:60)
	at site.ycsb.DBWrapper.insert(DBWrapper.java:227)
	at site.ycsb.workloads.CoreWorkload.doInsert(CoreWorkload.java:621)
	at site.ycsb.ClientThread.run(ClientThread.java:135)
	at java.base/java.lang.Thread.run(Thread.java:829)
Caused by: jetbrains.exodus.ExodusException
	at jetbrains.exodus.newLogConcept.garbageCollector.OperationLogGarbageCollector.moveAndRemoveRecordsFromLog(OperationLogGarbageCollector.java:69)
	at jetbrains.exodus.newLogConcept.garbageCollector.OperationLogGarbageCollector.clean(OperationLogGarbageCollector.java:51)
	at jetbrains.exodus.newLogConcept.MVCC.MVCCDataStructure.lambda$commitTransaction$1(MVCCDataStructure.java:297)
	at java.base/java.util.concurrent.Executors$RunnableAdapter.call(Executors.java:515)
	at java.base/java.util.concurrent.FutureTask.run(FutureTask.java:264)
	at java.base/java.util.concurrent.ThreadPoolExecutor.runWorker(ThreadPoolExecutor.java:1128)
	at java.base/java.util.concurrent.ThreadPoolExecutor$Worker.run(ThreadPoolExecutor.java:628)
	... 1 more
java.util.concurrent.ExecutionException: jetbrains.exodus.ExodusException
	at java.base/java.util.concurrent.FutureTask.report(FutureTask.java:122)
	at java.base/java.util.concurrent.FutureTask.get(FutureTask.java:191)
	at jetbrains.exodus.newLogConcept.MVCC.MVCCDataStructure.commitTransaction(MVCCDataStructure.java:299)
	at site.ycsb.db.XodusClient.insert(XodusClient.java:60)
	at site.ycsb.DBWrapper.insert(DBWrapper.java:227)
	at site.ycsb.workloads.CoreWorkload.doInsert(CoreWorkload.java:621)
	at site.ycsb.ClientThread.run(ClientThread.java:135)
	at java.base/java.lang.Thread.run(Thread.java:829)
Caused by: jetbrains.exodus.ExodusException
	at jetbrains.exodus.newLogConcept.garbageCollector.OperationLogGarbageCollector.moveAndRemoveRecordsFromLog(OperationLogGarbageCollector.java:69)
	at jetbrains.exodus.newLogConcept.garbageCollector.OperationLogGarbageCollector.clean(OperationLogGarbageCollector.java:51)
	at jetbrains.exodus.newLogConcept.MVCC.MVCCDataStructure.lambda$commitTransaction$1(MVCCDataStructure.java:297)
	at java.base/java.util.concurrent.Executors$RunnableAdapter.call(Executors.java:515)
	at java.base/java.util.concurrent.FutureTask.run(FutureTask.java:264)
	at java.base/java.util.concurrent.ThreadPoolExecutor.runWorker(ThreadPoolExecutor.java:1128)
	at java.base/java.util.concurrent.ThreadPoolExecutor$Worker.run(ThreadPoolExecutor.java:628)
	... 1 more
java.util.concurrent.ExecutionException: jetbrains.exodus.ExodusException
	at java.base/java.util.concurrent.FutureTask.report(FutureTask.java:122)
	at java.base/java.util.concurrent.FutureTask.get(FutureTask.java:191)
	at jetbrains.exodus.newLogConcept.MVCC.MVCCDataStructure.commitTransaction(MVCCDataStructure.java:299)
	at site.ycsb.db.XodusClient.insert(XodusClient.java:60)
	at site.ycsb.DBWrapper.insert(DBWrapper.java:227)
	at site.ycsb.workloads.CoreWorkload.doInsert(CoreWorkload.java:621)
	at site.ycsb.ClientThread.run(ClientThread.java:135)
	at java.base/java.lang.Thread.run(Thread.java:829)
Caused by: jetbrains.exodus.ExodusException
	at jetbrains.exodus.newLogConcept.garbageCollector.OperationLogGarbageCollector.moveAndRemoveRecordsFromLog(OperationLogGarbageCollector.java:69)
	at jetbrains.exodus.newLogConcept.garbageCollector.OperationLogGarbageCollector.clean(OperationLogGarbageCollector.java:51)
	at jetbrains.exodus.newLogConcept.MVCC.MVCCDataStructure.lambda$commitTransaction$1(MVCCDataStructure.java:297)
	at java.base/java.util.concurrent.Executors$RunnableAdapter.call(Executors.java:515)
	at java.base/java.util.concurrent.FutureTask.run(FutureTask.java:264)
	at java.base/java.util.concurrent.ThreadPoolExecutor.runWorker(ThreadPoolExecutor.java:1128)
	at java.base/java.util.concurrent.ThreadPoolExecutor$Worker.run(ThreadPoolExecutor.java:628)
	... 1 more
java.util.concurrent.ExecutionException: jetbrains.exodus.ExodusException
	at java.base/java.util.concurrent.FutureTask.report(FutureTask.java:122)
	at java.base/java.util.concurrent.FutureTask.get(FutureTask.java:191)
	at jetbrains.exodus.newLogConcept.MVCC.MVCCDataStructure.commitTransaction(MVCCDataStructure.java:299)
	at site.ycsb.db.XodusClient.insert(XodusClient.java:60)
	at site.ycsb.DBWrapper.insert(DBWrapper.java:227)
	at site.ycsb.workloads.CoreWorkload.doInsert(CoreWorkload.java:621)
	at site.ycsb.ClientThread.run(ClientThread.java:135)
	at java.base/java.lang.Thread.run(Thread.java:829)
Caused by: jetbrains.exodus.ExodusException
	at jetbrains.exodus.newLogConcept.garbageCollector.OperationLogGarbageCollector.moveAndRemoveRecordsFromLog(OperationLogGarbageCollector.java:69)
	at jetbrains.exodus.newLogConcept.garbageCollector.OperationLogGarbageCollector.clean(OperationLogGarbageCollector.java:51)
	at jetbrains.exodus.newLogConcept.MVCC.MVCCDataStructure.lambda$commitTransaction$1(MVCCDataStructure.java:297)
	at java.base/java.util.concurrent.Executors$RunnableAdapter.call(Executors.java:515)
	at java.base/java.util.concurrent.FutureTask.run(FutureTask.java:264)
	at java.base/java.util.concurrent.ThreadPoolExecutor.runWorker(ThreadPoolExecutor.java:1128)
	at java.base/java.util.concurrent.ThreadPoolExecutor$Worker.run(ThreadPoolExecutor.java:628)
	... 1 more
java.util.concurrent.ExecutionException: jetbrains.exodus.ExodusException
	at java.base/java.util.concurrent.FutureTask.report(FutureTask.java:122)
	at java.base/java.util.concurrent.FutureTask.get(FutureTask.java:191)
	at jetbrains.exodus.newLogConcept.MVCC.MVCCDataStructure.commitTransaction(MVCCDataStructure.java:299)
	at site.ycsb.db.XodusClient.insert(XodusClient.java:60)
	at site.ycsb.DBWrapper.insert(DBWrapper.java:227)
	at site.ycsb.workloads.CoreWorkload.doInsert(CoreWorkload.java:621)
	at site.ycsb.ClientThread.run(ClientThread.java:135)
	at java.base/java.lang.Thread.run(Thread.java:829)
Caused by: jetbrains.exodus.ExodusException
	at jetbrains.exodus.newLogConcept.garbageCollector.OperationLogGarbageCollector.moveAndRemoveRecordsFromLog(OperationLogGarbageCollector.java:69)
	at jetbrains.exodus.newLogConcept.garbageCollector.OperationLogGarbageCollector.clean(OperationLogGarbageCollector.java:51)
	at jetbrains.exodus.newLogConcept.MVCC.MVCCDataStructure.lambda$commitTransaction$1(MVCCDataStructure.java:297)
	at java.base/java.util.concurrent.Executors$RunnableAdapter.call(Executors.java:515)
	at java.base/java.util.concurrent.FutureTask.run(FutureTask.java:264)
	at java.base/java.util.concurrent.ThreadPoolExecutor.runWorker(ThreadPoolExecutor.java:1128)
	at java.base/java.util.concurrent.ThreadPoolExecutor$Worker.run(ThreadPoolExecutor.java:628)
	... 1 more
java.util.concurrent.ExecutionException: jetbrains.exodus.ExodusException
	at java.base/java.util.concurrent.FutureTask.report(FutureTask.java:122)
	at java.base/java.util.concurrent.FutureTask.get(FutureTask.java:191)
	at jetbrains.exodus.newLogConcept.MVCC.MVCCDataStructure.commitTransaction(MVCCDataStructure.java:299)
	at site.ycsb.db.XodusClient.insert(XodusClient.java:60)
	at site.ycsb.DBWrapper.insert(DBWrapper.java:227)
	at site.ycsb.workloads.CoreWorkload.doInsert(CoreWorkload.java:621)
	at site.ycsb.ClientThread.run(ClientThread.java:135)
	at java.base/java.lang.Thread.run(Thread.java:829)
Caused by: jetbrains.exodus.ExodusException
	at jetbrains.exodus.newLogConcept.garbageCollector.OperationLogGarbageCollector.moveAndRemoveRecordsFromLog(OperationLogGarbageCollector.java:69)
	at jetbrains.exodus.newLogConcept.garbageCollector.OperationLogGarbageCollector.clean(OperationLogGarbageCollector.java:51)
	at jetbrains.exodus.newLogConcept.MVCC.MVCCDataStructure.lambda$commitTransaction$1(MVCCDataStructure.java:297)
	at java.base/java.util.concurrent.Executors$RunnableAdapter.call(Executors.java:515)
	at java.base/java.util.concurrent.FutureTask.run(FutureTask.java:264)
	at java.base/java.util.concurrent.ThreadPoolExecutor.runWorker(ThreadPoolExecutor.java:1128)
	at java.base/java.util.concurrent.ThreadPoolExecutor$Worker.run(ThreadPoolExecutor.java:628)
	... 1 more
java.util.concurrent.ExecutionException: jetbrains.exodus.ExodusException
	at java.base/java.util.concurrent.FutureTask.report(FutureTask.java:122)
	at java.base/java.util.concurrent.FutureTask.get(FutureTask.java:191)
	at jetbrains.exodus.newLogConcept.MVCC.MVCCDataStructure.commitTransaction(MVCCDataStructure.java:299)
	at site.ycsb.db.XodusClient.insert(XodusClient.java:60)
	at site.ycsb.DBWrapper.insert(DBWrapper.java:227)
	at site.ycsb.workloads.CoreWorkload.doInsert(CoreWorkload.java:621)
	at site.ycsb.ClientThread.run(ClientThread.java:135)
	at java.base/java.lang.Thread.run(Thread.java:829)
Caused by: jetbrains.exodus.ExodusException
	at jetbrains.exodus.newLogConcept.garbageCollector.OperationLogGarbageCollector.moveAndRemoveRecordsFromLog(OperationLogGarbageCollector.java:69)
	at jetbrains.exodus.newLogConcept.garbageCollector.OperationLogGarbageCollector.clean(OperationLogGarbageCollector.java:51)
	at jetbrains.exodus.newLogConcept.MVCC.MVCCDataStructure.lambda$commitTransaction$1(MVCCDataStructure.java:297)
	at java.base/java.util.concurrent.Executors$RunnableAdapter.call(Executors.java:515)
	at java.base/java.util.concurrent.FutureTask.run(FutureTask.java:264)
	at java.base/java.util.concurrent.ThreadPoolExecutor.runWorker(ThreadPoolExecutor.java:1128)
	at java.base/java.util.concurrent.ThreadPoolExecutor$Worker.run(ThreadPoolExecutor.java:628)
	... 1 more
java.util.concurrent.ExecutionException: jetbrains.exodus.ExodusException
	at java.base/java.util.concurrent.FutureTask.report(FutureTask.java:122)
	at java.base/java.util.concurrent.FutureTask.get(FutureTask.java:191)
	at jetbrains.exodus.newLogConcept.MVCC.MVCCDataStructure.commitTransaction(MVCCDataStructure.java:299)
	at site.ycsb.db.XodusClient.insert(XodusClient.java:60)
	at site.ycsb.DBWrapper.insert(DBWrapper.java:227)
	at site.ycsb.workloads.CoreWorkload.doInsert(CoreWorkload.java:621)
	at site.ycsb.ClientThread.run(ClientThread.java:135)
	at java.base/java.lang.Thread.run(Thread.java:829)
Caused by: jetbrains.exodus.ExodusException
	at jetbrains.exodus.newLogConcept.garbageCollector.OperationLogGarbageCollector.moveAndRemoveRecordsFromLog(OperationLogGarbageCollector.java:69)
	at jetbrains.exodus.newLogConcept.garbageCollector.OperationLogGarbageCollector.clean(OperationLogGarbageCollector.java:51)
	at jetbrains.exodus.newLogConcept.MVCC.MVCCDataStructure.lambda$commitTransaction$1(MVCCDataStructure.java:297)
	at java.base/java.util.concurrent.Executors$RunnableAdapter.call(Executors.java:515)
	at java.base/java.util.concurrent.FutureTask.run(FutureTask.java:264)
	at java.base/java.util.concurrent.ThreadPoolExecutor.runWorker(ThreadPoolExecutor.java:1128)
	at java.base/java.util.concurrent.ThreadPoolExecutor$Worker.run(ThreadPoolExecutor.java:628)
	... 1 more
java.util.concurrent.ExecutionException: jetbrains.exodus.ExodusException
	at java.base/java.util.concurrent.FutureTask.report(FutureTask.java:122)
	at java.base/java.util.concurrent.FutureTask.get(FutureTask.java:191)
	at jetbrains.exodus.newLogConcept.MVCC.MVCCDataStructure.commitTransaction(MVCCDataStructure.java:299)
	at site.ycsb.db.XodusClient.insert(XodusClient.java:60)
	at site.ycsb.DBWrapper.insert(DBWrapper.java:227)
	at site.ycsb.workloads.CoreWorkload.doInsert(CoreWorkload.java:621)
	at site.ycsb.ClientThread.run(ClientThread.java:135)
	at java.base/java.lang.Thread.run(Thread.java:829)
Caused by: jetbrains.exodus.ExodusException
	at jetbrains.exodus.newLogConcept.garbageCollector.OperationLogGarbageCollector.moveAndRemoveRecordsFromLog(OperationLogGarbageCollector.java:69)
	at jetbrains.exodus.newLogConcept.garbageCollector.OperationLogGarbageCollector.clean(OperationLogGarbageCollector.java:51)
	at jetbrains.exodus.newLogConcept.MVCC.MVCCDataStructure.lambda$commitTransaction$1(MVCCDataStructure.java:297)
	at java.base/java.util.concurrent.Executors$RunnableAdapter.call(Executors.java:515)
	at java.base/java.util.concurrent.FutureTask.run(FutureTask.java:264)
	at java.base/java.util.concurrent.ThreadPoolExecutor.runWorker(ThreadPoolExecutor.java:1128)
	at java.base/java.util.concurrent.ThreadPoolExecutor$Worker.run(ThreadPoolExecutor.java:628)
	... 1 more
java.util.concurrent.ExecutionException: jetbrains.exodus.ExodusException
	at java.base/java.util.concurrent.FutureTask.report(FutureTask.java:122)
	at java.base/java.util.concurrent.FutureTask.get(FutureTask.java:191)
	at jetbrains.exodus.newLogConcept.MVCC.MVCCDataStructure.commitTransaction(MVCCDataStructure.java:299)
	at site.ycsb.db.XodusClient.insert(XodusClient.java:60)
	at site.ycsb.DBWrapper.insert(DBWrapper.java:227)
	at site.ycsb.workloads.CoreWorkload.doInsert(CoreWorkload.java:621)
	at site.ycsb.ClientThread.run(ClientThread.java:135)
	at java.base/java.lang.Thread.run(Thread.java:829)
Caused by: jetbrains.exodus.ExodusException
	at jetbrains.exodus.newLogConcept.garbageCollector.OperationLogGarbageCollector.moveAndRemoveRecordsFromLog(OperationLogGarbageCollector.java:69)
	at jetbrains.exodus.newLogConcept.garbageCollector.OperationLogGarbageCollector.clean(OperationLogGarbageCollector.java:51)
	at jetbrains.exodus.newLogConcept.MVCC.MVCCDataStructure.lambda$commitTransaction$1(MVCCDataStructure.java:297)
	at java.base/java.util.concurrent.Executors$RunnableAdapter.call(Executors.java:515)
	at java.base/java.util.concurrent.FutureTask.run(FutureTask.java:264)
	at java.base/java.util.concurrent.ThreadPoolExecutor.runWorker(ThreadPoolExecutor.java:1128)
	at java.base/java.util.concurrent.ThreadPoolExecutor$Worker.run(ThreadPoolExecutor.java:628)
	... 1 more
java.util.concurrent.ExecutionException: jetbrains.exodus.ExodusException
	at java.base/java.util.concurrent.FutureTask.report(FutureTask.java:122)
	at java.base/java.util.concurrent.FutureTask.get(FutureTask.java:191)
	at jetbrains.exodus.newLogConcept.MVCC.MVCCDataStructure.commitTransaction(MVCCDataStructure.java:299)
	at site.ycsb.db.XodusClient.insert(XodusClient.java:60)
	at site.ycsb.DBWrapper.insert(DBWrapper.java:227)
	at site.ycsb.workloads.CoreWorkload.doInsert(CoreWorkload.java:621)
	at site.ycsb.ClientThread.run(ClientThread.java:135)
	at java.base/java.lang.Thread.run(Thread.java:829)
Caused by: jetbrains.exodus.ExodusException
	at jetbrains.exodus.newLogConcept.garbageCollector.OperationLogGarbageCollector.moveAndRemoveRecordsFromLog(OperationLogGarbageCollector.java:69)
	at jetbrains.exodus.newLogConcept.garbageCollector.OperationLogGarbageCollector.clean(OperationLogGarbageCollector.java:51)
	at jetbrains.exodus.newLogConcept.MVCC.MVCCDataStructure.lambda$commitTransaction$1(MVCCDataStructure.java:297)
	at java.base/java.util.concurrent.Executors$RunnableAdapter.call(Executors.java:515)
	at java.base/java.util.concurrent.FutureTask.run(FutureTask.java:264)
	at java.base/java.util.concurrent.ThreadPoolExecutor.runWorker(ThreadPoolExecutor.java:1128)
	at java.base/java.util.concurrent.ThreadPoolExecutor$Worker.run(ThreadPoolExecutor.java:628)
	... 1 more
java.util.concurrent.ExecutionException: jetbrains.exodus.ExodusException
	at java.base/java.util.concurrent.FutureTask.report(FutureTask.java:122)
	at java.base/java.util.concurrent.FutureTask.get(FutureTask.java:191)
	at jetbrains.exodus.newLogConcept.MVCC.MVCCDataStructure.commitTransaction(MVCCDataStructure.java:299)
	at site.ycsb.db.XodusClient.insert(XodusClient.java:60)
	at site.ycsb.DBWrapper.insert(DBWrapper.java:227)
	at site.ycsb.workloads.CoreWorkload.doInsert(CoreWorkload.java:621)
	at site.ycsb.ClientThread.run(ClientThread.java:135)
	at java.base/java.lang.Thread.run(Thread.java:829)
Caused by: jetbrains.exodus.ExodusException
	at jetbrains.exodus.newLogConcept.garbageCollector.OperationLogGarbageCollector.moveAndRemoveRecordsFromLog(OperationLogGarbageCollector.java:69)
	at jetbrains.exodus.newLogConcept.garbageCollector.OperationLogGarbageCollector.clean(OperationLogGarbageCollector.java:51)
	at jetbrains.exodus.newLogConcept.MVCC.MVCCDataStructure.lambda$commitTransaction$1(MVCCDataStructure.java:297)
	at java.base/java.util.concurrent.Executors$RunnableAdapter.call(Executors.java:515)
	at java.base/java.util.concurrent.FutureTask.run(FutureTask.java:264)
	at java.base/java.util.concurrent.ThreadPoolExecutor.runWorker(ThreadPoolExecutor.java:1128)
	at java.base/java.util.concurrent.ThreadPoolExecutor$Worker.run(ThreadPoolExecutor.java:628)
	... 1 more
java.util.concurrent.ExecutionException: jetbrains.exodus.ExodusException
	at java.base/java.util.concurrent.FutureTask.report(FutureTask.java:122)
	at java.base/java.util.concurrent.FutureTask.get(FutureTask.java:191)
	at jetbrains.exodus.newLogConcept.MVCC.MVCCDataStructure.commitTransaction(MVCCDataStructure.java:299)
	at site.ycsb.db.XodusClient.insert(XodusClient.java:60)
	at site.ycsb.DBWrapper.insert(DBWrapper.java:227)
	at site.ycsb.workloads.CoreWorkload.doInsert(CoreWorkload.java:621)
	at site.ycsb.ClientThread.run(ClientThread.java:135)
	at java.base/java.lang.Thread.run(Thread.java:829)
Caused by: jetbrains.exodus.ExodusException
	at jetbrains.exodus.newLogConcept.garbageCollector.OperationLogGarbageCollector.moveAndRemoveRecordsFromLog(OperationLogGarbageCollector.java:69)
	at jetbrains.exodus.newLogConcept.garbageCollector.OperationLogGarbageCollector.clean(OperationLogGarbageCollector.java:51)
	at jetbrains.exodus.newLogConcept.MVCC.MVCCDataStructure.lambda$commitTransaction$1(MVCCDataStructure.java:297)
	at java.base/java.util.concurrent.Executors$RunnableAdapter.call(Executors.java:515)
	at java.base/java.util.concurrent.FutureTask.run(FutureTask.java:264)
	at java.base/java.util.concurrent.ThreadPoolExecutor.runWorker(ThreadPoolExecutor.java:1128)
	at java.base/java.util.concurrent.ThreadPoolExecutor$Worker.run(ThreadPoolExecutor.java:628)
	... 1 more
java.util.concurrent.ExecutionException: jetbrains.exodus.ExodusException
	at java.base/java.util.concurrent.FutureTask.report(FutureTask.java:122)
	at java.base/java.util.concurrent.FutureTask.get(FutureTask.java:191)
	at jetbrains.exodus.newLogConcept.MVCC.MVCCDataStructure.commitTransaction(MVCCDataStructure.java:299)
	at site.ycsb.db.XodusClient.insert(XodusClient.java:60)
	at site.ycsb.DBWrapper.insert(DBWrapper.java:227)
	at site.ycsb.workloads.CoreWorkload.doInsert(CoreWorkload.java:621)
	at site.ycsb.ClientThread.run(ClientThread.java:135)
	at java.base/java.lang.Thread.run(Thread.java:829)
Caused by: jetbrains.exodus.ExodusException
	at jetbrains.exodus.newLogConcept.garbageCollector.OperationLogGarbageCollector.moveAndRemoveRecordsFromLog(OperationLogGarbageCollector.java:69)
	at jetbrains.exodus.newLogConcept.garbageCollector.OperationLogGarbageCollector.clean(OperationLogGarbageCollector.java:51)
	at jetbrains.exodus.newLogConcept.MVCC.MVCCDataStructure.lambda$commitTransaction$1(MVCCDataStructure.java:297)
	at java.base/java.util.concurrent.Executors$RunnableAdapter.call(Executors.java:515)
	at java.base/java.util.concurrent.FutureTask.run(FutureTask.java:264)
	at java.base/java.util.concurrent.ThreadPoolExecutor.runWorker(ThreadPoolExecutor.java:1128)
	at java.base/java.util.concurrent.ThreadPoolExecutor$Worker.run(ThreadPoolExecutor.java:628)
	... 1 more
java.util.concurrent.ExecutionException: jetbrains.exodus.ExodusException
	at java.base/java.util.concurrent.FutureTask.report(FutureTask.java:122)
	at java.base/java.util.concurrent.FutureTask.get(FutureTask.java:191)
	at jetbrains.exodus.newLogConcept.MVCC.MVCCDataStructure.commitTransaction(MVCCDataStructure.java:299)
	at site.ycsb.db.XodusClient.insert(XodusClient.java:60)
	at site.ycsb.DBWrapper.insert(DBWrapper.java:227)
	at site.ycsb.workloads.CoreWorkload.doInsert(CoreWorkload.java:621)
	at site.ycsb.ClientThread.run(ClientThread.java:135)
	at java.base/java.lang.Thread.run(Thread.java:829)
Caused by: jetbrains.exodus.ExodusException
	at jetbrains.exodus.newLogConcept.garbageCollector.OperationLogGarbageCollector.moveAndRemoveRecordsFromLog(OperationLogGarbageCollector.java:69)
	at jetbrains.exodus.newLogConcept.garbageCollector.OperationLogGarbageCollector.clean(OperationLogGarbageCollector.java:51)
	at jetbrains.exodus.newLogConcept.MVCC.MVCCDataStructure.lambda$commitTransaction$1(MVCCDataStructure.java:297)
	at java.base/java.util.concurrent.Executors$RunnableAdapter.call(Executors.java:515)
	at java.base/java.util.concurrent.FutureTask.run(FutureTask.java:264)
	at java.base/java.util.concurrent.ThreadPoolExecutor.runWorker(ThreadPoolExecutor.java:1128)
	at java.base/java.util.concurrent.ThreadPoolExecutor$Worker.run(ThreadPoolExecutor.java:628)
	... 1 more
java.util.concurrent.ExecutionException: jetbrains.exodus.ExodusException
	at java.base/java.util.concurrent.FutureTask.report(FutureTask.java:122)
	at java.base/java.util.concurrent.FutureTask.get(FutureTask.java:191)
	at jetbrains.exodus.newLogConcept.MVCC.MVCCDataStructure.commitTransaction(MVCCDataStructure.java:299)
	at site.ycsb.db.XodusClient.insert(XodusClient.java:60)
	at site.ycsb.DBWrapper.insert(DBWrapper.java:227)
	at site.ycsb.workloads.CoreWorkload.doInsert(CoreWorkload.java:621)
	at site.ycsb.ClientThread.run(ClientThread.java:135)
	at java.base/java.lang.Thread.run(Thread.java:829)
Caused by: jetbrains.exodus.ExodusException
	at jetbrains.exodus.newLogConcept.garbageCollector.OperationLogGarbageCollector.moveAndRemoveRecordsFromLog(OperationLogGarbageCollector.java:69)
	at jetbrains.exodus.newLogConcept.garbageCollector.OperationLogGarbageCollector.clean(OperationLogGarbageCollector.java:51)
	at jetbrains.exodus.newLogConcept.MVCC.MVCCDataStructure.lambda$commitTransaction$1(MVCCDataStructure.java:297)
	at java.base/java.util.concurrent.Executors$RunnableAdapter.call(Executors.java:515)
	at java.base/java.util.concurrent.FutureTask.run(FutureTask.java:264)
	at java.base/java.util.concurrent.ThreadPoolExecutor.runWorker(ThreadPoolExecutor.java:1128)
	at java.base/java.util.concurrent.ThreadPoolExecutor$Worker.run(ThreadPoolExecutor.java:628)
	... 1 more
java.util.concurrent.ExecutionException: jetbrains.exodus.ExodusException
	at java.base/java.util.concurrent.FutureTask.report(FutureTask.java:122)
	at java.base/java.util.concurrent.FutureTask.get(FutureTask.java:191)
	at jetbrains.exodus.newLogConcept.MVCC.MVCCDataStructure.commitTransaction(MVCCDataStructure.java:299)
	at site.ycsb.db.XodusClient.insert(XodusClient.java:60)
	at site.ycsb.DBWrapper.insert(DBWrapper.java:227)
	at site.ycsb.workloads.CoreWorkload.doInsert(CoreWorkload.java:621)
	at site.ycsb.ClientThread.run(ClientThread.java:135)
	at java.base/java.lang.Thread.run(Thread.java:829)
Caused by: jetbrains.exodus.ExodusException
	at jetbrains.exodus.newLogConcept.garbageCollector.OperationLogGarbageCollector.moveAndRemoveRecordsFromLog(OperationLogGarbageCollector.java:69)
	at jetbrains.exodus.newLogConcept.garbageCollector.OperationLogGarbageCollector.clean(OperationLogGarbageCollector.java:51)
	at jetbrains.exodus.newLogConcept.MVCC.MVCCDataStructure.lambda$commitTransaction$1(MVCCDataStructure.java:297)
	at java.base/java.util.concurrent.Executors$RunnableAdapter.call(Executors.java:515)
	at java.base/java.util.concurrent.FutureTask.run(FutureTask.java:264)
	at java.base/java.util.concurrent.ThreadPoolExecutor.runWorker(ThreadPoolExecutor.java:1128)
	at java.base/java.util.concurrent.ThreadPoolExecutor$Worker.run(ThreadPoolExecutor.java:628)
	... 1 more
java.util.concurrent.ExecutionException: jetbrains.exodus.ExodusException
	at java.base/java.util.concurrent.FutureTask.report(FutureTask.java:122)
	at java.base/java.util.concurrent.FutureTask.get(FutureTask.java:191)
	at jetbrains.exodus.newLogConcept.MVCC.MVCCDataStructure.commitTransaction(MVCCDataStructure.java:299)
	at site.ycsb.db.XodusClient.insert(XodusClient.java:60)
	at site.ycsb.DBWrapper.insert(DBWrapper.java:227)
	at site.ycsb.workloads.CoreWorkload.doInsert(CoreWorkload.java:621)
	at site.ycsb.ClientThread.run(ClientThread.java:135)
	at java.base/java.lang.Thread.run(Thread.java:829)
Caused by: jetbrains.exodus.ExodusException
	at jetbrains.exodus.newLogConcept.garbageCollector.OperationLogGarbageCollector.moveAndRemoveRecordsFromLog(OperationLogGarbageCollector.java:69)
	at jetbrains.exodus.newLogConcept.garbageCollector.OperationLogGarbageCollector.clean(OperationLogGarbageCollector.java:51)
	at jetbrains.exodus.newLogConcept.MVCC.MVCCDataStructure.lambda$commitTransaction$1(MVCCDataStructure.java:297)
	at java.base/java.util.concurrent.Executors$RunnableAdapter.call(Executors.java:515)
	at java.base/java.util.concurrent.FutureTask.run(FutureTask.java:264)
	at java.base/java.util.concurrent.ThreadPoolExecutor.runWorker(ThreadPoolExecutor.java:1128)
	at java.base/java.util.concurrent.ThreadPoolExecutor$Worker.run(ThreadPoolExecutor.java:628)
	... 1 more
java.util.concurrent.ExecutionException: jetbrains.exodus.ExodusException
	at java.base/java.util.concurrent.FutureTask.report(FutureTask.java:122)
	at java.base/java.util.concurrent.FutureTask.get(FutureTask.java:191)
	at jetbrains.exodus.newLogConcept.MVCC.MVCCDataStructure.commitTransaction(MVCCDataStructure.java:299)
	at site.ycsb.db.XodusClient.insert(XodusClient.java:60)
	at site.ycsb.DBWrapper.insert(DBWrapper.java:227)
	at site.ycsb.workloads.CoreWorkload.doInsert(CoreWorkload.java:621)
	at site.ycsb.ClientThread.run(ClientThread.java:135)
	at java.base/java.lang.Thread.run(Thread.java:829)
Caused by: jetbrains.exodus.ExodusException
	at jetbrains.exodus.newLogConcept.garbageCollector.OperationLogGarbageCollector.moveAndRemoveRecordsFromLog(OperationLogGarbageCollector.java:69)
	at jetbrains.exodus.newLogConcept.garbageCollector.OperationLogGarbageCollector.clean(OperationLogGarbageCollector.java:51)
	at jetbrains.exodus.newLogConcept.MVCC.MVCCDataStructure.lambda$commitTransaction$1(MVCCDataStructure.java:297)
	at java.base/java.util.concurrent.Executors$RunnableAdapter.call(Executors.java:515)
	at java.base/java.util.concurrent.FutureTask.run(FutureTask.java:264)
	at java.base/java.util.concurrent.ThreadPoolExecutor.runWorker(ThreadPoolExecutor.java:1128)
	at java.base/java.util.concurrent.ThreadPoolExecutor$Worker.run(ThreadPoolExecutor.java:628)
	... 1 more
java.util.concurrent.ExecutionException: jetbrains.exodus.ExodusException
	at java.base/java.util.concurrent.FutureTask.report(FutureTask.java:122)
	at java.base/java.util.concurrent.FutureTask.get(FutureTask.java:191)
	at jetbrains.exodus.newLogConcept.MVCC.MVCCDataStructure.commitTransaction(MVCCDataStructure.java:299)
	at site.ycsb.db.XodusClient.insert(XodusClient.java:60)
	at site.ycsb.DBWrapper.insert(DBWrapper.java:227)
	at site.ycsb.workloads.CoreWorkload.doInsert(CoreWorkload.java:621)
	at site.ycsb.ClientThread.run(ClientThread.java:135)
	at java.base/java.lang.Thread.run(Thread.java:829)
Caused by: jetbrains.exodus.ExodusException
	at jetbrains.exodus.newLogConcept.garbageCollector.OperationLogGarbageCollector.moveAndRemoveRecordsFromLog(OperationLogGarbageCollector.java:69)
	at jetbrains.exodus.newLogConcept.garbageCollector.OperationLogGarbageCollector.clean(OperationLogGarbageCollector.java:51)
	at jetbrains.exodus.newLogConcept.MVCC.MVCCDataStructure.lambda$commitTransaction$1(MVCCDataStructure.java:297)
	at java.base/java.util.concurrent.Executors$RunnableAdapter.call(Executors.java:515)
	at java.base/java.util.concurrent.FutureTask.run(FutureTask.java:264)
	at java.base/java.util.concurrent.ThreadPoolExecutor.runWorker(ThreadPoolExecutor.java:1128)
	at java.base/java.util.concurrent.ThreadPoolExecutor$Worker.run(ThreadPoolExecutor.java:628)
	... 1 more
java.util.concurrent.ExecutionException: jetbrains.exodus.ExodusException
	at java.base/java.util.concurrent.FutureTask.report(FutureTask.java:122)
	at java.base/java.util.concurrent.FutureTask.get(FutureTask.java:191)
	at jetbrains.exodus.newLogConcept.MVCC.MVCCDataStructure.commitTransaction(MVCCDataStructure.java:299)
	at site.ycsb.db.XodusClient.insert(XodusClient.java:60)
	at site.ycsb.DBWrapper.insert(DBWrapper.java:227)
	at site.ycsb.workloads.CoreWorkload.doInsert(CoreWorkload.java:621)
	at site.ycsb.ClientThread.run(ClientThread.java:135)
	at java.base/java.lang.Thread.run(Thread.java:829)
Caused by: jetbrains.exodus.ExodusException
	at jetbrains.exodus.newLogConcept.garbageCollector.OperationLogGarbageCollector.moveAndRemoveRecordsFromLog(OperationLogGarbageCollector.java:69)
	at jetbrains.exodus.newLogConcept.garbageCollector.OperationLogGarbageCollector.clean(OperationLogGarbageCollector.java:51)
	at jetbrains.exodus.newLogConcept.MVCC.MVCCDataStructure.lambda$commitTransaction$1(MVCCDataStructure.java:297)
	at java.base/java.util.concurrent.Executors$RunnableAdapter.call(Executors.java:515)
	at java.base/java.util.concurrent.FutureTask.run(FutureTask.java:264)
	at java.base/java.util.concurrent.ThreadPoolExecutor.runWorker(ThreadPoolExecutor.java:1128)
	at java.base/java.util.concurrent.ThreadPoolExecutor$Worker.run(ThreadPoolExecutor.java:628)
	... 1 more
java.util.concurrent.ExecutionException: jetbrains.exodus.ExodusException
	at java.base/java.util.concurrent.FutureTask.report(FutureTask.java:122)
	at java.base/java.util.concurrent.FutureTask.get(FutureTask.java:191)
	at jetbrains.exodus.newLogConcept.MVCC.MVCCDataStructure.commitTransaction(MVCCDataStructure.java:299)
	at site.ycsb.db.XodusClient.insert(XodusClient.java:60)
	at site.ycsb.DBWrapper.insert(DBWrapper.java:227)
	at site.ycsb.workloads.CoreWorkload.doInsert(CoreWorkload.java:621)
	at site.ycsb.ClientThread.run(ClientThread.java:135)
	at java.base/java.lang.Thread.run(Thread.java:829)
Caused by: jetbrains.exodus.ExodusException
	at jetbrains.exodus.newLogConcept.garbageCollector.OperationLogGarbageCollector.moveAndRemoveRecordsFromLog(OperationLogGarbageCollector.java:69)
	at jetbrains.exodus.newLogConcept.garbageCollector.OperationLogGarbageCollector.clean(OperationLogGarbageCollector.java:51)
	at jetbrains.exodus.newLogConcept.MVCC.MVCCDataStructure.lambda$commitTransaction$1(MVCCDataStructure.java:297)
	at java.base/java.util.concurrent.Executors$RunnableAdapter.call(Executors.java:515)
	at java.base/java.util.concurrent.FutureTask.run(FutureTask.java:264)
	at java.base/java.util.concurrent.ThreadPoolExecutor.runWorker(ThreadPoolExecutor.java:1128)
	at java.base/java.util.concurrent.ThreadPoolExecutor$Worker.run(ThreadPoolExecutor.java:628)
	... 1 more
java.util.concurrent.ExecutionException: jetbrains.exodus.ExodusException
	at java.base/java.util.concurrent.FutureTask.report(FutureTask.java:122)
	at java.base/java.util.concurrent.FutureTask.get(FutureTask.java:191)
	at jetbrains.exodus.newLogConcept.MVCC.MVCCDataStructure.commitTransaction(MVCCDataStructure.java:299)
	at site.ycsb.db.XodusClient.insert(XodusClient.java:60)
	at site.ycsb.DBWrapper.insert(DBWrapper.java:227)
	at site.ycsb.workloads.CoreWorkload.doInsert(CoreWorkload.java:621)
	at site.ycsb.ClientThread.run(ClientThread.java:135)
	at java.base/java.lang.Thread.run(Thread.java:829)
Caused by: jetbrains.exodus.ExodusException
	at jetbrains.exodus.newLogConcept.garbageCollector.OperationLogGarbageCollector.moveAndRemoveRecordsFromLog(OperationLogGarbageCollector.java:69)
	at jetbrains.exodus.newLogConcept.garbageCollector.OperationLogGarbageCollector.clean(OperationLogGarbageCollector.java:51)
	at jetbrains.exodus.newLogConcept.MVCC.MVCCDataStructure.lambda$commitTransaction$1(MVCCDataStructure.java:297)
	at java.base/java.util.concurrent.Executors$RunnableAdapter.call(Executors.java:515)
	at java.base/java.util.concurrent.FutureTask.run(FutureTask.java:264)
	at java.base/java.util.concurrent.ThreadPoolExecutor.runWorker(ThreadPoolExecutor.java:1128)
	at java.base/java.util.concurrent.ThreadPoolExecutor$Worker.run(ThreadPoolExecutor.java:628)
	... 1 more
java.util.concurrent.ExecutionException: jetbrains.exodus.ExodusException
	at java.base/java.util.concurrent.FutureTask.report(FutureTask.java:122)
	at java.base/java.util.concurrent.FutureTask.get(FutureTask.java:191)
	at jetbrains.exodus.newLogConcept.MVCC.MVCCDataStructure.commitTransaction(MVCCDataStructure.java:299)
	at site.ycsb.db.XodusClient.insert(XodusClient.java:60)
	at site.ycsb.DBWrapper.insert(DBWrapper.java:227)
	at site.ycsb.workloads.CoreWorkload.doInsert(CoreWorkload.java:621)
	at site.ycsb.ClientThread.run(ClientThread.java:135)
	at java.base/java.lang.Thread.run(Thread.java:829)
Caused by: jetbrains.exodus.ExodusException
	at jetbrains.exodus.newLogConcept.garbageCollector.OperationLogGarbageCollector.moveAndRemoveRecordsFromLog(OperationLogGarbageCollector.java:69)
	at jetbrains.exodus.newLogConcept.garbageCollector.OperationLogGarbageCollector.clean(OperationLogGarbageCollector.java:51)
	at jetbrains.exodus.newLogConcept.MVCC.MVCCDataStructure.lambda$commitTransaction$1(MVCCDataStructure.java:297)
	at java.base/java.util.concurrent.Executors$RunnableAdapter.call(Executors.java:515)
	at java.base/java.util.concurrent.FutureTask.run(FutureTask.java:264)
	at java.base/java.util.concurrent.ThreadPoolExecutor.runWorker(ThreadPoolExecutor.java:1128)
	at java.base/java.util.concurrent.ThreadPoolExecutor$Worker.run(ThreadPoolExecutor.java:628)
	... 1 more
java.util.concurrent.ExecutionException: jetbrains.exodus.ExodusException
	at java.base/java.util.concurrent.FutureTask.report(FutureTask.java:122)
	at java.base/java.util.concurrent.FutureTask.get(FutureTask.java:191)
	at jetbrains.exodus.newLogConcept.MVCC.MVCCDataStructure.commitTransaction(MVCCDataStructure.java:299)
	at site.ycsb.db.XodusClient.insert(XodusClient.java:60)
	at site.ycsb.DBWrapper.insert(DBWrapper.java:227)
	at site.ycsb.workloads.CoreWorkload.doInsert(CoreWorkload.java:621)
	at site.ycsb.ClientThread.run(ClientThread.java:135)
	at java.base/java.lang.Thread.run(Thread.java:829)
Caused by: jetbrains.exodus.ExodusException
	at jetbrains.exodus.newLogConcept.garbageCollector.OperationLogGarbageCollector.moveAndRemoveRecordsFromLog(OperationLogGarbageCollector.java:69)
	at jetbrains.exodus.newLogConcept.garbageCollector.OperationLogGarbageCollector.clean(OperationLogGarbageCollector.java:51)
	at jetbrains.exodus.newLogConcept.MVCC.MVCCDataStructure.lambda$commitTransaction$1(MVCCDataStructure.java:297)
	at java.base/java.util.concurrent.Executors$RunnableAdapter.call(Executors.java:515)
	at java.base/java.util.concurrent.FutureTask.run(FutureTask.java:264)
	at java.base/java.util.concurrent.ThreadPoolExecutor.runWorker(ThreadPoolExecutor.java:1128)
	at java.base/java.util.concurrent.ThreadPoolExecutor$Worker.run(ThreadPoolExecutor.java:628)
	... 1 more
java.util.concurrent.ExecutionException: jetbrains.exodus.ExodusException
	at java.base/java.util.concurrent.FutureTask.report(FutureTask.java:122)
	at java.base/java.util.concurrent.FutureTask.get(FutureTask.java:191)
	at jetbrains.exodus.newLogConcept.MVCC.MVCCDataStructure.commitTransaction(MVCCDataStructure.java:299)
	at site.ycsb.db.XodusClient.insert(XodusClient.java:60)
	at site.ycsb.DBWrapper.insert(DBWrapper.java:227)
	at site.ycsb.workloads.CoreWorkload.doInsert(CoreWorkload.java:621)
	at site.ycsb.ClientThread.run(ClientThread.java:135)
	at java.base/java.lang.Thread.run(Thread.java:829)
Caused by: jetbrains.exodus.ExodusException
	at jetbrains.exodus.newLogConcept.garbageCollector.OperationLogGarbageCollector.moveAndRemoveRecordsFromLog(OperationLogGarbageCollector.java:69)
	at jetbrains.exodus.newLogConcept.garbageCollector.OperationLogGarbageCollector.clean(OperationLogGarbageCollector.java:51)
	at jetbrains.exodus.newLogConcept.MVCC.MVCCDataStructure.lambda$commitTransaction$1(MVCCDataStructure.java:297)
	at java.base/java.util.concurrent.Executors$RunnableAdapter.call(Executors.java:515)
	at java.base/java.util.concurrent.FutureTask.run(FutureTask.java:264)
	at java.base/java.util.concurrent.ThreadPoolExecutor.runWorker(ThreadPoolExecutor.java:1128)
	at java.base/java.util.concurrent.ThreadPoolExecutor$Worker.run(ThreadPoolExecutor.java:628)
	... 1 more
java.util.concurrent.ExecutionException: jetbrains.exodus.ExodusException
	at java.base/java.util.concurrent.FutureTask.report(FutureTask.java:122)
	at java.base/java.util.concurrent.FutureTask.get(FutureTask.java:191)
	at jetbrains.exodus.newLogConcept.MVCC.MVCCDataStructure.commitTransaction(MVCCDataStructure.java:299)
	at site.ycsb.db.XodusClient.insert(XodusClient.java:60)
	at site.ycsb.DBWrapper.insert(DBWrapper.java:227)
	at site.ycsb.workloads.CoreWorkload.doInsert(CoreWorkload.java:621)
	at site.ycsb.ClientThread.run(ClientThread.java:135)
	at java.base/java.lang.Thread.run(Thread.java:829)
Caused by: jetbrains.exodus.ExodusException
	at jetbrains.exodus.newLogConcept.garbageCollector.OperationLogGarbageCollector.moveAndRemoveRecordsFromLog(OperationLogGarbageCollector.java:69)
	at jetbrains.exodus.newLogConcept.garbageCollector.OperationLogGarbageCollector.clean(OperationLogGarbageCollector.java:51)
	at jetbrains.exodus.newLogConcept.MVCC.MVCCDataStructure.lambda$commitTransaction$1(MVCCDataStructure.java:297)
	at java.base/java.util.concurrent.Executors$RunnableAdapter.call(Executors.java:515)
	at java.base/java.util.concurrent.FutureTask.run(FutureTask.java:264)
	at java.base/java.util.concurrent.ThreadPoolExecutor.runWorker(ThreadPoolExecutor.java:1128)
	at java.base/java.util.concurrent.ThreadPoolExecutor$Worker.run(ThreadPoolExecutor.java:628)
	... 1 more
java.util.concurrent.ExecutionException: jetbrains.exodus.ExodusException
	at java.base/java.util.concurrent.FutureTask.report(FutureTask.java:122)
	at java.base/java.util.concurrent.FutureTask.get(FutureTask.java:191)
	at jetbrains.exodus.newLogConcept.MVCC.MVCCDataStructure.commitTransaction(MVCCDataStructure.java:299)
	at site.ycsb.db.XodusClient.insert(XodusClient.java:60)
	at site.ycsb.DBWrapper.insert(DBWrapper.java:227)
	at site.ycsb.workloads.CoreWorkload.doInsert(CoreWorkload.java:621)
	at site.ycsb.ClientThread.run(ClientThread.java:135)
	at java.base/java.lang.Thread.run(Thread.java:829)
Caused by: jetbrains.exodus.ExodusException
	at jetbrains.exodus.newLogConcept.garbageCollector.OperationLogGarbageCollector.moveAndRemoveRecordsFromLog(OperationLogGarbageCollector.java:69)
	at jetbrains.exodus.newLogConcept.garbageCollector.OperationLogGarbageCollector.clean(OperationLogGarbageCollector.java:51)
	at jetbrains.exodus.newLogConcept.MVCC.MVCCDataStructure.lambda$commitTransaction$1(MVCCDataStructure.java:297)
	at java.base/java.util.concurrent.Executors$RunnableAdapter.call(Executors.java:515)
	at java.base/java.util.concurrent.FutureTask.run(FutureTask.java:264)
	at java.base/java.util.concurrent.ThreadPoolExecutor.runWorker(ThreadPoolExecutor.java:1128)
	at java.base/java.util.concurrent.ThreadPoolExecutor$Worker.run(ThreadPoolExecutor.java:628)
	... 1 more
java.util.concurrent.ExecutionException: jetbrains.exodus.ExodusException
	at java.base/java.util.concurrent.FutureTask.report(FutureTask.java:122)
	at java.base/java.util.concurrent.FutureTask.get(FutureTask.java:191)
	at jetbrains.exodus.newLogConcept.MVCC.MVCCDataStructure.commitTransaction(MVCCDataStructure.java:299)
	at site.ycsb.db.XodusClient.insert(XodusClient.java:60)
	at site.ycsb.DBWrapper.insert(DBWrapper.java:227)
	at site.ycsb.workloads.CoreWorkload.doInsert(CoreWorkload.java:621)
	at site.ycsb.ClientThread.run(ClientThread.java:135)
	at java.base/java.lang.Thread.run(Thread.java:829)
Caused by: jetbrains.exodus.ExodusException
	at jetbrains.exodus.newLogConcept.garbageCollector.OperationLogGarbageCollector.moveAndRemoveRecordsFromLog(OperationLogGarbageCollector.java:69)
	at jetbrains.exodus.newLogConcept.garbageCollector.OperationLogGarbageCollector.clean(OperationLogGarbageCollector.java:51)
	at jetbrains.exodus.newLogConcept.MVCC.MVCCDataStructure.lambda$commitTransaction$1(MVCCDataStructure.java:297)
	at java.base/java.util.concurrent.Executors$RunnableAdapter.call(Executors.java:515)
	at java.base/java.util.concurrent.FutureTask.run(FutureTask.java:264)
	at java.base/java.util.concurrent.ThreadPoolExecutor.runWorker(ThreadPoolExecutor.java:1128)
	at java.base/java.util.concurrent.ThreadPoolExecutor$Worker.run(ThreadPoolExecutor.java:628)
	... 1 more
java.util.concurrent.ExecutionException: jetbrains.exodus.ExodusException
	at java.base/java.util.concurrent.FutureTask.report(FutureTask.java:122)
	at java.base/java.util.concurrent.FutureTask.get(FutureTask.java:191)
	at jetbrains.exodus.newLogConcept.MVCC.MVCCDataStructure.commitTransaction(MVCCDataStructure.java:299)
	at site.ycsb.db.XodusClient.insert(XodusClient.java:60)
	at site.ycsb.DBWrapper.insert(DBWrapper.java:227)
	at site.ycsb.workloads.CoreWorkload.doInsert(CoreWorkload.java:621)
	at site.ycsb.ClientThread.run(ClientThread.java:135)
	at java.base/java.lang.Thread.run(Thread.java:829)
Caused by: jetbrains.exodus.ExodusException
	at jetbrains.exodus.newLogConcept.garbageCollector.OperationLogGarbageCollector.moveAndRemoveRecordsFromLog(OperationLogGarbageCollector.java:69)
	at jetbrains.exodus.newLogConcept.garbageCollector.OperationLogGarbageCollector.clean(OperationLogGarbageCollector.java:51)
	at jetbrains.exodus.newLogConcept.MVCC.MVCCDataStructure.lambda$commitTransaction$1(MVCCDataStructure.java:297)
	at java.base/java.util.concurrent.Executors$RunnableAdapter.call(Executors.java:515)
	at java.base/java.util.concurrent.FutureTask.run(FutureTask.java:264)
	at java.base/java.util.concurrent.ThreadPoolExecutor.runWorker(ThreadPoolExecutor.java:1128)
	at java.base/java.util.concurrent.ThreadPoolExecutor$Worker.run(ThreadPoolExecutor.java:628)
	... 1 more
java.util.concurrent.ExecutionException: jetbrains.exodus.ExodusException
	at java.base/java.util.concurrent.FutureTask.report(FutureTask.java:122)
	at java.base/java.util.concurrent.FutureTask.get(FutureTask.java:191)
	at jetbrains.exodus.newLogConcept.MVCC.MVCCDataStructure.commitTransaction(MVCCDataStructure.java:299)
	at site.ycsb.db.XodusClient.insert(XodusClient.java:60)
	at site.ycsb.DBWrapper.insert(DBWrapper.java:227)
	at site.ycsb.workloads.CoreWorkload.doInsert(CoreWorkload.java:621)
	at site.ycsb.ClientThread.run(ClientThread.java:135)
	at java.base/java.lang.Thread.run(Thread.java:829)
Caused by: jetbrains.exodus.ExodusException
	at jetbrains.exodus.newLogConcept.garbageCollector.OperationLogGarbageCollector.moveAndRemoveRecordsFromLog(OperationLogGarbageCollector.java:69)
	at jetbrains.exodus.newLogConcept.garbageCollector.OperationLogGarbageCollector.clean(OperationLogGarbageCollector.java:51)
	at jetbrains.exodus.newLogConcept.MVCC.MVCCDataStructure.lambda$commitTransaction$1(MVCCDataStructure.java:297)
	at java.base/java.util.concurrent.Executors$RunnableAdapter.call(Executors.java:515)
	at java.base/java.util.concurrent.FutureTask.run(FutureTask.java:264)
	at java.base/java.util.concurrent.ThreadPoolExecutor.runWorker(ThreadPoolExecutor.java:1128)
	at java.base/java.util.concurrent.ThreadPoolExecutor$Worker.run(ThreadPoolExecutor.java:628)
	... 1 more
java.util.concurrent.ExecutionException: jetbrains.exodus.ExodusException
	at java.base/java.util.concurrent.FutureTask.report(FutureTask.java:122)
	at java.base/java.util.concurrent.FutureTask.get(FutureTask.java:191)
	at jetbrains.exodus.newLogConcept.MVCC.MVCCDataStructure.commitTransaction(MVCCDataStructure.java:299)
	at site.ycsb.db.XodusClient.insert(XodusClient.java:60)
	at site.ycsb.DBWrapper.insert(DBWrapper.java:227)
	at site.ycsb.workloads.CoreWorkload.doInsert(CoreWorkload.java:621)
	at site.ycsb.ClientThread.run(ClientThread.java:135)
	at java.base/java.lang.Thread.run(Thread.java:829)
Caused by: jetbrains.exodus.ExodusException
	at jetbrains.exodus.newLogConcept.garbageCollector.OperationLogGarbageCollector.moveAndRemoveRecordsFromLog(OperationLogGarbageCollector.java:69)
	at jetbrains.exodus.newLogConcept.garbageCollector.OperationLogGarbageCollector.clean(OperationLogGarbageCollector.java:51)
	at jetbrains.exodus.newLogConcept.MVCC.MVCCDataStructure.lambda$commitTransaction$1(MVCCDataStructure.java:297)
	at java.base/java.util.concurrent.Executors$RunnableAdapter.call(Executors.java:515)
	at java.base/java.util.concurrent.FutureTask.run(FutureTask.java:264)
	at java.base/java.util.concurrent.ThreadPoolExecutor.runWorker(ThreadPoolExecutor.java:1128)
	at java.base/java.util.concurrent.ThreadPoolExecutor$Worker.run(ThreadPoolExecutor.java:628)
	... 1 more
java.util.concurrent.ExecutionException: jetbrains.exodus.ExodusException
	at java.base/java.util.concurrent.FutureTask.report(FutureTask.java:122)
	at java.base/java.util.concurrent.FutureTask.get(FutureTask.java:191)
	at jetbrains.exodus.newLogConcept.MVCC.MVCCDataStructure.commitTransaction(MVCCDataStructure.java:299)
	at site.ycsb.db.XodusClient.insert(XodusClient.java:60)
	at site.ycsb.DBWrapper.insert(DBWrapper.java:227)
	at site.ycsb.workloads.CoreWorkload.doInsert(CoreWorkload.java:621)
	at site.ycsb.ClientThread.run(ClientThread.java:135)
	at java.base/java.lang.Thread.run(Thread.java:829)
Caused by: jetbrains.exodus.ExodusException
	at jetbrains.exodus.newLogConcept.garbageCollector.OperationLogGarbageCollector.moveAndRemoveRecordsFromLog(OperationLogGarbageCollector.java:69)
	at jetbrains.exodus.newLogConcept.garbageCollector.OperationLogGarbageCollector.clean(OperationLogGarbageCollector.java:51)
	at jetbrains.exodus.newLogConcept.MVCC.MVCCDataStructure.lambda$commitTransaction$1(MVCCDataStructure.java:297)
	at java.base/java.util.concurrent.Executors$RunnableAdapter.call(Executors.java:515)
	at java.base/java.util.concurrent.FutureTask.run(FutureTask.java:264)
	at java.base/java.util.concurrent.ThreadPoolExecutor.runWorker(ThreadPoolExecutor.java:1128)
	at java.base/java.util.concurrent.ThreadPoolExecutor$Worker.run(ThreadPoolExecutor.java:628)
	... 1 more
java.util.concurrent.ExecutionException: jetbrains.exodus.ExodusException
	at java.base/java.util.concurrent.FutureTask.report(FutureTask.java:122)
	at java.base/java.util.concurrent.FutureTask.get(FutureTask.java:191)
	at jetbrains.exodus.newLogConcept.MVCC.MVCCDataStructure.commitTransaction(MVCCDataStructure.java:299)
	at site.ycsb.db.XodusClient.insert(XodusClient.java:60)
	at site.ycsb.DBWrapper.insert(DBWrapper.java:227)
	at site.ycsb.workloads.CoreWorkload.doInsert(CoreWorkload.java:621)
	at site.ycsb.ClientThread.run(ClientThread.java:135)
	at java.base/java.lang.Thread.run(Thread.java:829)
Caused by: jetbrains.exodus.ExodusException
	at jetbrains.exodus.newLogConcept.garbageCollector.OperationLogGarbageCollector.moveAndRemoveRecordsFromLog(OperationLogGarbageCollector.java:69)
	at jetbrains.exodus.newLogConcept.garbageCollector.OperationLogGarbageCollector.clean(OperationLogGarbageCollector.java:51)
	at jetbrains.exodus.newLogConcept.MVCC.MVCCDataStructure.lambda$commitTransaction$1(MVCCDataStructure.java:297)
	at java.base/java.util.concurrent.Executors$RunnableAdapter.call(Executors.java:515)
	at java.base/java.util.concurrent.FutureTask.run(FutureTask.java:264)
	at java.base/java.util.concurrent.ThreadPoolExecutor.runWorker(ThreadPoolExecutor.java:1128)
	at java.base/java.util.concurrent.ThreadPoolExecutor$Worker.run(ThreadPoolExecutor.java:628)
	... 1 more
java.util.concurrent.ExecutionException: jetbrains.exodus.ExodusException
	at java.base/java.util.concurrent.FutureTask.report(FutureTask.java:122)
	at java.base/java.util.concurrent.FutureTask.get(FutureTask.java:191)
	at jetbrains.exodus.newLogConcept.MVCC.MVCCDataStructure.commitTransaction(MVCCDataStructure.java:299)
	at site.ycsb.db.XodusClient.insert(XodusClient.java:60)
	at site.ycsb.DBWrapper.insert(DBWrapper.java:227)
	at site.ycsb.workloads.CoreWorkload.doInsert(CoreWorkload.java:621)
	at site.ycsb.ClientThread.run(ClientThread.java:135)
	at java.base/java.lang.Thread.run(Thread.java:829)
Caused by: jetbrains.exodus.ExodusException
	at jetbrains.exodus.newLogConcept.garbageCollector.OperationLogGarbageCollector.moveAndRemoveRecordsFromLog(OperationLogGarbageCollector.java:69)
	at jetbrains.exodus.newLogConcept.garbageCollector.OperationLogGarbageCollector.clean(OperationLogGarbageCollector.java:51)
	at jetbrains.exodus.newLogConcept.MVCC.MVCCDataStructure.lambda$commitTransaction$1(MVCCDataStructure.java:297)
	at java.base/java.util.concurrent.Executors$RunnableAdapter.call(Executors.java:515)
	at java.base/java.util.concurrent.FutureTask.run(FutureTask.java:264)
	at java.base/java.util.concurrent.ThreadPoolExecutor.runWorker(ThreadPoolExecutor.java:1128)
	at java.base/java.util.concurrent.ThreadPoolExecutor$Worker.run(ThreadPoolExecutor.java:628)
	... 1 more
java.util.concurrent.ExecutionException: jetbrains.exodus.ExodusException
	at java.base/java.util.concurrent.FutureTask.report(FutureTask.java:122)
	at java.base/java.util.concurrent.FutureTask.get(FutureTask.java:191)
	at jetbrains.exodus.newLogConcept.MVCC.MVCCDataStructure.commitTransaction(MVCCDataStructure.java:299)
	at site.ycsb.db.XodusClient.insert(XodusClient.java:60)
	at site.ycsb.DBWrapper.insert(DBWrapper.java:227)
	at site.ycsb.workloads.CoreWorkload.doInsert(CoreWorkload.java:621)
	at site.ycsb.ClientThread.run(ClientThread.java:135)
	at java.base/java.lang.Thread.run(Thread.java:829)
Caused by: jetbrains.exodus.ExodusException
	at jetbrains.exodus.newLogConcept.garbageCollector.OperationLogGarbageCollector.moveAndRemoveRecordsFromLog(OperationLogGarbageCollector.java:69)
	at jetbrains.exodus.newLogConcept.garbageCollector.OperationLogGarbageCollector.clean(OperationLogGarbageCollector.java:51)
	at jetbrains.exodus.newLogConcept.MVCC.MVCCDataStructure.lambda$commitTransaction$1(MVCCDataStructure.java:297)
	at java.base/java.util.concurrent.Executors$RunnableAdapter.call(Executors.java:515)
	at java.base/java.util.concurrent.FutureTask.run(FutureTask.java:264)
	at java.base/java.util.concurrent.ThreadPoolExecutor.runWorker(ThreadPoolExecutor.java:1128)
	at java.base/java.util.concurrent.ThreadPoolExecutor$Worker.run(ThreadPoolExecutor.java:628)
	... 1 more
java.util.concurrent.ExecutionException: jetbrains.exodus.ExodusException
	at java.base/java.util.concurrent.FutureTask.report(FutureTask.java:122)
	at java.base/java.util.concurrent.FutureTask.get(FutureTask.java:191)
	at jetbrains.exodus.newLogConcept.MVCC.MVCCDataStructure.commitTransaction(MVCCDataStructure.java:299)
	at site.ycsb.db.XodusClient.insert(XodusClient.java:60)
	at site.ycsb.DBWrapper.insert(DBWrapper.java:227)
	at site.ycsb.workloads.CoreWorkload.doInsert(CoreWorkload.java:621)
	at site.ycsb.ClientThread.run(ClientThread.java:135)
	at java.base/java.lang.Thread.run(Thread.java:829)
Caused by: jetbrains.exodus.ExodusException
	at jetbrains.exodus.newLogConcept.garbageCollector.OperationLogGarbageCollector.moveAndRemoveRecordsFromLog(OperationLogGarbageCollector.java:69)
	at jetbrains.exodus.newLogConcept.garbageCollector.OperationLogGarbageCollector.clean(OperationLogGarbageCollector.java:51)
	at jetbrains.exodus.newLogConcept.MVCC.MVCCDataStructure.lambda$commitTransaction$1(MVCCDataStructure.java:297)
	at java.base/java.util.concurrent.Executors$RunnableAdapter.call(Executors.java:515)
	at java.base/java.util.concurrent.FutureTask.run(FutureTask.java:264)
	at java.base/java.util.concurrent.ThreadPoolExecutor.runWorker(ThreadPoolExecutor.java:1128)
	at java.base/java.util.concurrent.ThreadPoolExecutor$Worker.run(ThreadPoolExecutor.java:628)
	... 1 more
java.util.concurrent.ExecutionException: jetbrains.exodus.ExodusException
	at java.base/java.util.concurrent.FutureTask.report(FutureTask.java:122)
	at java.base/java.util.concurrent.FutureTask.get(FutureTask.java:191)
	at jetbrains.exodus.newLogConcept.MVCC.MVCCDataStructure.commitTransaction(MVCCDataStructure.java:299)
	at site.ycsb.db.XodusClient.insert(XodusClient.java:60)
	at site.ycsb.DBWrapper.insert(DBWrapper.java:227)
	at site.ycsb.workloads.CoreWorkload.doInsert(CoreWorkload.java:621)
	at site.ycsb.ClientThread.run(ClientThread.java:135)
	at java.base/java.lang.Thread.run(Thread.java:829)
Caused by: jetbrains.exodus.ExodusException
	at jetbrains.exodus.newLogConcept.garbageCollector.OperationLogGarbageCollector.moveAndRemoveRecordsFromLog(OperationLogGarbageCollector.java:69)
	at jetbrains.exodus.newLogConcept.garbageCollector.OperationLogGarbageCollector.clean(OperationLogGarbageCollector.java:51)
	at jetbrains.exodus.newLogConcept.MVCC.MVCCDataStructure.lambda$commitTransaction$1(MVCCDataStructure.java:297)
	at java.base/java.util.concurrent.Executors$RunnableAdapter.call(Executors.java:515)
	at java.base/java.util.concurrent.FutureTask.run(FutureTask.java:264)
	at java.base/java.util.concurrent.ThreadPoolExecutor.runWorker(ThreadPoolExecutor.java:1128)
	at java.base/java.util.concurrent.ThreadPoolExecutor$Worker.run(ThreadPoolExecutor.java:628)
	... 1 more
java.util.concurrent.ExecutionException: jetbrains.exodus.ExodusException
	at java.base/java.util.concurrent.FutureTask.report(FutureTask.java:122)
	at java.base/java.util.concurrent.FutureTask.get(FutureTask.java:191)
	at jetbrains.exodus.newLogConcept.MVCC.MVCCDataStructure.commitTransaction(MVCCDataStructure.java:299)
	at site.ycsb.db.XodusClient.insert(XodusClient.java:60)
	at site.ycsb.DBWrapper.insert(DBWrapper.java:227)
	at site.ycsb.workloads.CoreWorkload.doInsert(CoreWorkload.java:621)
	at site.ycsb.ClientThread.run(ClientThread.java:135)
	at java.base/java.lang.Thread.run(Thread.java:829)
Caused by: jetbrains.exodus.ExodusException
	at jetbrains.exodus.newLogConcept.garbageCollector.OperationLogGarbageCollector.moveAndRemoveRecordsFromLog(OperationLogGarbageCollector.java:69)
	at jetbrains.exodus.newLogConcept.garbageCollector.OperationLogGarbageCollector.clean(OperationLogGarbageCollector.java:51)
	at jetbrains.exodus.newLogConcept.MVCC.MVCCDataStructure.lambda$commitTransaction$1(MVCCDataStructure.java:297)
	at java.base/java.util.concurrent.Executors$RunnableAdapter.call(Executors.java:515)
	at java.base/java.util.concurrent.FutureTask.run(FutureTask.java:264)
	at java.base/java.util.concurrent.ThreadPoolExecutor.runWorker(ThreadPoolExecutor.java:1128)
	at java.base/java.util.concurrent.ThreadPoolExecutor$Worker.run(ThreadPoolExecutor.java:628)
	... 1 more
java.util.concurrent.ExecutionException: jetbrains.exodus.ExodusException
	at java.base/java.util.concurrent.FutureTask.report(FutureTask.java:122)
	at java.base/java.util.concurrent.FutureTask.get(FutureTask.java:191)
	at jetbrains.exodus.newLogConcept.MVCC.MVCCDataStructure.commitTransaction(MVCCDataStructure.java:299)
	at site.ycsb.db.XodusClient.insert(XodusClient.java:60)
	at site.ycsb.DBWrapper.insert(DBWrapper.java:227)
	at site.ycsb.workloads.CoreWorkload.doInsert(CoreWorkload.java:621)
	at site.ycsb.ClientThread.run(ClientThread.java:135)
	at java.base/java.lang.Thread.run(Thread.java:829)
Caused by: jetbrains.exodus.ExodusException
	at jetbrains.exodus.newLogConcept.garbageCollector.OperationLogGarbageCollector.moveAndRemoveRecordsFromLog(OperationLogGarbageCollector.java:69)
	at jetbrains.exodus.newLogConcept.garbageCollector.OperationLogGarbageCollector.clean(OperationLogGarbageCollector.java:51)
	at jetbrains.exodus.newLogConcept.MVCC.MVCCDataStructure.lambda$commitTransaction$1(MVCCDataStructure.java:297)
	at java.base/java.util.concurrent.Executors$RunnableAdapter.call(Executors.java:515)
	at java.base/java.util.concurrent.FutureTask.run(FutureTask.java:264)
	at java.base/java.util.concurrent.ThreadPoolExecutor.runWorker(ThreadPoolExecutor.java:1128)
	at java.base/java.util.concurrent.ThreadPoolExecutor$Worker.run(ThreadPoolExecutor.java:628)
	... 1 more
java.util.concurrent.ExecutionException: jetbrains.exodus.ExodusException
	at java.base/java.util.concurrent.FutureTask.report(FutureTask.java:122)
	at java.base/java.util.concurrent.FutureTask.get(FutureTask.java:191)
	at jetbrains.exodus.newLogConcept.MVCC.MVCCDataStructure.commitTransaction(MVCCDataStructure.java:299)
	at site.ycsb.db.XodusClient.insert(XodusClient.java:60)
	at site.ycsb.DBWrapper.insert(DBWrapper.java:227)
	at site.ycsb.workloads.CoreWorkload.doInsert(CoreWorkload.java:621)
	at site.ycsb.ClientThread.run(ClientThread.java:135)
	at java.base/java.lang.Thread.run(Thread.java:829)
Caused by: jetbrains.exodus.ExodusException
	at jetbrains.exodus.newLogConcept.garbageCollector.OperationLogGarbageCollector.moveAndRemoveRecordsFromLog(OperationLogGarbageCollector.java:69)
	at jetbrains.exodus.newLogConcept.garbageCollector.OperationLogGarbageCollector.clean(OperationLogGarbageCollector.java:51)
	at jetbrains.exodus.newLogConcept.MVCC.MVCCDataStructure.lambda$commitTransaction$1(MVCCDataStructure.java:297)
	at java.base/java.util.concurrent.Executors$RunnableAdapter.call(Executors.java:515)
	at java.base/java.util.concurrent.FutureTask.run(FutureTask.java:264)
	at java.base/java.util.concurrent.ThreadPoolExecutor.runWorker(ThreadPoolExecutor.java:1128)
	at java.base/java.util.concurrent.ThreadPoolExecutor$Worker.run(ThreadPoolExecutor.java:628)
	... 1 more
java.util.concurrent.ExecutionException: jetbrains.exodus.ExodusException
	at java.base/java.util.concurrent.FutureTask.report(FutureTask.java:122)
	at java.base/java.util.concurrent.FutureTask.get(FutureTask.java:191)
	at jetbrains.exodus.newLogConcept.MVCC.MVCCDataStructure.commitTransaction(MVCCDataStructure.java:299)
	at site.ycsb.db.XodusClient.insert(XodusClient.java:60)
	at site.ycsb.DBWrapper.insert(DBWrapper.java:227)
	at site.ycsb.workloads.CoreWorkload.doInsert(CoreWorkload.java:621)
	at site.ycsb.ClientThread.run(ClientThread.java:135)
	at java.base/java.lang.Thread.run(Thread.java:829)
Caused by: jetbrains.exodus.ExodusException
	at jetbrains.exodus.newLogConcept.garbageCollector.OperationLogGarbageCollector.moveAndRemoveRecordsFromLog(OperationLogGarbageCollector.java:69)
	at jetbrains.exodus.newLogConcept.garbageCollector.OperationLogGarbageCollector.clean(OperationLogGarbageCollector.java:51)
	at jetbrains.exodus.newLogConcept.MVCC.MVCCDataStructure.lambda$commitTransaction$1(MVCCDataStructure.java:297)
	at java.base/java.util.concurrent.Executors$RunnableAdapter.call(Executors.java:515)
	at java.base/java.util.concurrent.FutureTask.run(FutureTask.java:264)
	at java.base/java.util.concurrent.ThreadPoolExecutor.runWorker(ThreadPoolExecutor.java:1128)
	at java.base/java.util.concurrent.ThreadPoolExecutor$Worker.run(ThreadPoolExecutor.java:628)
	... 1 more
java.util.concurrent.ExecutionException: jetbrains.exodus.ExodusException
	at java.base/java.util.concurrent.FutureTask.report(FutureTask.java:122)
	at java.base/java.util.concurrent.FutureTask.get(FutureTask.java:191)
	at jetbrains.exodus.newLogConcept.MVCC.MVCCDataStructure.commitTransaction(MVCCDataStructure.java:299)
	at site.ycsb.db.XodusClient.insert(XodusClient.java:60)
	at site.ycsb.DBWrapper.insert(DBWrapper.java:227)
	at site.ycsb.workloads.CoreWorkload.doInsert(CoreWorkload.java:621)
	at site.ycsb.ClientThread.run(ClientThread.java:135)
	at java.base/java.lang.Thread.run(Thread.java:829)
Caused by: jetbrains.exodus.ExodusException
	at jetbrains.exodus.newLogConcept.garbageCollector.OperationLogGarbageCollector.moveAndRemoveRecordsFromLog(OperationLogGarbageCollector.java:69)
	at jetbrains.exodus.newLogConcept.garbageCollector.OperationLogGarbageCollector.clean(OperationLogGarbageCollector.java:51)
	at jetbrains.exodus.newLogConcept.MVCC.MVCCDataStructure.lambda$commitTransaction$1(MVCCDataStructure.java:297)
	at java.base/java.util.concurrent.Executors$RunnableAdapter.call(Executors.java:515)
	at java.base/java.util.concurrent.FutureTask.run(FutureTask.java:264)
	at java.base/java.util.concurrent.ThreadPoolExecutor.runWorker(ThreadPoolExecutor.java:1128)
	at java.base/java.util.concurrent.ThreadPoolExecutor$Worker.run(ThreadPoolExecutor.java:628)
	... 1 more
java.util.concurrent.ExecutionException: jetbrains.exodus.ExodusException
	at java.base/java.util.concurrent.FutureTask.report(FutureTask.java:122)
	at java.base/java.util.concurrent.FutureTask.get(FutureTask.java:191)
	at jetbrains.exodus.newLogConcept.MVCC.MVCCDataStructure.commitTransaction(MVCCDataStructure.java:299)
	at site.ycsb.db.XodusClient.insert(XodusClient.java:60)
	at site.ycsb.DBWrapper.insert(DBWrapper.java:227)
	at site.ycsb.workloads.CoreWorkload.doInsert(CoreWorkload.java:621)
	at site.ycsb.ClientThread.run(ClientThread.java:135)
	at java.base/java.lang.Thread.run(Thread.java:829)
Caused by: jetbrains.exodus.ExodusException
	at jetbrains.exodus.newLogConcept.garbageCollector.OperationLogGarbageCollector.moveAndRemoveRecordsFromLog(OperationLogGarbageCollector.java:69)
	at jetbrains.exodus.newLogConcept.garbageCollector.OperationLogGarbageCollector.clean(OperationLogGarbageCollector.java:51)
	at jetbrains.exodus.newLogConcept.MVCC.MVCCDataStructure.lambda$commitTransaction$1(MVCCDataStructure.java:297)
	at java.base/java.util.concurrent.Executors$RunnableAdapter.call(Executors.java:515)
	at java.base/java.util.concurrent.FutureTask.run(FutureTask.java:264)
	at java.base/java.util.concurrent.ThreadPoolExecutor.runWorker(ThreadPoolExecutor.java:1128)
	at java.base/java.util.concurrent.ThreadPoolExecutor$Worker.run(ThreadPoolExecutor.java:628)
	... 1 more
java.util.concurrent.ExecutionException: jetbrains.exodus.ExodusException
	at java.base/java.util.concurrent.FutureTask.report(FutureTask.java:122)
	at java.base/java.util.concurrent.FutureTask.get(FutureTask.java:191)
	at jetbrains.exodus.newLogConcept.MVCC.MVCCDataStructure.commitTransaction(MVCCDataStructure.java:299)
	at site.ycsb.db.XodusClient.insert(XodusClient.java:60)
	at site.ycsb.DBWrapper.insert(DBWrapper.java:227)
	at site.ycsb.workloads.CoreWorkload.doInsert(CoreWorkload.java:621)
	at site.ycsb.ClientThread.run(ClientThread.java:135)
	at java.base/java.lang.Thread.run(Thread.java:829)
Caused by: jetbrains.exodus.ExodusException
	at jetbrains.exodus.newLogConcept.garbageCollector.OperationLogGarbageCollector.moveAndRemoveRecordsFromLog(OperationLogGarbageCollector.java:69)
	at jetbrains.exodus.newLogConcept.garbageCollector.OperationLogGarbageCollector.clean(OperationLogGarbageCollector.java:51)
	at jetbrains.exodus.newLogConcept.MVCC.MVCCDataStructure.lambda$commitTransaction$1(MVCCDataStructure.java:297)
	at java.base/java.util.concurrent.Executors$RunnableAdapter.call(Executors.java:515)
	at java.base/java.util.concurrent.FutureTask.run(FutureTask.java:264)
	at java.base/java.util.concurrent.ThreadPoolExecutor.runWorker(ThreadPoolExecutor.java:1128)
	at java.base/java.util.concurrent.ThreadPoolExecutor$Worker.run(ThreadPoolExecutor.java:628)
	... 1 more
java.util.concurrent.ExecutionException: jetbrains.exodus.ExodusException
	at java.base/java.util.concurrent.FutureTask.report(FutureTask.java:122)
	at java.base/java.util.concurrent.FutureTask.get(FutureTask.java:191)
	at jetbrains.exodus.newLogConcept.MVCC.MVCCDataStructure.commitTransaction(MVCCDataStructure.java:299)
	at site.ycsb.db.XodusClient.insert(XodusClient.java:60)
	at site.ycsb.DBWrapper.insert(DBWrapper.java:227)
	at site.ycsb.workloads.CoreWorkload.doInsert(CoreWorkload.java:621)
	at site.ycsb.ClientThread.run(ClientThread.java:135)
	at java.base/java.lang.Thread.run(Thread.java:829)
Caused by: jetbrains.exodus.ExodusException
	at jetbrains.exodus.newLogConcept.garbageCollector.OperationLogGarbageCollector.moveAndRemoveRecordsFromLog(OperationLogGarbageCollector.java:69)
	at jetbrains.exodus.newLogConcept.garbageCollector.OperationLogGarbageCollector.clean(OperationLogGarbageCollector.java:51)
	at jetbrains.exodus.newLogConcept.MVCC.MVCCDataStructure.lambda$commitTransaction$1(MVCCDataStructure.java:297)
	at java.base/java.util.concurrent.Executors$RunnableAdapter.call(Executors.java:515)
	at java.base/java.util.concurrent.FutureTask.run(FutureTask.java:264)
	at java.base/java.util.concurrent.ThreadPoolExecutor.runWorker(ThreadPoolExecutor.java:1128)
	at java.base/java.util.concurrent.ThreadPoolExecutor$Worker.run(ThreadPoolExecutor.java:628)
	... 1 more
java.util.concurrent.ExecutionException: jetbrains.exodus.ExodusException
	at java.base/java.util.concurrent.FutureTask.report(FutureTask.java:122)
	at java.base/java.util.concurrent.FutureTask.get(FutureTask.java:191)
	at jetbrains.exodus.newLogConcept.MVCC.MVCCDataStructure.commitTransaction(MVCCDataStructure.java:299)
	at site.ycsb.db.XodusClient.insert(XodusClient.java:60)
	at site.ycsb.DBWrapper.insert(DBWrapper.java:227)
	at site.ycsb.workloads.CoreWorkload.doInsert(CoreWorkload.java:621)
	at site.ycsb.ClientThread.run(ClientThread.java:135)
	at java.base/java.lang.Thread.run(Thread.java:829)
Caused by: jetbrains.exodus.ExodusException
	at jetbrains.exodus.newLogConcept.garbageCollector.OperationLogGarbageCollector.moveAndRemoveRecordsFromLog(OperationLogGarbageCollector.java:69)
	at jetbrains.exodus.newLogConcept.garbageCollector.OperationLogGarbageCollector.clean(OperationLogGarbageCollector.java:51)
	at jetbrains.exodus.newLogConcept.MVCC.MVCCDataStructure.lambda$commitTransaction$1(MVCCDataStructure.java:297)
	at java.base/java.util.concurrent.Executors$RunnableAdapter.call(Executors.java:515)
	at java.base/java.util.concurrent.FutureTask.run(FutureTask.java:264)
	at java.base/java.util.concurrent.ThreadPoolExecutor.runWorker(ThreadPoolExecutor.java:1128)
	at java.base/java.util.concurrent.ThreadPoolExecutor$Worker.run(ThreadPoolExecutor.java:628)
	... 1 more
java.util.concurrent.ExecutionException: jetbrains.exodus.ExodusException
	at java.base/java.util.concurrent.FutureTask.report(FutureTask.java:122)
	at java.base/java.util.concurrent.FutureTask.get(FutureTask.java:191)
	at jetbrains.exodus.newLogConcept.MVCC.MVCCDataStructure.commitTransaction(MVCCDataStructure.java:299)
	at site.ycsb.db.XodusClient.insert(XodusClient.java:60)
	at site.ycsb.DBWrapper.insert(DBWrapper.java:227)
	at site.ycsb.workloads.CoreWorkload.doInsert(CoreWorkload.java:621)
	at site.ycsb.ClientThread.run(ClientThread.java:135)
	at java.base/java.lang.Thread.run(Thread.java:829)
Caused by: jetbrains.exodus.ExodusException
	at jetbrains.exodus.newLogConcept.garbageCollector.OperationLogGarbageCollector.moveAndRemoveRecordsFromLog(OperationLogGarbageCollector.java:69)
	at jetbrains.exodus.newLogConcept.garbageCollector.OperationLogGarbageCollector.clean(OperationLogGarbageCollector.java:51)
	at jetbrains.exodus.newLogConcept.MVCC.MVCCDataStructure.lambda$commitTransaction$1(MVCCDataStructure.java:297)
	at java.base/java.util.concurrent.Executors$RunnableAdapter.call(Executors.java:515)
	at java.base/java.util.concurrent.FutureTask.run(FutureTask.java:264)
	at java.base/java.util.concurrent.ThreadPoolExecutor.runWorker(ThreadPoolExecutor.java:1128)
	at java.base/java.util.concurrent.ThreadPoolExecutor$Worker.run(ThreadPoolExecutor.java:628)
	... 1 more
java.util.concurrent.ExecutionException: jetbrains.exodus.ExodusException
	at java.base/java.util.concurrent.FutureTask.report(FutureTask.java:122)
	at java.base/java.util.concurrent.FutureTask.get(FutureTask.java:191)
	at jetbrains.exodus.newLogConcept.MVCC.MVCCDataStructure.commitTransaction(MVCCDataStructure.java:299)
	at site.ycsb.db.XodusClient.insert(XodusClient.java:60)
	at site.ycsb.DBWrapper.insert(DBWrapper.java:227)
	at site.ycsb.workloads.CoreWorkload.doInsert(CoreWorkload.java:621)
	at site.ycsb.ClientThread.run(ClientThread.java:135)
	at java.base/java.lang.Thread.run(Thread.java:829)
Caused by: jetbrains.exodus.ExodusException
	at jetbrains.exodus.newLogConcept.garbageCollector.OperationLogGarbageCollector.moveAndRemoveRecordsFromLog(OperationLogGarbageCollector.java:69)
	at jetbrains.exodus.newLogConcept.garbageCollector.OperationLogGarbageCollector.clean(OperationLogGarbageCollector.java:51)
	at jetbrains.exodus.newLogConcept.MVCC.MVCCDataStructure.lambda$commitTransaction$1(MVCCDataStructure.java:297)
	at java.base/java.util.concurrent.Executors$RunnableAdapter.call(Executors.java:515)
	at java.base/java.util.concurrent.FutureTask.run(FutureTask.java:264)
	at java.base/java.util.concurrent.ThreadPoolExecutor.runWorker(ThreadPoolExecutor.java:1128)
	at java.base/java.util.concurrent.ThreadPoolExecutor$Worker.run(ThreadPoolExecutor.java:628)
	... 1 more
java.util.concurrent.ExecutionException: jetbrains.exodus.ExodusException
	at java.base/java.util.concurrent.FutureTask.report(FutureTask.java:122)
	at java.base/java.util.concurrent.FutureTask.get(FutureTask.java:191)
	at jetbrains.exodus.newLogConcept.MVCC.MVCCDataStructure.commitTransaction(MVCCDataStructure.java:299)
	at site.ycsb.db.XodusClient.insert(XodusClient.java:60)
	at site.ycsb.DBWrapper.insert(DBWrapper.java:227)
	at site.ycsb.workloads.CoreWorkload.doInsert(CoreWorkload.java:621)
	at site.ycsb.ClientThread.run(ClientThread.java:135)
	at java.base/java.lang.Thread.run(Thread.java:829)
Caused by: jetbrains.exodus.ExodusException
	at jetbrains.exodus.newLogConcept.garbageCollector.OperationLogGarbageCollector.moveAndRemoveRecordsFromLog(OperationLogGarbageCollector.java:69)
	at jetbrains.exodus.newLogConcept.garbageCollector.OperationLogGarbageCollector.clean(OperationLogGarbageCollector.java:51)
	at jetbrains.exodus.newLogConcept.MVCC.MVCCDataStructure.lambda$commitTransaction$1(MVCCDataStructure.java:297)
	at java.base/java.util.concurrent.Executors$RunnableAdapter.call(Executors.java:515)
	at java.base/java.util.concurrent.FutureTask.run(FutureTask.java:264)
	at java.base/java.util.concurrent.ThreadPoolExecutor.runWorker(ThreadPoolExecutor.java:1128)
	at java.base/java.util.concurrent.ThreadPoolExecutor$Worker.run(ThreadPoolExecutor.java:628)
	... 1 more
java.util.concurrent.ExecutionException: jetbrains.exodus.ExodusException
	at java.base/java.util.concurrent.FutureTask.report(FutureTask.java:122)
	at java.base/java.util.concurrent.FutureTask.get(FutureTask.java:191)
	at jetbrains.exodus.newLogConcept.MVCC.MVCCDataStructure.commitTransaction(MVCCDataStructure.java:299)
	at site.ycsb.db.XodusClient.insert(XodusClient.java:60)
	at site.ycsb.DBWrapper.insert(DBWrapper.java:227)
	at site.ycsb.workloads.CoreWorkload.doInsert(CoreWorkload.java:621)
	at site.ycsb.ClientThread.run(ClientThread.java:135)
	at java.base/java.lang.Thread.run(Thread.java:829)
Caused by: jetbrains.exodus.ExodusException
	at jetbrains.exodus.newLogConcept.garbageCollector.OperationLogGarbageCollector.moveAndRemoveRecordsFromLog(OperationLogGarbageCollector.java:69)
	at jetbrains.exodus.newLogConcept.garbageCollector.OperationLogGarbageCollector.clean(OperationLogGarbageCollector.java:51)
	at jetbrains.exodus.newLogConcept.MVCC.MVCCDataStructure.lambda$commitTransaction$1(MVCCDataStructure.java:297)
	at java.base/java.util.concurrent.Executors$RunnableAdapter.call(Executors.java:515)
	at java.base/java.util.concurrent.FutureTask.run(FutureTask.java:264)
	at java.base/java.util.concurrent.ThreadPoolExecutor.runWorker(ThreadPoolExecutor.java:1128)
	at java.base/java.util.concurrent.ThreadPoolExecutor$Worker.run(ThreadPoolExecutor.java:628)
	... 1 more
java.util.concurrent.ExecutionException: jetbrains.exodus.ExodusException
	at java.base/java.util.concurrent.FutureTask.report(FutureTask.java:122)
	at java.base/java.util.concurrent.FutureTask.get(FutureTask.java:191)
	at jetbrains.exodus.newLogConcept.MVCC.MVCCDataStructure.commitTransaction(MVCCDataStructure.java:299)
	at site.ycsb.db.XodusClient.insert(XodusClient.java:60)
	at site.ycsb.DBWrapper.insert(DBWrapper.java:227)
	at site.ycsb.workloads.CoreWorkload.doInsert(CoreWorkload.java:621)
	at site.ycsb.ClientThread.run(ClientThread.java:135)
	at java.base/java.lang.Thread.run(Thread.java:829)
Caused by: jetbrains.exodus.ExodusException
	at jetbrains.exodus.newLogConcept.garbageCollector.OperationLogGarbageCollector.moveAndRemoveRecordsFromLog(OperationLogGarbageCollector.java:69)
	at jetbrains.exodus.newLogConcept.garbageCollector.OperationLogGarbageCollector.clean(OperationLogGarbageCollector.java:51)
	at jetbrains.exodus.newLogConcept.MVCC.MVCCDataStructure.lambda$commitTransaction$1(MVCCDataStructure.java:297)
	at java.base/java.util.concurrent.Executors$RunnableAdapter.call(Executors.java:515)
	at java.base/java.util.concurrent.FutureTask.run(FutureTask.java:264)
	at java.base/java.util.concurrent.ThreadPoolExecutor.runWorker(ThreadPoolExecutor.java:1128)
	at java.base/java.util.concurrent.ThreadPoolExecutor$Worker.run(ThreadPoolExecutor.java:628)
	... 1 more
java.util.concurrent.ExecutionException: jetbrains.exodus.ExodusException
	at java.base/java.util.concurrent.FutureTask.report(FutureTask.java:122)
	at java.base/java.util.concurrent.FutureTask.get(FutureTask.java:191)
	at jetbrains.exodus.newLogConcept.MVCC.MVCCDataStructure.commitTransaction(MVCCDataStructure.java:299)
	at site.ycsb.db.XodusClient.insert(XodusClient.java:60)
	at site.ycsb.DBWrapper.insert(DBWrapper.java:227)
	at site.ycsb.workloads.CoreWorkload.doInsert(CoreWorkload.java:621)
	at site.ycsb.ClientThread.run(ClientThread.java:135)
	at java.base/java.lang.Thread.run(Thread.java:829)
Caused by: jetbrains.exodus.ExodusException
	at jetbrains.exodus.newLogConcept.garbageCollector.OperationLogGarbageCollector.moveAndRemoveRecordsFromLog(OperationLogGarbageCollector.java:69)
	at jetbrains.exodus.newLogConcept.garbageCollector.OperationLogGarbageCollector.clean(OperationLogGarbageCollector.java:51)
	at jetbrains.exodus.newLogConcept.MVCC.MVCCDataStructure.lambda$commitTransaction$1(MVCCDataStructure.java:297)
	at java.base/java.util.concurrent.Executors$RunnableAdapter.call(Executors.java:515)
	at java.base/java.util.concurrent.FutureTask.run(FutureTask.java:264)
	at java.base/java.util.concurrent.ThreadPoolExecutor.runWorker(ThreadPoolExecutor.java:1128)
	at java.base/java.util.concurrent.ThreadPoolExecutor$Worker.run(ThreadPoolExecutor.java:628)
	... 1 more
java.util.concurrent.ExecutionException: jetbrains.exodus.ExodusException
	at java.base/java.util.concurrent.FutureTask.report(FutureTask.java:122)
	at java.base/java.util.concurrent.FutureTask.get(FutureTask.java:191)
	at jetbrains.exodus.newLogConcept.MVCC.MVCCDataStructure.commitTransaction(MVCCDataStructure.java:299)
	at site.ycsb.db.XodusClient.insert(XodusClient.java:60)
	at site.ycsb.DBWrapper.insert(DBWrapper.java:227)
	at site.ycsb.workloads.CoreWorkload.doInsert(CoreWorkload.java:621)
	at site.ycsb.ClientThread.run(ClientThread.java:135)
	at java.base/java.lang.Thread.run(Thread.java:829)
Caused by: jetbrains.exodus.ExodusException
	at jetbrains.exodus.newLogConcept.garbageCollector.OperationLogGarbageCollector.moveAndRemoveRecordsFromLog(OperationLogGarbageCollector.java:69)
	at jetbrains.exodus.newLogConcept.garbageCollector.OperationLogGarbageCollector.clean(OperationLogGarbageCollector.java:51)
	at jetbrains.exodus.newLogConcept.MVCC.MVCCDataStructure.lambda$commitTransaction$1(MVCCDataStructure.java:297)
	at java.base/java.util.concurrent.Executors$RunnableAdapter.call(Executors.java:515)
	at java.base/java.util.concurrent.FutureTask.run(FutureTask.java:264)
	at java.base/java.util.concurrent.ThreadPoolExecutor.runWorker(ThreadPoolExecutor.java:1128)
	at java.base/java.util.concurrent.ThreadPoolExecutor$Worker.run(ThreadPoolExecutor.java:628)
	... 1 more
java.util.concurrent.ExecutionException: jetbrains.exodus.ExodusException
	at java.base/java.util.concurrent.FutureTask.report(FutureTask.java:122)
	at java.base/java.util.concurrent.FutureTask.get(FutureTask.java:191)
	at jetbrains.exodus.newLogConcept.MVCC.MVCCDataStructure.commitTransaction(MVCCDataStructure.java:299)
	at site.ycsb.db.XodusClient.insert(XodusClient.java:60)
	at site.ycsb.DBWrapper.insert(DBWrapper.java:227)
	at site.ycsb.workloads.CoreWorkload.doInsert(CoreWorkload.java:621)
	at site.ycsb.ClientThread.run(ClientThread.java:135)
	at java.base/java.lang.Thread.run(Thread.java:829)
Caused by: jetbrains.exodus.ExodusException
	at jetbrains.exodus.newLogConcept.garbageCollector.OperationLogGarbageCollector.moveAndRemoveRecordsFromLog(OperationLogGarbageCollector.java:69)
	at jetbrains.exodus.newLogConcept.garbageCollector.OperationLogGarbageCollector.clean(OperationLogGarbageCollector.java:51)
	at jetbrains.exodus.newLogConcept.MVCC.MVCCDataStructure.lambda$commitTransaction$1(MVCCDataStructure.java:297)
	at java.base/java.util.concurrent.Executors$RunnableAdapter.call(Executors.java:515)
	at java.base/java.util.concurrent.FutureTask.run(FutureTask.java:264)
	at java.base/java.util.concurrent.ThreadPoolExecutor.runWorker(ThreadPoolExecutor.java:1128)
	at java.base/java.util.concurrent.ThreadPoolExecutor$Worker.run(ThreadPoolExecutor.java:628)
	... 1 more
java.util.concurrent.ExecutionException: jetbrains.exodus.ExodusException
	at java.base/java.util.concurrent.FutureTask.report(FutureTask.java:122)
	at java.base/java.util.concurrent.FutureTask.get(FutureTask.java:191)
	at jetbrains.exodus.newLogConcept.MVCC.MVCCDataStructure.commitTransaction(MVCCDataStructure.java:299)
	at site.ycsb.db.XodusClient.insert(XodusClient.java:60)
	at site.ycsb.DBWrapper.insert(DBWrapper.java:227)
	at site.ycsb.workloads.CoreWorkload.doInsert(CoreWorkload.java:621)
	at site.ycsb.ClientThread.run(ClientThread.java:135)
	at java.base/java.lang.Thread.run(Thread.java:829)
Caused by: jetbrains.exodus.ExodusException
	at jetbrains.exodus.newLogConcept.garbageCollector.OperationLogGarbageCollector.moveAndRemoveRecordsFromLog(OperationLogGarbageCollector.java:69)
	at jetbrains.exodus.newLogConcept.garbageCollector.OperationLogGarbageCollector.clean(OperationLogGarbageCollector.java:51)
	at jetbrains.exodus.newLogConcept.MVCC.MVCCDataStructure.lambda$commitTransaction$1(MVCCDataStructure.java:297)
	at java.base/java.util.concurrent.Executors$RunnableAdapter.call(Executors.java:515)
	at java.base/java.util.concurrent.FutureTask.run(FutureTask.java:264)
	at java.base/java.util.concurrent.ThreadPoolExecutor.runWorker(ThreadPoolExecutor.java:1128)
	at java.base/java.util.concurrent.ThreadPoolExecutor$Worker.run(ThreadPoolExecutor.java:628)
	... 1 more
java.util.concurrent.ExecutionException: jetbrains.exodus.ExodusException
	at java.base/java.util.concurrent.FutureTask.report(FutureTask.java:122)
	at java.base/java.util.concurrent.FutureTask.get(FutureTask.java:191)
	at jetbrains.exodus.newLogConcept.MVCC.MVCCDataStructure.commitTransaction(MVCCDataStructure.java:299)
	at site.ycsb.db.XodusClient.insert(XodusClient.java:60)
	at site.ycsb.DBWrapper.insert(DBWrapper.java:227)
	at site.ycsb.workloads.CoreWorkload.doInsert(CoreWorkload.java:621)
	at site.ycsb.ClientThread.run(ClientThread.java:135)
	at java.base/java.lang.Thread.run(Thread.java:829)
Caused by: jetbrains.exodus.ExodusException
	at jetbrains.exodus.newLogConcept.garbageCollector.OperationLogGarbageCollector.moveAndRemoveRecordsFromLog(OperationLogGarbageCollector.java:69)
	at jetbrains.exodus.newLogConcept.garbageCollector.OperationLogGarbageCollector.clean(OperationLogGarbageCollector.java:51)
	at jetbrains.exodus.newLogConcept.MVCC.MVCCDataStructure.lambda$commitTransaction$1(MVCCDataStructure.java:297)
	at java.base/java.util.concurrent.Executors$RunnableAdapter.call(Executors.java:515)
	at java.base/java.util.concurrent.FutureTask.run(FutureTask.java:264)
	at java.base/java.util.concurrent.ThreadPoolExecutor.runWorker(ThreadPoolExecutor.java:1128)
	at java.base/java.util.concurrent.ThreadPoolExecutor$Worker.run(ThreadPoolExecutor.java:628)
	... 1 more
java.util.concurrent.ExecutionException: jetbrains.exodus.ExodusException
	at java.base/java.util.concurrent.FutureTask.report(FutureTask.java:122)
	at java.base/java.util.concurrent.FutureTask.get(FutureTask.java:191)
	at jetbrains.exodus.newLogConcept.MVCC.MVCCDataStructure.commitTransaction(MVCCDataStructure.java:299)
	at site.ycsb.db.XodusClient.insert(XodusClient.java:60)
	at site.ycsb.DBWrapper.insert(DBWrapper.java:227)
	at site.ycsb.workloads.CoreWorkload.doInsert(CoreWorkload.java:621)
	at site.ycsb.ClientThread.run(ClientThread.java:135)
	at java.base/java.lang.Thread.run(Thread.java:829)
Caused by: jetbrains.exodus.ExodusException
	at jetbrains.exodus.newLogConcept.garbageCollector.OperationLogGarbageCollector.moveAndRemoveRecordsFromLog(OperationLogGarbageCollector.java:69)
	at jetbrains.exodus.newLogConcept.garbageCollector.OperationLogGarbageCollector.clean(OperationLogGarbageCollector.java:51)
	at jetbrains.exodus.newLogConcept.MVCC.MVCCDataStructure.lambda$commitTransaction$1(MVCCDataStructure.java:297)
	at java.base/java.util.concurrent.Executors$RunnableAdapter.call(Executors.java:515)
	at java.base/java.util.concurrent.FutureTask.run(FutureTask.java:264)
	at java.base/java.util.concurrent.ThreadPoolExecutor.runWorker(ThreadPoolExecutor.java:1128)
	at java.base/java.util.concurrent.ThreadPoolExecutor$Worker.run(ThreadPoolExecutor.java:628)
	... 1 more
java.util.concurrent.ExecutionException: jetbrains.exodus.ExodusException
	at java.base/java.util.concurrent.FutureTask.report(FutureTask.java:122)
	at java.base/java.util.concurrent.FutureTask.get(FutureTask.java:191)
	at jetbrains.exodus.newLogConcept.MVCC.MVCCDataStructure.commitTransaction(MVCCDataStructure.java:299)
	at site.ycsb.db.XodusClient.insert(XodusClient.java:60)
	at site.ycsb.DBWrapper.insert(DBWrapper.java:227)
	at site.ycsb.workloads.CoreWorkload.doInsert(CoreWorkload.java:621)
	at site.ycsb.ClientThread.run(ClientThread.java:135)
	at java.base/java.lang.Thread.run(Thread.java:829)
Caused by: jetbrains.exodus.ExodusException
	at jetbrains.exodus.newLogConcept.garbageCollector.OperationLogGarbageCollector.moveAndRemoveRecordsFromLog(OperationLogGarbageCollector.java:69)
	at jetbrains.exodus.newLogConcept.garbageCollector.OperationLogGarbageCollector.clean(OperationLogGarbageCollector.java:51)
	at jetbrains.exodus.newLogConcept.MVCC.MVCCDataStructure.lambda$commitTransaction$1(MVCCDataStructure.java:297)
	at java.base/java.util.concurrent.Executors$RunnableAdapter.call(Executors.java:515)
	at java.base/java.util.concurrent.FutureTask.run(FutureTask.java:264)
	at java.base/java.util.concurrent.ThreadPoolExecutor.runWorker(ThreadPoolExecutor.java:1128)
	at java.base/java.util.concurrent.ThreadPoolExecutor$Worker.run(ThreadPoolExecutor.java:628)
	... 1 more
java.util.concurrent.ExecutionException: jetbrains.exodus.ExodusException
	at java.base/java.util.concurrent.FutureTask.report(FutureTask.java:122)
	at java.base/java.util.concurrent.FutureTask.get(FutureTask.java:191)
	at jetbrains.exodus.newLogConcept.MVCC.MVCCDataStructure.commitTransaction(MVCCDataStructure.java:299)
	at site.ycsb.db.XodusClient.insert(XodusClient.java:60)
	at site.ycsb.DBWrapper.insert(DBWrapper.java:227)
	at site.ycsb.workloads.CoreWorkload.doInsert(CoreWorkload.java:621)
	at site.ycsb.ClientThread.run(ClientThread.java:135)
	at java.base/java.lang.Thread.run(Thread.java:829)
Caused by: jetbrains.exodus.ExodusException
	at jetbrains.exodus.newLogConcept.garbageCollector.OperationLogGarbageCollector.moveAndRemoveRecordsFromLog(OperationLogGarbageCollector.java:69)
	at jetbrains.exodus.newLogConcept.garbageCollector.OperationLogGarbageCollector.clean(OperationLogGarbageCollector.java:51)
	at jetbrains.exodus.newLogConcept.MVCC.MVCCDataStructure.lambda$commitTransaction$1(MVCCDataStructure.java:297)
	at java.base/java.util.concurrent.Executors$RunnableAdapter.call(Executors.java:515)
	at java.base/java.util.concurrent.FutureTask.run(FutureTask.java:264)
	at java.base/java.util.concurrent.ThreadPoolExecutor.runWorker(ThreadPoolExecutor.java:1128)
	at java.base/java.util.concurrent.ThreadPoolExecutor$Worker.run(ThreadPoolExecutor.java:628)
	... 1 more
java.util.concurrent.ExecutionException: jetbrains.exodus.ExodusException
	at java.base/java.util.concurrent.FutureTask.report(FutureTask.java:122)
	at java.base/java.util.concurrent.FutureTask.get(FutureTask.java:191)
	at jetbrains.exodus.newLogConcept.MVCC.MVCCDataStructure.commitTransaction(MVCCDataStructure.java:299)
	at site.ycsb.db.XodusClient.insert(XodusClient.java:60)
	at site.ycsb.DBWrapper.insert(DBWrapper.java:227)
	at site.ycsb.workloads.CoreWorkload.doInsert(CoreWorkload.java:621)
	at site.ycsb.ClientThread.run(ClientThread.java:135)
	at java.base/java.lang.Thread.run(Thread.java:829)
Caused by: jetbrains.exodus.ExodusException
	at jetbrains.exodus.newLogConcept.garbageCollector.OperationLogGarbageCollector.moveAndRemoveRecordsFromLog(OperationLogGarbageCollector.java:69)
	at jetbrains.exodus.newLogConcept.garbageCollector.OperationLogGarbageCollector.clean(OperationLogGarbageCollector.java:51)
	at jetbrains.exodus.newLogConcept.MVCC.MVCCDataStructure.lambda$commitTransaction$1(MVCCDataStructure.java:297)
	at java.base/java.util.concurrent.Executors$RunnableAdapter.call(Executors.java:515)
	at java.base/java.util.concurrent.FutureTask.run(FutureTask.java:264)
	at java.base/java.util.concurrent.ThreadPoolExecutor.runWorker(ThreadPoolExecutor.java:1128)
	at java.base/java.util.concurrent.ThreadPoolExecutor$Worker.run(ThreadPoolExecutor.java:628)
	... 1 more
java.util.concurrent.ExecutionException: jetbrains.exodus.ExodusException
	at java.base/java.util.concurrent.FutureTask.report(FutureTask.java:122)
	at java.base/java.util.concurrent.FutureTask.get(FutureTask.java:191)
	at jetbrains.exodus.newLogConcept.MVCC.MVCCDataStructure.commitTransaction(MVCCDataStructure.java:299)
	at site.ycsb.db.XodusClient.insert(XodusClient.java:60)
	at site.ycsb.DBWrapper.insert(DBWrapper.java:227)
	at site.ycsb.workloads.CoreWorkload.doInsert(CoreWorkload.java:621)
	at site.ycsb.ClientThread.run(ClientThread.java:135)
	at java.base/java.lang.Thread.run(Thread.java:829)
Caused by: jetbrains.exodus.ExodusException
	at jetbrains.exodus.newLogConcept.garbageCollector.OperationLogGarbageCollector.moveAndRemoveRecordsFromLog(OperationLogGarbageCollector.java:69)
	at jetbrains.exodus.newLogConcept.garbageCollector.OperationLogGarbageCollector.clean(OperationLogGarbageCollector.java:51)
	at jetbrains.exodus.newLogConcept.MVCC.MVCCDataStructure.lambda$commitTransaction$1(MVCCDataStructure.java:297)
	at java.base/java.util.concurrent.Executors$RunnableAdapter.call(Executors.java:515)
	at java.base/java.util.concurrent.FutureTask.run(FutureTask.java:264)
	at java.base/java.util.concurrent.ThreadPoolExecutor.runWorker(ThreadPoolExecutor.java:1128)
	at java.base/java.util.concurrent.ThreadPoolExecutor$Worker.run(ThreadPoolExecutor.java:628)
	... 1 more
java.util.concurrent.ExecutionException: jetbrains.exodus.ExodusException
	at java.base/java.util.concurrent.FutureTask.report(FutureTask.java:122)
	at java.base/java.util.concurrent.FutureTask.get(FutureTask.java:191)
	at jetbrains.exodus.newLogConcept.MVCC.MVCCDataStructure.commitTransaction(MVCCDataStructure.java:299)
	at site.ycsb.db.XodusClient.insert(XodusClient.java:60)
	at site.ycsb.DBWrapper.insert(DBWrapper.java:227)
	at site.ycsb.workloads.CoreWorkload.doInsert(CoreWorkload.java:621)
	at site.ycsb.ClientThread.run(ClientThread.java:135)
	at java.base/java.lang.Thread.run(Thread.java:829)
Caused by: jetbrains.exodus.ExodusException
	at jetbrains.exodus.newLogConcept.garbageCollector.OperationLogGarbageCollector.moveAndRemoveRecordsFromLog(OperationLogGarbageCollector.java:69)
	at jetbrains.exodus.newLogConcept.garbageCollector.OperationLogGarbageCollector.clean(OperationLogGarbageCollector.java:51)
	at jetbrains.exodus.newLogConcept.MVCC.MVCCDataStructure.lambda$commitTransaction$1(MVCCDataStructure.java:297)
	at java.base/java.util.concurrent.Executors$RunnableAdapter.call(Executors.java:515)
	at java.base/java.util.concurrent.FutureTask.run(FutureTask.java:264)
	at java.base/java.util.concurrent.ThreadPoolExecutor.runWorker(ThreadPoolExecutor.java:1128)
	at java.base/java.util.concurrent.ThreadPoolExecutor$Worker.run(ThreadPoolExecutor.java:628)
	... 1 more
java.util.concurrent.ExecutionException: jetbrains.exodus.ExodusException
	at java.base/java.util.concurrent.FutureTask.report(FutureTask.java:122)
	at java.base/java.util.concurrent.FutureTask.get(FutureTask.java:191)
	at jetbrains.exodus.newLogConcept.MVCC.MVCCDataStructure.commitTransaction(MVCCDataStructure.java:299)
	at site.ycsb.db.XodusClient.insert(XodusClient.java:60)
	at site.ycsb.DBWrapper.insert(DBWrapper.java:227)
	at site.ycsb.workloads.CoreWorkload.doInsert(CoreWorkload.java:621)
	at site.ycsb.ClientThread.run(ClientThread.java:135)
	at java.base/java.lang.Thread.run(Thread.java:829)
Caused by: jetbrains.exodus.ExodusException
	at jetbrains.exodus.newLogConcept.garbageCollector.OperationLogGarbageCollector.moveAndRemoveRecordsFromLog(OperationLogGarbageCollector.java:69)
	at jetbrains.exodus.newLogConcept.garbageCollector.OperationLogGarbageCollector.clean(OperationLogGarbageCollector.java:51)
	at jetbrains.exodus.newLogConcept.MVCC.MVCCDataStructure.lambda$commitTransaction$1(MVCCDataStructure.java:297)
	at java.base/java.util.concurrent.Executors$RunnableAdapter.call(Executors.java:515)
	at java.base/java.util.concurrent.FutureTask.run(FutureTask.java:264)
	at java.base/java.util.concurrent.ThreadPoolExecutor.runWorker(ThreadPoolExecutor.java:1128)
	at java.base/java.util.concurrent.ThreadPoolExecutor$Worker.run(ThreadPoolExecutor.java:628)
	... 1 more
java.util.concurrent.ExecutionException: jetbrains.exodus.ExodusException
	at java.base/java.util.concurrent.FutureTask.report(FutureTask.java:122)
	at java.base/java.util.concurrent.FutureTask.get(FutureTask.java:191)
	at jetbrains.exodus.newLogConcept.MVCC.MVCCDataStructure.commitTransaction(MVCCDataStructure.java:299)
	at site.ycsb.db.XodusClient.insert(XodusClient.java:60)
	at site.ycsb.DBWrapper.insert(DBWrapper.java:227)
	at site.ycsb.workloads.CoreWorkload.doInsert(CoreWorkload.java:621)
	at site.ycsb.ClientThread.run(ClientThread.java:135)
	at java.base/java.lang.Thread.run(Thread.java:829)
Caused by: jetbrains.exodus.ExodusException
	at jetbrains.exodus.newLogConcept.garbageCollector.OperationLogGarbageCollector.moveAndRemoveRecordsFromLog(OperationLogGarbageCollector.java:69)
	at jetbrains.exodus.newLogConcept.garbageCollector.OperationLogGarbageCollector.clean(OperationLogGarbageCollector.java:51)
	at jetbrains.exodus.newLogConcept.MVCC.MVCCDataStructure.lambda$commitTransaction$1(MVCCDataStructure.java:297)
	at java.base/java.util.concurrent.Executors$RunnableAdapter.call(Executors.java:515)
	at java.base/java.util.concurrent.FutureTask.run(FutureTask.java:264)
	at java.base/java.util.concurrent.ThreadPoolExecutor.runWorker(ThreadPoolExecutor.java:1128)
	at java.base/java.util.concurrent.ThreadPoolExecutor$Worker.run(ThreadPoolExecutor.java:628)
	... 1 more
java.util.concurrent.ExecutionException: jetbrains.exodus.ExodusException
	at java.base/java.util.concurrent.FutureTask.report(FutureTask.java:122)
	at java.base/java.util.concurrent.FutureTask.get(FutureTask.java:191)
	at jetbrains.exodus.newLogConcept.MVCC.MVCCDataStructure.commitTransaction(MVCCDataStructure.java:299)
	at site.ycsb.db.XodusClient.insert(XodusClient.java:60)
	at site.ycsb.DBWrapper.insert(DBWrapper.java:227)
	at site.ycsb.workloads.CoreWorkload.doInsert(CoreWorkload.java:621)
	at site.ycsb.ClientThread.run(ClientThread.java:135)
	at java.base/java.lang.Thread.run(Thread.java:829)
Caused by: jetbrains.exodus.ExodusException
	at jetbrains.exodus.newLogConcept.garbageCollector.OperationLogGarbageCollector.moveAndRemoveRecordsFromLog(OperationLogGarbageCollector.java:69)
	at jetbrains.exodus.newLogConcept.garbageCollector.OperationLogGarbageCollector.clean(OperationLogGarbageCollector.java:51)
	at jetbrains.exodus.newLogConcept.MVCC.MVCCDataStructure.lambda$commitTransaction$1(MVCCDataStructure.java:297)
	at java.base/java.util.concurrent.Executors$RunnableAdapter.call(Executors.java:515)
	at java.base/java.util.concurrent.FutureTask.run(FutureTask.java:264)
	at java.base/java.util.concurrent.ThreadPoolExecutor.runWorker(ThreadPoolExecutor.java:1128)
	at java.base/java.util.concurrent.ThreadPoolExecutor$Worker.run(ThreadPoolExecutor.java:628)
	... 1 more
java.util.concurrent.ExecutionException: jetbrains.exodus.ExodusException
	at java.base/java.util.concurrent.FutureTask.report(FutureTask.java:122)
	at java.base/java.util.concurrent.FutureTask.get(FutureTask.java:191)
	at jetbrains.exodus.newLogConcept.MVCC.MVCCDataStructure.commitTransaction(MVCCDataStructure.java:299)
	at site.ycsb.db.XodusClient.insert(XodusClient.java:60)
	at site.ycsb.DBWrapper.insert(DBWrapper.java:227)
	at site.ycsb.workloads.CoreWorkload.doInsert(CoreWorkload.java:621)
	at site.ycsb.ClientThread.run(ClientThread.java:135)
	at java.base/java.lang.Thread.run(Thread.java:829)
Caused by: jetbrains.exodus.ExodusException
	at jetbrains.exodus.newLogConcept.garbageCollector.OperationLogGarbageCollector.moveAndRemoveRecordsFromLog(OperationLogGarbageCollector.java:69)
	at jetbrains.exodus.newLogConcept.garbageCollector.OperationLogGarbageCollector.clean(OperationLogGarbageCollector.java:51)
	at jetbrains.exodus.newLogConcept.MVCC.MVCCDataStructure.lambda$commitTransaction$1(MVCCDataStructure.java:297)
	at java.base/java.util.concurrent.Executors$RunnableAdapter.call(Executors.java:515)
	at java.base/java.util.concurrent.FutureTask.run(FutureTask.java:264)
	at java.base/java.util.concurrent.ThreadPoolExecutor.runWorker(ThreadPoolExecutor.java:1128)
	at java.base/java.util.concurrent.ThreadPoolExecutor$Worker.run(ThreadPoolExecutor.java:628)
	... 1 more
java.util.concurrent.ExecutionException: jetbrains.exodus.ExodusException
	at java.base/java.util.concurrent.FutureTask.report(FutureTask.java:122)
	at java.base/java.util.concurrent.FutureTask.get(FutureTask.java:191)
	at jetbrains.exodus.newLogConcept.MVCC.MVCCDataStructure.commitTransaction(MVCCDataStructure.java:299)
	at site.ycsb.db.XodusClient.insert(XodusClient.java:60)
	at site.ycsb.DBWrapper.insert(DBWrapper.java:227)
	at site.ycsb.workloads.CoreWorkload.doInsert(CoreWorkload.java:621)
	at site.ycsb.ClientThread.run(ClientThread.java:135)
	at java.base/java.lang.Thread.run(Thread.java:829)
Caused by: jetbrains.exodus.ExodusException
	at jetbrains.exodus.newLogConcept.garbageCollector.OperationLogGarbageCollector.moveAndRemoveRecordsFromLog(OperationLogGarbageCollector.java:69)
	at jetbrains.exodus.newLogConcept.garbageCollector.OperationLogGarbageCollector.clean(OperationLogGarbageCollector.java:51)
	at jetbrains.exodus.newLogConcept.MVCC.MVCCDataStructure.lambda$commitTransaction$1(MVCCDataStructure.java:297)
	at java.base/java.util.concurrent.Executors$RunnableAdapter.call(Executors.java:515)
	at java.base/java.util.concurrent.FutureTask.run(FutureTask.java:264)
	at java.base/java.util.concurrent.ThreadPoolExecutor.runWorker(ThreadPoolExecutor.java:1128)
	at java.base/java.util.concurrent.ThreadPoolExecutor$Worker.run(ThreadPoolExecutor.java:628)
	... 1 more
java.util.concurrent.ExecutionException: jetbrains.exodus.ExodusException
	at java.base/java.util.concurrent.FutureTask.report(FutureTask.java:122)
	at java.base/java.util.concurrent.FutureTask.get(FutureTask.java:191)
	at jetbrains.exodus.newLogConcept.MVCC.MVCCDataStructure.commitTransaction(MVCCDataStructure.java:299)
	at site.ycsb.db.XodusClient.insert(XodusClient.java:60)
	at site.ycsb.DBWrapper.insert(DBWrapper.java:227)
	at site.ycsb.workloads.CoreWorkload.doInsert(CoreWorkload.java:621)
	at site.ycsb.ClientThread.run(ClientThread.java:135)
	at java.base/java.lang.Thread.run(Thread.java:829)
Caused by: jetbrains.exodus.ExodusException
	at jetbrains.exodus.newLogConcept.garbageCollector.OperationLogGarbageCollector.moveAndRemoveRecordsFromLog(OperationLogGarbageCollector.java:69)
	at jetbrains.exodus.newLogConcept.garbageCollector.OperationLogGarbageCollector.clean(OperationLogGarbageCollector.java:51)
	at jetbrains.exodus.newLogConcept.MVCC.MVCCDataStructure.lambda$commitTransaction$1(MVCCDataStructure.java:297)
	at java.base/java.util.concurrent.Executors$RunnableAdapter.call(Executors.java:515)
	at java.base/java.util.concurrent.FutureTask.run(FutureTask.java:264)
	at java.base/java.util.concurrent.ThreadPoolExecutor.runWorker(ThreadPoolExecutor.java:1128)
	at java.base/java.util.concurrent.ThreadPoolExecutor$Worker.run(ThreadPoolExecutor.java:628)
	... 1 more
java.util.concurrent.ExecutionException: jetbrains.exodus.ExodusException
	at java.base/java.util.concurrent.FutureTask.report(FutureTask.java:122)
	at java.base/java.util.concurrent.FutureTask.get(FutureTask.java:191)
	at jetbrains.exodus.newLogConcept.MVCC.MVCCDataStructure.commitTransaction(MVCCDataStructure.java:299)
	at site.ycsb.db.XodusClient.insert(XodusClient.java:60)
	at site.ycsb.DBWrapper.insert(DBWrapper.java:227)
	at site.ycsb.workloads.CoreWorkload.doInsert(CoreWorkload.java:621)
	at site.ycsb.ClientThread.run(ClientThread.java:135)
	at java.base/java.lang.Thread.run(Thread.java:829)
Caused by: jetbrains.exodus.ExodusException
	at jetbrains.exodus.newLogConcept.garbageCollector.OperationLogGarbageCollector.moveAndRemoveRecordsFromLog(OperationLogGarbageCollector.java:69)
	at jetbrains.exodus.newLogConcept.garbageCollector.OperationLogGarbageCollector.clean(OperationLogGarbageCollector.java:51)
	at jetbrains.exodus.newLogConcept.MVCC.MVCCDataStructure.lambda$commitTransaction$1(MVCCDataStructure.java:297)
	at java.base/java.util.concurrent.Executors$RunnableAdapter.call(Executors.java:515)
	at java.base/java.util.concurrent.FutureTask.run(FutureTask.java:264)
	at java.base/java.util.concurrent.ThreadPoolExecutor.runWorker(ThreadPoolExecutor.java:1128)
	at java.base/java.util.concurrent.ThreadPoolExecutor$Worker.run(ThreadPoolExecutor.java:628)
	... 1 more
java.util.concurrent.ExecutionException: jetbrains.exodus.ExodusException
	at java.base/java.util.concurrent.FutureTask.report(FutureTask.java:122)
	at java.base/java.util.concurrent.FutureTask.get(FutureTask.java:191)
	at jetbrains.exodus.newLogConcept.MVCC.MVCCDataStructure.commitTransaction(MVCCDataStructure.java:299)
	at site.ycsb.db.XodusClient.insert(XodusClient.java:60)
	at site.ycsb.DBWrapper.insert(DBWrapper.java:227)
	at site.ycsb.workloads.CoreWorkload.doInsert(CoreWorkload.java:621)
	at site.ycsb.ClientThread.run(ClientThread.java:135)
	at java.base/java.lang.Thread.run(Thread.java:829)
Caused by: jetbrains.exodus.ExodusException
	at jetbrains.exodus.newLogConcept.garbageCollector.OperationLogGarbageCollector.moveAndRemoveRecordsFromLog(OperationLogGarbageCollector.java:69)
	at jetbrains.exodus.newLogConcept.garbageCollector.OperationLogGarbageCollector.clean(OperationLogGarbageCollector.java:51)
	at jetbrains.exodus.newLogConcept.MVCC.MVCCDataStructure.lambda$commitTransaction$1(MVCCDataStructure.java:297)
	at java.base/java.util.concurrent.Executors$RunnableAdapter.call(Executors.java:515)
	at java.base/java.util.concurrent.FutureTask.run(FutureTask.java:264)
	at java.base/java.util.concurrent.ThreadPoolExecutor.runWorker(ThreadPoolExecutor.java:1128)
	at java.base/java.util.concurrent.ThreadPoolExecutor$Worker.run(ThreadPoolExecutor.java:628)
	... 1 more
java.util.concurrent.ExecutionException: jetbrains.exodus.ExodusException
	at java.base/java.util.concurrent.FutureTask.report(FutureTask.java:122)
	at java.base/java.util.concurrent.FutureTask.get(FutureTask.java:191)
	at jetbrains.exodus.newLogConcept.MVCC.MVCCDataStructure.commitTransaction(MVCCDataStructure.java:299)
	at site.ycsb.db.XodusClient.insert(XodusClient.java:60)
	at site.ycsb.DBWrapper.insert(DBWrapper.java:227)
	at site.ycsb.workloads.CoreWorkload.doInsert(CoreWorkload.java:621)
	at site.ycsb.ClientThread.run(ClientThread.java:135)
	at java.base/java.lang.Thread.run(Thread.java:829)
Caused by: jetbrains.exodus.ExodusException
	at jetbrains.exodus.newLogConcept.garbageCollector.OperationLogGarbageCollector.moveAndRemoveRecordsFromLog(OperationLogGarbageCollector.java:69)
	at jetbrains.exodus.newLogConcept.garbageCollector.OperationLogGarbageCollector.clean(OperationLogGarbageCollector.java:51)
	at jetbrains.exodus.newLogConcept.MVCC.MVCCDataStructure.lambda$commitTransaction$1(MVCCDataStructure.java:297)
	at java.base/java.util.concurrent.Executors$RunnableAdapter.call(Executors.java:515)
	at java.base/java.util.concurrent.FutureTask.run(FutureTask.java:264)
	at java.base/java.util.concurrent.ThreadPoolExecutor.runWorker(ThreadPoolExecutor.java:1128)
	at java.base/java.util.concurrent.ThreadPoolExecutor$Worker.run(ThreadPoolExecutor.java:628)
	... 1 more
java.util.concurrent.ExecutionException: jetbrains.exodus.ExodusException
	at java.base/java.util.concurrent.FutureTask.report(FutureTask.java:122)
	at java.base/java.util.concurrent.FutureTask.get(FutureTask.java:191)
	at jetbrains.exodus.newLogConcept.MVCC.MVCCDataStructure.commitTransaction(MVCCDataStructure.java:299)
	at site.ycsb.db.XodusClient.insert(XodusClient.java:60)
	at site.ycsb.DBWrapper.insert(DBWrapper.java:227)
	at site.ycsb.workloads.CoreWorkload.doInsert(CoreWorkload.java:621)
	at site.ycsb.ClientThread.run(ClientThread.java:135)
	at java.base/java.lang.Thread.run(Thread.java:829)
Caused by: jetbrains.exodus.ExodusException
	at jetbrains.exodus.newLogConcept.garbageCollector.OperationLogGarbageCollector.moveAndRemoveRecordsFromLog(OperationLogGarbageCollector.java:69)
	at jetbrains.exodus.newLogConcept.garbageCollector.OperationLogGarbageCollector.clean(OperationLogGarbageCollector.java:51)
	at jetbrains.exodus.newLogConcept.MVCC.MVCCDataStructure.lambda$commitTransaction$1(MVCCDataStructure.java:297)
	at java.base/java.util.concurrent.Executors$RunnableAdapter.call(Executors.java:515)
	at java.base/java.util.concurrent.FutureTask.run(FutureTask.java:264)
	at java.base/java.util.concurrent.ThreadPoolExecutor.runWorker(ThreadPoolExecutor.java:1128)
	at java.base/java.util.concurrent.ThreadPoolExecutor$Worker.run(ThreadPoolExecutor.java:628)
	... 1 more
java.util.concurrent.ExecutionException: jetbrains.exodus.ExodusException
	at java.base/java.util.concurrent.FutureTask.report(FutureTask.java:122)
	at java.base/java.util.concurrent.FutureTask.get(FutureTask.java:191)
	at jetbrains.exodus.newLogConcept.MVCC.MVCCDataStructure.commitTransaction(MVCCDataStructure.java:299)
	at site.ycsb.db.XodusClient.insert(XodusClient.java:60)
	at site.ycsb.DBWrapper.insert(DBWrapper.java:227)
	at site.ycsb.workloads.CoreWorkload.doInsert(CoreWorkload.java:621)
	at site.ycsb.ClientThread.run(ClientThread.java:135)
	at java.base/java.lang.Thread.run(Thread.java:829)
Caused by: jetbrains.exodus.ExodusException
	at jetbrains.exodus.newLogConcept.garbageCollector.OperationLogGarbageCollector.moveAndRemoveRecordsFromLog(OperationLogGarbageCollector.java:69)
	at jetbrains.exodus.newLogConcept.garbageCollector.OperationLogGarbageCollector.clean(OperationLogGarbageCollector.java:51)
	at jetbrains.exodus.newLogConcept.MVCC.MVCCDataStructure.lambda$commitTransaction$1(MVCCDataStructure.java:297)
	at java.base/java.util.concurrent.Executors$RunnableAdapter.call(Executors.java:515)
	at java.base/java.util.concurrent.FutureTask.run(FutureTask.java:264)
	at java.base/java.util.concurrent.ThreadPoolExecutor.runWorker(ThreadPoolExecutor.java:1128)
	at java.base/java.util.concurrent.ThreadPoolExecutor$Worker.run(ThreadPoolExecutor.java:628)
	... 1 more
java.util.concurrent.ExecutionException: jetbrains.exodus.ExodusException
	at java.base/java.util.concurrent.FutureTask.report(FutureTask.java:122)
	at java.base/java.util.concurrent.FutureTask.get(FutureTask.java:191)
	at jetbrains.exodus.newLogConcept.MVCC.MVCCDataStructure.commitTransaction(MVCCDataStructure.java:299)
	at site.ycsb.db.XodusClient.insert(XodusClient.java:60)
	at site.ycsb.DBWrapper.insert(DBWrapper.java:227)
	at site.ycsb.workloads.CoreWorkload.doInsert(CoreWorkload.java:621)
	at site.ycsb.ClientThread.run(ClientThread.java:135)
	at java.base/java.lang.Thread.run(Thread.java:829)
Caused by: jetbrains.exodus.ExodusException
	at jetbrains.exodus.newLogConcept.garbageCollector.OperationLogGarbageCollector.moveAndRemoveRecordsFromLog(OperationLogGarbageCollector.java:69)
	at jetbrains.exodus.newLogConcept.garbageCollector.OperationLogGarbageCollector.clean(OperationLogGarbageCollector.java:51)
	at jetbrains.exodus.newLogConcept.MVCC.MVCCDataStructure.lambda$commitTransaction$1(MVCCDataStructure.java:297)
	at java.base/java.util.concurrent.Executors$RunnableAdapter.call(Executors.java:515)
	at java.base/java.util.concurrent.FutureTask.run(FutureTask.java:264)
	at java.base/java.util.concurrent.ThreadPoolExecutor.runWorker(ThreadPoolExecutor.java:1128)
	at java.base/java.util.concurrent.ThreadPoolExecutor$Worker.run(ThreadPoolExecutor.java:628)
	... 1 more
java.util.concurrent.ExecutionException: jetbrains.exodus.ExodusException
	at java.base/java.util.concurrent.FutureTask.report(FutureTask.java:122)
	at java.base/java.util.concurrent.FutureTask.get(FutureTask.java:191)
	at jetbrains.exodus.newLogConcept.MVCC.MVCCDataStructure.commitTransaction(MVCCDataStructure.java:299)
	at site.ycsb.db.XodusClient.insert(XodusClient.java:60)
	at site.ycsb.DBWrapper.insert(DBWrapper.java:227)
	at site.ycsb.workloads.CoreWorkload.doInsert(CoreWorkload.java:621)
	at site.ycsb.ClientThread.run(ClientThread.java:135)
	at java.base/java.lang.Thread.run(Thread.java:829)
Caused by: jetbrains.exodus.ExodusException
	at jetbrains.exodus.newLogConcept.garbageCollector.OperationLogGarbageCollector.moveAndRemoveRecordsFromLog(OperationLogGarbageCollector.java:69)
	at jetbrains.exodus.newLogConcept.garbageCollector.OperationLogGarbageCollector.clean(OperationLogGarbageCollector.java:51)
	at jetbrains.exodus.newLogConcept.MVCC.MVCCDataStructure.lambda$commitTransaction$1(MVCCDataStructure.java:297)
	at java.base/java.util.concurrent.Executors$RunnableAdapter.call(Executors.java:515)
	at java.base/java.util.concurrent.FutureTask.run(FutureTask.java:264)
	at java.base/java.util.concurrent.ThreadPoolExecutor.runWorker(ThreadPoolExecutor.java:1128)
	at java.base/java.util.concurrent.ThreadPoolExecutor$Worker.run(ThreadPoolExecutor.java:628)
	... 1 more
java.util.concurrent.ExecutionException: jetbrains.exodus.ExodusException
	at java.base/java.util.concurrent.FutureTask.report(FutureTask.java:122)
	at java.base/java.util.concurrent.FutureTask.get(FutureTask.java:191)
	at jetbrains.exodus.newLogConcept.MVCC.MVCCDataStructure.commitTransaction(MVCCDataStructure.java:299)
	at site.ycsb.db.XodusClient.insert(XodusClient.java:60)
	at site.ycsb.DBWrapper.insert(DBWrapper.java:227)
	at site.ycsb.workloads.CoreWorkload.doInsert(CoreWorkload.java:621)
	at site.ycsb.ClientThread.run(ClientThread.java:135)
	at java.base/java.lang.Thread.run(Thread.java:829)
Caused by: jetbrains.exodus.ExodusException
	at jetbrains.exodus.newLogConcept.garbageCollector.OperationLogGarbageCollector.moveAndRemoveRecordsFromLog(OperationLogGarbageCollector.java:69)
	at jetbrains.exodus.newLogConcept.garbageCollector.OperationLogGarbageCollector.clean(OperationLogGarbageCollector.java:51)
	at jetbrains.exodus.newLogConcept.MVCC.MVCCDataStructure.lambda$commitTransaction$1(MVCCDataStructure.java:297)
	at java.base/java.util.concurrent.Executors$RunnableAdapter.call(Executors.java:515)
	at java.base/java.util.concurrent.FutureTask.run(FutureTask.java:264)
	at java.base/java.util.concurrent.ThreadPoolExecutor.runWorker(ThreadPoolExecutor.java:1128)
	at java.base/java.util.concurrent.ThreadPoolExecutor$Worker.run(ThreadPoolExecutor.java:628)
	... 1 more
java.util.concurrent.ExecutionException: jetbrains.exodus.ExodusException
	at java.base/java.util.concurrent.FutureTask.report(FutureTask.java:122)
	at java.base/java.util.concurrent.FutureTask.get(FutureTask.java:191)
	at jetbrains.exodus.newLogConcept.MVCC.MVCCDataStructure.commitTransaction(MVCCDataStructure.java:299)
	at site.ycsb.db.XodusClient.insert(XodusClient.java:60)
	at site.ycsb.DBWrapper.insert(DBWrapper.java:227)
	at site.ycsb.workloads.CoreWorkload.doInsert(CoreWorkload.java:621)
	at site.ycsb.ClientThread.run(ClientThread.java:135)
	at java.base/java.lang.Thread.run(Thread.java:829)
Caused by: jetbrains.exodus.ExodusException
	at jetbrains.exodus.newLogConcept.garbageCollector.OperationLogGarbageCollector.moveAndRemoveRecordsFromLog(OperationLogGarbageCollector.java:69)
	at jetbrains.exodus.newLogConcept.garbageCollector.OperationLogGarbageCollector.clean(OperationLogGarbageCollector.java:51)
	at jetbrains.exodus.newLogConcept.MVCC.MVCCDataStructure.lambda$commitTransaction$1(MVCCDataStructure.java:297)
	at java.base/java.util.concurrent.Executors$RunnableAdapter.call(Executors.java:515)
	at java.base/java.util.concurrent.FutureTask.run(FutureTask.java:264)
	at java.base/java.util.concurrent.ThreadPoolExecutor.runWorker(ThreadPoolExecutor.java:1128)
	at java.base/java.util.concurrent.ThreadPoolExecutor$Worker.run(ThreadPoolExecutor.java:628)
	... 1 more
java.util.concurrent.ExecutionException: jetbrains.exodus.ExodusException
	at java.base/java.util.concurrent.FutureTask.report(FutureTask.java:122)
	at java.base/java.util.concurrent.FutureTask.get(FutureTask.java:191)
	at jetbrains.exodus.newLogConcept.MVCC.MVCCDataStructure.commitTransaction(MVCCDataStructure.java:299)
	at site.ycsb.db.XodusClient.insert(XodusClient.java:60)
	at site.ycsb.DBWrapper.insert(DBWrapper.java:227)
	at site.ycsb.workloads.CoreWorkload.doInsert(CoreWorkload.java:621)
	at site.ycsb.ClientThread.run(ClientThread.java:135)
	at java.base/java.lang.Thread.run(Thread.java:829)
Caused by: jetbrains.exodus.ExodusException
	at jetbrains.exodus.newLogConcept.garbageCollector.OperationLogGarbageCollector.moveAndRemoveRecordsFromLog(OperationLogGarbageCollector.java:69)
	at jetbrains.exodus.newLogConcept.garbageCollector.OperationLogGarbageCollector.clean(OperationLogGarbageCollector.java:51)
	at jetbrains.exodus.newLogConcept.MVCC.MVCCDataStructure.lambda$commitTransaction$1(MVCCDataStructure.java:297)
	at java.base/java.util.concurrent.Executors$RunnableAdapter.call(Executors.java:515)
	at java.base/java.util.concurrent.FutureTask.run(FutureTask.java:264)
	at java.base/java.util.concurrent.ThreadPoolExecutor.runWorker(ThreadPoolExecutor.java:1128)
	at java.base/java.util.concurrent.ThreadPoolExecutor$Worker.run(ThreadPoolExecutor.java:628)
	... 1 more
java.util.concurrent.ExecutionException: jetbrains.exodus.ExodusException
	at java.base/java.util.concurrent.FutureTask.report(FutureTask.java:122)
	at java.base/java.util.concurrent.FutureTask.get(FutureTask.java:191)
	at jetbrains.exodus.newLogConcept.MVCC.MVCCDataStructure.commitTransaction(MVCCDataStructure.java:299)
	at site.ycsb.db.XodusClient.insert(XodusClient.java:60)
	at site.ycsb.DBWrapper.insert(DBWrapper.java:227)
	at site.ycsb.workloads.CoreWorkload.doInsert(CoreWorkload.java:621)
	at site.ycsb.ClientThread.run(ClientThread.java:135)
	at java.base/java.lang.Thread.run(Thread.java:829)
Caused by: jetbrains.exodus.ExodusException
	at jetbrains.exodus.newLogConcept.garbageCollector.OperationLogGarbageCollector.moveAndRemoveRecordsFromLog(OperationLogGarbageCollector.java:69)
	at jetbrains.exodus.newLogConcept.garbageCollector.OperationLogGarbageCollector.clean(OperationLogGarbageCollector.java:51)
	at jetbrains.exodus.newLogConcept.MVCC.MVCCDataStructure.lambda$commitTransaction$1(MVCCDataStructure.java:297)
	at java.base/java.util.concurrent.Executors$RunnableAdapter.call(Executors.java:515)
	at java.base/java.util.concurrent.FutureTask.run(FutureTask.java:264)
	at java.base/java.util.concurrent.ThreadPoolExecutor.runWorker(ThreadPoolExecutor.java:1128)
	at java.base/java.util.concurrent.ThreadPoolExecutor$Worker.run(ThreadPoolExecutor.java:628)
	... 1 more
java.util.concurrent.ExecutionException: jetbrains.exodus.ExodusException
	at java.base/java.util.concurrent.FutureTask.report(FutureTask.java:122)
	at java.base/java.util.concurrent.FutureTask.get(FutureTask.java:191)
	at jetbrains.exodus.newLogConcept.MVCC.MVCCDataStructure.commitTransaction(MVCCDataStructure.java:299)
	at site.ycsb.db.XodusClient.insert(XodusClient.java:60)
	at site.ycsb.DBWrapper.insert(DBWrapper.java:227)
	at site.ycsb.workloads.CoreWorkload.doInsert(CoreWorkload.java:621)
	at site.ycsb.ClientThread.run(ClientThread.java:135)
	at java.base/java.lang.Thread.run(Thread.java:829)
Caused by: jetbrains.exodus.ExodusException
	at jetbrains.exodus.newLogConcept.garbageCollector.OperationLogGarbageCollector.moveAndRemoveRecordsFromLog(OperationLogGarbageCollector.java:69)
	at jetbrains.exodus.newLogConcept.garbageCollector.OperationLogGarbageCollector.clean(OperationLogGarbageCollector.java:51)
	at jetbrains.exodus.newLogConcept.MVCC.MVCCDataStructure.lambda$commitTransaction$1(MVCCDataStructure.java:297)
	at java.base/java.util.concurrent.Executors$RunnableAdapter.call(Executors.java:515)
	at java.base/java.util.concurrent.FutureTask.run(FutureTask.java:264)
	at java.base/java.util.concurrent.ThreadPoolExecutor.runWorker(ThreadPoolExecutor.java:1128)
	at java.base/java.util.concurrent.ThreadPoolExecutor$Worker.run(ThreadPoolExecutor.java:628)
	... 1 more
java.util.concurrent.ExecutionException: jetbrains.exodus.ExodusException
	at java.base/java.util.concurrent.FutureTask.report(FutureTask.java:122)
	at java.base/java.util.concurrent.FutureTask.get(FutureTask.java:191)
	at jetbrains.exodus.newLogConcept.MVCC.MVCCDataStructure.commitTransaction(MVCCDataStructure.java:299)
	at site.ycsb.db.XodusClient.insert(XodusClient.java:60)
	at site.ycsb.DBWrapper.insert(DBWrapper.java:227)
	at site.ycsb.workloads.CoreWorkload.doInsert(CoreWorkload.java:621)
	at site.ycsb.ClientThread.run(ClientThread.java:135)
	at java.base/java.lang.Thread.run(Thread.java:829)
Caused by: jetbrains.exodus.ExodusException
	at jetbrains.exodus.newLogConcept.garbageCollector.OperationLogGarbageCollector.moveAndRemoveRecordsFromLog(OperationLogGarbageCollector.java:69)
	at jetbrains.exodus.newLogConcept.garbageCollector.OperationLogGarbageCollector.clean(OperationLogGarbageCollector.java:51)
	at jetbrains.exodus.newLogConcept.MVCC.MVCCDataStructure.lambda$commitTransaction$1(MVCCDataStructure.java:297)
	at java.base/java.util.concurrent.Executors$RunnableAdapter.call(Executors.java:515)
	at java.base/java.util.concurrent.FutureTask.run(FutureTask.java:264)
	at java.base/java.util.concurrent.ThreadPoolExecutor.runWorker(ThreadPoolExecutor.java:1128)
	at java.base/java.util.concurrent.ThreadPoolExecutor$Worker.run(ThreadPoolExecutor.java:628)
	... 1 more
java.util.concurrent.ExecutionException: jetbrains.exodus.ExodusException
	at java.base/java.util.concurrent.FutureTask.report(FutureTask.java:122)
	at java.base/java.util.concurrent.FutureTask.get(FutureTask.java:191)
	at jetbrains.exodus.newLogConcept.MVCC.MVCCDataStructure.commitTransaction(MVCCDataStructure.java:299)
	at site.ycsb.db.XodusClient.insert(XodusClient.java:60)
	at site.ycsb.DBWrapper.insert(DBWrapper.java:227)
	at site.ycsb.workloads.CoreWorkload.doInsert(CoreWorkload.java:621)
	at site.ycsb.ClientThread.run(ClientThread.java:135)
	at java.base/java.lang.Thread.run(Thread.java:829)
Caused by: jetbrains.exodus.ExodusException
	at jetbrains.exodus.newLogConcept.garbageCollector.OperationLogGarbageCollector.moveAndRemoveRecordsFromLog(OperationLogGarbageCollector.java:69)
	at jetbrains.exodus.newLogConcept.garbageCollector.OperationLogGarbageCollector.clean(OperationLogGarbageCollector.java:51)
	at jetbrains.exodus.newLogConcept.MVCC.MVCCDataStructure.lambda$commitTransaction$1(MVCCDataStructure.java:297)
	at java.base/java.util.concurrent.Executors$RunnableAdapter.call(Executors.java:515)
	at java.base/java.util.concurrent.FutureTask.run(FutureTask.java:264)
	at java.base/java.util.concurrent.ThreadPoolExecutor.runWorker(ThreadPoolExecutor.java:1128)
	at java.base/java.util.concurrent.ThreadPoolExecutor$Worker.run(ThreadPoolExecutor.java:628)
	... 1 more
java.util.concurrent.ExecutionException: jetbrains.exodus.ExodusException
	at java.base/java.util.concurrent.FutureTask.report(FutureTask.java:122)
	at java.base/java.util.concurrent.FutureTask.get(FutureTask.java:191)
	at jetbrains.exodus.newLogConcept.MVCC.MVCCDataStructure.commitTransaction(MVCCDataStructure.java:299)
	at site.ycsb.db.XodusClient.insert(XodusClient.java:60)
	at site.ycsb.DBWrapper.insert(DBWrapper.java:227)
	at site.ycsb.workloads.CoreWorkload.doInsert(CoreWorkload.java:621)
	at site.ycsb.ClientThread.run(ClientThread.java:135)
	at java.base/java.lang.Thread.run(Thread.java:829)
Caused by: jetbrains.exodus.ExodusException
	at jetbrains.exodus.newLogConcept.garbageCollector.OperationLogGarbageCollector.moveAndRemoveRecordsFromLog(OperationLogGarbageCollector.java:69)
	at jetbrains.exodus.newLogConcept.garbageCollector.OperationLogGarbageCollector.clean(OperationLogGarbageCollector.java:51)
	at jetbrains.exodus.newLogConcept.MVCC.MVCCDataStructure.lambda$commitTransaction$1(MVCCDataStructure.java:297)
	at java.base/java.util.concurrent.Executors$RunnableAdapter.call(Executors.java:515)
	at java.base/java.util.concurrent.FutureTask.run(FutureTask.java:264)
	at java.base/java.util.concurrent.ThreadPoolExecutor.runWorker(ThreadPoolExecutor.java:1128)
	at java.base/java.util.concurrent.ThreadPoolExecutor$Worker.run(ThreadPoolExecutor.java:628)
	... 1 more
java.util.concurrent.ExecutionException: jetbrains.exodus.ExodusException
	at java.base/java.util.concurrent.FutureTask.report(FutureTask.java:122)
	at java.base/java.util.concurrent.FutureTask.get(FutureTask.java:191)
	at jetbrains.exodus.newLogConcept.MVCC.MVCCDataStructure.commitTransaction(MVCCDataStructure.java:299)
	at site.ycsb.db.XodusClient.insert(XodusClient.java:60)
	at site.ycsb.DBWrapper.insert(DBWrapper.java:227)
	at site.ycsb.workloads.CoreWorkload.doInsert(CoreWorkload.java:621)
	at site.ycsb.ClientThread.run(ClientThread.java:135)
	at java.base/java.lang.Thread.run(Thread.java:829)
Caused by: jetbrains.exodus.ExodusException
	at jetbrains.exodus.newLogConcept.garbageCollector.OperationLogGarbageCollector.moveAndRemoveRecordsFromLog(OperationLogGarbageCollector.java:69)
	at jetbrains.exodus.newLogConcept.garbageCollector.OperationLogGarbageCollector.clean(OperationLogGarbageCollector.java:51)
	at jetbrains.exodus.newLogConcept.MVCC.MVCCDataStructure.lambda$commitTransaction$1(MVCCDataStructure.java:297)
	at java.base/java.util.concurrent.Executors$RunnableAdapter.call(Executors.java:515)
	at java.base/java.util.concurrent.FutureTask.run(FutureTask.java:264)
	at java.base/java.util.concurrent.ThreadPoolExecutor.runWorker(ThreadPoolExecutor.java:1128)
	at java.base/java.util.concurrent.ThreadPoolExecutor$Worker.run(ThreadPoolExecutor.java:628)
	... 1 more
java.util.concurrent.ExecutionException: jetbrains.exodus.ExodusException
	at java.base/java.util.concurrent.FutureTask.report(FutureTask.java:122)
	at java.base/java.util.concurrent.FutureTask.get(FutureTask.java:191)
	at jetbrains.exodus.newLogConcept.MVCC.MVCCDataStructure.commitTransaction(MVCCDataStructure.java:299)
	at site.ycsb.db.XodusClient.insert(XodusClient.java:60)
	at site.ycsb.DBWrapper.insert(DBWrapper.java:227)
	at site.ycsb.workloads.CoreWorkload.doInsert(CoreWorkload.java:621)
	at site.ycsb.ClientThread.run(ClientThread.java:135)
	at java.base/java.lang.Thread.run(Thread.java:829)
Caused by: jetbrains.exodus.ExodusException
	at jetbrains.exodus.newLogConcept.garbageCollector.OperationLogGarbageCollector.moveAndRemoveRecordsFromLog(OperationLogGarbageCollector.java:69)
	at jetbrains.exodus.newLogConcept.garbageCollector.OperationLogGarbageCollector.clean(OperationLogGarbageCollector.java:51)
	at jetbrains.exodus.newLogConcept.MVCC.MVCCDataStructure.lambda$commitTransaction$1(MVCCDataStructure.java:297)
	at java.base/java.util.concurrent.Executors$RunnableAdapter.call(Executors.java:515)
	at java.base/java.util.concurrent.FutureTask.run(FutureTask.java:264)
	at java.base/java.util.concurrent.ThreadPoolExecutor.runWorker(ThreadPoolExecutor.java:1128)
	at java.base/java.util.concurrent.ThreadPoolExecutor$Worker.run(ThreadPoolExecutor.java:628)
	... 1 more
java.util.concurrent.ExecutionException: jetbrains.exodus.ExodusException
	at java.base/java.util.concurrent.FutureTask.report(FutureTask.java:122)
	at java.base/java.util.concurrent.FutureTask.get(FutureTask.java:191)
	at jetbrains.exodus.newLogConcept.MVCC.MVCCDataStructure.commitTransaction(MVCCDataStructure.java:299)
	at site.ycsb.db.XodusClient.insert(XodusClient.java:60)
	at site.ycsb.DBWrapper.insert(DBWrapper.java:227)
	at site.ycsb.workloads.CoreWorkload.doInsert(CoreWorkload.java:621)
	at site.ycsb.ClientThread.run(ClientThread.java:135)
	at java.base/java.lang.Thread.run(Thread.java:829)
Caused by: jetbrains.exodus.ExodusException
	at jetbrains.exodus.newLogConcept.garbageCollector.OperationLogGarbageCollector.moveAndRemoveRecordsFromLog(OperationLogGarbageCollector.java:69)
	at jetbrains.exodus.newLogConcept.garbageCollector.OperationLogGarbageCollector.clean(OperationLogGarbageCollector.java:51)
	at jetbrains.exodus.newLogConcept.MVCC.MVCCDataStructure.lambda$commitTransaction$1(MVCCDataStructure.java:297)
	at java.base/java.util.concurrent.Executors$RunnableAdapter.call(Executors.java:515)
	at java.base/java.util.concurrent.FutureTask.run(FutureTask.java:264)
	at java.base/java.util.concurrent.ThreadPoolExecutor.runWorker(ThreadPoolExecutor.java:1128)
	at java.base/java.util.concurrent.ThreadPoolExecutor$Worker.run(ThreadPoolExecutor.java:628)
	... 1 more
java.util.concurrent.ExecutionException: jetbrains.exodus.ExodusException
	at java.base/java.util.concurrent.FutureTask.report(FutureTask.java:122)
	at java.base/java.util.concurrent.FutureTask.get(FutureTask.java:191)
	at jetbrains.exodus.newLogConcept.MVCC.MVCCDataStructure.commitTransaction(MVCCDataStructure.java:299)
	at site.ycsb.db.XodusClient.insert(XodusClient.java:60)
	at site.ycsb.DBWrapper.insert(DBWrapper.java:227)
	at site.ycsb.workloads.CoreWorkload.doInsert(CoreWorkload.java:621)
	at site.ycsb.ClientThread.run(ClientThread.java:135)
	at java.base/java.lang.Thread.run(Thread.java:829)
Caused by: jetbrains.exodus.ExodusException
	at jetbrains.exodus.newLogConcept.garbageCollector.OperationLogGarbageCollector.moveAndRemoveRecordsFromLog(OperationLogGarbageCollector.java:69)
	at jetbrains.exodus.newLogConcept.garbageCollector.OperationLogGarbageCollector.clean(OperationLogGarbageCollector.java:51)
	at jetbrains.exodus.newLogConcept.MVCC.MVCCDataStructure.lambda$commitTransaction$1(MVCCDataStructure.java:297)
	at java.base/java.util.concurrent.Executors$RunnableAdapter.call(Executors.java:515)
	at java.base/java.util.concurrent.FutureTask.run(FutureTask.java:264)
	at java.base/java.util.concurrent.ThreadPoolExecutor.runWorker(ThreadPoolExecutor.java:1128)
	at java.base/java.util.concurrent.ThreadPoolExecutor$Worker.run(ThreadPoolExecutor.java:628)
	... 1 more
java.util.concurrent.ExecutionException: jetbrains.exodus.ExodusException
	at java.base/java.util.concurrent.FutureTask.report(FutureTask.java:122)
	at java.base/java.util.concurrent.FutureTask.get(FutureTask.java:191)
	at jetbrains.exodus.newLogConcept.MVCC.MVCCDataStructure.commitTransaction(MVCCDataStructure.java:299)
	at site.ycsb.db.XodusClient.insert(XodusClient.java:60)
	at site.ycsb.DBWrapper.insert(DBWrapper.java:227)
	at site.ycsb.workloads.CoreWorkload.doInsert(CoreWorkload.java:621)
	at site.ycsb.ClientThread.run(ClientThread.java:135)
	at java.base/java.lang.Thread.run(Thread.java:829)
Caused by: jetbrains.exodus.ExodusException
	at jetbrains.exodus.newLogConcept.garbageCollector.OperationLogGarbageCollector.moveAndRemoveRecordsFromLog(OperationLogGarbageCollector.java:69)
	at jetbrains.exodus.newLogConcept.garbageCollector.OperationLogGarbageCollector.clean(OperationLogGarbageCollector.java:51)
	at jetbrains.exodus.newLogConcept.MVCC.MVCCDataStructure.lambda$commitTransaction$1(MVCCDataStructure.java:297)
	at java.base/java.util.concurrent.Executors$RunnableAdapter.call(Executors.java:515)
	at java.base/java.util.concurrent.FutureTask.run(FutureTask.java:264)
	at java.base/java.util.concurrent.ThreadPoolExecutor.runWorker(ThreadPoolExecutor.java:1128)
	at java.base/java.util.concurrent.ThreadPoolExecutor$Worker.run(ThreadPoolExecutor.java:628)
	... 1 more
java.util.concurrent.ExecutionException: jetbrains.exodus.ExodusException
	at java.base/java.util.concurrent.FutureTask.report(FutureTask.java:122)
	at java.base/java.util.concurrent.FutureTask.get(FutureTask.java:191)
	at jetbrains.exodus.newLogConcept.MVCC.MVCCDataStructure.commitTransaction(MVCCDataStructure.java:299)
	at site.ycsb.db.XodusClient.insert(XodusClient.java:60)
	at site.ycsb.DBWrapper.insert(DBWrapper.java:227)
	at site.ycsb.workloads.CoreWorkload.doInsert(CoreWorkload.java:621)
	at site.ycsb.ClientThread.run(ClientThread.java:135)
	at java.base/java.lang.Thread.run(Thread.java:829)
Caused by: jetbrains.exodus.ExodusException
	at jetbrains.exodus.newLogConcept.garbageCollector.OperationLogGarbageCollector.moveAndRemoveRecordsFromLog(OperationLogGarbageCollector.java:69)
	at jetbrains.exodus.newLogConcept.garbageCollector.OperationLogGarbageCollector.clean(OperationLogGarbageCollector.java:51)
	at jetbrains.exodus.newLogConcept.MVCC.MVCCDataStructure.lambda$commitTransaction$1(MVCCDataStructure.java:297)
	at java.base/java.util.concurrent.Executors$RunnableAdapter.call(Executors.java:515)
	at java.base/java.util.concurrent.FutureTask.run(FutureTask.java:264)
	at java.base/java.util.concurrent.ThreadPoolExecutor.runWorker(ThreadPoolExecutor.java:1128)
	at java.base/java.util.concurrent.ThreadPoolExecutor$Worker.run(ThreadPoolExecutor.java:628)
	... 1 more
java.util.concurrent.ExecutionException: jetbrains.exodus.ExodusException
	at java.base/java.util.concurrent.FutureTask.report(FutureTask.java:122)
	at java.base/java.util.concurrent.FutureTask.get(FutureTask.java:191)
	at jetbrains.exodus.newLogConcept.MVCC.MVCCDataStructure.commitTransaction(MVCCDataStructure.java:299)
	at site.ycsb.db.XodusClient.insert(XodusClient.java:60)
	at site.ycsb.DBWrapper.insert(DBWrapper.java:227)
	at site.ycsb.workloads.CoreWorkload.doInsert(CoreWorkload.java:621)
	at site.ycsb.ClientThread.run(ClientThread.java:135)
	at java.base/java.lang.Thread.run(Thread.java:829)
Caused by: jetbrains.exodus.ExodusException
	at jetbrains.exodus.newLogConcept.garbageCollector.OperationLogGarbageCollector.moveAndRemoveRecordsFromLog(OperationLogGarbageCollector.java:69)
	at jetbrains.exodus.newLogConcept.garbageCollector.OperationLogGarbageCollector.clean(OperationLogGarbageCollector.java:51)
	at jetbrains.exodus.newLogConcept.MVCC.MVCCDataStructure.lambda$commitTransaction$1(MVCCDataStructure.java:297)
	at java.base/java.util.concurrent.Executors$RunnableAdapter.call(Executors.java:515)
	at java.base/java.util.concurrent.FutureTask.run(FutureTask.java:264)
	at java.base/java.util.concurrent.ThreadPoolExecutor.runWorker(ThreadPoolExecutor.java:1128)
	at java.base/java.util.concurrent.ThreadPoolExecutor$Worker.run(ThreadPoolExecutor.java:628)
	... 1 more
java.util.concurrent.ExecutionException: jetbrains.exodus.ExodusException
	at java.base/java.util.concurrent.FutureTask.report(FutureTask.java:122)
	at java.base/java.util.concurrent.FutureTask.get(FutureTask.java:191)
	at jetbrains.exodus.newLogConcept.MVCC.MVCCDataStructure.commitTransaction(MVCCDataStructure.java:299)
	at site.ycsb.db.XodusClient.insert(XodusClient.java:60)
	at site.ycsb.DBWrapper.insert(DBWrapper.java:227)
	at site.ycsb.workloads.CoreWorkload.doInsert(CoreWorkload.java:621)
	at site.ycsb.ClientThread.run(ClientThread.java:135)
	at java.base/java.lang.Thread.run(Thread.java:829)
Caused by: jetbrains.exodus.ExodusException
	at jetbrains.exodus.newLogConcept.garbageCollector.OperationLogGarbageCollector.moveAndRemoveRecordsFromLog(OperationLogGarbageCollector.java:69)
	at jetbrains.exodus.newLogConcept.garbageCollector.OperationLogGarbageCollector.clean(OperationLogGarbageCollector.java:51)
	at jetbrains.exodus.newLogConcept.MVCC.MVCCDataStructure.lambda$commitTransaction$1(MVCCDataStructure.java:297)
	at java.base/java.util.concurrent.Executors$RunnableAdapter.call(Executors.java:515)
	at java.base/java.util.concurrent.FutureTask.run(FutureTask.java:264)
	at java.base/java.util.concurrent.ThreadPoolExecutor.runWorker(ThreadPoolExecutor.java:1128)
	at java.base/java.util.concurrent.ThreadPoolExecutor$Worker.run(ThreadPoolExecutor.java:628)
	... 1 more
java.util.concurrent.ExecutionException: jetbrains.exodus.ExodusException
	at java.base/java.util.concurrent.FutureTask.report(FutureTask.java:122)
	at java.base/java.util.concurrent.FutureTask.get(FutureTask.java:191)
	at jetbrains.exodus.newLogConcept.MVCC.MVCCDataStructure.commitTransaction(MVCCDataStructure.java:299)
	at site.ycsb.db.XodusClient.insert(XodusClient.java:60)
	at site.ycsb.DBWrapper.insert(DBWrapper.java:227)
	at site.ycsb.workloads.CoreWorkload.doInsert(CoreWorkload.java:621)
	at site.ycsb.ClientThread.run(ClientThread.java:135)
	at java.base/java.lang.Thread.run(Thread.java:829)
Caused by: jetbrains.exodus.ExodusException
	at jetbrains.exodus.newLogConcept.garbageCollector.OperationLogGarbageCollector.moveAndRemoveRecordsFromLog(OperationLogGarbageCollector.java:69)
	at jetbrains.exodus.newLogConcept.garbageCollector.OperationLogGarbageCollector.clean(OperationLogGarbageCollector.java:51)
	at jetbrains.exodus.newLogConcept.MVCC.MVCCDataStructure.lambda$commitTransaction$1(MVCCDataStructure.java:297)
	at java.base/java.util.concurrent.Executors$RunnableAdapter.call(Executors.java:515)
	at java.base/java.util.concurrent.FutureTask.run(FutureTask.java:264)
	at java.base/java.util.concurrent.ThreadPoolExecutor.runWorker(ThreadPoolExecutor.java:1128)
	at java.base/java.util.concurrent.ThreadPoolExecutor$Worker.run(ThreadPoolExecutor.java:628)
	... 1 more
java.util.concurrent.ExecutionException: jetbrains.exodus.ExodusException
	at java.base/java.util.concurrent.FutureTask.report(FutureTask.java:122)
	at java.base/java.util.concurrent.FutureTask.get(FutureTask.java:191)
	at jetbrains.exodus.newLogConcept.MVCC.MVCCDataStructure.commitTransaction(MVCCDataStructure.java:299)
	at site.ycsb.db.XodusClient.insert(XodusClient.java:60)
	at site.ycsb.DBWrapper.insert(DBWrapper.java:227)
	at site.ycsb.workloads.CoreWorkload.doInsert(CoreWorkload.java:621)
	at site.ycsb.ClientThread.run(ClientThread.java:135)
	at java.base/java.lang.Thread.run(Thread.java:829)
Caused by: jetbrains.exodus.ExodusException
	at jetbrains.exodus.newLogConcept.garbageCollector.OperationLogGarbageCollector.moveAndRemoveRecordsFromLog(OperationLogGarbageCollector.java:69)
	at jetbrains.exodus.newLogConcept.garbageCollector.OperationLogGarbageCollector.clean(OperationLogGarbageCollector.java:51)
	at jetbrains.exodus.newLogConcept.MVCC.MVCCDataStructure.lambda$commitTransaction$1(MVCCDataStructure.java:297)
	at java.base/java.util.concurrent.Executors$RunnableAdapter.call(Executors.java:515)
	at java.base/java.util.concurrent.FutureTask.run(FutureTask.java:264)
	at java.base/java.util.concurrent.ThreadPoolExecutor.runWorker(ThreadPoolExecutor.java:1128)
	at java.base/java.util.concurrent.ThreadPoolExecutor$Worker.run(ThreadPoolExecutor.java:628)
	... 1 more
java.util.concurrent.ExecutionException: jetbrains.exodus.ExodusException
	at java.base/java.util.concurrent.FutureTask.report(FutureTask.java:122)
	at java.base/java.util.concurrent.FutureTask.get(FutureTask.java:191)
	at jetbrains.exodus.newLogConcept.MVCC.MVCCDataStructure.commitTransaction(MVCCDataStructure.java:299)
	at site.ycsb.db.XodusClient.insert(XodusClient.java:60)
	at site.ycsb.DBWrapper.insert(DBWrapper.java:227)
	at site.ycsb.workloads.CoreWorkload.doInsert(CoreWorkload.java:621)
	at site.ycsb.ClientThread.run(ClientThread.java:135)
	at java.base/java.lang.Thread.run(Thread.java:829)
Caused by: jetbrains.exodus.ExodusException
	at jetbrains.exodus.newLogConcept.garbageCollector.OperationLogGarbageCollector.moveAndRemoveRecordsFromLog(OperationLogGarbageCollector.java:69)
	at jetbrains.exodus.newLogConcept.garbageCollector.OperationLogGarbageCollector.clean(OperationLogGarbageCollector.java:51)
	at jetbrains.exodus.newLogConcept.MVCC.MVCCDataStructure.lambda$commitTransaction$1(MVCCDataStructure.java:297)
	at java.base/java.util.concurrent.Executors$RunnableAdapter.call(Executors.java:515)
	at java.base/java.util.concurrent.FutureTask.run(FutureTask.java:264)
	at java.base/java.util.concurrent.ThreadPoolExecutor.runWorker(ThreadPoolExecutor.java:1128)
	at java.base/java.util.concurrent.ThreadPoolExecutor$Worker.run(ThreadPoolExecutor.java:628)
	... 1 more
java.util.concurrent.ExecutionException: jetbrains.exodus.ExodusException
	at java.base/java.util.concurrent.FutureTask.report(FutureTask.java:122)
	at java.base/java.util.concurrent.FutureTask.get(FutureTask.java:191)
	at jetbrains.exodus.newLogConcept.MVCC.MVCCDataStructure.commitTransaction(MVCCDataStructure.java:299)
	at site.ycsb.db.XodusClient.insert(XodusClient.java:60)
	at site.ycsb.DBWrapper.insert(DBWrapper.java:227)
	at site.ycsb.workloads.CoreWorkload.doInsert(CoreWorkload.java:621)
	at site.ycsb.ClientThread.run(ClientThread.java:135)
	at java.base/java.lang.Thread.run(Thread.java:829)
Caused by: jetbrains.exodus.ExodusException
	at jetbrains.exodus.newLogConcept.garbageCollector.OperationLogGarbageCollector.moveAndRemoveRecordsFromLog(OperationLogGarbageCollector.java:69)
	at jetbrains.exodus.newLogConcept.garbageCollector.OperationLogGarbageCollector.clean(OperationLogGarbageCollector.java:51)
	at jetbrains.exodus.newLogConcept.MVCC.MVCCDataStructure.lambda$commitTransaction$1(MVCCDataStructure.java:297)
	at java.base/java.util.concurrent.Executors$RunnableAdapter.call(Executors.java:515)
	at java.base/java.util.concurrent.FutureTask.run(FutureTask.java:264)
	at java.base/java.util.concurrent.ThreadPoolExecutor.runWorker(ThreadPoolExecutor.java:1128)
	at java.base/java.util.concurrent.ThreadPoolExecutor$Worker.run(ThreadPoolExecutor.java:628)
	... 1 more
java.util.concurrent.ExecutionException: jetbrains.exodus.ExodusException
	at java.base/java.util.concurrent.FutureTask.report(FutureTask.java:122)
	at java.base/java.util.concurrent.FutureTask.get(FutureTask.java:191)
	at jetbrains.exodus.newLogConcept.MVCC.MVCCDataStructure.commitTransaction(MVCCDataStructure.java:299)
	at site.ycsb.db.XodusClient.insert(XodusClient.java:60)
	at site.ycsb.DBWrapper.insert(DBWrapper.java:227)
	at site.ycsb.workloads.CoreWorkload.doInsert(CoreWorkload.java:621)
	at site.ycsb.ClientThread.run(ClientThread.java:135)
	at java.base/java.lang.Thread.run(Thread.java:829)
Caused by: jetbrains.exodus.ExodusException
	at jetbrains.exodus.newLogConcept.garbageCollector.OperationLogGarbageCollector.moveAndRemoveRecordsFromLog(OperationLogGarbageCollector.java:69)
	at jetbrains.exodus.newLogConcept.garbageCollector.OperationLogGarbageCollector.clean(OperationLogGarbageCollector.java:51)
	at jetbrains.exodus.newLogConcept.MVCC.MVCCDataStructure.lambda$commitTransaction$1(MVCCDataStructure.java:297)
	at java.base/java.util.concurrent.Executors$RunnableAdapter.call(Executors.java:515)
	at java.base/java.util.concurrent.FutureTask.run(FutureTask.java:264)
	at java.base/java.util.concurrent.ThreadPoolExecutor.runWorker(ThreadPoolExecutor.java:1128)
	at java.base/java.util.concurrent.ThreadPoolExecutor$Worker.run(ThreadPoolExecutor.java:628)
	... 1 more
java.util.concurrent.ExecutionException: jetbrains.exodus.ExodusException
	at java.base/java.util.concurrent.FutureTask.report(FutureTask.java:122)
	at java.base/java.util.concurrent.FutureTask.get(FutureTask.java:191)
	at jetbrains.exodus.newLogConcept.MVCC.MVCCDataStructure.commitTransaction(MVCCDataStructure.java:299)
	at site.ycsb.db.XodusClient.insert(XodusClient.java:60)
	at site.ycsb.DBWrapper.insert(DBWrapper.java:227)
	at site.ycsb.workloads.CoreWorkload.doInsert(CoreWorkload.java:621)
	at site.ycsb.ClientThread.run(ClientThread.java:135)
	at java.base/java.lang.Thread.run(Thread.java:829)
Caused by: jetbrains.exodus.ExodusException
	at jetbrains.exodus.newLogConcept.garbageCollector.OperationLogGarbageCollector.moveAndRemoveRecordsFromLog(OperationLogGarbageCollector.java:69)
	at jetbrains.exodus.newLogConcept.garbageCollector.OperationLogGarbageCollector.clean(OperationLogGarbageCollector.java:51)
	at jetbrains.exodus.newLogConcept.MVCC.MVCCDataStructure.lambda$commitTransaction$1(MVCCDataStructure.java:297)
	at java.base/java.util.concurrent.Executors$RunnableAdapter.call(Executors.java:515)
	at java.base/java.util.concurrent.FutureTask.run(FutureTask.java:264)
	at java.base/java.util.concurrent.ThreadPoolExecutor.runWorker(ThreadPoolExecutor.java:1128)
	at java.base/java.util.concurrent.ThreadPoolExecutor$Worker.run(ThreadPoolExecutor.java:628)
	... 1 more
java.util.concurrent.ExecutionException: jetbrains.exodus.ExodusException
	at java.base/java.util.concurrent.FutureTask.report(FutureTask.java:122)
	at java.base/java.util.concurrent.FutureTask.get(FutureTask.java:191)
	at jetbrains.exodus.newLogConcept.MVCC.MVCCDataStructure.commitTransaction(MVCCDataStructure.java:299)
	at site.ycsb.db.XodusClient.insert(XodusClient.java:60)
	at site.ycsb.DBWrapper.insert(DBWrapper.java:227)
	at site.ycsb.workloads.CoreWorkload.doInsert(CoreWorkload.java:621)
	at site.ycsb.ClientThread.run(ClientThread.java:135)
	at java.base/java.lang.Thread.run(Thread.java:829)
Caused by: jetbrains.exodus.ExodusException
	at jetbrains.exodus.newLogConcept.garbageCollector.OperationLogGarbageCollector.moveAndRemoveRecordsFromLog(OperationLogGarbageCollector.java:69)
	at jetbrains.exodus.newLogConcept.garbageCollector.OperationLogGarbageCollector.clean(OperationLogGarbageCollector.java:51)
	at jetbrains.exodus.newLogConcept.MVCC.MVCCDataStructure.lambda$commitTransaction$1(MVCCDataStructure.java:297)
	at java.base/java.util.concurrent.Executors$RunnableAdapter.call(Executors.java:515)
	at java.base/java.util.concurrent.FutureTask.run(FutureTask.java:264)
	at java.base/java.util.concurrent.ThreadPoolExecutor.runWorker(ThreadPoolExecutor.java:1128)
	at java.base/java.util.concurrent.ThreadPoolExecutor$Worker.run(ThreadPoolExecutor.java:628)
	... 1 more
java.util.concurrent.ExecutionException: jetbrains.exodus.ExodusException
	at java.base/java.util.concurrent.FutureTask.report(FutureTask.java:122)
	at java.base/java.util.concurrent.FutureTask.get(FutureTask.java:191)
	at jetbrains.exodus.newLogConcept.MVCC.MVCCDataStructure.commitTransaction(MVCCDataStructure.java:299)
	at site.ycsb.db.XodusClient.insert(XodusClient.java:60)
	at site.ycsb.DBWrapper.insert(DBWrapper.java:227)
	at site.ycsb.workloads.CoreWorkload.doInsert(CoreWorkload.java:621)
	at site.ycsb.ClientThread.run(ClientThread.java:135)
	at java.base/java.lang.Thread.run(Thread.java:829)
Caused by: jetbrains.exodus.ExodusException
	at jetbrains.exodus.newLogConcept.garbageCollector.OperationLogGarbageCollector.moveAndRemoveRecordsFromLog(OperationLogGarbageCollector.java:69)
	at jetbrains.exodus.newLogConcept.garbageCollector.OperationLogGarbageCollector.clean(OperationLogGarbageCollector.java:51)
	at jetbrains.exodus.newLogConcept.MVCC.MVCCDataStructure.lambda$commitTransaction$1(MVCCDataStructure.java:297)
	at java.base/java.util.concurrent.Executors$RunnableAdapter.call(Executors.java:515)
	at java.base/java.util.concurrent.FutureTask.run(FutureTask.java:264)
	at java.base/java.util.concurrent.ThreadPoolExecutor.runWorker(ThreadPoolExecutor.java:1128)
	at java.base/java.util.concurrent.ThreadPoolExecutor$Worker.run(ThreadPoolExecutor.java:628)
	... 1 more
java.util.concurrent.ExecutionException: jetbrains.exodus.ExodusException
	at java.base/java.util.concurrent.FutureTask.report(FutureTask.java:122)
	at java.base/java.util.concurrent.FutureTask.get(FutureTask.java:191)
	at jetbrains.exodus.newLogConcept.MVCC.MVCCDataStructure.commitTransaction(MVCCDataStructure.java:299)
	at site.ycsb.db.XodusClient.insert(XodusClient.java:60)
	at site.ycsb.DBWrapper.insert(DBWrapper.java:227)
	at site.ycsb.workloads.CoreWorkload.doInsert(CoreWorkload.java:621)
	at site.ycsb.ClientThread.run(ClientThread.java:135)
	at java.base/java.lang.Thread.run(Thread.java:829)
Caused by: jetbrains.exodus.ExodusException
	at jetbrains.exodus.newLogConcept.garbageCollector.OperationLogGarbageCollector.moveAndRemoveRecordsFromLog(OperationLogGarbageCollector.java:69)
	at jetbrains.exodus.newLogConcept.garbageCollector.OperationLogGarbageCollector.clean(OperationLogGarbageCollector.java:51)
	at jetbrains.exodus.newLogConcept.MVCC.MVCCDataStructure.lambda$commitTransaction$1(MVCCDataStructure.java:297)
	at java.base/java.util.concurrent.Executors$RunnableAdapter.call(Executors.java:515)
	at java.base/java.util.concurrent.FutureTask.run(FutureTask.java:264)
	at java.base/java.util.concurrent.ThreadPoolExecutor.runWorker(ThreadPoolExecutor.java:1128)
	at java.base/java.util.concurrent.ThreadPoolExecutor$Worker.run(ThreadPoolExecutor.java:628)
	... 1 more
java.util.concurrent.ExecutionException: jetbrains.exodus.ExodusException
	at java.base/java.util.concurrent.FutureTask.report(FutureTask.java:122)
	at java.base/java.util.concurrent.FutureTask.get(FutureTask.java:191)
	at jetbrains.exodus.newLogConcept.MVCC.MVCCDataStructure.commitTransaction(MVCCDataStructure.java:299)
	at site.ycsb.db.XodusClient.insert(XodusClient.java:60)
	at site.ycsb.DBWrapper.insert(DBWrapper.java:227)
	at site.ycsb.workloads.CoreWorkload.doInsert(CoreWorkload.java:621)
	at site.ycsb.ClientThread.run(ClientThread.java:135)
	at java.base/java.lang.Thread.run(Thread.java:829)
Caused by: jetbrains.exodus.ExodusException
	at jetbrains.exodus.newLogConcept.garbageCollector.OperationLogGarbageCollector.moveAndRemoveRecordsFromLog(OperationLogGarbageCollector.java:69)
	at jetbrains.exodus.newLogConcept.garbageCollector.OperationLogGarbageCollector.clean(OperationLogGarbageCollector.java:51)
	at jetbrains.exodus.newLogConcept.MVCC.MVCCDataStructure.lambda$commitTransaction$1(MVCCDataStructure.java:297)
	at java.base/java.util.concurrent.Executors$RunnableAdapter.call(Executors.java:515)
	at java.base/java.util.concurrent.FutureTask.run(FutureTask.java:264)
	at java.base/java.util.concurrent.ThreadPoolExecutor.runWorker(ThreadPoolExecutor.java:1128)
	at java.base/java.util.concurrent.ThreadPoolExecutor$Worker.run(ThreadPoolExecutor.java:628)
	... 1 more
java.util.concurrent.ExecutionException: jetbrains.exodus.ExodusException
	at java.base/java.util.concurrent.FutureTask.report(FutureTask.java:122)
	at java.base/java.util.concurrent.FutureTask.get(FutureTask.java:191)
	at jetbrains.exodus.newLogConcept.MVCC.MVCCDataStructure.commitTransaction(MVCCDataStructure.java:299)
	at site.ycsb.db.XodusClient.insert(XodusClient.java:60)
	at site.ycsb.DBWrapper.insert(DBWrapper.java:227)
	at site.ycsb.workloads.CoreWorkload.doInsert(CoreWorkload.java:621)
	at site.ycsb.ClientThread.run(ClientThread.java:135)
	at java.base/java.lang.Thread.run(Thread.java:829)
Caused by: jetbrains.exodus.ExodusException
	at jetbrains.exodus.newLogConcept.garbageCollector.OperationLogGarbageCollector.moveAndRemoveRecordsFromLog(OperationLogGarbageCollector.java:69)
	at jetbrains.exodus.newLogConcept.garbageCollector.OperationLogGarbageCollector.clean(OperationLogGarbageCollector.java:51)
	at jetbrains.exodus.newLogConcept.MVCC.MVCCDataStructure.lambda$commitTransaction$1(MVCCDataStructure.java:297)
	at java.base/java.util.concurrent.Executors$RunnableAdapter.call(Executors.java:515)
	at java.base/java.util.concurrent.FutureTask.run(FutureTask.java:264)
	at java.base/java.util.concurrent.ThreadPoolExecutor.runWorker(ThreadPoolExecutor.java:1128)
	at java.base/java.util.concurrent.ThreadPoolExecutor$Worker.run(ThreadPoolExecutor.java:628)
	... 1 more
java.util.concurrent.ExecutionException: jetbrains.exodus.ExodusException
	at java.base/java.util.concurrent.FutureTask.report(FutureTask.java:122)
	at java.base/java.util.concurrent.FutureTask.get(FutureTask.java:191)
	at jetbrains.exodus.newLogConcept.MVCC.MVCCDataStructure.commitTransaction(MVCCDataStructure.java:299)
	at site.ycsb.db.XodusClient.insert(XodusClient.java:60)
	at site.ycsb.DBWrapper.insert(DBWrapper.java:227)
	at site.ycsb.workloads.CoreWorkload.doInsert(CoreWorkload.java:621)
	at site.ycsb.ClientThread.run(ClientThread.java:135)
	at java.base/java.lang.Thread.run(Thread.java:829)
Caused by: jetbrains.exodus.ExodusException
	at jetbrains.exodus.newLogConcept.garbageCollector.OperationLogGarbageCollector.moveAndRemoveRecordsFromLog(OperationLogGarbageCollector.java:69)
	at jetbrains.exodus.newLogConcept.garbageCollector.OperationLogGarbageCollector.clean(OperationLogGarbageCollector.java:51)
	at jetbrains.exodus.newLogConcept.MVCC.MVCCDataStructure.lambda$commitTransaction$1(MVCCDataStructure.java:297)
	at java.base/java.util.concurrent.Executors$RunnableAdapter.call(Executors.java:515)
	at java.base/java.util.concurrent.FutureTask.run(FutureTask.java:264)
	at java.base/java.util.concurrent.ThreadPoolExecutor.runWorker(ThreadPoolExecutor.java:1128)
	at java.base/java.util.concurrent.ThreadPoolExecutor$Worker.run(ThreadPoolExecutor.java:628)
	... 1 more
java.util.concurrent.ExecutionException: jetbrains.exodus.ExodusException
	at java.base/java.util.concurrent.FutureTask.report(FutureTask.java:122)
	at java.base/java.util.concurrent.FutureTask.get(FutureTask.java:191)
	at jetbrains.exodus.newLogConcept.MVCC.MVCCDataStructure.commitTransaction(MVCCDataStructure.java:299)
	at site.ycsb.db.XodusClient.insert(XodusClient.java:60)
	at site.ycsb.DBWrapper.insert(DBWrapper.java:227)
	at site.ycsb.workloads.CoreWorkload.doInsert(CoreWorkload.java:621)
	at site.ycsb.ClientThread.run(ClientThread.java:135)
	at java.base/java.lang.Thread.run(Thread.java:829)
Caused by: jetbrains.exodus.ExodusException
	at jetbrains.exodus.newLogConcept.garbageCollector.OperationLogGarbageCollector.moveAndRemoveRecordsFromLog(OperationLogGarbageCollector.java:69)
	at jetbrains.exodus.newLogConcept.garbageCollector.OperationLogGarbageCollector.clean(OperationLogGarbageCollector.java:51)
	at jetbrains.exodus.newLogConcept.MVCC.MVCCDataStructure.lambda$commitTransaction$1(MVCCDataStructure.java:297)
	at java.base/java.util.concurrent.Executors$RunnableAdapter.call(Executors.java:515)
	at java.base/java.util.concurrent.FutureTask.run(FutureTask.java:264)
	at java.base/java.util.concurrent.ThreadPoolExecutor.runWorker(ThreadPoolExecutor.java:1128)
	at java.base/java.util.concurrent.ThreadPoolExecutor$Worker.run(ThreadPoolExecutor.java:628)
	... 1 more
java.util.concurrent.ExecutionException: jetbrains.exodus.ExodusException
	at java.base/java.util.concurrent.FutureTask.report(FutureTask.java:122)
	at java.base/java.util.concurrent.FutureTask.get(FutureTask.java:191)
	at jetbrains.exodus.newLogConcept.MVCC.MVCCDataStructure.commitTransaction(MVCCDataStructure.java:299)
	at site.ycsb.db.XodusClient.insert(XodusClient.java:60)
	at site.ycsb.DBWrapper.insert(DBWrapper.java:227)
	at site.ycsb.workloads.CoreWorkload.doInsert(CoreWorkload.java:621)
	at site.ycsb.ClientThread.run(ClientThread.java:135)
	at java.base/java.lang.Thread.run(Thread.java:829)
Caused by: jetbrains.exodus.ExodusException
	at jetbrains.exodus.newLogConcept.garbageCollector.OperationLogGarbageCollector.moveAndRemoveRecordsFromLog(OperationLogGarbageCollector.java:69)
	at jetbrains.exodus.newLogConcept.garbageCollector.OperationLogGarbageCollector.clean(OperationLogGarbageCollector.java:51)
	at jetbrains.exodus.newLogConcept.MVCC.MVCCDataStructure.lambda$commitTransaction$1(MVCCDataStructure.java:297)
	at java.base/java.util.concurrent.Executors$RunnableAdapter.call(Executors.java:515)
	at java.base/java.util.concurrent.FutureTask.run(FutureTask.java:264)
	at java.base/java.util.concurrent.ThreadPoolExecutor.runWorker(ThreadPoolExecutor.java:1128)
	at java.base/java.util.concurrent.ThreadPoolExecutor$Worker.run(ThreadPoolExecutor.java:628)
	... 1 more
java.util.concurrent.ExecutionException: jetbrains.exodus.ExodusException
	at java.base/java.util.concurrent.FutureTask.report(FutureTask.java:122)
	at java.base/java.util.concurrent.FutureTask.get(FutureTask.java:191)
	at jetbrains.exodus.newLogConcept.MVCC.MVCCDataStructure.commitTransaction(MVCCDataStructure.java:299)
	at site.ycsb.db.XodusClient.insert(XodusClient.java:60)
	at site.ycsb.DBWrapper.insert(DBWrapper.java:227)
	at site.ycsb.workloads.CoreWorkload.doInsert(CoreWorkload.java:621)
	at site.ycsb.ClientThread.run(ClientThread.java:135)
	at java.base/java.lang.Thread.run(Thread.java:829)
Caused by: jetbrains.exodus.ExodusException
	at jetbrains.exodus.newLogConcept.garbageCollector.OperationLogGarbageCollector.moveAndRemoveRecordsFromLog(OperationLogGarbageCollector.java:69)
	at jetbrains.exodus.newLogConcept.garbageCollector.OperationLogGarbageCollector.clean(OperationLogGarbageCollector.java:51)
	at jetbrains.exodus.newLogConcept.MVCC.MVCCDataStructure.lambda$commitTransaction$1(MVCCDataStructure.java:297)
	at java.base/java.util.concurrent.Executors$RunnableAdapter.call(Executors.java:515)
	at java.base/java.util.concurrent.FutureTask.run(FutureTask.java:264)
	at java.base/java.util.concurrent.ThreadPoolExecutor.runWorker(ThreadPoolExecutor.java:1128)
	at java.base/java.util.concurrent.ThreadPoolExecutor$Worker.run(ThreadPoolExecutor.java:628)
	... 1 more
java.util.concurrent.ExecutionException: jetbrains.exodus.ExodusException
	at java.base/java.util.concurrent.FutureTask.report(FutureTask.java:122)
	at java.base/java.util.concurrent.FutureTask.get(FutureTask.java:191)
	at jetbrains.exodus.newLogConcept.MVCC.MVCCDataStructure.commitTransaction(MVCCDataStructure.java:299)
	at site.ycsb.db.XodusClient.insert(XodusClient.java:60)
	at site.ycsb.DBWrapper.insert(DBWrapper.java:227)
	at site.ycsb.workloads.CoreWorkload.doInsert(CoreWorkload.java:621)
	at site.ycsb.ClientThread.run(ClientThread.java:135)
	at java.base/java.lang.Thread.run(Thread.java:829)
Caused by: jetbrains.exodus.ExodusException
	at jetbrains.exodus.newLogConcept.garbageCollector.OperationLogGarbageCollector.moveAndRemoveRecordsFromLog(OperationLogGarbageCollector.java:69)
	at jetbrains.exodus.newLogConcept.garbageCollector.OperationLogGarbageCollector.clean(OperationLogGarbageCollector.java:51)
	at jetbrains.exodus.newLogConcept.MVCC.MVCCDataStructure.lambda$commitTransaction$1(MVCCDataStructure.java:297)
	at java.base/java.util.concurrent.Executors$RunnableAdapter.call(Executors.java:515)
	at java.base/java.util.concurrent.FutureTask.run(FutureTask.java:264)
	at java.base/java.util.concurrent.ThreadPoolExecutor.runWorker(ThreadPoolExecutor.java:1128)
	at java.base/java.util.concurrent.ThreadPoolExecutor$Worker.run(ThreadPoolExecutor.java:628)
	... 1 more
java.util.concurrent.ExecutionException: jetbrains.exodus.ExodusException
	at java.base/java.util.concurrent.FutureTask.report(FutureTask.java:122)
	at java.base/java.util.concurrent.FutureTask.get(FutureTask.java:191)
	at jetbrains.exodus.newLogConcept.MVCC.MVCCDataStructure.commitTransaction(MVCCDataStructure.java:299)
	at site.ycsb.db.XodusClient.insert(XodusClient.java:60)
	at site.ycsb.DBWrapper.insert(DBWrapper.java:227)
	at site.ycsb.workloads.CoreWorkload.doInsert(CoreWorkload.java:621)
	at site.ycsb.ClientThread.run(ClientThread.java:135)
	at java.base/java.lang.Thread.run(Thread.java:829)
Caused by: jetbrains.exodus.ExodusException
	at jetbrains.exodus.newLogConcept.garbageCollector.OperationLogGarbageCollector.moveAndRemoveRecordsFromLog(OperationLogGarbageCollector.java:69)
	at jetbrains.exodus.newLogConcept.garbageCollector.OperationLogGarbageCollector.clean(OperationLogGarbageCollector.java:51)
	at jetbrains.exodus.newLogConcept.MVCC.MVCCDataStructure.lambda$commitTransaction$1(MVCCDataStructure.java:297)
	at java.base/java.util.concurrent.Executors$RunnableAdapter.call(Executors.java:515)
	at java.base/java.util.concurrent.FutureTask.run(FutureTask.java:264)
	at java.base/java.util.concurrent.ThreadPoolExecutor.runWorker(ThreadPoolExecutor.java:1128)
	at java.base/java.util.concurrent.ThreadPoolExecutor$Worker.run(ThreadPoolExecutor.java:628)
	... 1 more
java.util.concurrent.ExecutionException: jetbrains.exodus.ExodusException
	at java.base/java.util.concurrent.FutureTask.report(FutureTask.java:122)
	at java.base/java.util.concurrent.FutureTask.get(FutureTask.java:191)
	at jetbrains.exodus.newLogConcept.MVCC.MVCCDataStructure.commitTransaction(MVCCDataStructure.java:299)
	at site.ycsb.db.XodusClient.insert(XodusClient.java:60)
	at site.ycsb.DBWrapper.insert(DBWrapper.java:227)
	at site.ycsb.workloads.CoreWorkload.doInsert(CoreWorkload.java:621)
	at site.ycsb.ClientThread.run(ClientThread.java:135)
	at java.base/java.lang.Thread.run(Thread.java:829)
Caused by: jetbrains.exodus.ExodusException
	at jetbrains.exodus.newLogConcept.garbageCollector.OperationLogGarbageCollector.moveAndRemoveRecordsFromLog(OperationLogGarbageCollector.java:69)
	at jetbrains.exodus.newLogConcept.garbageCollector.OperationLogGarbageCollector.clean(OperationLogGarbageCollector.java:51)
	at jetbrains.exodus.newLogConcept.MVCC.MVCCDataStructure.lambda$commitTransaction$1(MVCCDataStructure.java:297)
	at java.base/java.util.concurrent.Executors$RunnableAdapter.call(Executors.java:515)
	at java.base/java.util.concurrent.FutureTask.run(FutureTask.java:264)
	at java.base/java.util.concurrent.ThreadPoolExecutor.runWorker(ThreadPoolExecutor.java:1128)
	at java.base/java.util.concurrent.ThreadPoolExecutor$Worker.run(ThreadPoolExecutor.java:628)
	... 1 more
java.util.concurrent.ExecutionException: jetbrains.exodus.ExodusException
	at java.base/java.util.concurrent.FutureTask.report(FutureTask.java:122)
	at java.base/java.util.concurrent.FutureTask.get(FutureTask.java:191)
	at jetbrains.exodus.newLogConcept.MVCC.MVCCDataStructure.commitTransaction(MVCCDataStructure.java:299)
	at site.ycsb.db.XodusClient.insert(XodusClient.java:60)
	at site.ycsb.DBWrapper.insert(DBWrapper.java:227)
	at site.ycsb.workloads.CoreWorkload.doInsert(CoreWorkload.java:621)
	at site.ycsb.ClientThread.run(ClientThread.java:135)
	at java.base/java.lang.Thread.run(Thread.java:829)
Caused by: jetbrains.exodus.ExodusException
	at jetbrains.exodus.newLogConcept.garbageCollector.OperationLogGarbageCollector.moveAndRemoveRecordsFromLog(OperationLogGarbageCollector.java:69)
	at jetbrains.exodus.newLogConcept.garbageCollector.OperationLogGarbageCollector.clean(OperationLogGarbageCollector.java:51)
	at jetbrains.exodus.newLogConcept.MVCC.MVCCDataStructure.lambda$commitTransaction$1(MVCCDataStructure.java:297)
	at java.base/java.util.concurrent.Executors$RunnableAdapter.call(Executors.java:515)
	at java.base/java.util.concurrent.FutureTask.run(FutureTask.java:264)
	at java.base/java.util.concurrent.ThreadPoolExecutor.runWorker(ThreadPoolExecutor.java:1128)
	at java.base/java.util.concurrent.ThreadPoolExecutor$Worker.run(ThreadPoolExecutor.java:628)
	... 1 more
java.util.concurrent.ExecutionException: jetbrains.exodus.ExodusException
	at java.base/java.util.concurrent.FutureTask.report(FutureTask.java:122)
	at java.base/java.util.concurrent.FutureTask.get(FutureTask.java:191)
	at jetbrains.exodus.newLogConcept.MVCC.MVCCDataStructure.commitTransaction(MVCCDataStructure.java:299)
	at site.ycsb.db.XodusClient.insert(XodusClient.java:60)
	at site.ycsb.DBWrapper.insert(DBWrapper.java:227)
	at site.ycsb.workloads.CoreWorkload.doInsert(CoreWorkload.java:621)
	at site.ycsb.ClientThread.run(ClientThread.java:135)
	at java.base/java.lang.Thread.run(Thread.java:829)
Caused by: jetbrains.exodus.ExodusException
	at jetbrains.exodus.newLogConcept.garbageCollector.OperationLogGarbageCollector.moveAndRemoveRecordsFromLog(OperationLogGarbageCollector.java:69)
	at jetbrains.exodus.newLogConcept.garbageCollector.OperationLogGarbageCollector.clean(OperationLogGarbageCollector.java:51)
	at jetbrains.exodus.newLogConcept.MVCC.MVCCDataStructure.lambda$commitTransaction$1(MVCCDataStructure.java:297)
	at java.base/java.util.concurrent.Executors$RunnableAdapter.call(Executors.java:515)
	at java.base/java.util.concurrent.FutureTask.run(FutureTask.java:264)
	at java.base/java.util.concurrent.ThreadPoolExecutor.runWorker(ThreadPoolExecutor.java:1128)
	at java.base/java.util.concurrent.ThreadPoolExecutor$Worker.run(ThreadPoolExecutor.java:628)
	... 1 more
java.util.concurrent.ExecutionException: jetbrains.exodus.ExodusException
	at java.base/java.util.concurrent.FutureTask.report(FutureTask.java:122)
	at java.base/java.util.concurrent.FutureTask.get(FutureTask.java:191)
	at jetbrains.exodus.newLogConcept.MVCC.MVCCDataStructure.commitTransaction(MVCCDataStructure.java:299)
	at site.ycsb.db.XodusClient.insert(XodusClient.java:60)
	at site.ycsb.DBWrapper.insert(DBWrapper.java:227)
	at site.ycsb.workloads.CoreWorkload.doInsert(CoreWorkload.java:621)
	at site.ycsb.ClientThread.run(ClientThread.java:135)
	at java.base/java.lang.Thread.run(Thread.java:829)
Caused by: jetbrains.exodus.ExodusException
	at jetbrains.exodus.newLogConcept.garbageCollector.OperationLogGarbageCollector.moveAndRemoveRecordsFromLog(OperationLogGarbageCollector.java:69)
	at jetbrains.exodus.newLogConcept.garbageCollector.OperationLogGarbageCollector.clean(OperationLogGarbageCollector.java:51)
	at jetbrains.exodus.newLogConcept.MVCC.MVCCDataStructure.lambda$commitTransaction$1(MVCCDataStructure.java:297)
	at java.base/java.util.concurrent.Executors$RunnableAdapter.call(Executors.java:515)
	at java.base/java.util.concurrent.FutureTask.run(FutureTask.java:264)
	at java.base/java.util.concurrent.ThreadPoolExecutor.runWorker(ThreadPoolExecutor.java:1128)
	at java.base/java.util.concurrent.ThreadPoolExecutor$Worker.run(ThreadPoolExecutor.java:628)
	... 1 more
java.util.concurrent.ExecutionException: jetbrains.exodus.ExodusException
	at java.base/java.util.concurrent.FutureTask.report(FutureTask.java:122)
	at java.base/java.util.concurrent.FutureTask.get(FutureTask.java:191)
	at jetbrains.exodus.newLogConcept.MVCC.MVCCDataStructure.commitTransaction(MVCCDataStructure.java:299)
	at site.ycsb.db.XodusClient.insert(XodusClient.java:60)
	at site.ycsb.DBWrapper.insert(DBWrapper.java:227)
	at site.ycsb.workloads.CoreWorkload.doInsert(CoreWorkload.java:621)
	at site.ycsb.ClientThread.run(ClientThread.java:135)
	at java.base/java.lang.Thread.run(Thread.java:829)
Caused by: jetbrains.exodus.ExodusException
	at jetbrains.exodus.newLogConcept.garbageCollector.OperationLogGarbageCollector.moveAndRemoveRecordsFromLog(OperationLogGarbageCollector.java:69)
	at jetbrains.exodus.newLogConcept.garbageCollector.OperationLogGarbageCollector.clean(OperationLogGarbageCollector.java:51)
	at jetbrains.exodus.newLogConcept.MVCC.MVCCDataStructure.lambda$commitTransaction$1(MVCCDataStructure.java:297)
	at java.base/java.util.concurrent.Executors$RunnableAdapter.call(Executors.java:515)
	at java.base/java.util.concurrent.FutureTask.run(FutureTask.java:264)
	at java.base/java.util.concurrent.ThreadPoolExecutor.runWorker(ThreadPoolExecutor.java:1128)
	at java.base/java.util.concurrent.ThreadPoolExecutor$Worker.run(ThreadPoolExecutor.java:628)
	... 1 more
java.util.concurrent.ExecutionException: jetbrains.exodus.ExodusException
	at java.base/java.util.concurrent.FutureTask.report(FutureTask.java:122)
	at java.base/java.util.concurrent.FutureTask.get(FutureTask.java:191)
	at jetbrains.exodus.newLogConcept.MVCC.MVCCDataStructure.commitTransaction(MVCCDataStructure.java:299)
	at site.ycsb.db.XodusClient.insert(XodusClient.java:60)
	at site.ycsb.DBWrapper.insert(DBWrapper.java:227)
	at site.ycsb.workloads.CoreWorkload.doInsert(CoreWorkload.java:621)
	at site.ycsb.ClientThread.run(ClientThread.java:135)
	at java.base/java.lang.Thread.run(Thread.java:829)
Caused by: jetbrains.exodus.ExodusException
	at jetbrains.exodus.newLogConcept.garbageCollector.OperationLogGarbageCollector.moveAndRemoveRecordsFromLog(OperationLogGarbageCollector.java:69)
	at jetbrains.exodus.newLogConcept.garbageCollector.OperationLogGarbageCollector.clean(OperationLogGarbageCollector.java:51)
	at jetbrains.exodus.newLogConcept.MVCC.MVCCDataStructure.lambda$commitTransaction$1(MVCCDataStructure.java:297)
	at java.base/java.util.concurrent.Executors$RunnableAdapter.call(Executors.java:515)
	at java.base/java.util.concurrent.FutureTask.run(FutureTask.java:264)
	at java.base/java.util.concurrent.ThreadPoolExecutor.runWorker(ThreadPoolExecutor.java:1128)
	at java.base/java.util.concurrent.ThreadPoolExecutor$Worker.run(ThreadPoolExecutor.java:628)
	... 1 more
java.util.concurrent.ExecutionException: jetbrains.exodus.ExodusException
	at java.base/java.util.concurrent.FutureTask.report(FutureTask.java:122)
	at java.base/java.util.concurrent.FutureTask.get(FutureTask.java:191)
	at jetbrains.exodus.newLogConcept.MVCC.MVCCDataStructure.commitTransaction(MVCCDataStructure.java:299)
	at site.ycsb.db.XodusClient.insert(XodusClient.java:60)
	at site.ycsb.DBWrapper.insert(DBWrapper.java:227)
	at site.ycsb.workloads.CoreWorkload.doInsert(CoreWorkload.java:621)
	at site.ycsb.ClientThread.run(ClientThread.java:135)
	at java.base/java.lang.Thread.run(Thread.java:829)
Caused by: jetbrains.exodus.ExodusException
	at jetbrains.exodus.newLogConcept.garbageCollector.OperationLogGarbageCollector.moveAndRemoveRecordsFromLog(OperationLogGarbageCollector.java:69)
	at jetbrains.exodus.newLogConcept.garbageCollector.OperationLogGarbageCollector.clean(OperationLogGarbageCollector.java:51)
	at jetbrains.exodus.newLogConcept.MVCC.MVCCDataStructure.lambda$commitTransaction$1(MVCCDataStructure.java:297)
	at java.base/java.util.concurrent.Executors$RunnableAdapter.call(Executors.java:515)
	at java.base/java.util.concurrent.FutureTask.run(FutureTask.java:264)
	at java.base/java.util.concurrent.ThreadPoolExecutor.runWorker(ThreadPoolExecutor.java:1128)
	at java.base/java.util.concurrent.ThreadPoolExecutor$Worker.run(ThreadPoolExecutor.java:628)
	... 1 more
java.util.concurrent.ExecutionException: jetbrains.exodus.ExodusException
	at java.base/java.util.concurrent.FutureTask.report(FutureTask.java:122)
	at java.base/java.util.concurrent.FutureTask.get(FutureTask.java:191)
	at jetbrains.exodus.newLogConcept.MVCC.MVCCDataStructure.commitTransaction(MVCCDataStructure.java:299)
	at site.ycsb.db.XodusClient.insert(XodusClient.java:60)
	at site.ycsb.DBWrapper.insert(DBWrapper.java:227)
	at site.ycsb.workloads.CoreWorkload.doInsert(CoreWorkload.java:621)
	at site.ycsb.ClientThread.run(ClientThread.java:135)
	at java.base/java.lang.Thread.run(Thread.java:829)
Caused by: jetbrains.exodus.ExodusException
	at jetbrains.exodus.newLogConcept.garbageCollector.OperationLogGarbageCollector.moveAndRemoveRecordsFromLog(OperationLogGarbageCollector.java:69)
	at jetbrains.exodus.newLogConcept.garbageCollector.OperationLogGarbageCollector.clean(OperationLogGarbageCollector.java:51)
	at jetbrains.exodus.newLogConcept.MVCC.MVCCDataStructure.lambda$commitTransaction$1(MVCCDataStructure.java:297)
	at java.base/java.util.concurrent.Executors$RunnableAdapter.call(Executors.java:515)
	at java.base/java.util.concurrent.FutureTask.run(FutureTask.java:264)
	at java.base/java.util.concurrent.ThreadPoolExecutor.runWorker(ThreadPoolExecutor.java:1128)
	at java.base/java.util.concurrent.ThreadPoolExecutor$Worker.run(ThreadPoolExecutor.java:628)
	... 1 more
java.util.concurrent.ExecutionException: jetbrains.exodus.ExodusException
	at java.base/java.util.concurrent.FutureTask.report(FutureTask.java:122)
	at java.base/java.util.concurrent.FutureTask.get(FutureTask.java:191)
	at jetbrains.exodus.newLogConcept.MVCC.MVCCDataStructure.commitTransaction(MVCCDataStructure.java:299)
	at site.ycsb.db.XodusClient.insert(XodusClient.java:60)
	at site.ycsb.DBWrapper.insert(DBWrapper.java:227)
	at site.ycsb.workloads.CoreWorkload.doInsert(CoreWorkload.java:621)
	at site.ycsb.ClientThread.run(ClientThread.java:135)
	at java.base/java.lang.Thread.run(Thread.java:829)
Caused by: jetbrains.exodus.ExodusException
	at jetbrains.exodus.newLogConcept.garbageCollector.OperationLogGarbageCollector.moveAndRemoveRecordsFromLog(OperationLogGarbageCollector.java:69)
	at jetbrains.exodus.newLogConcept.garbageCollector.OperationLogGarbageCollector.clean(OperationLogGarbageCollector.java:51)
	at jetbrains.exodus.newLogConcept.MVCC.MVCCDataStructure.lambda$commitTransaction$1(MVCCDataStructure.java:297)
	at java.base/java.util.concurrent.Executors$RunnableAdapter.call(Executors.java:515)
	at java.base/java.util.concurrent.FutureTask.run(FutureTask.java:264)
	at java.base/java.util.concurrent.ThreadPoolExecutor.runWorker(ThreadPoolExecutor.java:1128)
	at java.base/java.util.concurrent.ThreadPoolExecutor$Worker.run(ThreadPoolExecutor.java:628)
	... 1 more
java.util.concurrent.ExecutionException: jetbrains.exodus.ExodusException
	at java.base/java.util.concurrent.FutureTask.report(FutureTask.java:122)
	at java.base/java.util.concurrent.FutureTask.get(FutureTask.java:191)
	at jetbrains.exodus.newLogConcept.MVCC.MVCCDataStructure.commitTransaction(MVCCDataStructure.java:299)
	at site.ycsb.db.XodusClient.insert(XodusClient.java:60)
	at site.ycsb.DBWrapper.insert(DBWrapper.java:227)
	at site.ycsb.workloads.CoreWorkload.doInsert(CoreWorkload.java:621)
	at site.ycsb.ClientThread.run(ClientThread.java:135)
	at java.base/java.lang.Thread.run(Thread.java:829)
Caused by: jetbrains.exodus.ExodusException
	at jetbrains.exodus.newLogConcept.garbageCollector.OperationLogGarbageCollector.moveAndRemoveRecordsFromLog(OperationLogGarbageCollector.java:69)
	at jetbrains.exodus.newLogConcept.garbageCollector.OperationLogGarbageCollector.clean(OperationLogGarbageCollector.java:51)
	at jetbrains.exodus.newLogConcept.MVCC.MVCCDataStructure.lambda$commitTransaction$1(MVCCDataStructure.java:297)
	at java.base/java.util.concurrent.Executors$RunnableAdapter.call(Executors.java:515)
	at java.base/java.util.concurrent.FutureTask.run(FutureTask.java:264)
	at java.base/java.util.concurrent.ThreadPoolExecutor.runWorker(ThreadPoolExecutor.java:1128)
	at java.base/java.util.concurrent.ThreadPoolExecutor$Worker.run(ThreadPoolExecutor.java:628)
	... 1 more
java.util.concurrent.ExecutionException: jetbrains.exodus.ExodusException
	at java.base/java.util.concurrent.FutureTask.report(FutureTask.java:122)
	at java.base/java.util.concurrent.FutureTask.get(FutureTask.java:191)
	at jetbrains.exodus.newLogConcept.MVCC.MVCCDataStructure.commitTransaction(MVCCDataStructure.java:299)
	at site.ycsb.db.XodusClient.insert(XodusClient.java:60)
	at site.ycsb.DBWrapper.insert(DBWrapper.java:227)
	at site.ycsb.workloads.CoreWorkload.doInsert(CoreWorkload.java:621)
	at site.ycsb.ClientThread.run(ClientThread.java:135)
	at java.base/java.lang.Thread.run(Thread.java:829)
Caused by: jetbrains.exodus.ExodusException
	at jetbrains.exodus.newLogConcept.garbageCollector.OperationLogGarbageCollector.moveAndRemoveRecordsFromLog(OperationLogGarbageCollector.java:69)
	at jetbrains.exodus.newLogConcept.garbageCollector.OperationLogGarbageCollector.clean(OperationLogGarbageCollector.java:51)
	at jetbrains.exodus.newLogConcept.MVCC.MVCCDataStructure.lambda$commitTransaction$1(MVCCDataStructure.java:297)
	at java.base/java.util.concurrent.Executors$RunnableAdapter.call(Executors.java:515)
	at java.base/java.util.concurrent.FutureTask.run(FutureTask.java:264)
	at java.base/java.util.concurrent.ThreadPoolExecutor.runWorker(ThreadPoolExecutor.java:1128)
	at java.base/java.util.concurrent.ThreadPoolExecutor$Worker.run(ThreadPoolExecutor.java:628)
	... 1 more
java.util.concurrent.ExecutionException: jetbrains.exodus.ExodusException
	at java.base/java.util.concurrent.FutureTask.report(FutureTask.java:122)
	at java.base/java.util.concurrent.FutureTask.get(FutureTask.java:191)
	at jetbrains.exodus.newLogConcept.MVCC.MVCCDataStructure.commitTransaction(MVCCDataStructure.java:299)
	at site.ycsb.db.XodusClient.insert(XodusClient.java:60)
	at site.ycsb.DBWrapper.insert(DBWrapper.java:227)
	at site.ycsb.workloads.CoreWorkload.doInsert(CoreWorkload.java:621)
	at site.ycsb.ClientThread.run(ClientThread.java:135)
	at java.base/java.lang.Thread.run(Thread.java:829)
Caused by: jetbrains.exodus.ExodusException
	at jetbrains.exodus.newLogConcept.garbageCollector.OperationLogGarbageCollector.moveAndRemoveRecordsFromLog(OperationLogGarbageCollector.java:69)
	at jetbrains.exodus.newLogConcept.garbageCollector.OperationLogGarbageCollector.clean(OperationLogGarbageCollector.java:51)
	at jetbrains.exodus.newLogConcept.MVCC.MVCCDataStructure.lambda$commitTransaction$1(MVCCDataStructure.java:297)
	at java.base/java.util.concurrent.Executors$RunnableAdapter.call(Executors.java:515)
	at java.base/java.util.concurrent.FutureTask.run(FutureTask.java:264)
	at java.base/java.util.concurrent.ThreadPoolExecutor.runWorker(ThreadPoolExecutor.java:1128)
	at java.base/java.util.concurrent.ThreadPoolExecutor$Worker.run(ThreadPoolExecutor.java:628)
	... 1 more
java.util.concurrent.ExecutionException: jetbrains.exodus.ExodusException
	at java.base/java.util.concurrent.FutureTask.report(FutureTask.java:122)
	at java.base/java.util.concurrent.FutureTask.get(FutureTask.java:191)
	at jetbrains.exodus.newLogConcept.MVCC.MVCCDataStructure.commitTransaction(MVCCDataStructure.java:299)
	at site.ycsb.db.XodusClient.insert(XodusClient.java:60)
	at site.ycsb.DBWrapper.insert(DBWrapper.java:227)
	at site.ycsb.workloads.CoreWorkload.doInsert(CoreWorkload.java:621)
	at site.ycsb.ClientThread.run(ClientThread.java:135)
	at java.base/java.lang.Thread.run(Thread.java:829)
Caused by: jetbrains.exodus.ExodusException
	at jetbrains.exodus.newLogConcept.garbageCollector.OperationLogGarbageCollector.moveAndRemoveRecordsFromLog(OperationLogGarbageCollector.java:69)
	at jetbrains.exodus.newLogConcept.garbageCollector.OperationLogGarbageCollector.clean(OperationLogGarbageCollector.java:51)
	at jetbrains.exodus.newLogConcept.MVCC.MVCCDataStructure.lambda$commitTransaction$1(MVCCDataStructure.java:297)
	at java.base/java.util.concurrent.Executors$RunnableAdapter.call(Executors.java:515)
	at java.base/java.util.concurrent.FutureTask.run(FutureTask.java:264)
	at java.base/java.util.concurrent.ThreadPoolExecutor.runWorker(ThreadPoolExecutor.java:1128)
	at java.base/java.util.concurrent.ThreadPoolExecutor$Worker.run(ThreadPoolExecutor.java:628)
	... 1 more
java.util.concurrent.ExecutionException: jetbrains.exodus.ExodusException
	at java.base/java.util.concurrent.FutureTask.report(FutureTask.java:122)
	at java.base/java.util.concurrent.FutureTask.get(FutureTask.java:191)
	at jetbrains.exodus.newLogConcept.MVCC.MVCCDataStructure.commitTransaction(MVCCDataStructure.java:299)
	at site.ycsb.db.XodusClient.insert(XodusClient.java:60)
	at site.ycsb.DBWrapper.insert(DBWrapper.java:227)
	at site.ycsb.workloads.CoreWorkload.doInsert(CoreWorkload.java:621)
	at site.ycsb.ClientThread.run(ClientThread.java:135)
	at java.base/java.lang.Thread.run(Thread.java:829)
Caused by: jetbrains.exodus.ExodusException
	at jetbrains.exodus.newLogConcept.garbageCollector.OperationLogGarbageCollector.moveAndRemoveRecordsFromLog(OperationLogGarbageCollector.java:69)
	at jetbrains.exodus.newLogConcept.garbageCollector.OperationLogGarbageCollector.clean(OperationLogGarbageCollector.java:51)
	at jetbrains.exodus.newLogConcept.MVCC.MVCCDataStructure.lambda$commitTransaction$1(MVCCDataStructure.java:297)
	at java.base/java.util.concurrent.Executors$RunnableAdapter.call(Executors.java:515)
	at java.base/java.util.concurrent.FutureTask.run(FutureTask.java:264)
	at java.base/java.util.concurrent.ThreadPoolExecutor.runWorker(ThreadPoolExecutor.java:1128)
	at java.base/java.util.concurrent.ThreadPoolExecutor$Worker.run(ThreadPoolExecutor.java:628)
	... 1 more
java.util.concurrent.ExecutionException: jetbrains.exodus.ExodusException
	at java.base/java.util.concurrent.FutureTask.report(FutureTask.java:122)
	at java.base/java.util.concurrent.FutureTask.get(FutureTask.java:191)
	at jetbrains.exodus.newLogConcept.MVCC.MVCCDataStructure.commitTransaction(MVCCDataStructure.java:299)
	at site.ycsb.db.XodusClient.insert(XodusClient.java:60)
	at site.ycsb.DBWrapper.insert(DBWrapper.java:227)
	at site.ycsb.workloads.CoreWorkload.doInsert(CoreWorkload.java:621)
	at site.ycsb.ClientThread.run(ClientThread.java:135)
	at java.base/java.lang.Thread.run(Thread.java:829)
Caused by: jetbrains.exodus.ExodusException
	at jetbrains.exodus.newLogConcept.garbageCollector.OperationLogGarbageCollector.moveAndRemoveRecordsFromLog(OperationLogGarbageCollector.java:69)
	at jetbrains.exodus.newLogConcept.garbageCollector.OperationLogGarbageCollector.clean(OperationLogGarbageCollector.java:51)
	at jetbrains.exodus.newLogConcept.MVCC.MVCCDataStructure.lambda$commitTransaction$1(MVCCDataStructure.java:297)
	at java.base/java.util.concurrent.Executors$RunnableAdapter.call(Executors.java:515)
	at java.base/java.util.concurrent.FutureTask.run(FutureTask.java:264)
	at java.base/java.util.concurrent.ThreadPoolExecutor.runWorker(ThreadPoolExecutor.java:1128)
	at java.base/java.util.concurrent.ThreadPoolExecutor$Worker.run(ThreadPoolExecutor.java:628)
	... 1 more
java.util.concurrent.ExecutionException: jetbrains.exodus.ExodusException
	at java.base/java.util.concurrent.FutureTask.report(FutureTask.java:122)
	at java.base/java.util.concurrent.FutureTask.get(FutureTask.java:191)
	at jetbrains.exodus.newLogConcept.MVCC.MVCCDataStructure.commitTransaction(MVCCDataStructure.java:299)
	at site.ycsb.db.XodusClient.insert(XodusClient.java:60)
	at site.ycsb.DBWrapper.insert(DBWrapper.java:227)
	at site.ycsb.workloads.CoreWorkload.doInsert(CoreWorkload.java:621)
	at site.ycsb.ClientThread.run(ClientThread.java:135)
	at java.base/java.lang.Thread.run(Thread.java:829)
Caused by: jetbrains.exodus.ExodusException
	at jetbrains.exodus.newLogConcept.garbageCollector.OperationLogGarbageCollector.moveAndRemoveRecordsFromLog(OperationLogGarbageCollector.java:69)
	at jetbrains.exodus.newLogConcept.garbageCollector.OperationLogGarbageCollector.clean(OperationLogGarbageCollector.java:51)
	at jetbrains.exodus.newLogConcept.MVCC.MVCCDataStructure.lambda$commitTransaction$1(MVCCDataStructure.java:297)
	at java.base/java.util.concurrent.Executors$RunnableAdapter.call(Executors.java:515)
	at java.base/java.util.concurrent.FutureTask.run(FutureTask.java:264)
	at java.base/java.util.concurrent.ThreadPoolExecutor.runWorker(ThreadPoolExecutor.java:1128)
	at java.base/java.util.concurrent.ThreadPoolExecutor$Worker.run(ThreadPoolExecutor.java:628)
	... 1 more
java.util.concurrent.ExecutionException: jetbrains.exodus.ExodusException
	at java.base/java.util.concurrent.FutureTask.report(FutureTask.java:122)
	at java.base/java.util.concurrent.FutureTask.get(FutureTask.java:191)
	at jetbrains.exodus.newLogConcept.MVCC.MVCCDataStructure.commitTransaction(MVCCDataStructure.java:299)
	at site.ycsb.db.XodusClient.insert(XodusClient.java:60)
	at site.ycsb.DBWrapper.insert(DBWrapper.java:227)
	at site.ycsb.workloads.CoreWorkload.doInsert(CoreWorkload.java:621)
	at site.ycsb.ClientThread.run(ClientThread.java:135)
	at java.base/java.lang.Thread.run(Thread.java:829)
Caused by: jetbrains.exodus.ExodusException
	at jetbrains.exodus.newLogConcept.garbageCollector.OperationLogGarbageCollector.moveAndRemoveRecordsFromLog(OperationLogGarbageCollector.java:69)
	at jetbrains.exodus.newLogConcept.garbageCollector.OperationLogGarbageCollector.clean(OperationLogGarbageCollector.java:51)
	at jetbrains.exodus.newLogConcept.MVCC.MVCCDataStructure.lambda$commitTransaction$1(MVCCDataStructure.java:297)
	at java.base/java.util.concurrent.Executors$RunnableAdapter.call(Executors.java:515)
	at java.base/java.util.concurrent.FutureTask.run(FutureTask.java:264)
	at java.base/java.util.concurrent.ThreadPoolExecutor.runWorker(ThreadPoolExecutor.java:1128)
	at java.base/java.util.concurrent.ThreadPoolExecutor$Worker.run(ThreadPoolExecutor.java:628)
	... 1 more
java.util.concurrent.ExecutionException: jetbrains.exodus.ExodusException
	at java.base/java.util.concurrent.FutureTask.report(FutureTask.java:122)
	at java.base/java.util.concurrent.FutureTask.get(FutureTask.java:191)
	at jetbrains.exodus.newLogConcept.MVCC.MVCCDataStructure.commitTransaction(MVCCDataStructure.java:299)
	at site.ycsb.db.XodusClient.insert(XodusClient.java:60)
	at site.ycsb.DBWrapper.insert(DBWrapper.java:227)
	at site.ycsb.workloads.CoreWorkload.doInsert(CoreWorkload.java:621)
	at site.ycsb.ClientThread.run(ClientThread.java:135)
	at java.base/java.lang.Thread.run(Thread.java:829)
Caused by: jetbrains.exodus.ExodusException
	at jetbrains.exodus.newLogConcept.garbageCollector.OperationLogGarbageCollector.moveAndRemoveRecordsFromLog(OperationLogGarbageCollector.java:69)
	at jetbrains.exodus.newLogConcept.garbageCollector.OperationLogGarbageCollector.clean(OperationLogGarbageCollector.java:51)
	at jetbrains.exodus.newLogConcept.MVCC.MVCCDataStructure.lambda$commitTransaction$1(MVCCDataStructure.java:297)
	at java.base/java.util.concurrent.Executors$RunnableAdapter.call(Executors.java:515)
	at java.base/java.util.concurrent.FutureTask.run(FutureTask.java:264)
	at java.base/java.util.concurrent.ThreadPoolExecutor.runWorker(ThreadPoolExecutor.java:1128)
	at java.base/java.util.concurrent.ThreadPoolExecutor$Worker.run(ThreadPoolExecutor.java:628)
	... 1 more
java.util.concurrent.ExecutionException: jetbrains.exodus.ExodusException
	at java.base/java.util.concurrent.FutureTask.report(FutureTask.java:122)
	at java.base/java.util.concurrent.FutureTask.get(FutureTask.java:191)
	at jetbrains.exodus.newLogConcept.MVCC.MVCCDataStructure.commitTransaction(MVCCDataStructure.java:299)
	at site.ycsb.db.XodusClient.insert(XodusClient.java:60)
	at site.ycsb.DBWrapper.insert(DBWrapper.java:227)
	at site.ycsb.workloads.CoreWorkload.doInsert(CoreWorkload.java:621)
	at site.ycsb.ClientThread.run(ClientThread.java:135)
	at java.base/java.lang.Thread.run(Thread.java:829)
Caused by: jetbrains.exodus.ExodusException
	at jetbrains.exodus.newLogConcept.garbageCollector.OperationLogGarbageCollector.moveAndRemoveRecordsFromLog(OperationLogGarbageCollector.java:69)
	at jetbrains.exodus.newLogConcept.garbageCollector.OperationLogGarbageCollector.clean(OperationLogGarbageCollector.java:51)
	at jetbrains.exodus.newLogConcept.MVCC.MVCCDataStructure.lambda$commitTransaction$1(MVCCDataStructure.java:297)
	at java.base/java.util.concurrent.Executors$RunnableAdapter.call(Executors.java:515)
	at java.base/java.util.concurrent.FutureTask.run(FutureTask.java:264)
	at java.base/java.util.concurrent.ThreadPoolExecutor.runWorker(ThreadPoolExecutor.java:1128)
	at java.base/java.util.concurrent.ThreadPoolExecutor$Worker.run(ThreadPoolExecutor.java:628)
	... 1 more
java.util.concurrent.ExecutionException: jetbrains.exodus.ExodusException
	at java.base/java.util.concurrent.FutureTask.report(FutureTask.java:122)
	at java.base/java.util.concurrent.FutureTask.get(FutureTask.java:191)
	at jetbrains.exodus.newLogConcept.MVCC.MVCCDataStructure.commitTransaction(MVCCDataStructure.java:299)
	at site.ycsb.db.XodusClient.insert(XodusClient.java:60)
	at site.ycsb.DBWrapper.insert(DBWrapper.java:227)
	at site.ycsb.workloads.CoreWorkload.doInsert(CoreWorkload.java:621)
	at site.ycsb.ClientThread.run(ClientThread.java:135)
	at java.base/java.lang.Thread.run(Thread.java:829)
Caused by: jetbrains.exodus.ExodusException
	at jetbrains.exodus.newLogConcept.garbageCollector.OperationLogGarbageCollector.moveAndRemoveRecordsFromLog(OperationLogGarbageCollector.java:69)
	at jetbrains.exodus.newLogConcept.garbageCollector.OperationLogGarbageCollector.clean(OperationLogGarbageCollector.java:51)
	at jetbrains.exodus.newLogConcept.MVCC.MVCCDataStructure.lambda$commitTransaction$1(MVCCDataStructure.java:297)
	at java.base/java.util.concurrent.Executors$RunnableAdapter.call(Executors.java:515)
	at java.base/java.util.concurrent.FutureTask.run(FutureTask.java:264)
	at java.base/java.util.concurrent.ThreadPoolExecutor.runWorker(ThreadPoolExecutor.java:1128)
	at java.base/java.util.concurrent.ThreadPoolExecutor$Worker.run(ThreadPoolExecutor.java:628)
	... 1 more
java.util.concurrent.ExecutionException: jetbrains.exodus.ExodusException
	at java.base/java.util.concurrent.FutureTask.report(FutureTask.java:122)
	at java.base/java.util.concurrent.FutureTask.get(FutureTask.java:191)
	at jetbrains.exodus.newLogConcept.MVCC.MVCCDataStructure.commitTransaction(MVCCDataStructure.java:299)
	at site.ycsb.db.XodusClient.insert(XodusClient.java:60)
	at site.ycsb.DBWrapper.insert(DBWrapper.java:227)
	at site.ycsb.workloads.CoreWorkload.doInsert(CoreWorkload.java:621)
	at site.ycsb.ClientThread.run(ClientThread.java:135)
	at java.base/java.lang.Thread.run(Thread.java:829)
Caused by: jetbrains.exodus.ExodusException
	at jetbrains.exodus.newLogConcept.garbageCollector.OperationLogGarbageCollector.moveAndRemoveRecordsFromLog(OperationLogGarbageCollector.java:69)
	at jetbrains.exodus.newLogConcept.garbageCollector.OperationLogGarbageCollector.clean(OperationLogGarbageCollector.java:51)
	at jetbrains.exodus.newLogConcept.MVCC.MVCCDataStructure.lambda$commitTransaction$1(MVCCDataStructure.java:297)
	at java.base/java.util.concurrent.Executors$RunnableAdapter.call(Executors.java:515)
	at java.base/java.util.concurrent.FutureTask.run(FutureTask.java:264)
	at java.base/java.util.concurrent.ThreadPoolExecutor.runWorker(ThreadPoolExecutor.java:1128)
	at java.base/java.util.concurrent.ThreadPoolExecutor$Worker.run(ThreadPoolExecutor.java:628)
	... 1 more
java.util.concurrent.ExecutionException: jetbrains.exodus.ExodusException
	at java.base/java.util.concurrent.FutureTask.report(FutureTask.java:122)
	at java.base/java.util.concurrent.FutureTask.get(FutureTask.java:191)
	at jetbrains.exodus.newLogConcept.MVCC.MVCCDataStructure.commitTransaction(MVCCDataStructure.java:299)
	at site.ycsb.db.XodusClient.insert(XodusClient.java:60)
	at site.ycsb.DBWrapper.insert(DBWrapper.java:227)
	at site.ycsb.workloads.CoreWorkload.doInsert(CoreWorkload.java:621)
	at site.ycsb.ClientThread.run(ClientThread.java:135)
	at java.base/java.lang.Thread.run(Thread.java:829)
Caused by: jetbrains.exodus.ExodusException
	at jetbrains.exodus.newLogConcept.garbageCollector.OperationLogGarbageCollector.moveAndRemoveRecordsFromLog(OperationLogGarbageCollector.java:69)
	at jetbrains.exodus.newLogConcept.garbageCollector.OperationLogGarbageCollector.clean(OperationLogGarbageCollector.java:51)
	at jetbrains.exodus.newLogConcept.MVCC.MVCCDataStructure.lambda$commitTransaction$1(MVCCDataStructure.java:297)
	at java.base/java.util.concurrent.Executors$RunnableAdapter.call(Executors.java:515)
	at java.base/java.util.concurrent.FutureTask.run(FutureTask.java:264)
	at java.base/java.util.concurrent.ThreadPoolExecutor.runWorker(ThreadPoolExecutor.java:1128)
	at java.base/java.util.concurrent.ThreadPoolExecutor$Worker.run(ThreadPoolExecutor.java:628)
	... 1 more
java.util.concurrent.ExecutionException: jetbrains.exodus.ExodusException
	at java.base/java.util.concurrent.FutureTask.report(FutureTask.java:122)
	at java.base/java.util.concurrent.FutureTask.get(FutureTask.java:191)
	at jetbrains.exodus.newLogConcept.MVCC.MVCCDataStructure.commitTransaction(MVCCDataStructure.java:299)
	at site.ycsb.db.XodusClient.insert(XodusClient.java:60)
	at site.ycsb.DBWrapper.insert(DBWrapper.java:227)
	at site.ycsb.workloads.CoreWorkload.doInsert(CoreWorkload.java:621)
	at site.ycsb.ClientThread.run(ClientThread.java:135)
	at java.base/java.lang.Thread.run(Thread.java:829)
Caused by: jetbrains.exodus.ExodusException
	at jetbrains.exodus.newLogConcept.garbageCollector.OperationLogGarbageCollector.moveAndRemoveRecordsFromLog(OperationLogGarbageCollector.java:69)
	at jetbrains.exodus.newLogConcept.garbageCollector.OperationLogGarbageCollector.clean(OperationLogGarbageCollector.java:51)
	at jetbrains.exodus.newLogConcept.MVCC.MVCCDataStructure.lambda$commitTransaction$1(MVCCDataStructure.java:297)
	at java.base/java.util.concurrent.Executors$RunnableAdapter.call(Executors.java:515)
	at java.base/java.util.concurrent.FutureTask.run(FutureTask.java:264)
	at java.base/java.util.concurrent.ThreadPoolExecutor.runWorker(ThreadPoolExecutor.java:1128)
	at java.base/java.util.concurrent.ThreadPoolExecutor$Worker.run(ThreadPoolExecutor.java:628)
	... 1 more
java.util.concurrent.ExecutionException: jetbrains.exodus.ExodusException
	at java.base/java.util.concurrent.FutureTask.report(FutureTask.java:122)
	at java.base/java.util.concurrent.FutureTask.get(FutureTask.java:191)
	at jetbrains.exodus.newLogConcept.MVCC.MVCCDataStructure.commitTransaction(MVCCDataStructure.java:299)
	at site.ycsb.db.XodusClient.insert(XodusClient.java:60)
	at site.ycsb.DBWrapper.insert(DBWrapper.java:227)
	at site.ycsb.workloads.CoreWorkload.doInsert(CoreWorkload.java:621)
	at site.ycsb.ClientThread.run(ClientThread.java:135)
	at java.base/java.lang.Thread.run(Thread.java:829)
Caused by: jetbrains.exodus.ExodusException
	at jetbrains.exodus.newLogConcept.garbageCollector.OperationLogGarbageCollector.moveAndRemoveRecordsFromLog(OperationLogGarbageCollector.java:69)
	at jetbrains.exodus.newLogConcept.garbageCollector.OperationLogGarbageCollector.clean(OperationLogGarbageCollector.java:51)
	at jetbrains.exodus.newLogConcept.MVCC.MVCCDataStructure.lambda$commitTransaction$1(MVCCDataStructure.java:297)
	at java.base/java.util.concurrent.Executors$RunnableAdapter.call(Executors.java:515)
	at java.base/java.util.concurrent.FutureTask.run(FutureTask.java:264)
	at java.base/java.util.concurrent.ThreadPoolExecutor.runWorker(ThreadPoolExecutor.java:1128)
	at java.base/java.util.concurrent.ThreadPoolExecutor$Worker.run(ThreadPoolExecutor.java:628)
	... 1 more
java.util.concurrent.ExecutionException: jetbrains.exodus.ExodusException
	at java.base/java.util.concurrent.FutureTask.report(FutureTask.java:122)
	at java.base/java.util.concurrent.FutureTask.get(FutureTask.java:191)
	at jetbrains.exodus.newLogConcept.MVCC.MVCCDataStructure.commitTransaction(MVCCDataStructure.java:299)
	at site.ycsb.db.XodusClient.insert(XodusClient.java:60)
	at site.ycsb.DBWrapper.insert(DBWrapper.java:227)
	at site.ycsb.workloads.CoreWorkload.doInsert(CoreWorkload.java:621)
	at site.ycsb.ClientThread.run(ClientThread.java:135)
	at java.base/java.lang.Thread.run(Thread.java:829)
Caused by: jetbrains.exodus.ExodusException
	at jetbrains.exodus.newLogConcept.garbageCollector.OperationLogGarbageCollector.moveAndRemoveRecordsFromLog(OperationLogGarbageCollector.java:69)
	at jetbrains.exodus.newLogConcept.garbageCollector.OperationLogGarbageCollector.clean(OperationLogGarbageCollector.java:51)
	at jetbrains.exodus.newLogConcept.MVCC.MVCCDataStructure.lambda$commitTransaction$1(MVCCDataStructure.java:297)
	at java.base/java.util.concurrent.Executors$RunnableAdapter.call(Executors.java:515)
	at java.base/java.util.concurrent.FutureTask.run(FutureTask.java:264)
	at java.base/java.util.concurrent.ThreadPoolExecutor.runWorker(ThreadPoolExecutor.java:1128)
	at java.base/java.util.concurrent.ThreadPoolExecutor$Worker.run(ThreadPoolExecutor.java:628)
	... 1 more
java.util.concurrent.ExecutionException: jetbrains.exodus.ExodusException
	at java.base/java.util.concurrent.FutureTask.report(FutureTask.java:122)
	at java.base/java.util.concurrent.FutureTask.get(FutureTask.java:191)
	at jetbrains.exodus.newLogConcept.MVCC.MVCCDataStructure.commitTransaction(MVCCDataStructure.java:299)
	at site.ycsb.db.XodusClient.insert(XodusClient.java:60)
	at site.ycsb.DBWrapper.insert(DBWrapper.java:227)
	at site.ycsb.workloads.CoreWorkload.doInsert(CoreWorkload.java:621)
	at site.ycsb.ClientThread.run(ClientThread.java:135)
	at java.base/java.lang.Thread.run(Thread.java:829)
Caused by: jetbrains.exodus.ExodusException
	at jetbrains.exodus.newLogConcept.garbageCollector.OperationLogGarbageCollector.moveAndRemoveRecordsFromLog(OperationLogGarbageCollector.java:69)
	at jetbrains.exodus.newLogConcept.garbageCollector.OperationLogGarbageCollector.clean(OperationLogGarbageCollector.java:51)
	at jetbrains.exodus.newLogConcept.MVCC.MVCCDataStructure.lambda$commitTransaction$1(MVCCDataStructure.java:297)
	at java.base/java.util.concurrent.Executors$RunnableAdapter.call(Executors.java:515)
	at java.base/java.util.concurrent.FutureTask.run(FutureTask.java:264)
	at java.base/java.util.concurrent.ThreadPoolExecutor.runWorker(ThreadPoolExecutor.java:1128)
	at java.base/java.util.concurrent.ThreadPoolExecutor$Worker.run(ThreadPoolExecutor.java:628)
	... 1 more
java.util.concurrent.ExecutionException: jetbrains.exodus.ExodusException
	at java.base/java.util.concurrent.FutureTask.report(FutureTask.java:122)
	at java.base/java.util.concurrent.FutureTask.get(FutureTask.java:191)
	at jetbrains.exodus.newLogConcept.MVCC.MVCCDataStructure.commitTransaction(MVCCDataStructure.java:299)
	at site.ycsb.db.XodusClient.insert(XodusClient.java:60)
	at site.ycsb.DBWrapper.insert(DBWrapper.java:227)
	at site.ycsb.workloads.CoreWorkload.doInsert(CoreWorkload.java:621)
	at site.ycsb.ClientThread.run(ClientThread.java:135)
	at java.base/java.lang.Thread.run(Thread.java:829)
Caused by: jetbrains.exodus.ExodusException
	at jetbrains.exodus.newLogConcept.garbageCollector.OperationLogGarbageCollector.moveAndRemoveRecordsFromLog(OperationLogGarbageCollector.java:69)
	at jetbrains.exodus.newLogConcept.garbageCollector.OperationLogGarbageCollector.clean(OperationLogGarbageCollector.java:51)
	at jetbrains.exodus.newLogConcept.MVCC.MVCCDataStructure.lambda$commitTransaction$1(MVCCDataStructure.java:297)
	at java.base/java.util.concurrent.Executors$RunnableAdapter.call(Executors.java:515)
	at java.base/java.util.concurrent.FutureTask.run(FutureTask.java:264)
	at java.base/java.util.concurrent.ThreadPoolExecutor.runWorker(ThreadPoolExecutor.java:1128)
	at java.base/java.util.concurrent.ThreadPoolExecutor$Worker.run(ThreadPoolExecutor.java:628)
	... 1 more
java.util.concurrent.ExecutionException: jetbrains.exodus.ExodusException
	at java.base/java.util.concurrent.FutureTask.report(FutureTask.java:122)
	at java.base/java.util.concurrent.FutureTask.get(FutureTask.java:191)
	at jetbrains.exodus.newLogConcept.MVCC.MVCCDataStructure.commitTransaction(MVCCDataStructure.java:299)
	at site.ycsb.db.XodusClient.insert(XodusClient.java:60)
	at site.ycsb.DBWrapper.insert(DBWrapper.java:227)
	at site.ycsb.workloads.CoreWorkload.doInsert(CoreWorkload.java:621)
	at site.ycsb.ClientThread.run(ClientThread.java:135)
	at java.base/java.lang.Thread.run(Thread.java:829)
Caused by: jetbrains.exodus.ExodusException
	at jetbrains.exodus.newLogConcept.garbageCollector.OperationLogGarbageCollector.moveAndRemoveRecordsFromLog(OperationLogGarbageCollector.java:69)
	at jetbrains.exodus.newLogConcept.garbageCollector.OperationLogGarbageCollector.clean(OperationLogGarbageCollector.java:51)
	at jetbrains.exodus.newLogConcept.MVCC.MVCCDataStructure.lambda$commitTransaction$1(MVCCDataStructure.java:297)
	at java.base/java.util.concurrent.Executors$RunnableAdapter.call(Executors.java:515)
	at java.base/java.util.concurrent.FutureTask.run(FutureTask.java:264)
	at java.base/java.util.concurrent.ThreadPoolExecutor.runWorker(ThreadPoolExecutor.java:1128)
	at java.base/java.util.concurrent.ThreadPoolExecutor$Worker.run(ThreadPoolExecutor.java:628)
	... 1 more
java.util.concurrent.ExecutionException: jetbrains.exodus.ExodusException
	at java.base/java.util.concurrent.FutureTask.report(FutureTask.java:122)
	at java.base/java.util.concurrent.FutureTask.get(FutureTask.java:191)
	at jetbrains.exodus.newLogConcept.MVCC.MVCCDataStructure.commitTransaction(MVCCDataStructure.java:299)
	at site.ycsb.db.XodusClient.insert(XodusClient.java:60)
	at site.ycsb.DBWrapper.insert(DBWrapper.java:227)
	at site.ycsb.workloads.CoreWorkload.doInsert(CoreWorkload.java:621)
	at site.ycsb.ClientThread.run(ClientThread.java:135)
	at java.base/java.lang.Thread.run(Thread.java:829)
Caused by: jetbrains.exodus.ExodusException
	at jetbrains.exodus.newLogConcept.garbageCollector.OperationLogGarbageCollector.moveAndRemoveRecordsFromLog(OperationLogGarbageCollector.java:69)
	at jetbrains.exodus.newLogConcept.garbageCollector.OperationLogGarbageCollector.clean(OperationLogGarbageCollector.java:51)
	at jetbrains.exodus.newLogConcept.MVCC.MVCCDataStructure.lambda$commitTransaction$1(MVCCDataStructure.java:297)
	at java.base/java.util.concurrent.Executors$RunnableAdapter.call(Executors.java:515)
	at java.base/java.util.concurrent.FutureTask.run(FutureTask.java:264)
	at java.base/java.util.concurrent.ThreadPoolExecutor.runWorker(ThreadPoolExecutor.java:1128)
	at java.base/java.util.concurrent.ThreadPoolExecutor$Worker.run(ThreadPoolExecutor.java:628)
	... 1 more
java.util.concurrent.ExecutionException: jetbrains.exodus.ExodusException
	at java.base/java.util.concurrent.FutureTask.report(FutureTask.java:122)
	at java.base/java.util.concurrent.FutureTask.get(FutureTask.java:191)
	at jetbrains.exodus.newLogConcept.MVCC.MVCCDataStructure.commitTransaction(MVCCDataStructure.java:299)
	at site.ycsb.db.XodusClient.insert(XodusClient.java:60)
	at site.ycsb.DBWrapper.insert(DBWrapper.java:227)
	at site.ycsb.workloads.CoreWorkload.doInsert(CoreWorkload.java:621)
	at site.ycsb.ClientThread.run(ClientThread.java:135)
	at java.base/java.lang.Thread.run(Thread.java:829)
Caused by: jetbrains.exodus.ExodusException
	at jetbrains.exodus.newLogConcept.garbageCollector.OperationLogGarbageCollector.moveAndRemoveRecordsFromLog(OperationLogGarbageCollector.java:69)
	at jetbrains.exodus.newLogConcept.garbageCollector.OperationLogGarbageCollector.clean(OperationLogGarbageCollector.java:51)
	at jetbrains.exodus.newLogConcept.MVCC.MVCCDataStructure.lambda$commitTransaction$1(MVCCDataStructure.java:297)
	at java.base/java.util.concurrent.Executors$RunnableAdapter.call(Executors.java:515)
	at java.base/java.util.concurrent.FutureTask.run(FutureTask.java:264)
	at java.base/java.util.concurrent.ThreadPoolExecutor.runWorker(ThreadPoolExecutor.java:1128)
	at java.base/java.util.concurrent.ThreadPoolExecutor$Worker.run(ThreadPoolExecutor.java:628)
	... 1 more
java.util.concurrent.ExecutionException: jetbrains.exodus.ExodusException
	at java.base/java.util.concurrent.FutureTask.report(FutureTask.java:122)
	at java.base/java.util.concurrent.FutureTask.get(FutureTask.java:191)
	at jetbrains.exodus.newLogConcept.MVCC.MVCCDataStructure.commitTransaction(MVCCDataStructure.java:299)
	at site.ycsb.db.XodusClient.insert(XodusClient.java:60)
	at site.ycsb.DBWrapper.insert(DBWrapper.java:227)
	at site.ycsb.workloads.CoreWorkload.doInsert(CoreWorkload.java:621)
	at site.ycsb.ClientThread.run(ClientThread.java:135)
	at java.base/java.lang.Thread.run(Thread.java:829)
Caused by: jetbrains.exodus.ExodusException
	at jetbrains.exodus.newLogConcept.garbageCollector.OperationLogGarbageCollector.moveAndRemoveRecordsFromLog(OperationLogGarbageCollector.java:69)
	at jetbrains.exodus.newLogConcept.garbageCollector.OperationLogGarbageCollector.clean(OperationLogGarbageCollector.java:51)
	at jetbrains.exodus.newLogConcept.MVCC.MVCCDataStructure.lambda$commitTransaction$1(MVCCDataStructure.java:297)
	at java.base/java.util.concurrent.Executors$RunnableAdapter.call(Executors.java:515)
	at java.base/java.util.concurrent.FutureTask.run(FutureTask.java:264)
	at java.base/java.util.concurrent.ThreadPoolExecutor.runWorker(ThreadPoolExecutor.java:1128)
	at java.base/java.util.concurrent.ThreadPoolExecutor$Worker.run(ThreadPoolExecutor.java:628)
	... 1 more
java.util.concurrent.ExecutionException: jetbrains.exodus.ExodusException
	at java.base/java.util.concurrent.FutureTask.report(FutureTask.java:122)
	at java.base/java.util.concurrent.FutureTask.get(FutureTask.java:191)
	at jetbrains.exodus.newLogConcept.MVCC.MVCCDataStructure.commitTransaction(MVCCDataStructure.java:299)
	at site.ycsb.db.XodusClient.insert(XodusClient.java:60)
	at site.ycsb.DBWrapper.insert(DBWrapper.java:227)
	at site.ycsb.workloads.CoreWorkload.doInsert(CoreWorkload.java:621)
	at site.ycsb.ClientThread.run(ClientThread.java:135)
	at java.base/java.lang.Thread.run(Thread.java:829)
Caused by: jetbrains.exodus.ExodusException
	at jetbrains.exodus.newLogConcept.garbageCollector.OperationLogGarbageCollector.moveAndRemoveRecordsFromLog(OperationLogGarbageCollector.java:69)
	at jetbrains.exodus.newLogConcept.garbageCollector.OperationLogGarbageCollector.clean(OperationLogGarbageCollector.java:51)
	at jetbrains.exodus.newLogConcept.MVCC.MVCCDataStructure.lambda$commitTransaction$1(MVCCDataStructure.java:297)
	at java.base/java.util.concurrent.Executors$RunnableAdapter.call(Executors.java:515)
	at java.base/java.util.concurrent.FutureTask.run(FutureTask.java:264)
	at java.base/java.util.concurrent.ThreadPoolExecutor.runWorker(ThreadPoolExecutor.java:1128)
	at java.base/java.util.concurrent.ThreadPoolExecutor$Worker.run(ThreadPoolExecutor.java:628)
	... 1 more
java.util.concurrent.ExecutionException: jetbrains.exodus.ExodusException
	at java.base/java.util.concurrent.FutureTask.report(FutureTask.java:122)
	at java.base/java.util.concurrent.FutureTask.get(FutureTask.java:191)
	at jetbrains.exodus.newLogConcept.MVCC.MVCCDataStructure.commitTransaction(MVCCDataStructure.java:299)
	at site.ycsb.db.XodusClient.insert(XodusClient.java:60)
	at site.ycsb.DBWrapper.insert(DBWrapper.java:227)
	at site.ycsb.workloads.CoreWorkload.doInsert(CoreWorkload.java:621)
	at site.ycsb.ClientThread.run(ClientThread.java:135)
	at java.base/java.lang.Thread.run(Thread.java:829)
Caused by: jetbrains.exodus.ExodusException
	at jetbrains.exodus.newLogConcept.garbageCollector.OperationLogGarbageCollector.moveAndRemoveRecordsFromLog(OperationLogGarbageCollector.java:69)
	at jetbrains.exodus.newLogConcept.garbageCollector.OperationLogGarbageCollector.clean(OperationLogGarbageCollector.java:51)
	at jetbrains.exodus.newLogConcept.MVCC.MVCCDataStructure.lambda$commitTransaction$1(MVCCDataStructure.java:297)
	at java.base/java.util.concurrent.Executors$RunnableAdapter.call(Executors.java:515)
	at java.base/java.util.concurrent.FutureTask.run(FutureTask.java:264)
	at java.base/java.util.concurrent.ThreadPoolExecutor.runWorker(ThreadPoolExecutor.java:1128)
	at java.base/java.util.concurrent.ThreadPoolExecutor$Worker.run(ThreadPoolExecutor.java:628)
	... 1 more
java.util.concurrent.ExecutionException: jetbrains.exodus.ExodusException
	at java.base/java.util.concurrent.FutureTask.report(FutureTask.java:122)
	at java.base/java.util.concurrent.FutureTask.get(FutureTask.java:191)
	at jetbrains.exodus.newLogConcept.MVCC.MVCCDataStructure.commitTransaction(MVCCDataStructure.java:299)
	at site.ycsb.db.XodusClient.insert(XodusClient.java:60)
	at site.ycsb.DBWrapper.insert(DBWrapper.java:227)
	at site.ycsb.workloads.CoreWorkload.doInsert(CoreWorkload.java:621)
	at site.ycsb.ClientThread.run(ClientThread.java:135)
	at java.base/java.lang.Thread.run(Thread.java:829)
Caused by: jetbrains.exodus.ExodusException
	at jetbrains.exodus.newLogConcept.garbageCollector.OperationLogGarbageCollector.moveAndRemoveRecordsFromLog(OperationLogGarbageCollector.java:69)
	at jetbrains.exodus.newLogConcept.garbageCollector.OperationLogGarbageCollector.clean(OperationLogGarbageCollector.java:51)
	at jetbrains.exodus.newLogConcept.MVCC.MVCCDataStructure.lambda$commitTransaction$1(MVCCDataStructure.java:297)
	at java.base/java.util.concurrent.Executors$RunnableAdapter.call(Executors.java:515)
	at java.base/java.util.concurrent.FutureTask.run(FutureTask.java:264)
	at java.base/java.util.concurrent.ThreadPoolExecutor.runWorker(ThreadPoolExecutor.java:1128)
	at java.base/java.util.concurrent.ThreadPoolExecutor$Worker.run(ThreadPoolExecutor.java:628)
	... 1 more
java.util.concurrent.ExecutionException: jetbrains.exodus.ExodusException
	at java.base/java.util.concurrent.FutureTask.report(FutureTask.java:122)
	at java.base/java.util.concurrent.FutureTask.get(FutureTask.java:191)
	at jetbrains.exodus.newLogConcept.MVCC.MVCCDataStructure.commitTransaction(MVCCDataStructure.java:299)
	at site.ycsb.db.XodusClient.insert(XodusClient.java:60)
	at site.ycsb.DBWrapper.insert(DBWrapper.java:227)
	at site.ycsb.workloads.CoreWorkload.doInsert(CoreWorkload.java:621)
	at site.ycsb.ClientThread.run(ClientThread.java:135)
	at java.base/java.lang.Thread.run(Thread.java:829)
Caused by: jetbrains.exodus.ExodusException
	at jetbrains.exodus.newLogConcept.garbageCollector.OperationLogGarbageCollector.moveAndRemoveRecordsFromLog(OperationLogGarbageCollector.java:69)
	at jetbrains.exodus.newLogConcept.garbageCollector.OperationLogGarbageCollector.clean(OperationLogGarbageCollector.java:51)
	at jetbrains.exodus.newLogConcept.MVCC.MVCCDataStructure.lambda$commitTransaction$1(MVCCDataStructure.java:297)
	at java.base/java.util.concurrent.Executors$RunnableAdapter.call(Executors.java:515)
	at java.base/java.util.concurrent.FutureTask.run(FutureTask.java:264)
	at java.base/java.util.concurrent.ThreadPoolExecutor.runWorker(ThreadPoolExecutor.java:1128)
	at java.base/java.util.concurrent.ThreadPoolExecutor$Worker.run(ThreadPoolExecutor.java:628)
	... 1 more
java.util.concurrent.ExecutionException: jetbrains.exodus.ExodusException
	at java.base/java.util.concurrent.FutureTask.report(FutureTask.java:122)
	at java.base/java.util.concurrent.FutureTask.get(FutureTask.java:191)
	at jetbrains.exodus.newLogConcept.MVCC.MVCCDataStructure.commitTransaction(MVCCDataStructure.java:299)
	at site.ycsb.db.XodusClient.insert(XodusClient.java:60)
	at site.ycsb.DBWrapper.insert(DBWrapper.java:227)
	at site.ycsb.workloads.CoreWorkload.doInsert(CoreWorkload.java:621)
	at site.ycsb.ClientThread.run(ClientThread.java:135)
	at java.base/java.lang.Thread.run(Thread.java:829)
Caused by: jetbrains.exodus.ExodusException
	at jetbrains.exodus.newLogConcept.garbageCollector.OperationLogGarbageCollector.moveAndRemoveRecordsFromLog(OperationLogGarbageCollector.java:69)
	at jetbrains.exodus.newLogConcept.garbageCollector.OperationLogGarbageCollector.clean(OperationLogGarbageCollector.java:51)
	at jetbrains.exodus.newLogConcept.MVCC.MVCCDataStructure.lambda$commitTransaction$1(MVCCDataStructure.java:297)
	at java.base/java.util.concurrent.Executors$RunnableAdapter.call(Executors.java:515)
	at java.base/java.util.concurrent.FutureTask.run(FutureTask.java:264)
	at java.base/java.util.concurrent.ThreadPoolExecutor.runWorker(ThreadPoolExecutor.java:1128)
	at java.base/java.util.concurrent.ThreadPoolExecutor$Worker.run(ThreadPoolExecutor.java:628)
	... 1 more
java.util.concurrent.ExecutionException: jetbrains.exodus.ExodusException
	at java.base/java.util.concurrent.FutureTask.report(FutureTask.java:122)
	at java.base/java.util.concurrent.FutureTask.get(FutureTask.java:191)
	at jetbrains.exodus.newLogConcept.MVCC.MVCCDataStructure.commitTransaction(MVCCDataStructure.java:299)
	at site.ycsb.db.XodusClient.insert(XodusClient.java:60)
	at site.ycsb.DBWrapper.insert(DBWrapper.java:227)
	at site.ycsb.workloads.CoreWorkload.doInsert(CoreWorkload.java:621)
	at site.ycsb.ClientThread.run(ClientThread.java:135)
	at java.base/java.lang.Thread.run(Thread.java:829)
Caused by: jetbrains.exodus.ExodusException
	at jetbrains.exodus.newLogConcept.garbageCollector.OperationLogGarbageCollector.moveAndRemoveRecordsFromLog(OperationLogGarbageCollector.java:69)
	at jetbrains.exodus.newLogConcept.garbageCollector.OperationLogGarbageCollector.clean(OperationLogGarbageCollector.java:51)
	at jetbrains.exodus.newLogConcept.MVCC.MVCCDataStructure.lambda$commitTransaction$1(MVCCDataStructure.java:297)
	at java.base/java.util.concurrent.Executors$RunnableAdapter.call(Executors.java:515)
	at java.base/java.util.concurrent.FutureTask.run(FutureTask.java:264)
	at java.base/java.util.concurrent.ThreadPoolExecutor.runWorker(ThreadPoolExecutor.java:1128)
	at java.base/java.util.concurrent.ThreadPoolExecutor$Worker.run(ThreadPoolExecutor.java:628)
	... 1 more
java.util.concurrent.ExecutionException: jetbrains.exodus.ExodusException
	at java.base/java.util.concurrent.FutureTask.report(FutureTask.java:122)
	at java.base/java.util.concurrent.FutureTask.get(FutureTask.java:191)
	at jetbrains.exodus.newLogConcept.MVCC.MVCCDataStructure.commitTransaction(MVCCDataStructure.java:299)
	at site.ycsb.db.XodusClient.insert(XodusClient.java:60)
	at site.ycsb.DBWrapper.insert(DBWrapper.java:227)
	at site.ycsb.workloads.CoreWorkload.doInsert(CoreWorkload.java:621)
	at site.ycsb.ClientThread.run(ClientThread.java:135)
	at java.base/java.lang.Thread.run(Thread.java:829)
Caused by: jetbrains.exodus.ExodusException
	at jetbrains.exodus.newLogConcept.garbageCollector.OperationLogGarbageCollector.moveAndRemoveRecordsFromLog(OperationLogGarbageCollector.java:69)
	at jetbrains.exodus.newLogConcept.garbageCollector.OperationLogGarbageCollector.clean(OperationLogGarbageCollector.java:51)
	at jetbrains.exodus.newLogConcept.MVCC.MVCCDataStructure.lambda$commitTransaction$1(MVCCDataStructure.java:297)
	at java.base/java.util.concurrent.Executors$RunnableAdapter.call(Executors.java:515)
	at java.base/java.util.concurrent.FutureTask.run(FutureTask.java:264)
	at java.base/java.util.concurrent.ThreadPoolExecutor.runWorker(ThreadPoolExecutor.java:1128)
	at java.base/java.util.concurrent.ThreadPoolExecutor$Worker.run(ThreadPoolExecutor.java:628)
	... 1 more
java.util.concurrent.ExecutionException: jetbrains.exodus.ExodusException
	at java.base/java.util.concurrent.FutureTask.report(FutureTask.java:122)
	at java.base/java.util.concurrent.FutureTask.get(FutureTask.java:191)
	at jetbrains.exodus.newLogConcept.MVCC.MVCCDataStructure.commitTransaction(MVCCDataStructure.java:299)
	at site.ycsb.db.XodusClient.insert(XodusClient.java:60)
	at site.ycsb.DBWrapper.insert(DBWrapper.java:227)
	at site.ycsb.workloads.CoreWorkload.doInsert(CoreWorkload.java:621)
	at site.ycsb.ClientThread.run(ClientThread.java:135)
	at java.base/java.lang.Thread.run(Thread.java:829)
Caused by: jetbrains.exodus.ExodusException
	at jetbrains.exodus.newLogConcept.garbageCollector.OperationLogGarbageCollector.moveAndRemoveRecordsFromLog(OperationLogGarbageCollector.java:69)
	at jetbrains.exodus.newLogConcept.garbageCollector.OperationLogGarbageCollector.clean(OperationLogGarbageCollector.java:51)
	at jetbrains.exodus.newLogConcept.MVCC.MVCCDataStructure.lambda$commitTransaction$1(MVCCDataStructure.java:297)
	at java.base/java.util.concurrent.Executors$RunnableAdapter.call(Executors.java:515)
	at java.base/java.util.concurrent.FutureTask.run(FutureTask.java:264)
	at java.base/java.util.concurrent.ThreadPoolExecutor.runWorker(ThreadPoolExecutor.java:1128)
	at java.base/java.util.concurrent.ThreadPoolExecutor$Worker.run(ThreadPoolExecutor.java:628)
	... 1 more
java.util.concurrent.ExecutionException: jetbrains.exodus.ExodusException
	at java.base/java.util.concurrent.FutureTask.report(FutureTask.java:122)
	at java.base/java.util.concurrent.FutureTask.get(FutureTask.java:191)
	at jetbrains.exodus.newLogConcept.MVCC.MVCCDataStructure.commitTransaction(MVCCDataStructure.java:299)
	at site.ycsb.db.XodusClient.insert(XodusClient.java:60)
	at site.ycsb.DBWrapper.insert(DBWrapper.java:227)
	at site.ycsb.workloads.CoreWorkload.doInsert(CoreWorkload.java:621)
	at site.ycsb.ClientThread.run(ClientThread.java:135)
	at java.base/java.lang.Thread.run(Thread.java:829)
Caused by: jetbrains.exodus.ExodusException
	at jetbrains.exodus.newLogConcept.garbageCollector.OperationLogGarbageCollector.moveAndRemoveRecordsFromLog(OperationLogGarbageCollector.java:69)
	at jetbrains.exodus.newLogConcept.garbageCollector.OperationLogGarbageCollector.clean(OperationLogGarbageCollector.java:51)
	at jetbrains.exodus.newLogConcept.MVCC.MVCCDataStructure.lambda$commitTransaction$1(MVCCDataStructure.java:297)
	at java.base/java.util.concurrent.Executors$RunnableAdapter.call(Executors.java:515)
	at java.base/java.util.concurrent.FutureTask.run(FutureTask.java:264)
	at java.base/java.util.concurrent.ThreadPoolExecutor.runWorker(ThreadPoolExecutor.java:1128)
	at java.base/java.util.concurrent.ThreadPoolExecutor$Worker.run(ThreadPoolExecutor.java:628)
	... 1 more
java.util.concurrent.ExecutionException: jetbrains.exodus.ExodusException
	at java.base/java.util.concurrent.FutureTask.report(FutureTask.java:122)
	at java.base/java.util.concurrent.FutureTask.get(FutureTask.java:191)
	at jetbrains.exodus.newLogConcept.MVCC.MVCCDataStructure.commitTransaction(MVCCDataStructure.java:299)
	at site.ycsb.db.XodusClient.insert(XodusClient.java:60)
	at site.ycsb.DBWrapper.insert(DBWrapper.java:227)
	at site.ycsb.workloads.CoreWorkload.doInsert(CoreWorkload.java:621)
	at site.ycsb.ClientThread.run(ClientThread.java:135)
	at java.base/java.lang.Thread.run(Thread.java:829)
Caused by: jetbrains.exodus.ExodusException
	at jetbrains.exodus.newLogConcept.garbageCollector.OperationLogGarbageCollector.moveAndRemoveRecordsFromLog(OperationLogGarbageCollector.java:69)
	at jetbrains.exodus.newLogConcept.garbageCollector.OperationLogGarbageCollector.clean(OperationLogGarbageCollector.java:51)
	at jetbrains.exodus.newLogConcept.MVCC.MVCCDataStructure.lambda$commitTransaction$1(MVCCDataStructure.java:297)
	at java.base/java.util.concurrent.Executors$RunnableAdapter.call(Executors.java:515)
	at java.base/java.util.concurrent.FutureTask.run(FutureTask.java:264)
	at java.base/java.util.concurrent.ThreadPoolExecutor.runWorker(ThreadPoolExecutor.java:1128)
	at java.base/java.util.concurrent.ThreadPoolExecutor$Worker.run(ThreadPoolExecutor.java:628)
	... 1 more
java.util.concurrent.ExecutionException: jetbrains.exodus.ExodusException
	at java.base/java.util.concurrent.FutureTask.report(FutureTask.java:122)
	at java.base/java.util.concurrent.FutureTask.get(FutureTask.java:191)
	at jetbrains.exodus.newLogConcept.MVCC.MVCCDataStructure.commitTransaction(MVCCDataStructure.java:299)
	at site.ycsb.db.XodusClient.insert(XodusClient.java:60)
	at site.ycsb.DBWrapper.insert(DBWrapper.java:227)
	at site.ycsb.workloads.CoreWorkload.doInsert(CoreWorkload.java:621)
	at site.ycsb.ClientThread.run(ClientThread.java:135)
	at java.base/java.lang.Thread.run(Thread.java:829)
Caused by: jetbrains.exodus.ExodusException
	at jetbrains.exodus.newLogConcept.garbageCollector.OperationLogGarbageCollector.moveAndRemoveRecordsFromLog(OperationLogGarbageCollector.java:69)
	at jetbrains.exodus.newLogConcept.garbageCollector.OperationLogGarbageCollector.clean(OperationLogGarbageCollector.java:51)
	at jetbrains.exodus.newLogConcept.MVCC.MVCCDataStructure.lambda$commitTransaction$1(MVCCDataStructure.java:297)
	at java.base/java.util.concurrent.Executors$RunnableAdapter.call(Executors.java:515)
	at java.base/java.util.concurrent.FutureTask.run(FutureTask.java:264)
	at java.base/java.util.concurrent.ThreadPoolExecutor.runWorker(ThreadPoolExecutor.java:1128)
	at java.base/java.util.concurrent.ThreadPoolExecutor$Worker.run(ThreadPoolExecutor.java:628)
	... 1 more
java.util.concurrent.ExecutionException: jetbrains.exodus.ExodusException
	at java.base/java.util.concurrent.FutureTask.report(FutureTask.java:122)
	at java.base/java.util.concurrent.FutureTask.get(FutureTask.java:191)
	at jetbrains.exodus.newLogConcept.MVCC.MVCCDataStructure.commitTransaction(MVCCDataStructure.java:299)
	at site.ycsb.db.XodusClient.insert(XodusClient.java:60)
	at site.ycsb.DBWrapper.insert(DBWrapper.java:227)
	at site.ycsb.workloads.CoreWorkload.doInsert(CoreWorkload.java:621)
	at site.ycsb.ClientThread.run(ClientThread.java:135)
	at java.base/java.lang.Thread.run(Thread.java:829)
Caused by: jetbrains.exodus.ExodusException
	at jetbrains.exodus.newLogConcept.garbageCollector.OperationLogGarbageCollector.moveAndRemoveRecordsFromLog(OperationLogGarbageCollector.java:69)
	at jetbrains.exodus.newLogConcept.garbageCollector.OperationLogGarbageCollector.clean(OperationLogGarbageCollector.java:51)
	at jetbrains.exodus.newLogConcept.MVCC.MVCCDataStructure.lambda$commitTransaction$1(MVCCDataStructure.java:297)
	at java.base/java.util.concurrent.Executors$RunnableAdapter.call(Executors.java:515)
	at java.base/java.util.concurrent.FutureTask.run(FutureTask.java:264)
	at java.base/java.util.concurrent.ThreadPoolExecutor.runWorker(ThreadPoolExecutor.java:1128)
	at java.base/java.util.concurrent.ThreadPoolExecutor$Worker.run(ThreadPoolExecutor.java:628)
	... 1 more
java.util.concurrent.ExecutionException: jetbrains.exodus.ExodusException
	at java.base/java.util.concurrent.FutureTask.report(FutureTask.java:122)
	at java.base/java.util.concurrent.FutureTask.get(FutureTask.java:191)
	at jetbrains.exodus.newLogConcept.MVCC.MVCCDataStructure.commitTransaction(MVCCDataStructure.java:299)
	at site.ycsb.db.XodusClient.insert(XodusClient.java:60)
	at site.ycsb.DBWrapper.insert(DBWrapper.java:227)
	at site.ycsb.workloads.CoreWorkload.doInsert(CoreWorkload.java:621)
	at site.ycsb.ClientThread.run(ClientThread.java:135)
	at java.base/java.lang.Thread.run(Thread.java:829)
Caused by: jetbrains.exodus.ExodusException
	at jetbrains.exodus.newLogConcept.garbageCollector.OperationLogGarbageCollector.moveAndRemoveRecordsFromLog(OperationLogGarbageCollector.java:69)
	at jetbrains.exodus.newLogConcept.garbageCollector.OperationLogGarbageCollector.clean(OperationLogGarbageCollector.java:51)
	at jetbrains.exodus.newLogConcept.MVCC.MVCCDataStructure.lambda$commitTransaction$1(MVCCDataStructure.java:297)
	at java.base/java.util.concurrent.Executors$RunnableAdapter.call(Executors.java:515)
	at java.base/java.util.concurrent.FutureTask.run(FutureTask.java:264)
	at java.base/java.util.concurrent.ThreadPoolExecutor.runWorker(ThreadPoolExecutor.java:1128)
	at java.base/java.util.concurrent.ThreadPoolExecutor$Worker.run(ThreadPoolExecutor.java:628)
	... 1 more
java.util.concurrent.ExecutionException: jetbrains.exodus.ExodusException
	at java.base/java.util.concurrent.FutureTask.report(FutureTask.java:122)
	at java.base/java.util.concurrent.FutureTask.get(FutureTask.java:191)
	at jetbrains.exodus.newLogConcept.MVCC.MVCCDataStructure.commitTransaction(MVCCDataStructure.java:299)
	at site.ycsb.db.XodusClient.insert(XodusClient.java:60)
	at site.ycsb.DBWrapper.insert(DBWrapper.java:227)
	at site.ycsb.workloads.CoreWorkload.doInsert(CoreWorkload.java:621)
	at site.ycsb.ClientThread.run(ClientThread.java:135)
	at java.base/java.lang.Thread.run(Thread.java:829)
Caused by: jetbrains.exodus.ExodusException
	at jetbrains.exodus.newLogConcept.garbageCollector.OperationLogGarbageCollector.moveAndRemoveRecordsFromLog(OperationLogGarbageCollector.java:69)
	at jetbrains.exodus.newLogConcept.garbageCollector.OperationLogGarbageCollector.clean(OperationLogGarbageCollector.java:51)
	at jetbrains.exodus.newLogConcept.MVCC.MVCCDataStructure.lambda$commitTransaction$1(MVCCDataStructure.java:297)
	at java.base/java.util.concurrent.Executors$RunnableAdapter.call(Executors.java:515)
	at java.base/java.util.concurrent.FutureTask.run(FutureTask.java:264)
	at java.base/java.util.concurrent.ThreadPoolExecutor.runWorker(ThreadPoolExecutor.java:1128)
	at java.base/java.util.concurrent.ThreadPoolExecutor$Worker.run(ThreadPoolExecutor.java:628)
	... 1 more
java.util.concurrent.ExecutionException: jetbrains.exodus.ExodusException
	at java.base/java.util.concurrent.FutureTask.report(FutureTask.java:122)
	at java.base/java.util.concurrent.FutureTask.get(FutureTask.java:191)
	at jetbrains.exodus.newLogConcept.MVCC.MVCCDataStructure.commitTransaction(MVCCDataStructure.java:299)
	at site.ycsb.db.XodusClient.insert(XodusClient.java:60)
	at site.ycsb.DBWrapper.insert(DBWrapper.java:227)
	at site.ycsb.workloads.CoreWorkload.doInsert(CoreWorkload.java:621)
	at site.ycsb.ClientThread.run(ClientThread.java:135)
	at java.base/java.lang.Thread.run(Thread.java:829)
Caused by: jetbrains.exodus.ExodusException
	at jetbrains.exodus.newLogConcept.garbageCollector.OperationLogGarbageCollector.moveAndRemoveRecordsFromLog(OperationLogGarbageCollector.java:69)
	at jetbrains.exodus.newLogConcept.garbageCollector.OperationLogGarbageCollector.clean(OperationLogGarbageCollector.java:51)
	at jetbrains.exodus.newLogConcept.MVCC.MVCCDataStructure.lambda$commitTransaction$1(MVCCDataStructure.java:297)
	at java.base/java.util.concurrent.Executors$RunnableAdapter.call(Executors.java:515)
	at java.base/java.util.concurrent.FutureTask.run(FutureTask.java:264)
	at java.base/java.util.concurrent.ThreadPoolExecutor.runWorker(ThreadPoolExecutor.java:1128)
	at java.base/java.util.concurrent.ThreadPoolExecutor$Worker.run(ThreadPoolExecutor.java:628)
	... 1 more
java.util.concurrent.ExecutionException: jetbrains.exodus.ExodusException
	at java.base/java.util.concurrent.FutureTask.report(FutureTask.java:122)
	at java.base/java.util.concurrent.FutureTask.get(FutureTask.java:191)
	at jetbrains.exodus.newLogConcept.MVCC.MVCCDataStructure.commitTransaction(MVCCDataStructure.java:299)
	at site.ycsb.db.XodusClient.insert(XodusClient.java:60)
	at site.ycsb.DBWrapper.insert(DBWrapper.java:227)
	at site.ycsb.workloads.CoreWorkload.doInsert(CoreWorkload.java:621)
	at site.ycsb.ClientThread.run(ClientThread.java:135)
	at java.base/java.lang.Thread.run(Thread.java:829)
Caused by: jetbrains.exodus.ExodusException
	at jetbrains.exodus.newLogConcept.garbageCollector.OperationLogGarbageCollector.moveAndRemoveRecordsFromLog(OperationLogGarbageCollector.java:69)
	at jetbrains.exodus.newLogConcept.garbageCollector.OperationLogGarbageCollector.clean(OperationLogGarbageCollector.java:51)
	at jetbrains.exodus.newLogConcept.MVCC.MVCCDataStructure.lambda$commitTransaction$1(MVCCDataStructure.java:297)
	at java.base/java.util.concurrent.Executors$RunnableAdapter.call(Executors.java:515)
	at java.base/java.util.concurrent.FutureTask.run(FutureTask.java:264)
	at java.base/java.util.concurrent.ThreadPoolExecutor.runWorker(ThreadPoolExecutor.java:1128)
	at java.base/java.util.concurrent.ThreadPoolExecutor$Worker.run(ThreadPoolExecutor.java:628)
	... 1 more
java.util.concurrent.ExecutionException: jetbrains.exodus.ExodusException
	at java.base/java.util.concurrent.FutureTask.report(FutureTask.java:122)
	at java.base/java.util.concurrent.FutureTask.get(FutureTask.java:191)
	at jetbrains.exodus.newLogConcept.MVCC.MVCCDataStructure.commitTransaction(MVCCDataStructure.java:299)
	at site.ycsb.db.XodusClient.insert(XodusClient.java:60)
	at site.ycsb.DBWrapper.insert(DBWrapper.java:227)
	at site.ycsb.workloads.CoreWorkload.doInsert(CoreWorkload.java:621)
	at site.ycsb.ClientThread.run(ClientThread.java:135)
	at java.base/java.lang.Thread.run(Thread.java:829)
Caused by: jetbrains.exodus.ExodusException
	at jetbrains.exodus.newLogConcept.garbageCollector.OperationLogGarbageCollector.moveAndRemoveRecordsFromLog(OperationLogGarbageCollector.java:69)
	at jetbrains.exodus.newLogConcept.garbageCollector.OperationLogGarbageCollector.clean(OperationLogGarbageCollector.java:51)
	at jetbrains.exodus.newLogConcept.MVCC.MVCCDataStructure.lambda$commitTransaction$1(MVCCDataStructure.java:297)
	at java.base/java.util.concurrent.Executors$RunnableAdapter.call(Executors.java:515)
	at java.base/java.util.concurrent.FutureTask.run(FutureTask.java:264)
	at java.base/java.util.concurrent.ThreadPoolExecutor.runWorker(ThreadPoolExecutor.java:1128)
	at java.base/java.util.concurrent.ThreadPoolExecutor$Worker.run(ThreadPoolExecutor.java:628)
	... 1 more
java.util.concurrent.ExecutionException: jetbrains.exodus.ExodusException
	at java.base/java.util.concurrent.FutureTask.report(FutureTask.java:122)
	at java.base/java.util.concurrent.FutureTask.get(FutureTask.java:191)
	at jetbrains.exodus.newLogConcept.MVCC.MVCCDataStructure.commitTransaction(MVCCDataStructure.java:299)
	at site.ycsb.db.XodusClient.insert(XodusClient.java:60)
	at site.ycsb.DBWrapper.insert(DBWrapper.java:227)
	at site.ycsb.workloads.CoreWorkload.doInsert(CoreWorkload.java:621)
	at site.ycsb.ClientThread.run(ClientThread.java:135)
	at java.base/java.lang.Thread.run(Thread.java:829)
Caused by: jetbrains.exodus.ExodusException
	at jetbrains.exodus.newLogConcept.garbageCollector.OperationLogGarbageCollector.moveAndRemoveRecordsFromLog(OperationLogGarbageCollector.java:69)
	at jetbrains.exodus.newLogConcept.garbageCollector.OperationLogGarbageCollector.clean(OperationLogGarbageCollector.java:51)
	at jetbrains.exodus.newLogConcept.MVCC.MVCCDataStructure.lambda$commitTransaction$1(MVCCDataStructure.java:297)
	at java.base/java.util.concurrent.Executors$RunnableAdapter.call(Executors.java:515)
	at java.base/java.util.concurrent.FutureTask.run(FutureTask.java:264)
	at java.base/java.util.concurrent.ThreadPoolExecutor.runWorker(ThreadPoolExecutor.java:1128)
	at java.base/java.util.concurrent.ThreadPoolExecutor$Worker.run(ThreadPoolExecutor.java:628)
	... 1 more
java.util.concurrent.ExecutionException: jetbrains.exodus.ExodusException
	at java.base/java.util.concurrent.FutureTask.report(FutureTask.java:122)
	at java.base/java.util.concurrent.FutureTask.get(FutureTask.java:191)
	at jetbrains.exodus.newLogConcept.MVCC.MVCCDataStructure.commitTransaction(MVCCDataStructure.java:299)
	at site.ycsb.db.XodusClient.insert(XodusClient.java:60)
	at site.ycsb.DBWrapper.insert(DBWrapper.java:227)
	at site.ycsb.workloads.CoreWorkload.doInsert(CoreWorkload.java:621)
	at site.ycsb.ClientThread.run(ClientThread.java:135)
	at java.base/java.lang.Thread.run(Thread.java:829)
Caused by: jetbrains.exodus.ExodusException
	at jetbrains.exodus.newLogConcept.garbageCollector.OperationLogGarbageCollector.moveAndRemoveRecordsFromLog(OperationLogGarbageCollector.java:69)
	at jetbrains.exodus.newLogConcept.garbageCollector.OperationLogGarbageCollector.clean(OperationLogGarbageCollector.java:51)
	at jetbrains.exodus.newLogConcept.MVCC.MVCCDataStructure.lambda$commitTransaction$1(MVCCDataStructure.java:297)
	at java.base/java.util.concurrent.Executors$RunnableAdapter.call(Executors.java:515)
	at java.base/java.util.concurrent.FutureTask.run(FutureTask.java:264)
	at java.base/java.util.concurrent.ThreadPoolExecutor.runWorker(ThreadPoolExecutor.java:1128)
	at java.base/java.util.concurrent.ThreadPoolExecutor$Worker.run(ThreadPoolExecutor.java:628)
	... 1 more
java.util.concurrent.ExecutionException: jetbrains.exodus.ExodusException
	at java.base/java.util.concurrent.FutureTask.report(FutureTask.java:122)
	at java.base/java.util.concurrent.FutureTask.get(FutureTask.java:191)
	at jetbrains.exodus.newLogConcept.MVCC.MVCCDataStructure.commitTransaction(MVCCDataStructure.java:299)
	at site.ycsb.db.XodusClient.insert(XodusClient.java:60)
	at site.ycsb.DBWrapper.insert(DBWrapper.java:227)
	at site.ycsb.workloads.CoreWorkload.doInsert(CoreWorkload.java:621)
	at site.ycsb.ClientThread.run(ClientThread.java:135)
	at java.base/java.lang.Thread.run(Thread.java:829)
Caused by: jetbrains.exodus.ExodusException
	at jetbrains.exodus.newLogConcept.garbageCollector.OperationLogGarbageCollector.moveAndRemoveRecordsFromLog(OperationLogGarbageCollector.java:69)
	at jetbrains.exodus.newLogConcept.garbageCollector.OperationLogGarbageCollector.clean(OperationLogGarbageCollector.java:51)
	at jetbrains.exodus.newLogConcept.MVCC.MVCCDataStructure.lambda$commitTransaction$1(MVCCDataStructure.java:297)
	at java.base/java.util.concurrent.Executors$RunnableAdapter.call(Executors.java:515)
	at java.base/java.util.concurrent.FutureTask.run(FutureTask.java:264)
	at java.base/java.util.concurrent.ThreadPoolExecutor.runWorker(ThreadPoolExecutor.java:1128)
	at java.base/java.util.concurrent.ThreadPoolExecutor$Worker.run(ThreadPoolExecutor.java:628)
	... 1 more
java.util.concurrent.ExecutionException: jetbrains.exodus.ExodusException
	at java.base/java.util.concurrent.FutureTask.report(FutureTask.java:122)
	at java.base/java.util.concurrent.FutureTask.get(FutureTask.java:191)
	at jetbrains.exodus.newLogConcept.MVCC.MVCCDataStructure.commitTransaction(MVCCDataStructure.java:299)
	at site.ycsb.db.XodusClient.insert(XodusClient.java:60)
	at site.ycsb.DBWrapper.insert(DBWrapper.java:227)
	at site.ycsb.workloads.CoreWorkload.doInsert(CoreWorkload.java:621)
	at site.ycsb.ClientThread.run(ClientThread.java:135)
	at java.base/java.lang.Thread.run(Thread.java:829)
Caused by: jetbrains.exodus.ExodusException
	at jetbrains.exodus.newLogConcept.garbageCollector.OperationLogGarbageCollector.moveAndRemoveRecordsFromLog(OperationLogGarbageCollector.java:69)
	at jetbrains.exodus.newLogConcept.garbageCollector.OperationLogGarbageCollector.clean(OperationLogGarbageCollector.java:51)
	at jetbrains.exodus.newLogConcept.MVCC.MVCCDataStructure.lambda$commitTransaction$1(MVCCDataStructure.java:297)
	at java.base/java.util.concurrent.Executors$RunnableAdapter.call(Executors.java:515)
	at java.base/java.util.concurrent.FutureTask.run(FutureTask.java:264)
	at java.base/java.util.concurrent.ThreadPoolExecutor.runWorker(ThreadPoolExecutor.java:1128)
	at java.base/java.util.concurrent.ThreadPoolExecutor$Worker.run(ThreadPoolExecutor.java:628)
	... 1 more
java.util.concurrent.ExecutionException: jetbrains.exodus.ExodusException
	at java.base/java.util.concurrent.FutureTask.report(FutureTask.java:122)
	at java.base/java.util.concurrent.FutureTask.get(FutureTask.java:191)
	at jetbrains.exodus.newLogConcept.MVCC.MVCCDataStructure.commitTransaction(MVCCDataStructure.java:299)
	at site.ycsb.db.XodusClient.insert(XodusClient.java:60)
	at site.ycsb.DBWrapper.insert(DBWrapper.java:227)
	at site.ycsb.workloads.CoreWorkload.doInsert(CoreWorkload.java:621)
	at site.ycsb.ClientThread.run(ClientThread.java:135)
	at java.base/java.lang.Thread.run(Thread.java:829)
Caused by: jetbrains.exodus.ExodusException
	at jetbrains.exodus.newLogConcept.garbageCollector.OperationLogGarbageCollector.moveAndRemoveRecordsFromLog(OperationLogGarbageCollector.java:69)
	at jetbrains.exodus.newLogConcept.garbageCollector.OperationLogGarbageCollector.clean(OperationLogGarbageCollector.java:51)
	at jetbrains.exodus.newLogConcept.MVCC.MVCCDataStructure.lambda$commitTransaction$1(MVCCDataStructure.java:297)
	at java.base/java.util.concurrent.Executors$RunnableAdapter.call(Executors.java:515)
	at java.base/java.util.concurrent.FutureTask.run(FutureTask.java:264)
	at java.base/java.util.concurrent.ThreadPoolExecutor.runWorker(ThreadPoolExecutor.java:1128)
	at java.base/java.util.concurrent.ThreadPoolExecutor$Worker.run(ThreadPoolExecutor.java:628)
	... 1 more
java.util.concurrent.ExecutionException: jetbrains.exodus.ExodusException
	at java.base/java.util.concurrent.FutureTask.report(FutureTask.java:122)
	at java.base/java.util.concurrent.FutureTask.get(FutureTask.java:191)
	at jetbrains.exodus.newLogConcept.MVCC.MVCCDataStructure.commitTransaction(MVCCDataStructure.java:299)
	at site.ycsb.db.XodusClient.insert(XodusClient.java:60)
	at site.ycsb.DBWrapper.insert(DBWrapper.java:227)
	at site.ycsb.workloads.CoreWorkload.doInsert(CoreWorkload.java:621)
	at site.ycsb.ClientThread.run(ClientThread.java:135)
	at java.base/java.lang.Thread.run(Thread.java:829)
Caused by: jetbrains.exodus.ExodusException
	at jetbrains.exodus.newLogConcept.garbageCollector.OperationLogGarbageCollector.moveAndRemoveRecordsFromLog(OperationLogGarbageCollector.java:69)
	at jetbrains.exodus.newLogConcept.garbageCollector.OperationLogGarbageCollector.clean(OperationLogGarbageCollector.java:51)
	at jetbrains.exodus.newLogConcept.MVCC.MVCCDataStructure.lambda$commitTransaction$1(MVCCDataStructure.java:297)
	at java.base/java.util.concurrent.Executors$RunnableAdapter.call(Executors.java:515)
	at java.base/java.util.concurrent.FutureTask.run(FutureTask.java:264)
	at java.base/java.util.concurrent.ThreadPoolExecutor.runWorker(ThreadPoolExecutor.java:1128)
	at java.base/java.util.concurrent.ThreadPoolExecutor$Worker.run(ThreadPoolExecutor.java:628)
	... 1 more
java.util.concurrent.ExecutionException: jetbrains.exodus.ExodusException
	at java.base/java.util.concurrent.FutureTask.report(FutureTask.java:122)
	at java.base/java.util.concurrent.FutureTask.get(FutureTask.java:191)
	at jetbrains.exodus.newLogConcept.MVCC.MVCCDataStructure.commitTransaction(MVCCDataStructure.java:299)
	at site.ycsb.db.XodusClient.insert(XodusClient.java:60)
	at site.ycsb.DBWrapper.insert(DBWrapper.java:227)
	at site.ycsb.workloads.CoreWorkload.doInsert(CoreWorkload.java:621)
	at site.ycsb.ClientThread.run(ClientThread.java:135)
	at java.base/java.lang.Thread.run(Thread.java:829)
Caused by: jetbrains.exodus.ExodusException
	at jetbrains.exodus.newLogConcept.garbageCollector.OperationLogGarbageCollector.moveAndRemoveRecordsFromLog(OperationLogGarbageCollector.java:69)
	at jetbrains.exodus.newLogConcept.garbageCollector.OperationLogGarbageCollector.clean(OperationLogGarbageCollector.java:51)
	at jetbrains.exodus.newLogConcept.MVCC.MVCCDataStructure.lambda$commitTransaction$1(MVCCDataStructure.java:297)
	at java.base/java.util.concurrent.Executors$RunnableAdapter.call(Executors.java:515)
	at java.base/java.util.concurrent.FutureTask.run(FutureTask.java:264)
	at java.base/java.util.concurrent.ThreadPoolExecutor.runWorker(ThreadPoolExecutor.java:1128)
	at java.base/java.util.concurrent.ThreadPoolExecutor$Worker.run(ThreadPoolExecutor.java:628)
	... 1 more
java.util.concurrent.ExecutionException: jetbrains.exodus.ExodusException
	at java.base/java.util.concurrent.FutureTask.report(FutureTask.java:122)
	at java.base/java.util.concurrent.FutureTask.get(FutureTask.java:191)
	at jetbrains.exodus.newLogConcept.MVCC.MVCCDataStructure.commitTransaction(MVCCDataStructure.java:299)
	at site.ycsb.db.XodusClient.insert(XodusClient.java:60)
	at site.ycsb.DBWrapper.insert(DBWrapper.java:227)
	at site.ycsb.workloads.CoreWorkload.doInsert(CoreWorkload.java:621)
	at site.ycsb.ClientThread.run(ClientThread.java:135)
	at java.base/java.lang.Thread.run(Thread.java:829)
Caused by: jetbrains.exodus.ExodusException
	at jetbrains.exodus.newLogConcept.garbageCollector.OperationLogGarbageCollector.moveAndRemoveRecordsFromLog(OperationLogGarbageCollector.java:69)
	at jetbrains.exodus.newLogConcept.garbageCollector.OperationLogGarbageCollector.clean(OperationLogGarbageCollector.java:51)
	at jetbrains.exodus.newLogConcept.MVCC.MVCCDataStructure.lambda$commitTransaction$1(MVCCDataStructure.java:297)
	at java.base/java.util.concurrent.Executors$RunnableAdapter.call(Executors.java:515)
	at java.base/java.util.concurrent.FutureTask.run(FutureTask.java:264)
	at java.base/java.util.concurrent.ThreadPoolExecutor.runWorker(ThreadPoolExecutor.java:1128)
	at java.base/java.util.concurrent.ThreadPoolExecutor$Worker.run(ThreadPoolExecutor.java:628)
	... 1 more
java.util.concurrent.ExecutionException: jetbrains.exodus.ExodusException
	at java.base/java.util.concurrent.FutureTask.report(FutureTask.java:122)
	at java.base/java.util.concurrent.FutureTask.get(FutureTask.java:191)
	at jetbrains.exodus.newLogConcept.MVCC.MVCCDataStructure.commitTransaction(MVCCDataStructure.java:299)
	at site.ycsb.db.XodusClient.insert(XodusClient.java:60)
	at site.ycsb.DBWrapper.insert(DBWrapper.java:227)
	at site.ycsb.workloads.CoreWorkload.doInsert(CoreWorkload.java:621)
	at site.ycsb.ClientThread.run(ClientThread.java:135)
	at java.base/java.lang.Thread.run(Thread.java:829)
Caused by: jetbrains.exodus.ExodusException
	at jetbrains.exodus.newLogConcept.garbageCollector.OperationLogGarbageCollector.moveAndRemoveRecordsFromLog(OperationLogGarbageCollector.java:69)
	at jetbrains.exodus.newLogConcept.garbageCollector.OperationLogGarbageCollector.clean(OperationLogGarbageCollector.java:51)
	at jetbrains.exodus.newLogConcept.MVCC.MVCCDataStructure.lambda$commitTransaction$1(MVCCDataStructure.java:297)
	at java.base/java.util.concurrent.Executors$RunnableAdapter.call(Executors.java:515)
	at java.base/java.util.concurrent.FutureTask.run(FutureTask.java:264)
	at java.base/java.util.concurrent.ThreadPoolExecutor.runWorker(ThreadPoolExecutor.java:1128)
	at java.base/java.util.concurrent.ThreadPoolExecutor$Worker.run(ThreadPoolExecutor.java:628)
	... 1 more
java.util.concurrent.ExecutionException: jetbrains.exodus.ExodusException
	at java.base/java.util.concurrent.FutureTask.report(FutureTask.java:122)
	at java.base/java.util.concurrent.FutureTask.get(FutureTask.java:191)
	at jetbrains.exodus.newLogConcept.MVCC.MVCCDataStructure.commitTransaction(MVCCDataStructure.java:299)
	at site.ycsb.db.XodusClient.insert(XodusClient.java:60)
	at site.ycsb.DBWrapper.insert(DBWrapper.java:227)
	at site.ycsb.workloads.CoreWorkload.doInsert(CoreWorkload.java:621)
	at site.ycsb.ClientThread.run(ClientThread.java:135)
	at java.base/java.lang.Thread.run(Thread.java:829)
Caused by: jetbrains.exodus.ExodusException
	at jetbrains.exodus.newLogConcept.garbageCollector.OperationLogGarbageCollector.moveAndRemoveRecordsFromLog(OperationLogGarbageCollector.java:69)
	at jetbrains.exodus.newLogConcept.garbageCollector.OperationLogGarbageCollector.clean(OperationLogGarbageCollector.java:51)
	at jetbrains.exodus.newLogConcept.MVCC.MVCCDataStructure.lambda$commitTransaction$1(MVCCDataStructure.java:297)
	at java.base/java.util.concurrent.Executors$RunnableAdapter.call(Executors.java:515)
	at java.base/java.util.concurrent.FutureTask.run(FutureTask.java:264)
	at java.base/java.util.concurrent.ThreadPoolExecutor.runWorker(ThreadPoolExecutor.java:1128)
	at java.base/java.util.concurrent.ThreadPoolExecutor$Worker.run(ThreadPoolExecutor.java:628)
	... 1 more
java.util.concurrent.ExecutionException: jetbrains.exodus.ExodusException
	at java.base/java.util.concurrent.FutureTask.report(FutureTask.java:122)
	at java.base/java.util.concurrent.FutureTask.get(FutureTask.java:191)
	at jetbrains.exodus.newLogConcept.MVCC.MVCCDataStructure.commitTransaction(MVCCDataStructure.java:299)
	at site.ycsb.db.XodusClient.insert(XodusClient.java:60)
	at site.ycsb.DBWrapper.insert(DBWrapper.java:227)
	at site.ycsb.workloads.CoreWorkload.doInsert(CoreWorkload.java:621)
	at site.ycsb.ClientThread.run(ClientThread.java:135)
	at java.base/java.lang.Thread.run(Thread.java:829)
Caused by: jetbrains.exodus.ExodusException
	at jetbrains.exodus.newLogConcept.garbageCollector.OperationLogGarbageCollector.moveAndRemoveRecordsFromLog(OperationLogGarbageCollector.java:69)
	at jetbrains.exodus.newLogConcept.garbageCollector.OperationLogGarbageCollector.clean(OperationLogGarbageCollector.java:51)
	at jetbrains.exodus.newLogConcept.MVCC.MVCCDataStructure.lambda$commitTransaction$1(MVCCDataStructure.java:297)
	at java.base/java.util.concurrent.Executors$RunnableAdapter.call(Executors.java:515)
	at java.base/java.util.concurrent.FutureTask.run(FutureTask.java:264)
	at java.base/java.util.concurrent.ThreadPoolExecutor.runWorker(ThreadPoolExecutor.java:1128)
	at java.base/java.util.concurrent.ThreadPoolExecutor$Worker.run(ThreadPoolExecutor.java:628)
	... 1 more
java.util.concurrent.ExecutionException: jetbrains.exodus.ExodusException
	at java.base/java.util.concurrent.FutureTask.report(FutureTask.java:122)
	at java.base/java.util.concurrent.FutureTask.get(FutureTask.java:191)
	at jetbrains.exodus.newLogConcept.MVCC.MVCCDataStructure.commitTransaction(MVCCDataStructure.java:299)
	at site.ycsb.db.XodusClient.insert(XodusClient.java:60)
	at site.ycsb.DBWrapper.insert(DBWrapper.java:227)
	at site.ycsb.workloads.CoreWorkload.doInsert(CoreWorkload.java:621)
	at site.ycsb.ClientThread.run(ClientThread.java:135)
	at java.base/java.lang.Thread.run(Thread.java:829)
Caused by: jetbrains.exodus.ExodusException
	at jetbrains.exodus.newLogConcept.garbageCollector.OperationLogGarbageCollector.moveAndRemoveRecordsFromLog(OperationLogGarbageCollector.java:69)
	at jetbrains.exodus.newLogConcept.garbageCollector.OperationLogGarbageCollector.clean(OperationLogGarbageCollector.java:51)
	at jetbrains.exodus.newLogConcept.MVCC.MVCCDataStructure.lambda$commitTransaction$1(MVCCDataStructure.java:297)
	at java.base/java.util.concurrent.Executors$RunnableAdapter.call(Executors.java:515)
	at java.base/java.util.concurrent.FutureTask.run(FutureTask.java:264)
	at java.base/java.util.concurrent.ThreadPoolExecutor.runWorker(ThreadPoolExecutor.java:1128)
	at java.base/java.util.concurrent.ThreadPoolExecutor$Worker.run(ThreadPoolExecutor.java:628)
	... 1 more
java.util.concurrent.ExecutionException: jetbrains.exodus.ExodusException
	at java.base/java.util.concurrent.FutureTask.report(FutureTask.java:122)
	at java.base/java.util.concurrent.FutureTask.get(FutureTask.java:191)
	at jetbrains.exodus.newLogConcept.MVCC.MVCCDataStructure.commitTransaction(MVCCDataStructure.java:299)
	at site.ycsb.db.XodusClient.insert(XodusClient.java:60)
	at site.ycsb.DBWrapper.insert(DBWrapper.java:227)
	at site.ycsb.workloads.CoreWorkload.doInsert(CoreWorkload.java:621)
	at site.ycsb.ClientThread.run(ClientThread.java:135)
	at java.base/java.lang.Thread.run(Thread.java:829)
Caused by: jetbrains.exodus.ExodusException
	at jetbrains.exodus.newLogConcept.garbageCollector.OperationLogGarbageCollector.moveAndRemoveRecordsFromLog(OperationLogGarbageCollector.java:69)
	at jetbrains.exodus.newLogConcept.garbageCollector.OperationLogGarbageCollector.clean(OperationLogGarbageCollector.java:51)
	at jetbrains.exodus.newLogConcept.MVCC.MVCCDataStructure.lambda$commitTransaction$1(MVCCDataStructure.java:297)
	at java.base/java.util.concurrent.Executors$RunnableAdapter.call(Executors.java:515)
	at java.base/java.util.concurrent.FutureTask.run(FutureTask.java:264)
	at java.base/java.util.concurrent.ThreadPoolExecutor.runWorker(ThreadPoolExecutor.java:1128)
	at java.base/java.util.concurrent.ThreadPoolExecutor$Worker.run(ThreadPoolExecutor.java:628)
	... 1 more
java.util.concurrent.ExecutionException: jetbrains.exodus.ExodusException
	at java.base/java.util.concurrent.FutureTask.report(FutureTask.java:122)
	at java.base/java.util.concurrent.FutureTask.get(FutureTask.java:191)
	at jetbrains.exodus.newLogConcept.MVCC.MVCCDataStructure.commitTransaction(MVCCDataStructure.java:299)
	at site.ycsb.db.XodusClient.insert(XodusClient.java:60)
	at site.ycsb.DBWrapper.insert(DBWrapper.java:227)
	at site.ycsb.workloads.CoreWorkload.doInsert(CoreWorkload.java:621)
	at site.ycsb.ClientThread.run(ClientThread.java:135)
	at java.base/java.lang.Thread.run(Thread.java:829)
Caused by: jetbrains.exodus.ExodusException
	at jetbrains.exodus.newLogConcept.garbageCollector.OperationLogGarbageCollector.moveAndRemoveRecordsFromLog(OperationLogGarbageCollector.java:69)
	at jetbrains.exodus.newLogConcept.garbageCollector.OperationLogGarbageCollector.clean(OperationLogGarbageCollector.java:51)
	at jetbrains.exodus.newLogConcept.MVCC.MVCCDataStructure.lambda$commitTransaction$1(MVCCDataStructure.java:297)
	at java.base/java.util.concurrent.Executors$RunnableAdapter.call(Executors.java:515)
	at java.base/java.util.concurrent.FutureTask.run(FutureTask.java:264)
	at java.base/java.util.concurrent.ThreadPoolExecutor.runWorker(ThreadPoolExecutor.java:1128)
	at java.base/java.util.concurrent.ThreadPoolExecutor$Worker.run(ThreadPoolExecutor.java:628)
	... 1 more
java.util.concurrent.ExecutionException: jetbrains.exodus.ExodusException
	at java.base/java.util.concurrent.FutureTask.report(FutureTask.java:122)
	at java.base/java.util.concurrent.FutureTask.get(FutureTask.java:191)
	at jetbrains.exodus.newLogConcept.MVCC.MVCCDataStructure.commitTransaction(MVCCDataStructure.java:299)
	at site.ycsb.db.XodusClient.insert(XodusClient.java:60)
	at site.ycsb.DBWrapper.insert(DBWrapper.java:227)
	at site.ycsb.workloads.CoreWorkload.doInsert(CoreWorkload.java:621)
	at site.ycsb.ClientThread.run(ClientThread.java:135)
	at java.base/java.lang.Thread.run(Thread.java:829)
Caused by: jetbrains.exodus.ExodusException
	at jetbrains.exodus.newLogConcept.garbageCollector.OperationLogGarbageCollector.moveAndRemoveRecordsFromLog(OperationLogGarbageCollector.java:69)
	at jetbrains.exodus.newLogConcept.garbageCollector.OperationLogGarbageCollector.clean(OperationLogGarbageCollector.java:51)
	at jetbrains.exodus.newLogConcept.MVCC.MVCCDataStructure.lambda$commitTransaction$1(MVCCDataStructure.java:297)
	at java.base/java.util.concurrent.Executors$RunnableAdapter.call(Executors.java:515)
	at java.base/java.util.concurrent.FutureTask.run(FutureTask.java:264)
	at java.base/java.util.concurrent.ThreadPoolExecutor.runWorker(ThreadPoolExecutor.java:1128)
	at java.base/java.util.concurrent.ThreadPoolExecutor$Worker.run(ThreadPoolExecutor.java:628)
	... 1 more
java.util.concurrent.ExecutionException: jetbrains.exodus.ExodusException
	at java.base/java.util.concurrent.FutureTask.report(FutureTask.java:122)
	at java.base/java.util.concurrent.FutureTask.get(FutureTask.java:191)
	at jetbrains.exodus.newLogConcept.MVCC.MVCCDataStructure.commitTransaction(MVCCDataStructure.java:299)
	at site.ycsb.db.XodusClient.insert(XodusClient.java:60)
	at site.ycsb.DBWrapper.insert(DBWrapper.java:227)
	at site.ycsb.workloads.CoreWorkload.doInsert(CoreWorkload.java:621)
	at site.ycsb.ClientThread.run(ClientThread.java:135)
	at java.base/java.lang.Thread.run(Thread.java:829)
Caused by: jetbrains.exodus.ExodusException
	at jetbrains.exodus.newLogConcept.garbageCollector.OperationLogGarbageCollector.moveAndRemoveRecordsFromLog(OperationLogGarbageCollector.java:69)
	at jetbrains.exodus.newLogConcept.garbageCollector.OperationLogGarbageCollector.clean(OperationLogGarbageCollector.java:51)
	at jetbrains.exodus.newLogConcept.MVCC.MVCCDataStructure.lambda$commitTransaction$1(MVCCDataStructure.java:297)
	at java.base/java.util.concurrent.Executors$RunnableAdapter.call(Executors.java:515)
	at java.base/java.util.concurrent.FutureTask.run(FutureTask.java:264)
	at java.base/java.util.concurrent.ThreadPoolExecutor.runWorker(ThreadPoolExecutor.java:1128)
	at java.base/java.util.concurrent.ThreadPoolExecutor$Worker.run(ThreadPoolExecutor.java:628)
	... 1 more
java.util.concurrent.ExecutionException: jetbrains.exodus.ExodusException
	at java.base/java.util.concurrent.FutureTask.report(FutureTask.java:122)
	at java.base/java.util.concurrent.FutureTask.get(FutureTask.java:191)
	at jetbrains.exodus.newLogConcept.MVCC.MVCCDataStructure.commitTransaction(MVCCDataStructure.java:299)
	at site.ycsb.db.XodusClient.insert(XodusClient.java:60)
	at site.ycsb.DBWrapper.insert(DBWrapper.java:227)
	at site.ycsb.workloads.CoreWorkload.doInsert(CoreWorkload.java:621)
	at site.ycsb.ClientThread.run(ClientThread.java:135)
	at java.base/java.lang.Thread.run(Thread.java:829)
Caused by: jetbrains.exodus.ExodusException
	at jetbrains.exodus.newLogConcept.garbageCollector.OperationLogGarbageCollector.moveAndRemoveRecordsFromLog(OperationLogGarbageCollector.java:69)
	at jetbrains.exodus.newLogConcept.garbageCollector.OperationLogGarbageCollector.clean(OperationLogGarbageCollector.java:51)
	at jetbrains.exodus.newLogConcept.MVCC.MVCCDataStructure.lambda$commitTransaction$1(MVCCDataStructure.java:297)
	at java.base/java.util.concurrent.Executors$RunnableAdapter.call(Executors.java:515)
	at java.base/java.util.concurrent.FutureTask.run(FutureTask.java:264)
	at java.base/java.util.concurrent.ThreadPoolExecutor.runWorker(ThreadPoolExecutor.java:1128)
	at java.base/java.util.concurrent.ThreadPoolExecutor$Worker.run(ThreadPoolExecutor.java:628)
	... 1 more
java.util.concurrent.ExecutionException: jetbrains.exodus.ExodusException
	at java.base/java.util.concurrent.FutureTask.report(FutureTask.java:122)
	at java.base/java.util.concurrent.FutureTask.get(FutureTask.java:191)
	at jetbrains.exodus.newLogConcept.MVCC.MVCCDataStructure.commitTransaction(MVCCDataStructure.java:299)
	at site.ycsb.db.XodusClient.insert(XodusClient.java:60)
	at site.ycsb.DBWrapper.insert(DBWrapper.java:227)
	at site.ycsb.workloads.CoreWorkload.doInsert(CoreWorkload.java:621)
	at site.ycsb.ClientThread.run(ClientThread.java:135)
	at java.base/java.lang.Thread.run(Thread.java:829)
Caused by: jetbrains.exodus.ExodusException
	at jetbrains.exodus.newLogConcept.garbageCollector.OperationLogGarbageCollector.moveAndRemoveRecordsFromLog(OperationLogGarbageCollector.java:69)
	at jetbrains.exodus.newLogConcept.garbageCollector.OperationLogGarbageCollector.clean(OperationLogGarbageCollector.java:51)
	at jetbrains.exodus.newLogConcept.MVCC.MVCCDataStructure.lambda$commitTransaction$1(MVCCDataStructure.java:297)
	at java.base/java.util.concurrent.Executors$RunnableAdapter.call(Executors.java:515)
	at java.base/java.util.concurrent.FutureTask.run(FutureTask.java:264)
	at java.base/java.util.concurrent.ThreadPoolExecutor.runWorker(ThreadPoolExecutor.java:1128)
	at java.base/java.util.concurrent.ThreadPoolExecutor$Worker.run(ThreadPoolExecutor.java:628)
	... 1 more
java.util.concurrent.ExecutionException: jetbrains.exodus.ExodusException
	at java.base/java.util.concurrent.FutureTask.report(FutureTask.java:122)
	at java.base/java.util.concurrent.FutureTask.get(FutureTask.java:191)
	at jetbrains.exodus.newLogConcept.MVCC.MVCCDataStructure.commitTransaction(MVCCDataStructure.java:299)
	at site.ycsb.db.XodusClient.insert(XodusClient.java:60)
	at site.ycsb.DBWrapper.insert(DBWrapper.java:227)
	at site.ycsb.workloads.CoreWorkload.doInsert(CoreWorkload.java:621)
	at site.ycsb.ClientThread.run(ClientThread.java:135)
	at java.base/java.lang.Thread.run(Thread.java:829)
Caused by: jetbrains.exodus.ExodusException
	at jetbrains.exodus.newLogConcept.garbageCollector.OperationLogGarbageCollector.moveAndRemoveRecordsFromLog(OperationLogGarbageCollector.java:69)
	at jetbrains.exodus.newLogConcept.garbageCollector.OperationLogGarbageCollector.clean(OperationLogGarbageCollector.java:51)
	at jetbrains.exodus.newLogConcept.MVCC.MVCCDataStructure.lambda$commitTransaction$1(MVCCDataStructure.java:297)
	at java.base/java.util.concurrent.Executors$RunnableAdapter.call(Executors.java:515)
	at java.base/java.util.concurrent.FutureTask.run(FutureTask.java:264)
	at java.base/java.util.concurrent.ThreadPoolExecutor.runWorker(ThreadPoolExecutor.java:1128)
	at java.base/java.util.concurrent.ThreadPoolExecutor$Worker.run(ThreadPoolExecutor.java:628)
	... 1 more
java.util.concurrent.ExecutionException: jetbrains.exodus.ExodusException
	at java.base/java.util.concurrent.FutureTask.report(FutureTask.java:122)
	at java.base/java.util.concurrent.FutureTask.get(FutureTask.java:191)
	at jetbrains.exodus.newLogConcept.MVCC.MVCCDataStructure.commitTransaction(MVCCDataStructure.java:299)
	at site.ycsb.db.XodusClient.insert(XodusClient.java:60)
	at site.ycsb.DBWrapper.insert(DBWrapper.java:227)
	at site.ycsb.workloads.CoreWorkload.doInsert(CoreWorkload.java:621)
	at site.ycsb.ClientThread.run(ClientThread.java:135)
	at java.base/java.lang.Thread.run(Thread.java:829)
Caused by: jetbrains.exodus.ExodusException
	at jetbrains.exodus.newLogConcept.garbageCollector.OperationLogGarbageCollector.moveAndRemoveRecordsFromLog(OperationLogGarbageCollector.java:69)
	at jetbrains.exodus.newLogConcept.garbageCollector.OperationLogGarbageCollector.clean(OperationLogGarbageCollector.java:51)
	at jetbrains.exodus.newLogConcept.MVCC.MVCCDataStructure.lambda$commitTransaction$1(MVCCDataStructure.java:297)
	at java.base/java.util.concurrent.Executors$RunnableAdapter.call(Executors.java:515)
	at java.base/java.util.concurrent.FutureTask.run(FutureTask.java:264)
	at java.base/java.util.concurrent.ThreadPoolExecutor.runWorker(ThreadPoolExecutor.java:1128)
	at java.base/java.util.concurrent.ThreadPoolExecutor$Worker.run(ThreadPoolExecutor.java:628)
	... 1 more
java.util.concurrent.ExecutionException: jetbrains.exodus.ExodusException
	at java.base/java.util.concurrent.FutureTask.report(FutureTask.java:122)
	at java.base/java.util.concurrent.FutureTask.get(FutureTask.java:191)
	at jetbrains.exodus.newLogConcept.MVCC.MVCCDataStructure.commitTransaction(MVCCDataStructure.java:299)
	at site.ycsb.db.XodusClient.insert(XodusClient.java:60)
	at site.ycsb.DBWrapper.insert(DBWrapper.java:227)
	at site.ycsb.workloads.CoreWorkload.doInsert(CoreWorkload.java:621)
	at site.ycsb.ClientThread.run(ClientThread.java:135)
	at java.base/java.lang.Thread.run(Thread.java:829)
Caused by: jetbrains.exodus.ExodusException
	at jetbrains.exodus.newLogConcept.garbageCollector.OperationLogGarbageCollector.moveAndRemoveRecordsFromLog(OperationLogGarbageCollector.java:69)
	at jetbrains.exodus.newLogConcept.garbageCollector.OperationLogGarbageCollector.clean(OperationLogGarbageCollector.java:51)
	at jetbrains.exodus.newLogConcept.MVCC.MVCCDataStructure.lambda$commitTransaction$1(MVCCDataStructure.java:297)
	at java.base/java.util.concurrent.Executors$RunnableAdapter.call(Executors.java:515)
	at java.base/java.util.concurrent.FutureTask.run(FutureTask.java:264)
	at java.base/java.util.concurrent.ThreadPoolExecutor.runWorker(ThreadPoolExecutor.java:1128)
	at java.base/java.util.concurrent.ThreadPoolExecutor$Worker.run(ThreadPoolExecutor.java:628)
	... 1 more
java.util.concurrent.ExecutionException: jetbrains.exodus.ExodusException
	at java.base/java.util.concurrent.FutureTask.report(FutureTask.java:122)
	at java.base/java.util.concurrent.FutureTask.get(FutureTask.java:191)
	at jetbrains.exodus.newLogConcept.MVCC.MVCCDataStructure.commitTransaction(MVCCDataStructure.java:299)
	at site.ycsb.db.XodusClient.insert(XodusClient.java:60)
	at site.ycsb.DBWrapper.insert(DBWrapper.java:227)
	at site.ycsb.workloads.CoreWorkload.doInsert(CoreWorkload.java:621)
	at site.ycsb.ClientThread.run(ClientThread.java:135)
	at java.base/java.lang.Thread.run(Thread.java:829)
Caused by: jetbrains.exodus.ExodusException
	at jetbrains.exodus.newLogConcept.garbageCollector.OperationLogGarbageCollector.moveAndRemoveRecordsFromLog(OperationLogGarbageCollector.java:69)
	at jetbrains.exodus.newLogConcept.garbageCollector.OperationLogGarbageCollector.clean(OperationLogGarbageCollector.java:51)
	at jetbrains.exodus.newLogConcept.MVCC.MVCCDataStructure.lambda$commitTransaction$1(MVCCDataStructure.java:297)
	at java.base/java.util.concurrent.Executors$RunnableAdapter.call(Executors.java:515)
	at java.base/java.util.concurrent.FutureTask.run(FutureTask.java:264)
	at java.base/java.util.concurrent.ThreadPoolExecutor.runWorker(ThreadPoolExecutor.java:1128)
	at java.base/java.util.concurrent.ThreadPoolExecutor$Worker.run(ThreadPoolExecutor.java:628)
	... 1 more
java.util.concurrent.ExecutionException: jetbrains.exodus.ExodusException
	at java.base/java.util.concurrent.FutureTask.report(FutureTask.java:122)
	at java.base/java.util.concurrent.FutureTask.get(FutureTask.java:191)
	at jetbrains.exodus.newLogConcept.MVCC.MVCCDataStructure.commitTransaction(MVCCDataStructure.java:299)
	at site.ycsb.db.XodusClient.insert(XodusClient.java:60)
	at site.ycsb.DBWrapper.insert(DBWrapper.java:227)
	at site.ycsb.workloads.CoreWorkload.doInsert(CoreWorkload.java:621)
	at site.ycsb.ClientThread.run(ClientThread.java:135)
	at java.base/java.lang.Thread.run(Thread.java:829)
Caused by: jetbrains.exodus.ExodusException
	at jetbrains.exodus.newLogConcept.garbageCollector.OperationLogGarbageCollector.moveAndRemoveRecordsFromLog(OperationLogGarbageCollector.java:69)
	at jetbrains.exodus.newLogConcept.garbageCollector.OperationLogGarbageCollector.clean(OperationLogGarbageCollector.java:51)
	at jetbrains.exodus.newLogConcept.MVCC.MVCCDataStructure.lambda$commitTransaction$1(MVCCDataStructure.java:297)
	at java.base/java.util.concurrent.Executors$RunnableAdapter.call(Executors.java:515)
	at java.base/java.util.concurrent.FutureTask.run(FutureTask.java:264)
	at java.base/java.util.concurrent.ThreadPoolExecutor.runWorker(ThreadPoolExecutor.java:1128)
	at java.base/java.util.concurrent.ThreadPoolExecutor$Worker.run(ThreadPoolExecutor.java:628)
	... 1 more
java.util.concurrent.ExecutionException: jetbrains.exodus.ExodusException
	at java.base/java.util.concurrent.FutureTask.report(FutureTask.java:122)
	at java.base/java.util.concurrent.FutureTask.get(FutureTask.java:191)
	at jetbrains.exodus.newLogConcept.MVCC.MVCCDataStructure.commitTransaction(MVCCDataStructure.java:299)
	at site.ycsb.db.XodusClient.insert(XodusClient.java:60)
	at site.ycsb.DBWrapper.insert(DBWrapper.java:227)
	at site.ycsb.workloads.CoreWorkload.doInsert(CoreWorkload.java:621)
	at site.ycsb.ClientThread.run(ClientThread.java:135)
	at java.base/java.lang.Thread.run(Thread.java:829)
Caused by: jetbrains.exodus.ExodusException
	at jetbrains.exodus.newLogConcept.garbageCollector.OperationLogGarbageCollector.moveAndRemoveRecordsFromLog(OperationLogGarbageCollector.java:69)
	at jetbrains.exodus.newLogConcept.garbageCollector.OperationLogGarbageCollector.clean(OperationLogGarbageCollector.java:51)
	at jetbrains.exodus.newLogConcept.MVCC.MVCCDataStructure.lambda$commitTransaction$1(MVCCDataStructure.java:297)
	at java.base/java.util.concurrent.Executors$RunnableAdapter.call(Executors.java:515)
	at java.base/java.util.concurrent.FutureTask.run(FutureTask.java:264)
	at java.base/java.util.concurrent.ThreadPoolExecutor.runWorker(ThreadPoolExecutor.java:1128)
	at java.base/java.util.concurrent.ThreadPoolExecutor$Worker.run(ThreadPoolExecutor.java:628)
	... 1 more
java.util.concurrent.ExecutionException: jetbrains.exodus.ExodusException
	at java.base/java.util.concurrent.FutureTask.report(FutureTask.java:122)
	at java.base/java.util.concurrent.FutureTask.get(FutureTask.java:191)
	at jetbrains.exodus.newLogConcept.MVCC.MVCCDataStructure.commitTransaction(MVCCDataStructure.java:299)
	at site.ycsb.db.XodusClient.insert(XodusClient.java:60)
	at site.ycsb.DBWrapper.insert(DBWrapper.java:227)
	at site.ycsb.workloads.CoreWorkload.doInsert(CoreWorkload.java:621)
	at site.ycsb.ClientThread.run(ClientThread.java:135)
	at java.base/java.lang.Thread.run(Thread.java:829)
Caused by: jetbrains.exodus.ExodusException
	at jetbrains.exodus.newLogConcept.garbageCollector.OperationLogGarbageCollector.moveAndRemoveRecordsFromLog(OperationLogGarbageCollector.java:69)
	at jetbrains.exodus.newLogConcept.garbageCollector.OperationLogGarbageCollector.clean(OperationLogGarbageCollector.java:51)
	at jetbrains.exodus.newLogConcept.MVCC.MVCCDataStructure.lambda$commitTransaction$1(MVCCDataStructure.java:297)
	at java.base/java.util.concurrent.Executors$RunnableAdapter.call(Executors.java:515)
	at java.base/java.util.concurrent.FutureTask.run(FutureTask.java:264)
	at java.base/java.util.concurrent.ThreadPoolExecutor.runWorker(ThreadPoolExecutor.java:1128)
	at java.base/java.util.concurrent.ThreadPoolExecutor$Worker.run(ThreadPoolExecutor.java:628)
	... 1 more
java.util.concurrent.ExecutionException: jetbrains.exodus.ExodusException
	at java.base/java.util.concurrent.FutureTask.report(FutureTask.java:122)
	at java.base/java.util.concurrent.FutureTask.get(FutureTask.java:191)
	at jetbrains.exodus.newLogConcept.MVCC.MVCCDataStructure.commitTransaction(MVCCDataStructure.java:299)
	at site.ycsb.db.XodusClient.insert(XodusClient.java:60)
	at site.ycsb.DBWrapper.insert(DBWrapper.java:227)
	at site.ycsb.workloads.CoreWorkload.doInsert(CoreWorkload.java:621)
	at site.ycsb.ClientThread.run(ClientThread.java:135)
	at java.base/java.lang.Thread.run(Thread.java:829)
Caused by: jetbrains.exodus.ExodusException
	at jetbrains.exodus.newLogConcept.garbageCollector.OperationLogGarbageCollector.moveAndRemoveRecordsFromLog(OperationLogGarbageCollector.java:69)
	at jetbrains.exodus.newLogConcept.garbageCollector.OperationLogGarbageCollector.clean(OperationLogGarbageCollector.java:51)
	at jetbrains.exodus.newLogConcept.MVCC.MVCCDataStructure.lambda$commitTransaction$1(MVCCDataStructure.java:297)
	at java.base/java.util.concurrent.Executors$RunnableAdapter.call(Executors.java:515)
	at java.base/java.util.concurrent.FutureTask.run(FutureTask.java:264)
	at java.base/java.util.concurrent.ThreadPoolExecutor.runWorker(ThreadPoolExecutor.java:1128)
	at java.base/java.util.concurrent.ThreadPoolExecutor$Worker.run(ThreadPoolExecutor.java:628)
	... 1 more
java.util.concurrent.ExecutionException: jetbrains.exodus.ExodusException
	at java.base/java.util.concurrent.FutureTask.report(FutureTask.java:122)
	at java.base/java.util.concurrent.FutureTask.get(FutureTask.java:191)
	at jetbrains.exodus.newLogConcept.MVCC.MVCCDataStructure.commitTransaction(MVCCDataStructure.java:299)
	at site.ycsb.db.XodusClient.insert(XodusClient.java:60)
	at site.ycsb.DBWrapper.insert(DBWrapper.java:227)
	at site.ycsb.workloads.CoreWorkload.doInsert(CoreWorkload.java:621)
	at site.ycsb.ClientThread.run(ClientThread.java:135)
	at java.base/java.lang.Thread.run(Thread.java:829)
Caused by: jetbrains.exodus.ExodusException
	at jetbrains.exodus.newLogConcept.garbageCollector.OperationLogGarbageCollector.moveAndRemoveRecordsFromLog(OperationLogGarbageCollector.java:69)
	at jetbrains.exodus.newLogConcept.garbageCollector.OperationLogGarbageCollector.clean(OperationLogGarbageCollector.java:51)
	at jetbrains.exodus.newLogConcept.MVCC.MVCCDataStructure.lambda$commitTransaction$1(MVCCDataStructure.java:297)
	at java.base/java.util.concurrent.Executors$RunnableAdapter.call(Executors.java:515)
	at java.base/java.util.concurrent.FutureTask.run(FutureTask.java:264)
	at java.base/java.util.concurrent.ThreadPoolExecutor.runWorker(ThreadPoolExecutor.java:1128)
	at java.base/java.util.concurrent.ThreadPoolExecutor$Worker.run(ThreadPoolExecutor.java:628)
	... 1 more
java.util.concurrent.ExecutionException: jetbrains.exodus.ExodusException
	at java.base/java.util.concurrent.FutureTask.report(FutureTask.java:122)
	at java.base/java.util.concurrent.FutureTask.get(FutureTask.java:191)
	at jetbrains.exodus.newLogConcept.MVCC.MVCCDataStructure.commitTransaction(MVCCDataStructure.java:299)
	at site.ycsb.db.XodusClient.insert(XodusClient.java:60)
	at site.ycsb.DBWrapper.insert(DBWrapper.java:227)
	at site.ycsb.workloads.CoreWorkload.doInsert(CoreWorkload.java:621)
	at site.ycsb.ClientThread.run(ClientThread.java:135)
	at java.base/java.lang.Thread.run(Thread.java:829)
Caused by: jetbrains.exodus.ExodusException
	at jetbrains.exodus.newLogConcept.garbageCollector.OperationLogGarbageCollector.moveAndRemoveRecordsFromLog(OperationLogGarbageCollector.java:69)
	at jetbrains.exodus.newLogConcept.garbageCollector.OperationLogGarbageCollector.clean(OperationLogGarbageCollector.java:51)
	at jetbrains.exodus.newLogConcept.MVCC.MVCCDataStructure.lambda$commitTransaction$1(MVCCDataStructure.java:297)
	at java.base/java.util.concurrent.Executors$RunnableAdapter.call(Executors.java:515)
	at java.base/java.util.concurrent.FutureTask.run(FutureTask.java:264)
	at java.base/java.util.concurrent.ThreadPoolExecutor.runWorker(ThreadPoolExecutor.java:1128)
	at java.base/java.util.concurrent.ThreadPoolExecutor$Worker.run(ThreadPoolExecutor.java:628)
	... 1 more
java.util.concurrent.ExecutionException: jetbrains.exodus.ExodusException
	at java.base/java.util.concurrent.FutureTask.report(FutureTask.java:122)
	at java.base/java.util.concurrent.FutureTask.get(FutureTask.java:191)
	at jetbrains.exodus.newLogConcept.MVCC.MVCCDataStructure.commitTransaction(MVCCDataStructure.java:299)
	at site.ycsb.db.XodusClient.insert(XodusClient.java:60)
	at site.ycsb.DBWrapper.insert(DBWrapper.java:227)
	at site.ycsb.workloads.CoreWorkload.doInsert(CoreWorkload.java:621)
	at site.ycsb.ClientThread.run(ClientThread.java:135)
	at java.base/java.lang.Thread.run(Thread.java:829)
Caused by: jetbrains.exodus.ExodusException
	at jetbrains.exodus.newLogConcept.garbageCollector.OperationLogGarbageCollector.moveAndRemoveRecordsFromLog(OperationLogGarbageCollector.java:69)
	at jetbrains.exodus.newLogConcept.garbageCollector.OperationLogGarbageCollector.clean(OperationLogGarbageCollector.java:51)
	at jetbrains.exodus.newLogConcept.MVCC.MVCCDataStructure.lambda$commitTransaction$1(MVCCDataStructure.java:297)
	at java.base/java.util.concurrent.Executors$RunnableAdapter.call(Executors.java:515)
	at java.base/java.util.concurrent.FutureTask.run(FutureTask.java:264)
	at java.base/java.util.concurrent.ThreadPoolExecutor.runWorker(ThreadPoolExecutor.java:1128)
	at java.base/java.util.concurrent.ThreadPoolExecutor$Worker.run(ThreadPoolExecutor.java:628)
	... 1 more
java.util.concurrent.ExecutionException: jetbrains.exodus.ExodusException
	at java.base/java.util.concurrent.FutureTask.report(FutureTask.java:122)
	at java.base/java.util.concurrent.FutureTask.get(FutureTask.java:191)
	at jetbrains.exodus.newLogConcept.MVCC.MVCCDataStructure.commitTransaction(MVCCDataStructure.java:299)
	at site.ycsb.db.XodusClient.insert(XodusClient.java:60)
	at site.ycsb.DBWrapper.insert(DBWrapper.java:227)
	at site.ycsb.workloads.CoreWorkload.doInsert(CoreWorkload.java:621)
	at site.ycsb.ClientThread.run(ClientThread.java:135)
	at java.base/java.lang.Thread.run(Thread.java:829)
Caused by: jetbrains.exodus.ExodusException
	at jetbrains.exodus.newLogConcept.garbageCollector.OperationLogGarbageCollector.moveAndRemoveRecordsFromLog(OperationLogGarbageCollector.java:69)
	at jetbrains.exodus.newLogConcept.garbageCollector.OperationLogGarbageCollector.clean(OperationLogGarbageCollector.java:51)
	at jetbrains.exodus.newLogConcept.MVCC.MVCCDataStructure.lambda$commitTransaction$1(MVCCDataStructure.java:297)
	at java.base/java.util.concurrent.Executors$RunnableAdapter.call(Executors.java:515)
	at java.base/java.util.concurrent.FutureTask.run(FutureTask.java:264)
	at java.base/java.util.concurrent.ThreadPoolExecutor.runWorker(ThreadPoolExecutor.java:1128)
	at java.base/java.util.concurrent.ThreadPoolExecutor$Worker.run(ThreadPoolExecutor.java:628)
	... 1 more
java.util.concurrent.ExecutionException: jetbrains.exodus.ExodusException
	at java.base/java.util.concurrent.FutureTask.report(FutureTask.java:122)
	at java.base/java.util.concurrent.FutureTask.get(FutureTask.java:191)
	at jetbrains.exodus.newLogConcept.MVCC.MVCCDataStructure.commitTransaction(MVCCDataStructure.java:299)
	at site.ycsb.db.XodusClient.insert(XodusClient.java:60)
	at site.ycsb.DBWrapper.insert(DBWrapper.java:227)
	at site.ycsb.workloads.CoreWorkload.doInsert(CoreWorkload.java:621)
	at site.ycsb.ClientThread.run(ClientThread.java:135)
	at java.base/java.lang.Thread.run(Thread.java:829)
Caused by: jetbrains.exodus.ExodusException
	at jetbrains.exodus.newLogConcept.garbageCollector.OperationLogGarbageCollector.moveAndRemoveRecordsFromLog(OperationLogGarbageCollector.java:69)
	at jetbrains.exodus.newLogConcept.garbageCollector.OperationLogGarbageCollector.clean(OperationLogGarbageCollector.java:51)
	at jetbrains.exodus.newLogConcept.MVCC.MVCCDataStructure.lambda$commitTransaction$1(MVCCDataStructure.java:297)
	at java.base/java.util.concurrent.Executors$RunnableAdapter.call(Executors.java:515)
	at java.base/java.util.concurrent.FutureTask.run(FutureTask.java:264)
	at java.base/java.util.concurrent.ThreadPoolExecutor.runWorker(ThreadPoolExecutor.java:1128)
	at java.base/java.util.concurrent.ThreadPoolExecutor$Worker.run(ThreadPoolExecutor.java:628)
	... 1 more
java.util.concurrent.ExecutionException: jetbrains.exodus.ExodusException
	at java.base/java.util.concurrent.FutureTask.report(FutureTask.java:122)
	at java.base/java.util.concurrent.FutureTask.get(FutureTask.java:191)
	at jetbrains.exodus.newLogConcept.MVCC.MVCCDataStructure.commitTransaction(MVCCDataStructure.java:299)
	at site.ycsb.db.XodusClient.insert(XodusClient.java:60)
	at site.ycsb.DBWrapper.insert(DBWrapper.java:227)
	at site.ycsb.workloads.CoreWorkload.doInsert(CoreWorkload.java:621)
	at site.ycsb.ClientThread.run(ClientThread.java:135)
	at java.base/java.lang.Thread.run(Thread.java:829)
Caused by: jetbrains.exodus.ExodusException
	at jetbrains.exodus.newLogConcept.garbageCollector.OperationLogGarbageCollector.moveAndRemoveRecordsFromLog(OperationLogGarbageCollector.java:69)
	at jetbrains.exodus.newLogConcept.garbageCollector.OperationLogGarbageCollector.clean(OperationLogGarbageCollector.java:51)
	at jetbrains.exodus.newLogConcept.MVCC.MVCCDataStructure.lambda$commitTransaction$1(MVCCDataStructure.java:297)
	at java.base/java.util.concurrent.Executors$RunnableAdapter.call(Executors.java:515)
	at java.base/java.util.concurrent.FutureTask.run(FutureTask.java:264)
	at java.base/java.util.concurrent.ThreadPoolExecutor.runWorker(ThreadPoolExecutor.java:1128)
	at java.base/java.util.concurrent.ThreadPoolExecutor$Worker.run(ThreadPoolExecutor.java:628)
	... 1 more
java.util.concurrent.ExecutionException: jetbrains.exodus.ExodusException
	at java.base/java.util.concurrent.FutureTask.report(FutureTask.java:122)
	at java.base/java.util.concurrent.FutureTask.get(FutureTask.java:191)
	at jetbrains.exodus.newLogConcept.MVCC.MVCCDataStructure.commitTransaction(MVCCDataStructure.java:299)
	at site.ycsb.db.XodusClient.insert(XodusClient.java:60)
	at site.ycsb.DBWrapper.insert(DBWrapper.java:227)
	at site.ycsb.workloads.CoreWorkload.doInsert(CoreWorkload.java:621)
	at site.ycsb.ClientThread.run(ClientThread.java:135)
	at java.base/java.lang.Thread.run(Thread.java:829)
Caused by: jetbrains.exodus.ExodusException
	at jetbrains.exodus.newLogConcept.garbageCollector.OperationLogGarbageCollector.moveAndRemoveRecordsFromLog(OperationLogGarbageCollector.java:69)
	at jetbrains.exodus.newLogConcept.garbageCollector.OperationLogGarbageCollector.clean(OperationLogGarbageCollector.java:51)
	at jetbrains.exodus.newLogConcept.MVCC.MVCCDataStructure.lambda$commitTransaction$1(MVCCDataStructure.java:297)
	at java.base/java.util.concurrent.Executors$RunnableAdapter.call(Executors.java:515)
	at java.base/java.util.concurrent.FutureTask.run(FutureTask.java:264)
	at java.base/java.util.concurrent.ThreadPoolExecutor.runWorker(ThreadPoolExecutor.java:1128)
	at java.base/java.util.concurrent.ThreadPoolExecutor$Worker.run(ThreadPoolExecutor.java:628)
	... 1 more
java.util.concurrent.ExecutionException: jetbrains.exodus.ExodusException
	at java.base/java.util.concurrent.FutureTask.report(FutureTask.java:122)
	at java.base/java.util.concurrent.FutureTask.get(FutureTask.java:191)
	at jetbrains.exodus.newLogConcept.MVCC.MVCCDataStructure.commitTransaction(MVCCDataStructure.java:299)
	at site.ycsb.db.XodusClient.insert(XodusClient.java:60)
	at site.ycsb.DBWrapper.insert(DBWrapper.java:227)
	at site.ycsb.workloads.CoreWorkload.doInsert(CoreWorkload.java:621)
	at site.ycsb.ClientThread.run(ClientThread.java:135)
	at java.base/java.lang.Thread.run(Thread.java:829)
Caused by: jetbrains.exodus.ExodusException
	at jetbrains.exodus.newLogConcept.garbageCollector.OperationLogGarbageCollector.moveAndRemoveRecordsFromLog(OperationLogGarbageCollector.java:69)
	at jetbrains.exodus.newLogConcept.garbageCollector.OperationLogGarbageCollector.clean(OperationLogGarbageCollector.java:51)
	at jetbrains.exodus.newLogConcept.MVCC.MVCCDataStructure.lambda$commitTransaction$1(MVCCDataStructure.java:297)
	at java.base/java.util.concurrent.Executors$RunnableAdapter.call(Executors.java:515)
	at java.base/java.util.concurrent.FutureTask.run(FutureTask.java:264)
	at java.base/java.util.concurrent.ThreadPoolExecutor.runWorker(ThreadPoolExecutor.java:1128)
	at java.base/java.util.concurrent.ThreadPoolExecutor$Worker.run(ThreadPoolExecutor.java:628)
	... 1 more
java.util.concurrent.ExecutionException: jetbrains.exodus.ExodusException
	at java.base/java.util.concurrent.FutureTask.report(FutureTask.java:122)
	at java.base/java.util.concurrent.FutureTask.get(FutureTask.java:191)
	at jetbrains.exodus.newLogConcept.MVCC.MVCCDataStructure.commitTransaction(MVCCDataStructure.java:299)
	at site.ycsb.db.XodusClient.insert(XodusClient.java:60)
	at site.ycsb.DBWrapper.insert(DBWrapper.java:227)
	at site.ycsb.workloads.CoreWorkload.doInsert(CoreWorkload.java:621)
	at site.ycsb.ClientThread.run(ClientThread.java:135)
	at java.base/java.lang.Thread.run(Thread.java:829)
Caused by: jetbrains.exodus.ExodusException
	at jetbrains.exodus.newLogConcept.garbageCollector.OperationLogGarbageCollector.moveAndRemoveRecordsFromLog(OperationLogGarbageCollector.java:69)
	at jetbrains.exodus.newLogConcept.garbageCollector.OperationLogGarbageCollector.clean(OperationLogGarbageCollector.java:51)
	at jetbrains.exodus.newLogConcept.MVCC.MVCCDataStructure.lambda$commitTransaction$1(MVCCDataStructure.java:297)
	at java.base/java.util.concurrent.Executors$RunnableAdapter.call(Executors.java:515)
	at java.base/java.util.concurrent.FutureTask.run(FutureTask.java:264)
	at java.base/java.util.concurrent.ThreadPoolExecutor.runWorker(ThreadPoolExecutor.java:1128)
	at java.base/java.util.concurrent.ThreadPoolExecutor$Worker.run(ThreadPoolExecutor.java:628)
	... 1 more
java.util.concurrent.ExecutionException: jetbrains.exodus.ExodusException
	at java.base/java.util.concurrent.FutureTask.report(FutureTask.java:122)
	at java.base/java.util.concurrent.FutureTask.get(FutureTask.java:191)
	at jetbrains.exodus.newLogConcept.MVCC.MVCCDataStructure.commitTransaction(MVCCDataStructure.java:299)
	at site.ycsb.db.XodusClient.insert(XodusClient.java:60)
	at site.ycsb.DBWrapper.insert(DBWrapper.java:227)
	at site.ycsb.workloads.CoreWorkload.doInsert(CoreWorkload.java:621)
	at site.ycsb.ClientThread.run(ClientThread.java:135)
	at java.base/java.lang.Thread.run(Thread.java:829)
Caused by: jetbrains.exodus.ExodusException
	at jetbrains.exodus.newLogConcept.garbageCollector.OperationLogGarbageCollector.moveAndRemoveRecordsFromLog(OperationLogGarbageCollector.java:69)
	at jetbrains.exodus.newLogConcept.garbageCollector.OperationLogGarbageCollector.clean(OperationLogGarbageCollector.java:51)
	at jetbrains.exodus.newLogConcept.MVCC.MVCCDataStructure.lambda$commitTransaction$1(MVCCDataStructure.java:297)
	at java.base/java.util.concurrent.Executors$RunnableAdapter.call(Executors.java:515)
	at java.base/java.util.concurrent.FutureTask.run(FutureTask.java:264)
	at java.base/java.util.concurrent.ThreadPoolExecutor.runWorker(ThreadPoolExecutor.java:1128)
	at java.base/java.util.concurrent.ThreadPoolExecutor$Worker.run(ThreadPoolExecutor.java:628)
	... 1 more
java.util.concurrent.ExecutionException: jetbrains.exodus.ExodusException
	at java.base/java.util.concurrent.FutureTask.report(FutureTask.java:122)
	at java.base/java.util.concurrent.FutureTask.get(FutureTask.java:191)
	at jetbrains.exodus.newLogConcept.MVCC.MVCCDataStructure.commitTransaction(MVCCDataStructure.java:299)
	at site.ycsb.db.XodusClient.insert(XodusClient.java:60)
	at site.ycsb.DBWrapper.insert(DBWrapper.java:227)
	at site.ycsb.workloads.CoreWorkload.doInsert(CoreWorkload.java:621)
	at site.ycsb.ClientThread.run(ClientThread.java:135)
	at java.base/java.lang.Thread.run(Thread.java:829)
Caused by: jetbrains.exodus.ExodusException
	at jetbrains.exodus.newLogConcept.garbageCollector.OperationLogGarbageCollector.moveAndRemoveRecordsFromLog(OperationLogGarbageCollector.java:69)
	at jetbrains.exodus.newLogConcept.garbageCollector.OperationLogGarbageCollector.clean(OperationLogGarbageCollector.java:51)
	at jetbrains.exodus.newLogConcept.MVCC.MVCCDataStructure.lambda$commitTransaction$1(MVCCDataStructure.java:297)
	at java.base/java.util.concurrent.Executors$RunnableAdapter.call(Executors.java:515)
	at java.base/java.util.concurrent.FutureTask.run(FutureTask.java:264)
	at java.base/java.util.concurrent.ThreadPoolExecutor.runWorker(ThreadPoolExecutor.java:1128)
	at java.base/java.util.concurrent.ThreadPoolExecutor$Worker.run(ThreadPoolExecutor.java:628)
	... 1 more
java.util.concurrent.ExecutionException: jetbrains.exodus.ExodusException
	at java.base/java.util.concurrent.FutureTask.report(FutureTask.java:122)
	at java.base/java.util.concurrent.FutureTask.get(FutureTask.java:191)
	at jetbrains.exodus.newLogConcept.MVCC.MVCCDataStructure.commitTransaction(MVCCDataStructure.java:299)
	at site.ycsb.db.XodusClient.insert(XodusClient.java:60)
	at site.ycsb.DBWrapper.insert(DBWrapper.java:227)
	at site.ycsb.workloads.CoreWorkload.doInsert(CoreWorkload.java:621)
	at site.ycsb.ClientThread.run(ClientThread.java:135)
	at java.base/java.lang.Thread.run(Thread.java:829)
Caused by: jetbrains.exodus.ExodusException
	at jetbrains.exodus.newLogConcept.garbageCollector.OperationLogGarbageCollector.moveAndRemoveRecordsFromLog(OperationLogGarbageCollector.java:69)
	at jetbrains.exodus.newLogConcept.garbageCollector.OperationLogGarbageCollector.clean(OperationLogGarbageCollector.java:51)
	at jetbrains.exodus.newLogConcept.MVCC.MVCCDataStructure.lambda$commitTransaction$1(MVCCDataStructure.java:297)
	at java.base/java.util.concurrent.Executors$RunnableAdapter.call(Executors.java:515)
	at java.base/java.util.concurrent.FutureTask.run(FutureTask.java:264)
	at java.base/java.util.concurrent.ThreadPoolExecutor.runWorker(ThreadPoolExecutor.java:1128)
	at java.base/java.util.concurrent.ThreadPoolExecutor$Worker.run(ThreadPoolExecutor.java:628)
	... 1 more
java.util.concurrent.ExecutionException: jetbrains.exodus.ExodusException
	at java.base/java.util.concurrent.FutureTask.report(FutureTask.java:122)
	at java.base/java.util.concurrent.FutureTask.get(FutureTask.java:191)
	at jetbrains.exodus.newLogConcept.MVCC.MVCCDataStructure.commitTransaction(MVCCDataStructure.java:299)
	at site.ycsb.db.XodusClient.insert(XodusClient.java:60)
	at site.ycsb.DBWrapper.insert(DBWrapper.java:227)
	at site.ycsb.workloads.CoreWorkload.doInsert(CoreWorkload.java:621)
	at site.ycsb.ClientThread.run(ClientThread.java:135)
	at java.base/java.lang.Thread.run(Thread.java:829)
Caused by: jetbrains.exodus.ExodusException
	at jetbrains.exodus.newLogConcept.garbageCollector.OperationLogGarbageCollector.moveAndRemoveRecordsFromLog(OperationLogGarbageCollector.java:69)
	at jetbrains.exodus.newLogConcept.garbageCollector.OperationLogGarbageCollector.clean(OperationLogGarbageCollector.java:51)
	at jetbrains.exodus.newLogConcept.MVCC.MVCCDataStructure.lambda$commitTransaction$1(MVCCDataStructure.java:297)
	at java.base/java.util.concurrent.Executors$RunnableAdapter.call(Executors.java:515)
	at java.base/java.util.concurrent.FutureTask.run(FutureTask.java:264)
	at java.base/java.util.concurrent.ThreadPoolExecutor.runWorker(ThreadPoolExecutor.java:1128)
	at java.base/java.util.concurrent.ThreadPoolExecutor$Worker.run(ThreadPoolExecutor.java:628)
	... 1 more
java.util.concurrent.ExecutionException: jetbrains.exodus.ExodusException
	at java.base/java.util.concurrent.FutureTask.report(FutureTask.java:122)
	at java.base/java.util.concurrent.FutureTask.get(FutureTask.java:191)
	at jetbrains.exodus.newLogConcept.MVCC.MVCCDataStructure.commitTransaction(MVCCDataStructure.java:299)
	at site.ycsb.db.XodusClient.insert(XodusClient.java:60)
	at site.ycsb.DBWrapper.insert(DBWrapper.java:227)
	at site.ycsb.workloads.CoreWorkload.doInsert(CoreWorkload.java:621)
	at site.ycsb.ClientThread.run(ClientThread.java:135)
	at java.base/java.lang.Thread.run(Thread.java:829)
Caused by: jetbrains.exodus.ExodusException
	at jetbrains.exodus.newLogConcept.garbageCollector.OperationLogGarbageCollector.moveAndRemoveRecordsFromLog(OperationLogGarbageCollector.java:69)
	at jetbrains.exodus.newLogConcept.garbageCollector.OperationLogGarbageCollector.clean(OperationLogGarbageCollector.java:51)
	at jetbrains.exodus.newLogConcept.MVCC.MVCCDataStructure.lambda$commitTransaction$1(MVCCDataStructure.java:297)
	at java.base/java.util.concurrent.Executors$RunnableAdapter.call(Executors.java:515)
	at java.base/java.util.concurrent.FutureTask.run(FutureTask.java:264)
	at java.base/java.util.concurrent.ThreadPoolExecutor.runWorker(ThreadPoolExecutor.java:1128)
	at java.base/java.util.concurrent.ThreadPoolExecutor$Worker.run(ThreadPoolExecutor.java:628)
	... 1 more
java.util.concurrent.ExecutionException: jetbrains.exodus.ExodusException
	at java.base/java.util.concurrent.FutureTask.report(FutureTask.java:122)
	at java.base/java.util.concurrent.FutureTask.get(FutureTask.java:191)
	at jetbrains.exodus.newLogConcept.MVCC.MVCCDataStructure.commitTransaction(MVCCDataStructure.java:299)
	at site.ycsb.db.XodusClient.insert(XodusClient.java:60)
	at site.ycsb.DBWrapper.insert(DBWrapper.java:227)
	at site.ycsb.workloads.CoreWorkload.doInsert(CoreWorkload.java:621)
	at site.ycsb.ClientThread.run(ClientThread.java:135)
	at java.base/java.lang.Thread.run(Thread.java:829)
Caused by: jetbrains.exodus.ExodusException
	at jetbrains.exodus.newLogConcept.garbageCollector.OperationLogGarbageCollector.moveAndRemoveRecordsFromLog(OperationLogGarbageCollector.java:69)
	at jetbrains.exodus.newLogConcept.garbageCollector.OperationLogGarbageCollector.clean(OperationLogGarbageCollector.java:51)
	at jetbrains.exodus.newLogConcept.MVCC.MVCCDataStructure.lambda$commitTransaction$1(MVCCDataStructure.java:297)
	at java.base/java.util.concurrent.Executors$RunnableAdapter.call(Executors.java:515)
	at java.base/java.util.concurrent.FutureTask.run(FutureTask.java:264)
	at java.base/java.util.concurrent.ThreadPoolExecutor.runWorker(ThreadPoolExecutor.java:1128)
	at java.base/java.util.concurrent.ThreadPoolExecutor$Worker.run(ThreadPoolExecutor.java:628)
	... 1 more
java.util.concurrent.ExecutionException: jetbrains.exodus.ExodusException
	at java.base/java.util.concurrent.FutureTask.report(FutureTask.java:122)
	at java.base/java.util.concurrent.FutureTask.get(FutureTask.java:191)
	at jetbrains.exodus.newLogConcept.MVCC.MVCCDataStructure.commitTransaction(MVCCDataStructure.java:299)
	at site.ycsb.db.XodusClient.insert(XodusClient.java:60)
	at site.ycsb.DBWrapper.insert(DBWrapper.java:227)
	at site.ycsb.workloads.CoreWorkload.doInsert(CoreWorkload.java:621)
	at site.ycsb.ClientThread.run(ClientThread.java:135)
	at java.base/java.lang.Thread.run(Thread.java:829)
Caused by: jetbrains.exodus.ExodusException
	at jetbrains.exodus.newLogConcept.garbageCollector.OperationLogGarbageCollector.moveAndRemoveRecordsFromLog(OperationLogGarbageCollector.java:69)
	at jetbrains.exodus.newLogConcept.garbageCollector.OperationLogGarbageCollector.clean(OperationLogGarbageCollector.java:51)
	at jetbrains.exodus.newLogConcept.MVCC.MVCCDataStructure.lambda$commitTransaction$1(MVCCDataStructure.java:297)
	at java.base/java.util.concurrent.Executors$RunnableAdapter.call(Executors.java:515)
	at java.base/java.util.concurrent.FutureTask.run(FutureTask.java:264)
	at java.base/java.util.concurrent.ThreadPoolExecutor.runWorker(ThreadPoolExecutor.java:1128)
	at java.base/java.util.concurrent.ThreadPoolExecutor$Worker.run(ThreadPoolExecutor.java:628)
	... 1 more
java.util.concurrent.ExecutionException: jetbrains.exodus.ExodusException
	at java.base/java.util.concurrent.FutureTask.report(FutureTask.java:122)
	at java.base/java.util.concurrent.FutureTask.get(FutureTask.java:191)
	at jetbrains.exodus.newLogConcept.MVCC.MVCCDataStructure.commitTransaction(MVCCDataStructure.java:299)
	at site.ycsb.db.XodusClient.insert(XodusClient.java:60)
	at site.ycsb.DBWrapper.insert(DBWrapper.java:227)
	at site.ycsb.workloads.CoreWorkload.doInsert(CoreWorkload.java:621)
	at site.ycsb.ClientThread.run(ClientThread.java:135)
	at java.base/java.lang.Thread.run(Thread.java:829)
Caused by: jetbrains.exodus.ExodusException
	at jetbrains.exodus.newLogConcept.garbageCollector.OperationLogGarbageCollector.moveAndRemoveRecordsFromLog(OperationLogGarbageCollector.java:69)
	at jetbrains.exodus.newLogConcept.garbageCollector.OperationLogGarbageCollector.clean(OperationLogGarbageCollector.java:51)
	at jetbrains.exodus.newLogConcept.MVCC.MVCCDataStructure.lambda$commitTransaction$1(MVCCDataStructure.java:297)
	at java.base/java.util.concurrent.Executors$RunnableAdapter.call(Executors.java:515)
	at java.base/java.util.concurrent.FutureTask.run(FutureTask.java:264)
	at java.base/java.util.concurrent.ThreadPoolExecutor.runWorker(ThreadPoolExecutor.java:1128)
	at java.base/java.util.concurrent.ThreadPoolExecutor$Worker.run(ThreadPoolExecutor.java:628)
	... 1 more
java.util.concurrent.ExecutionException: jetbrains.exodus.ExodusException
	at java.base/java.util.concurrent.FutureTask.report(FutureTask.java:122)
	at java.base/java.util.concurrent.FutureTask.get(FutureTask.java:191)
	at jetbrains.exodus.newLogConcept.MVCC.MVCCDataStructure.commitTransaction(MVCCDataStructure.java:299)
	at site.ycsb.db.XodusClient.insert(XodusClient.java:60)
	at site.ycsb.DBWrapper.insert(DBWrapper.java:227)
	at site.ycsb.workloads.CoreWorkload.doInsert(CoreWorkload.java:621)
	at site.ycsb.ClientThread.run(ClientThread.java:135)
	at java.base/java.lang.Thread.run(Thread.java:829)
Caused by: jetbrains.exodus.ExodusException
	at jetbrains.exodus.newLogConcept.garbageCollector.OperationLogGarbageCollector.moveAndRemoveRecordsFromLog(OperationLogGarbageCollector.java:69)
	at jetbrains.exodus.newLogConcept.garbageCollector.OperationLogGarbageCollector.clean(OperationLogGarbageCollector.java:51)
	at jetbrains.exodus.newLogConcept.MVCC.MVCCDataStructure.lambda$commitTransaction$1(MVCCDataStructure.java:297)
	at java.base/java.util.concurrent.Executors$RunnableAdapter.call(Executors.java:515)
	at java.base/java.util.concurrent.FutureTask.run(FutureTask.java:264)
	at java.base/java.util.concurrent.ThreadPoolExecutor.runWorker(ThreadPoolExecutor.java:1128)
	at java.base/java.util.concurrent.ThreadPoolExecutor$Worker.run(ThreadPoolExecutor.java:628)
	... 1 more
java.util.concurrent.ExecutionException: jetbrains.exodus.ExodusException
	at java.base/java.util.concurrent.FutureTask.report(FutureTask.java:122)
	at java.base/java.util.concurrent.FutureTask.get(FutureTask.java:191)
	at jetbrains.exodus.newLogConcept.MVCC.MVCCDataStructure.commitTransaction(MVCCDataStructure.java:299)
	at site.ycsb.db.XodusClient.insert(XodusClient.java:60)
	at site.ycsb.DBWrapper.insert(DBWrapper.java:227)
	at site.ycsb.workloads.CoreWorkload.doInsert(CoreWorkload.java:621)
	at site.ycsb.ClientThread.run(ClientThread.java:135)
	at java.base/java.lang.Thread.run(Thread.java:829)
Caused by: jetbrains.exodus.ExodusException
	at jetbrains.exodus.newLogConcept.garbageCollector.OperationLogGarbageCollector.moveAndRemoveRecordsFromLog(OperationLogGarbageCollector.java:69)
	at jetbrains.exodus.newLogConcept.garbageCollector.OperationLogGarbageCollector.clean(OperationLogGarbageCollector.java:51)
	at jetbrains.exodus.newLogConcept.MVCC.MVCCDataStructure.lambda$commitTransaction$1(MVCCDataStructure.java:297)
	at java.base/java.util.concurrent.Executors$RunnableAdapter.call(Executors.java:515)
	at java.base/java.util.concurrent.FutureTask.run(FutureTask.java:264)
	at java.base/java.util.concurrent.ThreadPoolExecutor.runWorker(ThreadPoolExecutor.java:1128)
	at java.base/java.util.concurrent.ThreadPoolExecutor$Worker.run(ThreadPoolExecutor.java:628)
	... 1 more
java.util.concurrent.ExecutionException: jetbrains.exodus.ExodusException
	at java.base/java.util.concurrent.FutureTask.report(FutureTask.java:122)
	at java.base/java.util.concurrent.FutureTask.get(FutureTask.java:191)
	at jetbrains.exodus.newLogConcept.MVCC.MVCCDataStructure.commitTransaction(MVCCDataStructure.java:299)
	at site.ycsb.db.XodusClient.insert(XodusClient.java:60)
	at site.ycsb.DBWrapper.insert(DBWrapper.java:227)
	at site.ycsb.workloads.CoreWorkload.doInsert(CoreWorkload.java:621)
	at site.ycsb.ClientThread.run(ClientThread.java:135)
	at java.base/java.lang.Thread.run(Thread.java:829)
Caused by: jetbrains.exodus.ExodusException
	at jetbrains.exodus.newLogConcept.garbageCollector.OperationLogGarbageCollector.moveAndRemoveRecordsFromLog(OperationLogGarbageCollector.java:69)
	at jetbrains.exodus.newLogConcept.garbageCollector.OperationLogGarbageCollector.clean(OperationLogGarbageCollector.java:51)
	at jetbrains.exodus.newLogConcept.MVCC.MVCCDataStructure.lambda$commitTransaction$1(MVCCDataStructure.java:297)
	at java.base/java.util.concurrent.Executors$RunnableAdapter.call(Executors.java:515)
	at java.base/java.util.concurrent.FutureTask.run(FutureTask.java:264)
	at java.base/java.util.concurrent.ThreadPoolExecutor.runWorker(ThreadPoolExecutor.java:1128)
	at java.base/java.util.concurrent.ThreadPoolExecutor$Worker.run(ThreadPoolExecutor.java:628)
	... 1 more
java.util.concurrent.ExecutionException: jetbrains.exodus.ExodusException
	at java.base/java.util.concurrent.FutureTask.report(FutureTask.java:122)
	at java.base/java.util.concurrent.FutureTask.get(FutureTask.java:191)
	at jetbrains.exodus.newLogConcept.MVCC.MVCCDataStructure.commitTransaction(MVCCDataStructure.java:299)
	at site.ycsb.db.XodusClient.insert(XodusClient.java:60)
	at site.ycsb.DBWrapper.insert(DBWrapper.java:227)
	at site.ycsb.workloads.CoreWorkload.doInsert(CoreWorkload.java:621)
	at site.ycsb.ClientThread.run(ClientThread.java:135)
	at java.base/java.lang.Thread.run(Thread.java:829)
Caused by: jetbrains.exodus.ExodusException
	at jetbrains.exodus.newLogConcept.garbageCollector.OperationLogGarbageCollector.moveAndRemoveRecordsFromLog(OperationLogGarbageCollector.java:69)
	at jetbrains.exodus.newLogConcept.garbageCollector.OperationLogGarbageCollector.clean(OperationLogGarbageCollector.java:51)
	at jetbrains.exodus.newLogConcept.MVCC.MVCCDataStructure.lambda$commitTransaction$1(MVCCDataStructure.java:297)
	at java.base/java.util.concurrent.Executors$RunnableAdapter.call(Executors.java:515)
	at java.base/java.util.concurrent.FutureTask.run(FutureTask.java:264)
	at java.base/java.util.concurrent.ThreadPoolExecutor.runWorker(ThreadPoolExecutor.java:1128)
	at java.base/java.util.concurrent.ThreadPoolExecutor$Worker.run(ThreadPoolExecutor.java:628)
	... 1 more
java.util.concurrent.ExecutionException: jetbrains.exodus.ExodusException
	at java.base/java.util.concurrent.FutureTask.report(FutureTask.java:122)
	at java.base/java.util.concurrent.FutureTask.get(FutureTask.java:191)
	at jetbrains.exodus.newLogConcept.MVCC.MVCCDataStructure.commitTransaction(MVCCDataStructure.java:299)
	at site.ycsb.db.XodusClient.insert(XodusClient.java:60)
	at site.ycsb.DBWrapper.insert(DBWrapper.java:227)
	at site.ycsb.workloads.CoreWorkload.doInsert(CoreWorkload.java:621)
	at site.ycsb.ClientThread.run(ClientThread.java:135)
	at java.base/java.lang.Thread.run(Thread.java:829)
Caused by: jetbrains.exodus.ExodusException
	at jetbrains.exodus.newLogConcept.garbageCollector.OperationLogGarbageCollector.moveAndRemoveRecordsFromLog(OperationLogGarbageCollector.java:69)
	at jetbrains.exodus.newLogConcept.garbageCollector.OperationLogGarbageCollector.clean(OperationLogGarbageCollector.java:51)
	at jetbrains.exodus.newLogConcept.MVCC.MVCCDataStructure.lambda$commitTransaction$1(MVCCDataStructure.java:297)
	at java.base/java.util.concurrent.Executors$RunnableAdapter.call(Executors.java:515)
	at java.base/java.util.concurrent.FutureTask.run(FutureTask.java:264)
	at java.base/java.util.concurrent.ThreadPoolExecutor.runWorker(ThreadPoolExecutor.java:1128)
	at java.base/java.util.concurrent.ThreadPoolExecutor$Worker.run(ThreadPoolExecutor.java:628)
	... 1 more
java.util.concurrent.ExecutionException: jetbrains.exodus.ExodusException
	at java.base/java.util.concurrent.FutureTask.report(FutureTask.java:122)
	at java.base/java.util.concurrent.FutureTask.get(FutureTask.java:191)
	at jetbrains.exodus.newLogConcept.MVCC.MVCCDataStructure.commitTransaction(MVCCDataStructure.java:299)
	at site.ycsb.db.XodusClient.insert(XodusClient.java:60)
	at site.ycsb.DBWrapper.insert(DBWrapper.java:227)
	at site.ycsb.workloads.CoreWorkload.doInsert(CoreWorkload.java:621)
	at site.ycsb.ClientThread.run(ClientThread.java:135)
	at java.base/java.lang.Thread.run(Thread.java:829)
Caused by: jetbrains.exodus.ExodusException
	at jetbrains.exodus.newLogConcept.garbageCollector.OperationLogGarbageCollector.moveAndRemoveRecordsFromLog(OperationLogGarbageCollector.java:69)
	at jetbrains.exodus.newLogConcept.garbageCollector.OperationLogGarbageCollector.clean(OperationLogGarbageCollector.java:51)
	at jetbrains.exodus.newLogConcept.MVCC.MVCCDataStructure.lambda$commitTransaction$1(MVCCDataStructure.java:297)
	at java.base/java.util.concurrent.Executors$RunnableAdapter.call(Executors.java:515)
	at java.base/java.util.concurrent.FutureTask.run(FutureTask.java:264)
	at java.base/java.util.concurrent.ThreadPoolExecutor.runWorker(ThreadPoolExecutor.java:1128)
	at java.base/java.util.concurrent.ThreadPoolExecutor$Worker.run(ThreadPoolExecutor.java:628)
	... 1 more
java.util.concurrent.ExecutionException: jetbrains.exodus.ExodusException
	at java.base/java.util.concurrent.FutureTask.report(FutureTask.java:122)
	at java.base/java.util.concurrent.FutureTask.get(FutureTask.java:191)
	at jetbrains.exodus.newLogConcept.MVCC.MVCCDataStructure.commitTransaction(MVCCDataStructure.java:299)
	at site.ycsb.db.XodusClient.insert(XodusClient.java:60)
	at site.ycsb.DBWrapper.insert(DBWrapper.java:227)
	at site.ycsb.workloads.CoreWorkload.doInsert(CoreWorkload.java:621)
	at site.ycsb.ClientThread.run(ClientThread.java:135)
	at java.base/java.lang.Thread.run(Thread.java:829)
Caused by: jetbrains.exodus.ExodusException
	at jetbrains.exodus.newLogConcept.garbageCollector.OperationLogGarbageCollector.moveAndRemoveRecordsFromLog(OperationLogGarbageCollector.java:69)
	at jetbrains.exodus.newLogConcept.garbageCollector.OperationLogGarbageCollector.clean(OperationLogGarbageCollector.java:51)
	at jetbrains.exodus.newLogConcept.MVCC.MVCCDataStructure.lambda$commitTransaction$1(MVCCDataStructure.java:297)
	at java.base/java.util.concurrent.Executors$RunnableAdapter.call(Executors.java:515)
	at java.base/java.util.concurrent.FutureTask.run(FutureTask.java:264)
	at java.base/java.util.concurrent.ThreadPoolExecutor.runWorker(ThreadPoolExecutor.java:1128)
	at java.base/java.util.concurrent.ThreadPoolExecutor$Worker.run(ThreadPoolExecutor.java:628)
	... 1 more
java.util.concurrent.ExecutionException: jetbrains.exodus.ExodusException
	at java.base/java.util.concurrent.FutureTask.report(FutureTask.java:122)
	at java.base/java.util.concurrent.FutureTask.get(FutureTask.java:191)
	at jetbrains.exodus.newLogConcept.MVCC.MVCCDataStructure.commitTransaction(MVCCDataStructure.java:299)
	at site.ycsb.db.XodusClient.insert(XodusClient.java:60)
	at site.ycsb.DBWrapper.insert(DBWrapper.java:227)
	at site.ycsb.workloads.CoreWorkload.doInsert(CoreWorkload.java:621)
	at site.ycsb.ClientThread.run(ClientThread.java:135)
	at java.base/java.lang.Thread.run(Thread.java:829)
Caused by: jetbrains.exodus.ExodusException
	at jetbrains.exodus.newLogConcept.garbageCollector.OperationLogGarbageCollector.moveAndRemoveRecordsFromLog(OperationLogGarbageCollector.java:69)
	at jetbrains.exodus.newLogConcept.garbageCollector.OperationLogGarbageCollector.clean(OperationLogGarbageCollector.java:51)
	at jetbrains.exodus.newLogConcept.MVCC.MVCCDataStructure.lambda$commitTransaction$1(MVCCDataStructure.java:297)
	at java.base/java.util.concurrent.Executors$RunnableAdapter.call(Executors.java:515)
	at java.base/java.util.concurrent.FutureTask.run(FutureTask.java:264)
	at java.base/java.util.concurrent.ThreadPoolExecutor.runWorker(ThreadPoolExecutor.java:1128)
	at java.base/java.util.concurrent.ThreadPoolExecutor$Worker.run(ThreadPoolExecutor.java:628)
	... 1 more
java.util.concurrent.ExecutionException: jetbrains.exodus.ExodusException
	at java.base/java.util.concurrent.FutureTask.report(FutureTask.java:122)
	at java.base/java.util.concurrent.FutureTask.get(FutureTask.java:191)
	at jetbrains.exodus.newLogConcept.MVCC.MVCCDataStructure.commitTransaction(MVCCDataStructure.java:299)
	at site.ycsb.db.XodusClient.insert(XodusClient.java:60)
	at site.ycsb.DBWrapper.insert(DBWrapper.java:227)
	at site.ycsb.workloads.CoreWorkload.doInsert(CoreWorkload.java:621)
	at site.ycsb.ClientThread.run(ClientThread.java:135)
	at java.base/java.lang.Thread.run(Thread.java:829)
Caused by: jetbrains.exodus.ExodusException
	at jetbrains.exodus.newLogConcept.garbageCollector.OperationLogGarbageCollector.moveAndRemoveRecordsFromLog(OperationLogGarbageCollector.java:69)
	at jetbrains.exodus.newLogConcept.garbageCollector.OperationLogGarbageCollector.clean(OperationLogGarbageCollector.java:51)
	at jetbrains.exodus.newLogConcept.MVCC.MVCCDataStructure.lambda$commitTransaction$1(MVCCDataStructure.java:297)
	at java.base/java.util.concurrent.Executors$RunnableAdapter.call(Executors.java:515)
	at java.base/java.util.concurrent.FutureTask.run(FutureTask.java:264)
	at java.base/java.util.concurrent.ThreadPoolExecutor.runWorker(ThreadPoolExecutor.java:1128)
	at java.base/java.util.concurrent.ThreadPoolExecutor$Worker.run(ThreadPoolExecutor.java:628)
	... 1 more
java.util.concurrent.ExecutionException: jetbrains.exodus.ExodusException
	at java.base/java.util.concurrent.FutureTask.report(FutureTask.java:122)
	at java.base/java.util.concurrent.FutureTask.get(FutureTask.java:191)
	at jetbrains.exodus.newLogConcept.MVCC.MVCCDataStructure.commitTransaction(MVCCDataStructure.java:299)
	at site.ycsb.db.XodusClient.insert(XodusClient.java:60)
	at site.ycsb.DBWrapper.insert(DBWrapper.java:227)
	at site.ycsb.workloads.CoreWorkload.doInsert(CoreWorkload.java:621)
	at site.ycsb.ClientThread.run(ClientThread.java:135)
	at java.base/java.lang.Thread.run(Thread.java:829)
Caused by: jetbrains.exodus.ExodusException
	at jetbrains.exodus.newLogConcept.garbageCollector.OperationLogGarbageCollector.moveAndRemoveRecordsFromLog(OperationLogGarbageCollector.java:69)
	at jetbrains.exodus.newLogConcept.garbageCollector.OperationLogGarbageCollector.clean(OperationLogGarbageCollector.java:51)
	at jetbrains.exodus.newLogConcept.MVCC.MVCCDataStructure.lambda$commitTransaction$1(MVCCDataStructure.java:297)
	at java.base/java.util.concurrent.Executors$RunnableAdapter.call(Executors.java:515)
	at java.base/java.util.concurrent.FutureTask.run(FutureTask.java:264)
	at java.base/java.util.concurrent.ThreadPoolExecutor.runWorker(ThreadPoolExecutor.java:1128)
	at java.base/java.util.concurrent.ThreadPoolExecutor$Worker.run(ThreadPoolExecutor.java:628)
	... 1 more
java.util.concurrent.ExecutionException: jetbrains.exodus.ExodusException
	at java.base/java.util.concurrent.FutureTask.report(FutureTask.java:122)
	at java.base/java.util.concurrent.FutureTask.get(FutureTask.java:191)
	at jetbrains.exodus.newLogConcept.MVCC.MVCCDataStructure.commitTransaction(MVCCDataStructure.java:299)
	at site.ycsb.db.XodusClient.insert(XodusClient.java:60)
	at site.ycsb.DBWrapper.insert(DBWrapper.java:227)
	at site.ycsb.workloads.CoreWorkload.doInsert(CoreWorkload.java:621)
	at site.ycsb.ClientThread.run(ClientThread.java:135)
	at java.base/java.lang.Thread.run(Thread.java:829)
Caused by: jetbrains.exodus.ExodusException
	at jetbrains.exodus.newLogConcept.garbageCollector.OperationLogGarbageCollector.moveAndRemoveRecordsFromLog(OperationLogGarbageCollector.java:69)
	at jetbrains.exodus.newLogConcept.garbageCollector.OperationLogGarbageCollector.clean(OperationLogGarbageCollector.java:51)
	at jetbrains.exodus.newLogConcept.MVCC.MVCCDataStructure.lambda$commitTransaction$1(MVCCDataStructure.java:297)
	at java.base/java.util.concurrent.Executors$RunnableAdapter.call(Executors.java:515)
	at java.base/java.util.concurrent.FutureTask.run(FutureTask.java:264)
	at java.base/java.util.concurrent.ThreadPoolExecutor.runWorker(ThreadPoolExecutor.java:1128)
	at java.base/java.util.concurrent.ThreadPoolExecutor$Worker.run(ThreadPoolExecutor.java:628)
	... 1 more
java.util.concurrent.ExecutionException: jetbrains.exodus.ExodusException
	at java.base/java.util.concurrent.FutureTask.report(FutureTask.java:122)
	at java.base/java.util.concurrent.FutureTask.get(FutureTask.java:191)
	at jetbrains.exodus.newLogConcept.MVCC.MVCCDataStructure.commitTransaction(MVCCDataStructure.java:299)
	at site.ycsb.db.XodusClient.insert(XodusClient.java:60)
	at site.ycsb.DBWrapper.insert(DBWrapper.java:227)
	at site.ycsb.workloads.CoreWorkload.doInsert(CoreWorkload.java:621)
	at site.ycsb.ClientThread.run(ClientThread.java:135)
	at java.base/java.lang.Thread.run(Thread.java:829)
Caused by: jetbrains.exodus.ExodusException
	at jetbrains.exodus.newLogConcept.garbageCollector.OperationLogGarbageCollector.moveAndRemoveRecordsFromLog(OperationLogGarbageCollector.java:69)
	at jetbrains.exodus.newLogConcept.garbageCollector.OperationLogGarbageCollector.clean(OperationLogGarbageCollector.java:51)
	at jetbrains.exodus.newLogConcept.MVCC.MVCCDataStructure.lambda$commitTransaction$1(MVCCDataStructure.java:297)
	at java.base/java.util.concurrent.Executors$RunnableAdapter.call(Executors.java:515)
	at java.base/java.util.concurrent.FutureTask.run(FutureTask.java:264)
	at java.base/java.util.concurrent.ThreadPoolExecutor.runWorker(ThreadPoolExecutor.java:1128)
	at java.base/java.util.concurrent.ThreadPoolExecutor$Worker.run(ThreadPoolExecutor.java:628)
	... 1 more
java.util.concurrent.ExecutionException: jetbrains.exodus.ExodusException
	at java.base/java.util.concurrent.FutureTask.report(FutureTask.java:122)
	at java.base/java.util.concurrent.FutureTask.get(FutureTask.java:191)
	at jetbrains.exodus.newLogConcept.MVCC.MVCCDataStructure.commitTransaction(MVCCDataStructure.java:299)
	at site.ycsb.db.XodusClient.insert(XodusClient.java:60)
	at site.ycsb.DBWrapper.insert(DBWrapper.java:227)
	at site.ycsb.workloads.CoreWorkload.doInsert(CoreWorkload.java:621)
	at site.ycsb.ClientThread.run(ClientThread.java:135)
	at java.base/java.lang.Thread.run(Thread.java:829)
Caused by: jetbrains.exodus.ExodusException
	at jetbrains.exodus.newLogConcept.garbageCollector.OperationLogGarbageCollector.moveAndRemoveRecordsFromLog(OperationLogGarbageCollector.java:69)
	at jetbrains.exodus.newLogConcept.garbageCollector.OperationLogGarbageCollector.clean(OperationLogGarbageCollector.java:51)
	at jetbrains.exodus.newLogConcept.MVCC.MVCCDataStructure.lambda$commitTransaction$1(MVCCDataStructure.java:297)
	at java.base/java.util.concurrent.Executors$RunnableAdapter.call(Executors.java:515)
	at java.base/java.util.concurrent.FutureTask.run(FutureTask.java:264)
	at java.base/java.util.concurrent.ThreadPoolExecutor.runWorker(ThreadPoolExecutor.java:1128)
	at java.base/java.util.concurrent.ThreadPoolExecutor$Worker.run(ThreadPoolExecutor.java:628)
	... 1 more
java.util.concurrent.ExecutionException: jetbrains.exodus.ExodusException
	at java.base/java.util.concurrent.FutureTask.report(FutureTask.java:122)
	at java.base/java.util.concurrent.FutureTask.get(FutureTask.java:191)
	at jetbrains.exodus.newLogConcept.MVCC.MVCCDataStructure.commitTransaction(MVCCDataStructure.java:299)
	at site.ycsb.db.XodusClient.insert(XodusClient.java:60)
	at site.ycsb.DBWrapper.insert(DBWrapper.java:227)
	at site.ycsb.workloads.CoreWorkload.doInsert(CoreWorkload.java:621)
	at site.ycsb.ClientThread.run(ClientThread.java:135)
	at java.base/java.lang.Thread.run(Thread.java:829)
Caused by: jetbrains.exodus.ExodusException
	at jetbrains.exodus.newLogConcept.garbageCollector.OperationLogGarbageCollector.moveAndRemoveRecordsFromLog(OperationLogGarbageCollector.java:69)
	at jetbrains.exodus.newLogConcept.garbageCollector.OperationLogGarbageCollector.clean(OperationLogGarbageCollector.java:51)
	at jetbrains.exodus.newLogConcept.MVCC.MVCCDataStructure.lambda$commitTransaction$1(MVCCDataStructure.java:297)
	at java.base/java.util.concurrent.Executors$RunnableAdapter.call(Executors.java:515)
	at java.base/java.util.concurrent.FutureTask.run(FutureTask.java:264)
	at java.base/java.util.concurrent.ThreadPoolExecutor.runWorker(ThreadPoolExecutor.java:1128)
	at java.base/java.util.concurrent.ThreadPoolExecutor$Worker.run(ThreadPoolExecutor.java:628)
	... 1 more
java.util.concurrent.ExecutionException: jetbrains.exodus.ExodusException
	at java.base/java.util.concurrent.FutureTask.report(FutureTask.java:122)
	at java.base/java.util.concurrent.FutureTask.get(FutureTask.java:191)
	at jetbrains.exodus.newLogConcept.MVCC.MVCCDataStructure.commitTransaction(MVCCDataStructure.java:299)
	at site.ycsb.db.XodusClient.insert(XodusClient.java:60)
	at site.ycsb.DBWrapper.insert(DBWrapper.java:227)
	at site.ycsb.workloads.CoreWorkload.doInsert(CoreWorkload.java:621)
	at site.ycsb.ClientThread.run(ClientThread.java:135)
	at java.base/java.lang.Thread.run(Thread.java:829)
Caused by: jetbrains.exodus.ExodusException
	at jetbrains.exodus.newLogConcept.garbageCollector.OperationLogGarbageCollector.moveAndRemoveRecordsFromLog(OperationLogGarbageCollector.java:69)
	at jetbrains.exodus.newLogConcept.garbageCollector.OperationLogGarbageCollector.clean(OperationLogGarbageCollector.java:51)
	at jetbrains.exodus.newLogConcept.MVCC.MVCCDataStructure.lambda$commitTransaction$1(MVCCDataStructure.java:297)
	at java.base/java.util.concurrent.Executors$RunnableAdapter.call(Executors.java:515)
	at java.base/java.util.concurrent.FutureTask.run(FutureTask.java:264)
	at java.base/java.util.concurrent.ThreadPoolExecutor.runWorker(ThreadPoolExecutor.java:1128)
	at java.base/java.util.concurrent.ThreadPoolExecutor$Worker.run(ThreadPoolExecutor.java:628)
	... 1 more
java.util.concurrent.ExecutionException: jetbrains.exodus.ExodusException
	at java.base/java.util.concurrent.FutureTask.report(FutureTask.java:122)
	at java.base/java.util.concurrent.FutureTask.get(FutureTask.java:191)
	at jetbrains.exodus.newLogConcept.MVCC.MVCCDataStructure.commitTransaction(MVCCDataStructure.java:299)
	at site.ycsb.db.XodusClient.insert(XodusClient.java:60)
	at site.ycsb.DBWrapper.insert(DBWrapper.java:227)
	at site.ycsb.workloads.CoreWorkload.doInsert(CoreWorkload.java:621)
	at site.ycsb.ClientThread.run(ClientThread.java:135)
	at java.base/java.lang.Thread.run(Thread.java:829)
Caused by: jetbrains.exodus.ExodusException
	at jetbrains.exodus.newLogConcept.garbageCollector.OperationLogGarbageCollector.moveAndRemoveRecordsFromLog(OperationLogGarbageCollector.java:69)
	at jetbrains.exodus.newLogConcept.garbageCollector.OperationLogGarbageCollector.clean(OperationLogGarbageCollector.java:51)
	at jetbrains.exodus.newLogConcept.MVCC.MVCCDataStructure.lambda$commitTransaction$1(MVCCDataStructure.java:297)
	at java.base/java.util.concurrent.Executors$RunnableAdapter.call(Executors.java:515)
	at java.base/java.util.concurrent.FutureTask.run(FutureTask.java:264)
	at java.base/java.util.concurrent.ThreadPoolExecutor.runWorker(ThreadPoolExecutor.java:1128)
	at java.base/java.util.concurrent.ThreadPoolExecutor$Worker.run(ThreadPoolExecutor.java:628)
	... 1 more
java.util.concurrent.ExecutionException: jetbrains.exodus.ExodusException
	at java.base/java.util.concurrent.FutureTask.report(FutureTask.java:122)
	at java.base/java.util.concurrent.FutureTask.get(FutureTask.java:191)
	at jetbrains.exodus.newLogConcept.MVCC.MVCCDataStructure.commitTransaction(MVCCDataStructure.java:299)
	at site.ycsb.db.XodusClient.insert(XodusClient.java:60)
	at site.ycsb.DBWrapper.insert(DBWrapper.java:227)
	at site.ycsb.workloads.CoreWorkload.doInsert(CoreWorkload.java:621)
	at site.ycsb.ClientThread.run(ClientThread.java:135)
	at java.base/java.lang.Thread.run(Thread.java:829)
Caused by: jetbrains.exodus.ExodusException
	at jetbrains.exodus.newLogConcept.garbageCollector.OperationLogGarbageCollector.moveAndRemoveRecordsFromLog(OperationLogGarbageCollector.java:69)
	at jetbrains.exodus.newLogConcept.garbageCollector.OperationLogGarbageCollector.clean(OperationLogGarbageCollector.java:51)
	at jetbrains.exodus.newLogConcept.MVCC.MVCCDataStructure.lambda$commitTransaction$1(MVCCDataStructure.java:297)
	at java.base/java.util.concurrent.Executors$RunnableAdapter.call(Executors.java:515)
	at java.base/java.util.concurrent.FutureTask.run(FutureTask.java:264)
	at java.base/java.util.concurrent.ThreadPoolExecutor.runWorker(ThreadPoolExecutor.java:1128)
	at java.base/java.util.concurrent.ThreadPoolExecutor$Worker.run(ThreadPoolExecutor.java:628)
	... 1 more
java.util.concurrent.ExecutionException: jetbrains.exodus.ExodusException
	at java.base/java.util.concurrent.FutureTask.report(FutureTask.java:122)
	at java.base/java.util.concurrent.FutureTask.get(FutureTask.java:191)
	at jetbrains.exodus.newLogConcept.MVCC.MVCCDataStructure.commitTransaction(MVCCDataStructure.java:299)
	at site.ycsb.db.XodusClient.insert(XodusClient.java:60)
	at site.ycsb.DBWrapper.insert(DBWrapper.java:227)
	at site.ycsb.workloads.CoreWorkload.doInsert(CoreWorkload.java:621)
	at site.ycsb.ClientThread.run(ClientThread.java:135)
	at java.base/java.lang.Thread.run(Thread.java:829)
Caused by: jetbrains.exodus.ExodusException
	at jetbrains.exodus.newLogConcept.garbageCollector.OperationLogGarbageCollector.moveAndRemoveRecordsFromLog(OperationLogGarbageCollector.java:69)
	at jetbrains.exodus.newLogConcept.garbageCollector.OperationLogGarbageCollector.clean(OperationLogGarbageCollector.java:51)
	at jetbrains.exodus.newLogConcept.MVCC.MVCCDataStructure.lambda$commitTransaction$1(MVCCDataStructure.java:297)
	at java.base/java.util.concurrent.Executors$RunnableAdapter.call(Executors.java:515)
	at java.base/java.util.concurrent.FutureTask.run(FutureTask.java:264)
	at java.base/java.util.concurrent.ThreadPoolExecutor.runWorker(ThreadPoolExecutor.java:1128)
	at java.base/java.util.concurrent.ThreadPoolExecutor$Worker.run(ThreadPoolExecutor.java:628)
	... 1 more
java.util.concurrent.ExecutionException: jetbrains.exodus.ExodusException
	at java.base/java.util.concurrent.FutureTask.report(FutureTask.java:122)
	at java.base/java.util.concurrent.FutureTask.get(FutureTask.java:191)
	at jetbrains.exodus.newLogConcept.MVCC.MVCCDataStructure.commitTransaction(MVCCDataStructure.java:299)
	at site.ycsb.db.XodusClient.insert(XodusClient.java:60)
	at site.ycsb.DBWrapper.insert(DBWrapper.java:227)
	at site.ycsb.workloads.CoreWorkload.doInsert(CoreWorkload.java:621)
	at site.ycsb.ClientThread.run(ClientThread.java:135)
	at java.base/java.lang.Thread.run(Thread.java:829)
Caused by: jetbrains.exodus.ExodusException
	at jetbrains.exodus.newLogConcept.garbageCollector.OperationLogGarbageCollector.moveAndRemoveRecordsFromLog(OperationLogGarbageCollector.java:69)
	at jetbrains.exodus.newLogConcept.garbageCollector.OperationLogGarbageCollector.clean(OperationLogGarbageCollector.java:51)
	at jetbrains.exodus.newLogConcept.MVCC.MVCCDataStructure.lambda$commitTransaction$1(MVCCDataStructure.java:297)
	at java.base/java.util.concurrent.Executors$RunnableAdapter.call(Executors.java:515)
	at java.base/java.util.concurrent.FutureTask.run(FutureTask.java:264)
	at java.base/java.util.concurrent.ThreadPoolExecutor.runWorker(ThreadPoolExecutor.java:1128)
	at java.base/java.util.concurrent.ThreadPoolExecutor$Worker.run(ThreadPoolExecutor.java:628)
	... 1 more
java.util.concurrent.ExecutionException: jetbrains.exodus.ExodusException
	at java.base/java.util.concurrent.FutureTask.report(FutureTask.java:122)
	at java.base/java.util.concurrent.FutureTask.get(FutureTask.java:191)
	at jetbrains.exodus.newLogConcept.MVCC.MVCCDataStructure.commitTransaction(MVCCDataStructure.java:299)
	at site.ycsb.db.XodusClient.insert(XodusClient.java:60)
	at site.ycsb.DBWrapper.insert(DBWrapper.java:227)
	at site.ycsb.workloads.CoreWorkload.doInsert(CoreWorkload.java:621)
	at site.ycsb.ClientThread.run(ClientThread.java:135)
	at java.base/java.lang.Thread.run(Thread.java:829)
Caused by: jetbrains.exodus.ExodusException
	at jetbrains.exodus.newLogConcept.garbageCollector.OperationLogGarbageCollector.moveAndRemoveRecordsFromLog(OperationLogGarbageCollector.java:69)
	at jetbrains.exodus.newLogConcept.garbageCollector.OperationLogGarbageCollector.clean(OperationLogGarbageCollector.java:51)
	at jetbrains.exodus.newLogConcept.MVCC.MVCCDataStructure.lambda$commitTransaction$1(MVCCDataStructure.java:297)
	at java.base/java.util.concurrent.Executors$RunnableAdapter.call(Executors.java:515)
	at java.base/java.util.concurrent.FutureTask.run(FutureTask.java:264)
	at java.base/java.util.concurrent.ThreadPoolExecutor.runWorker(ThreadPoolExecutor.java:1128)
	at java.base/java.util.concurrent.ThreadPoolExecutor$Worker.run(ThreadPoolExecutor.java:628)
	... 1 more
java.util.concurrent.ExecutionException: jetbrains.exodus.ExodusException
	at java.base/java.util.concurrent.FutureTask.report(FutureTask.java:122)
	at java.base/java.util.concurrent.FutureTask.get(FutureTask.java:191)
	at jetbrains.exodus.newLogConcept.MVCC.MVCCDataStructure.commitTransaction(MVCCDataStructure.java:299)
	at site.ycsb.db.XodusClient.insert(XodusClient.java:60)
	at site.ycsb.DBWrapper.insert(DBWrapper.java:227)
	at site.ycsb.workloads.CoreWorkload.doInsert(CoreWorkload.java:621)
	at site.ycsb.ClientThread.run(ClientThread.java:135)
	at java.base/java.lang.Thread.run(Thread.java:829)
Caused by: jetbrains.exodus.ExodusException
	at jetbrains.exodus.newLogConcept.garbageCollector.OperationLogGarbageCollector.moveAndRemoveRecordsFromLog(OperationLogGarbageCollector.java:69)
	at jetbrains.exodus.newLogConcept.garbageCollector.OperationLogGarbageCollector.clean(OperationLogGarbageCollector.java:51)
	at jetbrains.exodus.newLogConcept.MVCC.MVCCDataStructure.lambda$commitTransaction$1(MVCCDataStructure.java:297)
	at java.base/java.util.concurrent.Executors$RunnableAdapter.call(Executors.java:515)
	at java.base/java.util.concurrent.FutureTask.run(FutureTask.java:264)
	at java.base/java.util.concurrent.ThreadPoolExecutor.runWorker(ThreadPoolExecutor.java:1128)
	at java.base/java.util.concurrent.ThreadPoolExecutor$Worker.run(ThreadPoolExecutor.java:628)
	... 1 more
java.util.concurrent.ExecutionException: jetbrains.exodus.ExodusException
	at java.base/java.util.concurrent.FutureTask.report(FutureTask.java:122)
	at java.base/java.util.concurrent.FutureTask.get(FutureTask.java:191)
	at jetbrains.exodus.newLogConcept.MVCC.MVCCDataStructure.commitTransaction(MVCCDataStructure.java:299)
	at site.ycsb.db.XodusClient.insert(XodusClient.java:60)
	at site.ycsb.DBWrapper.insert(DBWrapper.java:227)
	at site.ycsb.workloads.CoreWorkload.doInsert(CoreWorkload.java:621)
	at site.ycsb.ClientThread.run(ClientThread.java:135)
	at java.base/java.lang.Thread.run(Thread.java:829)
Caused by: jetbrains.exodus.ExodusException
	at jetbrains.exodus.newLogConcept.garbageCollector.OperationLogGarbageCollector.moveAndRemoveRecordsFromLog(OperationLogGarbageCollector.java:69)
	at jetbrains.exodus.newLogConcept.garbageCollector.OperationLogGarbageCollector.clean(OperationLogGarbageCollector.java:51)
	at jetbrains.exodus.newLogConcept.MVCC.MVCCDataStructure.lambda$commitTransaction$1(MVCCDataStructure.java:297)
	at java.base/java.util.concurrent.Executors$RunnableAdapter.call(Executors.java:515)
	at java.base/java.util.concurrent.FutureTask.run(FutureTask.java:264)
	at java.base/java.util.concurrent.ThreadPoolExecutor.runWorker(ThreadPoolExecutor.java:1128)
	at java.base/java.util.concurrent.ThreadPoolExecutor$Worker.run(ThreadPoolExecutor.java:628)
	... 1 more
java.util.concurrent.ExecutionException: jetbrains.exodus.ExodusException
	at java.base/java.util.concurrent.FutureTask.report(FutureTask.java:122)
	at java.base/java.util.concurrent.FutureTask.get(FutureTask.java:191)
	at jetbrains.exodus.newLogConcept.MVCC.MVCCDataStructure.commitTransaction(MVCCDataStructure.java:299)
	at site.ycsb.db.XodusClient.insert(XodusClient.java:60)
	at site.ycsb.DBWrapper.insert(DBWrapper.java:227)
	at site.ycsb.workloads.CoreWorkload.doInsert(CoreWorkload.java:621)
	at site.ycsb.ClientThread.run(ClientThread.java:135)
	at java.base/java.lang.Thread.run(Thread.java:829)
Caused by: jetbrains.exodus.ExodusException
	at jetbrains.exodus.newLogConcept.garbageCollector.OperationLogGarbageCollector.moveAndRemoveRecordsFromLog(OperationLogGarbageCollector.java:69)
	at jetbrains.exodus.newLogConcept.garbageCollector.OperationLogGarbageCollector.clean(OperationLogGarbageCollector.java:51)
	at jetbrains.exodus.newLogConcept.MVCC.MVCCDataStructure.lambda$commitTransaction$1(MVCCDataStructure.java:297)
	at java.base/java.util.concurrent.Executors$RunnableAdapter.call(Executors.java:515)
	at java.base/java.util.concurrent.FutureTask.run(FutureTask.java:264)
	at java.base/java.util.concurrent.ThreadPoolExecutor.runWorker(ThreadPoolExecutor.java:1128)
	at java.base/java.util.concurrent.ThreadPoolExecutor$Worker.run(ThreadPoolExecutor.java:628)
	... 1 more
java.util.concurrent.ExecutionException: jetbrains.exodus.ExodusException
	at java.base/java.util.concurrent.FutureTask.report(FutureTask.java:122)
	at java.base/java.util.concurrent.FutureTask.get(FutureTask.java:191)
	at jetbrains.exodus.newLogConcept.MVCC.MVCCDataStructure.commitTransaction(MVCCDataStructure.java:299)
	at site.ycsb.db.XodusClient.insert(XodusClient.java:60)
	at site.ycsb.DBWrapper.insert(DBWrapper.java:227)
	at site.ycsb.workloads.CoreWorkload.doInsert(CoreWorkload.java:621)
	at site.ycsb.ClientThread.run(ClientThread.java:135)
	at java.base/java.lang.Thread.run(Thread.java:829)
Caused by: jetbrains.exodus.ExodusException
	at jetbrains.exodus.newLogConcept.garbageCollector.OperationLogGarbageCollector.moveAndRemoveRecordsFromLog(OperationLogGarbageCollector.java:69)
	at jetbrains.exodus.newLogConcept.garbageCollector.OperationLogGarbageCollector.clean(OperationLogGarbageCollector.java:51)
	at jetbrains.exodus.newLogConcept.MVCC.MVCCDataStructure.lambda$commitTransaction$1(MVCCDataStructure.java:297)
	at java.base/java.util.concurrent.Executors$RunnableAdapter.call(Executors.java:515)
	at java.base/java.util.concurrent.FutureTask.run(FutureTask.java:264)
	at java.base/java.util.concurrent.ThreadPoolExecutor.runWorker(ThreadPoolExecutor.java:1128)
	at java.base/java.util.concurrent.ThreadPoolExecutor$Worker.run(ThreadPoolExecutor.java:628)
	... 1 more
java.util.concurrent.ExecutionException: jetbrains.exodus.ExodusException
	at java.base/java.util.concurrent.FutureTask.report(FutureTask.java:122)
	at java.base/java.util.concurrent.FutureTask.get(FutureTask.java:191)
	at jetbrains.exodus.newLogConcept.MVCC.MVCCDataStructure.commitTransaction(MVCCDataStructure.java:299)
	at site.ycsb.db.XodusClient.insert(XodusClient.java:60)
	at site.ycsb.DBWrapper.insert(DBWrapper.java:227)
	at site.ycsb.workloads.CoreWorkload.doInsert(CoreWorkload.java:621)
	at site.ycsb.ClientThread.run(ClientThread.java:135)
	at java.base/java.lang.Thread.run(Thread.java:829)
Caused by: jetbrains.exodus.ExodusException
	at jetbrains.exodus.newLogConcept.garbageCollector.OperationLogGarbageCollector.moveAndRemoveRecordsFromLog(OperationLogGarbageCollector.java:69)
	at jetbrains.exodus.newLogConcept.garbageCollector.OperationLogGarbageCollector.clean(OperationLogGarbageCollector.java:51)
	at jetbrains.exodus.newLogConcept.MVCC.MVCCDataStructure.lambda$commitTransaction$1(MVCCDataStructure.java:297)
	at java.base/java.util.concurrent.Executors$RunnableAdapter.call(Executors.java:515)
	at java.base/java.util.concurrent.FutureTask.run(FutureTask.java:264)
	at java.base/java.util.concurrent.ThreadPoolExecutor.runWorker(ThreadPoolExecutor.java:1128)
	at java.base/java.util.concurrent.ThreadPoolExecutor$Worker.run(ThreadPoolExecutor.java:628)
	... 1 more
java.util.concurrent.ExecutionException: jetbrains.exodus.ExodusException
	at java.base/java.util.concurrent.FutureTask.report(FutureTask.java:122)
	at java.base/java.util.concurrent.FutureTask.get(FutureTask.java:191)
	at jetbrains.exodus.newLogConcept.MVCC.MVCCDataStructure.commitTransaction(MVCCDataStructure.java:299)
	at site.ycsb.db.XodusClient.insert(XodusClient.java:60)
	at site.ycsb.DBWrapper.insert(DBWrapper.java:227)
	at site.ycsb.workloads.CoreWorkload.doInsert(CoreWorkload.java:621)
	at site.ycsb.ClientThread.run(ClientThread.java:135)
	at java.base/java.lang.Thread.run(Thread.java:829)
Caused by: jetbrains.exodus.ExodusException
	at jetbrains.exodus.newLogConcept.garbageCollector.OperationLogGarbageCollector.moveAndRemoveRecordsFromLog(OperationLogGarbageCollector.java:69)
	at jetbrains.exodus.newLogConcept.garbageCollector.OperationLogGarbageCollector.clean(OperationLogGarbageCollector.java:51)
	at jetbrains.exodus.newLogConcept.MVCC.MVCCDataStructure.lambda$commitTransaction$1(MVCCDataStructure.java:297)
	at java.base/java.util.concurrent.Executors$RunnableAdapter.call(Executors.java:515)
	at java.base/java.util.concurrent.FutureTask.run(FutureTask.java:264)
	at java.base/java.util.concurrent.ThreadPoolExecutor.runWorker(ThreadPoolExecutor.java:1128)
	at java.base/java.util.concurrent.ThreadPoolExecutor$Worker.run(ThreadPoolExecutor.java:628)
	... 1 more
java.util.concurrent.ExecutionException: jetbrains.exodus.ExodusException
	at java.base/java.util.concurrent.FutureTask.report(FutureTask.java:122)
	at java.base/java.util.concurrent.FutureTask.get(FutureTask.java:191)
	at jetbrains.exodus.newLogConcept.MVCC.MVCCDataStructure.commitTransaction(MVCCDataStructure.java:299)
	at site.ycsb.db.XodusClient.insert(XodusClient.java:60)
	at site.ycsb.DBWrapper.insert(DBWrapper.java:227)
	at site.ycsb.workloads.CoreWorkload.doInsert(CoreWorkload.java:621)
	at site.ycsb.ClientThread.run(ClientThread.java:135)
	at java.base/java.lang.Thread.run(Thread.java:829)
Caused by: jetbrains.exodus.ExodusException
	at jetbrains.exodus.newLogConcept.garbageCollector.OperationLogGarbageCollector.moveAndRemoveRecordsFromLog(OperationLogGarbageCollector.java:69)
	at jetbrains.exodus.newLogConcept.garbageCollector.OperationLogGarbageCollector.clean(OperationLogGarbageCollector.java:51)
	at jetbrains.exodus.newLogConcept.MVCC.MVCCDataStructure.lambda$commitTransaction$1(MVCCDataStructure.java:297)
	at java.base/java.util.concurrent.Executors$RunnableAdapter.call(Executors.java:515)
	at java.base/java.util.concurrent.FutureTask.run(FutureTask.java:264)
	at java.base/java.util.concurrent.ThreadPoolExecutor.runWorker(ThreadPoolExecutor.java:1128)
	at java.base/java.util.concurrent.ThreadPoolExecutor$Worker.run(ThreadPoolExecutor.java:628)
	... 1 more
java.util.concurrent.ExecutionException: jetbrains.exodus.ExodusException
	at java.base/java.util.concurrent.FutureTask.report(FutureTask.java:122)
	at java.base/java.util.concurrent.FutureTask.get(FutureTask.java:191)
	at jetbrains.exodus.newLogConcept.MVCC.MVCCDataStructure.commitTransaction(MVCCDataStructure.java:299)
	at site.ycsb.db.XodusClient.insert(XodusClient.java:60)
	at site.ycsb.DBWrapper.insert(DBWrapper.java:227)
	at site.ycsb.workloads.CoreWorkload.doInsert(CoreWorkload.java:621)
	at site.ycsb.ClientThread.run(ClientThread.java:135)
	at java.base/java.lang.Thread.run(Thread.java:829)
Caused by: jetbrains.exodus.ExodusException
	at jetbrains.exodus.newLogConcept.garbageCollector.OperationLogGarbageCollector.moveAndRemoveRecordsFromLog(OperationLogGarbageCollector.java:69)
	at jetbrains.exodus.newLogConcept.garbageCollector.OperationLogGarbageCollector.clean(OperationLogGarbageCollector.java:51)
	at jetbrains.exodus.newLogConcept.MVCC.MVCCDataStructure.lambda$commitTransaction$1(MVCCDataStructure.java:297)
	at java.base/java.util.concurrent.Executors$RunnableAdapter.call(Executors.java:515)
	at java.base/java.util.concurrent.FutureTask.run(FutureTask.java:264)
	at java.base/java.util.concurrent.ThreadPoolExecutor.runWorker(ThreadPoolExecutor.java:1128)
	at java.base/java.util.concurrent.ThreadPoolExecutor$Worker.run(ThreadPoolExecutor.java:628)
	... 1 more
java.util.concurrent.ExecutionException: jetbrains.exodus.ExodusException
	at java.base/java.util.concurrent.FutureTask.report(FutureTask.java:122)
	at java.base/java.util.concurrent.FutureTask.get(FutureTask.java:191)
	at jetbrains.exodus.newLogConcept.MVCC.MVCCDataStructure.commitTransaction(MVCCDataStructure.java:299)
	at site.ycsb.db.XodusClient.insert(XodusClient.java:60)
	at site.ycsb.DBWrapper.insert(DBWrapper.java:227)
	at site.ycsb.workloads.CoreWorkload.doInsert(CoreWorkload.java:621)
	at site.ycsb.ClientThread.run(ClientThread.java:135)
	at java.base/java.lang.Thread.run(Thread.java:829)
Caused by: jetbrains.exodus.ExodusException
	at jetbrains.exodus.newLogConcept.garbageCollector.OperationLogGarbageCollector.moveAndRemoveRecordsFromLog(OperationLogGarbageCollector.java:69)
	at jetbrains.exodus.newLogConcept.garbageCollector.OperationLogGarbageCollector.clean(OperationLogGarbageCollector.java:51)
	at jetbrains.exodus.newLogConcept.MVCC.MVCCDataStructure.lambda$commitTransaction$1(MVCCDataStructure.java:297)
	at java.base/java.util.concurrent.Executors$RunnableAdapter.call(Executors.java:515)
	at java.base/java.util.concurrent.FutureTask.run(FutureTask.java:264)
	at java.base/java.util.concurrent.ThreadPoolExecutor.runWorker(ThreadPoolExecutor.java:1128)
	at java.base/java.util.concurrent.ThreadPoolExecutor$Worker.run(ThreadPoolExecutor.java:628)
	... 1 more
java.util.concurrent.ExecutionException: jetbrains.exodus.ExodusException
	at java.base/java.util.concurrent.FutureTask.report(FutureTask.java:122)
	at java.base/java.util.concurrent.FutureTask.get(FutureTask.java:191)
	at jetbrains.exodus.newLogConcept.MVCC.MVCCDataStructure.commitTransaction(MVCCDataStructure.java:299)
	at site.ycsb.db.XodusClient.insert(XodusClient.java:60)
	at site.ycsb.DBWrapper.insert(DBWrapper.java:227)
	at site.ycsb.workloads.CoreWorkload.doInsert(CoreWorkload.java:621)
	at site.ycsb.ClientThread.run(ClientThread.java:135)
	at java.base/java.lang.Thread.run(Thread.java:829)
Caused by: jetbrains.exodus.ExodusException
	at jetbrains.exodus.newLogConcept.garbageCollector.OperationLogGarbageCollector.moveAndRemoveRecordsFromLog(OperationLogGarbageCollector.java:69)
	at jetbrains.exodus.newLogConcept.garbageCollector.OperationLogGarbageCollector.clean(OperationLogGarbageCollector.java:51)
	at jetbrains.exodus.newLogConcept.MVCC.MVCCDataStructure.lambda$commitTransaction$1(MVCCDataStructure.java:297)
	at java.base/java.util.concurrent.Executors$RunnableAdapter.call(Executors.java:515)
	at java.base/java.util.concurrent.FutureTask.run(FutureTask.java:264)
	at java.base/java.util.concurrent.ThreadPoolExecutor.runWorker(ThreadPoolExecutor.java:1128)
	at java.base/java.util.concurrent.ThreadPoolExecutor$Worker.run(ThreadPoolExecutor.java:628)
	... 1 more
java.util.concurrent.ExecutionException: jetbrains.exodus.ExodusException
	at java.base/java.util.concurrent.FutureTask.report(FutureTask.java:122)
	at java.base/java.util.concurrent.FutureTask.get(FutureTask.java:191)
	at jetbrains.exodus.newLogConcept.MVCC.MVCCDataStructure.commitTransaction(MVCCDataStructure.java:299)
	at site.ycsb.db.XodusClient.insert(XodusClient.java:60)
	at site.ycsb.DBWrapper.insert(DBWrapper.java:227)
	at site.ycsb.workloads.CoreWorkload.doInsert(CoreWorkload.java:621)
	at site.ycsb.ClientThread.run(ClientThread.java:135)
	at java.base/java.lang.Thread.run(Thread.java:829)
Caused by: jetbrains.exodus.ExodusException
	at jetbrains.exodus.newLogConcept.garbageCollector.OperationLogGarbageCollector.moveAndRemoveRecordsFromLog(OperationLogGarbageCollector.java:69)
	at jetbrains.exodus.newLogConcept.garbageCollector.OperationLogGarbageCollector.clean(OperationLogGarbageCollector.java:51)
	at jetbrains.exodus.newLogConcept.MVCC.MVCCDataStructure.lambda$commitTransaction$1(MVCCDataStructure.java:297)
	at java.base/java.util.concurrent.Executors$RunnableAdapter.call(Executors.java:515)
	at java.base/java.util.concurrent.FutureTask.run(FutureTask.java:264)
	at java.base/java.util.concurrent.ThreadPoolExecutor.runWorker(ThreadPoolExecutor.java:1128)
	at java.base/java.util.concurrent.ThreadPoolExecutor$Worker.run(ThreadPoolExecutor.java:628)
	... 1 more
java.util.concurrent.ExecutionException: jetbrains.exodus.ExodusException
	at java.base/java.util.concurrent.FutureTask.report(FutureTask.java:122)
	at java.base/java.util.concurrent.FutureTask.get(FutureTask.java:191)
	at jetbrains.exodus.newLogConcept.MVCC.MVCCDataStructure.commitTransaction(MVCCDataStructure.java:299)
	at site.ycsb.db.XodusClient.insert(XodusClient.java:60)
	at site.ycsb.DBWrapper.insert(DBWrapper.java:227)
	at site.ycsb.workloads.CoreWorkload.doInsert(CoreWorkload.java:621)
	at site.ycsb.ClientThread.run(ClientThread.java:135)
	at java.base/java.lang.Thread.run(Thread.java:829)
Caused by: jetbrains.exodus.ExodusException
	at jetbrains.exodus.newLogConcept.garbageCollector.OperationLogGarbageCollector.moveAndRemoveRecordsFromLog(OperationLogGarbageCollector.java:69)
	at jetbrains.exodus.newLogConcept.garbageCollector.OperationLogGarbageCollector.clean(OperationLogGarbageCollector.java:51)
	at jetbrains.exodus.newLogConcept.MVCC.MVCCDataStructure.lambda$commitTransaction$1(MVCCDataStructure.java:297)
	at java.base/java.util.concurrent.Executors$RunnableAdapter.call(Executors.java:515)
	at java.base/java.util.concurrent.FutureTask.run(FutureTask.java:264)
	at java.base/java.util.concurrent.ThreadPoolExecutor.runWorker(ThreadPoolExecutor.java:1128)
	at java.base/java.util.concurrent.ThreadPoolExecutor$Worker.run(ThreadPoolExecutor.java:628)
	... 1 more
java.util.concurrent.ExecutionException: jetbrains.exodus.ExodusException
	at java.base/java.util.concurrent.FutureTask.report(FutureTask.java:122)
	at java.base/java.util.concurrent.FutureTask.get(FutureTask.java:191)
	at jetbrains.exodus.newLogConcept.MVCC.MVCCDataStructure.commitTransaction(MVCCDataStructure.java:299)
	at site.ycsb.db.XodusClient.insert(XodusClient.java:60)
	at site.ycsb.DBWrapper.insert(DBWrapper.java:227)
	at site.ycsb.workloads.CoreWorkload.doInsert(CoreWorkload.java:621)
	at site.ycsb.ClientThread.run(ClientThread.java:135)
	at java.base/java.lang.Thread.run(Thread.java:829)
Caused by: jetbrains.exodus.ExodusException
	at jetbrains.exodus.newLogConcept.garbageCollector.OperationLogGarbageCollector.moveAndRemoveRecordsFromLog(OperationLogGarbageCollector.java:69)
	at jetbrains.exodus.newLogConcept.garbageCollector.OperationLogGarbageCollector.clean(OperationLogGarbageCollector.java:51)
	at jetbrains.exodus.newLogConcept.MVCC.MVCCDataStructure.lambda$commitTransaction$1(MVCCDataStructure.java:297)
	at java.base/java.util.concurrent.Executors$RunnableAdapter.call(Executors.java:515)
	at java.base/java.util.concurrent.FutureTask.run(FutureTask.java:264)
	at java.base/java.util.concurrent.ThreadPoolExecutor.runWorker(ThreadPoolExecutor.java:1128)
	at java.base/java.util.concurrent.ThreadPoolExecutor$Worker.run(ThreadPoolExecutor.java:628)
	... 1 more
java.util.concurrent.ExecutionException: jetbrains.exodus.ExodusException
	at java.base/java.util.concurrent.FutureTask.report(FutureTask.java:122)
	at java.base/java.util.concurrent.FutureTask.get(FutureTask.java:191)
	at jetbrains.exodus.newLogConcept.MVCC.MVCCDataStructure.commitTransaction(MVCCDataStructure.java:299)
	at site.ycsb.db.XodusClient.insert(XodusClient.java:60)
	at site.ycsb.DBWrapper.insert(DBWrapper.java:227)
	at site.ycsb.workloads.CoreWorkload.doInsert(CoreWorkload.java:621)
	at site.ycsb.ClientThread.run(ClientThread.java:135)
	at java.base/java.lang.Thread.run(Thread.java:829)
Caused by: jetbrains.exodus.ExodusException
	at jetbrains.exodus.newLogConcept.garbageCollector.OperationLogGarbageCollector.moveAndRemoveRecordsFromLog(OperationLogGarbageCollector.java:69)
	at jetbrains.exodus.newLogConcept.garbageCollector.OperationLogGarbageCollector.clean(OperationLogGarbageCollector.java:51)
	at jetbrains.exodus.newLogConcept.MVCC.MVCCDataStructure.lambda$commitTransaction$1(MVCCDataStructure.java:297)
	at java.base/java.util.concurrent.Executors$RunnableAdapter.call(Executors.java:515)
	at java.base/java.util.concurrent.FutureTask.run(FutureTask.java:264)
	at java.base/java.util.concurrent.ThreadPoolExecutor.runWorker(ThreadPoolExecutor.java:1128)
	at java.base/java.util.concurrent.ThreadPoolExecutor$Worker.run(ThreadPoolExecutor.java:628)
	... 1 more
java.util.concurrent.ExecutionException: jetbrains.exodus.ExodusException
	at java.base/java.util.concurrent.FutureTask.report(FutureTask.java:122)
	at java.base/java.util.concurrent.FutureTask.get(FutureTask.java:191)
	at jetbrains.exodus.newLogConcept.MVCC.MVCCDataStructure.commitTransaction(MVCCDataStructure.java:299)
	at site.ycsb.db.XodusClient.insert(XodusClient.java:60)
	at site.ycsb.DBWrapper.insert(DBWrapper.java:227)
	at site.ycsb.workloads.CoreWorkload.doInsert(CoreWorkload.java:621)
	at site.ycsb.ClientThread.run(ClientThread.java:135)
	at java.base/java.lang.Thread.run(Thread.java:829)
Caused by: jetbrains.exodus.ExodusException
	at jetbrains.exodus.newLogConcept.garbageCollector.OperationLogGarbageCollector.moveAndRemoveRecordsFromLog(OperationLogGarbageCollector.java:69)
	at jetbrains.exodus.newLogConcept.garbageCollector.OperationLogGarbageCollector.clean(OperationLogGarbageCollector.java:51)
	at jetbrains.exodus.newLogConcept.MVCC.MVCCDataStructure.lambda$commitTransaction$1(MVCCDataStructure.java:297)
	at java.base/java.util.concurrent.Executors$RunnableAdapter.call(Executors.java:515)
	at java.base/java.util.concurrent.FutureTask.run(FutureTask.java:264)
	at java.base/java.util.concurrent.ThreadPoolExecutor.runWorker(ThreadPoolExecutor.java:1128)
	at java.base/java.util.concurrent.ThreadPoolExecutor$Worker.run(ThreadPoolExecutor.java:628)
	... 1 more
java.util.concurrent.ExecutionException: jetbrains.exodus.ExodusException
	at java.base/java.util.concurrent.FutureTask.report(FutureTask.java:122)
	at java.base/java.util.concurrent.FutureTask.get(FutureTask.java:191)
	at jetbrains.exodus.newLogConcept.MVCC.MVCCDataStructure.commitTransaction(MVCCDataStructure.java:299)
	at site.ycsb.db.XodusClient.insert(XodusClient.java:60)
	at site.ycsb.DBWrapper.insert(DBWrapper.java:227)
	at site.ycsb.workloads.CoreWorkload.doInsert(CoreWorkload.java:621)
	at site.ycsb.ClientThread.run(ClientThread.java:135)
	at java.base/java.lang.Thread.run(Thread.java:829)
Caused by: jetbrains.exodus.ExodusException
	at jetbrains.exodus.newLogConcept.garbageCollector.OperationLogGarbageCollector.moveAndRemoveRecordsFromLog(OperationLogGarbageCollector.java:69)
	at jetbrains.exodus.newLogConcept.garbageCollector.OperationLogGarbageCollector.clean(OperationLogGarbageCollector.java:51)
	at jetbrains.exodus.newLogConcept.MVCC.MVCCDataStructure.lambda$commitTransaction$1(MVCCDataStructure.java:297)
	at java.base/java.util.concurrent.Executors$RunnableAdapter.call(Executors.java:515)
	at java.base/java.util.concurrent.FutureTask.run(FutureTask.java:264)
	at java.base/java.util.concurrent.ThreadPoolExecutor.runWorker(ThreadPoolExecutor.java:1128)
	at java.base/java.util.concurrent.ThreadPoolExecutor$Worker.run(ThreadPoolExecutor.java:628)
	... 1 more
java.util.concurrent.ExecutionException: jetbrains.exodus.ExodusException
	at java.base/java.util.concurrent.FutureTask.report(FutureTask.java:122)
	at java.base/java.util.concurrent.FutureTask.get(FutureTask.java:191)
	at jetbrains.exodus.newLogConcept.MVCC.MVCCDataStructure.commitTransaction(MVCCDataStructure.java:299)
	at site.ycsb.db.XodusClient.insert(XodusClient.java:60)
	at site.ycsb.DBWrapper.insert(DBWrapper.java:227)
	at site.ycsb.workloads.CoreWorkload.doInsert(CoreWorkload.java:621)
	at site.ycsb.ClientThread.run(ClientThread.java:135)
	at java.base/java.lang.Thread.run(Thread.java:829)
Caused by: jetbrains.exodus.ExodusException
	at jetbrains.exodus.newLogConcept.garbageCollector.OperationLogGarbageCollector.moveAndRemoveRecordsFromLog(OperationLogGarbageCollector.java:69)
	at jetbrains.exodus.newLogConcept.garbageCollector.OperationLogGarbageCollector.clean(OperationLogGarbageCollector.java:51)
	at jetbrains.exodus.newLogConcept.MVCC.MVCCDataStructure.lambda$commitTransaction$1(MVCCDataStructure.java:297)
	at java.base/java.util.concurrent.Executors$RunnableAdapter.call(Executors.java:515)
	at java.base/java.util.concurrent.FutureTask.run(FutureTask.java:264)
	at java.base/java.util.concurrent.ThreadPoolExecutor.runWorker(ThreadPoolExecutor.java:1128)
	at java.base/java.util.concurrent.ThreadPoolExecutor$Worker.run(ThreadPoolExecutor.java:628)
	... 1 more
java.util.concurrent.ExecutionException: jetbrains.exodus.ExodusException
	at java.base/java.util.concurrent.FutureTask.report(FutureTask.java:122)
	at java.base/java.util.concurrent.FutureTask.get(FutureTask.java:191)
	at jetbrains.exodus.newLogConcept.MVCC.MVCCDataStructure.commitTransaction(MVCCDataStructure.java:299)
	at site.ycsb.db.XodusClient.insert(XodusClient.java:60)
	at site.ycsb.DBWrapper.insert(DBWrapper.java:227)
	at site.ycsb.workloads.CoreWorkload.doInsert(CoreWorkload.java:621)
	at site.ycsb.ClientThread.run(ClientThread.java:135)
	at java.base/java.lang.Thread.run(Thread.java:829)
Caused by: jetbrains.exodus.ExodusException
	at jetbrains.exodus.newLogConcept.garbageCollector.OperationLogGarbageCollector.moveAndRemoveRecordsFromLog(OperationLogGarbageCollector.java:69)
	at jetbrains.exodus.newLogConcept.garbageCollector.OperationLogGarbageCollector.clean(OperationLogGarbageCollector.java:51)
	at jetbrains.exodus.newLogConcept.MVCC.MVCCDataStructure.lambda$commitTransaction$1(MVCCDataStructure.java:297)
	at java.base/java.util.concurrent.Executors$RunnableAdapter.call(Executors.java:515)
	at java.base/java.util.concurrent.FutureTask.run(FutureTask.java:264)
	at java.base/java.util.concurrent.ThreadPoolExecutor.runWorker(ThreadPoolExecutor.java:1128)
	at java.base/java.util.concurrent.ThreadPoolExecutor$Worker.run(ThreadPoolExecutor.java:628)
	... 1 more
java.util.concurrent.ExecutionException: jetbrains.exodus.ExodusException
	at java.base/java.util.concurrent.FutureTask.report(FutureTask.java:122)
	at java.base/java.util.concurrent.FutureTask.get(FutureTask.java:191)
	at jetbrains.exodus.newLogConcept.MVCC.MVCCDataStructure.commitTransaction(MVCCDataStructure.java:299)
	at site.ycsb.db.XodusClient.insert(XodusClient.java:60)
	at site.ycsb.DBWrapper.insert(DBWrapper.java:227)
	at site.ycsb.workloads.CoreWorkload.doInsert(CoreWorkload.java:621)
	at site.ycsb.ClientThread.run(ClientThread.java:135)
	at java.base/java.lang.Thread.run(Thread.java:829)
Caused by: jetbrains.exodus.ExodusException
	at jetbrains.exodus.newLogConcept.garbageCollector.OperationLogGarbageCollector.moveAndRemoveRecordsFromLog(OperationLogGarbageCollector.java:69)
	at jetbrains.exodus.newLogConcept.garbageCollector.OperationLogGarbageCollector.clean(OperationLogGarbageCollector.java:51)
	at jetbrains.exodus.newLogConcept.MVCC.MVCCDataStructure.lambda$commitTransaction$1(MVCCDataStructure.java:297)
	at java.base/java.util.concurrent.Executors$RunnableAdapter.call(Executors.java:515)
	at java.base/java.util.concurrent.FutureTask.run(FutureTask.java:264)
	at java.base/java.util.concurrent.ThreadPoolExecutor.runWorker(ThreadPoolExecutor.java:1128)
	at java.base/java.util.concurrent.ThreadPoolExecutor$Worker.run(ThreadPoolExecutor.java:628)
	... 1 more
java.util.concurrent.ExecutionException: jetbrains.exodus.ExodusException
	at java.base/java.util.concurrent.FutureTask.report(FutureTask.java:122)
	at java.base/java.util.concurrent.FutureTask.get(FutureTask.java:191)
	at jetbrains.exodus.newLogConcept.MVCC.MVCCDataStructure.commitTransaction(MVCCDataStructure.java:299)
	at site.ycsb.db.XodusClient.insert(XodusClient.java:60)
	at site.ycsb.DBWrapper.insert(DBWrapper.java:227)
	at site.ycsb.workloads.CoreWorkload.doInsert(CoreWorkload.java:621)
	at site.ycsb.ClientThread.run(ClientThread.java:135)
	at java.base/java.lang.Thread.run(Thread.java:829)
Caused by: jetbrains.exodus.ExodusException
	at jetbrains.exodus.newLogConcept.garbageCollector.OperationLogGarbageCollector.moveAndRemoveRecordsFromLog(OperationLogGarbageCollector.java:69)
	at jetbrains.exodus.newLogConcept.garbageCollector.OperationLogGarbageCollector.clean(OperationLogGarbageCollector.java:51)
	at jetbrains.exodus.newLogConcept.MVCC.MVCCDataStructure.lambda$commitTransaction$1(MVCCDataStructure.java:297)
	at java.base/java.util.concurrent.Executors$RunnableAdapter.call(Executors.java:515)
	at java.base/java.util.concurrent.FutureTask.run(FutureTask.java:264)
	at java.base/java.util.concurrent.ThreadPoolExecutor.runWorker(ThreadPoolExecutor.java:1128)
	at java.base/java.util.concurrent.ThreadPoolExecutor$Worker.run(ThreadPoolExecutor.java:628)
	... 1 more
java.util.concurrent.ExecutionException: jetbrains.exodus.ExodusException
	at java.base/java.util.concurrent.FutureTask.report(FutureTask.java:122)
	at java.base/java.util.concurrent.FutureTask.get(FutureTask.java:191)
	at jetbrains.exodus.newLogConcept.MVCC.MVCCDataStructure.commitTransaction(MVCCDataStructure.java:299)
	at site.ycsb.db.XodusClient.insert(XodusClient.java:60)
	at site.ycsb.DBWrapper.insert(DBWrapper.java:227)
	at site.ycsb.workloads.CoreWorkload.doInsert(CoreWorkload.java:621)
	at site.ycsb.ClientThread.run(ClientThread.java:135)
	at java.base/java.lang.Thread.run(Thread.java:829)
Caused by: jetbrains.exodus.ExodusException
	at jetbrains.exodus.newLogConcept.garbageCollector.OperationLogGarbageCollector.moveAndRemoveRecordsFromLog(OperationLogGarbageCollector.java:69)
	at jetbrains.exodus.newLogConcept.garbageCollector.OperationLogGarbageCollector.clean(OperationLogGarbageCollector.java:51)
	at jetbrains.exodus.newLogConcept.MVCC.MVCCDataStructure.lambda$commitTransaction$1(MVCCDataStructure.java:297)
	at java.base/java.util.concurrent.Executors$RunnableAdapter.call(Executors.java:515)
	at java.base/java.util.concurrent.FutureTask.run(FutureTask.java:264)
	at java.base/java.util.concurrent.ThreadPoolExecutor.runWorker(ThreadPoolExecutor.java:1128)
	at java.base/java.util.concurrent.ThreadPoolExecutor$Worker.run(ThreadPoolExecutor.java:628)
	... 1 more
java.util.concurrent.ExecutionException: jetbrains.exodus.ExodusException
	at java.base/java.util.concurrent.FutureTask.report(FutureTask.java:122)
	at java.base/java.util.concurrent.FutureTask.get(FutureTask.java:191)
	at jetbrains.exodus.newLogConcept.MVCC.MVCCDataStructure.commitTransaction(MVCCDataStructure.java:299)
	at site.ycsb.db.XodusClient.insert(XodusClient.java:60)
	at site.ycsb.DBWrapper.insert(DBWrapper.java:227)
	at site.ycsb.workloads.CoreWorkload.doInsert(CoreWorkload.java:621)
	at site.ycsb.ClientThread.run(ClientThread.java:135)
	at java.base/java.lang.Thread.run(Thread.java:829)
Caused by: jetbrains.exodus.ExodusException
	at jetbrains.exodus.newLogConcept.garbageCollector.OperationLogGarbageCollector.moveAndRemoveRecordsFromLog(OperationLogGarbageCollector.java:69)
	at jetbrains.exodus.newLogConcept.garbageCollector.OperationLogGarbageCollector.clean(OperationLogGarbageCollector.java:51)
	at jetbrains.exodus.newLogConcept.MVCC.MVCCDataStructure.lambda$commitTransaction$1(MVCCDataStructure.java:297)
	at java.base/java.util.concurrent.Executors$RunnableAdapter.call(Executors.java:515)
	at java.base/java.util.concurrent.FutureTask.run(FutureTask.java:264)
	at java.base/java.util.concurrent.ThreadPoolExecutor.runWorker(ThreadPoolExecutor.java:1128)
	at java.base/java.util.concurrent.ThreadPoolExecutor$Worker.run(ThreadPoolExecutor.java:628)
	... 1 more
java.util.concurrent.ExecutionException: jetbrains.exodus.ExodusException
	at java.base/java.util.concurrent.FutureTask.report(FutureTask.java:122)
	at java.base/java.util.concurrent.FutureTask.get(FutureTask.java:191)
	at jetbrains.exodus.newLogConcept.MVCC.MVCCDataStructure.commitTransaction(MVCCDataStructure.java:299)
	at site.ycsb.db.XodusClient.insert(XodusClient.java:60)
	at site.ycsb.DBWrapper.insert(DBWrapper.java:227)
	at site.ycsb.workloads.CoreWorkload.doInsert(CoreWorkload.java:621)
	at site.ycsb.ClientThread.run(ClientThread.java:135)
	at java.base/java.lang.Thread.run(Thread.java:829)
Caused by: jetbrains.exodus.ExodusException
	at jetbrains.exodus.newLogConcept.garbageCollector.OperationLogGarbageCollector.moveAndRemoveRecordsFromLog(OperationLogGarbageCollector.java:69)
	at jetbrains.exodus.newLogConcept.garbageCollector.OperationLogGarbageCollector.clean(OperationLogGarbageCollector.java:51)
	at jetbrains.exodus.newLogConcept.MVCC.MVCCDataStructure.lambda$commitTransaction$1(MVCCDataStructure.java:297)
	at java.base/java.util.concurrent.Executors$RunnableAdapter.call(Executors.java:515)
	at java.base/java.util.concurrent.FutureTask.run(FutureTask.java:264)
	at java.base/java.util.concurrent.ThreadPoolExecutor.runWorker(ThreadPoolExecutor.java:1128)
	at java.base/java.util.concurrent.ThreadPoolExecutor$Worker.run(ThreadPoolExecutor.java:628)
	... 1 more
java.util.concurrent.ExecutionException: jetbrains.exodus.ExodusException
	at java.base/java.util.concurrent.FutureTask.report(FutureTask.java:122)
	at java.base/java.util.concurrent.FutureTask.get(FutureTask.java:191)
	at jetbrains.exodus.newLogConcept.MVCC.MVCCDataStructure.commitTransaction(MVCCDataStructure.java:299)
	at site.ycsb.db.XodusClient.insert(XodusClient.java:60)
	at site.ycsb.DBWrapper.insert(DBWrapper.java:227)
	at site.ycsb.workloads.CoreWorkload.doInsert(CoreWorkload.java:621)
	at site.ycsb.ClientThread.run(ClientThread.java:135)
	at java.base/java.lang.Thread.run(Thread.java:829)
Caused by: jetbrains.exodus.ExodusException
	at jetbrains.exodus.newLogConcept.garbageCollector.OperationLogGarbageCollector.moveAndRemoveRecordsFromLog(OperationLogGarbageCollector.java:69)
	at jetbrains.exodus.newLogConcept.garbageCollector.OperationLogGarbageCollector.clean(OperationLogGarbageCollector.java:51)
	at jetbrains.exodus.newLogConcept.MVCC.MVCCDataStructure.lambda$commitTransaction$1(MVCCDataStructure.java:297)
	at java.base/java.util.concurrent.Executors$RunnableAdapter.call(Executors.java:515)
	at java.base/java.util.concurrent.FutureTask.run(FutureTask.java:264)
	at java.base/java.util.concurrent.ThreadPoolExecutor.runWorker(ThreadPoolExecutor.java:1128)
	at java.base/java.util.concurrent.ThreadPoolExecutor$Worker.run(ThreadPoolExecutor.java:628)
	... 1 more
java.util.concurrent.ExecutionException: jetbrains.exodus.ExodusException
	at java.base/java.util.concurrent.FutureTask.report(FutureTask.java:122)
	at java.base/java.util.concurrent.FutureTask.get(FutureTask.java:191)
	at jetbrains.exodus.newLogConcept.MVCC.MVCCDataStructure.commitTransaction(MVCCDataStructure.java:299)
	at site.ycsb.db.XodusClient.insert(XodusClient.java:60)
	at site.ycsb.DBWrapper.insert(DBWrapper.java:227)
	at site.ycsb.workloads.CoreWorkload.doInsert(CoreWorkload.java:621)
	at site.ycsb.ClientThread.run(ClientThread.java:135)
	at java.base/java.lang.Thread.run(Thread.java:829)
Caused by: jetbrains.exodus.ExodusException
	at jetbrains.exodus.newLogConcept.garbageCollector.OperationLogGarbageCollector.moveAndRemoveRecordsFromLog(OperationLogGarbageCollector.java:69)
	at jetbrains.exodus.newLogConcept.garbageCollector.OperationLogGarbageCollector.clean(OperationLogGarbageCollector.java:51)
	at jetbrains.exodus.newLogConcept.MVCC.MVCCDataStructure.lambda$commitTransaction$1(MVCCDataStructure.java:297)
	at java.base/java.util.concurrent.Executors$RunnableAdapter.call(Executors.java:515)
	at java.base/java.util.concurrent.FutureTask.run(FutureTask.java:264)
	at java.base/java.util.concurrent.ThreadPoolExecutor.runWorker(ThreadPoolExecutor.java:1128)
	at java.base/java.util.concurrent.ThreadPoolExecutor$Worker.run(ThreadPoolExecutor.java:628)
	... 1 more
java.util.concurrent.ExecutionException: jetbrains.exodus.ExodusException
	at java.base/java.util.concurrent.FutureTask.report(FutureTask.java:122)
	at java.base/java.util.concurrent.FutureTask.get(FutureTask.java:191)
	at jetbrains.exodus.newLogConcept.MVCC.MVCCDataStructure.commitTransaction(MVCCDataStructure.java:299)
	at site.ycsb.db.XodusClient.insert(XodusClient.java:60)
	at site.ycsb.DBWrapper.insert(DBWrapper.java:227)
	at site.ycsb.workloads.CoreWorkload.doInsert(CoreWorkload.java:621)
	at site.ycsb.ClientThread.run(ClientThread.java:135)
	at java.base/java.lang.Thread.run(Thread.java:829)
Caused by: jetbrains.exodus.ExodusException
	at jetbrains.exodus.newLogConcept.garbageCollector.OperationLogGarbageCollector.moveAndRemoveRecordsFromLog(OperationLogGarbageCollector.java:69)
	at jetbrains.exodus.newLogConcept.garbageCollector.OperationLogGarbageCollector.clean(OperationLogGarbageCollector.java:51)
	at jetbrains.exodus.newLogConcept.MVCC.MVCCDataStructure.lambda$commitTransaction$1(MVCCDataStructure.java:297)
	at java.base/java.util.concurrent.Executors$RunnableAdapter.call(Executors.java:515)
	at java.base/java.util.concurrent.FutureTask.run(FutureTask.java:264)
	at java.base/java.util.concurrent.ThreadPoolExecutor.runWorker(ThreadPoolExecutor.java:1128)
	at java.base/java.util.concurrent.ThreadPoolExecutor$Worker.run(ThreadPoolExecutor.java:628)
	... 1 more
java.util.concurrent.ExecutionException: jetbrains.exodus.ExodusException
	at java.base/java.util.concurrent.FutureTask.report(FutureTask.java:122)
	at java.base/java.util.concurrent.FutureTask.get(FutureTask.java:191)
	at jetbrains.exodus.newLogConcept.MVCC.MVCCDataStructure.commitTransaction(MVCCDataStructure.java:299)
	at site.ycsb.db.XodusClient.insert(XodusClient.java:60)
	at site.ycsb.DBWrapper.insert(DBWrapper.java:227)
	at site.ycsb.workloads.CoreWorkload.doInsert(CoreWorkload.java:621)
	at site.ycsb.ClientThread.run(ClientThread.java:135)
	at java.base/java.lang.Thread.run(Thread.java:829)
Caused by: jetbrains.exodus.ExodusException
	at jetbrains.exodus.newLogConcept.garbageCollector.OperationLogGarbageCollector.moveAndRemoveRecordsFromLog(OperationLogGarbageCollector.java:69)
	at jetbrains.exodus.newLogConcept.garbageCollector.OperationLogGarbageCollector.clean(OperationLogGarbageCollector.java:51)
	at jetbrains.exodus.newLogConcept.MVCC.MVCCDataStructure.lambda$commitTransaction$1(MVCCDataStructure.java:297)
	at java.base/java.util.concurrent.Executors$RunnableAdapter.call(Executors.java:515)
	at java.base/java.util.concurrent.FutureTask.run(FutureTask.java:264)
	at java.base/java.util.concurrent.ThreadPoolExecutor.runWorker(ThreadPoolExecutor.java:1128)
	at java.base/java.util.concurrent.ThreadPoolExecutor$Worker.run(ThreadPoolExecutor.java:628)
	... 1 more
java.util.concurrent.ExecutionException: jetbrains.exodus.ExodusException
	at java.base/java.util.concurrent.FutureTask.report(FutureTask.java:122)
	at java.base/java.util.concurrent.FutureTask.get(FutureTask.java:191)
	at jetbrains.exodus.newLogConcept.MVCC.MVCCDataStructure.commitTransaction(MVCCDataStructure.java:299)
	at site.ycsb.db.XodusClient.insert(XodusClient.java:60)
	at site.ycsb.DBWrapper.insert(DBWrapper.java:227)
	at site.ycsb.workloads.CoreWorkload.doInsert(CoreWorkload.java:621)
	at site.ycsb.ClientThread.run(ClientThread.java:135)
	at java.base/java.lang.Thread.run(Thread.java:829)
Caused by: jetbrains.exodus.ExodusException
	at jetbrains.exodus.newLogConcept.garbageCollector.OperationLogGarbageCollector.moveAndRemoveRecordsFromLog(OperationLogGarbageCollector.java:69)
	at jetbrains.exodus.newLogConcept.garbageCollector.OperationLogGarbageCollector.clean(OperationLogGarbageCollector.java:51)
	at jetbrains.exodus.newLogConcept.MVCC.MVCCDataStructure.lambda$commitTransaction$1(MVCCDataStructure.java:297)
	at java.base/java.util.concurrent.Executors$RunnableAdapter.call(Executors.java:515)
	at java.base/java.util.concurrent.FutureTask.run(FutureTask.java:264)
	at java.base/java.util.concurrent.ThreadPoolExecutor.runWorker(ThreadPoolExecutor.java:1128)
	at java.base/java.util.concurrent.ThreadPoolExecutor$Worker.run(ThreadPoolExecutor.java:628)
	... 1 more
java.util.concurrent.ExecutionException: jetbrains.exodus.ExodusException
	at java.base/java.util.concurrent.FutureTask.report(FutureTask.java:122)
	at java.base/java.util.concurrent.FutureTask.get(FutureTask.java:191)
	at jetbrains.exodus.newLogConcept.MVCC.MVCCDataStructure.commitTransaction(MVCCDataStructure.java:299)
	at site.ycsb.db.XodusClient.insert(XodusClient.java:60)
	at site.ycsb.DBWrapper.insert(DBWrapper.java:227)
	at site.ycsb.workloads.CoreWorkload.doInsert(CoreWorkload.java:621)
	at site.ycsb.ClientThread.run(ClientThread.java:135)
	at java.base/java.lang.Thread.run(Thread.java:829)
Caused by: jetbrains.exodus.ExodusException
	at jetbrains.exodus.newLogConcept.garbageCollector.OperationLogGarbageCollector.moveAndRemoveRecordsFromLog(OperationLogGarbageCollector.java:69)
	at jetbrains.exodus.newLogConcept.garbageCollector.OperationLogGarbageCollector.clean(OperationLogGarbageCollector.java:51)
	at jetbrains.exodus.newLogConcept.MVCC.MVCCDataStructure.lambda$commitTransaction$1(MVCCDataStructure.java:297)
	at java.base/java.util.concurrent.Executors$RunnableAdapter.call(Executors.java:515)
	at java.base/java.util.concurrent.FutureTask.run(FutureTask.java:264)
	at java.base/java.util.concurrent.ThreadPoolExecutor.runWorker(ThreadPoolExecutor.java:1128)
	at java.base/java.util.concurrent.ThreadPoolExecutor$Worker.run(ThreadPoolExecutor.java:628)
	... 1 more
java.util.concurrent.ExecutionException: jetbrains.exodus.ExodusException
	at java.base/java.util.concurrent.FutureTask.report(FutureTask.java:122)
	at java.base/java.util.concurrent.FutureTask.get(FutureTask.java:191)
	at jetbrains.exodus.newLogConcept.MVCC.MVCCDataStructure.commitTransaction(MVCCDataStructure.java:299)
	at site.ycsb.db.XodusClient.insert(XodusClient.java:60)
	at site.ycsb.DBWrapper.insert(DBWrapper.java:227)
	at site.ycsb.workloads.CoreWorkload.doInsert(CoreWorkload.java:621)
	at site.ycsb.ClientThread.run(ClientThread.java:135)
	at java.base/java.lang.Thread.run(Thread.java:829)
Caused by: jetbrains.exodus.ExodusException
	at jetbrains.exodus.newLogConcept.garbageCollector.OperationLogGarbageCollector.moveAndRemoveRecordsFromLog(OperationLogGarbageCollector.java:69)
	at jetbrains.exodus.newLogConcept.garbageCollector.OperationLogGarbageCollector.clean(OperationLogGarbageCollector.java:51)
	at jetbrains.exodus.newLogConcept.MVCC.MVCCDataStructure.lambda$commitTransaction$1(MVCCDataStructure.java:297)
	at java.base/java.util.concurrent.Executors$RunnableAdapter.call(Executors.java:515)
	at java.base/java.util.concurrent.FutureTask.run(FutureTask.java:264)
	at java.base/java.util.concurrent.ThreadPoolExecutor.runWorker(ThreadPoolExecutor.java:1128)
	at java.base/java.util.concurrent.ThreadPoolExecutor$Worker.run(ThreadPoolExecutor.java:628)
	... 1 more
java.util.concurrent.ExecutionException: jetbrains.exodus.ExodusException
	at java.base/java.util.concurrent.FutureTask.report(FutureTask.java:122)
	at java.base/java.util.concurrent.FutureTask.get(FutureTask.java:191)
	at jetbrains.exodus.newLogConcept.MVCC.MVCCDataStructure.commitTransaction(MVCCDataStructure.java:299)
	at site.ycsb.db.XodusClient.insert(XodusClient.java:60)
	at site.ycsb.DBWrapper.insert(DBWrapper.java:227)
	at site.ycsb.workloads.CoreWorkload.doInsert(CoreWorkload.java:621)
	at site.ycsb.ClientThread.run(ClientThread.java:135)
	at java.base/java.lang.Thread.run(Thread.java:829)
Caused by: jetbrains.exodus.ExodusException
	at jetbrains.exodus.newLogConcept.garbageCollector.OperationLogGarbageCollector.moveAndRemoveRecordsFromLog(OperationLogGarbageCollector.java:69)
	at jetbrains.exodus.newLogConcept.garbageCollector.OperationLogGarbageCollector.clean(OperationLogGarbageCollector.java:51)
	at jetbrains.exodus.newLogConcept.MVCC.MVCCDataStructure.lambda$commitTransaction$1(MVCCDataStructure.java:297)
	at java.base/java.util.concurrent.Executors$RunnableAdapter.call(Executors.java:515)
	at java.base/java.util.concurrent.FutureTask.run(FutureTask.java:264)
	at java.base/java.util.concurrent.ThreadPoolExecutor.runWorker(ThreadPoolExecutor.java:1128)
	at java.base/java.util.concurrent.ThreadPoolExecutor$Worker.run(ThreadPoolExecutor.java:628)
	... 1 more
java.util.concurrent.ExecutionException: jetbrains.exodus.ExodusException
	at java.base/java.util.concurrent.FutureTask.report(FutureTask.java:122)
	at java.base/java.util.concurrent.FutureTask.get(FutureTask.java:191)
	at jetbrains.exodus.newLogConcept.MVCC.MVCCDataStructure.commitTransaction(MVCCDataStructure.java:299)
	at site.ycsb.db.XodusClient.insert(XodusClient.java:60)
	at site.ycsb.DBWrapper.insert(DBWrapper.java:227)
	at site.ycsb.workloads.CoreWorkload.doInsert(CoreWorkload.java:621)
	at site.ycsb.ClientThread.run(ClientThread.java:135)
	at java.base/java.lang.Thread.run(Thread.java:829)
Caused by: jetbrains.exodus.ExodusException
	at jetbrains.exodus.newLogConcept.garbageCollector.OperationLogGarbageCollector.moveAndRemoveRecordsFromLog(OperationLogGarbageCollector.java:69)
	at jetbrains.exodus.newLogConcept.garbageCollector.OperationLogGarbageCollector.clean(OperationLogGarbageCollector.java:51)
	at jetbrains.exodus.newLogConcept.MVCC.MVCCDataStructure.lambda$commitTransaction$1(MVCCDataStructure.java:297)
	at java.base/java.util.concurrent.Executors$RunnableAdapter.call(Executors.java:515)
	at java.base/java.util.concurrent.FutureTask.run(FutureTask.java:264)
	at java.base/java.util.concurrent.ThreadPoolExecutor.runWorker(ThreadPoolExecutor.java:1128)
	at java.base/java.util.concurrent.ThreadPoolExecutor$Worker.run(ThreadPoolExecutor.java:628)
	... 1 more
java.util.concurrent.ExecutionException: jetbrains.exodus.ExodusException
	at java.base/java.util.concurrent.FutureTask.report(FutureTask.java:122)
	at java.base/java.util.concurrent.FutureTask.get(FutureTask.java:191)
	at jetbrains.exodus.newLogConcept.MVCC.MVCCDataStructure.commitTransaction(MVCCDataStructure.java:299)
	at site.ycsb.db.XodusClient.insert(XodusClient.java:60)
	at site.ycsb.DBWrapper.insert(DBWrapper.java:227)
	at site.ycsb.workloads.CoreWorkload.doInsert(CoreWorkload.java:621)
	at site.ycsb.ClientThread.run(ClientThread.java:135)
	at java.base/java.lang.Thread.run(Thread.java:829)
Caused by: jetbrains.exodus.ExodusException
	at jetbrains.exodus.newLogConcept.garbageCollector.OperationLogGarbageCollector.moveAndRemoveRecordsFromLog(OperationLogGarbageCollector.java:69)
	at jetbrains.exodus.newLogConcept.garbageCollector.OperationLogGarbageCollector.clean(OperationLogGarbageCollector.java:51)
	at jetbrains.exodus.newLogConcept.MVCC.MVCCDataStructure.lambda$commitTransaction$1(MVCCDataStructure.java:297)
	at java.base/java.util.concurrent.Executors$RunnableAdapter.call(Executors.java:515)
	at java.base/java.util.concurrent.FutureTask.run(FutureTask.java:264)
	at java.base/java.util.concurrent.ThreadPoolExecutor.runWorker(ThreadPoolExecutor.java:1128)
	at java.base/java.util.concurrent.ThreadPoolExecutor$Worker.run(ThreadPoolExecutor.java:628)
	... 1 more
java.util.concurrent.ExecutionException: jetbrains.exodus.ExodusException
	at java.base/java.util.concurrent.FutureTask.report(FutureTask.java:122)
	at java.base/java.util.concurrent.FutureTask.get(FutureTask.java:191)
	at jetbrains.exodus.newLogConcept.MVCC.MVCCDataStructure.commitTransaction(MVCCDataStructure.java:299)
	at site.ycsb.db.XodusClient.insert(XodusClient.java:60)
	at site.ycsb.DBWrapper.insert(DBWrapper.java:227)
	at site.ycsb.workloads.CoreWorkload.doInsert(CoreWorkload.java:621)
	at site.ycsb.ClientThread.run(ClientThread.java:135)
	at java.base/java.lang.Thread.run(Thread.java:829)
Caused by: jetbrains.exodus.ExodusException
	at jetbrains.exodus.newLogConcept.garbageCollector.OperationLogGarbageCollector.moveAndRemoveRecordsFromLog(OperationLogGarbageCollector.java:69)
	at jetbrains.exodus.newLogConcept.garbageCollector.OperationLogGarbageCollector.clean(OperationLogGarbageCollector.java:51)
	at jetbrains.exodus.newLogConcept.MVCC.MVCCDataStructure.lambda$commitTransaction$1(MVCCDataStructure.java:297)
	at java.base/java.util.concurrent.Executors$RunnableAdapter.call(Executors.java:515)
	at java.base/java.util.concurrent.FutureTask.run(FutureTask.java:264)
	at java.base/java.util.concurrent.ThreadPoolExecutor.runWorker(ThreadPoolExecutor.java:1128)
	at java.base/java.util.concurrent.ThreadPoolExecutor$Worker.run(ThreadPoolExecutor.java:628)
	... 1 more
java.util.concurrent.ExecutionException: jetbrains.exodus.ExodusException
	at java.base/java.util.concurrent.FutureTask.report(FutureTask.java:122)
	at java.base/java.util.concurrent.FutureTask.get(FutureTask.java:191)
	at jetbrains.exodus.newLogConcept.MVCC.MVCCDataStructure.commitTransaction(MVCCDataStructure.java:299)
	at site.ycsb.db.XodusClient.insert(XodusClient.java:60)
	at site.ycsb.DBWrapper.insert(DBWrapper.java:227)
	at site.ycsb.workloads.CoreWorkload.doInsert(CoreWorkload.java:621)
	at site.ycsb.ClientThread.run(ClientThread.java:135)
	at java.base/java.lang.Thread.run(Thread.java:829)
Caused by: jetbrains.exodus.ExodusException
	at jetbrains.exodus.newLogConcept.garbageCollector.OperationLogGarbageCollector.moveAndRemoveRecordsFromLog(OperationLogGarbageCollector.java:69)
	at jetbrains.exodus.newLogConcept.garbageCollector.OperationLogGarbageCollector.clean(OperationLogGarbageCollector.java:51)
	at jetbrains.exodus.newLogConcept.MVCC.MVCCDataStructure.lambda$commitTransaction$1(MVCCDataStructure.java:297)
	at java.base/java.util.concurrent.Executors$RunnableAdapter.call(Executors.java:515)
	at java.base/java.util.concurrent.FutureTask.run(FutureTask.java:264)
	at java.base/java.util.concurrent.ThreadPoolExecutor.runWorker(ThreadPoolExecutor.java:1128)
	at java.base/java.util.concurrent.ThreadPoolExecutor$Worker.run(ThreadPoolExecutor.java:628)
	... 1 more
java.util.concurrent.ExecutionException: jetbrains.exodus.ExodusException
	at java.base/java.util.concurrent.FutureTask.report(FutureTask.java:122)
	at java.base/java.util.concurrent.FutureTask.get(FutureTask.java:191)
	at jetbrains.exodus.newLogConcept.MVCC.MVCCDataStructure.commitTransaction(MVCCDataStructure.java:299)
	at site.ycsb.db.XodusClient.insert(XodusClient.java:60)
	at site.ycsb.DBWrapper.insert(DBWrapper.java:227)
	at site.ycsb.workloads.CoreWorkload.doInsert(CoreWorkload.java:621)
	at site.ycsb.ClientThread.run(ClientThread.java:135)
	at java.base/java.lang.Thread.run(Thread.java:829)
Caused by: jetbrains.exodus.ExodusException
	at jetbrains.exodus.newLogConcept.garbageCollector.OperationLogGarbageCollector.moveAndRemoveRecordsFromLog(OperationLogGarbageCollector.java:69)
	at jetbrains.exodus.newLogConcept.garbageCollector.OperationLogGarbageCollector.clean(OperationLogGarbageCollector.java:51)
	at jetbrains.exodus.newLogConcept.MVCC.MVCCDataStructure.lambda$commitTransaction$1(MVCCDataStructure.java:297)
	at java.base/java.util.concurrent.Executors$RunnableAdapter.call(Executors.java:515)
	at java.base/java.util.concurrent.FutureTask.run(FutureTask.java:264)
	at java.base/java.util.concurrent.ThreadPoolExecutor.runWorker(ThreadPoolExecutor.java:1128)
	at java.base/java.util.concurrent.ThreadPoolExecutor$Worker.run(ThreadPoolExecutor.java:628)
	... 1 more
java.util.concurrent.ExecutionException: jetbrains.exodus.ExodusException
	at java.base/java.util.concurrent.FutureTask.report(FutureTask.java:122)
	at java.base/java.util.concurrent.FutureTask.get(FutureTask.java:191)
	at jetbrains.exodus.newLogConcept.MVCC.MVCCDataStructure.commitTransaction(MVCCDataStructure.java:299)
	at site.ycsb.db.XodusClient.insert(XodusClient.java:60)
	at site.ycsb.DBWrapper.insert(DBWrapper.java:227)
	at site.ycsb.workloads.CoreWorkload.doInsert(CoreWorkload.java:621)
	at site.ycsb.ClientThread.run(ClientThread.java:135)
	at java.base/java.lang.Thread.run(Thread.java:829)
Caused by: jetbrains.exodus.ExodusException
	at jetbrains.exodus.newLogConcept.garbageCollector.OperationLogGarbageCollector.moveAndRemoveRecordsFromLog(OperationLogGarbageCollector.java:69)
	at jetbrains.exodus.newLogConcept.garbageCollector.OperationLogGarbageCollector.clean(OperationLogGarbageCollector.java:51)
	at jetbrains.exodus.newLogConcept.MVCC.MVCCDataStructure.lambda$commitTransaction$1(MVCCDataStructure.java:297)
	at java.base/java.util.concurrent.Executors$RunnableAdapter.call(Executors.java:515)
	at java.base/java.util.concurrent.FutureTask.run(FutureTask.java:264)
	at java.base/java.util.concurrent.ThreadPoolExecutor.runWorker(ThreadPoolExecutor.java:1128)
	at java.base/java.util.concurrent.ThreadPoolExecutor$Worker.run(ThreadPoolExecutor.java:628)
	... 1 more
java.util.concurrent.ExecutionException: jetbrains.exodus.ExodusException
	at java.base/java.util.concurrent.FutureTask.report(FutureTask.java:122)
	at java.base/java.util.concurrent.FutureTask.get(FutureTask.java:191)
	at jetbrains.exodus.newLogConcept.MVCC.MVCCDataStructure.commitTransaction(MVCCDataStructure.java:299)
	at site.ycsb.db.XodusClient.insert(XodusClient.java:60)
	at site.ycsb.DBWrapper.insert(DBWrapper.java:227)
	at site.ycsb.workloads.CoreWorkload.doInsert(CoreWorkload.java:621)
	at site.ycsb.ClientThread.run(ClientThread.java:135)
	at java.base/java.lang.Thread.run(Thread.java:829)
Caused by: jetbrains.exodus.ExodusException
	at jetbrains.exodus.newLogConcept.garbageCollector.OperationLogGarbageCollector.moveAndRemoveRecordsFromLog(OperationLogGarbageCollector.java:69)
	at jetbrains.exodus.newLogConcept.garbageCollector.OperationLogGarbageCollector.clean(OperationLogGarbageCollector.java:51)
	at jetbrains.exodus.newLogConcept.MVCC.MVCCDataStructure.lambda$commitTransaction$1(MVCCDataStructure.java:297)
	at java.base/java.util.concurrent.Executors$RunnableAdapter.call(Executors.java:515)
	at java.base/java.util.concurrent.FutureTask.run(FutureTask.java:264)
	at java.base/java.util.concurrent.ThreadPoolExecutor.runWorker(ThreadPoolExecutor.java:1128)
	at java.base/java.util.concurrent.ThreadPoolExecutor$Worker.run(ThreadPoolExecutor.java:628)
	... 1 more
java.util.concurrent.ExecutionException: jetbrains.exodus.ExodusException
	at java.base/java.util.concurrent.FutureTask.report(FutureTask.java:122)
	at java.base/java.util.concurrent.FutureTask.get(FutureTask.java:191)
	at jetbrains.exodus.newLogConcept.MVCC.MVCCDataStructure.commitTransaction(MVCCDataStructure.java:299)
	at site.ycsb.db.XodusClient.insert(XodusClient.java:60)
	at site.ycsb.DBWrapper.insert(DBWrapper.java:227)
	at site.ycsb.workloads.CoreWorkload.doInsert(CoreWorkload.java:621)
	at site.ycsb.ClientThread.run(ClientThread.java:135)
	at java.base/java.lang.Thread.run(Thread.java:829)
Caused by: jetbrains.exodus.ExodusException
	at jetbrains.exodus.newLogConcept.garbageCollector.OperationLogGarbageCollector.moveAndRemoveRecordsFromLog(OperationLogGarbageCollector.java:69)
	at jetbrains.exodus.newLogConcept.garbageCollector.OperationLogGarbageCollector.clean(OperationLogGarbageCollector.java:51)
	at jetbrains.exodus.newLogConcept.MVCC.MVCCDataStructure.lambda$commitTransaction$1(MVCCDataStructure.java:297)
	at java.base/java.util.concurrent.Executors$RunnableAdapter.call(Executors.java:515)
	at java.base/java.util.concurrent.FutureTask.run(FutureTask.java:264)
	at java.base/java.util.concurrent.ThreadPoolExecutor.runWorker(ThreadPoolExecutor.java:1128)
	at java.base/java.util.concurrent.ThreadPoolExecutor$Worker.run(ThreadPoolExecutor.java:628)
	... 1 more
java.util.concurrent.ExecutionException: jetbrains.exodus.ExodusException
	at java.base/java.util.concurrent.FutureTask.report(FutureTask.java:122)
	at java.base/java.util.concurrent.FutureTask.get(FutureTask.java:191)
	at jetbrains.exodus.newLogConcept.MVCC.MVCCDataStructure.commitTransaction(MVCCDataStructure.java:299)
	at site.ycsb.db.XodusClient.insert(XodusClient.java:60)
	at site.ycsb.DBWrapper.insert(DBWrapper.java:227)
	at site.ycsb.workloads.CoreWorkload.doInsert(CoreWorkload.java:621)
	at site.ycsb.ClientThread.run(ClientThread.java:135)
	at java.base/java.lang.Thread.run(Thread.java:829)
Caused by: jetbrains.exodus.ExodusException
	at jetbrains.exodus.newLogConcept.garbageCollector.OperationLogGarbageCollector.moveAndRemoveRecordsFromLog(OperationLogGarbageCollector.java:69)
	at jetbrains.exodus.newLogConcept.garbageCollector.OperationLogGarbageCollector.clean(OperationLogGarbageCollector.java:51)
	at jetbrains.exodus.newLogConcept.MVCC.MVCCDataStructure.lambda$commitTransaction$1(MVCCDataStructure.java:297)
	at java.base/java.util.concurrent.Executors$RunnableAdapter.call(Executors.java:515)
	at java.base/java.util.concurrent.FutureTask.run(FutureTask.java:264)
	at java.base/java.util.concurrent.ThreadPoolExecutor.runWorker(ThreadPoolExecutor.java:1128)
	at java.base/java.util.concurrent.ThreadPoolExecutor$Worker.run(ThreadPoolExecutor.java:628)
	... 1 more
java.util.concurrent.ExecutionException: jetbrains.exodus.ExodusException
	at java.base/java.util.concurrent.FutureTask.report(FutureTask.java:122)
	at java.base/java.util.concurrent.FutureTask.get(FutureTask.java:191)
	at jetbrains.exodus.newLogConcept.MVCC.MVCCDataStructure.commitTransaction(MVCCDataStructure.java:299)
	at site.ycsb.db.XodusClient.insert(XodusClient.java:60)
	at site.ycsb.DBWrapper.insert(DBWrapper.java:227)
	at site.ycsb.workloads.CoreWorkload.doInsert(CoreWorkload.java:621)
	at site.ycsb.ClientThread.run(ClientThread.java:135)
	at java.base/java.lang.Thread.run(Thread.java:829)
Caused by: jetbrains.exodus.ExodusException
	at jetbrains.exodus.newLogConcept.garbageCollector.OperationLogGarbageCollector.moveAndRemoveRecordsFromLog(OperationLogGarbageCollector.java:69)
	at jetbrains.exodus.newLogConcept.garbageCollector.OperationLogGarbageCollector.clean(OperationLogGarbageCollector.java:51)
	at jetbrains.exodus.newLogConcept.MVCC.MVCCDataStructure.lambda$commitTransaction$1(MVCCDataStructure.java:297)
	at java.base/java.util.concurrent.Executors$RunnableAdapter.call(Executors.java:515)
	at java.base/java.util.concurrent.FutureTask.run(FutureTask.java:264)
	at java.base/java.util.concurrent.ThreadPoolExecutor.runWorker(ThreadPoolExecutor.java:1128)
	at java.base/java.util.concurrent.ThreadPoolExecutor$Worker.run(ThreadPoolExecutor.java:628)
	... 1 more
java.util.concurrent.ExecutionException: jetbrains.exodus.ExodusException
	at java.base/java.util.concurrent.FutureTask.report(FutureTask.java:122)
	at java.base/java.util.concurrent.FutureTask.get(FutureTask.java:191)
	at jetbrains.exodus.newLogConcept.MVCC.MVCCDataStructure.commitTransaction(MVCCDataStructure.java:299)
	at site.ycsb.db.XodusClient.insert(XodusClient.java:60)
	at site.ycsb.DBWrapper.insert(DBWrapper.java:227)
	at site.ycsb.workloads.CoreWorkload.doInsert(CoreWorkload.java:621)
	at site.ycsb.ClientThread.run(ClientThread.java:135)
	at java.base/java.lang.Thread.run(Thread.java:829)
Caused by: jetbrains.exodus.ExodusException
	at jetbrains.exodus.newLogConcept.garbageCollector.OperationLogGarbageCollector.moveAndRemoveRecordsFromLog(OperationLogGarbageCollector.java:69)
	at jetbrains.exodus.newLogConcept.garbageCollector.OperationLogGarbageCollector.clean(OperationLogGarbageCollector.java:51)
	at jetbrains.exodus.newLogConcept.MVCC.MVCCDataStructure.lambda$commitTransaction$1(MVCCDataStructure.java:297)
	at java.base/java.util.concurrent.Executors$RunnableAdapter.call(Executors.java:515)
	at java.base/java.util.concurrent.FutureTask.run(FutureTask.java:264)
	at java.base/java.util.concurrent.ThreadPoolExecutor.runWorker(ThreadPoolExecutor.java:1128)
	at java.base/java.util.concurrent.ThreadPoolExecutor$Worker.run(ThreadPoolExecutor.java:628)
	... 1 more
java.util.concurrent.ExecutionException: jetbrains.exodus.ExodusException
	at java.base/java.util.concurrent.FutureTask.report(FutureTask.java:122)
	at java.base/java.util.concurrent.FutureTask.get(FutureTask.java:191)
	at jetbrains.exodus.newLogConcept.MVCC.MVCCDataStructure.commitTransaction(MVCCDataStructure.java:299)
	at site.ycsb.db.XodusClient.insert(XodusClient.java:60)
	at site.ycsb.DBWrapper.insert(DBWrapper.java:227)
	at site.ycsb.workloads.CoreWorkload.doInsert(CoreWorkload.java:621)
	at site.ycsb.ClientThread.run(ClientThread.java:135)
	at java.base/java.lang.Thread.run(Thread.java:829)
Caused by: jetbrains.exodus.ExodusException
	at jetbrains.exodus.newLogConcept.garbageCollector.OperationLogGarbageCollector.moveAndRemoveRecordsFromLog(OperationLogGarbageCollector.java:69)
	at jetbrains.exodus.newLogConcept.garbageCollector.OperationLogGarbageCollector.clean(OperationLogGarbageCollector.java:51)
	at jetbrains.exodus.newLogConcept.MVCC.MVCCDataStructure.lambda$commitTransaction$1(MVCCDataStructure.java:297)
	at java.base/java.util.concurrent.Executors$RunnableAdapter.call(Executors.java:515)
	at java.base/java.util.concurrent.FutureTask.run(FutureTask.java:264)
	at java.base/java.util.concurrent.ThreadPoolExecutor.runWorker(ThreadPoolExecutor.java:1128)
	at java.base/java.util.concurrent.ThreadPoolExecutor$Worker.run(ThreadPoolExecutor.java:628)
	... 1 more
java.util.concurrent.ExecutionException: jetbrains.exodus.ExodusException
	at java.base/java.util.concurrent.FutureTask.report(FutureTask.java:122)
	at java.base/java.util.concurrent.FutureTask.get(FutureTask.java:191)
	at jetbrains.exodus.newLogConcept.MVCC.MVCCDataStructure.commitTransaction(MVCCDataStructure.java:299)
	at site.ycsb.db.XodusClient.insert(XodusClient.java:60)
	at site.ycsb.DBWrapper.insert(DBWrapper.java:227)
	at site.ycsb.workloads.CoreWorkload.doInsert(CoreWorkload.java:621)
	at site.ycsb.ClientThread.run(ClientThread.java:135)
	at java.base/java.lang.Thread.run(Thread.java:829)
Caused by: jetbrains.exodus.ExodusException
	at jetbrains.exodus.newLogConcept.garbageCollector.OperationLogGarbageCollector.moveAndRemoveRecordsFromLog(OperationLogGarbageCollector.java:69)
	at jetbrains.exodus.newLogConcept.garbageCollector.OperationLogGarbageCollector.clean(OperationLogGarbageCollector.java:51)
	at jetbrains.exodus.newLogConcept.MVCC.MVCCDataStructure.lambda$commitTransaction$1(MVCCDataStructure.java:297)
	at java.base/java.util.concurrent.Executors$RunnableAdapter.call(Executors.java:515)
	at java.base/java.util.concurrent.FutureTask.run(FutureTask.java:264)
	at java.base/java.util.concurrent.ThreadPoolExecutor.runWorker(ThreadPoolExecutor.java:1128)
	at java.base/java.util.concurrent.ThreadPoolExecutor$Worker.run(ThreadPoolExecutor.java:628)
	... 1 more
java.util.concurrent.ExecutionException: jetbrains.exodus.ExodusException
	at java.base/java.util.concurrent.FutureTask.report(FutureTask.java:122)
	at java.base/java.util.concurrent.FutureTask.get(FutureTask.java:191)
	at jetbrains.exodus.newLogConcept.MVCC.MVCCDataStructure.commitTransaction(MVCCDataStructure.java:299)
	at site.ycsb.db.XodusClient.insert(XodusClient.java:60)
	at site.ycsb.DBWrapper.insert(DBWrapper.java:227)
	at site.ycsb.workloads.CoreWorkload.doInsert(CoreWorkload.java:621)
	at site.ycsb.ClientThread.run(ClientThread.java:135)
	at java.base/java.lang.Thread.run(Thread.java:829)
Caused by: jetbrains.exodus.ExodusException
	at jetbrains.exodus.newLogConcept.garbageCollector.OperationLogGarbageCollector.moveAndRemoveRecordsFromLog(OperationLogGarbageCollector.java:69)
	at jetbrains.exodus.newLogConcept.garbageCollector.OperationLogGarbageCollector.clean(OperationLogGarbageCollector.java:51)
	at jetbrains.exodus.newLogConcept.MVCC.MVCCDataStructure.lambda$commitTransaction$1(MVCCDataStructure.java:297)
	at java.base/java.util.concurrent.Executors$RunnableAdapter.call(Executors.java:515)
	at java.base/java.util.concurrent.FutureTask.run(FutureTask.java:264)
	at java.base/java.util.concurrent.ThreadPoolExecutor.runWorker(ThreadPoolExecutor.java:1128)
	at java.base/java.util.concurrent.ThreadPoolExecutor$Worker.run(ThreadPoolExecutor.java:628)
	... 1 more
java.util.concurrent.ExecutionException: jetbrains.exodus.ExodusException
	at java.base/java.util.concurrent.FutureTask.report(FutureTask.java:122)
	at java.base/java.util.concurrent.FutureTask.get(FutureTask.java:191)
	at jetbrains.exodus.newLogConcept.MVCC.MVCCDataStructure.commitTransaction(MVCCDataStructure.java:299)
	at site.ycsb.db.XodusClient.insert(XodusClient.java:60)
	at site.ycsb.DBWrapper.insert(DBWrapper.java:227)
	at site.ycsb.workloads.CoreWorkload.doInsert(CoreWorkload.java:621)
	at site.ycsb.ClientThread.run(ClientThread.java:135)
	at java.base/java.lang.Thread.run(Thread.java:829)
Caused by: jetbrains.exodus.ExodusException
	at jetbrains.exodus.newLogConcept.garbageCollector.OperationLogGarbageCollector.moveAndRemoveRecordsFromLog(OperationLogGarbageCollector.java:69)
	at jetbrains.exodus.newLogConcept.garbageCollector.OperationLogGarbageCollector.clean(OperationLogGarbageCollector.java:51)
	at jetbrains.exodus.newLogConcept.MVCC.MVCCDataStructure.lambda$commitTransaction$1(MVCCDataStructure.java:297)
	at java.base/java.util.concurrent.Executors$RunnableAdapter.call(Executors.java:515)
	at java.base/java.util.concurrent.FutureTask.run(FutureTask.java:264)
	at java.base/java.util.concurrent.ThreadPoolExecutor.runWorker(ThreadPoolExecutor.java:1128)
	at java.base/java.util.concurrent.ThreadPoolExecutor$Worker.run(ThreadPoolExecutor.java:628)
	... 1 more
java.util.concurrent.ExecutionException: jetbrains.exodus.ExodusException
	at java.base/java.util.concurrent.FutureTask.report(FutureTask.java:122)
	at java.base/java.util.concurrent.FutureTask.get(FutureTask.java:191)
	at jetbrains.exodus.newLogConcept.MVCC.MVCCDataStructure.commitTransaction(MVCCDataStructure.java:299)
	at site.ycsb.db.XodusClient.insert(XodusClient.java:60)
	at site.ycsb.DBWrapper.insert(DBWrapper.java:227)
	at site.ycsb.workloads.CoreWorkload.doInsert(CoreWorkload.java:621)
	at site.ycsb.ClientThread.run(ClientThread.java:135)
	at java.base/java.lang.Thread.run(Thread.java:829)
Caused by: jetbrains.exodus.ExodusException
	at jetbrains.exodus.newLogConcept.garbageCollector.OperationLogGarbageCollector.moveAndRemoveRecordsFromLog(OperationLogGarbageCollector.java:69)
	at jetbrains.exodus.newLogConcept.garbageCollector.OperationLogGarbageCollector.clean(OperationLogGarbageCollector.java:51)
	at jetbrains.exodus.newLogConcept.MVCC.MVCCDataStructure.lambda$commitTransaction$1(MVCCDataStructure.java:297)
	at java.base/java.util.concurrent.Executors$RunnableAdapter.call(Executors.java:515)
	at java.base/java.util.concurrent.FutureTask.run(FutureTask.java:264)
	at java.base/java.util.concurrent.ThreadPoolExecutor.runWorker(ThreadPoolExecutor.java:1128)
	at java.base/java.util.concurrent.ThreadPoolExecutor$Worker.run(ThreadPoolExecutor.java:628)
	... 1 more
java.util.concurrent.ExecutionException: jetbrains.exodus.ExodusException
	at java.base/java.util.concurrent.FutureTask.report(FutureTask.java:122)
	at java.base/java.util.concurrent.FutureTask.get(FutureTask.java:191)
	at jetbrains.exodus.newLogConcept.MVCC.MVCCDataStructure.commitTransaction(MVCCDataStructure.java:299)
	at site.ycsb.db.XodusClient.insert(XodusClient.java:60)
	at site.ycsb.DBWrapper.insert(DBWrapper.java:227)
	at site.ycsb.workloads.CoreWorkload.doInsert(CoreWorkload.java:621)
	at site.ycsb.ClientThread.run(ClientThread.java:135)
	at java.base/java.lang.Thread.run(Thread.java:829)
Caused by: jetbrains.exodus.ExodusException
	at jetbrains.exodus.newLogConcept.garbageCollector.OperationLogGarbageCollector.moveAndRemoveRecordsFromLog(OperationLogGarbageCollector.java:69)
	at jetbrains.exodus.newLogConcept.garbageCollector.OperationLogGarbageCollector.clean(OperationLogGarbageCollector.java:51)
	at jetbrains.exodus.newLogConcept.MVCC.MVCCDataStructure.lambda$commitTransaction$1(MVCCDataStructure.java:297)
	at java.base/java.util.concurrent.Executors$RunnableAdapter.call(Executors.java:515)
	at java.base/java.util.concurrent.FutureTask.run(FutureTask.java:264)
	at java.base/java.util.concurrent.ThreadPoolExecutor.runWorker(ThreadPoolExecutor.java:1128)
	at java.base/java.util.concurrent.ThreadPoolExecutor$Worker.run(ThreadPoolExecutor.java:628)
	... 1 more
java.util.concurrent.ExecutionException: jetbrains.exodus.ExodusException
	at java.base/java.util.concurrent.FutureTask.report(FutureTask.java:122)
	at java.base/java.util.concurrent.FutureTask.get(FutureTask.java:191)
	at jetbrains.exodus.newLogConcept.MVCC.MVCCDataStructure.commitTransaction(MVCCDataStructure.java:299)
	at site.ycsb.db.XodusClient.insert(XodusClient.java:60)
	at site.ycsb.DBWrapper.insert(DBWrapper.java:227)
	at site.ycsb.workloads.CoreWorkload.doInsert(CoreWorkload.java:621)
	at site.ycsb.ClientThread.run(ClientThread.java:135)
	at java.base/java.lang.Thread.run(Thread.java:829)
Caused by: jetbrains.exodus.ExodusException
	at jetbrains.exodus.newLogConcept.garbageCollector.OperationLogGarbageCollector.moveAndRemoveRecordsFromLog(OperationLogGarbageCollector.java:69)
	at jetbrains.exodus.newLogConcept.garbageCollector.OperationLogGarbageCollector.clean(OperationLogGarbageCollector.java:51)
	at jetbrains.exodus.newLogConcept.MVCC.MVCCDataStructure.lambda$commitTransaction$1(MVCCDataStructure.java:297)
	at java.base/java.util.concurrent.Executors$RunnableAdapter.call(Executors.java:515)
	at java.base/java.util.concurrent.FutureTask.run(FutureTask.java:264)
	at java.base/java.util.concurrent.ThreadPoolExecutor.runWorker(ThreadPoolExecutor.java:1128)
	at java.base/java.util.concurrent.ThreadPoolExecutor$Worker.run(ThreadPoolExecutor.java:628)
	... 1 more
java.util.concurrent.ExecutionException: jetbrains.exodus.ExodusException
	at java.base/java.util.concurrent.FutureTask.report(FutureTask.java:122)
	at java.base/java.util.concurrent.FutureTask.get(FutureTask.java:191)
	at jetbrains.exodus.newLogConcept.MVCC.MVCCDataStructure.commitTransaction(MVCCDataStructure.java:299)
	at site.ycsb.db.XodusClient.insert(XodusClient.java:60)
	at site.ycsb.DBWrapper.insert(DBWrapper.java:227)
	at site.ycsb.workloads.CoreWorkload.doInsert(CoreWorkload.java:621)
	at site.ycsb.ClientThread.run(ClientThread.java:135)
	at java.base/java.lang.Thread.run(Thread.java:829)
Caused by: jetbrains.exodus.ExodusException
	at jetbrains.exodus.newLogConcept.garbageCollector.OperationLogGarbageCollector.moveAndRemoveRecordsFromLog(OperationLogGarbageCollector.java:69)
	at jetbrains.exodus.newLogConcept.garbageCollector.OperationLogGarbageCollector.clean(OperationLogGarbageCollector.java:51)
	at jetbrains.exodus.newLogConcept.MVCC.MVCCDataStructure.lambda$commitTransaction$1(MVCCDataStructure.java:297)
	at java.base/java.util.concurrent.Executors$RunnableAdapter.call(Executors.java:515)
	at java.base/java.util.concurrent.FutureTask.run(FutureTask.java:264)
	at java.base/java.util.concurrent.ThreadPoolExecutor.runWorker(ThreadPoolExecutor.java:1128)
	at java.base/java.util.concurrent.ThreadPoolExecutor$Worker.run(ThreadPoolExecutor.java:628)
	... 1 more
java.util.concurrent.ExecutionException: jetbrains.exodus.ExodusException
	at java.base/java.util.concurrent.FutureTask.report(FutureTask.java:122)
	at java.base/java.util.concurrent.FutureTask.get(FutureTask.java:191)
	at jetbrains.exodus.newLogConcept.MVCC.MVCCDataStructure.commitTransaction(MVCCDataStructure.java:299)
	at site.ycsb.db.XodusClient.insert(XodusClient.java:60)
	at site.ycsb.DBWrapper.insert(DBWrapper.java:227)
	at site.ycsb.workloads.CoreWorkload.doInsert(CoreWorkload.java:621)
	at site.ycsb.ClientThread.run(ClientThread.java:135)
	at java.base/java.lang.Thread.run(Thread.java:829)
Caused by: jetbrains.exodus.ExodusException
	at jetbrains.exodus.newLogConcept.garbageCollector.OperationLogGarbageCollector.moveAndRemoveRecordsFromLog(OperationLogGarbageCollector.java:69)
	at jetbrains.exodus.newLogConcept.garbageCollector.OperationLogGarbageCollector.clean(OperationLogGarbageCollector.java:51)
	at jetbrains.exodus.newLogConcept.MVCC.MVCCDataStructure.lambda$commitTransaction$1(MVCCDataStructure.java:297)
	at java.base/java.util.concurrent.Executors$RunnableAdapter.call(Executors.java:515)
	at java.base/java.util.concurrent.FutureTask.run(FutureTask.java:264)
	at java.base/java.util.concurrent.ThreadPoolExecutor.runWorker(ThreadPoolExecutor.java:1128)
	at java.base/java.util.concurrent.ThreadPoolExecutor$Worker.run(ThreadPoolExecutor.java:628)
	... 1 more
java.util.concurrent.ExecutionException: jetbrains.exodus.ExodusException
	at java.base/java.util.concurrent.FutureTask.report(FutureTask.java:122)
	at java.base/java.util.concurrent.FutureTask.get(FutureTask.java:191)
	at jetbrains.exodus.newLogConcept.MVCC.MVCCDataStructure.commitTransaction(MVCCDataStructure.java:299)
	at site.ycsb.db.XodusClient.insert(XodusClient.java:60)
	at site.ycsb.DBWrapper.insert(DBWrapper.java:227)
	at site.ycsb.workloads.CoreWorkload.doInsert(CoreWorkload.java:621)
	at site.ycsb.ClientThread.run(ClientThread.java:135)
	at java.base/java.lang.Thread.run(Thread.java:829)
Caused by: jetbrains.exodus.ExodusException
	at jetbrains.exodus.newLogConcept.garbageCollector.OperationLogGarbageCollector.moveAndRemoveRecordsFromLog(OperationLogGarbageCollector.java:69)
	at jetbrains.exodus.newLogConcept.garbageCollector.OperationLogGarbageCollector.clean(OperationLogGarbageCollector.java:51)
	at jetbrains.exodus.newLogConcept.MVCC.MVCCDataStructure.lambda$commitTransaction$1(MVCCDataStructure.java:297)
	at java.base/java.util.concurrent.Executors$RunnableAdapter.call(Executors.java:515)
	at java.base/java.util.concurrent.FutureTask.run(FutureTask.java:264)
	at java.base/java.util.concurrent.ThreadPoolExecutor.runWorker(ThreadPoolExecutor.java:1128)
	at java.base/java.util.concurrent.ThreadPoolExecutor$Worker.run(ThreadPoolExecutor.java:628)
	... 1 more
java.util.concurrent.ExecutionException: jetbrains.exodus.ExodusException
	at java.base/java.util.concurrent.FutureTask.report(FutureTask.java:122)
	at java.base/java.util.concurrent.FutureTask.get(FutureTask.java:191)
	at jetbrains.exodus.newLogConcept.MVCC.MVCCDataStructure.commitTransaction(MVCCDataStructure.java:299)
	at site.ycsb.db.XodusClient.insert(XodusClient.java:60)
	at site.ycsb.DBWrapper.insert(DBWrapper.java:227)
	at site.ycsb.workloads.CoreWorkload.doInsert(CoreWorkload.java:621)
	at site.ycsb.ClientThread.run(ClientThread.java:135)
	at java.base/java.lang.Thread.run(Thread.java:829)
Caused by: jetbrains.exodus.ExodusException
	at jetbrains.exodus.newLogConcept.garbageCollector.OperationLogGarbageCollector.moveAndRemoveRecordsFromLog(OperationLogGarbageCollector.java:69)
	at jetbrains.exodus.newLogConcept.garbageCollector.OperationLogGarbageCollector.clean(OperationLogGarbageCollector.java:51)
	at jetbrains.exodus.newLogConcept.MVCC.MVCCDataStructure.lambda$commitTransaction$1(MVCCDataStructure.java:297)
	at java.base/java.util.concurrent.Executors$RunnableAdapter.call(Executors.java:515)
	at java.base/java.util.concurrent.FutureTask.run(FutureTask.java:264)
	at java.base/java.util.concurrent.ThreadPoolExecutor.runWorker(ThreadPoolExecutor.java:1128)
	at java.base/java.util.concurrent.ThreadPoolExecutor$Worker.run(ThreadPoolExecutor.java:628)
	... 1 more
java.util.concurrent.ExecutionException: jetbrains.exodus.ExodusException
	at java.base/java.util.concurrent.FutureTask.report(FutureTask.java:122)
	at java.base/java.util.concurrent.FutureTask.get(FutureTask.java:191)
	at jetbrains.exodus.newLogConcept.MVCC.MVCCDataStructure.commitTransaction(MVCCDataStructure.java:299)
	at site.ycsb.db.XodusClient.insert(XodusClient.java:60)
	at site.ycsb.DBWrapper.insert(DBWrapper.java:227)
	at site.ycsb.workloads.CoreWorkload.doInsert(CoreWorkload.java:621)
	at site.ycsb.ClientThread.run(ClientThread.java:135)
	at java.base/java.lang.Thread.run(Thread.java:829)
Caused by: jetbrains.exodus.ExodusException
	at jetbrains.exodus.newLogConcept.garbageCollector.OperationLogGarbageCollector.moveAndRemoveRecordsFromLog(OperationLogGarbageCollector.java:69)
	at jetbrains.exodus.newLogConcept.garbageCollector.OperationLogGarbageCollector.clean(OperationLogGarbageCollector.java:51)
	at jetbrains.exodus.newLogConcept.MVCC.MVCCDataStructure.lambda$commitTransaction$1(MVCCDataStructure.java:297)
	at java.base/java.util.concurrent.Executors$RunnableAdapter.call(Executors.java:515)
	at java.base/java.util.concurrent.FutureTask.run(FutureTask.java:264)
	at java.base/java.util.concurrent.ThreadPoolExecutor.runWorker(ThreadPoolExecutor.java:1128)
	at java.base/java.util.concurrent.ThreadPoolExecutor$Worker.run(ThreadPoolExecutor.java:628)
	... 1 more
java.util.concurrent.ExecutionException: jetbrains.exodus.ExodusException
	at java.base/java.util.concurrent.FutureTask.report(FutureTask.java:122)
	at java.base/java.util.concurrent.FutureTask.get(FutureTask.java:191)
	at jetbrains.exodus.newLogConcept.MVCC.MVCCDataStructure.commitTransaction(MVCCDataStructure.java:299)
	at site.ycsb.db.XodusClient.insert(XodusClient.java:60)
	at site.ycsb.DBWrapper.insert(DBWrapper.java:227)
	at site.ycsb.workloads.CoreWorkload.doInsert(CoreWorkload.java:621)
	at site.ycsb.ClientThread.run(ClientThread.java:135)
	at java.base/java.lang.Thread.run(Thread.java:829)
Caused by: jetbrains.exodus.ExodusException
	at jetbrains.exodus.newLogConcept.garbageCollector.OperationLogGarbageCollector.moveAndRemoveRecordsFromLog(OperationLogGarbageCollector.java:69)
	at jetbrains.exodus.newLogConcept.garbageCollector.OperationLogGarbageCollector.clean(OperationLogGarbageCollector.java:51)
	at jetbrains.exodus.newLogConcept.MVCC.MVCCDataStructure.lambda$commitTransaction$1(MVCCDataStructure.java:297)
	at java.base/java.util.concurrent.Executors$RunnableAdapter.call(Executors.java:515)
	at java.base/java.util.concurrent.FutureTask.run(FutureTask.java:264)
	at java.base/java.util.concurrent.ThreadPoolExecutor.runWorker(ThreadPoolExecutor.java:1128)
	at java.base/java.util.concurrent.ThreadPoolExecutor$Worker.run(ThreadPoolExecutor.java:628)
	... 1 more
java.util.concurrent.ExecutionException: jetbrains.exodus.ExodusException
	at java.base/java.util.concurrent.FutureTask.report(FutureTask.java:122)
	at java.base/java.util.concurrent.FutureTask.get(FutureTask.java:191)
	at jetbrains.exodus.newLogConcept.MVCC.MVCCDataStructure.commitTransaction(MVCCDataStructure.java:299)
	at site.ycsb.db.XodusClient.insert(XodusClient.java:60)
	at site.ycsb.DBWrapper.insert(DBWrapper.java:227)
	at site.ycsb.workloads.CoreWorkload.doInsert(CoreWorkload.java:621)
	at site.ycsb.ClientThread.run(ClientThread.java:135)
	at java.base/java.lang.Thread.run(Thread.java:829)
Caused by: jetbrains.exodus.ExodusException
	at jetbrains.exodus.newLogConcept.garbageCollector.OperationLogGarbageCollector.moveAndRemoveRecordsFromLog(OperationLogGarbageCollector.java:69)
	at jetbrains.exodus.newLogConcept.garbageCollector.OperationLogGarbageCollector.clean(OperationLogGarbageCollector.java:51)
	at jetbrains.exodus.newLogConcept.MVCC.MVCCDataStructure.lambda$commitTransaction$1(MVCCDataStructure.java:297)
	at java.base/java.util.concurrent.Executors$RunnableAdapter.call(Executors.java:515)
	at java.base/java.util.concurrent.FutureTask.run(FutureTask.java:264)
	at java.base/java.util.concurrent.ThreadPoolExecutor.runWorker(ThreadPoolExecutor.java:1128)
	at java.base/java.util.concurrent.ThreadPoolExecutor$Worker.run(ThreadPoolExecutor.java:628)
	... 1 more
java.util.concurrent.ExecutionException: jetbrains.exodus.ExodusException
	at java.base/java.util.concurrent.FutureTask.report(FutureTask.java:122)
	at java.base/java.util.concurrent.FutureTask.get(FutureTask.java:191)
	at jetbrains.exodus.newLogConcept.MVCC.MVCCDataStructure.commitTransaction(MVCCDataStructure.java:299)
	at site.ycsb.db.XodusClient.insert(XodusClient.java:60)
	at site.ycsb.DBWrapper.insert(DBWrapper.java:227)
	at site.ycsb.workloads.CoreWorkload.doInsert(CoreWorkload.java:621)
	at site.ycsb.ClientThread.run(ClientThread.java:135)
	at java.base/java.lang.Thread.run(Thread.java:829)
Caused by: jetbrains.exodus.ExodusException
	at jetbrains.exodus.newLogConcept.garbageCollector.OperationLogGarbageCollector.moveAndRemoveRecordsFromLog(OperationLogGarbageCollector.java:69)
	at jetbrains.exodus.newLogConcept.garbageCollector.OperationLogGarbageCollector.clean(OperationLogGarbageCollector.java:51)
	at jetbrains.exodus.newLogConcept.MVCC.MVCCDataStructure.lambda$commitTransaction$1(MVCCDataStructure.java:297)
	at java.base/java.util.concurrent.Executors$RunnableAdapter.call(Executors.java:515)
	at java.base/java.util.concurrent.FutureTask.run(FutureTask.java:264)
	at java.base/java.util.concurrent.ThreadPoolExecutor.runWorker(ThreadPoolExecutor.java:1128)
	at java.base/java.util.concurrent.ThreadPoolExecutor$Worker.run(ThreadPoolExecutor.java:628)
	... 1 more
java.util.concurrent.ExecutionException: jetbrains.exodus.ExodusException
	at java.base/java.util.concurrent.FutureTask.report(FutureTask.java:122)
	at java.base/java.util.concurrent.FutureTask.get(FutureTask.java:191)
	at jetbrains.exodus.newLogConcept.MVCC.MVCCDataStructure.commitTransaction(MVCCDataStructure.java:299)
	at site.ycsb.db.XodusClient.insert(XodusClient.java:60)
	at site.ycsb.DBWrapper.insert(DBWrapper.java:227)
	at site.ycsb.workloads.CoreWorkload.doInsert(CoreWorkload.java:621)
	at site.ycsb.ClientThread.run(ClientThread.java:135)
	at java.base/java.lang.Thread.run(Thread.java:829)
Caused by: jetbrains.exodus.ExodusException
	at jetbrains.exodus.newLogConcept.garbageCollector.OperationLogGarbageCollector.moveAndRemoveRecordsFromLog(OperationLogGarbageCollector.java:69)
	at jetbrains.exodus.newLogConcept.garbageCollector.OperationLogGarbageCollector.clean(OperationLogGarbageCollector.java:51)
	at jetbrains.exodus.newLogConcept.MVCC.MVCCDataStructure.lambda$commitTransaction$1(MVCCDataStructure.java:297)
	at java.base/java.util.concurrent.Executors$RunnableAdapter.call(Executors.java:515)
	at java.base/java.util.concurrent.FutureTask.run(FutureTask.java:264)
	at java.base/java.util.concurrent.ThreadPoolExecutor.runWorker(ThreadPoolExecutor.java:1128)
	at java.base/java.util.concurrent.ThreadPoolExecutor$Worker.run(ThreadPoolExecutor.java:628)
	... 1 more
java.util.concurrent.ExecutionException: jetbrains.exodus.ExodusException
	at java.base/java.util.concurrent.FutureTask.report(FutureTask.java:122)
	at java.base/java.util.concurrent.FutureTask.get(FutureTask.java:191)
	at jetbrains.exodus.newLogConcept.MVCC.MVCCDataStructure.commitTransaction(MVCCDataStructure.java:299)
	at site.ycsb.db.XodusClient.insert(XodusClient.java:60)
	at site.ycsb.DBWrapper.insert(DBWrapper.java:227)
	at site.ycsb.workloads.CoreWorkload.doInsert(CoreWorkload.java:621)
	at site.ycsb.ClientThread.run(ClientThread.java:135)
	at java.base/java.lang.Thread.run(Thread.java:829)
Caused by: jetbrains.exodus.ExodusException
	at jetbrains.exodus.newLogConcept.garbageCollector.OperationLogGarbageCollector.moveAndRemoveRecordsFromLog(OperationLogGarbageCollector.java:69)
	at jetbrains.exodus.newLogConcept.garbageCollector.OperationLogGarbageCollector.clean(OperationLogGarbageCollector.java:51)
	at jetbrains.exodus.newLogConcept.MVCC.MVCCDataStructure.lambda$commitTransaction$1(MVCCDataStructure.java:297)
	at java.base/java.util.concurrent.Executors$RunnableAdapter.call(Executors.java:515)
	at java.base/java.util.concurrent.FutureTask.run(FutureTask.java:264)
	at java.base/java.util.concurrent.ThreadPoolExecutor.runWorker(ThreadPoolExecutor.java:1128)
	at java.base/java.util.concurrent.ThreadPoolExecutor$Worker.run(ThreadPoolExecutor.java:628)
	... 1 more
java.util.concurrent.ExecutionException: jetbrains.exodus.ExodusException
	at java.base/java.util.concurrent.FutureTask.report(FutureTask.java:122)
	at java.base/java.util.concurrent.FutureTask.get(FutureTask.java:191)
	at jetbrains.exodus.newLogConcept.MVCC.MVCCDataStructure.commitTransaction(MVCCDataStructure.java:299)
	at site.ycsb.db.XodusClient.insert(XodusClient.java:60)
	at site.ycsb.DBWrapper.insert(DBWrapper.java:227)
	at site.ycsb.workloads.CoreWorkload.doInsert(CoreWorkload.java:621)
	at site.ycsb.ClientThread.run(ClientThread.java:135)
	at java.base/java.lang.Thread.run(Thread.java:829)
Caused by: jetbrains.exodus.ExodusException
	at jetbrains.exodus.newLogConcept.garbageCollector.OperationLogGarbageCollector.moveAndRemoveRecordsFromLog(OperationLogGarbageCollector.java:69)
	at jetbrains.exodus.newLogConcept.garbageCollector.OperationLogGarbageCollector.clean(OperationLogGarbageCollector.java:51)
	at jetbrains.exodus.newLogConcept.MVCC.MVCCDataStructure.lambda$commitTransaction$1(MVCCDataStructure.java:297)
	at java.base/java.util.concurrent.Executors$RunnableAdapter.call(Executors.java:515)
	at java.base/java.util.concurrent.FutureTask.run(FutureTask.java:264)
	at java.base/java.util.concurrent.ThreadPoolExecutor.runWorker(ThreadPoolExecutor.java:1128)
	at java.base/java.util.concurrent.ThreadPoolExecutor$Worker.run(ThreadPoolExecutor.java:628)
	... 1 more
java.util.concurrent.ExecutionException: jetbrains.exodus.ExodusException
	at java.base/java.util.concurrent.FutureTask.report(FutureTask.java:122)
	at java.base/java.util.concurrent.FutureTask.get(FutureTask.java:191)
	at jetbrains.exodus.newLogConcept.MVCC.MVCCDataStructure.commitTransaction(MVCCDataStructure.java:299)
	at site.ycsb.db.XodusClient.insert(XodusClient.java:60)
	at site.ycsb.DBWrapper.insert(DBWrapper.java:227)
	at site.ycsb.workloads.CoreWorkload.doInsert(CoreWorkload.java:621)
	at site.ycsb.ClientThread.run(ClientThread.java:135)
	at java.base/java.lang.Thread.run(Thread.java:829)
Caused by: jetbrains.exodus.ExodusException
	at jetbrains.exodus.newLogConcept.garbageCollector.OperationLogGarbageCollector.moveAndRemoveRecordsFromLog(OperationLogGarbageCollector.java:69)
	at jetbrains.exodus.newLogConcept.garbageCollector.OperationLogGarbageCollector.clean(OperationLogGarbageCollector.java:51)
	at jetbrains.exodus.newLogConcept.MVCC.MVCCDataStructure.lambda$commitTransaction$1(MVCCDataStructure.java:297)
	at java.base/java.util.concurrent.Executors$RunnableAdapter.call(Executors.java:515)
	at java.base/java.util.concurrent.FutureTask.run(FutureTask.java:264)
	at java.base/java.util.concurrent.ThreadPoolExecutor.runWorker(ThreadPoolExecutor.java:1128)
	at java.base/java.util.concurrent.ThreadPoolExecutor$Worker.run(ThreadPoolExecutor.java:628)
	... 1 more
java.util.concurrent.ExecutionException: jetbrains.exodus.ExodusException
	at java.base/java.util.concurrent.FutureTask.report(FutureTask.java:122)
	at java.base/java.util.concurrent.FutureTask.get(FutureTask.java:191)
	at jetbrains.exodus.newLogConcept.MVCC.MVCCDataStructure.commitTransaction(MVCCDataStructure.java:299)
	at site.ycsb.db.XodusClient.insert(XodusClient.java:60)
	at site.ycsb.DBWrapper.insert(DBWrapper.java:227)
	at site.ycsb.workloads.CoreWorkload.doInsert(CoreWorkload.java:621)
	at site.ycsb.ClientThread.run(ClientThread.java:135)
	at java.base/java.lang.Thread.run(Thread.java:829)
Caused by: jetbrains.exodus.ExodusException
	at jetbrains.exodus.newLogConcept.garbageCollector.OperationLogGarbageCollector.moveAndRemoveRecordsFromLog(OperationLogGarbageCollector.java:69)
	at jetbrains.exodus.newLogConcept.garbageCollector.OperationLogGarbageCollector.clean(OperationLogGarbageCollector.java:51)
	at jetbrains.exodus.newLogConcept.MVCC.MVCCDataStructure.lambda$commitTransaction$1(MVCCDataStructure.java:297)
	at java.base/java.util.concurrent.Executors$RunnableAdapter.call(Executors.java:515)
	at java.base/java.util.concurrent.FutureTask.run(FutureTask.java:264)
	at java.base/java.util.concurrent.ThreadPoolExecutor.runWorker(ThreadPoolExecutor.java:1128)
	at java.base/java.util.concurrent.ThreadPoolExecutor$Worker.run(ThreadPoolExecutor.java:628)
	... 1 more
java.util.concurrent.ExecutionException: jetbrains.exodus.ExodusException
	at java.base/java.util.concurrent.FutureTask.report(FutureTask.java:122)
	at java.base/java.util.concurrent.FutureTask.get(FutureTask.java:191)
	at jetbrains.exodus.newLogConcept.MVCC.MVCCDataStructure.commitTransaction(MVCCDataStructure.java:299)
	at site.ycsb.db.XodusClient.insert(XodusClient.java:60)
	at site.ycsb.DBWrapper.insert(DBWrapper.java:227)
	at site.ycsb.workloads.CoreWorkload.doInsert(CoreWorkload.java:621)
	at site.ycsb.ClientThread.run(ClientThread.java:135)
	at java.base/java.lang.Thread.run(Thread.java:829)
Caused by: jetbrains.exodus.ExodusException
	at jetbrains.exodus.newLogConcept.garbageCollector.OperationLogGarbageCollector.moveAndRemoveRecordsFromLog(OperationLogGarbageCollector.java:69)
	at jetbrains.exodus.newLogConcept.garbageCollector.OperationLogGarbageCollector.clean(OperationLogGarbageCollector.java:51)
	at jetbrains.exodus.newLogConcept.MVCC.MVCCDataStructure.lambda$commitTransaction$1(MVCCDataStructure.java:297)
	at java.base/java.util.concurrent.Executors$RunnableAdapter.call(Executors.java:515)
	at java.base/java.util.concurrent.FutureTask.run(FutureTask.java:264)
	at java.base/java.util.concurrent.ThreadPoolExecutor.runWorker(ThreadPoolExecutor.java:1128)
	at java.base/java.util.concurrent.ThreadPoolExecutor$Worker.run(ThreadPoolExecutor.java:628)
	... 1 more
java.util.concurrent.ExecutionException: jetbrains.exodus.ExodusException
	at java.base/java.util.concurrent.FutureTask.report(FutureTask.java:122)
	at java.base/java.util.concurrent.FutureTask.get(FutureTask.java:191)
	at jetbrains.exodus.newLogConcept.MVCC.MVCCDataStructure.commitTransaction(MVCCDataStructure.java:299)
	at site.ycsb.db.XodusClient.insert(XodusClient.java:60)
	at site.ycsb.DBWrapper.insert(DBWrapper.java:227)
	at site.ycsb.workloads.CoreWorkload.doInsert(CoreWorkload.java:621)
	at site.ycsb.ClientThread.run(ClientThread.java:135)
	at java.base/java.lang.Thread.run(Thread.java:829)
Caused by: jetbrains.exodus.ExodusException
	at jetbrains.exodus.newLogConcept.garbageCollector.OperationLogGarbageCollector.moveAndRemoveRecordsFromLog(OperationLogGarbageCollector.java:69)
	at jetbrains.exodus.newLogConcept.garbageCollector.OperationLogGarbageCollector.clean(OperationLogGarbageCollector.java:51)
	at jetbrains.exodus.newLogConcept.MVCC.MVCCDataStructure.lambda$commitTransaction$1(MVCCDataStructure.java:297)
	at java.base/java.util.concurrent.Executors$RunnableAdapter.call(Executors.java:515)
	at java.base/java.util.concurrent.FutureTask.run(FutureTask.java:264)
	at java.base/java.util.concurrent.ThreadPoolExecutor.runWorker(ThreadPoolExecutor.java:1128)
	at java.base/java.util.concurrent.ThreadPoolExecutor$Worker.run(ThreadPoolExecutor.java:628)
	... 1 more
java.util.concurrent.ExecutionException: jetbrains.exodus.ExodusException
	at java.base/java.util.concurrent.FutureTask.report(FutureTask.java:122)
	at java.base/java.util.concurrent.FutureTask.get(FutureTask.java:191)
	at jetbrains.exodus.newLogConcept.MVCC.MVCCDataStructure.commitTransaction(MVCCDataStructure.java:299)
	at site.ycsb.db.XodusClient.insert(XodusClient.java:60)
	at site.ycsb.DBWrapper.insert(DBWrapper.java:227)
	at site.ycsb.workloads.CoreWorkload.doInsert(CoreWorkload.java:621)
	at site.ycsb.ClientThread.run(ClientThread.java:135)
	at java.base/java.lang.Thread.run(Thread.java:829)
Caused by: jetbrains.exodus.ExodusException
	at jetbrains.exodus.newLogConcept.garbageCollector.OperationLogGarbageCollector.moveAndRemoveRecordsFromLog(OperationLogGarbageCollector.java:69)
	at jetbrains.exodus.newLogConcept.garbageCollector.OperationLogGarbageCollector.clean(OperationLogGarbageCollector.java:51)
	at jetbrains.exodus.newLogConcept.MVCC.MVCCDataStructure.lambda$commitTransaction$1(MVCCDataStructure.java:297)
	at java.base/java.util.concurrent.Executors$RunnableAdapter.call(Executors.java:515)
	at java.base/java.util.concurrent.FutureTask.run(FutureTask.java:264)
	at java.base/java.util.concurrent.ThreadPoolExecutor.runWorker(ThreadPoolExecutor.java:1128)
	at java.base/java.util.concurrent.ThreadPoolExecutor$Worker.run(ThreadPoolExecutor.java:628)
	... 1 more
java.util.concurrent.ExecutionException: jetbrains.exodus.ExodusException
	at java.base/java.util.concurrent.FutureTask.report(FutureTask.java:122)
	at java.base/java.util.concurrent.FutureTask.get(FutureTask.java:191)
	at jetbrains.exodus.newLogConcept.MVCC.MVCCDataStructure.commitTransaction(MVCCDataStructure.java:299)
	at site.ycsb.db.XodusClient.insert(XodusClient.java:60)
	at site.ycsb.DBWrapper.insert(DBWrapper.java:227)
	at site.ycsb.workloads.CoreWorkload.doInsert(CoreWorkload.java:621)
	at site.ycsb.ClientThread.run(ClientThread.java:135)
	at java.base/java.lang.Thread.run(Thread.java:829)
Caused by: jetbrains.exodus.ExodusException
	at jetbrains.exodus.newLogConcept.garbageCollector.OperationLogGarbageCollector.moveAndRemoveRecordsFromLog(OperationLogGarbageCollector.java:69)
	at jetbrains.exodus.newLogConcept.garbageCollector.OperationLogGarbageCollector.clean(OperationLogGarbageCollector.java:51)
	at jetbrains.exodus.newLogConcept.MVCC.MVCCDataStructure.lambda$commitTransaction$1(MVCCDataStructure.java:297)
	at java.base/java.util.concurrent.Executors$RunnableAdapter.call(Executors.java:515)
	at java.base/java.util.concurrent.FutureTask.run(FutureTask.java:264)
	at java.base/java.util.concurrent.ThreadPoolExecutor.runWorker(ThreadPoolExecutor.java:1128)
	at java.base/java.util.concurrent.ThreadPoolExecutor$Worker.run(ThreadPoolExecutor.java:628)
	... 1 more
java.util.concurrent.ExecutionException: jetbrains.exodus.ExodusException
	at java.base/java.util.concurrent.FutureTask.report(FutureTask.java:122)
	at java.base/java.util.concurrent.FutureTask.get(FutureTask.java:191)
	at jetbrains.exodus.newLogConcept.MVCC.MVCCDataStructure.commitTransaction(MVCCDataStructure.java:299)
	at site.ycsb.db.XodusClient.insert(XodusClient.java:60)
	at site.ycsb.DBWrapper.insert(DBWrapper.java:227)
	at site.ycsb.workloads.CoreWorkload.doInsert(CoreWorkload.java:621)
	at site.ycsb.ClientThread.run(ClientThread.java:135)
	at java.base/java.lang.Thread.run(Thread.java:829)
Caused by: jetbrains.exodus.ExodusException
	at jetbrains.exodus.newLogConcept.garbageCollector.OperationLogGarbageCollector.moveAndRemoveRecordsFromLog(OperationLogGarbageCollector.java:69)
	at jetbrains.exodus.newLogConcept.garbageCollector.OperationLogGarbageCollector.clean(OperationLogGarbageCollector.java:51)
	at jetbrains.exodus.newLogConcept.MVCC.MVCCDataStructure.lambda$commitTransaction$1(MVCCDataStructure.java:297)
	at java.base/java.util.concurrent.Executors$RunnableAdapter.call(Executors.java:515)
	at java.base/java.util.concurrent.FutureTask.run(FutureTask.java:264)
	at java.base/java.util.concurrent.ThreadPoolExecutor.runWorker(ThreadPoolExecutor.java:1128)
	at java.base/java.util.concurrent.ThreadPoolExecutor$Worker.run(ThreadPoolExecutor.java:628)
	... 1 more
java.util.concurrent.ExecutionException: jetbrains.exodus.ExodusException
	at java.base/java.util.concurrent.FutureTask.report(FutureTask.java:122)
	at java.base/java.util.concurrent.FutureTask.get(FutureTask.java:191)
	at jetbrains.exodus.newLogConcept.MVCC.MVCCDataStructure.commitTransaction(MVCCDataStructure.java:299)
	at site.ycsb.db.XodusClient.insert(XodusClient.java:60)
	at site.ycsb.DBWrapper.insert(DBWrapper.java:227)
	at site.ycsb.workloads.CoreWorkload.doInsert(CoreWorkload.java:621)
	at site.ycsb.ClientThread.run(ClientThread.java:135)
	at java.base/java.lang.Thread.run(Thread.java:829)
Caused by: jetbrains.exodus.ExodusException
	at jetbrains.exodus.newLogConcept.garbageCollector.OperationLogGarbageCollector.moveAndRemoveRecordsFromLog(OperationLogGarbageCollector.java:69)
	at jetbrains.exodus.newLogConcept.garbageCollector.OperationLogGarbageCollector.clean(OperationLogGarbageCollector.java:51)
	at jetbrains.exodus.newLogConcept.MVCC.MVCCDataStructure.lambda$commitTransaction$1(MVCCDataStructure.java:297)
	at java.base/java.util.concurrent.Executors$RunnableAdapter.call(Executors.java:515)
	at java.base/java.util.concurrent.FutureTask.run(FutureTask.java:264)
	at java.base/java.util.concurrent.ThreadPoolExecutor.runWorker(ThreadPoolExecutor.java:1128)
	at java.base/java.util.concurrent.ThreadPoolExecutor$Worker.run(ThreadPoolExecutor.java:628)
	... 1 more
java.util.concurrent.ExecutionException: jetbrains.exodus.ExodusException
	at java.base/java.util.concurrent.FutureTask.report(FutureTask.java:122)
	at java.base/java.util.concurrent.FutureTask.get(FutureTask.java:191)
	at jetbrains.exodus.newLogConcept.MVCC.MVCCDataStructure.commitTransaction(MVCCDataStructure.java:299)
	at site.ycsb.db.XodusClient.insert(XodusClient.java:60)
	at site.ycsb.DBWrapper.insert(DBWrapper.java:227)
	at site.ycsb.workloads.CoreWorkload.doInsert(CoreWorkload.java:621)
	at site.ycsb.ClientThread.run(ClientThread.java:135)
	at java.base/java.lang.Thread.run(Thread.java:829)
Caused by: jetbrains.exodus.ExodusException
	at jetbrains.exodus.newLogConcept.garbageCollector.OperationLogGarbageCollector.moveAndRemoveRecordsFromLog(OperationLogGarbageCollector.java:69)
	at jetbrains.exodus.newLogConcept.garbageCollector.OperationLogGarbageCollector.clean(OperationLogGarbageCollector.java:51)
	at jetbrains.exodus.newLogConcept.MVCC.MVCCDataStructure.lambda$commitTransaction$1(MVCCDataStructure.java:297)
	at java.base/java.util.concurrent.Executors$RunnableAdapter.call(Executors.java:515)
	at java.base/java.util.concurrent.FutureTask.run(FutureTask.java:264)
	at java.base/java.util.concurrent.ThreadPoolExecutor.runWorker(ThreadPoolExecutor.java:1128)
	at java.base/java.util.concurrent.ThreadPoolExecutor$Worker.run(ThreadPoolExecutor.java:628)
	... 1 more
java.util.concurrent.ExecutionException: jetbrains.exodus.ExodusException
	at java.base/java.util.concurrent.FutureTask.report(FutureTask.java:122)
	at java.base/java.util.concurrent.FutureTask.get(FutureTask.java:191)
	at jetbrains.exodus.newLogConcept.MVCC.MVCCDataStructure.commitTransaction(MVCCDataStructure.java:299)
	at site.ycsb.db.XodusClient.insert(XodusClient.java:60)
	at site.ycsb.DBWrapper.insert(DBWrapper.java:227)
	at site.ycsb.workloads.CoreWorkload.doInsert(CoreWorkload.java:621)
	at site.ycsb.ClientThread.run(ClientThread.java:135)
	at java.base/java.lang.Thread.run(Thread.java:829)
Caused by: jetbrains.exodus.ExodusException
	at jetbrains.exodus.newLogConcept.garbageCollector.OperationLogGarbageCollector.moveAndRemoveRecordsFromLog(OperationLogGarbageCollector.java:69)
	at jetbrains.exodus.newLogConcept.garbageCollector.OperationLogGarbageCollector.clean(OperationLogGarbageCollector.java:51)
	at jetbrains.exodus.newLogConcept.MVCC.MVCCDataStructure.lambda$commitTransaction$1(MVCCDataStructure.java:297)
	at java.base/java.util.concurrent.Executors$RunnableAdapter.call(Executors.java:515)
	at java.base/java.util.concurrent.FutureTask.run(FutureTask.java:264)
	at java.base/java.util.concurrent.ThreadPoolExecutor.runWorker(ThreadPoolExecutor.java:1128)
	at java.base/java.util.concurrent.ThreadPoolExecutor$Worker.run(ThreadPoolExecutor.java:628)
	... 1 more
java.util.concurrent.ExecutionException: jetbrains.exodus.ExodusException
	at java.base/java.util.concurrent.FutureTask.report(FutureTask.java:122)
	at java.base/java.util.concurrent.FutureTask.get(FutureTask.java:191)
	at jetbrains.exodus.newLogConcept.MVCC.MVCCDataStructure.commitTransaction(MVCCDataStructure.java:299)
	at site.ycsb.db.XodusClient.insert(XodusClient.java:60)
	at site.ycsb.DBWrapper.insert(DBWrapper.java:227)
	at site.ycsb.workloads.CoreWorkload.doInsert(CoreWorkload.java:621)
	at site.ycsb.ClientThread.run(ClientThread.java:135)
	at java.base/java.lang.Thread.run(Thread.java:829)
Caused by: jetbrains.exodus.ExodusException
	at jetbrains.exodus.newLogConcept.garbageCollector.OperationLogGarbageCollector.moveAndRemoveRecordsFromLog(OperationLogGarbageCollector.java:69)
	at jetbrains.exodus.newLogConcept.garbageCollector.OperationLogGarbageCollector.clean(OperationLogGarbageCollector.java:51)
	at jetbrains.exodus.newLogConcept.MVCC.MVCCDataStructure.lambda$commitTransaction$1(MVCCDataStructure.java:297)
	at java.base/java.util.concurrent.Executors$RunnableAdapter.call(Executors.java:515)
	at java.base/java.util.concurrent.FutureTask.run(FutureTask.java:264)
	at java.base/java.util.concurrent.ThreadPoolExecutor.runWorker(ThreadPoolExecutor.java:1128)
	at java.base/java.util.concurrent.ThreadPoolExecutor$Worker.run(ThreadPoolExecutor.java:628)
	... 1 more
java.util.concurrent.ExecutionException: jetbrains.exodus.ExodusException
	at java.base/java.util.concurrent.FutureTask.report(FutureTask.java:122)
	at java.base/java.util.concurrent.FutureTask.get(FutureTask.java:191)
	at jetbrains.exodus.newLogConcept.MVCC.MVCCDataStructure.commitTransaction(MVCCDataStructure.java:299)
	at site.ycsb.db.XodusClient.insert(XodusClient.java:60)
	at site.ycsb.DBWrapper.insert(DBWrapper.java:227)
	at site.ycsb.workloads.CoreWorkload.doInsert(CoreWorkload.java:621)
	at site.ycsb.ClientThread.run(ClientThread.java:135)
	at java.base/java.lang.Thread.run(Thread.java:829)
Caused by: jetbrains.exodus.ExodusException
	at jetbrains.exodus.newLogConcept.garbageCollector.OperationLogGarbageCollector.moveAndRemoveRecordsFromLog(OperationLogGarbageCollector.java:69)
	at jetbrains.exodus.newLogConcept.garbageCollector.OperationLogGarbageCollector.clean(OperationLogGarbageCollector.java:51)
	at jetbrains.exodus.newLogConcept.MVCC.MVCCDataStructure.lambda$commitTransaction$1(MVCCDataStructure.java:297)
	at java.base/java.util.concurrent.Executors$RunnableAdapter.call(Executors.java:515)
	at java.base/java.util.concurrent.FutureTask.run(FutureTask.java:264)
	at java.base/java.util.concurrent.ThreadPoolExecutor.runWorker(ThreadPoolExecutor.java:1128)
	at java.base/java.util.concurrent.ThreadPoolExecutor$Worker.run(ThreadPoolExecutor.java:628)
	... 1 more
java.util.concurrent.ExecutionException: jetbrains.exodus.ExodusException
	at java.base/java.util.concurrent.FutureTask.report(FutureTask.java:122)
	at java.base/java.util.concurrent.FutureTask.get(FutureTask.java:191)
	at jetbrains.exodus.newLogConcept.MVCC.MVCCDataStructure.commitTransaction(MVCCDataStructure.java:299)
	at site.ycsb.db.XodusClient.insert(XodusClient.java:60)
	at site.ycsb.DBWrapper.insert(DBWrapper.java:227)
	at site.ycsb.workloads.CoreWorkload.doInsert(CoreWorkload.java:621)
	at site.ycsb.ClientThread.run(ClientThread.java:135)
	at java.base/java.lang.Thread.run(Thread.java:829)
Caused by: jetbrains.exodus.ExodusException
	at jetbrains.exodus.newLogConcept.garbageCollector.OperationLogGarbageCollector.moveAndRemoveRecordsFromLog(OperationLogGarbageCollector.java:69)
	at jetbrains.exodus.newLogConcept.garbageCollector.OperationLogGarbageCollector.clean(OperationLogGarbageCollector.java:51)
	at jetbrains.exodus.newLogConcept.MVCC.MVCCDataStructure.lambda$commitTransaction$1(MVCCDataStructure.java:297)
	at java.base/java.util.concurrent.Executors$RunnableAdapter.call(Executors.java:515)
	at java.base/java.util.concurrent.FutureTask.run(FutureTask.java:264)
	at java.base/java.util.concurrent.ThreadPoolExecutor.runWorker(ThreadPoolExecutor.java:1128)
	at java.base/java.util.concurrent.ThreadPoolExecutor$Worker.run(ThreadPoolExecutor.java:628)
	... 1 more
java.util.concurrent.ExecutionException: jetbrains.exodus.ExodusException
	at java.base/java.util.concurrent.FutureTask.report(FutureTask.java:122)
	at java.base/java.util.concurrent.FutureTask.get(FutureTask.java:191)
	at jetbrains.exodus.newLogConcept.MVCC.MVCCDataStructure.commitTransaction(MVCCDataStructure.java:299)
	at site.ycsb.db.XodusClient.insert(XodusClient.java:60)
	at site.ycsb.DBWrapper.insert(DBWrapper.java:227)
	at site.ycsb.workloads.CoreWorkload.doInsert(CoreWorkload.java:621)
	at site.ycsb.ClientThread.run(ClientThread.java:135)
	at java.base/java.lang.Thread.run(Thread.java:829)
Caused by: jetbrains.exodus.ExodusException
	at jetbrains.exodus.newLogConcept.garbageCollector.OperationLogGarbageCollector.moveAndRemoveRecordsFromLog(OperationLogGarbageCollector.java:69)
	at jetbrains.exodus.newLogConcept.garbageCollector.OperationLogGarbageCollector.clean(OperationLogGarbageCollector.java:51)
	at jetbrains.exodus.newLogConcept.MVCC.MVCCDataStructure.lambda$commitTransaction$1(MVCCDataStructure.java:297)
	at java.base/java.util.concurrent.Executors$RunnableAdapter.call(Executors.java:515)
	at java.base/java.util.concurrent.FutureTask.run(FutureTask.java:264)
	at java.base/java.util.concurrent.ThreadPoolExecutor.runWorker(ThreadPoolExecutor.java:1128)
	at java.base/java.util.concurrent.ThreadPoolExecutor$Worker.run(ThreadPoolExecutor.java:628)
	... 1 more
java.util.concurrent.ExecutionException: jetbrains.exodus.ExodusException
	at java.base/java.util.concurrent.FutureTask.report(FutureTask.java:122)
	at java.base/java.util.concurrent.FutureTask.get(FutureTask.java:191)
	at jetbrains.exodus.newLogConcept.MVCC.MVCCDataStructure.commitTransaction(MVCCDataStructure.java:299)
	at site.ycsb.db.XodusClient.insert(XodusClient.java:60)
	at site.ycsb.DBWrapper.insert(DBWrapper.java:227)
	at site.ycsb.workloads.CoreWorkload.doInsert(CoreWorkload.java:621)
	at site.ycsb.ClientThread.run(ClientThread.java:135)
	at java.base/java.lang.Thread.run(Thread.java:829)
Caused by: jetbrains.exodus.ExodusException
	at jetbrains.exodus.newLogConcept.garbageCollector.OperationLogGarbageCollector.moveAndRemoveRecordsFromLog(OperationLogGarbageCollector.java:69)
	at jetbrains.exodus.newLogConcept.garbageCollector.OperationLogGarbageCollector.clean(OperationLogGarbageCollector.java:51)
	at jetbrains.exodus.newLogConcept.MVCC.MVCCDataStructure.lambda$commitTransaction$1(MVCCDataStructure.java:297)
	at java.base/java.util.concurrent.Executors$RunnableAdapter.call(Executors.java:515)
	at java.base/java.util.concurrent.FutureTask.run(FutureTask.java:264)
	at java.base/java.util.concurrent.ThreadPoolExecutor.runWorker(ThreadPoolExecutor.java:1128)
	at java.base/java.util.concurrent.ThreadPoolExecutor$Worker.run(ThreadPoolExecutor.java:628)
	... 1 more
java.util.concurrent.ExecutionException: jetbrains.exodus.ExodusException
	at java.base/java.util.concurrent.FutureTask.report(FutureTask.java:122)
	at java.base/java.util.concurrent.FutureTask.get(FutureTask.java:191)
	at jetbrains.exodus.newLogConcept.MVCC.MVCCDataStructure.commitTransaction(MVCCDataStructure.java:299)
	at site.ycsb.db.XodusClient.insert(XodusClient.java:60)
	at site.ycsb.DBWrapper.insert(DBWrapper.java:227)
	at site.ycsb.workloads.CoreWorkload.doInsert(CoreWorkload.java:621)
	at site.ycsb.ClientThread.run(ClientThread.java:135)
	at java.base/java.lang.Thread.run(Thread.java:829)
Caused by: jetbrains.exodus.ExodusException
	at jetbrains.exodus.newLogConcept.garbageCollector.OperationLogGarbageCollector.moveAndRemoveRecordsFromLog(OperationLogGarbageCollector.java:69)
	at jetbrains.exodus.newLogConcept.garbageCollector.OperationLogGarbageCollector.clean(OperationLogGarbageCollector.java:51)
	at jetbrains.exodus.newLogConcept.MVCC.MVCCDataStructure.lambda$commitTransaction$1(MVCCDataStructure.java:297)
	at java.base/java.util.concurrent.Executors$RunnableAdapter.call(Executors.java:515)
	at java.base/java.util.concurrent.FutureTask.run(FutureTask.java:264)
	at java.base/java.util.concurrent.ThreadPoolExecutor.runWorker(ThreadPoolExecutor.java:1128)
	at java.base/java.util.concurrent.ThreadPoolExecutor$Worker.run(ThreadPoolExecutor.java:628)
	... 1 more
java.util.concurrent.ExecutionException: jetbrains.exodus.ExodusException
	at java.base/java.util.concurrent.FutureTask.report(FutureTask.java:122)
	at java.base/java.util.concurrent.FutureTask.get(FutureTask.java:191)
	at jetbrains.exodus.newLogConcept.MVCC.MVCCDataStructure.commitTransaction(MVCCDataStructure.java:299)
	at site.ycsb.db.XodusClient.insert(XodusClient.java:60)
	at site.ycsb.DBWrapper.insert(DBWrapper.java:227)
	at site.ycsb.workloads.CoreWorkload.doInsert(CoreWorkload.java:621)
	at site.ycsb.ClientThread.run(ClientThread.java:135)
	at java.base/java.lang.Thread.run(Thread.java:829)
Caused by: jetbrains.exodus.ExodusException
	at jetbrains.exodus.newLogConcept.garbageCollector.OperationLogGarbageCollector.moveAndRemoveRecordsFromLog(OperationLogGarbageCollector.java:69)
	at jetbrains.exodus.newLogConcept.garbageCollector.OperationLogGarbageCollector.clean(OperationLogGarbageCollector.java:51)
	at jetbrains.exodus.newLogConcept.MVCC.MVCCDataStructure.lambda$commitTransaction$1(MVCCDataStructure.java:297)
	at java.base/java.util.concurrent.Executors$RunnableAdapter.call(Executors.java:515)
	at java.base/java.util.concurrent.FutureTask.run(FutureTask.java:264)
	at java.base/java.util.concurrent.ThreadPoolExecutor.runWorker(ThreadPoolExecutor.java:1128)
	at java.base/java.util.concurrent.ThreadPoolExecutor$Worker.run(ThreadPoolExecutor.java:628)
	... 1 more
java.util.concurrent.ExecutionException: jetbrains.exodus.ExodusException
	at java.base/java.util.concurrent.FutureTask.report(FutureTask.java:122)
	at java.base/java.util.concurrent.FutureTask.get(FutureTask.java:191)
	at jetbrains.exodus.newLogConcept.MVCC.MVCCDataStructure.commitTransaction(MVCCDataStructure.java:299)
	at site.ycsb.db.XodusClient.insert(XodusClient.java:60)
	at site.ycsb.DBWrapper.insert(DBWrapper.java:227)
	at site.ycsb.workloads.CoreWorkload.doInsert(CoreWorkload.java:621)
	at site.ycsb.ClientThread.run(ClientThread.java:135)
	at java.base/java.lang.Thread.run(Thread.java:829)
Caused by: jetbrains.exodus.ExodusException
	at jetbrains.exodus.newLogConcept.garbageCollector.OperationLogGarbageCollector.moveAndRemoveRecordsFromLog(OperationLogGarbageCollector.java:69)
	at jetbrains.exodus.newLogConcept.garbageCollector.OperationLogGarbageCollector.clean(OperationLogGarbageCollector.java:51)
	at jetbrains.exodus.newLogConcept.MVCC.MVCCDataStructure.lambda$commitTransaction$1(MVCCDataStructure.java:297)
	at java.base/java.util.concurrent.Executors$RunnableAdapter.call(Executors.java:515)
	at java.base/java.util.concurrent.FutureTask.run(FutureTask.java:264)
	at java.base/java.util.concurrent.ThreadPoolExecutor.runWorker(ThreadPoolExecutor.java:1128)
	at java.base/java.util.concurrent.ThreadPoolExecutor$Worker.run(ThreadPoolExecutor.java:628)
	... 1 more
java.util.concurrent.ExecutionException: jetbrains.exodus.ExodusException
	at java.base/java.util.concurrent.FutureTask.report(FutureTask.java:122)
	at java.base/java.util.concurrent.FutureTask.get(FutureTask.java:191)
	at jetbrains.exodus.newLogConcept.MVCC.MVCCDataStructure.commitTransaction(MVCCDataStructure.java:299)
	at site.ycsb.db.XodusClient.insert(XodusClient.java:60)
	at site.ycsb.DBWrapper.insert(DBWrapper.java:227)
	at site.ycsb.workloads.CoreWorkload.doInsert(CoreWorkload.java:621)
	at site.ycsb.ClientThread.run(ClientThread.java:135)
	at java.base/java.lang.Thread.run(Thread.java:829)
Caused by: jetbrains.exodus.ExodusException
	at jetbrains.exodus.newLogConcept.garbageCollector.OperationLogGarbageCollector.moveAndRemoveRecordsFromLog(OperationLogGarbageCollector.java:69)
	at jetbrains.exodus.newLogConcept.garbageCollector.OperationLogGarbageCollector.clean(OperationLogGarbageCollector.java:51)
	at jetbrains.exodus.newLogConcept.MVCC.MVCCDataStructure.lambda$commitTransaction$1(MVCCDataStructure.java:297)
	at java.base/java.util.concurrent.Executors$RunnableAdapter.call(Executors.java:515)
	at java.base/java.util.concurrent.FutureTask.run(FutureTask.java:264)
	at java.base/java.util.concurrent.ThreadPoolExecutor.runWorker(ThreadPoolExecutor.java:1128)
	at java.base/java.util.concurrent.ThreadPoolExecutor$Worker.run(ThreadPoolExecutor.java:628)
	... 1 more
java.util.concurrent.ExecutionException: jetbrains.exodus.ExodusException
	at java.base/java.util.concurrent.FutureTask.report(FutureTask.java:122)
	at java.base/java.util.concurrent.FutureTask.get(FutureTask.java:191)
	at jetbrains.exodus.newLogConcept.MVCC.MVCCDataStructure.commitTransaction(MVCCDataStructure.java:299)
	at site.ycsb.db.XodusClient.insert(XodusClient.java:60)
	at site.ycsb.DBWrapper.insert(DBWrapper.java:227)
	at site.ycsb.workloads.CoreWorkload.doInsert(CoreWorkload.java:621)
	at site.ycsb.ClientThread.run(ClientThread.java:135)
	at java.base/java.lang.Thread.run(Thread.java:829)
Caused by: jetbrains.exodus.ExodusException
	at jetbrains.exodus.newLogConcept.garbageCollector.OperationLogGarbageCollector.moveAndRemoveRecordsFromLog(OperationLogGarbageCollector.java:69)
	at jetbrains.exodus.newLogConcept.garbageCollector.OperationLogGarbageCollector.clean(OperationLogGarbageCollector.java:51)
	at jetbrains.exodus.newLogConcept.MVCC.MVCCDataStructure.lambda$commitTransaction$1(MVCCDataStructure.java:297)
	at java.base/java.util.concurrent.Executors$RunnableAdapter.call(Executors.java:515)
	at java.base/java.util.concurrent.FutureTask.run(FutureTask.java:264)
	at java.base/java.util.concurrent.ThreadPoolExecutor.runWorker(ThreadPoolExecutor.java:1128)
	at java.base/java.util.concurrent.ThreadPoolExecutor$Worker.run(ThreadPoolExecutor.java:628)
	... 1 more
java.util.concurrent.ExecutionException: jetbrains.exodus.ExodusException
	at java.base/java.util.concurrent.FutureTask.report(FutureTask.java:122)
	at java.base/java.util.concurrent.FutureTask.get(FutureTask.java:191)
	at jetbrains.exodus.newLogConcept.MVCC.MVCCDataStructure.commitTransaction(MVCCDataStructure.java:299)
	at site.ycsb.db.XodusClient.insert(XodusClient.java:60)
	at site.ycsb.DBWrapper.insert(DBWrapper.java:227)
	at site.ycsb.workloads.CoreWorkload.doInsert(CoreWorkload.java:621)
	at site.ycsb.ClientThread.run(ClientThread.java:135)
	at java.base/java.lang.Thread.run(Thread.java:829)
Caused by: jetbrains.exodus.ExodusException
	at jetbrains.exodus.newLogConcept.garbageCollector.OperationLogGarbageCollector.moveAndRemoveRecordsFromLog(OperationLogGarbageCollector.java:69)
	at jetbrains.exodus.newLogConcept.garbageCollector.OperationLogGarbageCollector.clean(OperationLogGarbageCollector.java:51)
	at jetbrains.exodus.newLogConcept.MVCC.MVCCDataStructure.lambda$commitTransaction$1(MVCCDataStructure.java:297)
	at java.base/java.util.concurrent.Executors$RunnableAdapter.call(Executors.java:515)
	at java.base/java.util.concurrent.FutureTask.run(FutureTask.java:264)
	at java.base/java.util.concurrent.ThreadPoolExecutor.runWorker(ThreadPoolExecutor.java:1128)
	at java.base/java.util.concurrent.ThreadPoolExecutor$Worker.run(ThreadPoolExecutor.java:628)
	... 1 more
java.util.concurrent.ExecutionException: jetbrains.exodus.ExodusException
	at java.base/java.util.concurrent.FutureTask.report(FutureTask.java:122)
	at java.base/java.util.concurrent.FutureTask.get(FutureTask.java:191)
	at jetbrains.exodus.newLogConcept.MVCC.MVCCDataStructure.commitTransaction(MVCCDataStructure.java:299)
	at site.ycsb.db.XodusClient.insert(XodusClient.java:60)
	at site.ycsb.DBWrapper.insert(DBWrapper.java:227)
	at site.ycsb.workloads.CoreWorkload.doInsert(CoreWorkload.java:621)
	at site.ycsb.ClientThread.run(ClientThread.java:135)
	at java.base/java.lang.Thread.run(Thread.java:829)
Caused by: jetbrains.exodus.ExodusException
	at jetbrains.exodus.newLogConcept.garbageCollector.OperationLogGarbageCollector.moveAndRemoveRecordsFromLog(OperationLogGarbageCollector.java:69)
	at jetbrains.exodus.newLogConcept.garbageCollector.OperationLogGarbageCollector.clean(OperationLogGarbageCollector.java:51)
	at jetbrains.exodus.newLogConcept.MVCC.MVCCDataStructure.lambda$commitTransaction$1(MVCCDataStructure.java:297)
	at java.base/java.util.concurrent.Executors$RunnableAdapter.call(Executors.java:515)
	at java.base/java.util.concurrent.FutureTask.run(FutureTask.java:264)
	at java.base/java.util.concurrent.ThreadPoolExecutor.runWorker(ThreadPoolExecutor.java:1128)
	at java.base/java.util.concurrent.ThreadPoolExecutor$Worker.run(ThreadPoolExecutor.java:628)
	... 1 more
java.util.concurrent.ExecutionException: jetbrains.exodus.ExodusException
	at java.base/java.util.concurrent.FutureTask.report(FutureTask.java:122)
	at java.base/java.util.concurrent.FutureTask.get(FutureTask.java:191)
	at jetbrains.exodus.newLogConcept.MVCC.MVCCDataStructure.commitTransaction(MVCCDataStructure.java:299)
	at site.ycsb.db.XodusClient.insert(XodusClient.java:60)
	at site.ycsb.DBWrapper.insert(DBWrapper.java:227)
	at site.ycsb.workloads.CoreWorkload.doInsert(CoreWorkload.java:621)
	at site.ycsb.ClientThread.run(ClientThread.java:135)
	at java.base/java.lang.Thread.run(Thread.java:829)
Caused by: jetbrains.exodus.ExodusException
	at jetbrains.exodus.newLogConcept.garbageCollector.OperationLogGarbageCollector.moveAndRemoveRecordsFromLog(OperationLogGarbageCollector.java:69)
	at jetbrains.exodus.newLogConcept.garbageCollector.OperationLogGarbageCollector.clean(OperationLogGarbageCollector.java:51)
	at jetbrains.exodus.newLogConcept.MVCC.MVCCDataStructure.lambda$commitTransaction$1(MVCCDataStructure.java:297)
	at java.base/java.util.concurrent.Executors$RunnableAdapter.call(Executors.java:515)
	at java.base/java.util.concurrent.FutureTask.run(FutureTask.java:264)
	at java.base/java.util.concurrent.ThreadPoolExecutor.runWorker(ThreadPoolExecutor.java:1128)
	at java.base/java.util.concurrent.ThreadPoolExecutor$Worker.run(ThreadPoolExecutor.java:628)
	... 1 more
java.util.concurrent.ExecutionException: jetbrains.exodus.ExodusException
	at java.base/java.util.concurrent.FutureTask.report(FutureTask.java:122)
	at java.base/java.util.concurrent.FutureTask.get(FutureTask.java:191)
	at jetbrains.exodus.newLogConcept.MVCC.MVCCDataStructure.commitTransaction(MVCCDataStructure.java:299)
	at site.ycsb.db.XodusClient.insert(XodusClient.java:60)
	at site.ycsb.DBWrapper.insert(DBWrapper.java:227)
	at site.ycsb.workloads.CoreWorkload.doInsert(CoreWorkload.java:621)
	at site.ycsb.ClientThread.run(ClientThread.java:135)
	at java.base/java.lang.Thread.run(Thread.java:829)
Caused by: jetbrains.exodus.ExodusException
	at jetbrains.exodus.newLogConcept.garbageCollector.OperationLogGarbageCollector.moveAndRemoveRecordsFromLog(OperationLogGarbageCollector.java:69)
	at jetbrains.exodus.newLogConcept.garbageCollector.OperationLogGarbageCollector.clean(OperationLogGarbageCollector.java:51)
	at jetbrains.exodus.newLogConcept.MVCC.MVCCDataStructure.lambda$commitTransaction$1(MVCCDataStructure.java:297)
	at java.base/java.util.concurrent.Executors$RunnableAdapter.call(Executors.java:515)
	at java.base/java.util.concurrent.FutureTask.run(FutureTask.java:264)
	at java.base/java.util.concurrent.ThreadPoolExecutor.runWorker(ThreadPoolExecutor.java:1128)
	at java.base/java.util.concurrent.ThreadPoolExecutor$Worker.run(ThreadPoolExecutor.java:628)
	... 1 more
java.util.concurrent.ExecutionException: jetbrains.exodus.ExodusException
	at java.base/java.util.concurrent.FutureTask.report(FutureTask.java:122)
	at java.base/java.util.concurrent.FutureTask.get(FutureTask.java:191)
	at jetbrains.exodus.newLogConcept.MVCC.MVCCDataStructure.commitTransaction(MVCCDataStructure.java:299)
	at site.ycsb.db.XodusClient.insert(XodusClient.java:60)
	at site.ycsb.DBWrapper.insert(DBWrapper.java:227)
	at site.ycsb.workloads.CoreWorkload.doInsert(CoreWorkload.java:621)
	at site.ycsb.ClientThread.run(ClientThread.java:135)
	at java.base/java.lang.Thread.run(Thread.java:829)
Caused by: jetbrains.exodus.ExodusException
	at jetbrains.exodus.newLogConcept.garbageCollector.OperationLogGarbageCollector.moveAndRemoveRecordsFromLog(OperationLogGarbageCollector.java:69)
	at jetbrains.exodus.newLogConcept.garbageCollector.OperationLogGarbageCollector.clean(OperationLogGarbageCollector.java:51)
	at jetbrains.exodus.newLogConcept.MVCC.MVCCDataStructure.lambda$commitTransaction$1(MVCCDataStructure.java:297)
	at java.base/java.util.concurrent.Executors$RunnableAdapter.call(Executors.java:515)
	at java.base/java.util.concurrent.FutureTask.run(FutureTask.java:264)
	at java.base/java.util.concurrent.ThreadPoolExecutor.runWorker(ThreadPoolExecutor.java:1128)
	at java.base/java.util.concurrent.ThreadPoolExecutor$Worker.run(ThreadPoolExecutor.java:628)
	... 1 more
java.util.concurrent.ExecutionException: jetbrains.exodus.ExodusException
	at java.base/java.util.concurrent.FutureTask.report(FutureTask.java:122)
	at java.base/java.util.concurrent.FutureTask.get(FutureTask.java:191)
	at jetbrains.exodus.newLogConcept.MVCC.MVCCDataStructure.commitTransaction(MVCCDataStructure.java:299)
	at site.ycsb.db.XodusClient.insert(XodusClient.java:60)
	at site.ycsb.DBWrapper.insert(DBWrapper.java:227)
	at site.ycsb.workloads.CoreWorkload.doInsert(CoreWorkload.java:621)
	at site.ycsb.ClientThread.run(ClientThread.java:135)
	at java.base/java.lang.Thread.run(Thread.java:829)
Caused by: jetbrains.exodus.ExodusException
	at jetbrains.exodus.newLogConcept.garbageCollector.OperationLogGarbageCollector.moveAndRemoveRecordsFromLog(OperationLogGarbageCollector.java:69)
	at jetbrains.exodus.newLogConcept.garbageCollector.OperationLogGarbageCollector.clean(OperationLogGarbageCollector.java:51)
	at jetbrains.exodus.newLogConcept.MVCC.MVCCDataStructure.lambda$commitTransaction$1(MVCCDataStructure.java:297)
	at java.base/java.util.concurrent.Executors$RunnableAdapter.call(Executors.java:515)
	at java.base/java.util.concurrent.FutureTask.run(FutureTask.java:264)
	at java.base/java.util.concurrent.ThreadPoolExecutor.runWorker(ThreadPoolExecutor.java:1128)
	at java.base/java.util.concurrent.ThreadPoolExecutor$Worker.run(ThreadPoolExecutor.java:628)
	... 1 more
java.util.concurrent.ExecutionException: jetbrains.exodus.ExodusException
	at java.base/java.util.concurrent.FutureTask.report(FutureTask.java:122)
	at java.base/java.util.concurrent.FutureTask.get(FutureTask.java:191)
	at jetbrains.exodus.newLogConcept.MVCC.MVCCDataStructure.commitTransaction(MVCCDataStructure.java:299)
	at site.ycsb.db.XodusClient.insert(XodusClient.java:60)
	at site.ycsb.DBWrapper.insert(DBWrapper.java:227)
	at site.ycsb.workloads.CoreWorkload.doInsert(CoreWorkload.java:621)
	at site.ycsb.ClientThread.run(ClientThread.java:135)
	at java.base/java.lang.Thread.run(Thread.java:829)
Caused by: jetbrains.exodus.ExodusException
	at jetbrains.exodus.newLogConcept.garbageCollector.OperationLogGarbageCollector.moveAndRemoveRecordsFromLog(OperationLogGarbageCollector.java:69)
	at jetbrains.exodus.newLogConcept.garbageCollector.OperationLogGarbageCollector.clean(OperationLogGarbageCollector.java:51)
	at jetbrains.exodus.newLogConcept.MVCC.MVCCDataStructure.lambda$commitTransaction$1(MVCCDataStructure.java:297)
	at java.base/java.util.concurrent.Executors$RunnableAdapter.call(Executors.java:515)
	at java.base/java.util.concurrent.FutureTask.run(FutureTask.java:264)
	at java.base/java.util.concurrent.ThreadPoolExecutor.runWorker(ThreadPoolExecutor.java:1128)
	at java.base/java.util.concurrent.ThreadPoolExecutor$Worker.run(ThreadPoolExecutor.java:628)
	... 1 more
java.util.concurrent.ExecutionException: jetbrains.exodus.ExodusException
	at java.base/java.util.concurrent.FutureTask.report(FutureTask.java:122)
	at java.base/java.util.concurrent.FutureTask.get(FutureTask.java:191)
	at jetbrains.exodus.newLogConcept.MVCC.MVCCDataStructure.commitTransaction(MVCCDataStructure.java:299)
	at site.ycsb.db.XodusClient.insert(XodusClient.java:60)
	at site.ycsb.DBWrapper.insert(DBWrapper.java:227)
	at site.ycsb.workloads.CoreWorkload.doInsert(CoreWorkload.java:621)
	at site.ycsb.ClientThread.run(ClientThread.java:135)
	at java.base/java.lang.Thread.run(Thread.java:829)
Caused by: jetbrains.exodus.ExodusException
	at jetbrains.exodus.newLogConcept.garbageCollector.OperationLogGarbageCollector.moveAndRemoveRecordsFromLog(OperationLogGarbageCollector.java:69)
	at jetbrains.exodus.newLogConcept.garbageCollector.OperationLogGarbageCollector.clean(OperationLogGarbageCollector.java:51)
	at jetbrains.exodus.newLogConcept.MVCC.MVCCDataStructure.lambda$commitTransaction$1(MVCCDataStructure.java:297)
	at java.base/java.util.concurrent.Executors$RunnableAdapter.call(Executors.java:515)
	at java.base/java.util.concurrent.FutureTask.run(FutureTask.java:264)
	at java.base/java.util.concurrent.ThreadPoolExecutor.runWorker(ThreadPoolExecutor.java:1128)
	at java.base/java.util.concurrent.ThreadPoolExecutor$Worker.run(ThreadPoolExecutor.java:628)
	... 1 more
java.util.concurrent.ExecutionException: jetbrains.exodus.ExodusException
	at java.base/java.util.concurrent.FutureTask.report(FutureTask.java:122)
	at java.base/java.util.concurrent.FutureTask.get(FutureTask.java:191)
	at jetbrains.exodus.newLogConcept.MVCC.MVCCDataStructure.commitTransaction(MVCCDataStructure.java:299)
	at site.ycsb.db.XodusClient.insert(XodusClient.java:60)
	at site.ycsb.DBWrapper.insert(DBWrapper.java:227)
	at site.ycsb.workloads.CoreWorkload.doInsert(CoreWorkload.java:621)
	at site.ycsb.ClientThread.run(ClientThread.java:135)
	at java.base/java.lang.Thread.run(Thread.java:829)
Caused by: jetbrains.exodus.ExodusException
	at jetbrains.exodus.newLogConcept.garbageCollector.OperationLogGarbageCollector.moveAndRemoveRecordsFromLog(OperationLogGarbageCollector.java:69)
	at jetbrains.exodus.newLogConcept.garbageCollector.OperationLogGarbageCollector.clean(OperationLogGarbageCollector.java:51)
	at jetbrains.exodus.newLogConcept.MVCC.MVCCDataStructure.lambda$commitTransaction$1(MVCCDataStructure.java:297)
	at java.base/java.util.concurrent.Executors$RunnableAdapter.call(Executors.java:515)
	at java.base/java.util.concurrent.FutureTask.run(FutureTask.java:264)
	at java.base/java.util.concurrent.ThreadPoolExecutor.runWorker(ThreadPoolExecutor.java:1128)
	at java.base/java.util.concurrent.ThreadPoolExecutor$Worker.run(ThreadPoolExecutor.java:628)
	... 1 more
java.util.concurrent.ExecutionException: jetbrains.exodus.ExodusException
	at java.base/java.util.concurrent.FutureTask.report(FutureTask.java:122)
	at java.base/java.util.concurrent.FutureTask.get(FutureTask.java:191)
	at jetbrains.exodus.newLogConcept.MVCC.MVCCDataStructure.commitTransaction(MVCCDataStructure.java:299)
	at site.ycsb.db.XodusClient.insert(XodusClient.java:60)
	at site.ycsb.DBWrapper.insert(DBWrapper.java:227)
	at site.ycsb.workloads.CoreWorkload.doInsert(CoreWorkload.java:621)
	at site.ycsb.ClientThread.run(ClientThread.java:135)
	at java.base/java.lang.Thread.run(Thread.java:829)
Caused by: jetbrains.exodus.ExodusException
	at jetbrains.exodus.newLogConcept.garbageCollector.OperationLogGarbageCollector.moveAndRemoveRecordsFromLog(OperationLogGarbageCollector.java:69)
	at jetbrains.exodus.newLogConcept.garbageCollector.OperationLogGarbageCollector.clean(OperationLogGarbageCollector.java:51)
	at jetbrains.exodus.newLogConcept.MVCC.MVCCDataStructure.lambda$commitTransaction$1(MVCCDataStructure.java:297)
	at java.base/java.util.concurrent.Executors$RunnableAdapter.call(Executors.java:515)
	at java.base/java.util.concurrent.FutureTask.run(FutureTask.java:264)
	at java.base/java.util.concurrent.ThreadPoolExecutor.runWorker(ThreadPoolExecutor.java:1128)
	at java.base/java.util.concurrent.ThreadPoolExecutor$Worker.run(ThreadPoolExecutor.java:628)
	... 1 more
java.util.concurrent.ExecutionException: jetbrains.exodus.ExodusException
	at java.base/java.util.concurrent.FutureTask.report(FutureTask.java:122)
	at java.base/java.util.concurrent.FutureTask.get(FutureTask.java:191)
	at jetbrains.exodus.newLogConcept.MVCC.MVCCDataStructure.commitTransaction(MVCCDataStructure.java:299)
	at site.ycsb.db.XodusClient.insert(XodusClient.java:60)
	at site.ycsb.DBWrapper.insert(DBWrapper.java:227)
	at site.ycsb.workloads.CoreWorkload.doInsert(CoreWorkload.java:621)
	at site.ycsb.ClientThread.run(ClientThread.java:135)
	at java.base/java.lang.Thread.run(Thread.java:829)
Caused by: jetbrains.exodus.ExodusException
	at jetbrains.exodus.newLogConcept.garbageCollector.OperationLogGarbageCollector.moveAndRemoveRecordsFromLog(OperationLogGarbageCollector.java:69)
	at jetbrains.exodus.newLogConcept.garbageCollector.OperationLogGarbageCollector.clean(OperationLogGarbageCollector.java:51)
	at jetbrains.exodus.newLogConcept.MVCC.MVCCDataStructure.lambda$commitTransaction$1(MVCCDataStructure.java:297)
	at java.base/java.util.concurrent.Executors$RunnableAdapter.call(Executors.java:515)
	at java.base/java.util.concurrent.FutureTask.run(FutureTask.java:264)
	at java.base/java.util.concurrent.ThreadPoolExecutor.runWorker(ThreadPoolExecutor.java:1128)
	at java.base/java.util.concurrent.ThreadPoolExecutor$Worker.run(ThreadPoolExecutor.java:628)
	... 1 more
java.util.concurrent.ExecutionException: jetbrains.exodus.ExodusException
	at java.base/java.util.concurrent.FutureTask.report(FutureTask.java:122)
	at java.base/java.util.concurrent.FutureTask.get(FutureTask.java:191)
	at jetbrains.exodus.newLogConcept.MVCC.MVCCDataStructure.commitTransaction(MVCCDataStructure.java:299)
	at site.ycsb.db.XodusClient.insert(XodusClient.java:60)
	at site.ycsb.DBWrapper.insert(DBWrapper.java:227)
	at site.ycsb.workloads.CoreWorkload.doInsert(CoreWorkload.java:621)
	at site.ycsb.ClientThread.run(ClientThread.java:135)
	at java.base/java.lang.Thread.run(Thread.java:829)
Caused by: jetbrains.exodus.ExodusException
	at jetbrains.exodus.newLogConcept.garbageCollector.OperationLogGarbageCollector.moveAndRemoveRecordsFromLog(OperationLogGarbageCollector.java:69)
	at jetbrains.exodus.newLogConcept.garbageCollector.OperationLogGarbageCollector.clean(OperationLogGarbageCollector.java:51)
	at jetbrains.exodus.newLogConcept.MVCC.MVCCDataStructure.lambda$commitTransaction$1(MVCCDataStructure.java:297)
	at java.base/java.util.concurrent.Executors$RunnableAdapter.call(Executors.java:515)
	at java.base/java.util.concurrent.FutureTask.run(FutureTask.java:264)
	at java.base/java.util.concurrent.ThreadPoolExecutor.runWorker(ThreadPoolExecutor.java:1128)
	at java.base/java.util.concurrent.ThreadPoolExecutor$Worker.run(ThreadPoolExecutor.java:628)
	... 1 more
java.util.concurrent.ExecutionException: jetbrains.exodus.ExodusException
	at java.base/java.util.concurrent.FutureTask.report(FutureTask.java:122)
	at java.base/java.util.concurrent.FutureTask.get(FutureTask.java:191)
	at jetbrains.exodus.newLogConcept.MVCC.MVCCDataStructure.commitTransaction(MVCCDataStructure.java:299)
	at site.ycsb.db.XodusClient.insert(XodusClient.java:60)
	at site.ycsb.DBWrapper.insert(DBWrapper.java:227)
	at site.ycsb.workloads.CoreWorkload.doInsert(CoreWorkload.java:621)
	at site.ycsb.ClientThread.run(ClientThread.java:135)
	at java.base/java.lang.Thread.run(Thread.java:829)
Caused by: jetbrains.exodus.ExodusException
	at jetbrains.exodus.newLogConcept.garbageCollector.OperationLogGarbageCollector.moveAndRemoveRecordsFromLog(OperationLogGarbageCollector.java:69)
	at jetbrains.exodus.newLogConcept.garbageCollector.OperationLogGarbageCollector.clean(OperationLogGarbageCollector.java:51)
	at jetbrains.exodus.newLogConcept.MVCC.MVCCDataStructure.lambda$commitTransaction$1(MVCCDataStructure.java:297)
	at java.base/java.util.concurrent.Executors$RunnableAdapter.call(Executors.java:515)
	at java.base/java.util.concurrent.FutureTask.run(FutureTask.java:264)
	at java.base/java.util.concurrent.ThreadPoolExecutor.runWorker(ThreadPoolExecutor.java:1128)
	at java.base/java.util.concurrent.ThreadPoolExecutor$Worker.run(ThreadPoolExecutor.java:628)
	... 1 more
java.util.concurrent.ExecutionException: jetbrains.exodus.ExodusException
	at java.base/java.util.concurrent.FutureTask.report(FutureTask.java:122)
	at java.base/java.util.concurrent.FutureTask.get(FutureTask.java:191)
	at jetbrains.exodus.newLogConcept.MVCC.MVCCDataStructure.commitTransaction(MVCCDataStructure.java:299)
	at site.ycsb.db.XodusClient.insert(XodusClient.java:60)
	at site.ycsb.DBWrapper.insert(DBWrapper.java:227)
	at site.ycsb.workloads.CoreWorkload.doInsert(CoreWorkload.java:621)
	at site.ycsb.ClientThread.run(ClientThread.java:135)
	at java.base/java.lang.Thread.run(Thread.java:829)
Caused by: jetbrains.exodus.ExodusException
	at jetbrains.exodus.newLogConcept.garbageCollector.OperationLogGarbageCollector.moveAndRemoveRecordsFromLog(OperationLogGarbageCollector.java:69)
	at jetbrains.exodus.newLogConcept.garbageCollector.OperationLogGarbageCollector.clean(OperationLogGarbageCollector.java:51)
	at jetbrains.exodus.newLogConcept.MVCC.MVCCDataStructure.lambda$commitTransaction$1(MVCCDataStructure.java:297)
	at java.base/java.util.concurrent.Executors$RunnableAdapter.call(Executors.java:515)
	at java.base/java.util.concurrent.FutureTask.run(FutureTask.java:264)
	at java.base/java.util.concurrent.ThreadPoolExecutor.runWorker(ThreadPoolExecutor.java:1128)
	at java.base/java.util.concurrent.ThreadPoolExecutor$Worker.run(ThreadPoolExecutor.java:628)
	... 1 more
java.util.concurrent.ExecutionException: jetbrains.exodus.ExodusException
	at java.base/java.util.concurrent.FutureTask.report(FutureTask.java:122)
	at java.base/java.util.concurrent.FutureTask.get(FutureTask.java:191)
	at jetbrains.exodus.newLogConcept.MVCC.MVCCDataStructure.commitTransaction(MVCCDataStructure.java:299)
	at site.ycsb.db.XodusClient.insert(XodusClient.java:60)
	at site.ycsb.DBWrapper.insert(DBWrapper.java:227)
	at site.ycsb.workloads.CoreWorkload.doInsert(CoreWorkload.java:621)
	at site.ycsb.ClientThread.run(ClientThread.java:135)
	at java.base/java.lang.Thread.run(Thread.java:829)
Caused by: jetbrains.exodus.ExodusException
	at jetbrains.exodus.newLogConcept.garbageCollector.OperationLogGarbageCollector.moveAndRemoveRecordsFromLog(OperationLogGarbageCollector.java:69)
	at jetbrains.exodus.newLogConcept.garbageCollector.OperationLogGarbageCollector.clean(OperationLogGarbageCollector.java:51)
	at jetbrains.exodus.newLogConcept.MVCC.MVCCDataStructure.lambda$commitTransaction$1(MVCCDataStructure.java:297)
	at java.base/java.util.concurrent.Executors$RunnableAdapter.call(Executors.java:515)
	at java.base/java.util.concurrent.FutureTask.run(FutureTask.java:264)
	at java.base/java.util.concurrent.ThreadPoolExecutor.runWorker(ThreadPoolExecutor.java:1128)
	at java.base/java.util.concurrent.ThreadPoolExecutor$Worker.run(ThreadPoolExecutor.java:628)
	... 1 more
java.util.concurrent.ExecutionException: jetbrains.exodus.ExodusException
	at java.base/java.util.concurrent.FutureTask.report(FutureTask.java:122)
	at java.base/java.util.concurrent.FutureTask.get(FutureTask.java:191)
	at jetbrains.exodus.newLogConcept.MVCC.MVCCDataStructure.commitTransaction(MVCCDataStructure.java:299)
	at site.ycsb.db.XodusClient.insert(XodusClient.java:60)
	at site.ycsb.DBWrapper.insert(DBWrapper.java:227)
	at site.ycsb.workloads.CoreWorkload.doInsert(CoreWorkload.java:621)
	at site.ycsb.ClientThread.run(ClientThread.java:135)
	at java.base/java.lang.Thread.run(Thread.java:829)
Caused by: jetbrains.exodus.ExodusException
	at jetbrains.exodus.newLogConcept.garbageCollector.OperationLogGarbageCollector.moveAndRemoveRecordsFromLog(OperationLogGarbageCollector.java:69)
	at jetbrains.exodus.newLogConcept.garbageCollector.OperationLogGarbageCollector.clean(OperationLogGarbageCollector.java:51)
	at jetbrains.exodus.newLogConcept.MVCC.MVCCDataStructure.lambda$commitTransaction$1(MVCCDataStructure.java:297)
	at java.base/java.util.concurrent.Executors$RunnableAdapter.call(Executors.java:515)
	at java.base/java.util.concurrent.FutureTask.run(FutureTask.java:264)
	at java.base/java.util.concurrent.ThreadPoolExecutor.runWorker(ThreadPoolExecutor.java:1128)
	at java.base/java.util.concurrent.ThreadPoolExecutor$Worker.run(ThreadPoolExecutor.java:628)
	... 1 more
java.util.concurrent.ExecutionException: jetbrains.exodus.ExodusException
	at java.base/java.util.concurrent.FutureTask.report(FutureTask.java:122)
	at java.base/java.util.concurrent.FutureTask.get(FutureTask.java:191)
	at jetbrains.exodus.newLogConcept.MVCC.MVCCDataStructure.commitTransaction(MVCCDataStructure.java:299)
	at site.ycsb.db.XodusClient.insert(XodusClient.java:60)
	at site.ycsb.DBWrapper.insert(DBWrapper.java:227)
	at site.ycsb.workloads.CoreWorkload.doInsert(CoreWorkload.java:621)
	at site.ycsb.ClientThread.run(ClientThread.java:135)
	at java.base/java.lang.Thread.run(Thread.java:829)
Caused by: jetbrains.exodus.ExodusException
	at jetbrains.exodus.newLogConcept.garbageCollector.OperationLogGarbageCollector.moveAndRemoveRecordsFromLog(OperationLogGarbageCollector.java:69)
	at jetbrains.exodus.newLogConcept.garbageCollector.OperationLogGarbageCollector.clean(OperationLogGarbageCollector.java:51)
	at jetbrains.exodus.newLogConcept.MVCC.MVCCDataStructure.lambda$commitTransaction$1(MVCCDataStructure.java:297)
	at java.base/java.util.concurrent.Executors$RunnableAdapter.call(Executors.java:515)
	at java.base/java.util.concurrent.FutureTask.run(FutureTask.java:264)
	at java.base/java.util.concurrent.ThreadPoolExecutor.runWorker(ThreadPoolExecutor.java:1128)
	at java.base/java.util.concurrent.ThreadPoolExecutor$Worker.run(ThreadPoolExecutor.java:628)
	... 1 more
java.util.concurrent.ExecutionException: jetbrains.exodus.ExodusException
	at java.base/java.util.concurrent.FutureTask.report(FutureTask.java:122)
	at java.base/java.util.concurrent.FutureTask.get(FutureTask.java:191)
	at jetbrains.exodus.newLogConcept.MVCC.MVCCDataStructure.commitTransaction(MVCCDataStructure.java:299)
	at site.ycsb.db.XodusClient.insert(XodusClient.java:60)
	at site.ycsb.DBWrapper.insert(DBWrapper.java:227)
	at site.ycsb.workloads.CoreWorkload.doInsert(CoreWorkload.java:621)
	at site.ycsb.ClientThread.run(ClientThread.java:135)
	at java.base/java.lang.Thread.run(Thread.java:829)
Caused by: jetbrains.exodus.ExodusException
	at jetbrains.exodus.newLogConcept.garbageCollector.OperationLogGarbageCollector.moveAndRemoveRecordsFromLog(OperationLogGarbageCollector.java:69)
	at jetbrains.exodus.newLogConcept.garbageCollector.OperationLogGarbageCollector.clean(OperationLogGarbageCollector.java:51)
	at jetbrains.exodus.newLogConcept.MVCC.MVCCDataStructure.lambda$commitTransaction$1(MVCCDataStructure.java:297)
	at java.base/java.util.concurrent.Executors$RunnableAdapter.call(Executors.java:515)
	at java.base/java.util.concurrent.FutureTask.run(FutureTask.java:264)
	at java.base/java.util.concurrent.ThreadPoolExecutor.runWorker(ThreadPoolExecutor.java:1128)
	at java.base/java.util.concurrent.ThreadPoolExecutor$Worker.run(ThreadPoolExecutor.java:628)
	... 1 more
java.util.concurrent.ExecutionException: jetbrains.exodus.ExodusException
	at java.base/java.util.concurrent.FutureTask.report(FutureTask.java:122)
	at java.base/java.util.concurrent.FutureTask.get(FutureTask.java:191)
	at jetbrains.exodus.newLogConcept.MVCC.MVCCDataStructure.commitTransaction(MVCCDataStructure.java:299)
	at site.ycsb.db.XodusClient.insert(XodusClient.java:60)
	at site.ycsb.DBWrapper.insert(DBWrapper.java:227)
	at site.ycsb.workloads.CoreWorkload.doInsert(CoreWorkload.java:621)
	at site.ycsb.ClientThread.run(ClientThread.java:135)
	at java.base/java.lang.Thread.run(Thread.java:829)
Caused by: jetbrains.exodus.ExodusException
	at jetbrains.exodus.newLogConcept.garbageCollector.OperationLogGarbageCollector.moveAndRemoveRecordsFromLog(OperationLogGarbageCollector.java:69)
	at jetbrains.exodus.newLogConcept.garbageCollector.OperationLogGarbageCollector.clean(OperationLogGarbageCollector.java:51)
	at jetbrains.exodus.newLogConcept.MVCC.MVCCDataStructure.lambda$commitTransaction$1(MVCCDataStructure.java:297)
	at java.base/java.util.concurrent.Executors$RunnableAdapter.call(Executors.java:515)
	at java.base/java.util.concurrent.FutureTask.run(FutureTask.java:264)
	at java.base/java.util.concurrent.ThreadPoolExecutor.runWorker(ThreadPoolExecutor.java:1128)
	at java.base/java.util.concurrent.ThreadPoolExecutor$Worker.run(ThreadPoolExecutor.java:628)
	... 1 more
java.util.concurrent.ExecutionException: jetbrains.exodus.ExodusException
	at java.base/java.util.concurrent.FutureTask.report(FutureTask.java:122)
	at java.base/java.util.concurrent.FutureTask.get(FutureTask.java:191)
	at jetbrains.exodus.newLogConcept.MVCC.MVCCDataStructure.commitTransaction(MVCCDataStructure.java:299)
	at site.ycsb.db.XodusClient.insert(XodusClient.java:60)
	at site.ycsb.DBWrapper.insert(DBWrapper.java:227)
	at site.ycsb.workloads.CoreWorkload.doInsert(CoreWorkload.java:621)
	at site.ycsb.ClientThread.run(ClientThread.java:135)
	at java.base/java.lang.Thread.run(Thread.java:829)
Caused by: jetbrains.exodus.ExodusException
	at jetbrains.exodus.newLogConcept.garbageCollector.OperationLogGarbageCollector.moveAndRemoveRecordsFromLog(OperationLogGarbageCollector.java:69)
	at jetbrains.exodus.newLogConcept.garbageCollector.OperationLogGarbageCollector.clean(OperationLogGarbageCollector.java:51)
	at jetbrains.exodus.newLogConcept.MVCC.MVCCDataStructure.lambda$commitTransaction$1(MVCCDataStructure.java:297)
	at java.base/java.util.concurrent.Executors$RunnableAdapter.call(Executors.java:515)
	at java.base/java.util.concurrent.FutureTask.run(FutureTask.java:264)
	at java.base/java.util.concurrent.ThreadPoolExecutor.runWorker(ThreadPoolExecutor.java:1128)
	at java.base/java.util.concurrent.ThreadPoolExecutor$Worker.run(ThreadPoolExecutor.java:628)
	... 1 more
java.util.concurrent.ExecutionException: jetbrains.exodus.ExodusException
	at java.base/java.util.concurrent.FutureTask.report(FutureTask.java:122)
	at java.base/java.util.concurrent.FutureTask.get(FutureTask.java:191)
	at jetbrains.exodus.newLogConcept.MVCC.MVCCDataStructure.commitTransaction(MVCCDataStructure.java:299)
	at site.ycsb.db.XodusClient.insert(XodusClient.java:60)
	at site.ycsb.DBWrapper.insert(DBWrapper.java:227)
	at site.ycsb.workloads.CoreWorkload.doInsert(CoreWorkload.java:621)
	at site.ycsb.ClientThread.run(ClientThread.java:135)
	at java.base/java.lang.Thread.run(Thread.java:829)
Caused by: jetbrains.exodus.ExodusException
	at jetbrains.exodus.newLogConcept.garbageCollector.OperationLogGarbageCollector.moveAndRemoveRecordsFromLog(OperationLogGarbageCollector.java:69)
	at jetbrains.exodus.newLogConcept.garbageCollector.OperationLogGarbageCollector.clean(OperationLogGarbageCollector.java:51)
	at jetbrains.exodus.newLogConcept.MVCC.MVCCDataStructure.lambda$commitTransaction$1(MVCCDataStructure.java:297)
	at java.base/java.util.concurrent.Executors$RunnableAdapter.call(Executors.java:515)
	at java.base/java.util.concurrent.FutureTask.run(FutureTask.java:264)
	at java.base/java.util.concurrent.ThreadPoolExecutor.runWorker(ThreadPoolExecutor.java:1128)
	at java.base/java.util.concurrent.ThreadPoolExecutor$Worker.run(ThreadPoolExecutor.java:628)
	... 1 more
java.util.concurrent.ExecutionException: jetbrains.exodus.ExodusException
	at java.base/java.util.concurrent.FutureTask.report(FutureTask.java:122)
	at java.base/java.util.concurrent.FutureTask.get(FutureTask.java:191)
	at jetbrains.exodus.newLogConcept.MVCC.MVCCDataStructure.commitTransaction(MVCCDataStructure.java:299)
	at site.ycsb.db.XodusClient.insert(XodusClient.java:60)
	at site.ycsb.DBWrapper.insert(DBWrapper.java:227)
	at site.ycsb.workloads.CoreWorkload.doInsert(CoreWorkload.java:621)
	at site.ycsb.ClientThread.run(ClientThread.java:135)
	at java.base/java.lang.Thread.run(Thread.java:829)
Caused by: jetbrains.exodus.ExodusException
	at jetbrains.exodus.newLogConcept.garbageCollector.OperationLogGarbageCollector.moveAndRemoveRecordsFromLog(OperationLogGarbageCollector.java:69)
	at jetbrains.exodus.newLogConcept.garbageCollector.OperationLogGarbageCollector.clean(OperationLogGarbageCollector.java:51)
	at jetbrains.exodus.newLogConcept.MVCC.MVCCDataStructure.lambda$commitTransaction$1(MVCCDataStructure.java:297)
	at java.base/java.util.concurrent.Executors$RunnableAdapter.call(Executors.java:515)
	at java.base/java.util.concurrent.FutureTask.run(FutureTask.java:264)
	at java.base/java.util.concurrent.ThreadPoolExecutor.runWorker(ThreadPoolExecutor.java:1128)
	at java.base/java.util.concurrent.ThreadPoolExecutor$Worker.run(ThreadPoolExecutor.java:628)
	... 1 more
java.util.concurrent.ExecutionException: jetbrains.exodus.ExodusException
	at java.base/java.util.concurrent.FutureTask.report(FutureTask.java:122)
	at java.base/java.util.concurrent.FutureTask.get(FutureTask.java:191)
	at jetbrains.exodus.newLogConcept.MVCC.MVCCDataStructure.commitTransaction(MVCCDataStructure.java:299)
	at site.ycsb.db.XodusClient.insert(XodusClient.java:60)
	at site.ycsb.DBWrapper.insert(DBWrapper.java:227)
	at site.ycsb.workloads.CoreWorkload.doInsert(CoreWorkload.java:621)
	at site.ycsb.ClientThread.run(ClientThread.java:135)
	at java.base/java.lang.Thread.run(Thread.java:829)
Caused by: jetbrains.exodus.ExodusException
	at jetbrains.exodus.newLogConcept.garbageCollector.OperationLogGarbageCollector.moveAndRemoveRecordsFromLog(OperationLogGarbageCollector.java:69)
	at jetbrains.exodus.newLogConcept.garbageCollector.OperationLogGarbageCollector.clean(OperationLogGarbageCollector.java:51)
	at jetbrains.exodus.newLogConcept.MVCC.MVCCDataStructure.lambda$commitTransaction$1(MVCCDataStructure.java:297)
	at java.base/java.util.concurrent.Executors$RunnableAdapter.call(Executors.java:515)
	at java.base/java.util.concurrent.FutureTask.run(FutureTask.java:264)
	at java.base/java.util.concurrent.ThreadPoolExecutor.runWorker(ThreadPoolExecutor.java:1128)
	at java.base/java.util.concurrent.ThreadPoolExecutor$Worker.run(ThreadPoolExecutor.java:628)
	... 1 more
java.util.concurrent.ExecutionException: jetbrains.exodus.ExodusException
	at java.base/java.util.concurrent.FutureTask.report(FutureTask.java:122)
	at java.base/java.util.concurrent.FutureTask.get(FutureTask.java:191)
	at jetbrains.exodus.newLogConcept.MVCC.MVCCDataStructure.commitTransaction(MVCCDataStructure.java:299)
	at site.ycsb.db.XodusClient.insert(XodusClient.java:60)
	at site.ycsb.DBWrapper.insert(DBWrapper.java:227)
	at site.ycsb.workloads.CoreWorkload.doInsert(CoreWorkload.java:621)
	at site.ycsb.ClientThread.run(ClientThread.java:135)
	at java.base/java.lang.Thread.run(Thread.java:829)
Caused by: jetbrains.exodus.ExodusException
	at jetbrains.exodus.newLogConcept.garbageCollector.OperationLogGarbageCollector.moveAndRemoveRecordsFromLog(OperationLogGarbageCollector.java:69)
	at jetbrains.exodus.newLogConcept.garbageCollector.OperationLogGarbageCollector.clean(OperationLogGarbageCollector.java:51)
	at jetbrains.exodus.newLogConcept.MVCC.MVCCDataStructure.lambda$commitTransaction$1(MVCCDataStructure.java:297)
	at java.base/java.util.concurrent.Executors$RunnableAdapter.call(Executors.java:515)
	at java.base/java.util.concurrent.FutureTask.run(FutureTask.java:264)
	at java.base/java.util.concurrent.ThreadPoolExecutor.runWorker(ThreadPoolExecutor.java:1128)
	at java.base/java.util.concurrent.ThreadPoolExecutor$Worker.run(ThreadPoolExecutor.java:628)
	... 1 more
java.util.concurrent.ExecutionException: jetbrains.exodus.ExodusException
	at java.base/java.util.concurrent.FutureTask.report(FutureTask.java:122)
	at java.base/java.util.concurrent.FutureTask.get(FutureTask.java:191)
	at jetbrains.exodus.newLogConcept.MVCC.MVCCDataStructure.commitTransaction(MVCCDataStructure.java:299)
	at site.ycsb.db.XodusClient.insert(XodusClient.java:60)
	at site.ycsb.DBWrapper.insert(DBWrapper.java:227)
	at site.ycsb.workloads.CoreWorkload.doInsert(CoreWorkload.java:621)
	at site.ycsb.ClientThread.run(ClientThread.java:135)
	at java.base/java.lang.Thread.run(Thread.java:829)
Caused by: jetbrains.exodus.ExodusException
	at jetbrains.exodus.newLogConcept.garbageCollector.OperationLogGarbageCollector.moveAndRemoveRecordsFromLog(OperationLogGarbageCollector.java:69)
	at jetbrains.exodus.newLogConcept.garbageCollector.OperationLogGarbageCollector.clean(OperationLogGarbageCollector.java:51)
	at jetbrains.exodus.newLogConcept.MVCC.MVCCDataStructure.lambda$commitTransaction$1(MVCCDataStructure.java:297)
	at java.base/java.util.concurrent.Executors$RunnableAdapter.call(Executors.java:515)
	at java.base/java.util.concurrent.FutureTask.run(FutureTask.java:264)
	at java.base/java.util.concurrent.ThreadPoolExecutor.runWorker(ThreadPoolExecutor.java:1128)
	at java.base/java.util.concurrent.ThreadPoolExecutor$Worker.run(ThreadPoolExecutor.java:628)
	... 1 more
java.util.concurrent.ExecutionException: jetbrains.exodus.ExodusException
	at java.base/java.util.concurrent.FutureTask.report(FutureTask.java:122)
	at java.base/java.util.concurrent.FutureTask.get(FutureTask.java:191)
	at jetbrains.exodus.newLogConcept.MVCC.MVCCDataStructure.commitTransaction(MVCCDataStructure.java:299)
	at site.ycsb.db.XodusClient.insert(XodusClient.java:60)
	at site.ycsb.DBWrapper.insert(DBWrapper.java:227)
	at site.ycsb.workloads.CoreWorkload.doInsert(CoreWorkload.java:621)
	at site.ycsb.ClientThread.run(ClientThread.java:135)
	at java.base/java.lang.Thread.run(Thread.java:829)
Caused by: jetbrains.exodus.ExodusException
	at jetbrains.exodus.newLogConcept.garbageCollector.OperationLogGarbageCollector.moveAndRemoveRecordsFromLog(OperationLogGarbageCollector.java:69)
	at jetbrains.exodus.newLogConcept.garbageCollector.OperationLogGarbageCollector.clean(OperationLogGarbageCollector.java:51)
	at jetbrains.exodus.newLogConcept.MVCC.MVCCDataStructure.lambda$commitTransaction$1(MVCCDataStructure.java:297)
	at java.base/java.util.concurrent.Executors$RunnableAdapter.call(Executors.java:515)
	at java.base/java.util.concurrent.FutureTask.run(FutureTask.java:264)
	at java.base/java.util.concurrent.ThreadPoolExecutor.runWorker(ThreadPoolExecutor.java:1128)
	at java.base/java.util.concurrent.ThreadPoolExecutor$Worker.run(ThreadPoolExecutor.java:628)
	... 1 more
java.util.concurrent.ExecutionException: jetbrains.exodus.ExodusException
	at java.base/java.util.concurrent.FutureTask.report(FutureTask.java:122)
	at java.base/java.util.concurrent.FutureTask.get(FutureTask.java:191)
	at jetbrains.exodus.newLogConcept.MVCC.MVCCDataStructure.commitTransaction(MVCCDataStructure.java:299)
	at site.ycsb.db.XodusClient.insert(XodusClient.java:60)
	at site.ycsb.DBWrapper.insert(DBWrapper.java:227)
	at site.ycsb.workloads.CoreWorkload.doInsert(CoreWorkload.java:621)
	at site.ycsb.ClientThread.run(ClientThread.java:135)
	at java.base/java.lang.Thread.run(Thread.java:829)
Caused by: jetbrains.exodus.ExodusException
	at jetbrains.exodus.newLogConcept.garbageCollector.OperationLogGarbageCollector.moveAndRemoveRecordsFromLog(OperationLogGarbageCollector.java:69)
	at jetbrains.exodus.newLogConcept.garbageCollector.OperationLogGarbageCollector.clean(OperationLogGarbageCollector.java:51)
	at jetbrains.exodus.newLogConcept.MVCC.MVCCDataStructure.lambda$commitTransaction$1(MVCCDataStructure.java:297)
	at java.base/java.util.concurrent.Executors$RunnableAdapter.call(Executors.java:515)
	at java.base/java.util.concurrent.FutureTask.run(FutureTask.java:264)
	at java.base/java.util.concurrent.ThreadPoolExecutor.runWorker(ThreadPoolExecutor.java:1128)
	at java.base/java.util.concurrent.ThreadPoolExecutor$Worker.run(ThreadPoolExecutor.java:628)
	... 1 more
java.util.concurrent.ExecutionException: jetbrains.exodus.ExodusException
	at java.base/java.util.concurrent.FutureTask.report(FutureTask.java:122)
	at java.base/java.util.concurrent.FutureTask.get(FutureTask.java:191)
	at jetbrains.exodus.newLogConcept.MVCC.MVCCDataStructure.commitTransaction(MVCCDataStructure.java:299)
	at site.ycsb.db.XodusClient.insert(XodusClient.java:60)
	at site.ycsb.DBWrapper.insert(DBWrapper.java:227)
	at site.ycsb.workloads.CoreWorkload.doInsert(CoreWorkload.java:621)
	at site.ycsb.ClientThread.run(ClientThread.java:135)
	at java.base/java.lang.Thread.run(Thread.java:829)
Caused by: jetbrains.exodus.ExodusException
	at jetbrains.exodus.newLogConcept.garbageCollector.OperationLogGarbageCollector.moveAndRemoveRecordsFromLog(OperationLogGarbageCollector.java:69)
	at jetbrains.exodus.newLogConcept.garbageCollector.OperationLogGarbageCollector.clean(OperationLogGarbageCollector.java:51)
	at jetbrains.exodus.newLogConcept.MVCC.MVCCDataStructure.lambda$commitTransaction$1(MVCCDataStructure.java:297)
	at java.base/java.util.concurrent.Executors$RunnableAdapter.call(Executors.java:515)
	at java.base/java.util.concurrent.FutureTask.run(FutureTask.java:264)
	at java.base/java.util.concurrent.ThreadPoolExecutor.runWorker(ThreadPoolExecutor.java:1128)
	at java.base/java.util.concurrent.ThreadPoolExecutor$Worker.run(ThreadPoolExecutor.java:628)
	... 1 more
java.util.concurrent.ExecutionException: jetbrains.exodus.ExodusException
	at java.base/java.util.concurrent.FutureTask.report(FutureTask.java:122)
	at java.base/java.util.concurrent.FutureTask.get(FutureTask.java:191)
	at jetbrains.exodus.newLogConcept.MVCC.MVCCDataStructure.commitTransaction(MVCCDataStructure.java:299)
	at site.ycsb.db.XodusClient.insert(XodusClient.java:60)
	at site.ycsb.DBWrapper.insert(DBWrapper.java:227)
	at site.ycsb.workloads.CoreWorkload.doInsert(CoreWorkload.java:621)
	at site.ycsb.ClientThread.run(ClientThread.java:135)
	at java.base/java.lang.Thread.run(Thread.java:829)
Caused by: jetbrains.exodus.ExodusException
	at jetbrains.exodus.newLogConcept.garbageCollector.OperationLogGarbageCollector.moveAndRemoveRecordsFromLog(OperationLogGarbageCollector.java:69)
	at jetbrains.exodus.newLogConcept.garbageCollector.OperationLogGarbageCollector.clean(OperationLogGarbageCollector.java:51)
	at jetbrains.exodus.newLogConcept.MVCC.MVCCDataStructure.lambda$commitTransaction$1(MVCCDataStructure.java:297)
	at java.base/java.util.concurrent.Executors$RunnableAdapter.call(Executors.java:515)
	at java.base/java.util.concurrent.FutureTask.run(FutureTask.java:264)
	at java.base/java.util.concurrent.ThreadPoolExecutor.runWorker(ThreadPoolExecutor.java:1128)
	at java.base/java.util.concurrent.ThreadPoolExecutor$Worker.run(ThreadPoolExecutor.java:628)
	... 1 more
java.util.concurrent.ExecutionException: jetbrains.exodus.ExodusException
	at java.base/java.util.concurrent.FutureTask.report(FutureTask.java:122)
	at java.base/java.util.concurrent.FutureTask.get(FutureTask.java:191)
	at jetbrains.exodus.newLogConcept.MVCC.MVCCDataStructure.commitTransaction(MVCCDataStructure.java:299)
	at site.ycsb.db.XodusClient.insert(XodusClient.java:60)
	at site.ycsb.DBWrapper.insert(DBWrapper.java:227)
	at site.ycsb.workloads.CoreWorkload.doInsert(CoreWorkload.java:621)
	at site.ycsb.ClientThread.run(ClientThread.java:135)
	at java.base/java.lang.Thread.run(Thread.java:829)
Caused by: jetbrains.exodus.ExodusException
	at jetbrains.exodus.newLogConcept.garbageCollector.OperationLogGarbageCollector.moveAndRemoveRecordsFromLog(OperationLogGarbageCollector.java:69)
	at jetbrains.exodus.newLogConcept.garbageCollector.OperationLogGarbageCollector.clean(OperationLogGarbageCollector.java:51)
	at jetbrains.exodus.newLogConcept.MVCC.MVCCDataStructure.lambda$commitTransaction$1(MVCCDataStructure.java:297)
	at java.base/java.util.concurrent.Executors$RunnableAdapter.call(Executors.java:515)
	at java.base/java.util.concurrent.FutureTask.run(FutureTask.java:264)
	at java.base/java.util.concurrent.ThreadPoolExecutor.runWorker(ThreadPoolExecutor.java:1128)
	at java.base/java.util.concurrent.ThreadPoolExecutor$Worker.run(ThreadPoolExecutor.java:628)
	... 1 more
java.util.concurrent.ExecutionException: jetbrains.exodus.ExodusException
	at java.base/java.util.concurrent.FutureTask.report(FutureTask.java:122)
	at java.base/java.util.concurrent.FutureTask.get(FutureTask.java:191)
	at jetbrains.exodus.newLogConcept.MVCC.MVCCDataStructure.commitTransaction(MVCCDataStructure.java:299)
	at site.ycsb.db.XodusClient.insert(XodusClient.java:60)
	at site.ycsb.DBWrapper.insert(DBWrapper.java:227)
	at site.ycsb.workloads.CoreWorkload.doInsert(CoreWorkload.java:621)
	at site.ycsb.ClientThread.run(ClientThread.java:135)
	at java.base/java.lang.Thread.run(Thread.java:829)
Caused by: jetbrains.exodus.ExodusException
	at jetbrains.exodus.newLogConcept.garbageCollector.OperationLogGarbageCollector.moveAndRemoveRecordsFromLog(OperationLogGarbageCollector.java:69)
	at jetbrains.exodus.newLogConcept.garbageCollector.OperationLogGarbageCollector.clean(OperationLogGarbageCollector.java:51)
	at jetbrains.exodus.newLogConcept.MVCC.MVCCDataStructure.lambda$commitTransaction$1(MVCCDataStructure.java:297)
	at java.base/java.util.concurrent.Executors$RunnableAdapter.call(Executors.java:515)
	at java.base/java.util.concurrent.FutureTask.run(FutureTask.java:264)
	at java.base/java.util.concurrent.ThreadPoolExecutor.runWorker(ThreadPoolExecutor.java:1128)
	at java.base/java.util.concurrent.ThreadPoolExecutor$Worker.run(ThreadPoolExecutor.java:628)
	... 1 more
java.util.concurrent.ExecutionException: jetbrains.exodus.ExodusException
	at java.base/java.util.concurrent.FutureTask.report(FutureTask.java:122)
	at java.base/java.util.concurrent.FutureTask.get(FutureTask.java:191)
	at jetbrains.exodus.newLogConcept.MVCC.MVCCDataStructure.commitTransaction(MVCCDataStructure.java:299)
	at site.ycsb.db.XodusClient.insert(XodusClient.java:60)
	at site.ycsb.DBWrapper.insert(DBWrapper.java:227)
	at site.ycsb.workloads.CoreWorkload.doInsert(CoreWorkload.java:621)
	at site.ycsb.ClientThread.run(ClientThread.java:135)
	at java.base/java.lang.Thread.run(Thread.java:829)
Caused by: jetbrains.exodus.ExodusException
	at jetbrains.exodus.newLogConcept.garbageCollector.OperationLogGarbageCollector.moveAndRemoveRecordsFromLog(OperationLogGarbageCollector.java:69)
	at jetbrains.exodus.newLogConcept.garbageCollector.OperationLogGarbageCollector.clean(OperationLogGarbageCollector.java:51)
	at jetbrains.exodus.newLogConcept.MVCC.MVCCDataStructure.lambda$commitTransaction$1(MVCCDataStructure.java:297)
	at java.base/java.util.concurrent.Executors$RunnableAdapter.call(Executors.java:515)
	at java.base/java.util.concurrent.FutureTask.run(FutureTask.java:264)
	at java.base/java.util.concurrent.ThreadPoolExecutor.runWorker(ThreadPoolExecutor.java:1128)
	at java.base/java.util.concurrent.ThreadPoolExecutor$Worker.run(ThreadPoolExecutor.java:628)
	... 1 more
java.util.concurrent.ExecutionException: jetbrains.exodus.ExodusException
	at java.base/java.util.concurrent.FutureTask.report(FutureTask.java:122)
	at java.base/java.util.concurrent.FutureTask.get(FutureTask.java:191)
	at jetbrains.exodus.newLogConcept.MVCC.MVCCDataStructure.commitTransaction(MVCCDataStructure.java:299)
	at site.ycsb.db.XodusClient.insert(XodusClient.java:60)
	at site.ycsb.DBWrapper.insert(DBWrapper.java:227)
	at site.ycsb.workloads.CoreWorkload.doInsert(CoreWorkload.java:621)
	at site.ycsb.ClientThread.run(ClientThread.java:135)
	at java.base/java.lang.Thread.run(Thread.java:829)
Caused by: jetbrains.exodus.ExodusException
	at jetbrains.exodus.newLogConcept.garbageCollector.OperationLogGarbageCollector.moveAndRemoveRecordsFromLog(OperationLogGarbageCollector.java:69)
	at jetbrains.exodus.newLogConcept.garbageCollector.OperationLogGarbageCollector.clean(OperationLogGarbageCollector.java:51)
	at jetbrains.exodus.newLogConcept.MVCC.MVCCDataStructure.lambda$commitTransaction$1(MVCCDataStructure.java:297)
	at java.base/java.util.concurrent.Executors$RunnableAdapter.call(Executors.java:515)
	at java.base/java.util.concurrent.FutureTask.run(FutureTask.java:264)
	at java.base/java.util.concurrent.ThreadPoolExecutor.runWorker(ThreadPoolExecutor.java:1128)
	at java.base/java.util.concurrent.ThreadPoolExecutor$Worker.run(ThreadPoolExecutor.java:628)
	... 1 more
java.util.concurrent.ExecutionException: jetbrains.exodus.ExodusException
	at java.base/java.util.concurrent.FutureTask.report(FutureTask.java:122)
	at java.base/java.util.concurrent.FutureTask.get(FutureTask.java:191)
	at jetbrains.exodus.newLogConcept.MVCC.MVCCDataStructure.commitTransaction(MVCCDataStructure.java:299)
	at site.ycsb.db.XodusClient.insert(XodusClient.java:60)
	at site.ycsb.DBWrapper.insert(DBWrapper.java:227)
	at site.ycsb.workloads.CoreWorkload.doInsert(CoreWorkload.java:621)
	at site.ycsb.ClientThread.run(ClientThread.java:135)
	at java.base/java.lang.Thread.run(Thread.java:829)
Caused by: jetbrains.exodus.ExodusException
	at jetbrains.exodus.newLogConcept.garbageCollector.OperationLogGarbageCollector.moveAndRemoveRecordsFromLog(OperationLogGarbageCollector.java:69)
	at jetbrains.exodus.newLogConcept.garbageCollector.OperationLogGarbageCollector.clean(OperationLogGarbageCollector.java:51)
	at jetbrains.exodus.newLogConcept.MVCC.MVCCDataStructure.lambda$commitTransaction$1(MVCCDataStructure.java:297)
	at java.base/java.util.concurrent.Executors$RunnableAdapter.call(Executors.java:515)
	at java.base/java.util.concurrent.FutureTask.run(FutureTask.java:264)
	at java.base/java.util.concurrent.ThreadPoolExecutor.runWorker(ThreadPoolExecutor.java:1128)
	at java.base/java.util.concurrent.ThreadPoolExecutor$Worker.run(ThreadPoolExecutor.java:628)
	... 1 more
java.util.concurrent.ExecutionException: jetbrains.exodus.ExodusException
	at java.base/java.util.concurrent.FutureTask.report(FutureTask.java:122)
	at java.base/java.util.concurrent.FutureTask.get(FutureTask.java:191)
	at jetbrains.exodus.newLogConcept.MVCC.MVCCDataStructure.commitTransaction(MVCCDataStructure.java:299)
	at site.ycsb.db.XodusClient.insert(XodusClient.java:60)
	at site.ycsb.DBWrapper.insert(DBWrapper.java:227)
	at site.ycsb.workloads.CoreWorkload.doInsert(CoreWorkload.java:621)
	at site.ycsb.ClientThread.run(ClientThread.java:135)
	at java.base/java.lang.Thread.run(Thread.java:829)
Caused by: jetbrains.exodus.ExodusException
	at jetbrains.exodus.newLogConcept.garbageCollector.OperationLogGarbageCollector.moveAndRemoveRecordsFromLog(OperationLogGarbageCollector.java:69)
	at jetbrains.exodus.newLogConcept.garbageCollector.OperationLogGarbageCollector.clean(OperationLogGarbageCollector.java:51)
	at jetbrains.exodus.newLogConcept.MVCC.MVCCDataStructure.lambda$commitTransaction$1(MVCCDataStructure.java:297)
	at java.base/java.util.concurrent.Executors$RunnableAdapter.call(Executors.java:515)
	at java.base/java.util.concurrent.FutureTask.run(FutureTask.java:264)
	at java.base/java.util.concurrent.ThreadPoolExecutor.runWorker(ThreadPoolExecutor.java:1128)
	at java.base/java.util.concurrent.ThreadPoolExecutor$Worker.run(ThreadPoolExecutor.java:628)
	... 1 more
java.util.concurrent.ExecutionException: jetbrains.exodus.ExodusException
	at java.base/java.util.concurrent.FutureTask.report(FutureTask.java:122)
	at java.base/java.util.concurrent.FutureTask.get(FutureTask.java:191)
	at jetbrains.exodus.newLogConcept.MVCC.MVCCDataStructure.commitTransaction(MVCCDataStructure.java:299)
	at site.ycsb.db.XodusClient.insert(XodusClient.java:60)
	at site.ycsb.DBWrapper.insert(DBWrapper.java:227)
	at site.ycsb.workloads.CoreWorkload.doInsert(CoreWorkload.java:621)
	at site.ycsb.ClientThread.run(ClientThread.java:135)
	at java.base/java.lang.Thread.run(Thread.java:829)
Caused by: jetbrains.exodus.ExodusException
	at jetbrains.exodus.newLogConcept.garbageCollector.OperationLogGarbageCollector.moveAndRemoveRecordsFromLog(OperationLogGarbageCollector.java:69)
	at jetbrains.exodus.newLogConcept.garbageCollector.OperationLogGarbageCollector.clean(OperationLogGarbageCollector.java:51)
	at jetbrains.exodus.newLogConcept.MVCC.MVCCDataStructure.lambda$commitTransaction$1(MVCCDataStructure.java:297)
	at java.base/java.util.concurrent.Executors$RunnableAdapter.call(Executors.java:515)
	at java.base/java.util.concurrent.FutureTask.run(FutureTask.java:264)
	at java.base/java.util.concurrent.ThreadPoolExecutor.runWorker(ThreadPoolExecutor.java:1128)
	at java.base/java.util.concurrent.ThreadPoolExecutor$Worker.run(ThreadPoolExecutor.java:628)
	... 1 more
java.util.concurrent.ExecutionException: jetbrains.exodus.ExodusException
	at java.base/java.util.concurrent.FutureTask.report(FutureTask.java:122)
	at java.base/java.util.concurrent.FutureTask.get(FutureTask.java:191)
	at jetbrains.exodus.newLogConcept.MVCC.MVCCDataStructure.commitTransaction(MVCCDataStructure.java:299)
	at site.ycsb.db.XodusClient.insert(XodusClient.java:60)
	at site.ycsb.DBWrapper.insert(DBWrapper.java:227)
	at site.ycsb.workloads.CoreWorkload.doInsert(CoreWorkload.java:621)
	at site.ycsb.ClientThread.run(ClientThread.java:135)
	at java.base/java.lang.Thread.run(Thread.java:829)
Caused by: jetbrains.exodus.ExodusException
	at jetbrains.exodus.newLogConcept.garbageCollector.OperationLogGarbageCollector.moveAndRemoveRecordsFromLog(OperationLogGarbageCollector.java:69)
	at jetbrains.exodus.newLogConcept.garbageCollector.OperationLogGarbageCollector.clean(OperationLogGarbageCollector.java:51)
	at jetbrains.exodus.newLogConcept.MVCC.MVCCDataStructure.lambda$commitTransaction$1(MVCCDataStructure.java:297)
	at java.base/java.util.concurrent.Executors$RunnableAdapter.call(Executors.java:515)
	at java.base/java.util.concurrent.FutureTask.run(FutureTask.java:264)
	at java.base/java.util.concurrent.ThreadPoolExecutor.runWorker(ThreadPoolExecutor.java:1128)
	at java.base/java.util.concurrent.ThreadPoolExecutor$Worker.run(ThreadPoolExecutor.java:628)
	... 1 more
java.util.concurrent.ExecutionException: jetbrains.exodus.ExodusException
	at java.base/java.util.concurrent.FutureTask.report(FutureTask.java:122)
	at java.base/java.util.concurrent.FutureTask.get(FutureTask.java:191)
	at jetbrains.exodus.newLogConcept.MVCC.MVCCDataStructure.commitTransaction(MVCCDataStructure.java:299)
	at site.ycsb.db.XodusClient.insert(XodusClient.java:60)
	at site.ycsb.DBWrapper.insert(DBWrapper.java:227)
	at site.ycsb.workloads.CoreWorkload.doInsert(CoreWorkload.java:621)
	at site.ycsb.ClientThread.run(ClientThread.java:135)
	at java.base/java.lang.Thread.run(Thread.java:829)
Caused by: jetbrains.exodus.ExodusException
	at jetbrains.exodus.newLogConcept.garbageCollector.OperationLogGarbageCollector.moveAndRemoveRecordsFromLog(OperationLogGarbageCollector.java:69)
	at jetbrains.exodus.newLogConcept.garbageCollector.OperationLogGarbageCollector.clean(OperationLogGarbageCollector.java:51)
	at jetbrains.exodus.newLogConcept.MVCC.MVCCDataStructure.lambda$commitTransaction$1(MVCCDataStructure.java:297)
	at java.base/java.util.concurrent.Executors$RunnableAdapter.call(Executors.java:515)
	at java.base/java.util.concurrent.FutureTask.run(FutureTask.java:264)
	at java.base/java.util.concurrent.ThreadPoolExecutor.runWorker(ThreadPoolExecutor.java:1128)
	at java.base/java.util.concurrent.ThreadPoolExecutor$Worker.run(ThreadPoolExecutor.java:628)
	... 1 more
java.util.concurrent.ExecutionException: jetbrains.exodus.ExodusException
	at java.base/java.util.concurrent.FutureTask.report(FutureTask.java:122)
	at java.base/java.util.concurrent.FutureTask.get(FutureTask.java:191)
	at jetbrains.exodus.newLogConcept.MVCC.MVCCDataStructure.commitTransaction(MVCCDataStructure.java:299)
	at site.ycsb.db.XodusClient.insert(XodusClient.java:60)
	at site.ycsb.DBWrapper.insert(DBWrapper.java:227)
	at site.ycsb.workloads.CoreWorkload.doInsert(CoreWorkload.java:621)
	at site.ycsb.ClientThread.run(ClientThread.java:135)
	at java.base/java.lang.Thread.run(Thread.java:829)
Caused by: jetbrains.exodus.ExodusException
	at jetbrains.exodus.newLogConcept.garbageCollector.OperationLogGarbageCollector.moveAndRemoveRecordsFromLog(OperationLogGarbageCollector.java:69)
	at jetbrains.exodus.newLogConcept.garbageCollector.OperationLogGarbageCollector.clean(OperationLogGarbageCollector.java:51)
	at jetbrains.exodus.newLogConcept.MVCC.MVCCDataStructure.lambda$commitTransaction$1(MVCCDataStructure.java:297)
	at java.base/java.util.concurrent.Executors$RunnableAdapter.call(Executors.java:515)
	at java.base/java.util.concurrent.FutureTask.run(FutureTask.java:264)
	at java.base/java.util.concurrent.ThreadPoolExecutor.runWorker(ThreadPoolExecutor.java:1128)
	at java.base/java.util.concurrent.ThreadPoolExecutor$Worker.run(ThreadPoolExecutor.java:628)
	... 1 more
java.util.concurrent.ExecutionException: jetbrains.exodus.ExodusException
	at java.base/java.util.concurrent.FutureTask.report(FutureTask.java:122)
	at java.base/java.util.concurrent.FutureTask.get(FutureTask.java:191)
	at jetbrains.exodus.newLogConcept.MVCC.MVCCDataStructure.commitTransaction(MVCCDataStructure.java:299)
	at site.ycsb.db.XodusClient.insert(XodusClient.java:60)
	at site.ycsb.DBWrapper.insert(DBWrapper.java:227)
	at site.ycsb.workloads.CoreWorkload.doInsert(CoreWorkload.java:621)
	at site.ycsb.ClientThread.run(ClientThread.java:135)
	at java.base/java.lang.Thread.run(Thread.java:829)
Caused by: jetbrains.exodus.ExodusException
	at jetbrains.exodus.newLogConcept.garbageCollector.OperationLogGarbageCollector.moveAndRemoveRecordsFromLog(OperationLogGarbageCollector.java:69)
	at jetbrains.exodus.newLogConcept.garbageCollector.OperationLogGarbageCollector.clean(OperationLogGarbageCollector.java:51)
	at jetbrains.exodus.newLogConcept.MVCC.MVCCDataStructure.lambda$commitTransaction$1(MVCCDataStructure.java:297)
	at java.base/java.util.concurrent.Executors$RunnableAdapter.call(Executors.java:515)
	at java.base/java.util.concurrent.FutureTask.run(FutureTask.java:264)
	at java.base/java.util.concurrent.ThreadPoolExecutor.runWorker(ThreadPoolExecutor.java:1128)
	at java.base/java.util.concurrent.ThreadPoolExecutor$Worker.run(ThreadPoolExecutor.java:628)
	... 1 more
java.util.concurrent.ExecutionException: jetbrains.exodus.ExodusException
	at java.base/java.util.concurrent.FutureTask.report(FutureTask.java:122)
	at java.base/java.util.concurrent.FutureTask.get(FutureTask.java:191)
	at jetbrains.exodus.newLogConcept.MVCC.MVCCDataStructure.commitTransaction(MVCCDataStructure.java:299)
	at site.ycsb.db.XodusClient.insert(XodusClient.java:60)
	at site.ycsb.DBWrapper.insert(DBWrapper.java:227)
	at site.ycsb.workloads.CoreWorkload.doInsert(CoreWorkload.java:621)
	at site.ycsb.ClientThread.run(ClientThread.java:135)
	at java.base/java.lang.Thread.run(Thread.java:829)
Caused by: jetbrains.exodus.ExodusException
	at jetbrains.exodus.newLogConcept.garbageCollector.OperationLogGarbageCollector.moveAndRemoveRecordsFromLog(OperationLogGarbageCollector.java:69)
	at jetbrains.exodus.newLogConcept.garbageCollector.OperationLogGarbageCollector.clean(OperationLogGarbageCollector.java:51)
	at jetbrains.exodus.newLogConcept.MVCC.MVCCDataStructure.lambda$commitTransaction$1(MVCCDataStructure.java:297)
	at java.base/java.util.concurrent.Executors$RunnableAdapter.call(Executors.java:515)
	at java.base/java.util.concurrent.FutureTask.run(FutureTask.java:264)
	at java.base/java.util.concurrent.ThreadPoolExecutor.runWorker(ThreadPoolExecutor.java:1128)
	at java.base/java.util.concurrent.ThreadPoolExecutor$Worker.run(ThreadPoolExecutor.java:628)
	... 1 more
java.util.concurrent.ExecutionException: jetbrains.exodus.ExodusException
	at java.base/java.util.concurrent.FutureTask.report(FutureTask.java:122)
	at java.base/java.util.concurrent.FutureTask.get(FutureTask.java:191)
	at jetbrains.exodus.newLogConcept.MVCC.MVCCDataStructure.commitTransaction(MVCCDataStructure.java:299)
	at site.ycsb.db.XodusClient.insert(XodusClient.java:60)
	at site.ycsb.DBWrapper.insert(DBWrapper.java:227)
	at site.ycsb.workloads.CoreWorkload.doInsert(CoreWorkload.java:621)
	at site.ycsb.ClientThread.run(ClientThread.java:135)
	at java.base/java.lang.Thread.run(Thread.java:829)
Caused by: jetbrains.exodus.ExodusException
	at jetbrains.exodus.newLogConcept.garbageCollector.OperationLogGarbageCollector.moveAndRemoveRecordsFromLog(OperationLogGarbageCollector.java:69)
	at jetbrains.exodus.newLogConcept.garbageCollector.OperationLogGarbageCollector.clean(OperationLogGarbageCollector.java:51)
	at jetbrains.exodus.newLogConcept.MVCC.MVCCDataStructure.lambda$commitTransaction$1(MVCCDataStructure.java:297)
	at java.base/java.util.concurrent.Executors$RunnableAdapter.call(Executors.java:515)
	at java.base/java.util.concurrent.FutureTask.run(FutureTask.java:264)
	at java.base/java.util.concurrent.ThreadPoolExecutor.runWorker(ThreadPoolExecutor.java:1128)
	at java.base/java.util.concurrent.ThreadPoolExecutor$Worker.run(ThreadPoolExecutor.java:628)
	... 1 more
java.util.concurrent.ExecutionException: jetbrains.exodus.ExodusException
	at java.base/java.util.concurrent.FutureTask.report(FutureTask.java:122)
	at java.base/java.util.concurrent.FutureTask.get(FutureTask.java:191)
	at jetbrains.exodus.newLogConcept.MVCC.MVCCDataStructure.commitTransaction(MVCCDataStructure.java:299)
	at site.ycsb.db.XodusClient.insert(XodusClient.java:60)
	at site.ycsb.DBWrapper.insert(DBWrapper.java:227)
	at site.ycsb.workloads.CoreWorkload.doInsert(CoreWorkload.java:621)
	at site.ycsb.ClientThread.run(ClientThread.java:135)
	at java.base/java.lang.Thread.run(Thread.java:829)
Caused by: jetbrains.exodus.ExodusException
	at jetbrains.exodus.newLogConcept.garbageCollector.OperationLogGarbageCollector.moveAndRemoveRecordsFromLog(OperationLogGarbageCollector.java:69)
	at jetbrains.exodus.newLogConcept.garbageCollector.OperationLogGarbageCollector.clean(OperationLogGarbageCollector.java:51)
	at jetbrains.exodus.newLogConcept.MVCC.MVCCDataStructure.lambda$commitTransaction$1(MVCCDataStructure.java:297)
	at java.base/java.util.concurrent.Executors$RunnableAdapter.call(Executors.java:515)
	at java.base/java.util.concurrent.FutureTask.run(FutureTask.java:264)
	at java.base/java.util.concurrent.ThreadPoolExecutor.runWorker(ThreadPoolExecutor.java:1128)
	at java.base/java.util.concurrent.ThreadPoolExecutor$Worker.run(ThreadPoolExecutor.java:628)
	... 1 more
java.util.concurrent.ExecutionException: jetbrains.exodus.ExodusException
	at java.base/java.util.concurrent.FutureTask.report(FutureTask.java:122)
	at java.base/java.util.concurrent.FutureTask.get(FutureTask.java:191)
	at jetbrains.exodus.newLogConcept.MVCC.MVCCDataStructure.commitTransaction(MVCCDataStructure.java:299)
	at site.ycsb.db.XodusClient.insert(XodusClient.java:60)
	at site.ycsb.DBWrapper.insert(DBWrapper.java:227)
	at site.ycsb.workloads.CoreWorkload.doInsert(CoreWorkload.java:621)
	at site.ycsb.ClientThread.run(ClientThread.java:135)
	at java.base/java.lang.Thread.run(Thread.java:829)
Caused by: jetbrains.exodus.ExodusException
	at jetbrains.exodus.newLogConcept.garbageCollector.OperationLogGarbageCollector.moveAndRemoveRecordsFromLog(OperationLogGarbageCollector.java:69)
	at jetbrains.exodus.newLogConcept.garbageCollector.OperationLogGarbageCollector.clean(OperationLogGarbageCollector.java:51)
	at jetbrains.exodus.newLogConcept.MVCC.MVCCDataStructure.lambda$commitTransaction$1(MVCCDataStructure.java:297)
	at java.base/java.util.concurrent.Executors$RunnableAdapter.call(Executors.java:515)
	at java.base/java.util.concurrent.FutureTask.run(FutureTask.java:264)
	at java.base/java.util.concurrent.ThreadPoolExecutor.runWorker(ThreadPoolExecutor.java:1128)
	at java.base/java.util.concurrent.ThreadPoolExecutor$Worker.run(ThreadPoolExecutor.java:628)
	... 1 more
java.util.concurrent.ExecutionException: jetbrains.exodus.ExodusException
	at java.base/java.util.concurrent.FutureTask.report(FutureTask.java:122)
	at java.base/java.util.concurrent.FutureTask.get(FutureTask.java:191)
	at jetbrains.exodus.newLogConcept.MVCC.MVCCDataStructure.commitTransaction(MVCCDataStructure.java:299)
	at site.ycsb.db.XodusClient.insert(XodusClient.java:60)
	at site.ycsb.DBWrapper.insert(DBWrapper.java:227)
	at site.ycsb.workloads.CoreWorkload.doInsert(CoreWorkload.java:621)
	at site.ycsb.ClientThread.run(ClientThread.java:135)
	at java.base/java.lang.Thread.run(Thread.java:829)
Caused by: jetbrains.exodus.ExodusException
	at jetbrains.exodus.newLogConcept.garbageCollector.OperationLogGarbageCollector.moveAndRemoveRecordsFromLog(OperationLogGarbageCollector.java:69)
	at jetbrains.exodus.newLogConcept.garbageCollector.OperationLogGarbageCollector.clean(OperationLogGarbageCollector.java:51)
	at jetbrains.exodus.newLogConcept.MVCC.MVCCDataStructure.lambda$commitTransaction$1(MVCCDataStructure.java:297)
	at java.base/java.util.concurrent.Executors$RunnableAdapter.call(Executors.java:515)
	at java.base/java.util.concurrent.FutureTask.run(FutureTask.java:264)
	at java.base/java.util.concurrent.ThreadPoolExecutor.runWorker(ThreadPoolExecutor.java:1128)
	at java.base/java.util.concurrent.ThreadPoolExecutor$Worker.run(ThreadPoolExecutor.java:628)
	... 1 more
java.util.concurrent.ExecutionException: jetbrains.exodus.ExodusException
	at java.base/java.util.concurrent.FutureTask.report(FutureTask.java:122)
	at java.base/java.util.concurrent.FutureTask.get(FutureTask.java:191)
	at jetbrains.exodus.newLogConcept.MVCC.MVCCDataStructure.commitTransaction(MVCCDataStructure.java:299)
	at site.ycsb.db.XodusClient.insert(XodusClient.java:60)
	at site.ycsb.DBWrapper.insert(DBWrapper.java:227)
	at site.ycsb.workloads.CoreWorkload.doInsert(CoreWorkload.java:621)
	at site.ycsb.ClientThread.run(ClientThread.java:135)
	at java.base/java.lang.Thread.run(Thread.java:829)
Caused by: jetbrains.exodus.ExodusException
	at jetbrains.exodus.newLogConcept.garbageCollector.OperationLogGarbageCollector.moveAndRemoveRecordsFromLog(OperationLogGarbageCollector.java:69)
	at jetbrains.exodus.newLogConcept.garbageCollector.OperationLogGarbageCollector.clean(OperationLogGarbageCollector.java:51)
	at jetbrains.exodus.newLogConcept.MVCC.MVCCDataStructure.lambda$commitTransaction$1(MVCCDataStructure.java:297)
	at java.base/java.util.concurrent.Executors$RunnableAdapter.call(Executors.java:515)
	at java.base/java.util.concurrent.FutureTask.run(FutureTask.java:264)
	at java.base/java.util.concurrent.ThreadPoolExecutor.runWorker(ThreadPoolExecutor.java:1128)
	at java.base/java.util.concurrent.ThreadPoolExecutor$Worker.run(ThreadPoolExecutor.java:628)
	... 1 more
java.util.concurrent.ExecutionException: jetbrains.exodus.ExodusException
	at java.base/java.util.concurrent.FutureTask.report(FutureTask.java:122)
	at java.base/java.util.concurrent.FutureTask.get(FutureTask.java:191)
	at jetbrains.exodus.newLogConcept.MVCC.MVCCDataStructure.commitTransaction(MVCCDataStructure.java:299)
	at site.ycsb.db.XodusClient.insert(XodusClient.java:60)
	at site.ycsb.DBWrapper.insert(DBWrapper.java:227)
	at site.ycsb.workloads.CoreWorkload.doInsert(CoreWorkload.java:621)
	at site.ycsb.ClientThread.run(ClientThread.java:135)
	at java.base/java.lang.Thread.run(Thread.java:829)
Caused by: jetbrains.exodus.ExodusException
	at jetbrains.exodus.newLogConcept.garbageCollector.OperationLogGarbageCollector.moveAndRemoveRecordsFromLog(OperationLogGarbageCollector.java:69)
	at jetbrains.exodus.newLogConcept.garbageCollector.OperationLogGarbageCollector.clean(OperationLogGarbageCollector.java:51)
	at jetbrains.exodus.newLogConcept.MVCC.MVCCDataStructure.lambda$commitTransaction$1(MVCCDataStructure.java:297)
	at java.base/java.util.concurrent.Executors$RunnableAdapter.call(Executors.java:515)
	at java.base/java.util.concurrent.FutureTask.run(FutureTask.java:264)
	at java.base/java.util.concurrent.ThreadPoolExecutor.runWorker(ThreadPoolExecutor.java:1128)
	at java.base/java.util.concurrent.ThreadPoolExecutor$Worker.run(ThreadPoolExecutor.java:628)
	... 1 more
java.util.concurrent.ExecutionException: jetbrains.exodus.ExodusException
	at java.base/java.util.concurrent.FutureTask.report(FutureTask.java:122)
	at java.base/java.util.concurrent.FutureTask.get(FutureTask.java:191)
	at jetbrains.exodus.newLogConcept.MVCC.MVCCDataStructure.commitTransaction(MVCCDataStructure.java:299)
	at site.ycsb.db.XodusClient.insert(XodusClient.java:60)
	at site.ycsb.DBWrapper.insert(DBWrapper.java:227)
	at site.ycsb.workloads.CoreWorkload.doInsert(CoreWorkload.java:621)
	at site.ycsb.ClientThread.run(ClientThread.java:135)
	at java.base/java.lang.Thread.run(Thread.java:829)
Caused by: jetbrains.exodus.ExodusException
	at jetbrains.exodus.newLogConcept.garbageCollector.OperationLogGarbageCollector.moveAndRemoveRecordsFromLog(OperationLogGarbageCollector.java:69)
	at jetbrains.exodus.newLogConcept.garbageCollector.OperationLogGarbageCollector.clean(OperationLogGarbageCollector.java:51)
	at jetbrains.exodus.newLogConcept.MVCC.MVCCDataStructure.lambda$commitTransaction$1(MVCCDataStructure.java:297)
	at java.base/java.util.concurrent.Executors$RunnableAdapter.call(Executors.java:515)
	at java.base/java.util.concurrent.FutureTask.run(FutureTask.java:264)
	at java.base/java.util.concurrent.ThreadPoolExecutor.runWorker(ThreadPoolExecutor.java:1128)
	at java.base/java.util.concurrent.ThreadPoolExecutor$Worker.run(ThreadPoolExecutor.java:628)
	... 1 more
java.util.concurrent.ExecutionException: jetbrains.exodus.ExodusException
	at java.base/java.util.concurrent.FutureTask.report(FutureTask.java:122)
	at java.base/java.util.concurrent.FutureTask.get(FutureTask.java:191)
	at jetbrains.exodus.newLogConcept.MVCC.MVCCDataStructure.commitTransaction(MVCCDataStructure.java:299)
	at site.ycsb.db.XodusClient.insert(XodusClient.java:60)
	at site.ycsb.DBWrapper.insert(DBWrapper.java:227)
	at site.ycsb.workloads.CoreWorkload.doInsert(CoreWorkload.java:621)
	at site.ycsb.ClientThread.run(ClientThread.java:135)
	at java.base/java.lang.Thread.run(Thread.java:829)
Caused by: jetbrains.exodus.ExodusException
	at jetbrains.exodus.newLogConcept.garbageCollector.OperationLogGarbageCollector.moveAndRemoveRecordsFromLog(OperationLogGarbageCollector.java:69)
	at jetbrains.exodus.newLogConcept.garbageCollector.OperationLogGarbageCollector.clean(OperationLogGarbageCollector.java:51)
	at jetbrains.exodus.newLogConcept.MVCC.MVCCDataStructure.lambda$commitTransaction$1(MVCCDataStructure.java:297)
	at java.base/java.util.concurrent.Executors$RunnableAdapter.call(Executors.java:515)
	at java.base/java.util.concurrent.FutureTask.run(FutureTask.java:264)
	at java.base/java.util.concurrent.ThreadPoolExecutor.runWorker(ThreadPoolExecutor.java:1128)
	at java.base/java.util.concurrent.ThreadPoolExecutor$Worker.run(ThreadPoolExecutor.java:628)
	... 1 more
java.util.concurrent.ExecutionException: jetbrains.exodus.ExodusException
	at java.base/java.util.concurrent.FutureTask.report(FutureTask.java:122)
	at java.base/java.util.concurrent.FutureTask.get(FutureTask.java:191)
	at jetbrains.exodus.newLogConcept.MVCC.MVCCDataStructure.commitTransaction(MVCCDataStructure.java:299)
	at site.ycsb.db.XodusClient.insert(XodusClient.java:60)
	at site.ycsb.DBWrapper.insert(DBWrapper.java:227)
	at site.ycsb.workloads.CoreWorkload.doInsert(CoreWorkload.java:621)
	at site.ycsb.ClientThread.run(ClientThread.java:135)
	at java.base/java.lang.Thread.run(Thread.java:829)
Caused by: jetbrains.exodus.ExodusException
	at jetbrains.exodus.newLogConcept.garbageCollector.OperationLogGarbageCollector.moveAndRemoveRecordsFromLog(OperationLogGarbageCollector.java:69)
	at jetbrains.exodus.newLogConcept.garbageCollector.OperationLogGarbageCollector.clean(OperationLogGarbageCollector.java:51)
	at jetbrains.exodus.newLogConcept.MVCC.MVCCDataStructure.lambda$commitTransaction$1(MVCCDataStructure.java:297)
	at java.base/java.util.concurrent.Executors$RunnableAdapter.call(Executors.java:515)
	at java.base/java.util.concurrent.FutureTask.run(FutureTask.java:264)
	at java.base/java.util.concurrent.ThreadPoolExecutor.runWorker(ThreadPoolExecutor.java:1128)
	at java.base/java.util.concurrent.ThreadPoolExecutor$Worker.run(ThreadPoolExecutor.java:628)
	... 1 more
java.util.concurrent.ExecutionException: jetbrains.exodus.ExodusException
	at java.base/java.util.concurrent.FutureTask.report(FutureTask.java:122)
	at java.base/java.util.concurrent.FutureTask.get(FutureTask.java:191)
	at jetbrains.exodus.newLogConcept.MVCC.MVCCDataStructure.commitTransaction(MVCCDataStructure.java:299)
	at site.ycsb.db.XodusClient.insert(XodusClient.java:60)
	at site.ycsb.DBWrapper.insert(DBWrapper.java:227)
	at site.ycsb.workloads.CoreWorkload.doInsert(CoreWorkload.java:621)
	at site.ycsb.ClientThread.run(ClientThread.java:135)
	at java.base/java.lang.Thread.run(Thread.java:829)
Caused by: jetbrains.exodus.ExodusException
	at jetbrains.exodus.newLogConcept.garbageCollector.OperationLogGarbageCollector.moveAndRemoveRecordsFromLog(OperationLogGarbageCollector.java:69)
	at jetbrains.exodus.newLogConcept.garbageCollector.OperationLogGarbageCollector.clean(OperationLogGarbageCollector.java:51)
	at jetbrains.exodus.newLogConcept.MVCC.MVCCDataStructure.lambda$commitTransaction$1(MVCCDataStructure.java:297)
	at java.base/java.util.concurrent.Executors$RunnableAdapter.call(Executors.java:515)
	at java.base/java.util.concurrent.FutureTask.run(FutureTask.java:264)
	at java.base/java.util.concurrent.ThreadPoolExecutor.runWorker(ThreadPoolExecutor.java:1128)
	at java.base/java.util.concurrent.ThreadPoolExecutor$Worker.run(ThreadPoolExecutor.java:628)
	... 1 more
java.util.concurrent.ExecutionException: jetbrains.exodus.ExodusException
	at java.base/java.util.concurrent.FutureTask.report(FutureTask.java:122)
	at java.base/java.util.concurrent.FutureTask.get(FutureTask.java:191)
	at jetbrains.exodus.newLogConcept.MVCC.MVCCDataStructure.commitTransaction(MVCCDataStructure.java:299)
	at site.ycsb.db.XodusClient.insert(XodusClient.java:60)
	at site.ycsb.DBWrapper.insert(DBWrapper.java:227)
	at site.ycsb.workloads.CoreWorkload.doInsert(CoreWorkload.java:621)
	at site.ycsb.ClientThread.run(ClientThread.java:135)
	at java.base/java.lang.Thread.run(Thread.java:829)
Caused by: jetbrains.exodus.ExodusException
	at jetbrains.exodus.newLogConcept.garbageCollector.OperationLogGarbageCollector.moveAndRemoveRecordsFromLog(OperationLogGarbageCollector.java:69)
	at jetbrains.exodus.newLogConcept.garbageCollector.OperationLogGarbageCollector.clean(OperationLogGarbageCollector.java:51)
	at jetbrains.exodus.newLogConcept.MVCC.MVCCDataStructure.lambda$commitTransaction$1(MVCCDataStructure.java:297)
	at java.base/java.util.concurrent.Executors$RunnableAdapter.call(Executors.java:515)
	at java.base/java.util.concurrent.FutureTask.run(FutureTask.java:264)
	at java.base/java.util.concurrent.ThreadPoolExecutor.runWorker(ThreadPoolExecutor.java:1128)
	at java.base/java.util.concurrent.ThreadPoolExecutor$Worker.run(ThreadPoolExecutor.java:628)
	... 1 more
java.util.concurrent.ExecutionException: jetbrains.exodus.ExodusException
	at java.base/java.util.concurrent.FutureTask.report(FutureTask.java:122)
	at java.base/java.util.concurrent.FutureTask.get(FutureTask.java:191)
	at jetbrains.exodus.newLogConcept.MVCC.MVCCDataStructure.commitTransaction(MVCCDataStructure.java:299)
	at site.ycsb.db.XodusClient.insert(XodusClient.java:60)
	at site.ycsb.DBWrapper.insert(DBWrapper.java:227)
	at site.ycsb.workloads.CoreWorkload.doInsert(CoreWorkload.java:621)
	at site.ycsb.ClientThread.run(ClientThread.java:135)
	at java.base/java.lang.Thread.run(Thread.java:829)
Caused by: jetbrains.exodus.ExodusException
	at jetbrains.exodus.newLogConcept.garbageCollector.OperationLogGarbageCollector.moveAndRemoveRecordsFromLog(OperationLogGarbageCollector.java:69)
	at jetbrains.exodus.newLogConcept.garbageCollector.OperationLogGarbageCollector.clean(OperationLogGarbageCollector.java:51)
	at jetbrains.exodus.newLogConcept.MVCC.MVCCDataStructure.lambda$commitTransaction$1(MVCCDataStructure.java:297)
	at java.base/java.util.concurrent.Executors$RunnableAdapter.call(Executors.java:515)
	at java.base/java.util.concurrent.FutureTask.run(FutureTask.java:264)
	at java.base/java.util.concurrent.ThreadPoolExecutor.runWorker(ThreadPoolExecutor.java:1128)
	at java.base/java.util.concurrent.ThreadPoolExecutor$Worker.run(ThreadPoolExecutor.java:628)
	... 1 more
java.util.concurrent.ExecutionException: jetbrains.exodus.ExodusException
	at java.base/java.util.concurrent.FutureTask.report(FutureTask.java:122)
	at java.base/java.util.concurrent.FutureTask.get(FutureTask.java:191)
	at jetbrains.exodus.newLogConcept.MVCC.MVCCDataStructure.commitTransaction(MVCCDataStructure.java:299)
	at site.ycsb.db.XodusClient.insert(XodusClient.java:60)
	at site.ycsb.DBWrapper.insert(DBWrapper.java:227)
	at site.ycsb.workloads.CoreWorkload.doInsert(CoreWorkload.java:621)
	at site.ycsb.ClientThread.run(ClientThread.java:135)
	at java.base/java.lang.Thread.run(Thread.java:829)
Caused by: jetbrains.exodus.ExodusException
	at jetbrains.exodus.newLogConcept.garbageCollector.OperationLogGarbageCollector.moveAndRemoveRecordsFromLog(OperationLogGarbageCollector.java:69)
	at jetbrains.exodus.newLogConcept.garbageCollector.OperationLogGarbageCollector.clean(OperationLogGarbageCollector.java:51)
	at jetbrains.exodus.newLogConcept.MVCC.MVCCDataStructure.lambda$commitTransaction$1(MVCCDataStructure.java:297)
	at java.base/java.util.concurrent.Executors$RunnableAdapter.call(Executors.java:515)
	at java.base/java.util.concurrent.FutureTask.run(FutureTask.java:264)
	at java.base/java.util.concurrent.ThreadPoolExecutor.runWorker(ThreadPoolExecutor.java:1128)
	at java.base/java.util.concurrent.ThreadPoolExecutor$Worker.run(ThreadPoolExecutor.java:628)
	... 1 more
java.util.concurrent.ExecutionException: jetbrains.exodus.ExodusException
	at java.base/java.util.concurrent.FutureTask.report(FutureTask.java:122)
	at java.base/java.util.concurrent.FutureTask.get(FutureTask.java:191)
	at jetbrains.exodus.newLogConcept.MVCC.MVCCDataStructure.commitTransaction(MVCCDataStructure.java:299)
	at site.ycsb.db.XodusClient.insert(XodusClient.java:60)
	at site.ycsb.DBWrapper.insert(DBWrapper.java:227)
	at site.ycsb.workloads.CoreWorkload.doInsert(CoreWorkload.java:621)
	at site.ycsb.ClientThread.run(ClientThread.java:135)
	at java.base/java.lang.Thread.run(Thread.java:829)
Caused by: jetbrains.exodus.ExodusException
	at jetbrains.exodus.newLogConcept.garbageCollector.OperationLogGarbageCollector.moveAndRemoveRecordsFromLog(OperationLogGarbageCollector.java:69)
	at jetbrains.exodus.newLogConcept.garbageCollector.OperationLogGarbageCollector.clean(OperationLogGarbageCollector.java:51)
	at jetbrains.exodus.newLogConcept.MVCC.MVCCDataStructure.lambda$commitTransaction$1(MVCCDataStructure.java:297)
	at java.base/java.util.concurrent.Executors$RunnableAdapter.call(Executors.java:515)
	at java.base/java.util.concurrent.FutureTask.run(FutureTask.java:264)
	at java.base/java.util.concurrent.ThreadPoolExecutor.runWorker(ThreadPoolExecutor.java:1128)
	at java.base/java.util.concurrent.ThreadPoolExecutor$Worker.run(ThreadPoolExecutor.java:628)
	... 1 more
java.util.concurrent.ExecutionException: jetbrains.exodus.ExodusException
	at java.base/java.util.concurrent.FutureTask.report(FutureTask.java:122)
	at java.base/java.util.concurrent.FutureTask.get(FutureTask.java:191)
	at jetbrains.exodus.newLogConcept.MVCC.MVCCDataStructure.commitTransaction(MVCCDataStructure.java:299)
	at site.ycsb.db.XodusClient.insert(XodusClient.java:60)
	at site.ycsb.DBWrapper.insert(DBWrapper.java:227)
	at site.ycsb.workloads.CoreWorkload.doInsert(CoreWorkload.java:621)
	at site.ycsb.ClientThread.run(ClientThread.java:135)
	at java.base/java.lang.Thread.run(Thread.java:829)
Caused by: jetbrains.exodus.ExodusException
	at jetbrains.exodus.newLogConcept.garbageCollector.OperationLogGarbageCollector.moveAndRemoveRecordsFromLog(OperationLogGarbageCollector.java:69)
	at jetbrains.exodus.newLogConcept.garbageCollector.OperationLogGarbageCollector.clean(OperationLogGarbageCollector.java:51)
	at jetbrains.exodus.newLogConcept.MVCC.MVCCDataStructure.lambda$commitTransaction$1(MVCCDataStructure.java:297)
	at java.base/java.util.concurrent.Executors$RunnableAdapter.call(Executors.java:515)
	at java.base/java.util.concurrent.FutureTask.run(FutureTask.java:264)
	at java.base/java.util.concurrent.ThreadPoolExecutor.runWorker(ThreadPoolExecutor.java:1128)
	at java.base/java.util.concurrent.ThreadPoolExecutor$Worker.run(ThreadPoolExecutor.java:628)
	... 1 more
java.util.concurrent.ExecutionException: jetbrains.exodus.ExodusException
	at java.base/java.util.concurrent.FutureTask.report(FutureTask.java:122)
	at java.base/java.util.concurrent.FutureTask.get(FutureTask.java:191)
	at jetbrains.exodus.newLogConcept.MVCC.MVCCDataStructure.commitTransaction(MVCCDataStructure.java:299)
	at site.ycsb.db.XodusClient.insert(XodusClient.java:60)
	at site.ycsb.DBWrapper.insert(DBWrapper.java:227)
	at site.ycsb.workloads.CoreWorkload.doInsert(CoreWorkload.java:621)
	at site.ycsb.ClientThread.run(ClientThread.java:135)
	at java.base/java.lang.Thread.run(Thread.java:829)
Caused by: jetbrains.exodus.ExodusException
	at jetbrains.exodus.newLogConcept.garbageCollector.OperationLogGarbageCollector.moveAndRemoveRecordsFromLog(OperationLogGarbageCollector.java:69)
	at jetbrains.exodus.newLogConcept.garbageCollector.OperationLogGarbageCollector.clean(OperationLogGarbageCollector.java:51)
	at jetbrains.exodus.newLogConcept.MVCC.MVCCDataStructure.lambda$commitTransaction$1(MVCCDataStructure.java:297)
	at java.base/java.util.concurrent.Executors$RunnableAdapter.call(Executors.java:515)
	at java.base/java.util.concurrent.FutureTask.run(FutureTask.java:264)
	at java.base/java.util.concurrent.ThreadPoolExecutor.runWorker(ThreadPoolExecutor.java:1128)
	at java.base/java.util.concurrent.ThreadPoolExecutor$Worker.run(ThreadPoolExecutor.java:628)
	... 1 more
java.util.concurrent.ExecutionException: jetbrains.exodus.ExodusException
	at java.base/java.util.concurrent.FutureTask.report(FutureTask.java:122)
	at java.base/java.util.concurrent.FutureTask.get(FutureTask.java:191)
	at jetbrains.exodus.newLogConcept.MVCC.MVCCDataStructure.commitTransaction(MVCCDataStructure.java:299)
	at site.ycsb.db.XodusClient.insert(XodusClient.java:60)
	at site.ycsb.DBWrapper.insert(DBWrapper.java:227)
	at site.ycsb.workloads.CoreWorkload.doInsert(CoreWorkload.java:621)
	at site.ycsb.ClientThread.run(ClientThread.java:135)
	at java.base/java.lang.Thread.run(Thread.java:829)
Caused by: jetbrains.exodus.ExodusException
	at jetbrains.exodus.newLogConcept.garbageCollector.OperationLogGarbageCollector.moveAndRemoveRecordsFromLog(OperationLogGarbageCollector.java:69)
	at jetbrains.exodus.newLogConcept.garbageCollector.OperationLogGarbageCollector.clean(OperationLogGarbageCollector.java:51)
	at jetbrains.exodus.newLogConcept.MVCC.MVCCDataStructure.lambda$commitTransaction$1(MVCCDataStructure.java:297)
	at java.base/java.util.concurrent.Executors$RunnableAdapter.call(Executors.java:515)
	at java.base/java.util.concurrent.FutureTask.run(FutureTask.java:264)
	at java.base/java.util.concurrent.ThreadPoolExecutor.runWorker(ThreadPoolExecutor.java:1128)
	at java.base/java.util.concurrent.ThreadPoolExecutor$Worker.run(ThreadPoolExecutor.java:628)
	... 1 more
java.util.concurrent.ExecutionException: jetbrains.exodus.ExodusException
	at java.base/java.util.concurrent.FutureTask.report(FutureTask.java:122)
	at java.base/java.util.concurrent.FutureTask.get(FutureTask.java:191)
	at jetbrains.exodus.newLogConcept.MVCC.MVCCDataStructure.commitTransaction(MVCCDataStructure.java:299)
	at site.ycsb.db.XodusClient.insert(XodusClient.java:60)
	at site.ycsb.DBWrapper.insert(DBWrapper.java:227)
	at site.ycsb.workloads.CoreWorkload.doInsert(CoreWorkload.java:621)
	at site.ycsb.ClientThread.run(ClientThread.java:135)
	at java.base/java.lang.Thread.run(Thread.java:829)
Caused by: jetbrains.exodus.ExodusException
	at jetbrains.exodus.newLogConcept.garbageCollector.OperationLogGarbageCollector.moveAndRemoveRecordsFromLog(OperationLogGarbageCollector.java:69)
	at jetbrains.exodus.newLogConcept.garbageCollector.OperationLogGarbageCollector.clean(OperationLogGarbageCollector.java:51)
	at jetbrains.exodus.newLogConcept.MVCC.MVCCDataStructure.lambda$commitTransaction$1(MVCCDataStructure.java:297)
	at java.base/java.util.concurrent.Executors$RunnableAdapter.call(Executors.java:515)
	at java.base/java.util.concurrent.FutureTask.run(FutureTask.java:264)
	at java.base/java.util.concurrent.ThreadPoolExecutor.runWorker(ThreadPoolExecutor.java:1128)
	at java.base/java.util.concurrent.ThreadPoolExecutor$Worker.run(ThreadPoolExecutor.java:628)
	... 1 more
java.util.concurrent.ExecutionException: jetbrains.exodus.ExodusException
	at java.base/java.util.concurrent.FutureTask.report(FutureTask.java:122)
	at java.base/java.util.concurrent.FutureTask.get(FutureTask.java:191)
	at jetbrains.exodus.newLogConcept.MVCC.MVCCDataStructure.commitTransaction(MVCCDataStructure.java:299)
	at site.ycsb.db.XodusClient.insert(XodusClient.java:60)
	at site.ycsb.DBWrapper.insert(DBWrapper.java:227)
	at site.ycsb.workloads.CoreWorkload.doInsert(CoreWorkload.java:621)
	at site.ycsb.ClientThread.run(ClientThread.java:135)
	at java.base/java.lang.Thread.run(Thread.java:829)
Caused by: jetbrains.exodus.ExodusException
	at jetbrains.exodus.newLogConcept.garbageCollector.OperationLogGarbageCollector.moveAndRemoveRecordsFromLog(OperationLogGarbageCollector.java:69)
	at jetbrains.exodus.newLogConcept.garbageCollector.OperationLogGarbageCollector.clean(OperationLogGarbageCollector.java:51)
	at jetbrains.exodus.newLogConcept.MVCC.MVCCDataStructure.lambda$commitTransaction$1(MVCCDataStructure.java:297)
	at java.base/java.util.concurrent.Executors$RunnableAdapter.call(Executors.java:515)
	at java.base/java.util.concurrent.FutureTask.run(FutureTask.java:264)
	at java.base/java.util.concurrent.ThreadPoolExecutor.runWorker(ThreadPoolExecutor.java:1128)
	at java.base/java.util.concurrent.ThreadPoolExecutor$Worker.run(ThreadPoolExecutor.java:628)
	... 1 more
java.util.concurrent.ExecutionException: jetbrains.exodus.ExodusException
	at java.base/java.util.concurrent.FutureTask.report(FutureTask.java:122)
	at java.base/java.util.concurrent.FutureTask.get(FutureTask.java:191)
	at jetbrains.exodus.newLogConcept.MVCC.MVCCDataStructure.commitTransaction(MVCCDataStructure.java:299)
	at site.ycsb.db.XodusClient.insert(XodusClient.java:60)
	at site.ycsb.DBWrapper.insert(DBWrapper.java:227)
	at site.ycsb.workloads.CoreWorkload.doInsert(CoreWorkload.java:621)
	at site.ycsb.ClientThread.run(ClientThread.java:135)
	at java.base/java.lang.Thread.run(Thread.java:829)
Caused by: jetbrains.exodus.ExodusException
	at jetbrains.exodus.newLogConcept.garbageCollector.OperationLogGarbageCollector.moveAndRemoveRecordsFromLog(OperationLogGarbageCollector.java:69)
	at jetbrains.exodus.newLogConcept.garbageCollector.OperationLogGarbageCollector.clean(OperationLogGarbageCollector.java:51)
	at jetbrains.exodus.newLogConcept.MVCC.MVCCDataStructure.lambda$commitTransaction$1(MVCCDataStructure.java:297)
	at java.base/java.util.concurrent.Executors$RunnableAdapter.call(Executors.java:515)
	at java.base/java.util.concurrent.FutureTask.run(FutureTask.java:264)
	at java.base/java.util.concurrent.ThreadPoolExecutor.runWorker(ThreadPoolExecutor.java:1128)
	at java.base/java.util.concurrent.ThreadPoolExecutor$Worker.run(ThreadPoolExecutor.java:628)
	... 1 more
java.util.concurrent.ExecutionException: jetbrains.exodus.ExodusException
	at java.base/java.util.concurrent.FutureTask.report(FutureTask.java:122)
	at java.base/java.util.concurrent.FutureTask.get(FutureTask.java:191)
	at jetbrains.exodus.newLogConcept.MVCC.MVCCDataStructure.commitTransaction(MVCCDataStructure.java:299)
	at site.ycsb.db.XodusClient.insert(XodusClient.java:60)
	at site.ycsb.DBWrapper.insert(DBWrapper.java:227)
	at site.ycsb.workloads.CoreWorkload.doInsert(CoreWorkload.java:621)
	at site.ycsb.ClientThread.run(ClientThread.java:135)
	at java.base/java.lang.Thread.run(Thread.java:829)
Caused by: jetbrains.exodus.ExodusException
	at jetbrains.exodus.newLogConcept.garbageCollector.OperationLogGarbageCollector.moveAndRemoveRecordsFromLog(OperationLogGarbageCollector.java:69)
	at jetbrains.exodus.newLogConcept.garbageCollector.OperationLogGarbageCollector.clean(OperationLogGarbageCollector.java:51)
	at jetbrains.exodus.newLogConcept.MVCC.MVCCDataStructure.lambda$commitTransaction$1(MVCCDataStructure.java:297)
	at java.base/java.util.concurrent.Executors$RunnableAdapter.call(Executors.java:515)
	at java.base/java.util.concurrent.FutureTask.run(FutureTask.java:264)
	at java.base/java.util.concurrent.ThreadPoolExecutor.runWorker(ThreadPoolExecutor.java:1128)
	at java.base/java.util.concurrent.ThreadPoolExecutor$Worker.run(ThreadPoolExecutor.java:628)
	... 1 more
java.util.concurrent.ExecutionException: jetbrains.exodus.ExodusException
	at java.base/java.util.concurrent.FutureTask.report(FutureTask.java:122)
	at java.base/java.util.concurrent.FutureTask.get(FutureTask.java:191)
	at jetbrains.exodus.newLogConcept.MVCC.MVCCDataStructure.commitTransaction(MVCCDataStructure.java:299)
	at site.ycsb.db.XodusClient.insert(XodusClient.java:60)
	at site.ycsb.DBWrapper.insert(DBWrapper.java:227)
	at site.ycsb.workloads.CoreWorkload.doInsert(CoreWorkload.java:621)
	at site.ycsb.ClientThread.run(ClientThread.java:135)
	at java.base/java.lang.Thread.run(Thread.java:829)
Caused by: jetbrains.exodus.ExodusException
	at jetbrains.exodus.newLogConcept.garbageCollector.OperationLogGarbageCollector.moveAndRemoveRecordsFromLog(OperationLogGarbageCollector.java:69)
	at jetbrains.exodus.newLogConcept.garbageCollector.OperationLogGarbageCollector.clean(OperationLogGarbageCollector.java:51)
	at jetbrains.exodus.newLogConcept.MVCC.MVCCDataStructure.lambda$commitTransaction$1(MVCCDataStructure.java:297)
	at java.base/java.util.concurrent.Executors$RunnableAdapter.call(Executors.java:515)
	at java.base/java.util.concurrent.FutureTask.run(FutureTask.java:264)
	at java.base/java.util.concurrent.ThreadPoolExecutor.runWorker(ThreadPoolExecutor.java:1128)
	at java.base/java.util.concurrent.ThreadPoolExecutor$Worker.run(ThreadPoolExecutor.java:628)
	... 1 more
java.util.concurrent.ExecutionException: jetbrains.exodus.ExodusException
	at java.base/java.util.concurrent.FutureTask.report(FutureTask.java:122)
	at java.base/java.util.concurrent.FutureTask.get(FutureTask.java:191)
	at jetbrains.exodus.newLogConcept.MVCC.MVCCDataStructure.commitTransaction(MVCCDataStructure.java:299)
	at site.ycsb.db.XodusClient.insert(XodusClient.java:60)
	at site.ycsb.DBWrapper.insert(DBWrapper.java:227)
	at site.ycsb.workloads.CoreWorkload.doInsert(CoreWorkload.java:621)
	at site.ycsb.ClientThread.run(ClientThread.java:135)
	at java.base/java.lang.Thread.run(Thread.java:829)
Caused by: jetbrains.exodus.ExodusException
	at jetbrains.exodus.newLogConcept.garbageCollector.OperationLogGarbageCollector.moveAndRemoveRecordsFromLog(OperationLogGarbageCollector.java:69)
	at jetbrains.exodus.newLogConcept.garbageCollector.OperationLogGarbageCollector.clean(OperationLogGarbageCollector.java:51)
	at jetbrains.exodus.newLogConcept.MVCC.MVCCDataStructure.lambda$commitTransaction$1(MVCCDataStructure.java:297)
	at java.base/java.util.concurrent.Executors$RunnableAdapter.call(Executors.java:515)
	at java.base/java.util.concurrent.FutureTask.run(FutureTask.java:264)
	at java.base/java.util.concurrent.ThreadPoolExecutor.runWorker(ThreadPoolExecutor.java:1128)
	at java.base/java.util.concurrent.ThreadPoolExecutor$Worker.run(ThreadPoolExecutor.java:628)
	... 1 more
java.util.concurrent.ExecutionException: jetbrains.exodus.ExodusException
	at java.base/java.util.concurrent.FutureTask.report(FutureTask.java:122)
	at java.base/java.util.concurrent.FutureTask.get(FutureTask.java:191)
	at jetbrains.exodus.newLogConcept.MVCC.MVCCDataStructure.commitTransaction(MVCCDataStructure.java:299)
	at site.ycsb.db.XodusClient.insert(XodusClient.java:60)
	at site.ycsb.DBWrapper.insert(DBWrapper.java:227)
	at site.ycsb.workloads.CoreWorkload.doInsert(CoreWorkload.java:621)
	at site.ycsb.ClientThread.run(ClientThread.java:135)
	at java.base/java.lang.Thread.run(Thread.java:829)
Caused by: jetbrains.exodus.ExodusException
	at jetbrains.exodus.newLogConcept.garbageCollector.OperationLogGarbageCollector.moveAndRemoveRecordsFromLog(OperationLogGarbageCollector.java:69)
	at jetbrains.exodus.newLogConcept.garbageCollector.OperationLogGarbageCollector.clean(OperationLogGarbageCollector.java:51)
	at jetbrains.exodus.newLogConcept.MVCC.MVCCDataStructure.lambda$commitTransaction$1(MVCCDataStructure.java:297)
	at java.base/java.util.concurrent.Executors$RunnableAdapter.call(Executors.java:515)
	at java.base/java.util.concurrent.FutureTask.run(FutureTask.java:264)
	at java.base/java.util.concurrent.ThreadPoolExecutor.runWorker(ThreadPoolExecutor.java:1128)
	at java.base/java.util.concurrent.ThreadPoolExecutor$Worker.run(ThreadPoolExecutor.java:628)
	... 1 more
java.util.concurrent.ExecutionException: jetbrains.exodus.ExodusException
	at java.base/java.util.concurrent.FutureTask.report(FutureTask.java:122)
	at java.base/java.util.concurrent.FutureTask.get(FutureTask.java:191)
	at jetbrains.exodus.newLogConcept.MVCC.MVCCDataStructure.commitTransaction(MVCCDataStructure.java:299)
	at site.ycsb.db.XodusClient.insert(XodusClient.java:60)
	at site.ycsb.DBWrapper.insert(DBWrapper.java:227)
	at site.ycsb.workloads.CoreWorkload.doInsert(CoreWorkload.java:621)
	at site.ycsb.ClientThread.run(ClientThread.java:135)
	at java.base/java.lang.Thread.run(Thread.java:829)
Caused by: jetbrains.exodus.ExodusException
	at jetbrains.exodus.newLogConcept.garbageCollector.OperationLogGarbageCollector.moveAndRemoveRecordsFromLog(OperationLogGarbageCollector.java:69)
	at jetbrains.exodus.newLogConcept.garbageCollector.OperationLogGarbageCollector.clean(OperationLogGarbageCollector.java:51)
	at jetbrains.exodus.newLogConcept.MVCC.MVCCDataStructure.lambda$commitTransaction$1(MVCCDataStructure.java:297)
	at java.base/java.util.concurrent.Executors$RunnableAdapter.call(Executors.java:515)
	at java.base/java.util.concurrent.FutureTask.run(FutureTask.java:264)
	at java.base/java.util.concurrent.ThreadPoolExecutor.runWorker(ThreadPoolExecutor.java:1128)
	at java.base/java.util.concurrent.ThreadPoolExecutor$Worker.run(ThreadPoolExecutor.java:628)
	... 1 more
java.util.concurrent.ExecutionException: jetbrains.exodus.ExodusException
	at java.base/java.util.concurrent.FutureTask.report(FutureTask.java:122)
	at java.base/java.util.concurrent.FutureTask.get(FutureTask.java:191)
	at jetbrains.exodus.newLogConcept.MVCC.MVCCDataStructure.commitTransaction(MVCCDataStructure.java:299)
	at site.ycsb.db.XodusClient.insert(XodusClient.java:60)
	at site.ycsb.DBWrapper.insert(DBWrapper.java:227)
	at site.ycsb.workloads.CoreWorkload.doInsert(CoreWorkload.java:621)
	at site.ycsb.ClientThread.run(ClientThread.java:135)
	at java.base/java.lang.Thread.run(Thread.java:829)
Caused by: jetbrains.exodus.ExodusException
	at jetbrains.exodus.newLogConcept.garbageCollector.OperationLogGarbageCollector.moveAndRemoveRecordsFromLog(OperationLogGarbageCollector.java:69)
	at jetbrains.exodus.newLogConcept.garbageCollector.OperationLogGarbageCollector.clean(OperationLogGarbageCollector.java:51)
	at jetbrains.exodus.newLogConcept.MVCC.MVCCDataStructure.lambda$commitTransaction$1(MVCCDataStructure.java:297)
	at java.base/java.util.concurrent.Executors$RunnableAdapter.call(Executors.java:515)
	at java.base/java.util.concurrent.FutureTask.run(FutureTask.java:264)
	at java.base/java.util.concurrent.ThreadPoolExecutor.runWorker(ThreadPoolExecutor.java:1128)
	at java.base/java.util.concurrent.ThreadPoolExecutor$Worker.run(ThreadPoolExecutor.java:628)
	... 1 more
java.util.concurrent.ExecutionException: jetbrains.exodus.ExodusException
	at java.base/java.util.concurrent.FutureTask.report(FutureTask.java:122)
	at java.base/java.util.concurrent.FutureTask.get(FutureTask.java:191)
	at jetbrains.exodus.newLogConcept.MVCC.MVCCDataStructure.commitTransaction(MVCCDataStructure.java:299)
	at site.ycsb.db.XodusClient.insert(XodusClient.java:60)
	at site.ycsb.DBWrapper.insert(DBWrapper.java:227)
	at site.ycsb.workloads.CoreWorkload.doInsert(CoreWorkload.java:621)
	at site.ycsb.ClientThread.run(ClientThread.java:135)
	at java.base/java.lang.Thread.run(Thread.java:829)
Caused by: jetbrains.exodus.ExodusException
	at jetbrains.exodus.newLogConcept.garbageCollector.OperationLogGarbageCollector.moveAndRemoveRecordsFromLog(OperationLogGarbageCollector.java:69)
	at jetbrains.exodus.newLogConcept.garbageCollector.OperationLogGarbageCollector.clean(OperationLogGarbageCollector.java:51)
	at jetbrains.exodus.newLogConcept.MVCC.MVCCDataStructure.lambda$commitTransaction$1(MVCCDataStructure.java:297)
	at java.base/java.util.concurrent.Executors$RunnableAdapter.call(Executors.java:515)
	at java.base/java.util.concurrent.FutureTask.run(FutureTask.java:264)
	at java.base/java.util.concurrent.ThreadPoolExecutor.runWorker(ThreadPoolExecutor.java:1128)
	at java.base/java.util.concurrent.ThreadPoolExecutor$Worker.run(ThreadPoolExecutor.java:628)
	... 1 more
java.util.concurrent.ExecutionException: jetbrains.exodus.ExodusException
	at java.base/java.util.concurrent.FutureTask.report(FutureTask.java:122)
	at java.base/java.util.concurrent.FutureTask.get(FutureTask.java:191)
	at jetbrains.exodus.newLogConcept.MVCC.MVCCDataStructure.commitTransaction(MVCCDataStructure.java:299)
	at site.ycsb.db.XodusClient.insert(XodusClient.java:60)
	at site.ycsb.DBWrapper.insert(DBWrapper.java:227)
	at site.ycsb.workloads.CoreWorkload.doInsert(CoreWorkload.java:621)
	at site.ycsb.ClientThread.run(ClientThread.java:135)
	at java.base/java.lang.Thread.run(Thread.java:829)
Caused by: jetbrains.exodus.ExodusException
	at jetbrains.exodus.newLogConcept.garbageCollector.OperationLogGarbageCollector.moveAndRemoveRecordsFromLog(OperationLogGarbageCollector.java:69)
	at jetbrains.exodus.newLogConcept.garbageCollector.OperationLogGarbageCollector.clean(OperationLogGarbageCollector.java:51)
	at jetbrains.exodus.newLogConcept.MVCC.MVCCDataStructure.lambda$commitTransaction$1(MVCCDataStructure.java:297)
	at java.base/java.util.concurrent.Executors$RunnableAdapter.call(Executors.java:515)
	at java.base/java.util.concurrent.FutureTask.run(FutureTask.java:264)
	at java.base/java.util.concurrent.ThreadPoolExecutor.runWorker(ThreadPoolExecutor.java:1128)
	at java.base/java.util.concurrent.ThreadPoolExecutor$Worker.run(ThreadPoolExecutor.java:628)
	... 1 more
java.util.concurrent.ExecutionException: jetbrains.exodus.ExodusException
	at java.base/java.util.concurrent.FutureTask.report(FutureTask.java:122)
	at java.base/java.util.concurrent.FutureTask.get(FutureTask.java:191)
	at jetbrains.exodus.newLogConcept.MVCC.MVCCDataStructure.commitTransaction(MVCCDataStructure.java:299)
	at site.ycsb.db.XodusClient.insert(XodusClient.java:60)
	at site.ycsb.DBWrapper.insert(DBWrapper.java:227)
	at site.ycsb.workloads.CoreWorkload.doInsert(CoreWorkload.java:621)
	at site.ycsb.ClientThread.run(ClientThread.java:135)
	at java.base/java.lang.Thread.run(Thread.java:829)
Caused by: jetbrains.exodus.ExodusException
	at jetbrains.exodus.newLogConcept.garbageCollector.OperationLogGarbageCollector.moveAndRemoveRecordsFromLog(OperationLogGarbageCollector.java:69)
	at jetbrains.exodus.newLogConcept.garbageCollector.OperationLogGarbageCollector.clean(OperationLogGarbageCollector.java:51)
	at jetbrains.exodus.newLogConcept.MVCC.MVCCDataStructure.lambda$commitTransaction$1(MVCCDataStructure.java:297)
	at java.base/java.util.concurrent.Executors$RunnableAdapter.call(Executors.java:515)
	at java.base/java.util.concurrent.FutureTask.run(FutureTask.java:264)
	at java.base/java.util.concurrent.ThreadPoolExecutor.runWorker(ThreadPoolExecutor.java:1128)
	at java.base/java.util.concurrent.ThreadPoolExecutor$Worker.run(ThreadPoolExecutor.java:628)
	... 1 more
java.util.concurrent.ExecutionException: jetbrains.exodus.ExodusException
	at java.base/java.util.concurrent.FutureTask.report(FutureTask.java:122)
	at java.base/java.util.concurrent.FutureTask.get(FutureTask.java:191)
	at jetbrains.exodus.newLogConcept.MVCC.MVCCDataStructure.commitTransaction(MVCCDataStructure.java:299)
	at site.ycsb.db.XodusClient.insert(XodusClient.java:60)
	at site.ycsb.DBWrapper.insert(DBWrapper.java:227)
	at site.ycsb.workloads.CoreWorkload.doInsert(CoreWorkload.java:621)
	at site.ycsb.ClientThread.run(ClientThread.java:135)
	at java.base/java.lang.Thread.run(Thread.java:829)
Caused by: jetbrains.exodus.ExodusException
	at jetbrains.exodus.newLogConcept.garbageCollector.OperationLogGarbageCollector.moveAndRemoveRecordsFromLog(OperationLogGarbageCollector.java:69)
	at jetbrains.exodus.newLogConcept.garbageCollector.OperationLogGarbageCollector.clean(OperationLogGarbageCollector.java:51)
	at jetbrains.exodus.newLogConcept.MVCC.MVCCDataStructure.lambda$commitTransaction$1(MVCCDataStructure.java:297)
	at java.base/java.util.concurrent.Executors$RunnableAdapter.call(Executors.java:515)
	at java.base/java.util.concurrent.FutureTask.run(FutureTask.java:264)
	at java.base/java.util.concurrent.ThreadPoolExecutor.runWorker(ThreadPoolExecutor.java:1128)
	at java.base/java.util.concurrent.ThreadPoolExecutor$Worker.run(ThreadPoolExecutor.java:628)
	... 1 more
java.util.concurrent.ExecutionException: jetbrains.exodus.ExodusException
	at java.base/java.util.concurrent.FutureTask.report(FutureTask.java:122)
	at java.base/java.util.concurrent.FutureTask.get(FutureTask.java:191)
	at jetbrains.exodus.newLogConcept.MVCC.MVCCDataStructure.commitTransaction(MVCCDataStructure.java:299)
	at site.ycsb.db.XodusClient.insert(XodusClient.java:60)
	at site.ycsb.DBWrapper.insert(DBWrapper.java:227)
	at site.ycsb.workloads.CoreWorkload.doInsert(CoreWorkload.java:621)
	at site.ycsb.ClientThread.run(ClientThread.java:135)
	at java.base/java.lang.Thread.run(Thread.java:829)
Caused by: jetbrains.exodus.ExodusException
	at jetbrains.exodus.newLogConcept.garbageCollector.OperationLogGarbageCollector.moveAndRemoveRecordsFromLog(OperationLogGarbageCollector.java:69)
	at jetbrains.exodus.newLogConcept.garbageCollector.OperationLogGarbageCollector.clean(OperationLogGarbageCollector.java:51)
	at jetbrains.exodus.newLogConcept.MVCC.MVCCDataStructure.lambda$commitTransaction$1(MVCCDataStructure.java:297)
	at java.base/java.util.concurrent.Executors$RunnableAdapter.call(Executors.java:515)
	at java.base/java.util.concurrent.FutureTask.run(FutureTask.java:264)
	at java.base/java.util.concurrent.ThreadPoolExecutor.runWorker(ThreadPoolExecutor.java:1128)
	at java.base/java.util.concurrent.ThreadPoolExecutor$Worker.run(ThreadPoolExecutor.java:628)
	... 1 more
java.util.concurrent.ExecutionException: jetbrains.exodus.ExodusException
	at java.base/java.util.concurrent.FutureTask.report(FutureTask.java:122)
	at java.base/java.util.concurrent.FutureTask.get(FutureTask.java:191)
	at jetbrains.exodus.newLogConcept.MVCC.MVCCDataStructure.commitTransaction(MVCCDataStructure.java:299)
	at site.ycsb.db.XodusClient.insert(XodusClient.java:60)
	at site.ycsb.DBWrapper.insert(DBWrapper.java:227)
	at site.ycsb.workloads.CoreWorkload.doInsert(CoreWorkload.java:621)
	at site.ycsb.ClientThread.run(ClientThread.java:135)
	at java.base/java.lang.Thread.run(Thread.java:829)
Caused by: jetbrains.exodus.ExodusException
	at jetbrains.exodus.newLogConcept.garbageCollector.OperationLogGarbageCollector.moveAndRemoveRecordsFromLog(OperationLogGarbageCollector.java:69)
	at jetbrains.exodus.newLogConcept.garbageCollector.OperationLogGarbageCollector.clean(OperationLogGarbageCollector.java:51)
	at jetbrains.exodus.newLogConcept.MVCC.MVCCDataStructure.lambda$commitTransaction$1(MVCCDataStructure.java:297)
	at java.base/java.util.concurrent.Executors$RunnableAdapter.call(Executors.java:515)
	at java.base/java.util.concurrent.FutureTask.run(FutureTask.java:264)
	at java.base/java.util.concurrent.ThreadPoolExecutor.runWorker(ThreadPoolExecutor.java:1128)
	at java.base/java.util.concurrent.ThreadPoolExecutor$Worker.run(ThreadPoolExecutor.java:628)
	... 1 more
java.util.concurrent.ExecutionException: jetbrains.exodus.ExodusException
	at java.base/java.util.concurrent.FutureTask.report(FutureTask.java:122)
	at java.base/java.util.concurrent.FutureTask.get(FutureTask.java:191)
	at jetbrains.exodus.newLogConcept.MVCC.MVCCDataStructure.commitTransaction(MVCCDataStructure.java:299)
	at site.ycsb.db.XodusClient.insert(XodusClient.java:60)
	at site.ycsb.DBWrapper.insert(DBWrapper.java:227)
	at site.ycsb.workloads.CoreWorkload.doInsert(CoreWorkload.java:621)
	at site.ycsb.ClientThread.run(ClientThread.java:135)
	at java.base/java.lang.Thread.run(Thread.java:829)
Caused by: jetbrains.exodus.ExodusException
	at jetbrains.exodus.newLogConcept.garbageCollector.OperationLogGarbageCollector.moveAndRemoveRecordsFromLog(OperationLogGarbageCollector.java:69)
	at jetbrains.exodus.newLogConcept.garbageCollector.OperationLogGarbageCollector.clean(OperationLogGarbageCollector.java:51)
	at jetbrains.exodus.newLogConcept.MVCC.MVCCDataStructure.lambda$commitTransaction$1(MVCCDataStructure.java:297)
	at java.base/java.util.concurrent.Executors$RunnableAdapter.call(Executors.java:515)
	at java.base/java.util.concurrent.FutureTask.run(FutureTask.java:264)
	at java.base/java.util.concurrent.ThreadPoolExecutor.runWorker(ThreadPoolExecutor.java:1128)
	at java.base/java.util.concurrent.ThreadPoolExecutor$Worker.run(ThreadPoolExecutor.java:628)
	... 1 more
java.util.concurrent.ExecutionException: jetbrains.exodus.ExodusException
	at java.base/java.util.concurrent.FutureTask.report(FutureTask.java:122)
	at java.base/java.util.concurrent.FutureTask.get(FutureTask.java:191)
	at jetbrains.exodus.newLogConcept.MVCC.MVCCDataStructure.commitTransaction(MVCCDataStructure.java:299)
	at site.ycsb.db.XodusClient.insert(XodusClient.java:60)
	at site.ycsb.DBWrapper.insert(DBWrapper.java:227)
	at site.ycsb.workloads.CoreWorkload.doInsert(CoreWorkload.java:621)
	at site.ycsb.ClientThread.run(ClientThread.java:135)
	at java.base/java.lang.Thread.run(Thread.java:829)
Caused by: jetbrains.exodus.ExodusException
	at jetbrains.exodus.newLogConcept.garbageCollector.OperationLogGarbageCollector.moveAndRemoveRecordsFromLog(OperationLogGarbageCollector.java:69)
	at jetbrains.exodus.newLogConcept.garbageCollector.OperationLogGarbageCollector.clean(OperationLogGarbageCollector.java:51)
	at jetbrains.exodus.newLogConcept.MVCC.MVCCDataStructure.lambda$commitTransaction$1(MVCCDataStructure.java:297)
	at java.base/java.util.concurrent.Executors$RunnableAdapter.call(Executors.java:515)
	at java.base/java.util.concurrent.FutureTask.run(FutureTask.java:264)
	at java.base/java.util.concurrent.ThreadPoolExecutor.runWorker(ThreadPoolExecutor.java:1128)
	at java.base/java.util.concurrent.ThreadPoolExecutor$Worker.run(ThreadPoolExecutor.java:628)
	... 1 more
java.util.concurrent.ExecutionException: jetbrains.exodus.ExodusException
	at java.base/java.util.concurrent.FutureTask.report(FutureTask.java:122)
	at java.base/java.util.concurrent.FutureTask.get(FutureTask.java:191)
	at jetbrains.exodus.newLogConcept.MVCC.MVCCDataStructure.commitTransaction(MVCCDataStructure.java:299)
	at site.ycsb.db.XodusClient.insert(XodusClient.java:60)
	at site.ycsb.DBWrapper.insert(DBWrapper.java:227)
	at site.ycsb.workloads.CoreWorkload.doInsert(CoreWorkload.java:621)
	at site.ycsb.ClientThread.run(ClientThread.java:135)
	at java.base/java.lang.Thread.run(Thread.java:829)
Caused by: jetbrains.exodus.ExodusException
	at jetbrains.exodus.newLogConcept.garbageCollector.OperationLogGarbageCollector.moveAndRemoveRecordsFromLog(OperationLogGarbageCollector.java:69)
	at jetbrains.exodus.newLogConcept.garbageCollector.OperationLogGarbageCollector.clean(OperationLogGarbageCollector.java:51)
	at jetbrains.exodus.newLogConcept.MVCC.MVCCDataStructure.lambda$commitTransaction$1(MVCCDataStructure.java:297)
	at java.base/java.util.concurrent.Executors$RunnableAdapter.call(Executors.java:515)
	at java.base/java.util.concurrent.FutureTask.run(FutureTask.java:264)
	at java.base/java.util.concurrent.ThreadPoolExecutor.runWorker(ThreadPoolExecutor.java:1128)
	at java.base/java.util.concurrent.ThreadPoolExecutor$Worker.run(ThreadPoolExecutor.java:628)
	... 1 more
java.util.concurrent.ExecutionException: jetbrains.exodus.ExodusException
	at java.base/java.util.concurrent.FutureTask.report(FutureTask.java:122)
	at java.base/java.util.concurrent.FutureTask.get(FutureTask.java:191)
	at jetbrains.exodus.newLogConcept.MVCC.MVCCDataStructure.commitTransaction(MVCCDataStructure.java:299)
	at site.ycsb.db.XodusClient.insert(XodusClient.java:60)
	at site.ycsb.DBWrapper.insert(DBWrapper.java:227)
	at site.ycsb.workloads.CoreWorkload.doInsert(CoreWorkload.java:621)
	at site.ycsb.ClientThread.run(ClientThread.java:135)
	at java.base/java.lang.Thread.run(Thread.java:829)
Caused by: jetbrains.exodus.ExodusException
	at jetbrains.exodus.newLogConcept.garbageCollector.OperationLogGarbageCollector.moveAndRemoveRecordsFromLog(OperationLogGarbageCollector.java:69)
	at jetbrains.exodus.newLogConcept.garbageCollector.OperationLogGarbageCollector.clean(OperationLogGarbageCollector.java:51)
	at jetbrains.exodus.newLogConcept.MVCC.MVCCDataStructure.lambda$commitTransaction$1(MVCCDataStructure.java:297)
	at java.base/java.util.concurrent.Executors$RunnableAdapter.call(Executors.java:515)
	at java.base/java.util.concurrent.FutureTask.run(FutureTask.java:264)
	at java.base/java.util.concurrent.ThreadPoolExecutor.runWorker(ThreadPoolExecutor.java:1128)
	at java.base/java.util.concurrent.ThreadPoolExecutor$Worker.run(ThreadPoolExecutor.java:628)
	... 1 more
java.util.concurrent.ExecutionException: jetbrains.exodus.ExodusException
	at java.base/java.util.concurrent.FutureTask.report(FutureTask.java:122)
	at java.base/java.util.concurrent.FutureTask.get(FutureTask.java:191)
	at jetbrains.exodus.newLogConcept.MVCC.MVCCDataStructure.commitTransaction(MVCCDataStructure.java:299)
	at site.ycsb.db.XodusClient.insert(XodusClient.java:60)
	at site.ycsb.DBWrapper.insert(DBWrapper.java:227)
	at site.ycsb.workloads.CoreWorkload.doInsert(CoreWorkload.java:621)
	at site.ycsb.ClientThread.run(ClientThread.java:135)
	at java.base/java.lang.Thread.run(Thread.java:829)
Caused by: jetbrains.exodus.ExodusException
	at jetbrains.exodus.newLogConcept.garbageCollector.OperationLogGarbageCollector.moveAndRemoveRecordsFromLog(OperationLogGarbageCollector.java:69)
	at jetbrains.exodus.newLogConcept.garbageCollector.OperationLogGarbageCollector.clean(OperationLogGarbageCollector.java:51)
	at jetbrains.exodus.newLogConcept.MVCC.MVCCDataStructure.lambda$commitTransaction$1(MVCCDataStructure.java:297)
	at java.base/java.util.concurrent.Executors$RunnableAdapter.call(Executors.java:515)
	at java.base/java.util.concurrent.FutureTask.run(FutureTask.java:264)
	at java.base/java.util.concurrent.ThreadPoolExecutor.runWorker(ThreadPoolExecutor.java:1128)
	at java.base/java.util.concurrent.ThreadPoolExecutor$Worker.run(ThreadPoolExecutor.java:628)
	... 1 more
java.util.concurrent.ExecutionException: jetbrains.exodus.ExodusException
	at java.base/java.util.concurrent.FutureTask.report(FutureTask.java:122)
	at java.base/java.util.concurrent.FutureTask.get(FutureTask.java:191)
	at jetbrains.exodus.newLogConcept.MVCC.MVCCDataStructure.commitTransaction(MVCCDataStructure.java:299)
	at site.ycsb.db.XodusClient.insert(XodusClient.java:60)
	at site.ycsb.DBWrapper.insert(DBWrapper.java:227)
	at site.ycsb.workloads.CoreWorkload.doInsert(CoreWorkload.java:621)
	at site.ycsb.ClientThread.run(ClientThread.java:135)
	at java.base/java.lang.Thread.run(Thread.java:829)
Caused by: jetbrains.exodus.ExodusException
	at jetbrains.exodus.newLogConcept.garbageCollector.OperationLogGarbageCollector.moveAndRemoveRecordsFromLog(OperationLogGarbageCollector.java:69)
	at jetbrains.exodus.newLogConcept.garbageCollector.OperationLogGarbageCollector.clean(OperationLogGarbageCollector.java:51)
	at jetbrains.exodus.newLogConcept.MVCC.MVCCDataStructure.lambda$commitTransaction$1(MVCCDataStructure.java:297)
	at java.base/java.util.concurrent.Executors$RunnableAdapter.call(Executors.java:515)
	at java.base/java.util.concurrent.FutureTask.run(FutureTask.java:264)
	at java.base/java.util.concurrent.ThreadPoolExecutor.runWorker(ThreadPoolExecutor.java:1128)
	at java.base/java.util.concurrent.ThreadPoolExecutor$Worker.run(ThreadPoolExecutor.java:628)
	... 1 more
java.util.concurrent.ExecutionException: jetbrains.exodus.ExodusException
	at java.base/java.util.concurrent.FutureTask.report(FutureTask.java:122)
	at java.base/java.util.concurrent.FutureTask.get(FutureTask.java:191)
	at jetbrains.exodus.newLogConcept.MVCC.MVCCDataStructure.commitTransaction(MVCCDataStructure.java:299)
	at site.ycsb.db.XodusClient.insert(XodusClient.java:60)
	at site.ycsb.DBWrapper.insert(DBWrapper.java:227)
	at site.ycsb.workloads.CoreWorkload.doInsert(CoreWorkload.java:621)
	at site.ycsb.ClientThread.run(ClientThread.java:135)
	at java.base/java.lang.Thread.run(Thread.java:829)
Caused by: jetbrains.exodus.ExodusException
	at jetbrains.exodus.newLogConcept.garbageCollector.OperationLogGarbageCollector.moveAndRemoveRecordsFromLog(OperationLogGarbageCollector.java:69)
	at jetbrains.exodus.newLogConcept.garbageCollector.OperationLogGarbageCollector.clean(OperationLogGarbageCollector.java:51)
	at jetbrains.exodus.newLogConcept.MVCC.MVCCDataStructure.lambda$commitTransaction$1(MVCCDataStructure.java:297)
	at java.base/java.util.concurrent.Executors$RunnableAdapter.call(Executors.java:515)
	at java.base/java.util.concurrent.FutureTask.run(FutureTask.java:264)
	at java.base/java.util.concurrent.ThreadPoolExecutor.runWorker(ThreadPoolExecutor.java:1128)
	at java.base/java.util.concurrent.ThreadPoolExecutor$Worker.run(ThreadPoolExecutor.java:628)
	... 1 more
java.util.concurrent.ExecutionException: jetbrains.exodus.ExodusException
	at java.base/java.util.concurrent.FutureTask.report(FutureTask.java:122)
	at java.base/java.util.concurrent.FutureTask.get(FutureTask.java:191)
	at jetbrains.exodus.newLogConcept.MVCC.MVCCDataStructure.commitTransaction(MVCCDataStructure.java:299)
	at site.ycsb.db.XodusClient.insert(XodusClient.java:60)
	at site.ycsb.DBWrapper.insert(DBWrapper.java:227)
	at site.ycsb.workloads.CoreWorkload.doInsert(CoreWorkload.java:621)
	at site.ycsb.ClientThread.run(ClientThread.java:135)
	at java.base/java.lang.Thread.run(Thread.java:829)
Caused by: jetbrains.exodus.ExodusException
	at jetbrains.exodus.newLogConcept.garbageCollector.OperationLogGarbageCollector.moveAndRemoveRecordsFromLog(OperationLogGarbageCollector.java:69)
	at jetbrains.exodus.newLogConcept.garbageCollector.OperationLogGarbageCollector.clean(OperationLogGarbageCollector.java:51)
	at jetbrains.exodus.newLogConcept.MVCC.MVCCDataStructure.lambda$commitTransaction$1(MVCCDataStructure.java:297)
	at java.base/java.util.concurrent.Executors$RunnableAdapter.call(Executors.java:515)
	at java.base/java.util.concurrent.FutureTask.run(FutureTask.java:264)
	at java.base/java.util.concurrent.ThreadPoolExecutor.runWorker(ThreadPoolExecutor.java:1128)
	at java.base/java.util.concurrent.ThreadPoolExecutor$Worker.run(ThreadPoolExecutor.java:628)
	... 1 more
java.util.concurrent.ExecutionException: jetbrains.exodus.ExodusException
	at java.base/java.util.concurrent.FutureTask.report(FutureTask.java:122)
	at java.base/java.util.concurrent.FutureTask.get(FutureTask.java:191)
	at jetbrains.exodus.newLogConcept.MVCC.MVCCDataStructure.commitTransaction(MVCCDataStructure.java:299)
	at site.ycsb.db.XodusClient.insert(XodusClient.java:60)
	at site.ycsb.DBWrapper.insert(DBWrapper.java:227)
	at site.ycsb.workloads.CoreWorkload.doInsert(CoreWorkload.java:621)
	at site.ycsb.ClientThread.run(ClientThread.java:135)
	at java.base/java.lang.Thread.run(Thread.java:829)
Caused by: jetbrains.exodus.ExodusException
	at jetbrains.exodus.newLogConcept.garbageCollector.OperationLogGarbageCollector.moveAndRemoveRecordsFromLog(OperationLogGarbageCollector.java:69)
	at jetbrains.exodus.newLogConcept.garbageCollector.OperationLogGarbageCollector.clean(OperationLogGarbageCollector.java:51)
	at jetbrains.exodus.newLogConcept.MVCC.MVCCDataStructure.lambda$commitTransaction$1(MVCCDataStructure.java:297)
	at java.base/java.util.concurrent.Executors$RunnableAdapter.call(Executors.java:515)
	at java.base/java.util.concurrent.FutureTask.run(FutureTask.java:264)
	at java.base/java.util.concurrent.ThreadPoolExecutor.runWorker(ThreadPoolExecutor.java:1128)
	at java.base/java.util.concurrent.ThreadPoolExecutor$Worker.run(ThreadPoolExecutor.java:628)
	... 1 more
java.util.concurrent.ExecutionException: jetbrains.exodus.ExodusException
	at java.base/java.util.concurrent.FutureTask.report(FutureTask.java:122)
	at java.base/java.util.concurrent.FutureTask.get(FutureTask.java:191)
	at jetbrains.exodus.newLogConcept.MVCC.MVCCDataStructure.commitTransaction(MVCCDataStructure.java:299)
	at site.ycsb.db.XodusClient.insert(XodusClient.java:60)
	at site.ycsb.DBWrapper.insert(DBWrapper.java:227)
	at site.ycsb.workloads.CoreWorkload.doInsert(CoreWorkload.java:621)
	at site.ycsb.ClientThread.run(ClientThread.java:135)
	at java.base/java.lang.Thread.run(Thread.java:829)
Caused by: jetbrains.exodus.ExodusException
	at jetbrains.exodus.newLogConcept.garbageCollector.OperationLogGarbageCollector.moveAndRemoveRecordsFromLog(OperationLogGarbageCollector.java:69)
	at jetbrains.exodus.newLogConcept.garbageCollector.OperationLogGarbageCollector.clean(OperationLogGarbageCollector.java:51)
	at jetbrains.exodus.newLogConcept.MVCC.MVCCDataStructure.lambda$commitTransaction$1(MVCCDataStructure.java:297)
	at java.base/java.util.concurrent.Executors$RunnableAdapter.call(Executors.java:515)
	at java.base/java.util.concurrent.FutureTask.run(FutureTask.java:264)
	at java.base/java.util.concurrent.ThreadPoolExecutor.runWorker(ThreadPoolExecutor.java:1128)
	at java.base/java.util.concurrent.ThreadPoolExecutor$Worker.run(ThreadPoolExecutor.java:628)
	... 1 more
java.util.concurrent.ExecutionException: jetbrains.exodus.ExodusException
	at java.base/java.util.concurrent.FutureTask.report(FutureTask.java:122)
	at java.base/java.util.concurrent.FutureTask.get(FutureTask.java:191)
	at jetbrains.exodus.newLogConcept.MVCC.MVCCDataStructure.commitTransaction(MVCCDataStructure.java:299)
	at site.ycsb.db.XodusClient.insert(XodusClient.java:60)
	at site.ycsb.DBWrapper.insert(DBWrapper.java:227)
	at site.ycsb.workloads.CoreWorkload.doInsert(CoreWorkload.java:621)
	at site.ycsb.ClientThread.run(ClientThread.java:135)
	at java.base/java.lang.Thread.run(Thread.java:829)
Caused by: jetbrains.exodus.ExodusException
	at jetbrains.exodus.newLogConcept.garbageCollector.OperationLogGarbageCollector.moveAndRemoveRecordsFromLog(OperationLogGarbageCollector.java:69)
	at jetbrains.exodus.newLogConcept.garbageCollector.OperationLogGarbageCollector.clean(OperationLogGarbageCollector.java:51)
	at jetbrains.exodus.newLogConcept.MVCC.MVCCDataStructure.lambda$commitTransaction$1(MVCCDataStructure.java:297)
	at java.base/java.util.concurrent.Executors$RunnableAdapter.call(Executors.java:515)
	at java.base/java.util.concurrent.FutureTask.run(FutureTask.java:264)
	at java.base/java.util.concurrent.ThreadPoolExecutor.runWorker(ThreadPoolExecutor.java:1128)
	at java.base/java.util.concurrent.ThreadPoolExecutor$Worker.run(ThreadPoolExecutor.java:628)
	... 1 more
java.util.concurrent.ExecutionException: jetbrains.exodus.ExodusException
	at java.base/java.util.concurrent.FutureTask.report(FutureTask.java:122)
	at java.base/java.util.concurrent.FutureTask.get(FutureTask.java:191)
	at jetbrains.exodus.newLogConcept.MVCC.MVCCDataStructure.commitTransaction(MVCCDataStructure.java:299)
	at site.ycsb.db.XodusClient.insert(XodusClient.java:60)
	at site.ycsb.DBWrapper.insert(DBWrapper.java:227)
	at site.ycsb.workloads.CoreWorkload.doInsert(CoreWorkload.java:621)
	at site.ycsb.ClientThread.run(ClientThread.java:135)
	at java.base/java.lang.Thread.run(Thread.java:829)
Caused by: jetbrains.exodus.ExodusException
	at jetbrains.exodus.newLogConcept.garbageCollector.OperationLogGarbageCollector.moveAndRemoveRecordsFromLog(OperationLogGarbageCollector.java:69)
	at jetbrains.exodus.newLogConcept.garbageCollector.OperationLogGarbageCollector.clean(OperationLogGarbageCollector.java:51)
	at jetbrains.exodus.newLogConcept.MVCC.MVCCDataStructure.lambda$commitTransaction$1(MVCCDataStructure.java:297)
	at java.base/java.util.concurrent.Executors$RunnableAdapter.call(Executors.java:515)
	at java.base/java.util.concurrent.FutureTask.run(FutureTask.java:264)
	at java.base/java.util.concurrent.ThreadPoolExecutor.runWorker(ThreadPoolExecutor.java:1128)
	at java.base/java.util.concurrent.ThreadPoolExecutor$Worker.run(ThreadPoolExecutor.java:628)
	... 1 more
java.util.concurrent.ExecutionException: jetbrains.exodus.ExodusException
	at java.base/java.util.concurrent.FutureTask.report(FutureTask.java:122)
	at java.base/java.util.concurrent.FutureTask.get(FutureTask.java:191)
	at jetbrains.exodus.newLogConcept.MVCC.MVCCDataStructure.commitTransaction(MVCCDataStructure.java:299)
	at site.ycsb.db.XodusClient.insert(XodusClient.java:60)
	at site.ycsb.DBWrapper.insert(DBWrapper.java:227)
	at site.ycsb.workloads.CoreWorkload.doInsert(CoreWorkload.java:621)
	at site.ycsb.ClientThread.run(ClientThread.java:135)
	at java.base/java.lang.Thread.run(Thread.java:829)
Caused by: jetbrains.exodus.ExodusException
	at jetbrains.exodus.newLogConcept.garbageCollector.OperationLogGarbageCollector.moveAndRemoveRecordsFromLog(OperationLogGarbageCollector.java:69)
	at jetbrains.exodus.newLogConcept.garbageCollector.OperationLogGarbageCollector.clean(OperationLogGarbageCollector.java:51)
	at jetbrains.exodus.newLogConcept.MVCC.MVCCDataStructure.lambda$commitTransaction$1(MVCCDataStructure.java:297)
	at java.base/java.util.concurrent.Executors$RunnableAdapter.call(Executors.java:515)
	at java.base/java.util.concurrent.FutureTask.run(FutureTask.java:264)
	at java.base/java.util.concurrent.ThreadPoolExecutor.runWorker(ThreadPoolExecutor.java:1128)
	at java.base/java.util.concurrent.ThreadPoolExecutor$Worker.run(ThreadPoolExecutor.java:628)
	... 1 more
java.util.concurrent.ExecutionException: jetbrains.exodus.ExodusException
	at java.base/java.util.concurrent.FutureTask.report(FutureTask.java:122)
	at java.base/java.util.concurrent.FutureTask.get(FutureTask.java:191)
	at jetbrains.exodus.newLogConcept.MVCC.MVCCDataStructure.commitTransaction(MVCCDataStructure.java:299)
	at site.ycsb.db.XodusClient.insert(XodusClient.java:60)
	at site.ycsb.DBWrapper.insert(DBWrapper.java:227)
	at site.ycsb.workloads.CoreWorkload.doInsert(CoreWorkload.java:621)
	at site.ycsb.ClientThread.run(ClientThread.java:135)
	at java.base/java.lang.Thread.run(Thread.java:829)
Caused by: jetbrains.exodus.ExodusException
	at jetbrains.exodus.newLogConcept.garbageCollector.OperationLogGarbageCollector.moveAndRemoveRecordsFromLog(OperationLogGarbageCollector.java:69)
	at jetbrains.exodus.newLogConcept.garbageCollector.OperationLogGarbageCollector.clean(OperationLogGarbageCollector.java:51)
	at jetbrains.exodus.newLogConcept.MVCC.MVCCDataStructure.lambda$commitTransaction$1(MVCCDataStructure.java:297)
	at java.base/java.util.concurrent.Executors$RunnableAdapter.call(Executors.java:515)
	at java.base/java.util.concurrent.FutureTask.run(FutureTask.java:264)
	at java.base/java.util.concurrent.ThreadPoolExecutor.runWorker(ThreadPoolExecutor.java:1128)
	at java.base/java.util.concurrent.ThreadPoolExecutor$Worker.run(ThreadPoolExecutor.java:628)
	... 1 more
java.util.concurrent.ExecutionException: jetbrains.exodus.ExodusException
	at java.base/java.util.concurrent.FutureTask.report(FutureTask.java:122)
	at java.base/java.util.concurrent.FutureTask.get(FutureTask.java:191)
	at jetbrains.exodus.newLogConcept.MVCC.MVCCDataStructure.commitTransaction(MVCCDataStructure.java:299)
	at site.ycsb.db.XodusClient.insert(XodusClient.java:60)
	at site.ycsb.DBWrapper.insert(DBWrapper.java:227)
	at site.ycsb.workloads.CoreWorkload.doInsert(CoreWorkload.java:621)
	at site.ycsb.ClientThread.run(ClientThread.java:135)
	at java.base/java.lang.Thread.run(Thread.java:829)
Caused by: jetbrains.exodus.ExodusException
	at jetbrains.exodus.newLogConcept.garbageCollector.OperationLogGarbageCollector.moveAndRemoveRecordsFromLog(OperationLogGarbageCollector.java:69)
	at jetbrains.exodus.newLogConcept.garbageCollector.OperationLogGarbageCollector.clean(OperationLogGarbageCollector.java:51)
	at jetbrains.exodus.newLogConcept.MVCC.MVCCDataStructure.lambda$commitTransaction$1(MVCCDataStructure.java:297)
	at java.base/java.util.concurrent.Executors$RunnableAdapter.call(Executors.java:515)
	at java.base/java.util.concurrent.FutureTask.run(FutureTask.java:264)
	at java.base/java.util.concurrent.ThreadPoolExecutor.runWorker(ThreadPoolExecutor.java:1128)
	at java.base/java.util.concurrent.ThreadPoolExecutor$Worker.run(ThreadPoolExecutor.java:628)
	... 1 more
java.util.concurrent.ExecutionException: jetbrains.exodus.ExodusException
	at java.base/java.util.concurrent.FutureTask.report(FutureTask.java:122)
	at java.base/java.util.concurrent.FutureTask.get(FutureTask.java:191)
	at jetbrains.exodus.newLogConcept.MVCC.MVCCDataStructure.commitTransaction(MVCCDataStructure.java:299)
	at site.ycsb.db.XodusClient.insert(XodusClient.java:60)
	at site.ycsb.DBWrapper.insert(DBWrapper.java:227)
	at site.ycsb.workloads.CoreWorkload.doInsert(CoreWorkload.java:621)
	at site.ycsb.ClientThread.run(ClientThread.java:135)
	at java.base/java.lang.Thread.run(Thread.java:829)
Caused by: jetbrains.exodus.ExodusException
	at jetbrains.exodus.newLogConcept.garbageCollector.OperationLogGarbageCollector.moveAndRemoveRecordsFromLog(OperationLogGarbageCollector.java:69)
	at jetbrains.exodus.newLogConcept.garbageCollector.OperationLogGarbageCollector.clean(OperationLogGarbageCollector.java:51)
	at jetbrains.exodus.newLogConcept.MVCC.MVCCDataStructure.lambda$commitTransaction$1(MVCCDataStructure.java:297)
	at java.base/java.util.concurrent.Executors$RunnableAdapter.call(Executors.java:515)
	at java.base/java.util.concurrent.FutureTask.run(FutureTask.java:264)
	at java.base/java.util.concurrent.ThreadPoolExecutor.runWorker(ThreadPoolExecutor.java:1128)
	at java.base/java.util.concurrent.ThreadPoolExecutor$Worker.run(ThreadPoolExecutor.java:628)
	... 1 more
java.util.concurrent.ExecutionException: jetbrains.exodus.ExodusException
	at java.base/java.util.concurrent.FutureTask.report(FutureTask.java:122)
	at java.base/java.util.concurrent.FutureTask.get(FutureTask.java:191)
	at jetbrains.exodus.newLogConcept.MVCC.MVCCDataStructure.commitTransaction(MVCCDataStructure.java:299)
	at site.ycsb.db.XodusClient.insert(XodusClient.java:60)
	at site.ycsb.DBWrapper.insert(DBWrapper.java:227)
	at site.ycsb.workloads.CoreWorkload.doInsert(CoreWorkload.java:621)
	at site.ycsb.ClientThread.run(ClientThread.java:135)
	at java.base/java.lang.Thread.run(Thread.java:829)
Caused by: jetbrains.exodus.ExodusException
	at jetbrains.exodus.newLogConcept.garbageCollector.OperationLogGarbageCollector.moveAndRemoveRecordsFromLog(OperationLogGarbageCollector.java:69)
	at jetbrains.exodus.newLogConcept.garbageCollector.OperationLogGarbageCollector.clean(OperationLogGarbageCollector.java:51)
	at jetbrains.exodus.newLogConcept.MVCC.MVCCDataStructure.lambda$commitTransaction$1(MVCCDataStructure.java:297)
	at java.base/java.util.concurrent.Executors$RunnableAdapter.call(Executors.java:515)
	at java.base/java.util.concurrent.FutureTask.run(FutureTask.java:264)
	at java.base/java.util.concurrent.ThreadPoolExecutor.runWorker(ThreadPoolExecutor.java:1128)
	at java.base/java.util.concurrent.ThreadPoolExecutor$Worker.run(ThreadPoolExecutor.java:628)
	... 1 more
java.util.concurrent.ExecutionException: jetbrains.exodus.ExodusException
	at java.base/java.util.concurrent.FutureTask.report(FutureTask.java:122)
	at java.base/java.util.concurrent.FutureTask.get(FutureTask.java:191)
	at jetbrains.exodus.newLogConcept.MVCC.MVCCDataStructure.commitTransaction(MVCCDataStructure.java:299)
	at site.ycsb.db.XodusClient.insert(XodusClient.java:60)
	at site.ycsb.DBWrapper.insert(DBWrapper.java:227)
	at site.ycsb.workloads.CoreWorkload.doInsert(CoreWorkload.java:621)
	at site.ycsb.ClientThread.run(ClientThread.java:135)
	at java.base/java.lang.Thread.run(Thread.java:829)
Caused by: jetbrains.exodus.ExodusException
	at jetbrains.exodus.newLogConcept.garbageCollector.OperationLogGarbageCollector.moveAndRemoveRecordsFromLog(OperationLogGarbageCollector.java:69)
	at jetbrains.exodus.newLogConcept.garbageCollector.OperationLogGarbageCollector.clean(OperationLogGarbageCollector.java:51)
	at jetbrains.exodus.newLogConcept.MVCC.MVCCDataStructure.lambda$commitTransaction$1(MVCCDataStructure.java:297)
	at java.base/java.util.concurrent.Executors$RunnableAdapter.call(Executors.java:515)
	at java.base/java.util.concurrent.FutureTask.run(FutureTask.java:264)
	at java.base/java.util.concurrent.ThreadPoolExecutor.runWorker(ThreadPoolExecutor.java:1128)
	at java.base/java.util.concurrent.ThreadPoolExecutor$Worker.run(ThreadPoolExecutor.java:628)
	... 1 more
java.util.concurrent.ExecutionException: jetbrains.exodus.ExodusException
	at java.base/java.util.concurrent.FutureTask.report(FutureTask.java:122)
	at java.base/java.util.concurrent.FutureTask.get(FutureTask.java:191)
	at jetbrains.exodus.newLogConcept.MVCC.MVCCDataStructure.commitTransaction(MVCCDataStructure.java:299)
	at site.ycsb.db.XodusClient.insert(XodusClient.java:60)
	at site.ycsb.DBWrapper.insert(DBWrapper.java:227)
	at site.ycsb.workloads.CoreWorkload.doInsert(CoreWorkload.java:621)
	at site.ycsb.ClientThread.run(ClientThread.java:135)
	at java.base/java.lang.Thread.run(Thread.java:829)
Caused by: jetbrains.exodus.ExodusException
	at jetbrains.exodus.newLogConcept.garbageCollector.OperationLogGarbageCollector.moveAndRemoveRecordsFromLog(OperationLogGarbageCollector.java:69)
	at jetbrains.exodus.newLogConcept.garbageCollector.OperationLogGarbageCollector.clean(OperationLogGarbageCollector.java:51)
	at jetbrains.exodus.newLogConcept.MVCC.MVCCDataStructure.lambda$commitTransaction$1(MVCCDataStructure.java:297)
	at java.base/java.util.concurrent.Executors$RunnableAdapter.call(Executors.java:515)
	at java.base/java.util.concurrent.FutureTask.run(FutureTask.java:264)
	at java.base/java.util.concurrent.ThreadPoolExecutor.runWorker(ThreadPoolExecutor.java:1128)
	at java.base/java.util.concurrent.ThreadPoolExecutor$Worker.run(ThreadPoolExecutor.java:628)
	... 1 more
java.util.concurrent.ExecutionException: jetbrains.exodus.ExodusException
	at java.base/java.util.concurrent.FutureTask.report(FutureTask.java:122)
	at java.base/java.util.concurrent.FutureTask.get(FutureTask.java:191)
	at jetbrains.exodus.newLogConcept.MVCC.MVCCDataStructure.commitTransaction(MVCCDataStructure.java:299)
	at site.ycsb.db.XodusClient.insert(XodusClient.java:60)
	at site.ycsb.DBWrapper.insert(DBWrapper.java:227)
	at site.ycsb.workloads.CoreWorkload.doInsert(CoreWorkload.java:621)
	at site.ycsb.ClientThread.run(ClientThread.java:135)
	at java.base/java.lang.Thread.run(Thread.java:829)
Caused by: jetbrains.exodus.ExodusException
	at jetbrains.exodus.newLogConcept.garbageCollector.OperationLogGarbageCollector.moveAndRemoveRecordsFromLog(OperationLogGarbageCollector.java:69)
	at jetbrains.exodus.newLogConcept.garbageCollector.OperationLogGarbageCollector.clean(OperationLogGarbageCollector.java:51)
	at jetbrains.exodus.newLogConcept.MVCC.MVCCDataStructure.lambda$commitTransaction$1(MVCCDataStructure.java:297)
	at java.base/java.util.concurrent.Executors$RunnableAdapter.call(Executors.java:515)
	at java.base/java.util.concurrent.FutureTask.run(FutureTask.java:264)
	at java.base/java.util.concurrent.ThreadPoolExecutor.runWorker(ThreadPoolExecutor.java:1128)
	at java.base/java.util.concurrent.ThreadPoolExecutor$Worker.run(ThreadPoolExecutor.java:628)
	... 1 more
java.util.concurrent.ExecutionException: jetbrains.exodus.ExodusException
	at java.base/java.util.concurrent.FutureTask.report(FutureTask.java:122)
	at java.base/java.util.concurrent.FutureTask.get(FutureTask.java:191)
	at jetbrains.exodus.newLogConcept.MVCC.MVCCDataStructure.commitTransaction(MVCCDataStructure.java:299)
	at site.ycsb.db.XodusClient.insert(XodusClient.java:60)
	at site.ycsb.DBWrapper.insert(DBWrapper.java:227)
	at site.ycsb.workloads.CoreWorkload.doInsert(CoreWorkload.java:621)
	at site.ycsb.ClientThread.run(ClientThread.java:135)
	at java.base/java.lang.Thread.run(Thread.java:829)
Caused by: jetbrains.exodus.ExodusException
	at jetbrains.exodus.newLogConcept.garbageCollector.OperationLogGarbageCollector.moveAndRemoveRecordsFromLog(OperationLogGarbageCollector.java:69)
	at jetbrains.exodus.newLogConcept.garbageCollector.OperationLogGarbageCollector.clean(OperationLogGarbageCollector.java:51)
	at jetbrains.exodus.newLogConcept.MVCC.MVCCDataStructure.lambda$commitTransaction$1(MVCCDataStructure.java:297)
	at java.base/java.util.concurrent.Executors$RunnableAdapter.call(Executors.java:515)
	at java.base/java.util.concurrent.FutureTask.run(FutureTask.java:264)
	at java.base/java.util.concurrent.ThreadPoolExecutor.runWorker(ThreadPoolExecutor.java:1128)
	at java.base/java.util.concurrent.ThreadPoolExecutor$Worker.run(ThreadPoolExecutor.java:628)
	... 1 more
java.util.concurrent.ExecutionException: jetbrains.exodus.ExodusException
	at java.base/java.util.concurrent.FutureTask.report(FutureTask.java:122)
	at java.base/java.util.concurrent.FutureTask.get(FutureTask.java:191)
	at jetbrains.exodus.newLogConcept.MVCC.MVCCDataStructure.commitTransaction(MVCCDataStructure.java:299)
	at site.ycsb.db.XodusClient.insert(XodusClient.java:60)
	at site.ycsb.DBWrapper.insert(DBWrapper.java:227)
	at site.ycsb.workloads.CoreWorkload.doInsert(CoreWorkload.java:621)
	at site.ycsb.ClientThread.run(ClientThread.java:135)
	at java.base/java.lang.Thread.run(Thread.java:829)
Caused by: jetbrains.exodus.ExodusException
	at jetbrains.exodus.newLogConcept.garbageCollector.OperationLogGarbageCollector.moveAndRemoveRecordsFromLog(OperationLogGarbageCollector.java:69)
	at jetbrains.exodus.newLogConcept.garbageCollector.OperationLogGarbageCollector.clean(OperationLogGarbageCollector.java:51)
	at jetbrains.exodus.newLogConcept.MVCC.MVCCDataStructure.lambda$commitTransaction$1(MVCCDataStructure.java:297)
	at java.base/java.util.concurrent.Executors$RunnableAdapter.call(Executors.java:515)
	at java.base/java.util.concurrent.FutureTask.run(FutureTask.java:264)
	at java.base/java.util.concurrent.ThreadPoolExecutor.runWorker(ThreadPoolExecutor.java:1128)
	at java.base/java.util.concurrent.ThreadPoolExecutor$Worker.run(ThreadPoolExecutor.java:628)
	... 1 more
java.util.concurrent.ExecutionException: jetbrains.exodus.ExodusException
	at java.base/java.util.concurrent.FutureTask.report(FutureTask.java:122)
	at java.base/java.util.concurrent.FutureTask.get(FutureTask.java:191)
	at jetbrains.exodus.newLogConcept.MVCC.MVCCDataStructure.commitTransaction(MVCCDataStructure.java:299)
	at site.ycsb.db.XodusClient.insert(XodusClient.java:60)
	at site.ycsb.DBWrapper.insert(DBWrapper.java:227)
	at site.ycsb.workloads.CoreWorkload.doInsert(CoreWorkload.java:621)
	at site.ycsb.ClientThread.run(ClientThread.java:135)
	at java.base/java.lang.Thread.run(Thread.java:829)
Caused by: jetbrains.exodus.ExodusException
	at jetbrains.exodus.newLogConcept.garbageCollector.OperationLogGarbageCollector.moveAndRemoveRecordsFromLog(OperationLogGarbageCollector.java:69)
	at jetbrains.exodus.newLogConcept.garbageCollector.OperationLogGarbageCollector.clean(OperationLogGarbageCollector.java:51)
	at jetbrains.exodus.newLogConcept.MVCC.MVCCDataStructure.lambda$commitTransaction$1(MVCCDataStructure.java:297)
	at java.base/java.util.concurrent.Executors$RunnableAdapter.call(Executors.java:515)
	at java.base/java.util.concurrent.FutureTask.run(FutureTask.java:264)
	at java.base/java.util.concurrent.ThreadPoolExecutor.runWorker(ThreadPoolExecutor.java:1128)
	at java.base/java.util.concurrent.ThreadPoolExecutor$Worker.run(ThreadPoolExecutor.java:628)
	... 1 more
java.util.concurrent.ExecutionException: jetbrains.exodus.ExodusException
	at java.base/java.util.concurrent.FutureTask.report(FutureTask.java:122)
	at java.base/java.util.concurrent.FutureTask.get(FutureTask.java:191)
	at jetbrains.exodus.newLogConcept.MVCC.MVCCDataStructure.commitTransaction(MVCCDataStructure.java:299)
	at site.ycsb.db.XodusClient.insert(XodusClient.java:60)
	at site.ycsb.DBWrapper.insert(DBWrapper.java:227)
	at site.ycsb.workloads.CoreWorkload.doInsert(CoreWorkload.java:621)
	at site.ycsb.ClientThread.run(ClientThread.java:135)
	at java.base/java.lang.Thread.run(Thread.java:829)
Caused by: jetbrains.exodus.ExodusException
	at jetbrains.exodus.newLogConcept.garbageCollector.OperationLogGarbageCollector.moveAndRemoveRecordsFromLog(OperationLogGarbageCollector.java:69)
	at jetbrains.exodus.newLogConcept.garbageCollector.OperationLogGarbageCollector.clean(OperationLogGarbageCollector.java:51)
	at jetbrains.exodus.newLogConcept.MVCC.MVCCDataStructure.lambda$commitTransaction$1(MVCCDataStructure.java:297)
	at java.base/java.util.concurrent.Executors$RunnableAdapter.call(Executors.java:515)
	at java.base/java.util.concurrent.FutureTask.run(FutureTask.java:264)
	at java.base/java.util.concurrent.ThreadPoolExecutor.runWorker(ThreadPoolExecutor.java:1128)
	at java.base/java.util.concurrent.ThreadPoolExecutor$Worker.run(ThreadPoolExecutor.java:628)
	... 1 more
java.util.concurrent.ExecutionException: jetbrains.exodus.ExodusException
	at java.base/java.util.concurrent.FutureTask.report(FutureTask.java:122)
	at java.base/java.util.concurrent.FutureTask.get(FutureTask.java:191)
	at jetbrains.exodus.newLogConcept.MVCC.MVCCDataStructure.commitTransaction(MVCCDataStructure.java:299)
	at site.ycsb.db.XodusClient.insert(XodusClient.java:60)
	at site.ycsb.DBWrapper.insert(DBWrapper.java:227)
	at site.ycsb.workloads.CoreWorkload.doInsert(CoreWorkload.java:621)
	at site.ycsb.ClientThread.run(ClientThread.java:135)
	at java.base/java.lang.Thread.run(Thread.java:829)
Caused by: jetbrains.exodus.ExodusException
	at jetbrains.exodus.newLogConcept.garbageCollector.OperationLogGarbageCollector.moveAndRemoveRecordsFromLog(OperationLogGarbageCollector.java:69)
	at jetbrains.exodus.newLogConcept.garbageCollector.OperationLogGarbageCollector.clean(OperationLogGarbageCollector.java:51)
	at jetbrains.exodus.newLogConcept.MVCC.MVCCDataStructure.lambda$commitTransaction$1(MVCCDataStructure.java:297)
	at java.base/java.util.concurrent.Executors$RunnableAdapter.call(Executors.java:515)
	at java.base/java.util.concurrent.FutureTask.run(FutureTask.java:264)
	at java.base/java.util.concurrent.ThreadPoolExecutor.runWorker(ThreadPoolExecutor.java:1128)
	at java.base/java.util.concurrent.ThreadPoolExecutor$Worker.run(ThreadPoolExecutor.java:628)
	... 1 more
java.util.concurrent.ExecutionException: jetbrains.exodus.ExodusException
	at java.base/java.util.concurrent.FutureTask.report(FutureTask.java:122)
	at java.base/java.util.concurrent.FutureTask.get(FutureTask.java:191)
	at jetbrains.exodus.newLogConcept.MVCC.MVCCDataStructure.commitTransaction(MVCCDataStructure.java:299)
	at site.ycsb.db.XodusClient.insert(XodusClient.java:60)
	at site.ycsb.DBWrapper.insert(DBWrapper.java:227)
	at site.ycsb.workloads.CoreWorkload.doInsert(CoreWorkload.java:621)
	at site.ycsb.ClientThread.run(ClientThread.java:135)
	at java.base/java.lang.Thread.run(Thread.java:829)
Caused by: jetbrains.exodus.ExodusException
	at jetbrains.exodus.newLogConcept.garbageCollector.OperationLogGarbageCollector.moveAndRemoveRecordsFromLog(OperationLogGarbageCollector.java:69)
	at jetbrains.exodus.newLogConcept.garbageCollector.OperationLogGarbageCollector.clean(OperationLogGarbageCollector.java:51)
	at jetbrains.exodus.newLogConcept.MVCC.MVCCDataStructure.lambda$commitTransaction$1(MVCCDataStructure.java:297)
	at java.base/java.util.concurrent.Executors$RunnableAdapter.call(Executors.java:515)
	at java.base/java.util.concurrent.FutureTask.run(FutureTask.java:264)
	at java.base/java.util.concurrent.ThreadPoolExecutor.runWorker(ThreadPoolExecutor.java:1128)
	at java.base/java.util.concurrent.ThreadPoolExecutor$Worker.run(ThreadPoolExecutor.java:628)
	... 1 more
java.util.concurrent.ExecutionException: jetbrains.exodus.ExodusException
	at java.base/java.util.concurrent.FutureTask.report(FutureTask.java:122)
	at java.base/java.util.concurrent.FutureTask.get(FutureTask.java:191)
	at jetbrains.exodus.newLogConcept.MVCC.MVCCDataStructure.commitTransaction(MVCCDataStructure.java:299)
	at site.ycsb.db.XodusClient.insert(XodusClient.java:60)
	at site.ycsb.DBWrapper.insert(DBWrapper.java:227)
	at site.ycsb.workloads.CoreWorkload.doInsert(CoreWorkload.java:621)
	at site.ycsb.ClientThread.run(ClientThread.java:135)
	at java.base/java.lang.Thread.run(Thread.java:829)
Caused by: jetbrains.exodus.ExodusException
	at jetbrains.exodus.newLogConcept.garbageCollector.OperationLogGarbageCollector.moveAndRemoveRecordsFromLog(OperationLogGarbageCollector.java:69)
	at jetbrains.exodus.newLogConcept.garbageCollector.OperationLogGarbageCollector.clean(OperationLogGarbageCollector.java:51)
	at jetbrains.exodus.newLogConcept.MVCC.MVCCDataStructure.lambda$commitTransaction$1(MVCCDataStructure.java:297)
	at java.base/java.util.concurrent.Executors$RunnableAdapter.call(Executors.java:515)
	at java.base/java.util.concurrent.FutureTask.run(FutureTask.java:264)
	at java.base/java.util.concurrent.ThreadPoolExecutor.runWorker(ThreadPoolExecutor.java:1128)
	at java.base/java.util.concurrent.ThreadPoolExecutor$Worker.run(ThreadPoolExecutor.java:628)
	... 1 more
java.util.concurrent.ExecutionException: jetbrains.exodus.ExodusException
	at java.base/java.util.concurrent.FutureTask.report(FutureTask.java:122)
	at java.base/java.util.concurrent.FutureTask.get(FutureTask.java:191)
	at jetbrains.exodus.newLogConcept.MVCC.MVCCDataStructure.commitTransaction(MVCCDataStructure.java:299)
	at site.ycsb.db.XodusClient.insert(XodusClient.java:60)
	at site.ycsb.DBWrapper.insert(DBWrapper.java:227)
	at site.ycsb.workloads.CoreWorkload.doInsert(CoreWorkload.java:621)
	at site.ycsb.ClientThread.run(ClientThread.java:135)
	at java.base/java.lang.Thread.run(Thread.java:829)
Caused by: jetbrains.exodus.ExodusException
	at jetbrains.exodus.newLogConcept.garbageCollector.OperationLogGarbageCollector.moveAndRemoveRecordsFromLog(OperationLogGarbageCollector.java:69)
	at jetbrains.exodus.newLogConcept.garbageCollector.OperationLogGarbageCollector.clean(OperationLogGarbageCollector.java:51)
	at jetbrains.exodus.newLogConcept.MVCC.MVCCDataStructure.lambda$commitTransaction$1(MVCCDataStructure.java:297)
	at java.base/java.util.concurrent.Executors$RunnableAdapter.call(Executors.java:515)
	at java.base/java.util.concurrent.FutureTask.run(FutureTask.java:264)
	at java.base/java.util.concurrent.ThreadPoolExecutor.runWorker(ThreadPoolExecutor.java:1128)
	at java.base/java.util.concurrent.ThreadPoolExecutor$Worker.run(ThreadPoolExecutor.java:628)
	... 1 more
java.util.concurrent.ExecutionException: jetbrains.exodus.ExodusException
	at java.base/java.util.concurrent.FutureTask.report(FutureTask.java:122)
	at java.base/java.util.concurrent.FutureTask.get(FutureTask.java:191)
	at jetbrains.exodus.newLogConcept.MVCC.MVCCDataStructure.commitTransaction(MVCCDataStructure.java:299)
	at site.ycsb.db.XodusClient.insert(XodusClient.java:60)
	at site.ycsb.DBWrapper.insert(DBWrapper.java:227)
	at site.ycsb.workloads.CoreWorkload.doInsert(CoreWorkload.java:621)
	at site.ycsb.ClientThread.run(ClientThread.java:135)
	at java.base/java.lang.Thread.run(Thread.java:829)
Caused by: jetbrains.exodus.ExodusException
	at jetbrains.exodus.newLogConcept.garbageCollector.OperationLogGarbageCollector.moveAndRemoveRecordsFromLog(OperationLogGarbageCollector.java:69)
	at jetbrains.exodus.newLogConcept.garbageCollector.OperationLogGarbageCollector.clean(OperationLogGarbageCollector.java:51)
	at jetbrains.exodus.newLogConcept.MVCC.MVCCDataStructure.lambda$commitTransaction$1(MVCCDataStructure.java:297)
	at java.base/java.util.concurrent.Executors$RunnableAdapter.call(Executors.java:515)
	at java.base/java.util.concurrent.FutureTask.run(FutureTask.java:264)
	at java.base/java.util.concurrent.ThreadPoolExecutor.runWorker(ThreadPoolExecutor.java:1128)
	at java.base/java.util.concurrent.ThreadPoolExecutor$Worker.run(ThreadPoolExecutor.java:628)
	... 1 more
java.util.concurrent.ExecutionException: jetbrains.exodus.ExodusException
	at java.base/java.util.concurrent.FutureTask.report(FutureTask.java:122)
	at java.base/java.util.concurrent.FutureTask.get(FutureTask.java:191)
	at jetbrains.exodus.newLogConcept.MVCC.MVCCDataStructure.commitTransaction(MVCCDataStructure.java:299)
	at site.ycsb.db.XodusClient.insert(XodusClient.java:60)
	at site.ycsb.DBWrapper.insert(DBWrapper.java:227)
	at site.ycsb.workloads.CoreWorkload.doInsert(CoreWorkload.java:621)
	at site.ycsb.ClientThread.run(ClientThread.java:135)
	at java.base/java.lang.Thread.run(Thread.java:829)
Caused by: jetbrains.exodus.ExodusException
	at jetbrains.exodus.newLogConcept.garbageCollector.OperationLogGarbageCollector.moveAndRemoveRecordsFromLog(OperationLogGarbageCollector.java:69)
	at jetbrains.exodus.newLogConcept.garbageCollector.OperationLogGarbageCollector.clean(OperationLogGarbageCollector.java:51)
	at jetbrains.exodus.newLogConcept.MVCC.MVCCDataStructure.lambda$commitTransaction$1(MVCCDataStructure.java:297)
	at java.base/java.util.concurrent.Executors$RunnableAdapter.call(Executors.java:515)
	at java.base/java.util.concurrent.FutureTask.run(FutureTask.java:264)
	at java.base/java.util.concurrent.ThreadPoolExecutor.runWorker(ThreadPoolExecutor.java:1128)
	at java.base/java.util.concurrent.ThreadPoolExecutor$Worker.run(ThreadPoolExecutor.java:628)
	... 1 more
java.util.concurrent.ExecutionException: jetbrains.exodus.ExodusException
	at java.base/java.util.concurrent.FutureTask.report(FutureTask.java:122)
	at java.base/java.util.concurrent.FutureTask.get(FutureTask.java:191)
	at jetbrains.exodus.newLogConcept.MVCC.MVCCDataStructure.commitTransaction(MVCCDataStructure.java:299)
	at site.ycsb.db.XodusClient.insert(XodusClient.java:60)
	at site.ycsb.DBWrapper.insert(DBWrapper.java:227)
	at site.ycsb.workloads.CoreWorkload.doInsert(CoreWorkload.java:621)
	at site.ycsb.ClientThread.run(ClientThread.java:135)
	at java.base/java.lang.Thread.run(Thread.java:829)
Caused by: jetbrains.exodus.ExodusException
	at jetbrains.exodus.newLogConcept.garbageCollector.OperationLogGarbageCollector.moveAndRemoveRecordsFromLog(OperationLogGarbageCollector.java:69)
	at jetbrains.exodus.newLogConcept.garbageCollector.OperationLogGarbageCollector.clean(OperationLogGarbageCollector.java:51)
	at jetbrains.exodus.newLogConcept.MVCC.MVCCDataStructure.lambda$commitTransaction$1(MVCCDataStructure.java:297)
	at java.base/java.util.concurrent.Executors$RunnableAdapter.call(Executors.java:515)
	at java.base/java.util.concurrent.FutureTask.run(FutureTask.java:264)
	at java.base/java.util.concurrent.ThreadPoolExecutor.runWorker(ThreadPoolExecutor.java:1128)
	at java.base/java.util.concurrent.ThreadPoolExecutor$Worker.run(ThreadPoolExecutor.java:628)
	... 1 more
java.util.concurrent.ExecutionException: jetbrains.exodus.ExodusException
	at java.base/java.util.concurrent.FutureTask.report(FutureTask.java:122)
	at java.base/java.util.concurrent.FutureTask.get(FutureTask.java:191)
	at jetbrains.exodus.newLogConcept.MVCC.MVCCDataStructure.commitTransaction(MVCCDataStructure.java:299)
	at site.ycsb.db.XodusClient.insert(XodusClient.java:60)
	at site.ycsb.DBWrapper.insert(DBWrapper.java:227)
	at site.ycsb.workloads.CoreWorkload.doInsert(CoreWorkload.java:621)
	at site.ycsb.ClientThread.run(ClientThread.java:135)
	at java.base/java.lang.Thread.run(Thread.java:829)
Caused by: jetbrains.exodus.ExodusException
	at jetbrains.exodus.newLogConcept.garbageCollector.OperationLogGarbageCollector.moveAndRemoveRecordsFromLog(OperationLogGarbageCollector.java:69)
	at jetbrains.exodus.newLogConcept.garbageCollector.OperationLogGarbageCollector.clean(OperationLogGarbageCollector.java:51)
	at jetbrains.exodus.newLogConcept.MVCC.MVCCDataStructure.lambda$commitTransaction$1(MVCCDataStructure.java:297)
	at java.base/java.util.concurrent.Executors$RunnableAdapter.call(Executors.java:515)
	at java.base/java.util.concurrent.FutureTask.run(FutureTask.java:264)
	at java.base/java.util.concurrent.ThreadPoolExecutor.runWorker(ThreadPoolExecutor.java:1128)
	at java.base/java.util.concurrent.ThreadPoolExecutor$Worker.run(ThreadPoolExecutor.java:628)
	... 1 more
java.util.concurrent.ExecutionException: jetbrains.exodus.ExodusException
	at java.base/java.util.concurrent.FutureTask.report(FutureTask.java:122)
	at java.base/java.util.concurrent.FutureTask.get(FutureTask.java:191)
	at jetbrains.exodus.newLogConcept.MVCC.MVCCDataStructure.commitTransaction(MVCCDataStructure.java:299)
	at site.ycsb.db.XodusClient.insert(XodusClient.java:60)
	at site.ycsb.DBWrapper.insert(DBWrapper.java:227)
	at site.ycsb.workloads.CoreWorkload.doInsert(CoreWorkload.java:621)
	at site.ycsb.ClientThread.run(ClientThread.java:135)
	at java.base/java.lang.Thread.run(Thread.java:829)
Caused by: jetbrains.exodus.ExodusException
	at jetbrains.exodus.newLogConcept.garbageCollector.OperationLogGarbageCollector.moveAndRemoveRecordsFromLog(OperationLogGarbageCollector.java:69)
	at jetbrains.exodus.newLogConcept.garbageCollector.OperationLogGarbageCollector.clean(OperationLogGarbageCollector.java:51)
	at jetbrains.exodus.newLogConcept.MVCC.MVCCDataStructure.lambda$commitTransaction$1(MVCCDataStructure.java:297)
	at java.base/java.util.concurrent.Executors$RunnableAdapter.call(Executors.java:515)
	at java.base/java.util.concurrent.FutureTask.run(FutureTask.java:264)
	at java.base/java.util.concurrent.ThreadPoolExecutor.runWorker(ThreadPoolExecutor.java:1128)
	at java.base/java.util.concurrent.ThreadPoolExecutor$Worker.run(ThreadPoolExecutor.java:628)
	... 1 more
java.util.concurrent.ExecutionException: jetbrains.exodus.ExodusException
	at java.base/java.util.concurrent.FutureTask.report(FutureTask.java:122)
	at java.base/java.util.concurrent.FutureTask.get(FutureTask.java:191)
	at jetbrains.exodus.newLogConcept.MVCC.MVCCDataStructure.commitTransaction(MVCCDataStructure.java:299)
	at site.ycsb.db.XodusClient.insert(XodusClient.java:60)
	at site.ycsb.DBWrapper.insert(DBWrapper.java:227)
	at site.ycsb.workloads.CoreWorkload.doInsert(CoreWorkload.java:621)
	at site.ycsb.ClientThread.run(ClientThread.java:135)
	at java.base/java.lang.Thread.run(Thread.java:829)
Caused by: jetbrains.exodus.ExodusException
	at jetbrains.exodus.newLogConcept.garbageCollector.OperationLogGarbageCollector.moveAndRemoveRecordsFromLog(OperationLogGarbageCollector.java:69)
	at jetbrains.exodus.newLogConcept.garbageCollector.OperationLogGarbageCollector.clean(OperationLogGarbageCollector.java:51)
	at jetbrains.exodus.newLogConcept.MVCC.MVCCDataStructure.lambda$commitTransaction$1(MVCCDataStructure.java:297)
	at java.base/java.util.concurrent.Executors$RunnableAdapter.call(Executors.java:515)
	at java.base/java.util.concurrent.FutureTask.run(FutureTask.java:264)
	at java.base/java.util.concurrent.ThreadPoolExecutor.runWorker(ThreadPoolExecutor.java:1128)
	at java.base/java.util.concurrent.ThreadPoolExecutor$Worker.run(ThreadPoolExecutor.java:628)
	... 1 more
java.util.concurrent.ExecutionException: jetbrains.exodus.ExodusException
	at java.base/java.util.concurrent.FutureTask.report(FutureTask.java:122)
	at java.base/java.util.concurrent.FutureTask.get(FutureTask.java:191)
	at jetbrains.exodus.newLogConcept.MVCC.MVCCDataStructure.commitTransaction(MVCCDataStructure.java:299)
	at site.ycsb.db.XodusClient.insert(XodusClient.java:60)
	at site.ycsb.DBWrapper.insert(DBWrapper.java:227)
	at site.ycsb.workloads.CoreWorkload.doInsert(CoreWorkload.java:621)
	at site.ycsb.ClientThread.run(ClientThread.java:135)
	at java.base/java.lang.Thread.run(Thread.java:829)
Caused by: jetbrains.exodus.ExodusException
	at jetbrains.exodus.newLogConcept.garbageCollector.OperationLogGarbageCollector.moveAndRemoveRecordsFromLog(OperationLogGarbageCollector.java:69)
	at jetbrains.exodus.newLogConcept.garbageCollector.OperationLogGarbageCollector.clean(OperationLogGarbageCollector.java:51)
	at jetbrains.exodus.newLogConcept.MVCC.MVCCDataStructure.lambda$commitTransaction$1(MVCCDataStructure.java:297)
	at java.base/java.util.concurrent.Executors$RunnableAdapter.call(Executors.java:515)
	at java.base/java.util.concurrent.FutureTask.run(FutureTask.java:264)
	at java.base/java.util.concurrent.ThreadPoolExecutor.runWorker(ThreadPoolExecutor.java:1128)
	at java.base/java.util.concurrent.ThreadPoolExecutor$Worker.run(ThreadPoolExecutor.java:628)
	... 1 more
java.util.concurrent.ExecutionException: jetbrains.exodus.ExodusException
	at java.base/java.util.concurrent.FutureTask.report(FutureTask.java:122)
	at java.base/java.util.concurrent.FutureTask.get(FutureTask.java:191)
	at jetbrains.exodus.newLogConcept.MVCC.MVCCDataStructure.commitTransaction(MVCCDataStructure.java:299)
	at site.ycsb.db.XodusClient.insert(XodusClient.java:60)
	at site.ycsb.DBWrapper.insert(DBWrapper.java:227)
	at site.ycsb.workloads.CoreWorkload.doInsert(CoreWorkload.java:621)
	at site.ycsb.ClientThread.run(ClientThread.java:135)
	at java.base/java.lang.Thread.run(Thread.java:829)
Caused by: jetbrains.exodus.ExodusException
	at jetbrains.exodus.newLogConcept.garbageCollector.OperationLogGarbageCollector.moveAndRemoveRecordsFromLog(OperationLogGarbageCollector.java:69)
	at jetbrains.exodus.newLogConcept.garbageCollector.OperationLogGarbageCollector.clean(OperationLogGarbageCollector.java:51)
	at jetbrains.exodus.newLogConcept.MVCC.MVCCDataStructure.lambda$commitTransaction$1(MVCCDataStructure.java:297)
	at java.base/java.util.concurrent.Executors$RunnableAdapter.call(Executors.java:515)
	at java.base/java.util.concurrent.FutureTask.run(FutureTask.java:264)
	at java.base/java.util.concurrent.ThreadPoolExecutor.runWorker(ThreadPoolExecutor.java:1128)
	at java.base/java.util.concurrent.ThreadPoolExecutor$Worker.run(ThreadPoolExecutor.java:628)
	... 1 more
java.util.concurrent.ExecutionException: jetbrains.exodus.ExodusException
	at java.base/java.util.concurrent.FutureTask.report(FutureTask.java:122)
	at java.base/java.util.concurrent.FutureTask.get(FutureTask.java:191)
	at jetbrains.exodus.newLogConcept.MVCC.MVCCDataStructure.commitTransaction(MVCCDataStructure.java:299)
	at site.ycsb.db.XodusClient.insert(XodusClient.java:60)
	at site.ycsb.DBWrapper.insert(DBWrapper.java:227)
	at site.ycsb.workloads.CoreWorkload.doInsert(CoreWorkload.java:621)
	at site.ycsb.ClientThread.run(ClientThread.java:135)
	at java.base/java.lang.Thread.run(Thread.java:829)
Caused by: jetbrains.exodus.ExodusException
	at jetbrains.exodus.newLogConcept.garbageCollector.OperationLogGarbageCollector.moveAndRemoveRecordsFromLog(OperationLogGarbageCollector.java:69)
	at jetbrains.exodus.newLogConcept.garbageCollector.OperationLogGarbageCollector.clean(OperationLogGarbageCollector.java:51)
	at jetbrains.exodus.newLogConcept.MVCC.MVCCDataStructure.lambda$commitTransaction$1(MVCCDataStructure.java:297)
	at java.base/java.util.concurrent.Executors$RunnableAdapter.call(Executors.java:515)
	at java.base/java.util.concurrent.FutureTask.run(FutureTask.java:264)
	at java.base/java.util.concurrent.ThreadPoolExecutor.runWorker(ThreadPoolExecutor.java:1128)
	at java.base/java.util.concurrent.ThreadPoolExecutor$Worker.run(ThreadPoolExecutor.java:628)
	... 1 more
java.util.concurrent.ExecutionException: jetbrains.exodus.ExodusException
	at java.base/java.util.concurrent.FutureTask.report(FutureTask.java:122)
	at java.base/java.util.concurrent.FutureTask.get(FutureTask.java:191)
	at jetbrains.exodus.newLogConcept.MVCC.MVCCDataStructure.commitTransaction(MVCCDataStructure.java:299)
	at site.ycsb.db.XodusClient.insert(XodusClient.java:60)
	at site.ycsb.DBWrapper.insert(DBWrapper.java:227)
	at site.ycsb.workloads.CoreWorkload.doInsert(CoreWorkload.java:621)
	at site.ycsb.ClientThread.run(ClientThread.java:135)
	at java.base/java.lang.Thread.run(Thread.java:829)
Caused by: jetbrains.exodus.ExodusException
	at jetbrains.exodus.newLogConcept.garbageCollector.OperationLogGarbageCollector.moveAndRemoveRecordsFromLog(OperationLogGarbageCollector.java:69)
	at jetbrains.exodus.newLogConcept.garbageCollector.OperationLogGarbageCollector.clean(OperationLogGarbageCollector.java:51)
	at jetbrains.exodus.newLogConcept.MVCC.MVCCDataStructure.lambda$commitTransaction$1(MVCCDataStructure.java:297)
	at java.base/java.util.concurrent.Executors$RunnableAdapter.call(Executors.java:515)
	at java.base/java.util.concurrent.FutureTask.run(FutureTask.java:264)
	at java.base/java.util.concurrent.ThreadPoolExecutor.runWorker(ThreadPoolExecutor.java:1128)
	at java.base/java.util.concurrent.ThreadPoolExecutor$Worker.run(ThreadPoolExecutor.java:628)
	... 1 more
java.util.concurrent.ExecutionException: jetbrains.exodus.ExodusException
	at java.base/java.util.concurrent.FutureTask.report(FutureTask.java:122)
	at java.base/java.util.concurrent.FutureTask.get(FutureTask.java:191)
	at jetbrains.exodus.newLogConcept.MVCC.MVCCDataStructure.commitTransaction(MVCCDataStructure.java:299)
	at site.ycsb.db.XodusClient.insert(XodusClient.java:60)
	at site.ycsb.DBWrapper.insert(DBWrapper.java:227)
	at site.ycsb.workloads.CoreWorkload.doInsert(CoreWorkload.java:621)
	at site.ycsb.ClientThread.run(ClientThread.java:135)
	at java.base/java.lang.Thread.run(Thread.java:829)
Caused by: jetbrains.exodus.ExodusException
	at jetbrains.exodus.newLogConcept.garbageCollector.OperationLogGarbageCollector.moveAndRemoveRecordsFromLog(OperationLogGarbageCollector.java:69)
	at jetbrains.exodus.newLogConcept.garbageCollector.OperationLogGarbageCollector.clean(OperationLogGarbageCollector.java:51)
	at jetbrains.exodus.newLogConcept.MVCC.MVCCDataStructure.lambda$commitTransaction$1(MVCCDataStructure.java:297)
	at java.base/java.util.concurrent.Executors$RunnableAdapter.call(Executors.java:515)
	at java.base/java.util.concurrent.FutureTask.run(FutureTask.java:264)
	at java.base/java.util.concurrent.ThreadPoolExecutor.runWorker(ThreadPoolExecutor.java:1128)
	at java.base/java.util.concurrent.ThreadPoolExecutor$Worker.run(ThreadPoolExecutor.java:628)
	... 1 more
java.util.concurrent.ExecutionException: jetbrains.exodus.ExodusException
	at java.base/java.util.concurrent.FutureTask.report(FutureTask.java:122)
	at java.base/java.util.concurrent.FutureTask.get(FutureTask.java:191)
	at jetbrains.exodus.newLogConcept.MVCC.MVCCDataStructure.commitTransaction(MVCCDataStructure.java:299)
	at site.ycsb.db.XodusClient.insert(XodusClient.java:60)
	at site.ycsb.DBWrapper.insert(DBWrapper.java:227)
	at site.ycsb.workloads.CoreWorkload.doInsert(CoreWorkload.java:621)
	at site.ycsb.ClientThread.run(ClientThread.java:135)
	at java.base/java.lang.Thread.run(Thread.java:829)
Caused by: jetbrains.exodus.ExodusException
	at jetbrains.exodus.newLogConcept.garbageCollector.OperationLogGarbageCollector.moveAndRemoveRecordsFromLog(OperationLogGarbageCollector.java:69)
	at jetbrains.exodus.newLogConcept.garbageCollector.OperationLogGarbageCollector.clean(OperationLogGarbageCollector.java:51)
	at jetbrains.exodus.newLogConcept.MVCC.MVCCDataStructure.lambda$commitTransaction$1(MVCCDataStructure.java:297)
	at java.base/java.util.concurrent.Executors$RunnableAdapter.call(Executors.java:515)
	at java.base/java.util.concurrent.FutureTask.run(FutureTask.java:264)
	at java.base/java.util.concurrent.ThreadPoolExecutor.runWorker(ThreadPoolExecutor.java:1128)
	at java.base/java.util.concurrent.ThreadPoolExecutor$Worker.run(ThreadPoolExecutor.java:628)
	... 1 more
java.util.concurrent.ExecutionException: jetbrains.exodus.ExodusException
	at java.base/java.util.concurrent.FutureTask.report(FutureTask.java:122)
	at java.base/java.util.concurrent.FutureTask.get(FutureTask.java:191)
	at jetbrains.exodus.newLogConcept.MVCC.MVCCDataStructure.commitTransaction(MVCCDataStructure.java:299)
	at site.ycsb.db.XodusClient.insert(XodusClient.java:60)
	at site.ycsb.DBWrapper.insert(DBWrapper.java:227)
	at site.ycsb.workloads.CoreWorkload.doInsert(CoreWorkload.java:621)
	at site.ycsb.ClientThread.run(ClientThread.java:135)
	at java.base/java.lang.Thread.run(Thread.java:829)
Caused by: jetbrains.exodus.ExodusException
	at jetbrains.exodus.newLogConcept.garbageCollector.OperationLogGarbageCollector.moveAndRemoveRecordsFromLog(OperationLogGarbageCollector.java:69)
	at jetbrains.exodus.newLogConcept.garbageCollector.OperationLogGarbageCollector.clean(OperationLogGarbageCollector.java:51)
	at jetbrains.exodus.newLogConcept.MVCC.MVCCDataStructure.lambda$commitTransaction$1(MVCCDataStructure.java:297)
	at java.base/java.util.concurrent.Executors$RunnableAdapter.call(Executors.java:515)
	at java.base/java.util.concurrent.FutureTask.run(FutureTask.java:264)
	at java.base/java.util.concurrent.ThreadPoolExecutor.runWorker(ThreadPoolExecutor.java:1128)
	at java.base/java.util.concurrent.ThreadPoolExecutor$Worker.run(ThreadPoolExecutor.java:628)
	... 1 more
java.util.concurrent.ExecutionException: jetbrains.exodus.ExodusException
	at java.base/java.util.concurrent.FutureTask.report(FutureTask.java:122)
	at java.base/java.util.concurrent.FutureTask.get(FutureTask.java:191)
	at jetbrains.exodus.newLogConcept.MVCC.MVCCDataStructure.commitTransaction(MVCCDataStructure.java:299)
	at site.ycsb.db.XodusClient.insert(XodusClient.java:60)
	at site.ycsb.DBWrapper.insert(DBWrapper.java:227)
	at site.ycsb.workloads.CoreWorkload.doInsert(CoreWorkload.java:621)
	at site.ycsb.ClientThread.run(ClientThread.java:135)
	at java.base/java.lang.Thread.run(Thread.java:829)
Caused by: jetbrains.exodus.ExodusException
	at jetbrains.exodus.newLogConcept.garbageCollector.OperationLogGarbageCollector.moveAndRemoveRecordsFromLog(OperationLogGarbageCollector.java:69)
	at jetbrains.exodus.newLogConcept.garbageCollector.OperationLogGarbageCollector.clean(OperationLogGarbageCollector.java:51)
	at jetbrains.exodus.newLogConcept.MVCC.MVCCDataStructure.lambda$commitTransaction$1(MVCCDataStructure.java:297)
	at java.base/java.util.concurrent.Executors$RunnableAdapter.call(Executors.java:515)
	at java.base/java.util.concurrent.FutureTask.run(FutureTask.java:264)
	at java.base/java.util.concurrent.ThreadPoolExecutor.runWorker(ThreadPoolExecutor.java:1128)
	at java.base/java.util.concurrent.ThreadPoolExecutor$Worker.run(ThreadPoolExecutor.java:628)
	... 1 more
java.util.concurrent.ExecutionException: jetbrains.exodus.ExodusException
	at java.base/java.util.concurrent.FutureTask.report(FutureTask.java:122)
	at java.base/java.util.concurrent.FutureTask.get(FutureTask.java:191)
	at jetbrains.exodus.newLogConcept.MVCC.MVCCDataStructure.commitTransaction(MVCCDataStructure.java:299)
	at site.ycsb.db.XodusClient.insert(XodusClient.java:60)
	at site.ycsb.DBWrapper.insert(DBWrapper.java:227)
	at site.ycsb.workloads.CoreWorkload.doInsert(CoreWorkload.java:621)
	at site.ycsb.ClientThread.run(ClientThread.java:135)
	at java.base/java.lang.Thread.run(Thread.java:829)
Caused by: jetbrains.exodus.ExodusException
	at jetbrains.exodus.newLogConcept.garbageCollector.OperationLogGarbageCollector.moveAndRemoveRecordsFromLog(OperationLogGarbageCollector.java:69)
	at jetbrains.exodus.newLogConcept.garbageCollector.OperationLogGarbageCollector.clean(OperationLogGarbageCollector.java:51)
	at jetbrains.exodus.newLogConcept.MVCC.MVCCDataStructure.lambda$commitTransaction$1(MVCCDataStructure.java:297)
	at java.base/java.util.concurrent.Executors$RunnableAdapter.call(Executors.java:515)
	at java.base/java.util.concurrent.FutureTask.run(FutureTask.java:264)
	at java.base/java.util.concurrent.ThreadPoolExecutor.runWorker(ThreadPoolExecutor.java:1128)
	at java.base/java.util.concurrent.ThreadPoolExecutor$Worker.run(ThreadPoolExecutor.java:628)
	... 1 more
java.util.concurrent.ExecutionException: jetbrains.exodus.ExodusException
	at java.base/java.util.concurrent.FutureTask.report(FutureTask.java:122)
	at java.base/java.util.concurrent.FutureTask.get(FutureTask.java:191)
	at jetbrains.exodus.newLogConcept.MVCC.MVCCDataStructure.commitTransaction(MVCCDataStructure.java:299)
	at site.ycsb.db.XodusClient.insert(XodusClient.java:60)
	at site.ycsb.DBWrapper.insert(DBWrapper.java:227)
	at site.ycsb.workloads.CoreWorkload.doInsert(CoreWorkload.java:621)
	at site.ycsb.ClientThread.run(ClientThread.java:135)
	at java.base/java.lang.Thread.run(Thread.java:829)
Caused by: jetbrains.exodus.ExodusException
	at jetbrains.exodus.newLogConcept.garbageCollector.OperationLogGarbageCollector.moveAndRemoveRecordsFromLog(OperationLogGarbageCollector.java:69)
	at jetbrains.exodus.newLogConcept.garbageCollector.OperationLogGarbageCollector.clean(OperationLogGarbageCollector.java:51)
	at jetbrains.exodus.newLogConcept.MVCC.MVCCDataStructure.lambda$commitTransaction$1(MVCCDataStructure.java:297)
	at java.base/java.util.concurrent.Executors$RunnableAdapter.call(Executors.java:515)
	at java.base/java.util.concurrent.FutureTask.run(FutureTask.java:264)
	at java.base/java.util.concurrent.ThreadPoolExecutor.runWorker(ThreadPoolExecutor.java:1128)
	at java.base/java.util.concurrent.ThreadPoolExecutor$Worker.run(ThreadPoolExecutor.java:628)
	... 1 more
java.util.concurrent.ExecutionException: jetbrains.exodus.ExodusException
	at java.base/java.util.concurrent.FutureTask.report(FutureTask.java:122)
	at java.base/java.util.concurrent.FutureTask.get(FutureTask.java:191)
	at jetbrains.exodus.newLogConcept.MVCC.MVCCDataStructure.commitTransaction(MVCCDataStructure.java:299)
	at site.ycsb.db.XodusClient.insert(XodusClient.java:60)
	at site.ycsb.DBWrapper.insert(DBWrapper.java:227)
	at site.ycsb.workloads.CoreWorkload.doInsert(CoreWorkload.java:621)
	at site.ycsb.ClientThread.run(ClientThread.java:135)
	at java.base/java.lang.Thread.run(Thread.java:829)
Caused by: jetbrains.exodus.ExodusException
	at jetbrains.exodus.newLogConcept.garbageCollector.OperationLogGarbageCollector.moveAndRemoveRecordsFromLog(OperationLogGarbageCollector.java:69)
	at jetbrains.exodus.newLogConcept.garbageCollector.OperationLogGarbageCollector.clean(OperationLogGarbageCollector.java:51)
	at jetbrains.exodus.newLogConcept.MVCC.MVCCDataStructure.lambda$commitTransaction$1(MVCCDataStructure.java:297)
	at java.base/java.util.concurrent.Executors$RunnableAdapter.call(Executors.java:515)
	at java.base/java.util.concurrent.FutureTask.run(FutureTask.java:264)
	at java.base/java.util.concurrent.ThreadPoolExecutor.runWorker(ThreadPoolExecutor.java:1128)
	at java.base/java.util.concurrent.ThreadPoolExecutor$Worker.run(ThreadPoolExecutor.java:628)
	... 1 more
java.util.concurrent.ExecutionException: jetbrains.exodus.ExodusException
	at java.base/java.util.concurrent.FutureTask.report(FutureTask.java:122)
	at java.base/java.util.concurrent.FutureTask.get(FutureTask.java:191)
	at jetbrains.exodus.newLogConcept.MVCC.MVCCDataStructure.commitTransaction(MVCCDataStructure.java:299)
	at site.ycsb.db.XodusClient.insert(XodusClient.java:60)
	at site.ycsb.DBWrapper.insert(DBWrapper.java:227)
	at site.ycsb.workloads.CoreWorkload.doInsert(CoreWorkload.java:621)
	at site.ycsb.ClientThread.run(ClientThread.java:135)
	at java.base/java.lang.Thread.run(Thread.java:829)
Caused by: jetbrains.exodus.ExodusException
	at jetbrains.exodus.newLogConcept.garbageCollector.OperationLogGarbageCollector.moveAndRemoveRecordsFromLog(OperationLogGarbageCollector.java:69)
	at jetbrains.exodus.newLogConcept.garbageCollector.OperationLogGarbageCollector.clean(OperationLogGarbageCollector.java:51)
	at jetbrains.exodus.newLogConcept.MVCC.MVCCDataStructure.lambda$commitTransaction$1(MVCCDataStructure.java:297)
	at java.base/java.util.concurrent.Executors$RunnableAdapter.call(Executors.java:515)
	at java.base/java.util.concurrent.FutureTask.run(FutureTask.java:264)
	at java.base/java.util.concurrent.ThreadPoolExecutor.runWorker(ThreadPoolExecutor.java:1128)
	at java.base/java.util.concurrent.ThreadPoolExecutor$Worker.run(ThreadPoolExecutor.java:628)
	... 1 more
java.util.concurrent.ExecutionException: jetbrains.exodus.ExodusException
	at java.base/java.util.concurrent.FutureTask.report(FutureTask.java:122)
	at java.base/java.util.concurrent.FutureTask.get(FutureTask.java:191)
	at jetbrains.exodus.newLogConcept.MVCC.MVCCDataStructure.commitTransaction(MVCCDataStructure.java:299)
	at site.ycsb.db.XodusClient.insert(XodusClient.java:60)
	at site.ycsb.DBWrapper.insert(DBWrapper.java:227)
	at site.ycsb.workloads.CoreWorkload.doInsert(CoreWorkload.java:621)
	at site.ycsb.ClientThread.run(ClientThread.java:135)
	at java.base/java.lang.Thread.run(Thread.java:829)
Caused by: jetbrains.exodus.ExodusException
	at jetbrains.exodus.newLogConcept.garbageCollector.OperationLogGarbageCollector.moveAndRemoveRecordsFromLog(OperationLogGarbageCollector.java:69)
	at jetbrains.exodus.newLogConcept.garbageCollector.OperationLogGarbageCollector.clean(OperationLogGarbageCollector.java:51)
	at jetbrains.exodus.newLogConcept.MVCC.MVCCDataStructure.lambda$commitTransaction$1(MVCCDataStructure.java:297)
	at java.base/java.util.concurrent.Executors$RunnableAdapter.call(Executors.java:515)
	at java.base/java.util.concurrent.FutureTask.run(FutureTask.java:264)
	at java.base/java.util.concurrent.ThreadPoolExecutor.runWorker(ThreadPoolExecutor.java:1128)
	at java.base/java.util.concurrent.ThreadPoolExecutor$Worker.run(ThreadPoolExecutor.java:628)
	... 1 more
java.util.concurrent.ExecutionException: jetbrains.exodus.ExodusException
	at java.base/java.util.concurrent.FutureTask.report(FutureTask.java:122)
	at java.base/java.util.concurrent.FutureTask.get(FutureTask.java:191)
	at jetbrains.exodus.newLogConcept.MVCC.MVCCDataStructure.commitTransaction(MVCCDataStructure.java:299)
	at site.ycsb.db.XodusClient.insert(XodusClient.java:60)
	at site.ycsb.DBWrapper.insert(DBWrapper.java:227)
	at site.ycsb.workloads.CoreWorkload.doInsert(CoreWorkload.java:621)
	at site.ycsb.ClientThread.run(ClientThread.java:135)
	at java.base/java.lang.Thread.run(Thread.java:829)
Caused by: jetbrains.exodus.ExodusException
	at jetbrains.exodus.newLogConcept.garbageCollector.OperationLogGarbageCollector.moveAndRemoveRecordsFromLog(OperationLogGarbageCollector.java:69)
	at jetbrains.exodus.newLogConcept.garbageCollector.OperationLogGarbageCollector.clean(OperationLogGarbageCollector.java:51)
	at jetbrains.exodus.newLogConcept.MVCC.MVCCDataStructure.lambda$commitTransaction$1(MVCCDataStructure.java:297)
	at java.base/java.util.concurrent.Executors$RunnableAdapter.call(Executors.java:515)
	at java.base/java.util.concurrent.FutureTask.run(FutureTask.java:264)
	at java.base/java.util.concurrent.ThreadPoolExecutor.runWorker(ThreadPoolExecutor.java:1128)
	at java.base/java.util.concurrent.ThreadPoolExecutor$Worker.run(ThreadPoolExecutor.java:628)
	... 1 more
java.util.concurrent.ExecutionException: jetbrains.exodus.ExodusException
	at java.base/java.util.concurrent.FutureTask.report(FutureTask.java:122)
	at java.base/java.util.concurrent.FutureTask.get(FutureTask.java:191)
	at jetbrains.exodus.newLogConcept.MVCC.MVCCDataStructure.commitTransaction(MVCCDataStructure.java:299)
	at site.ycsb.db.XodusClient.insert(XodusClient.java:60)
	at site.ycsb.DBWrapper.insert(DBWrapper.java:227)
	at site.ycsb.workloads.CoreWorkload.doInsert(CoreWorkload.java:621)
	at site.ycsb.ClientThread.run(ClientThread.java:135)
	at java.base/java.lang.Thread.run(Thread.java:829)
Caused by: jetbrains.exodus.ExodusException
	at jetbrains.exodus.newLogConcept.garbageCollector.OperationLogGarbageCollector.moveAndRemoveRecordsFromLog(OperationLogGarbageCollector.java:69)
	at jetbrains.exodus.newLogConcept.garbageCollector.OperationLogGarbageCollector.clean(OperationLogGarbageCollector.java:51)
	at jetbrains.exodus.newLogConcept.MVCC.MVCCDataStructure.lambda$commitTransaction$1(MVCCDataStructure.java:297)
	at java.base/java.util.concurrent.Executors$RunnableAdapter.call(Executors.java:515)
	at java.base/java.util.concurrent.FutureTask.run(FutureTask.java:264)
	at java.base/java.util.concurrent.ThreadPoolExecutor.runWorker(ThreadPoolExecutor.java:1128)
	at java.base/java.util.concurrent.ThreadPoolExecutor$Worker.run(ThreadPoolExecutor.java:628)
	... 1 more
java.util.concurrent.ExecutionException: jetbrains.exodus.ExodusException
	at java.base/java.util.concurrent.FutureTask.report(FutureTask.java:122)
	at java.base/java.util.concurrent.FutureTask.get(FutureTask.java:191)
	at jetbrains.exodus.newLogConcept.MVCC.MVCCDataStructure.commitTransaction(MVCCDataStructure.java:299)
	at site.ycsb.db.XodusClient.insert(XodusClient.java:60)
	at site.ycsb.DBWrapper.insert(DBWrapper.java:227)
	at site.ycsb.workloads.CoreWorkload.doInsert(CoreWorkload.java:621)
	at site.ycsb.ClientThread.run(ClientThread.java:135)
	at java.base/java.lang.Thread.run(Thread.java:829)
Caused by: jetbrains.exodus.ExodusException
	at jetbrains.exodus.newLogConcept.garbageCollector.OperationLogGarbageCollector.moveAndRemoveRecordsFromLog(OperationLogGarbageCollector.java:69)
	at jetbrains.exodus.newLogConcept.garbageCollector.OperationLogGarbageCollector.clean(OperationLogGarbageCollector.java:51)
	at jetbrains.exodus.newLogConcept.MVCC.MVCCDataStructure.lambda$commitTransaction$1(MVCCDataStructure.java:297)
	at java.base/java.util.concurrent.Executors$RunnableAdapter.call(Executors.java:515)
	at java.base/java.util.concurrent.FutureTask.run(FutureTask.java:264)
	at java.base/java.util.concurrent.ThreadPoolExecutor.runWorker(ThreadPoolExecutor.java:1128)
	at java.base/java.util.concurrent.ThreadPoolExecutor$Worker.run(ThreadPoolExecutor.java:628)
	... 1 more
java.util.concurrent.ExecutionException: jetbrains.exodus.ExodusException
	at java.base/java.util.concurrent.FutureTask.report(FutureTask.java:122)
	at java.base/java.util.concurrent.FutureTask.get(FutureTask.java:191)
	at jetbrains.exodus.newLogConcept.MVCC.MVCCDataStructure.commitTransaction(MVCCDataStructure.java:299)
	at site.ycsb.db.XodusClient.insert(XodusClient.java:60)
	at site.ycsb.DBWrapper.insert(DBWrapper.java:227)
	at site.ycsb.workloads.CoreWorkload.doInsert(CoreWorkload.java:621)
	at site.ycsb.ClientThread.run(ClientThread.java:135)
	at java.base/java.lang.Thread.run(Thread.java:829)
Caused by: jetbrains.exodus.ExodusException
	at jetbrains.exodus.newLogConcept.garbageCollector.OperationLogGarbageCollector.moveAndRemoveRecordsFromLog(OperationLogGarbageCollector.java:69)
	at jetbrains.exodus.newLogConcept.garbageCollector.OperationLogGarbageCollector.clean(OperationLogGarbageCollector.java:51)
	at jetbrains.exodus.newLogConcept.MVCC.MVCCDataStructure.lambda$commitTransaction$1(MVCCDataStructure.java:297)
	at java.base/java.util.concurrent.Executors$RunnableAdapter.call(Executors.java:515)
	at java.base/java.util.concurrent.FutureTask.run(FutureTask.java:264)
	at java.base/java.util.concurrent.ThreadPoolExecutor.runWorker(ThreadPoolExecutor.java:1128)
	at java.base/java.util.concurrent.ThreadPoolExecutor$Worker.run(ThreadPoolExecutor.java:628)
	... 1 more
java.util.concurrent.ExecutionException: jetbrains.exodus.ExodusException
	at java.base/java.util.concurrent.FutureTask.report(FutureTask.java:122)
	at java.base/java.util.concurrent.FutureTask.get(FutureTask.java:191)
	at jetbrains.exodus.newLogConcept.MVCC.MVCCDataStructure.commitTransaction(MVCCDataStructure.java:299)
	at site.ycsb.db.XodusClient.insert(XodusClient.java:60)
	at site.ycsb.DBWrapper.insert(DBWrapper.java:227)
	at site.ycsb.workloads.CoreWorkload.doInsert(CoreWorkload.java:621)
	at site.ycsb.ClientThread.run(ClientThread.java:135)
	at java.base/java.lang.Thread.run(Thread.java:829)
Caused by: jetbrains.exodus.ExodusException
	at jetbrains.exodus.newLogConcept.garbageCollector.OperationLogGarbageCollector.moveAndRemoveRecordsFromLog(OperationLogGarbageCollector.java:69)
	at jetbrains.exodus.newLogConcept.garbageCollector.OperationLogGarbageCollector.clean(OperationLogGarbageCollector.java:51)
	at jetbrains.exodus.newLogConcept.MVCC.MVCCDataStructure.lambda$commitTransaction$1(MVCCDataStructure.java:297)
	at java.base/java.util.concurrent.Executors$RunnableAdapter.call(Executors.java:515)
	at java.base/java.util.concurrent.FutureTask.run(FutureTask.java:264)
	at java.base/java.util.concurrent.ThreadPoolExecutor.runWorker(ThreadPoolExecutor.java:1128)
	at java.base/java.util.concurrent.ThreadPoolExecutor$Worker.run(ThreadPoolExecutor.java:628)
	... 1 more
java.util.concurrent.ExecutionException: jetbrains.exodus.ExodusException
	at java.base/java.util.concurrent.FutureTask.report(FutureTask.java:122)
	at java.base/java.util.concurrent.FutureTask.get(FutureTask.java:191)
	at jetbrains.exodus.newLogConcept.MVCC.MVCCDataStructure.commitTransaction(MVCCDataStructure.java:299)
	at site.ycsb.db.XodusClient.insert(XodusClient.java:60)
	at site.ycsb.DBWrapper.insert(DBWrapper.java:227)
	at site.ycsb.workloads.CoreWorkload.doInsert(CoreWorkload.java:621)
	at site.ycsb.ClientThread.run(ClientThread.java:135)
	at java.base/java.lang.Thread.run(Thread.java:829)
Caused by: jetbrains.exodus.ExodusException
	at jetbrains.exodus.newLogConcept.garbageCollector.OperationLogGarbageCollector.moveAndRemoveRecordsFromLog(OperationLogGarbageCollector.java:69)
	at jetbrains.exodus.newLogConcept.garbageCollector.OperationLogGarbageCollector.clean(OperationLogGarbageCollector.java:51)
	at jetbrains.exodus.newLogConcept.MVCC.MVCCDataStructure.lambda$commitTransaction$1(MVCCDataStructure.java:297)
	at java.base/java.util.concurrent.Executors$RunnableAdapter.call(Executors.java:515)
	at java.base/java.util.concurrent.FutureTask.run(FutureTask.java:264)
	at java.base/java.util.concurrent.ThreadPoolExecutor.runWorker(ThreadPoolExecutor.java:1128)
	at java.base/java.util.concurrent.ThreadPoolExecutor$Worker.run(ThreadPoolExecutor.java:628)
	... 1 more
java.util.concurrent.ExecutionException: jetbrains.exodus.ExodusException
	at java.base/java.util.concurrent.FutureTask.report(FutureTask.java:122)
	at java.base/java.util.concurrent.FutureTask.get(FutureTask.java:191)
	at jetbrains.exodus.newLogConcept.MVCC.MVCCDataStructure.commitTransaction(MVCCDataStructure.java:299)
	at site.ycsb.db.XodusClient.insert(XodusClient.java:60)
	at site.ycsb.DBWrapper.insert(DBWrapper.java:227)
	at site.ycsb.workloads.CoreWorkload.doInsert(CoreWorkload.java:621)
	at site.ycsb.ClientThread.run(ClientThread.java:135)
	at java.base/java.lang.Thread.run(Thread.java:829)
Caused by: jetbrains.exodus.ExodusException
	at jetbrains.exodus.newLogConcept.garbageCollector.OperationLogGarbageCollector.moveAndRemoveRecordsFromLog(OperationLogGarbageCollector.java:69)
	at jetbrains.exodus.newLogConcept.garbageCollector.OperationLogGarbageCollector.clean(OperationLogGarbageCollector.java:51)
	at jetbrains.exodus.newLogConcept.MVCC.MVCCDataStructure.lambda$commitTransaction$1(MVCCDataStructure.java:297)
	at java.base/java.util.concurrent.Executors$RunnableAdapter.call(Executors.java:515)
	at java.base/java.util.concurrent.FutureTask.run(FutureTask.java:264)
	at java.base/java.util.concurrent.ThreadPoolExecutor.runWorker(ThreadPoolExecutor.java:1128)
	at java.base/java.util.concurrent.ThreadPoolExecutor$Worker.run(ThreadPoolExecutor.java:628)
	... 1 more
java.util.concurrent.ExecutionException: jetbrains.exodus.ExodusException
	at java.base/java.util.concurrent.FutureTask.report(FutureTask.java:122)
	at java.base/java.util.concurrent.FutureTask.get(FutureTask.java:191)
	at jetbrains.exodus.newLogConcept.MVCC.MVCCDataStructure.commitTransaction(MVCCDataStructure.java:299)
	at site.ycsb.db.XodusClient.insert(XodusClient.java:60)
	at site.ycsb.DBWrapper.insert(DBWrapper.java:227)
	at site.ycsb.workloads.CoreWorkload.doInsert(CoreWorkload.java:621)
	at site.ycsb.ClientThread.run(ClientThread.java:135)
	at java.base/java.lang.Thread.run(Thread.java:829)
Caused by: jetbrains.exodus.ExodusException
	at jetbrains.exodus.newLogConcept.garbageCollector.OperationLogGarbageCollector.moveAndRemoveRecordsFromLog(OperationLogGarbageCollector.java:69)
	at jetbrains.exodus.newLogConcept.garbageCollector.OperationLogGarbageCollector.clean(OperationLogGarbageCollector.java:51)
	at jetbrains.exodus.newLogConcept.MVCC.MVCCDataStructure.lambda$commitTransaction$1(MVCCDataStructure.java:297)
	at java.base/java.util.concurrent.Executors$RunnableAdapter.call(Executors.java:515)
	at java.base/java.util.concurrent.FutureTask.run(FutureTask.java:264)
	at java.base/java.util.concurrent.ThreadPoolExecutor.runWorker(ThreadPoolExecutor.java:1128)
	at java.base/java.util.concurrent.ThreadPoolExecutor$Worker.run(ThreadPoolExecutor.java:628)
	... 1 more
java.util.concurrent.ExecutionException: jetbrains.exodus.ExodusException
	at java.base/java.util.concurrent.FutureTask.report(FutureTask.java:122)
	at java.base/java.util.concurrent.FutureTask.get(FutureTask.java:191)
	at jetbrains.exodus.newLogConcept.MVCC.MVCCDataStructure.commitTransaction(MVCCDataStructure.java:299)
	at site.ycsb.db.XodusClient.insert(XodusClient.java:60)
	at site.ycsb.DBWrapper.insert(DBWrapper.java:227)
	at site.ycsb.workloads.CoreWorkload.doInsert(CoreWorkload.java:621)
	at site.ycsb.ClientThread.run(ClientThread.java:135)
	at java.base/java.lang.Thread.run(Thread.java:829)
Caused by: jetbrains.exodus.ExodusException
	at jetbrains.exodus.newLogConcept.garbageCollector.OperationLogGarbageCollector.moveAndRemoveRecordsFromLog(OperationLogGarbageCollector.java:69)
	at jetbrains.exodus.newLogConcept.garbageCollector.OperationLogGarbageCollector.clean(OperationLogGarbageCollector.java:51)
	at jetbrains.exodus.newLogConcept.MVCC.MVCCDataStructure.lambda$commitTransaction$1(MVCCDataStructure.java:297)
	at java.base/java.util.concurrent.Executors$RunnableAdapter.call(Executors.java:515)
	at java.base/java.util.concurrent.FutureTask.run(FutureTask.java:264)
	at java.base/java.util.concurrent.ThreadPoolExecutor.runWorker(ThreadPoolExecutor.java:1128)
	at java.base/java.util.concurrent.ThreadPoolExecutor$Worker.run(ThreadPoolExecutor.java:628)
	... 1 more
java.util.concurrent.ExecutionException: jetbrains.exodus.ExodusException
	at java.base/java.util.concurrent.FutureTask.report(FutureTask.java:122)
	at java.base/java.util.concurrent.FutureTask.get(FutureTask.java:191)
	at jetbrains.exodus.newLogConcept.MVCC.MVCCDataStructure.commitTransaction(MVCCDataStructure.java:299)
	at site.ycsb.db.XodusClient.insert(XodusClient.java:60)
	at site.ycsb.DBWrapper.insert(DBWrapper.java:227)
	at site.ycsb.workloads.CoreWorkload.doInsert(CoreWorkload.java:621)
	at site.ycsb.ClientThread.run(ClientThread.java:135)
	at java.base/java.lang.Thread.run(Thread.java:829)
Caused by: jetbrains.exodus.ExodusException
	at jetbrains.exodus.newLogConcept.garbageCollector.OperationLogGarbageCollector.moveAndRemoveRecordsFromLog(OperationLogGarbageCollector.java:69)
	at jetbrains.exodus.newLogConcept.garbageCollector.OperationLogGarbageCollector.clean(OperationLogGarbageCollector.java:51)
	at jetbrains.exodus.newLogConcept.MVCC.MVCCDataStructure.lambda$commitTransaction$1(MVCCDataStructure.java:297)
	at java.base/java.util.concurrent.Executors$RunnableAdapter.call(Executors.java:515)
	at java.base/java.util.concurrent.FutureTask.run(FutureTask.java:264)
	at java.base/java.util.concurrent.ThreadPoolExecutor.runWorker(ThreadPoolExecutor.java:1128)
	at java.base/java.util.concurrent.ThreadPoolExecutor$Worker.run(ThreadPoolExecutor.java:628)
	... 1 more
java.util.concurrent.ExecutionException: jetbrains.exodus.ExodusException
	at java.base/java.util.concurrent.FutureTask.report(FutureTask.java:122)
	at java.base/java.util.concurrent.FutureTask.get(FutureTask.java:191)
	at jetbrains.exodus.newLogConcept.MVCC.MVCCDataStructure.commitTransaction(MVCCDataStructure.java:299)
	at site.ycsb.db.XodusClient.insert(XodusClient.java:60)
	at site.ycsb.DBWrapper.insert(DBWrapper.java:227)
	at site.ycsb.workloads.CoreWorkload.doInsert(CoreWorkload.java:621)
	at site.ycsb.ClientThread.run(ClientThread.java:135)
	at java.base/java.lang.Thread.run(Thread.java:829)
Caused by: jetbrains.exodus.ExodusException
	at jetbrains.exodus.newLogConcept.garbageCollector.OperationLogGarbageCollector.moveAndRemoveRecordsFromLog(OperationLogGarbageCollector.java:69)
	at jetbrains.exodus.newLogConcept.garbageCollector.OperationLogGarbageCollector.clean(OperationLogGarbageCollector.java:51)
	at jetbrains.exodus.newLogConcept.MVCC.MVCCDataStructure.lambda$commitTransaction$1(MVCCDataStructure.java:297)
	at java.base/java.util.concurrent.Executors$RunnableAdapter.call(Executors.java:515)
	at java.base/java.util.concurrent.FutureTask.run(FutureTask.java:264)
	at java.base/java.util.concurrent.ThreadPoolExecutor.runWorker(ThreadPoolExecutor.java:1128)
	at java.base/java.util.concurrent.ThreadPoolExecutor$Worker.run(ThreadPoolExecutor.java:628)
	... 1 more
java.util.concurrent.ExecutionException: jetbrains.exodus.ExodusException
	at java.base/java.util.concurrent.FutureTask.report(FutureTask.java:122)
	at java.base/java.util.concurrent.FutureTask.get(FutureTask.java:191)
	at jetbrains.exodus.newLogConcept.MVCC.MVCCDataStructure.commitTransaction(MVCCDataStructure.java:299)
	at site.ycsb.db.XodusClient.insert(XodusClient.java:60)
	at site.ycsb.DBWrapper.insert(DBWrapper.java:227)
	at site.ycsb.workloads.CoreWorkload.doInsert(CoreWorkload.java:621)
	at site.ycsb.ClientThread.run(ClientThread.java:135)
	at java.base/java.lang.Thread.run(Thread.java:829)
Caused by: jetbrains.exodus.ExodusException
	at jetbrains.exodus.newLogConcept.garbageCollector.OperationLogGarbageCollector.moveAndRemoveRecordsFromLog(OperationLogGarbageCollector.java:69)
	at jetbrains.exodus.newLogConcept.garbageCollector.OperationLogGarbageCollector.clean(OperationLogGarbageCollector.java:51)
	at jetbrains.exodus.newLogConcept.MVCC.MVCCDataStructure.lambda$commitTransaction$1(MVCCDataStructure.java:297)
	at java.base/java.util.concurrent.Executors$RunnableAdapter.call(Executors.java:515)
	at java.base/java.util.concurrent.FutureTask.run(FutureTask.java:264)
	at java.base/java.util.concurrent.ThreadPoolExecutor.runWorker(ThreadPoolExecutor.java:1128)
	at java.base/java.util.concurrent.ThreadPoolExecutor$Worker.run(ThreadPoolExecutor.java:628)
	... 1 more
java.util.concurrent.ExecutionException: jetbrains.exodus.ExodusException
	at java.base/java.util.concurrent.FutureTask.report(FutureTask.java:122)
	at java.base/java.util.concurrent.FutureTask.get(FutureTask.java:191)
	at jetbrains.exodus.newLogConcept.MVCC.MVCCDataStructure.commitTransaction(MVCCDataStructure.java:299)
	at site.ycsb.db.XodusClient.insert(XodusClient.java:60)
	at site.ycsb.DBWrapper.insert(DBWrapper.java:227)
	at site.ycsb.workloads.CoreWorkload.doInsert(CoreWorkload.java:621)
	at site.ycsb.ClientThread.run(ClientThread.java:135)
	at java.base/java.lang.Thread.run(Thread.java:829)
Caused by: jetbrains.exodus.ExodusException
	at jetbrains.exodus.newLogConcept.garbageCollector.OperationLogGarbageCollector.moveAndRemoveRecordsFromLog(OperationLogGarbageCollector.java:69)
	at jetbrains.exodus.newLogConcept.garbageCollector.OperationLogGarbageCollector.clean(OperationLogGarbageCollector.java:51)
	at jetbrains.exodus.newLogConcept.MVCC.MVCCDataStructure.lambda$commitTransaction$1(MVCCDataStructure.java:297)
	at java.base/java.util.concurrent.Executors$RunnableAdapter.call(Executors.java:515)
	at java.base/java.util.concurrent.FutureTask.run(FutureTask.java:264)
	at java.base/java.util.concurrent.ThreadPoolExecutor.runWorker(ThreadPoolExecutor.java:1128)
	at java.base/java.util.concurrent.ThreadPoolExecutor$Worker.run(ThreadPoolExecutor.java:628)
	... 1 more
java.util.concurrent.ExecutionException: jetbrains.exodus.ExodusException
	at java.base/java.util.concurrent.FutureTask.report(FutureTask.java:122)
	at java.base/java.util.concurrent.FutureTask.get(FutureTask.java:191)
	at jetbrains.exodus.newLogConcept.MVCC.MVCCDataStructure.commitTransaction(MVCCDataStructure.java:299)
	at site.ycsb.db.XodusClient.insert(XodusClient.java:60)
	at site.ycsb.DBWrapper.insert(DBWrapper.java:227)
	at site.ycsb.workloads.CoreWorkload.doInsert(CoreWorkload.java:621)
	at site.ycsb.ClientThread.run(ClientThread.java:135)
	at java.base/java.lang.Thread.run(Thread.java:829)
Caused by: jetbrains.exodus.ExodusException
	at jetbrains.exodus.newLogConcept.garbageCollector.OperationLogGarbageCollector.moveAndRemoveRecordsFromLog(OperationLogGarbageCollector.java:69)
	at jetbrains.exodus.newLogConcept.garbageCollector.OperationLogGarbageCollector.clean(OperationLogGarbageCollector.java:51)
	at jetbrains.exodus.newLogConcept.MVCC.MVCCDataStructure.lambda$commitTransaction$1(MVCCDataStructure.java:297)
	at java.base/java.util.concurrent.Executors$RunnableAdapter.call(Executors.java:515)
	at java.base/java.util.concurrent.FutureTask.run(FutureTask.java:264)
	at java.base/java.util.concurrent.ThreadPoolExecutor.runWorker(ThreadPoolExecutor.java:1128)
	at java.base/java.util.concurrent.ThreadPoolExecutor$Worker.run(ThreadPoolExecutor.java:628)
	... 1 more
java.util.concurrent.ExecutionException: jetbrains.exodus.ExodusException
	at java.base/java.util.concurrent.FutureTask.report(FutureTask.java:122)
	at java.base/java.util.concurrent.FutureTask.get(FutureTask.java:191)
	at jetbrains.exodus.newLogConcept.MVCC.MVCCDataStructure.commitTransaction(MVCCDataStructure.java:299)
	at site.ycsb.db.XodusClient.insert(XodusClient.java:60)
	at site.ycsb.DBWrapper.insert(DBWrapper.java:227)
	at site.ycsb.workloads.CoreWorkload.doInsert(CoreWorkload.java:621)
	at site.ycsb.ClientThread.run(ClientThread.java:135)
	at java.base/java.lang.Thread.run(Thread.java:829)
Caused by: jetbrains.exodus.ExodusException
	at jetbrains.exodus.newLogConcept.garbageCollector.OperationLogGarbageCollector.moveAndRemoveRecordsFromLog(OperationLogGarbageCollector.java:69)
	at jetbrains.exodus.newLogConcept.garbageCollector.OperationLogGarbageCollector.clean(OperationLogGarbageCollector.java:51)
	at jetbrains.exodus.newLogConcept.MVCC.MVCCDataStructure.lambda$commitTransaction$1(MVCCDataStructure.java:297)
	at java.base/java.util.concurrent.Executors$RunnableAdapter.call(Executors.java:515)
	at java.base/java.util.concurrent.FutureTask.run(FutureTask.java:264)
	at java.base/java.util.concurrent.ThreadPoolExecutor.runWorker(ThreadPoolExecutor.java:1128)
	at java.base/java.util.concurrent.ThreadPoolExecutor$Worker.run(ThreadPoolExecutor.java:628)
	... 1 more
java.util.concurrent.ExecutionException: jetbrains.exodus.ExodusException
	at java.base/java.util.concurrent.FutureTask.report(FutureTask.java:122)
	at java.base/java.util.concurrent.FutureTask.get(FutureTask.java:191)
	at jetbrains.exodus.newLogConcept.MVCC.MVCCDataStructure.commitTransaction(MVCCDataStructure.java:299)
	at site.ycsb.db.XodusClient.insert(XodusClient.java:60)
	at site.ycsb.DBWrapper.insert(DBWrapper.java:227)
	at site.ycsb.workloads.CoreWorkload.doInsert(CoreWorkload.java:621)
	at site.ycsb.ClientThread.run(ClientThread.java:135)
	at java.base/java.lang.Thread.run(Thread.java:829)
Caused by: jetbrains.exodus.ExodusException
	at jetbrains.exodus.newLogConcept.garbageCollector.OperationLogGarbageCollector.moveAndRemoveRecordsFromLog(OperationLogGarbageCollector.java:69)
	at jetbrains.exodus.newLogConcept.garbageCollector.OperationLogGarbageCollector.clean(OperationLogGarbageCollector.java:51)
	at jetbrains.exodus.newLogConcept.MVCC.MVCCDataStructure.lambda$commitTransaction$1(MVCCDataStructure.java:297)
	at java.base/java.util.concurrent.Executors$RunnableAdapter.call(Executors.java:515)
	at java.base/java.util.concurrent.FutureTask.run(FutureTask.java:264)
	at java.base/java.util.concurrent.ThreadPoolExecutor.runWorker(ThreadPoolExecutor.java:1128)
	at java.base/java.util.concurrent.ThreadPoolExecutor$Worker.run(ThreadPoolExecutor.java:628)
	... 1 more
java.util.concurrent.ExecutionException: jetbrains.exodus.ExodusException
	at java.base/java.util.concurrent.FutureTask.report(FutureTask.java:122)
	at java.base/java.util.concurrent.FutureTask.get(FutureTask.java:191)
	at jetbrains.exodus.newLogConcept.MVCC.MVCCDataStructure.commitTransaction(MVCCDataStructure.java:299)
	at site.ycsb.db.XodusClient.insert(XodusClient.java:60)
	at site.ycsb.DBWrapper.insert(DBWrapper.java:227)
	at site.ycsb.workloads.CoreWorkload.doInsert(CoreWorkload.java:621)
	at site.ycsb.ClientThread.run(ClientThread.java:135)
	at java.base/java.lang.Thread.run(Thread.java:829)
Caused by: jetbrains.exodus.ExodusException
	at jetbrains.exodus.newLogConcept.garbageCollector.OperationLogGarbageCollector.moveAndRemoveRecordsFromLog(OperationLogGarbageCollector.java:69)
	at jetbrains.exodus.newLogConcept.garbageCollector.OperationLogGarbageCollector.clean(OperationLogGarbageCollector.java:51)
	at jetbrains.exodus.newLogConcept.MVCC.MVCCDataStructure.lambda$commitTransaction$1(MVCCDataStructure.java:297)
	at java.base/java.util.concurrent.Executors$RunnableAdapter.call(Executors.java:515)
	at java.base/java.util.concurrent.FutureTask.run(FutureTask.java:264)
	at java.base/java.util.concurrent.ThreadPoolExecutor.runWorker(ThreadPoolExecutor.java:1128)
	at java.base/java.util.concurrent.ThreadPoolExecutor$Worker.run(ThreadPoolExecutor.java:628)
	... 1 more
java.util.concurrent.ExecutionException: jetbrains.exodus.ExodusException
	at java.base/java.util.concurrent.FutureTask.report(FutureTask.java:122)
	at java.base/java.util.concurrent.FutureTask.get(FutureTask.java:191)
	at jetbrains.exodus.newLogConcept.MVCC.MVCCDataStructure.commitTransaction(MVCCDataStructure.java:299)
	at site.ycsb.db.XodusClient.insert(XodusClient.java:60)
	at site.ycsb.DBWrapper.insert(DBWrapper.java:227)
	at site.ycsb.workloads.CoreWorkload.doInsert(CoreWorkload.java:621)
	at site.ycsb.ClientThread.run(ClientThread.java:135)
	at java.base/java.lang.Thread.run(Thread.java:829)
Caused by: jetbrains.exodus.ExodusException
	at jetbrains.exodus.newLogConcept.garbageCollector.OperationLogGarbageCollector.moveAndRemoveRecordsFromLog(OperationLogGarbageCollector.java:69)
	at jetbrains.exodus.newLogConcept.garbageCollector.OperationLogGarbageCollector.clean(OperationLogGarbageCollector.java:51)
	at jetbrains.exodus.newLogConcept.MVCC.MVCCDataStructure.lambda$commitTransaction$1(MVCCDataStructure.java:297)
	at java.base/java.util.concurrent.Executors$RunnableAdapter.call(Executors.java:515)
	at java.base/java.util.concurrent.FutureTask.run(FutureTask.java:264)
	at java.base/java.util.concurrent.ThreadPoolExecutor.runWorker(ThreadPoolExecutor.java:1128)
	at java.base/java.util.concurrent.ThreadPoolExecutor$Worker.run(ThreadPoolExecutor.java:628)
	... 1 more
java.util.concurrent.ExecutionException: jetbrains.exodus.ExodusException
	at java.base/java.util.concurrent.FutureTask.report(FutureTask.java:122)
	at java.base/java.util.concurrent.FutureTask.get(FutureTask.java:191)
	at jetbrains.exodus.newLogConcept.MVCC.MVCCDataStructure.commitTransaction(MVCCDataStructure.java:299)
	at site.ycsb.db.XodusClient.insert(XodusClient.java:60)
	at site.ycsb.DBWrapper.insert(DBWrapper.java:227)
	at site.ycsb.workloads.CoreWorkload.doInsert(CoreWorkload.java:621)
	at site.ycsb.ClientThread.run(ClientThread.java:135)
	at java.base/java.lang.Thread.run(Thread.java:829)
Caused by: jetbrains.exodus.ExodusException
	at jetbrains.exodus.newLogConcept.garbageCollector.OperationLogGarbageCollector.moveAndRemoveRecordsFromLog(OperationLogGarbageCollector.java:69)
	at jetbrains.exodus.newLogConcept.garbageCollector.OperationLogGarbageCollector.clean(OperationLogGarbageCollector.java:51)
	at jetbrains.exodus.newLogConcept.MVCC.MVCCDataStructure.lambda$commitTransaction$1(MVCCDataStructure.java:297)
	at java.base/java.util.concurrent.Executors$RunnableAdapter.call(Executors.java:515)
	at java.base/java.util.concurrent.FutureTask.run(FutureTask.java:264)
	at java.base/java.util.concurrent.ThreadPoolExecutor.runWorker(ThreadPoolExecutor.java:1128)
	at java.base/java.util.concurrent.ThreadPoolExecutor$Worker.run(ThreadPoolExecutor.java:628)
	... 1 more
java.util.concurrent.ExecutionException: jetbrains.exodus.ExodusException
	at java.base/java.util.concurrent.FutureTask.report(FutureTask.java:122)
	at java.base/java.util.concurrent.FutureTask.get(FutureTask.java:191)
	at jetbrains.exodus.newLogConcept.MVCC.MVCCDataStructure.commitTransaction(MVCCDataStructure.java:299)
	at site.ycsb.db.XodusClient.insert(XodusClient.java:60)
	at site.ycsb.DBWrapper.insert(DBWrapper.java:227)
	at site.ycsb.workloads.CoreWorkload.doInsert(CoreWorkload.java:621)
	at site.ycsb.ClientThread.run(ClientThread.java:135)
	at java.base/java.lang.Thread.run(Thread.java:829)
Caused by: jetbrains.exodus.ExodusException
	at jetbrains.exodus.newLogConcept.garbageCollector.OperationLogGarbageCollector.moveAndRemoveRecordsFromLog(OperationLogGarbageCollector.java:69)
	at jetbrains.exodus.newLogConcept.garbageCollector.OperationLogGarbageCollector.clean(OperationLogGarbageCollector.java:51)
	at jetbrains.exodus.newLogConcept.MVCC.MVCCDataStructure.lambda$commitTransaction$1(MVCCDataStructure.java:297)
	at java.base/java.util.concurrent.Executors$RunnableAdapter.call(Executors.java:515)
	at java.base/java.util.concurrent.FutureTask.run(FutureTask.java:264)
	at java.base/java.util.concurrent.ThreadPoolExecutor.runWorker(ThreadPoolExecutor.java:1128)
	at java.base/java.util.concurrent.ThreadPoolExecutor$Worker.run(ThreadPoolExecutor.java:628)
	... 1 more
java.util.concurrent.ExecutionException: jetbrains.exodus.ExodusException
	at java.base/java.util.concurrent.FutureTask.report(FutureTask.java:122)
	at java.base/java.util.concurrent.FutureTask.get(FutureTask.java:191)
	at jetbrains.exodus.newLogConcept.MVCC.MVCCDataStructure.commitTransaction(MVCCDataStructure.java:299)
	at site.ycsb.db.XodusClient.insert(XodusClient.java:60)
	at site.ycsb.DBWrapper.insert(DBWrapper.java:227)
	at site.ycsb.workloads.CoreWorkload.doInsert(CoreWorkload.java:621)
	at site.ycsb.ClientThread.run(ClientThread.java:135)
	at java.base/java.lang.Thread.run(Thread.java:829)
Caused by: jetbrains.exodus.ExodusException
	at jetbrains.exodus.newLogConcept.garbageCollector.OperationLogGarbageCollector.moveAndRemoveRecordsFromLog(OperationLogGarbageCollector.java:69)
	at jetbrains.exodus.newLogConcept.garbageCollector.OperationLogGarbageCollector.clean(OperationLogGarbageCollector.java:51)
	at jetbrains.exodus.newLogConcept.MVCC.MVCCDataStructure.lambda$commitTransaction$1(MVCCDataStructure.java:297)
	at java.base/java.util.concurrent.Executors$RunnableAdapter.call(Executors.java:515)
	at java.base/java.util.concurrent.FutureTask.run(FutureTask.java:264)
	at java.base/java.util.concurrent.ThreadPoolExecutor.runWorker(ThreadPoolExecutor.java:1128)
	at java.base/java.util.concurrent.ThreadPoolExecutor$Worker.run(ThreadPoolExecutor.java:628)
	... 1 more
java.util.concurrent.ExecutionException: jetbrains.exodus.ExodusException
	at java.base/java.util.concurrent.FutureTask.report(FutureTask.java:122)
	at java.base/java.util.concurrent.FutureTask.get(FutureTask.java:191)
	at jetbrains.exodus.newLogConcept.MVCC.MVCCDataStructure.commitTransaction(MVCCDataStructure.java:299)
	at site.ycsb.db.XodusClient.insert(XodusClient.java:60)
	at site.ycsb.DBWrapper.insert(DBWrapper.java:227)
	at site.ycsb.workloads.CoreWorkload.doInsert(CoreWorkload.java:621)
	at site.ycsb.ClientThread.run(ClientThread.java:135)
	at java.base/java.lang.Thread.run(Thread.java:829)
Caused by: jetbrains.exodus.ExodusException
	at jetbrains.exodus.newLogConcept.garbageCollector.OperationLogGarbageCollector.moveAndRemoveRecordsFromLog(OperationLogGarbageCollector.java:69)
	at jetbrains.exodus.newLogConcept.garbageCollector.OperationLogGarbageCollector.clean(OperationLogGarbageCollector.java:51)
	at jetbrains.exodus.newLogConcept.MVCC.MVCCDataStructure.lambda$commitTransaction$1(MVCCDataStructure.java:297)
	at java.base/java.util.concurrent.Executors$RunnableAdapter.call(Executors.java:515)
	at java.base/java.util.concurrent.FutureTask.run(FutureTask.java:264)
	at java.base/java.util.concurrent.ThreadPoolExecutor.runWorker(ThreadPoolExecutor.java:1128)
	at java.base/java.util.concurrent.ThreadPoolExecutor$Worker.run(ThreadPoolExecutor.java:628)
	... 1 more
java.util.concurrent.ExecutionException: jetbrains.exodus.ExodusException
	at java.base/java.util.concurrent.FutureTask.report(FutureTask.java:122)
	at java.base/java.util.concurrent.FutureTask.get(FutureTask.java:191)
	at jetbrains.exodus.newLogConcept.MVCC.MVCCDataStructure.commitTransaction(MVCCDataStructure.java:299)
	at site.ycsb.db.XodusClient.insert(XodusClient.java:60)
	at site.ycsb.DBWrapper.insert(DBWrapper.java:227)
	at site.ycsb.workloads.CoreWorkload.doInsert(CoreWorkload.java:621)
	at site.ycsb.ClientThread.run(ClientThread.java:135)
	at java.base/java.lang.Thread.run(Thread.java:829)
Caused by: jetbrains.exodus.ExodusException
	at jetbrains.exodus.newLogConcept.garbageCollector.OperationLogGarbageCollector.moveAndRemoveRecordsFromLog(OperationLogGarbageCollector.java:69)
	at jetbrains.exodus.newLogConcept.garbageCollector.OperationLogGarbageCollector.clean(OperationLogGarbageCollector.java:51)
	at jetbrains.exodus.newLogConcept.MVCC.MVCCDataStructure.lambda$commitTransaction$1(MVCCDataStructure.java:297)
	at java.base/java.util.concurrent.Executors$RunnableAdapter.call(Executors.java:515)
	at java.base/java.util.concurrent.FutureTask.run(FutureTask.java:264)
	at java.base/java.util.concurrent.ThreadPoolExecutor.runWorker(ThreadPoolExecutor.java:1128)
	at java.base/java.util.concurrent.ThreadPoolExecutor$Worker.run(ThreadPoolExecutor.java:628)
	... 1 more
java.util.concurrent.ExecutionException: jetbrains.exodus.ExodusException
	at java.base/java.util.concurrent.FutureTask.report(FutureTask.java:122)
	at java.base/java.util.concurrent.FutureTask.get(FutureTask.java:191)
	at jetbrains.exodus.newLogConcept.MVCC.MVCCDataStructure.commitTransaction(MVCCDataStructure.java:299)
	at site.ycsb.db.XodusClient.insert(XodusClient.java:60)
	at site.ycsb.DBWrapper.insert(DBWrapper.java:227)
	at site.ycsb.workloads.CoreWorkload.doInsert(CoreWorkload.java:621)
	at site.ycsb.ClientThread.run(ClientThread.java:135)
	at java.base/java.lang.Thread.run(Thread.java:829)
Caused by: jetbrains.exodus.ExodusException
	at jetbrains.exodus.newLogConcept.garbageCollector.OperationLogGarbageCollector.moveAndRemoveRecordsFromLog(OperationLogGarbageCollector.java:69)
	at jetbrains.exodus.newLogConcept.garbageCollector.OperationLogGarbageCollector.clean(OperationLogGarbageCollector.java:51)
	at jetbrains.exodus.newLogConcept.MVCC.MVCCDataStructure.lambda$commitTransaction$1(MVCCDataStructure.java:297)
	at java.base/java.util.concurrent.Executors$RunnableAdapter.call(Executors.java:515)
	at java.base/java.util.concurrent.FutureTask.run(FutureTask.java:264)
	at java.base/java.util.concurrent.ThreadPoolExecutor.runWorker(ThreadPoolExecutor.java:1128)
	at java.base/java.util.concurrent.ThreadPoolExecutor$Worker.run(ThreadPoolExecutor.java:628)
	... 1 more
java.util.concurrent.ExecutionException: jetbrains.exodus.ExodusException
	at java.base/java.util.concurrent.FutureTask.report(FutureTask.java:122)
	at java.base/java.util.concurrent.FutureTask.get(FutureTask.java:191)
	at jetbrains.exodus.newLogConcept.MVCC.MVCCDataStructure.commitTransaction(MVCCDataStructure.java:299)
	at site.ycsb.db.XodusClient.insert(XodusClient.java:60)
	at site.ycsb.DBWrapper.insert(DBWrapper.java:227)
	at site.ycsb.workloads.CoreWorkload.doInsert(CoreWorkload.java:621)
	at site.ycsb.ClientThread.run(ClientThread.java:135)
	at java.base/java.lang.Thread.run(Thread.java:829)
Caused by: jetbrains.exodus.ExodusException
	at jetbrains.exodus.newLogConcept.garbageCollector.OperationLogGarbageCollector.moveAndRemoveRecordsFromLog(OperationLogGarbageCollector.java:69)
	at jetbrains.exodus.newLogConcept.garbageCollector.OperationLogGarbageCollector.clean(OperationLogGarbageCollector.java:51)
	at jetbrains.exodus.newLogConcept.MVCC.MVCCDataStructure.lambda$commitTransaction$1(MVCCDataStructure.java:297)
	at java.base/java.util.concurrent.Executors$RunnableAdapter.call(Executors.java:515)
	at java.base/java.util.concurrent.FutureTask.run(FutureTask.java:264)
	at java.base/java.util.concurrent.ThreadPoolExecutor.runWorker(ThreadPoolExecutor.java:1128)
	at java.base/java.util.concurrent.ThreadPoolExecutor$Worker.run(ThreadPoolExecutor.java:628)
	... 1 more
java.util.concurrent.ExecutionException: jetbrains.exodus.ExodusException
	at java.base/java.util.concurrent.FutureTask.report(FutureTask.java:122)
	at java.base/java.util.concurrent.FutureTask.get(FutureTask.java:191)
	at jetbrains.exodus.newLogConcept.MVCC.MVCCDataStructure.commitTransaction(MVCCDataStructure.java:299)
	at site.ycsb.db.XodusClient.insert(XodusClient.java:60)
	at site.ycsb.DBWrapper.insert(DBWrapper.java:227)
	at site.ycsb.workloads.CoreWorkload.doInsert(CoreWorkload.java:621)
	at site.ycsb.ClientThread.run(ClientThread.java:135)
	at java.base/java.lang.Thread.run(Thread.java:829)
Caused by: jetbrains.exodus.ExodusException
	at jetbrains.exodus.newLogConcept.garbageCollector.OperationLogGarbageCollector.moveAndRemoveRecordsFromLog(OperationLogGarbageCollector.java:69)
	at jetbrains.exodus.newLogConcept.garbageCollector.OperationLogGarbageCollector.clean(OperationLogGarbageCollector.java:51)
	at jetbrains.exodus.newLogConcept.MVCC.MVCCDataStructure.lambda$commitTransaction$1(MVCCDataStructure.java:297)
	at java.base/java.util.concurrent.Executors$RunnableAdapter.call(Executors.java:515)
	at java.base/java.util.concurrent.FutureTask.run(FutureTask.java:264)
	at java.base/java.util.concurrent.ThreadPoolExecutor.runWorker(ThreadPoolExecutor.java:1128)
	at java.base/java.util.concurrent.ThreadPoolExecutor$Worker.run(ThreadPoolExecutor.java:628)
	... 1 more
java.util.concurrent.ExecutionException: jetbrains.exodus.ExodusException
	at java.base/java.util.concurrent.FutureTask.report(FutureTask.java:122)
	at java.base/java.util.concurrent.FutureTask.get(FutureTask.java:191)
	at jetbrains.exodus.newLogConcept.MVCC.MVCCDataStructure.commitTransaction(MVCCDataStructure.java:299)
	at site.ycsb.db.XodusClient.insert(XodusClient.java:60)
	at site.ycsb.DBWrapper.insert(DBWrapper.java:227)
	at site.ycsb.workloads.CoreWorkload.doInsert(CoreWorkload.java:621)
	at site.ycsb.ClientThread.run(ClientThread.java:135)
	at java.base/java.lang.Thread.run(Thread.java:829)
Caused by: jetbrains.exodus.ExodusException
	at jetbrains.exodus.newLogConcept.garbageCollector.OperationLogGarbageCollector.moveAndRemoveRecordsFromLog(OperationLogGarbageCollector.java:69)
	at jetbrains.exodus.newLogConcept.garbageCollector.OperationLogGarbageCollector.clean(OperationLogGarbageCollector.java:51)
	at jetbrains.exodus.newLogConcept.MVCC.MVCCDataStructure.lambda$commitTransaction$1(MVCCDataStructure.java:297)
	at java.base/java.util.concurrent.Executors$RunnableAdapter.call(Executors.java:515)
	at java.base/java.util.concurrent.FutureTask.run(FutureTask.java:264)
	at java.base/java.util.concurrent.ThreadPoolExecutor.runWorker(ThreadPoolExecutor.java:1128)
	at java.base/java.util.concurrent.ThreadPoolExecutor$Worker.run(ThreadPoolExecutor.java:628)
	... 1 more
java.util.concurrent.ExecutionException: jetbrains.exodus.ExodusException
	at java.base/java.util.concurrent.FutureTask.report(FutureTask.java:122)
	at java.base/java.util.concurrent.FutureTask.get(FutureTask.java:191)
	at jetbrains.exodus.newLogConcept.MVCC.MVCCDataStructure.commitTransaction(MVCCDataStructure.java:299)
	at site.ycsb.db.XodusClient.insert(XodusClient.java:60)
	at site.ycsb.DBWrapper.insert(DBWrapper.java:227)
	at site.ycsb.workloads.CoreWorkload.doInsert(CoreWorkload.java:621)
	at site.ycsb.ClientThread.run(ClientThread.java:135)
	at java.base/java.lang.Thread.run(Thread.java:829)
Caused by: jetbrains.exodus.ExodusException
	at jetbrains.exodus.newLogConcept.garbageCollector.OperationLogGarbageCollector.moveAndRemoveRecordsFromLog(OperationLogGarbageCollector.java:69)
	at jetbrains.exodus.newLogConcept.garbageCollector.OperationLogGarbageCollector.clean(OperationLogGarbageCollector.java:51)
	at jetbrains.exodus.newLogConcept.MVCC.MVCCDataStructure.lambda$commitTransaction$1(MVCCDataStructure.java:297)
	at java.base/java.util.concurrent.Executors$RunnableAdapter.call(Executors.java:515)
	at java.base/java.util.concurrent.FutureTask.run(FutureTask.java:264)
	at java.base/java.util.concurrent.ThreadPoolExecutor.runWorker(ThreadPoolExecutor.java:1128)
	at java.base/java.util.concurrent.ThreadPoolExecutor$Worker.run(ThreadPoolExecutor.java:628)
	... 1 more
java.util.concurrent.ExecutionException: jetbrains.exodus.ExodusException
	at java.base/java.util.concurrent.FutureTask.report(FutureTask.java:122)
	at java.base/java.util.concurrent.FutureTask.get(FutureTask.java:191)
	at jetbrains.exodus.newLogConcept.MVCC.MVCCDataStructure.commitTransaction(MVCCDataStructure.java:299)
	at site.ycsb.db.XodusClient.insert(XodusClient.java:60)
	at site.ycsb.DBWrapper.insert(DBWrapper.java:227)
	at site.ycsb.workloads.CoreWorkload.doInsert(CoreWorkload.java:621)
	at site.ycsb.ClientThread.run(ClientThread.java:135)
	at java.base/java.lang.Thread.run(Thread.java:829)
Caused by: jetbrains.exodus.ExodusException
	at jetbrains.exodus.newLogConcept.garbageCollector.OperationLogGarbageCollector.moveAndRemoveRecordsFromLog(OperationLogGarbageCollector.java:69)
	at jetbrains.exodus.newLogConcept.garbageCollector.OperationLogGarbageCollector.clean(OperationLogGarbageCollector.java:51)
	at jetbrains.exodus.newLogConcept.MVCC.MVCCDataStructure.lambda$commitTransaction$1(MVCCDataStructure.java:297)
	at java.base/java.util.concurrent.Executors$RunnableAdapter.call(Executors.java:515)
	at java.base/java.util.concurrent.FutureTask.run(FutureTask.java:264)
	at java.base/java.util.concurrent.ThreadPoolExecutor.runWorker(ThreadPoolExecutor.java:1128)
	at java.base/java.util.concurrent.ThreadPoolExecutor$Worker.run(ThreadPoolExecutor.java:628)
	... 1 more
java.util.concurrent.ExecutionException: jetbrains.exodus.ExodusException
	at java.base/java.util.concurrent.FutureTask.report(FutureTask.java:122)
	at java.base/java.util.concurrent.FutureTask.get(FutureTask.java:191)
	at jetbrains.exodus.newLogConcept.MVCC.MVCCDataStructure.commitTransaction(MVCCDataStructure.java:299)
	at site.ycsb.db.XodusClient.insert(XodusClient.java:60)
	at site.ycsb.DBWrapper.insert(DBWrapper.java:227)
	at site.ycsb.workloads.CoreWorkload.doInsert(CoreWorkload.java:621)
	at site.ycsb.ClientThread.run(ClientThread.java:135)
	at java.base/java.lang.Thread.run(Thread.java:829)
Caused by: jetbrains.exodus.ExodusException
	at jetbrains.exodus.newLogConcept.garbageCollector.OperationLogGarbageCollector.moveAndRemoveRecordsFromLog(OperationLogGarbageCollector.java:69)
	at jetbrains.exodus.newLogConcept.garbageCollector.OperationLogGarbageCollector.clean(OperationLogGarbageCollector.java:51)
	at jetbrains.exodus.newLogConcept.MVCC.MVCCDataStructure.lambda$commitTransaction$1(MVCCDataStructure.java:297)
	at java.base/java.util.concurrent.Executors$RunnableAdapter.call(Executors.java:515)
	at java.base/java.util.concurrent.FutureTask.run(FutureTask.java:264)
	at java.base/java.util.concurrent.ThreadPoolExecutor.runWorker(ThreadPoolExecutor.java:1128)
	at java.base/java.util.concurrent.ThreadPoolExecutor$Worker.run(ThreadPoolExecutor.java:628)
	... 1 more
java.util.concurrent.ExecutionException: jetbrains.exodus.ExodusException
	at java.base/java.util.concurrent.FutureTask.report(FutureTask.java:122)
	at java.base/java.util.concurrent.FutureTask.get(FutureTask.java:191)
	at jetbrains.exodus.newLogConcept.MVCC.MVCCDataStructure.commitTransaction(MVCCDataStructure.java:299)
	at site.ycsb.db.XodusClient.insert(XodusClient.java:60)
	at site.ycsb.DBWrapper.insert(DBWrapper.java:227)
	at site.ycsb.workloads.CoreWorkload.doInsert(CoreWorkload.java:621)
	at site.ycsb.ClientThread.run(ClientThread.java:135)
	at java.base/java.lang.Thread.run(Thread.java:829)
Caused by: jetbrains.exodus.ExodusException
	at jetbrains.exodus.newLogConcept.garbageCollector.OperationLogGarbageCollector.moveAndRemoveRecordsFromLog(OperationLogGarbageCollector.java:69)
	at jetbrains.exodus.newLogConcept.garbageCollector.OperationLogGarbageCollector.clean(OperationLogGarbageCollector.java:51)
	at jetbrains.exodus.newLogConcept.MVCC.MVCCDataStructure.lambda$commitTransaction$1(MVCCDataStructure.java:297)
	at java.base/java.util.concurrent.Executors$RunnableAdapter.call(Executors.java:515)
	at java.base/java.util.concurrent.FutureTask.run(FutureTask.java:264)
	at java.base/java.util.concurrent.ThreadPoolExecutor.runWorker(ThreadPoolExecutor.java:1128)
	at java.base/java.util.concurrent.ThreadPoolExecutor$Worker.run(ThreadPoolExecutor.java:628)
	... 1 more
java.util.concurrent.ExecutionException: jetbrains.exodus.ExodusException
	at java.base/java.util.concurrent.FutureTask.report(FutureTask.java:122)
	at java.base/java.util.concurrent.FutureTask.get(FutureTask.java:191)
	at jetbrains.exodus.newLogConcept.MVCC.MVCCDataStructure.commitTransaction(MVCCDataStructure.java:299)
	at site.ycsb.db.XodusClient.insert(XodusClient.java:60)
	at site.ycsb.DBWrapper.insert(DBWrapper.java:227)
	at site.ycsb.workloads.CoreWorkload.doInsert(CoreWorkload.java:621)
	at site.ycsb.ClientThread.run(ClientThread.java:135)
	at java.base/java.lang.Thread.run(Thread.java:829)
Caused by: jetbrains.exodus.ExodusException
	at jetbrains.exodus.newLogConcept.garbageCollector.OperationLogGarbageCollector.moveAndRemoveRecordsFromLog(OperationLogGarbageCollector.java:69)
	at jetbrains.exodus.newLogConcept.garbageCollector.OperationLogGarbageCollector.clean(OperationLogGarbageCollector.java:51)
	at jetbrains.exodus.newLogConcept.MVCC.MVCCDataStructure.lambda$commitTransaction$1(MVCCDataStructure.java:297)
	at java.base/java.util.concurrent.Executors$RunnableAdapter.call(Executors.java:515)
	at java.base/java.util.concurrent.FutureTask.run(FutureTask.java:264)
	at java.base/java.util.concurrent.ThreadPoolExecutor.runWorker(ThreadPoolExecutor.java:1128)
	at java.base/java.util.concurrent.ThreadPoolExecutor$Worker.run(ThreadPoolExecutor.java:628)
	... 1 more
java.util.concurrent.ExecutionException: jetbrains.exodus.ExodusException
	at java.base/java.util.concurrent.FutureTask.report(FutureTask.java:122)
	at java.base/java.util.concurrent.FutureTask.get(FutureTask.java:191)
	at jetbrains.exodus.newLogConcept.MVCC.MVCCDataStructure.commitTransaction(MVCCDataStructure.java:299)
	at site.ycsb.db.XodusClient.insert(XodusClient.java:60)
	at site.ycsb.DBWrapper.insert(DBWrapper.java:227)
	at site.ycsb.workloads.CoreWorkload.doInsert(CoreWorkload.java:621)
	at site.ycsb.ClientThread.run(ClientThread.java:135)
	at java.base/java.lang.Thread.run(Thread.java:829)
Caused by: jetbrains.exodus.ExodusException
	at jetbrains.exodus.newLogConcept.garbageCollector.OperationLogGarbageCollector.moveAndRemoveRecordsFromLog(OperationLogGarbageCollector.java:69)
	at jetbrains.exodus.newLogConcept.garbageCollector.OperationLogGarbageCollector.clean(OperationLogGarbageCollector.java:51)
	at jetbrains.exodus.newLogConcept.MVCC.MVCCDataStructure.lambda$commitTransaction$1(MVCCDataStructure.java:297)
	at java.base/java.util.concurrent.Executors$RunnableAdapter.call(Executors.java:515)
	at java.base/java.util.concurrent.FutureTask.run(FutureTask.java:264)
	at java.base/java.util.concurrent.ThreadPoolExecutor.runWorker(ThreadPoolExecutor.java:1128)
	at java.base/java.util.concurrent.ThreadPoolExecutor$Worker.run(ThreadPoolExecutor.java:628)
	... 1 more
java.util.concurrent.ExecutionException: jetbrains.exodus.ExodusException
	at java.base/java.util.concurrent.FutureTask.report(FutureTask.java:122)
	at java.base/java.util.concurrent.FutureTask.get(FutureTask.java:191)
	at jetbrains.exodus.newLogConcept.MVCC.MVCCDataStructure.commitTransaction(MVCCDataStructure.java:299)
	at site.ycsb.db.XodusClient.insert(XodusClient.java:60)
	at site.ycsb.DBWrapper.insert(DBWrapper.java:227)
	at site.ycsb.workloads.CoreWorkload.doInsert(CoreWorkload.java:621)
	at site.ycsb.ClientThread.run(ClientThread.java:135)
	at java.base/java.lang.Thread.run(Thread.java:829)
Caused by: jetbrains.exodus.ExodusException
	at jetbrains.exodus.newLogConcept.garbageCollector.OperationLogGarbageCollector.moveAndRemoveRecordsFromLog(OperationLogGarbageCollector.java:69)
	at jetbrains.exodus.newLogConcept.garbageCollector.OperationLogGarbageCollector.clean(OperationLogGarbageCollector.java:51)
	at jetbrains.exodus.newLogConcept.MVCC.MVCCDataStructure.lambda$commitTransaction$1(MVCCDataStructure.java:297)
	at java.base/java.util.concurrent.Executors$RunnableAdapter.call(Executors.java:515)
	at java.base/java.util.concurrent.FutureTask.run(FutureTask.java:264)
	at java.base/java.util.concurrent.ThreadPoolExecutor.runWorker(ThreadPoolExecutor.java:1128)
	at java.base/java.util.concurrent.ThreadPoolExecutor$Worker.run(ThreadPoolExecutor.java:628)
	... 1 more
java.util.concurrent.ExecutionException: jetbrains.exodus.ExodusException
	at java.base/java.util.concurrent.FutureTask.report(FutureTask.java:122)
	at java.base/java.util.concurrent.FutureTask.get(FutureTask.java:191)
	at jetbrains.exodus.newLogConcept.MVCC.MVCCDataStructure.commitTransaction(MVCCDataStructure.java:299)
	at site.ycsb.db.XodusClient.insert(XodusClient.java:60)
	at site.ycsb.DBWrapper.insert(DBWrapper.java:227)
	at site.ycsb.workloads.CoreWorkload.doInsert(CoreWorkload.java:621)
	at site.ycsb.ClientThread.run(ClientThread.java:135)
	at java.base/java.lang.Thread.run(Thread.java:829)
Caused by: jetbrains.exodus.ExodusException
	at jetbrains.exodus.newLogConcept.garbageCollector.OperationLogGarbageCollector.moveAndRemoveRecordsFromLog(OperationLogGarbageCollector.java:69)
	at jetbrains.exodus.newLogConcept.garbageCollector.OperationLogGarbageCollector.clean(OperationLogGarbageCollector.java:51)
	at jetbrains.exodus.newLogConcept.MVCC.MVCCDataStructure.lambda$commitTransaction$1(MVCCDataStructure.java:297)
	at java.base/java.util.concurrent.Executors$RunnableAdapter.call(Executors.java:515)
	at java.base/java.util.concurrent.FutureTask.run(FutureTask.java:264)
	at java.base/java.util.concurrent.ThreadPoolExecutor.runWorker(ThreadPoolExecutor.java:1128)
	at java.base/java.util.concurrent.ThreadPoolExecutor$Worker.run(ThreadPoolExecutor.java:628)
	... 1 more
java.util.concurrent.ExecutionException: jetbrains.exodus.ExodusException
	at java.base/java.util.concurrent.FutureTask.report(FutureTask.java:122)
	at java.base/java.util.concurrent.FutureTask.get(FutureTask.java:191)
	at jetbrains.exodus.newLogConcept.MVCC.MVCCDataStructure.commitTransaction(MVCCDataStructure.java:299)
	at site.ycsb.db.XodusClient.insert(XodusClient.java:60)
	at site.ycsb.DBWrapper.insert(DBWrapper.java:227)
	at site.ycsb.workloads.CoreWorkload.doInsert(CoreWorkload.java:621)
	at site.ycsb.ClientThread.run(ClientThread.java:135)
	at java.base/java.lang.Thread.run(Thread.java:829)
Caused by: jetbrains.exodus.ExodusException
	at jetbrains.exodus.newLogConcept.garbageCollector.OperationLogGarbageCollector.moveAndRemoveRecordsFromLog(OperationLogGarbageCollector.java:69)
	at jetbrains.exodus.newLogConcept.garbageCollector.OperationLogGarbageCollector.clean(OperationLogGarbageCollector.java:51)
	at jetbrains.exodus.newLogConcept.MVCC.MVCCDataStructure.lambda$commitTransaction$1(MVCCDataStructure.java:297)
	at java.base/java.util.concurrent.Executors$RunnableAdapter.call(Executors.java:515)
	at java.base/java.util.concurrent.FutureTask.run(FutureTask.java:264)
	at java.base/java.util.concurrent.ThreadPoolExecutor.runWorker(ThreadPoolExecutor.java:1128)
	at java.base/java.util.concurrent.ThreadPoolExecutor$Worker.run(ThreadPoolExecutor.java:628)
	... 1 more
java.util.concurrent.ExecutionException: jetbrains.exodus.ExodusException
	at java.base/java.util.concurrent.FutureTask.report(FutureTask.java:122)
	at java.base/java.util.concurrent.FutureTask.get(FutureTask.java:191)
	at jetbrains.exodus.newLogConcept.MVCC.MVCCDataStructure.commitTransaction(MVCCDataStructure.java:299)
	at site.ycsb.db.XodusClient.insert(XodusClient.java:60)
	at site.ycsb.DBWrapper.insert(DBWrapper.java:227)
	at site.ycsb.workloads.CoreWorkload.doInsert(CoreWorkload.java:621)
	at site.ycsb.ClientThread.run(ClientThread.java:135)
	at java.base/java.lang.Thread.run(Thread.java:829)
Caused by: jetbrains.exodus.ExodusException
	at jetbrains.exodus.newLogConcept.garbageCollector.OperationLogGarbageCollector.moveAndRemoveRecordsFromLog(OperationLogGarbageCollector.java:69)
	at jetbrains.exodus.newLogConcept.garbageCollector.OperationLogGarbageCollector.clean(OperationLogGarbageCollector.java:51)
	at jetbrains.exodus.newLogConcept.MVCC.MVCCDataStructure.lambda$commitTransaction$1(MVCCDataStructure.java:297)
	at java.base/java.util.concurrent.Executors$RunnableAdapter.call(Executors.java:515)
	at java.base/java.util.concurrent.FutureTask.run(FutureTask.java:264)
	at java.base/java.util.concurrent.ThreadPoolExecutor.runWorker(ThreadPoolExecutor.java:1128)
	at java.base/java.util.concurrent.ThreadPoolExecutor$Worker.run(ThreadPoolExecutor.java:628)
	... 1 more
java.util.concurrent.ExecutionException: jetbrains.exodus.ExodusException
	at java.base/java.util.concurrent.FutureTask.report(FutureTask.java:122)
	at java.base/java.util.concurrent.FutureTask.get(FutureTask.java:191)
	at jetbrains.exodus.newLogConcept.MVCC.MVCCDataStructure.commitTransaction(MVCCDataStructure.java:299)
	at site.ycsb.db.XodusClient.insert(XodusClient.java:60)
	at site.ycsb.DBWrapper.insert(DBWrapper.java:227)
	at site.ycsb.workloads.CoreWorkload.doInsert(CoreWorkload.java:621)
	at site.ycsb.ClientThread.run(ClientThread.java:135)
	at java.base/java.lang.Thread.run(Thread.java:829)
Caused by: jetbrains.exodus.ExodusException
	at jetbrains.exodus.newLogConcept.garbageCollector.OperationLogGarbageCollector.moveAndRemoveRecordsFromLog(OperationLogGarbageCollector.java:69)
	at jetbrains.exodus.newLogConcept.garbageCollector.OperationLogGarbageCollector.clean(OperationLogGarbageCollector.java:51)
	at jetbrains.exodus.newLogConcept.MVCC.MVCCDataStructure.lambda$commitTransaction$1(MVCCDataStructure.java:297)
	at java.base/java.util.concurrent.Executors$RunnableAdapter.call(Executors.java:515)
	at java.base/java.util.concurrent.FutureTask.run(FutureTask.java:264)
	at java.base/java.util.concurrent.ThreadPoolExecutor.runWorker(ThreadPoolExecutor.java:1128)
	at java.base/java.util.concurrent.ThreadPoolExecutor$Worker.run(ThreadPoolExecutor.java:628)
	... 1 more
java.util.concurrent.ExecutionException: jetbrains.exodus.ExodusException
	at java.base/java.util.concurrent.FutureTask.report(FutureTask.java:122)
	at java.base/java.util.concurrent.FutureTask.get(FutureTask.java:191)
	at jetbrains.exodus.newLogConcept.MVCC.MVCCDataStructure.commitTransaction(MVCCDataStructure.java:299)
	at site.ycsb.db.XodusClient.insert(XodusClient.java:60)
	at site.ycsb.DBWrapper.insert(DBWrapper.java:227)
	at site.ycsb.workloads.CoreWorkload.doInsert(CoreWorkload.java:621)
	at site.ycsb.ClientThread.run(ClientThread.java:135)
	at java.base/java.lang.Thread.run(Thread.java:829)
Caused by: jetbrains.exodus.ExodusException
	at jetbrains.exodus.newLogConcept.garbageCollector.OperationLogGarbageCollector.moveAndRemoveRecordsFromLog(OperationLogGarbageCollector.java:69)
	at jetbrains.exodus.newLogConcept.garbageCollector.OperationLogGarbageCollector.clean(OperationLogGarbageCollector.java:51)
	at jetbrains.exodus.newLogConcept.MVCC.MVCCDataStructure.lambda$commitTransaction$1(MVCCDataStructure.java:297)
	at java.base/java.util.concurrent.Executors$RunnableAdapter.call(Executors.java:515)
	at java.base/java.util.concurrent.FutureTask.run(FutureTask.java:264)
	at java.base/java.util.concurrent.ThreadPoolExecutor.runWorker(ThreadPoolExecutor.java:1128)
	at java.base/java.util.concurrent.ThreadPoolExecutor$Worker.run(ThreadPoolExecutor.java:628)
	... 1 more
java.util.concurrent.ExecutionException: jetbrains.exodus.ExodusException
	at java.base/java.util.concurrent.FutureTask.report(FutureTask.java:122)
	at java.base/java.util.concurrent.FutureTask.get(FutureTask.java:191)
	at jetbrains.exodus.newLogConcept.MVCC.MVCCDataStructure.commitTransaction(MVCCDataStructure.java:299)
	at site.ycsb.db.XodusClient.insert(XodusClient.java:60)
	at site.ycsb.DBWrapper.insert(DBWrapper.java:227)
	at site.ycsb.workloads.CoreWorkload.doInsert(CoreWorkload.java:621)
	at site.ycsb.ClientThread.run(ClientThread.java:135)
	at java.base/java.lang.Thread.run(Thread.java:829)
Caused by: jetbrains.exodus.ExodusException
	at jetbrains.exodus.newLogConcept.garbageCollector.OperationLogGarbageCollector.moveAndRemoveRecordsFromLog(OperationLogGarbageCollector.java:69)
	at jetbrains.exodus.newLogConcept.garbageCollector.OperationLogGarbageCollector.clean(OperationLogGarbageCollector.java:51)
	at jetbrains.exodus.newLogConcept.MVCC.MVCCDataStructure.lambda$commitTransaction$1(MVCCDataStructure.java:297)
	at java.base/java.util.concurrent.Executors$RunnableAdapter.call(Executors.java:515)
	at java.base/java.util.concurrent.FutureTask.run(FutureTask.java:264)
	at java.base/java.util.concurrent.ThreadPoolExecutor.runWorker(ThreadPoolExecutor.java:1128)
	at java.base/java.util.concurrent.ThreadPoolExecutor$Worker.run(ThreadPoolExecutor.java:628)
	... 1 more
java.util.concurrent.ExecutionException: jetbrains.exodus.ExodusException
	at java.base/java.util.concurrent.FutureTask.report(FutureTask.java:122)
	at java.base/java.util.concurrent.FutureTask.get(FutureTask.java:191)
	at jetbrains.exodus.newLogConcept.MVCC.MVCCDataStructure.commitTransaction(MVCCDataStructure.java:299)
	at site.ycsb.db.XodusClient.insert(XodusClient.java:60)
	at site.ycsb.DBWrapper.insert(DBWrapper.java:227)
	at site.ycsb.workloads.CoreWorkload.doInsert(CoreWorkload.java:621)
	at site.ycsb.ClientThread.run(ClientThread.java:135)
	at java.base/java.lang.Thread.run(Thread.java:829)
Caused by: jetbrains.exodus.ExodusException
	at jetbrains.exodus.newLogConcept.garbageCollector.OperationLogGarbageCollector.moveAndRemoveRecordsFromLog(OperationLogGarbageCollector.java:69)
	at jetbrains.exodus.newLogConcept.garbageCollector.OperationLogGarbageCollector.clean(OperationLogGarbageCollector.java:51)
	at jetbrains.exodus.newLogConcept.MVCC.MVCCDataStructure.lambda$commitTransaction$1(MVCCDataStructure.java:297)
	at java.base/java.util.concurrent.Executors$RunnableAdapter.call(Executors.java:515)
	at java.base/java.util.concurrent.FutureTask.run(FutureTask.java:264)
	at java.base/java.util.concurrent.ThreadPoolExecutor.runWorker(ThreadPoolExecutor.java:1128)
	at java.base/java.util.concurrent.ThreadPoolExecutor$Worker.run(ThreadPoolExecutor.java:628)
	... 1 more
java.util.concurrent.ExecutionException: jetbrains.exodus.ExodusException
	at java.base/java.util.concurrent.FutureTask.report(FutureTask.java:122)
	at java.base/java.util.concurrent.FutureTask.get(FutureTask.java:191)
	at jetbrains.exodus.newLogConcept.MVCC.MVCCDataStructure.commitTransaction(MVCCDataStructure.java:299)
	at site.ycsb.db.XodusClient.insert(XodusClient.java:60)
	at site.ycsb.DBWrapper.insert(DBWrapper.java:227)
	at site.ycsb.workloads.CoreWorkload.doInsert(CoreWorkload.java:621)
	at site.ycsb.ClientThread.run(ClientThread.java:135)
	at java.base/java.lang.Thread.run(Thread.java:829)
Caused by: jetbrains.exodus.ExodusException
	at jetbrains.exodus.newLogConcept.garbageCollector.OperationLogGarbageCollector.moveAndRemoveRecordsFromLog(OperationLogGarbageCollector.java:69)
	at jetbrains.exodus.newLogConcept.garbageCollector.OperationLogGarbageCollector.clean(OperationLogGarbageCollector.java:51)
	at jetbrains.exodus.newLogConcept.MVCC.MVCCDataStructure.lambda$commitTransaction$1(MVCCDataStructure.java:297)
	at java.base/java.util.concurrent.Executors$RunnableAdapter.call(Executors.java:515)
	at java.base/java.util.concurrent.FutureTask.run(FutureTask.java:264)
	at java.base/java.util.concurrent.ThreadPoolExecutor.runWorker(ThreadPoolExecutor.java:1128)
	at java.base/java.util.concurrent.ThreadPoolExecutor$Worker.run(ThreadPoolExecutor.java:628)
	... 1 more
java.util.concurrent.ExecutionException: jetbrains.exodus.ExodusException
	at java.base/java.util.concurrent.FutureTask.report(FutureTask.java:122)
	at java.base/java.util.concurrent.FutureTask.get(FutureTask.java:191)
	at jetbrains.exodus.newLogConcept.MVCC.MVCCDataStructure.commitTransaction(MVCCDataStructure.java:299)
	at site.ycsb.db.XodusClient.insert(XodusClient.java:60)
	at site.ycsb.DBWrapper.insert(DBWrapper.java:227)
	at site.ycsb.workloads.CoreWorkload.doInsert(CoreWorkload.java:621)
	at site.ycsb.ClientThread.run(ClientThread.java:135)
	at java.base/java.lang.Thread.run(Thread.java:829)
Caused by: jetbrains.exodus.ExodusException
	at jetbrains.exodus.newLogConcept.garbageCollector.OperationLogGarbageCollector.moveAndRemoveRecordsFromLog(OperationLogGarbageCollector.java:69)
	at jetbrains.exodus.newLogConcept.garbageCollector.OperationLogGarbageCollector.clean(OperationLogGarbageCollector.java:51)
	at jetbrains.exodus.newLogConcept.MVCC.MVCCDataStructure.lambda$commitTransaction$1(MVCCDataStructure.java:297)
	at java.base/java.util.concurrent.Executors$RunnableAdapter.call(Executors.java:515)
	at java.base/java.util.concurrent.FutureTask.run(FutureTask.java:264)
	at java.base/java.util.concurrent.ThreadPoolExecutor.runWorker(ThreadPoolExecutor.java:1128)
	at java.base/java.util.concurrent.ThreadPoolExecutor$Worker.run(ThreadPoolExecutor.java:628)
	... 1 more
java.util.concurrent.ExecutionException: jetbrains.exodus.ExodusException
	at java.base/java.util.concurrent.FutureTask.report(FutureTask.java:122)
	at java.base/java.util.concurrent.FutureTask.get(FutureTask.java:191)
	at jetbrains.exodus.newLogConcept.MVCC.MVCCDataStructure.commitTransaction(MVCCDataStructure.java:299)
	at site.ycsb.db.XodusClient.insert(XodusClient.java:60)
	at site.ycsb.DBWrapper.insert(DBWrapper.java:227)
	at site.ycsb.workloads.CoreWorkload.doInsert(CoreWorkload.java:621)
	at site.ycsb.ClientThread.run(ClientThread.java:135)
	at java.base/java.lang.Thread.run(Thread.java:829)
Caused by: jetbrains.exodus.ExodusException
	at jetbrains.exodus.newLogConcept.garbageCollector.OperationLogGarbageCollector.moveAndRemoveRecordsFromLog(OperationLogGarbageCollector.java:69)
	at jetbrains.exodus.newLogConcept.garbageCollector.OperationLogGarbageCollector.clean(OperationLogGarbageCollector.java:51)
	at jetbrains.exodus.newLogConcept.MVCC.MVCCDataStructure.lambda$commitTransaction$1(MVCCDataStructure.java:297)
	at java.base/java.util.concurrent.Executors$RunnableAdapter.call(Executors.java:515)
	at java.base/java.util.concurrent.FutureTask.run(FutureTask.java:264)
	at java.base/java.util.concurrent.ThreadPoolExecutor.runWorker(ThreadPoolExecutor.java:1128)
	at java.base/java.util.concurrent.ThreadPoolExecutor$Worker.run(ThreadPoolExecutor.java:628)
	... 1 more
java.util.concurrent.ExecutionException: jetbrains.exodus.ExodusException
	at java.base/java.util.concurrent.FutureTask.report(FutureTask.java:122)
	at java.base/java.util.concurrent.FutureTask.get(FutureTask.java:191)
	at jetbrains.exodus.newLogConcept.MVCC.MVCCDataStructure.commitTransaction(MVCCDataStructure.java:299)
	at site.ycsb.db.XodusClient.insert(XodusClient.java:60)
	at site.ycsb.DBWrapper.insert(DBWrapper.java:227)
	at site.ycsb.workloads.CoreWorkload.doInsert(CoreWorkload.java:621)
	at site.ycsb.ClientThread.run(ClientThread.java:135)
	at java.base/java.lang.Thread.run(Thread.java:829)
Caused by: jetbrains.exodus.ExodusException
	at jetbrains.exodus.newLogConcept.garbageCollector.OperationLogGarbageCollector.moveAndRemoveRecordsFromLog(OperationLogGarbageCollector.java:69)
	at jetbrains.exodus.newLogConcept.garbageCollector.OperationLogGarbageCollector.clean(OperationLogGarbageCollector.java:51)
	at jetbrains.exodus.newLogConcept.MVCC.MVCCDataStructure.lambda$commitTransaction$1(MVCCDataStructure.java:297)
	at java.base/java.util.concurrent.Executors$RunnableAdapter.call(Executors.java:515)
	at java.base/java.util.concurrent.FutureTask.run(FutureTask.java:264)
	at java.base/java.util.concurrent.ThreadPoolExecutor.runWorker(ThreadPoolExecutor.java:1128)
	at java.base/java.util.concurrent.ThreadPoolExecutor$Worker.run(ThreadPoolExecutor.java:628)
	... 1 more
java.util.concurrent.ExecutionException: jetbrains.exodus.ExodusException
	at java.base/java.util.concurrent.FutureTask.report(FutureTask.java:122)
	at java.base/java.util.concurrent.FutureTask.get(FutureTask.java:191)
	at jetbrains.exodus.newLogConcept.MVCC.MVCCDataStructure.commitTransaction(MVCCDataStructure.java:299)
	at site.ycsb.db.XodusClient.insert(XodusClient.java:60)
	at site.ycsb.DBWrapper.insert(DBWrapper.java:227)
	at site.ycsb.workloads.CoreWorkload.doInsert(CoreWorkload.java:621)
	at site.ycsb.ClientThread.run(ClientThread.java:135)
	at java.base/java.lang.Thread.run(Thread.java:829)
Caused by: jetbrains.exodus.ExodusException
	at jetbrains.exodus.newLogConcept.garbageCollector.OperationLogGarbageCollector.moveAndRemoveRecordsFromLog(OperationLogGarbageCollector.java:69)
	at jetbrains.exodus.newLogConcept.garbageCollector.OperationLogGarbageCollector.clean(OperationLogGarbageCollector.java:51)
	at jetbrains.exodus.newLogConcept.MVCC.MVCCDataStructure.lambda$commitTransaction$1(MVCCDataStructure.java:297)
	at java.base/java.util.concurrent.Executors$RunnableAdapter.call(Executors.java:515)
	at java.base/java.util.concurrent.FutureTask.run(FutureTask.java:264)
	at java.base/java.util.concurrent.ThreadPoolExecutor.runWorker(ThreadPoolExecutor.java:1128)
	at java.base/java.util.concurrent.ThreadPoolExecutor$Worker.run(ThreadPoolExecutor.java:628)
	... 1 more
java.util.concurrent.ExecutionException: jetbrains.exodus.ExodusException
	at java.base/java.util.concurrent.FutureTask.report(FutureTask.java:122)
	at java.base/java.util.concurrent.FutureTask.get(FutureTask.java:191)
	at jetbrains.exodus.newLogConcept.MVCC.MVCCDataStructure.commitTransaction(MVCCDataStructure.java:299)
	at site.ycsb.db.XodusClient.insert(XodusClient.java:60)
	at site.ycsb.DBWrapper.insert(DBWrapper.java:227)
	at site.ycsb.workloads.CoreWorkload.doInsert(CoreWorkload.java:621)
	at site.ycsb.ClientThread.run(ClientThread.java:135)
	at java.base/java.lang.Thread.run(Thread.java:829)
Caused by: jetbrains.exodus.ExodusException
	at jetbrains.exodus.newLogConcept.garbageCollector.OperationLogGarbageCollector.moveAndRemoveRecordsFromLog(OperationLogGarbageCollector.java:69)
	at jetbrains.exodus.newLogConcept.garbageCollector.OperationLogGarbageCollector.clean(OperationLogGarbageCollector.java:51)
	at jetbrains.exodus.newLogConcept.MVCC.MVCCDataStructure.lambda$commitTransaction$1(MVCCDataStructure.java:297)
	at java.base/java.util.concurrent.Executors$RunnableAdapter.call(Executors.java:515)
	at java.base/java.util.concurrent.FutureTask.run(FutureTask.java:264)
	at java.base/java.util.concurrent.ThreadPoolExecutor.runWorker(ThreadPoolExecutor.java:1128)
	at java.base/java.util.concurrent.ThreadPoolExecutor$Worker.run(ThreadPoolExecutor.java:628)
	... 1 more
java.util.concurrent.ExecutionException: jetbrains.exodus.ExodusException
	at java.base/java.util.concurrent.FutureTask.report(FutureTask.java:122)
	at java.base/java.util.concurrent.FutureTask.get(FutureTask.java:191)
	at jetbrains.exodus.newLogConcept.MVCC.MVCCDataStructure.commitTransaction(MVCCDataStructure.java:299)
	at site.ycsb.db.XodusClient.insert(XodusClient.java:60)
	at site.ycsb.DBWrapper.insert(DBWrapper.java:227)
	at site.ycsb.workloads.CoreWorkload.doInsert(CoreWorkload.java:621)
	at site.ycsb.ClientThread.run(ClientThread.java:135)
	at java.base/java.lang.Thread.run(Thread.java:829)
Caused by: jetbrains.exodus.ExodusException
	at jetbrains.exodus.newLogConcept.garbageCollector.OperationLogGarbageCollector.moveAndRemoveRecordsFromLog(OperationLogGarbageCollector.java:69)
	at jetbrains.exodus.newLogConcept.garbageCollector.OperationLogGarbageCollector.clean(OperationLogGarbageCollector.java:51)
	at jetbrains.exodus.newLogConcept.MVCC.MVCCDataStructure.lambda$commitTransaction$1(MVCCDataStructure.java:297)
	at java.base/java.util.concurrent.Executors$RunnableAdapter.call(Executors.java:515)
	at java.base/java.util.concurrent.FutureTask.run(FutureTask.java:264)
	at java.base/java.util.concurrent.ThreadPoolExecutor.runWorker(ThreadPoolExecutor.java:1128)
	at java.base/java.util.concurrent.ThreadPoolExecutor$Worker.run(ThreadPoolExecutor.java:628)
	... 1 more
java.util.concurrent.ExecutionException: jetbrains.exodus.ExodusException
	at java.base/java.util.concurrent.FutureTask.report(FutureTask.java:122)
	at java.base/java.util.concurrent.FutureTask.get(FutureTask.java:191)
	at jetbrains.exodus.newLogConcept.MVCC.MVCCDataStructure.commitTransaction(MVCCDataStructure.java:299)
	at site.ycsb.db.XodusClient.insert(XodusClient.java:60)
	at site.ycsb.DBWrapper.insert(DBWrapper.java:227)
	at site.ycsb.workloads.CoreWorkload.doInsert(CoreWorkload.java:621)
	at site.ycsb.ClientThread.run(ClientThread.java:135)
	at java.base/java.lang.Thread.run(Thread.java:829)
Caused by: jetbrains.exodus.ExodusException
	at jetbrains.exodus.newLogConcept.garbageCollector.OperationLogGarbageCollector.moveAndRemoveRecordsFromLog(OperationLogGarbageCollector.java:69)
	at jetbrains.exodus.newLogConcept.garbageCollector.OperationLogGarbageCollector.clean(OperationLogGarbageCollector.java:51)
	at jetbrains.exodus.newLogConcept.MVCC.MVCCDataStructure.lambda$commitTransaction$1(MVCCDataStructure.java:297)
	at java.base/java.util.concurrent.Executors$RunnableAdapter.call(Executors.java:515)
	at java.base/java.util.concurrent.FutureTask.run(FutureTask.java:264)
	at java.base/java.util.concurrent.ThreadPoolExecutor.runWorker(ThreadPoolExecutor.java:1128)
	at java.base/java.util.concurrent.ThreadPoolExecutor$Worker.run(ThreadPoolExecutor.java:628)
	... 1 more
java.util.concurrent.ExecutionException: jetbrains.exodus.ExodusException
	at java.base/java.util.concurrent.FutureTask.report(FutureTask.java:122)
	at java.base/java.util.concurrent.FutureTask.get(FutureTask.java:191)
	at jetbrains.exodus.newLogConcept.MVCC.MVCCDataStructure.commitTransaction(MVCCDataStructure.java:299)
	at site.ycsb.db.XodusClient.insert(XodusClient.java:60)
	at site.ycsb.DBWrapper.insert(DBWrapper.java:227)
	at site.ycsb.workloads.CoreWorkload.doInsert(CoreWorkload.java:621)
	at site.ycsb.ClientThread.run(ClientThread.java:135)
	at java.base/java.lang.Thread.run(Thread.java:829)
Caused by: jetbrains.exodus.ExodusException
	at jetbrains.exodus.newLogConcept.garbageCollector.OperationLogGarbageCollector.moveAndRemoveRecordsFromLog(OperationLogGarbageCollector.java:69)
	at jetbrains.exodus.newLogConcept.garbageCollector.OperationLogGarbageCollector.clean(OperationLogGarbageCollector.java:51)
	at jetbrains.exodus.newLogConcept.MVCC.MVCCDataStructure.lambda$commitTransaction$1(MVCCDataStructure.java:297)
	at java.base/java.util.concurrent.Executors$RunnableAdapter.call(Executors.java:515)
	at java.base/java.util.concurrent.FutureTask.run(FutureTask.java:264)
	at java.base/java.util.concurrent.ThreadPoolExecutor.runWorker(ThreadPoolExecutor.java:1128)
	at java.base/java.util.concurrent.ThreadPoolExecutor$Worker.run(ThreadPoolExecutor.java:628)
	... 1 more
java.util.concurrent.ExecutionException: jetbrains.exodus.ExodusException
	at java.base/java.util.concurrent.FutureTask.report(FutureTask.java:122)
	at java.base/java.util.concurrent.FutureTask.get(FutureTask.java:191)
	at jetbrains.exodus.newLogConcept.MVCC.MVCCDataStructure.commitTransaction(MVCCDataStructure.java:299)
	at site.ycsb.db.XodusClient.insert(XodusClient.java:60)
	at site.ycsb.DBWrapper.insert(DBWrapper.java:227)
	at site.ycsb.workloads.CoreWorkload.doInsert(CoreWorkload.java:621)
	at site.ycsb.ClientThread.run(ClientThread.java:135)
	at java.base/java.lang.Thread.run(Thread.java:829)
Caused by: jetbrains.exodus.ExodusException
	at jetbrains.exodus.newLogConcept.garbageCollector.OperationLogGarbageCollector.moveAndRemoveRecordsFromLog(OperationLogGarbageCollector.java:69)
	at jetbrains.exodus.newLogConcept.garbageCollector.OperationLogGarbageCollector.clean(OperationLogGarbageCollector.java:51)
	at jetbrains.exodus.newLogConcept.MVCC.MVCCDataStructure.lambda$commitTransaction$1(MVCCDataStructure.java:297)
	at java.base/java.util.concurrent.Executors$RunnableAdapter.call(Executors.java:515)
	at java.base/java.util.concurrent.FutureTask.run(FutureTask.java:264)
	at java.base/java.util.concurrent.ThreadPoolExecutor.runWorker(ThreadPoolExecutor.java:1128)
	at java.base/java.util.concurrent.ThreadPoolExecutor$Worker.run(ThreadPoolExecutor.java:628)
	... 1 more
java.util.concurrent.ExecutionException: jetbrains.exodus.ExodusException
	at java.base/java.util.concurrent.FutureTask.report(FutureTask.java:122)
	at java.base/java.util.concurrent.FutureTask.get(FutureTask.java:191)
	at jetbrains.exodus.newLogConcept.MVCC.MVCCDataStructure.commitTransaction(MVCCDataStructure.java:299)
	at site.ycsb.db.XodusClient.insert(XodusClient.java:60)
	at site.ycsb.DBWrapper.insert(DBWrapper.java:227)
	at site.ycsb.workloads.CoreWorkload.doInsert(CoreWorkload.java:621)
	at site.ycsb.ClientThread.run(ClientThread.java:135)
	at java.base/java.lang.Thread.run(Thread.java:829)
Caused by: jetbrains.exodus.ExodusException
	at jetbrains.exodus.newLogConcept.garbageCollector.OperationLogGarbageCollector.moveAndRemoveRecordsFromLog(OperationLogGarbageCollector.java:69)
	at jetbrains.exodus.newLogConcept.garbageCollector.OperationLogGarbageCollector.clean(OperationLogGarbageCollector.java:51)
	at jetbrains.exodus.newLogConcept.MVCC.MVCCDataStructure.lambda$commitTransaction$1(MVCCDataStructure.java:297)
	at java.base/java.util.concurrent.Executors$RunnableAdapter.call(Executors.java:515)
	at java.base/java.util.concurrent.FutureTask.run(FutureTask.java:264)
	at java.base/java.util.concurrent.ThreadPoolExecutor.runWorker(ThreadPoolExecutor.java:1128)
	at java.base/java.util.concurrent.ThreadPoolExecutor$Worker.run(ThreadPoolExecutor.java:628)
	... 1 more
java.util.concurrent.ExecutionException: jetbrains.exodus.ExodusException
	at java.base/java.util.concurrent.FutureTask.report(FutureTask.java:122)
	at java.base/java.util.concurrent.FutureTask.get(FutureTask.java:191)
	at jetbrains.exodus.newLogConcept.MVCC.MVCCDataStructure.commitTransaction(MVCCDataStructure.java:299)
	at site.ycsb.db.XodusClient.insert(XodusClient.java:60)
	at site.ycsb.DBWrapper.insert(DBWrapper.java:227)
	at site.ycsb.workloads.CoreWorkload.doInsert(CoreWorkload.java:621)
	at site.ycsb.ClientThread.run(ClientThread.java:135)
	at java.base/java.lang.Thread.run(Thread.java:829)
Caused by: jetbrains.exodus.ExodusException
	at jetbrains.exodus.newLogConcept.garbageCollector.OperationLogGarbageCollector.moveAndRemoveRecordsFromLog(OperationLogGarbageCollector.java:69)
	at jetbrains.exodus.newLogConcept.garbageCollector.OperationLogGarbageCollector.clean(OperationLogGarbageCollector.java:51)
	at jetbrains.exodus.newLogConcept.MVCC.MVCCDataStructure.lambda$commitTransaction$1(MVCCDataStructure.java:297)
	at java.base/java.util.concurrent.Executors$RunnableAdapter.call(Executors.java:515)
	at java.base/java.util.concurrent.FutureTask.run(FutureTask.java:264)
	at java.base/java.util.concurrent.ThreadPoolExecutor.runWorker(ThreadPoolExecutor.java:1128)
	at java.base/java.util.concurrent.ThreadPoolExecutor$Worker.run(ThreadPoolExecutor.java:628)
	... 1 more
java.util.concurrent.ExecutionException: jetbrains.exodus.ExodusException
	at java.base/java.util.concurrent.FutureTask.report(FutureTask.java:122)
	at java.base/java.util.concurrent.FutureTask.get(FutureTask.java:191)
	at jetbrains.exodus.newLogConcept.MVCC.MVCCDataStructure.commitTransaction(MVCCDataStructure.java:299)
	at site.ycsb.db.XodusClient.insert(XodusClient.java:60)
	at site.ycsb.DBWrapper.insert(DBWrapper.java:227)
	at site.ycsb.workloads.CoreWorkload.doInsert(CoreWorkload.java:621)
	at site.ycsb.ClientThread.run(ClientThread.java:135)
	at java.base/java.lang.Thread.run(Thread.java:829)
Caused by: jetbrains.exodus.ExodusException
	at jetbrains.exodus.newLogConcept.garbageCollector.OperationLogGarbageCollector.moveAndRemoveRecordsFromLog(OperationLogGarbageCollector.java:69)
	at jetbrains.exodus.newLogConcept.garbageCollector.OperationLogGarbageCollector.clean(OperationLogGarbageCollector.java:51)
	at jetbrains.exodus.newLogConcept.MVCC.MVCCDataStructure.lambda$commitTransaction$1(MVCCDataStructure.java:297)
	at java.base/java.util.concurrent.Executors$RunnableAdapter.call(Executors.java:515)
	at java.base/java.util.concurrent.FutureTask.run(FutureTask.java:264)
	at java.base/java.util.concurrent.ThreadPoolExecutor.runWorker(ThreadPoolExecutor.java:1128)
	at java.base/java.util.concurrent.ThreadPoolExecutor$Worker.run(ThreadPoolExecutor.java:628)
	... 1 more
java.util.concurrent.ExecutionException: jetbrains.exodus.ExodusException
	at java.base/java.util.concurrent.FutureTask.report(FutureTask.java:122)
	at java.base/java.util.concurrent.FutureTask.get(FutureTask.java:191)
	at jetbrains.exodus.newLogConcept.MVCC.MVCCDataStructure.commitTransaction(MVCCDataStructure.java:299)
	at site.ycsb.db.XodusClient.insert(XodusClient.java:60)
	at site.ycsb.DBWrapper.insert(DBWrapper.java:227)
	at site.ycsb.workloads.CoreWorkload.doInsert(CoreWorkload.java:621)
	at site.ycsb.ClientThread.run(ClientThread.java:135)
	at java.base/java.lang.Thread.run(Thread.java:829)
Caused by: jetbrains.exodus.ExodusException
	at jetbrains.exodus.newLogConcept.garbageCollector.OperationLogGarbageCollector.moveAndRemoveRecordsFromLog(OperationLogGarbageCollector.java:69)
	at jetbrains.exodus.newLogConcept.garbageCollector.OperationLogGarbageCollector.clean(OperationLogGarbageCollector.java:51)
	at jetbrains.exodus.newLogConcept.MVCC.MVCCDataStructure.lambda$commitTransaction$1(MVCCDataStructure.java:297)
	at java.base/java.util.concurrent.Executors$RunnableAdapter.call(Executors.java:515)
	at java.base/java.util.concurrent.FutureTask.run(FutureTask.java:264)
	at java.base/java.util.concurrent.ThreadPoolExecutor.runWorker(ThreadPoolExecutor.java:1128)
	at java.base/java.util.concurrent.ThreadPoolExecutor$Worker.run(ThreadPoolExecutor.java:628)
	... 1 more
java.util.concurrent.ExecutionException: jetbrains.exodus.ExodusException
	at java.base/java.util.concurrent.FutureTask.report(FutureTask.java:122)
	at java.base/java.util.concurrent.FutureTask.get(FutureTask.java:191)
	at jetbrains.exodus.newLogConcept.MVCC.MVCCDataStructure.commitTransaction(MVCCDataStructure.java:299)
	at site.ycsb.db.XodusClient.insert(XodusClient.java:60)
	at site.ycsb.DBWrapper.insert(DBWrapper.java:227)
	at site.ycsb.workloads.CoreWorkload.doInsert(CoreWorkload.java:621)
	at site.ycsb.ClientThread.run(ClientThread.java:135)
	at java.base/java.lang.Thread.run(Thread.java:829)
Caused by: jetbrains.exodus.ExodusException
	at jetbrains.exodus.newLogConcept.garbageCollector.OperationLogGarbageCollector.moveAndRemoveRecordsFromLog(OperationLogGarbageCollector.java:69)
	at jetbrains.exodus.newLogConcept.garbageCollector.OperationLogGarbageCollector.clean(OperationLogGarbageCollector.java:51)
	at jetbrains.exodus.newLogConcept.MVCC.MVCCDataStructure.lambda$commitTransaction$1(MVCCDataStructure.java:297)
	at java.base/java.util.concurrent.Executors$RunnableAdapter.call(Executors.java:515)
	at java.base/java.util.concurrent.FutureTask.run(FutureTask.java:264)
	at java.base/java.util.concurrent.ThreadPoolExecutor.runWorker(ThreadPoolExecutor.java:1128)
	at java.base/java.util.concurrent.ThreadPoolExecutor$Worker.run(ThreadPoolExecutor.java:628)
	... 1 more
java.util.concurrent.ExecutionException: jetbrains.exodus.ExodusException
	at java.base/java.util.concurrent.FutureTask.report(FutureTask.java:122)
	at java.base/java.util.concurrent.FutureTask.get(FutureTask.java:191)
	at jetbrains.exodus.newLogConcept.MVCC.MVCCDataStructure.commitTransaction(MVCCDataStructure.java:299)
	at site.ycsb.db.XodusClient.insert(XodusClient.java:60)
	at site.ycsb.DBWrapper.insert(DBWrapper.java:227)
	at site.ycsb.workloads.CoreWorkload.doInsert(CoreWorkload.java:621)
	at site.ycsb.ClientThread.run(ClientThread.java:135)
	at java.base/java.lang.Thread.run(Thread.java:829)
Caused by: jetbrains.exodus.ExodusException
	at jetbrains.exodus.newLogConcept.garbageCollector.OperationLogGarbageCollector.moveAndRemoveRecordsFromLog(OperationLogGarbageCollector.java:69)
	at jetbrains.exodus.newLogConcept.garbageCollector.OperationLogGarbageCollector.clean(OperationLogGarbageCollector.java:51)
	at jetbrains.exodus.newLogConcept.MVCC.MVCCDataStructure.lambda$commitTransaction$1(MVCCDataStructure.java:297)
	at java.base/java.util.concurrent.Executors$RunnableAdapter.call(Executors.java:515)
	at java.base/java.util.concurrent.FutureTask.run(FutureTask.java:264)
	at java.base/java.util.concurrent.ThreadPoolExecutor.runWorker(ThreadPoolExecutor.java:1128)
	at java.base/java.util.concurrent.ThreadPoolExecutor$Worker.run(ThreadPoolExecutor.java:628)
	... 1 more
java.util.concurrent.ExecutionException: jetbrains.exodus.ExodusException
	at java.base/java.util.concurrent.FutureTask.report(FutureTask.java:122)
	at java.base/java.util.concurrent.FutureTask.get(FutureTask.java:191)
	at jetbrains.exodus.newLogConcept.MVCC.MVCCDataStructure.commitTransaction(MVCCDataStructure.java:299)
	at site.ycsb.db.XodusClient.insert(XodusClient.java:60)
	at site.ycsb.DBWrapper.insert(DBWrapper.java:227)
	at site.ycsb.workloads.CoreWorkload.doInsert(CoreWorkload.java:621)
	at site.ycsb.ClientThread.run(ClientThread.java:135)
	at java.base/java.lang.Thread.run(Thread.java:829)
Caused by: jetbrains.exodus.ExodusException
	at jetbrains.exodus.newLogConcept.garbageCollector.OperationLogGarbageCollector.moveAndRemoveRecordsFromLog(OperationLogGarbageCollector.java:69)
	at jetbrains.exodus.newLogConcept.garbageCollector.OperationLogGarbageCollector.clean(OperationLogGarbageCollector.java:51)
	at jetbrains.exodus.newLogConcept.MVCC.MVCCDataStructure.lambda$commitTransaction$1(MVCCDataStructure.java:297)
	at java.base/java.util.concurrent.Executors$RunnableAdapter.call(Executors.java:515)
	at java.base/java.util.concurrent.FutureTask.run(FutureTask.java:264)
	at java.base/java.util.concurrent.ThreadPoolExecutor.runWorker(ThreadPoolExecutor.java:1128)
	at java.base/java.util.concurrent.ThreadPoolExecutor$Worker.run(ThreadPoolExecutor.java:628)
	... 1 more
java.util.concurrent.ExecutionException: jetbrains.exodus.ExodusException
	at java.base/java.util.concurrent.FutureTask.report(FutureTask.java:122)
	at java.base/java.util.concurrent.FutureTask.get(FutureTask.java:191)
	at jetbrains.exodus.newLogConcept.MVCC.MVCCDataStructure.commitTransaction(MVCCDataStructure.java:299)
	at site.ycsb.db.XodusClient.insert(XodusClient.java:60)
	at site.ycsb.DBWrapper.insert(DBWrapper.java:227)
	at site.ycsb.workloads.CoreWorkload.doInsert(CoreWorkload.java:621)
	at site.ycsb.ClientThread.run(ClientThread.java:135)
	at java.base/java.lang.Thread.run(Thread.java:829)
Caused by: jetbrains.exodus.ExodusException
	at jetbrains.exodus.newLogConcept.garbageCollector.OperationLogGarbageCollector.moveAndRemoveRecordsFromLog(OperationLogGarbageCollector.java:69)
	at jetbrains.exodus.newLogConcept.garbageCollector.OperationLogGarbageCollector.clean(OperationLogGarbageCollector.java:51)
	at jetbrains.exodus.newLogConcept.MVCC.MVCCDataStructure.lambda$commitTransaction$1(MVCCDataStructure.java:297)
	at java.base/java.util.concurrent.Executors$RunnableAdapter.call(Executors.java:515)
	at java.base/java.util.concurrent.FutureTask.run(FutureTask.java:264)
	at java.base/java.util.concurrent.ThreadPoolExecutor.runWorker(ThreadPoolExecutor.java:1128)
	at java.base/java.util.concurrent.ThreadPoolExecutor$Worker.run(ThreadPoolExecutor.java:628)
	... 1 more
java.util.concurrent.ExecutionException: jetbrains.exodus.ExodusException
	at java.base/java.util.concurrent.FutureTask.report(FutureTask.java:122)
	at java.base/java.util.concurrent.FutureTask.get(FutureTask.java:191)
	at jetbrains.exodus.newLogConcept.MVCC.MVCCDataStructure.commitTransaction(MVCCDataStructure.java:299)
	at site.ycsb.db.XodusClient.insert(XodusClient.java:60)
	at site.ycsb.DBWrapper.insert(DBWrapper.java:227)
	at site.ycsb.workloads.CoreWorkload.doInsert(CoreWorkload.java:621)
	at site.ycsb.ClientThread.run(ClientThread.java:135)
	at java.base/java.lang.Thread.run(Thread.java:829)
Caused by: jetbrains.exodus.ExodusException
	at jetbrains.exodus.newLogConcept.garbageCollector.OperationLogGarbageCollector.moveAndRemoveRecordsFromLog(OperationLogGarbageCollector.java:69)
	at jetbrains.exodus.newLogConcept.garbageCollector.OperationLogGarbageCollector.clean(OperationLogGarbageCollector.java:51)
	at jetbrains.exodus.newLogConcept.MVCC.MVCCDataStructure.lambda$commitTransaction$1(MVCCDataStructure.java:297)
	at java.base/java.util.concurrent.Executors$RunnableAdapter.call(Executors.java:515)
	at java.base/java.util.concurrent.FutureTask.run(FutureTask.java:264)
	at java.base/java.util.concurrent.ThreadPoolExecutor.runWorker(ThreadPoolExecutor.java:1128)
	at java.base/java.util.concurrent.ThreadPoolExecutor$Worker.run(ThreadPoolExecutor.java:628)
	... 1 more
java.util.concurrent.ExecutionException: jetbrains.exodus.ExodusException
	at java.base/java.util.concurrent.FutureTask.report(FutureTask.java:122)
	at java.base/java.util.concurrent.FutureTask.get(FutureTask.java:191)
	at jetbrains.exodus.newLogConcept.MVCC.MVCCDataStructure.commitTransaction(MVCCDataStructure.java:299)
	at site.ycsb.db.XodusClient.insert(XodusClient.java:60)
	at site.ycsb.DBWrapper.insert(DBWrapper.java:227)
	at site.ycsb.workloads.CoreWorkload.doInsert(CoreWorkload.java:621)
	at site.ycsb.ClientThread.run(ClientThread.java:135)
	at java.base/java.lang.Thread.run(Thread.java:829)
Caused by: jetbrains.exodus.ExodusException
	at jetbrains.exodus.newLogConcept.garbageCollector.OperationLogGarbageCollector.moveAndRemoveRecordsFromLog(OperationLogGarbageCollector.java:69)
	at jetbrains.exodus.newLogConcept.garbageCollector.OperationLogGarbageCollector.clean(OperationLogGarbageCollector.java:51)
	at jetbrains.exodus.newLogConcept.MVCC.MVCCDataStructure.lambda$commitTransaction$1(MVCCDataStructure.java:297)
	at java.base/java.util.concurrent.Executors$RunnableAdapter.call(Executors.java:515)
	at java.base/java.util.concurrent.FutureTask.run(FutureTask.java:264)
	at java.base/java.util.concurrent.ThreadPoolExecutor.runWorker(ThreadPoolExecutor.java:1128)
	at java.base/java.util.concurrent.ThreadPoolExecutor$Worker.run(ThreadPoolExecutor.java:628)
	... 1 more
java.util.concurrent.ExecutionException: jetbrains.exodus.ExodusException
	at java.base/java.util.concurrent.FutureTask.report(FutureTask.java:122)
	at java.base/java.util.concurrent.FutureTask.get(FutureTask.java:191)
	at jetbrains.exodus.newLogConcept.MVCC.MVCCDataStructure.commitTransaction(MVCCDataStructure.java:299)
	at site.ycsb.db.XodusClient.insert(XodusClient.java:60)
	at site.ycsb.DBWrapper.insert(DBWrapper.java:227)
	at site.ycsb.workloads.CoreWorkload.doInsert(CoreWorkload.java:621)
	at site.ycsb.ClientThread.run(ClientThread.java:135)
	at java.base/java.lang.Thread.run(Thread.java:829)
Caused by: jetbrains.exodus.ExodusException
	at jetbrains.exodus.newLogConcept.garbageCollector.OperationLogGarbageCollector.moveAndRemoveRecordsFromLog(OperationLogGarbageCollector.java:69)
	at jetbrains.exodus.newLogConcept.garbageCollector.OperationLogGarbageCollector.clean(OperationLogGarbageCollector.java:51)
	at jetbrains.exodus.newLogConcept.MVCC.MVCCDataStructure.lambda$commitTransaction$1(MVCCDataStructure.java:297)
	at java.base/java.util.concurrent.Executors$RunnableAdapter.call(Executors.java:515)
	at java.base/java.util.concurrent.FutureTask.run(FutureTask.java:264)
	at java.base/java.util.concurrent.ThreadPoolExecutor.runWorker(ThreadPoolExecutor.java:1128)
	at java.base/java.util.concurrent.ThreadPoolExecutor$Worker.run(ThreadPoolExecutor.java:628)
	... 1 more
java.util.concurrent.ExecutionException: jetbrains.exodus.ExodusException
	at java.base/java.util.concurrent.FutureTask.report(FutureTask.java:122)
	at java.base/java.util.concurrent.FutureTask.get(FutureTask.java:191)
	at jetbrains.exodus.newLogConcept.MVCC.MVCCDataStructure.commitTransaction(MVCCDataStructure.java:299)
	at site.ycsb.db.XodusClient.insert(XodusClient.java:60)
	at site.ycsb.DBWrapper.insert(DBWrapper.java:227)
	at site.ycsb.workloads.CoreWorkload.doInsert(CoreWorkload.java:621)
	at site.ycsb.ClientThread.run(ClientThread.java:135)
	at java.base/java.lang.Thread.run(Thread.java:829)
Caused by: jetbrains.exodus.ExodusException
	at jetbrains.exodus.newLogConcept.garbageCollector.OperationLogGarbageCollector.moveAndRemoveRecordsFromLog(OperationLogGarbageCollector.java:69)
	at jetbrains.exodus.newLogConcept.garbageCollector.OperationLogGarbageCollector.clean(OperationLogGarbageCollector.java:51)
	at jetbrains.exodus.newLogConcept.MVCC.MVCCDataStructure.lambda$commitTransaction$1(MVCCDataStructure.java:297)
	at java.base/java.util.concurrent.Executors$RunnableAdapter.call(Executors.java:515)
	at java.base/java.util.concurrent.FutureTask.run(FutureTask.java:264)
	at java.base/java.util.concurrent.ThreadPoolExecutor.runWorker(ThreadPoolExecutor.java:1128)
	at java.base/java.util.concurrent.ThreadPoolExecutor$Worker.run(ThreadPoolExecutor.java:628)
	... 1 more
java.util.concurrent.ExecutionException: jetbrains.exodus.ExodusException
	at java.base/java.util.concurrent.FutureTask.report(FutureTask.java:122)
	at java.base/java.util.concurrent.FutureTask.get(FutureTask.java:191)
	at jetbrains.exodus.newLogConcept.MVCC.MVCCDataStructure.commitTransaction(MVCCDataStructure.java:299)
	at site.ycsb.db.XodusClient.insert(XodusClient.java:60)
	at site.ycsb.DBWrapper.insert(DBWrapper.java:227)
	at site.ycsb.workloads.CoreWorkload.doInsert(CoreWorkload.java:621)
	at site.ycsb.ClientThread.run(ClientThread.java:135)
	at java.base/java.lang.Thread.run(Thread.java:829)
Caused by: jetbrains.exodus.ExodusException
	at jetbrains.exodus.newLogConcept.garbageCollector.OperationLogGarbageCollector.moveAndRemoveRecordsFromLog(OperationLogGarbageCollector.java:69)
	at jetbrains.exodus.newLogConcept.garbageCollector.OperationLogGarbageCollector.clean(OperationLogGarbageCollector.java:51)
	at jetbrains.exodus.newLogConcept.MVCC.MVCCDataStructure.lambda$commitTransaction$1(MVCCDataStructure.java:297)
	at java.base/java.util.concurrent.Executors$RunnableAdapter.call(Executors.java:515)
	at java.base/java.util.concurrent.FutureTask.run(FutureTask.java:264)
	at java.base/java.util.concurrent.ThreadPoolExecutor.runWorker(ThreadPoolExecutor.java:1128)
	at java.base/java.util.concurrent.ThreadPoolExecutor$Worker.run(ThreadPoolExecutor.java:628)
	... 1 more
java.util.concurrent.ExecutionException: jetbrains.exodus.ExodusException
	at java.base/java.util.concurrent.FutureTask.report(FutureTask.java:122)
	at java.base/java.util.concurrent.FutureTask.get(FutureTask.java:191)
	at jetbrains.exodus.newLogConcept.MVCC.MVCCDataStructure.commitTransaction(MVCCDataStructure.java:299)
	at site.ycsb.db.XodusClient.insert(XodusClient.java:60)
	at site.ycsb.DBWrapper.insert(DBWrapper.java:227)
	at site.ycsb.workloads.CoreWorkload.doInsert(CoreWorkload.java:621)
	at site.ycsb.ClientThread.run(ClientThread.java:135)
	at java.base/java.lang.Thread.run(Thread.java:829)
Caused by: jetbrains.exodus.ExodusException
	at jetbrains.exodus.newLogConcept.garbageCollector.OperationLogGarbageCollector.moveAndRemoveRecordsFromLog(OperationLogGarbageCollector.java:69)
	at jetbrains.exodus.newLogConcept.garbageCollector.OperationLogGarbageCollector.clean(OperationLogGarbageCollector.java:51)
	at jetbrains.exodus.newLogConcept.MVCC.MVCCDataStructure.lambda$commitTransaction$1(MVCCDataStructure.java:297)
	at java.base/java.util.concurrent.Executors$RunnableAdapter.call(Executors.java:515)
	at java.base/java.util.concurrent.FutureTask.run(FutureTask.java:264)
	at java.base/java.util.concurrent.ThreadPoolExecutor.runWorker(ThreadPoolExecutor.java:1128)
	at java.base/java.util.concurrent.ThreadPoolExecutor$Worker.run(ThreadPoolExecutor.java:628)
	... 1 more
java.util.concurrent.ExecutionException: jetbrains.exodus.ExodusException
	at java.base/java.util.concurrent.FutureTask.report(FutureTask.java:122)
	at java.base/java.util.concurrent.FutureTask.get(FutureTask.java:191)
	at jetbrains.exodus.newLogConcept.MVCC.MVCCDataStructure.commitTransaction(MVCCDataStructure.java:299)
	at site.ycsb.db.XodusClient.insert(XodusClient.java:60)
	at site.ycsb.DBWrapper.insert(DBWrapper.java:227)
	at site.ycsb.workloads.CoreWorkload.doInsert(CoreWorkload.java:621)
	at site.ycsb.ClientThread.run(ClientThread.java:135)
	at java.base/java.lang.Thread.run(Thread.java:829)
Caused by: jetbrains.exodus.ExodusException
	at jetbrains.exodus.newLogConcept.garbageCollector.OperationLogGarbageCollector.moveAndRemoveRecordsFromLog(OperationLogGarbageCollector.java:69)
	at jetbrains.exodus.newLogConcept.garbageCollector.OperationLogGarbageCollector.clean(OperationLogGarbageCollector.java:51)
	at jetbrains.exodus.newLogConcept.MVCC.MVCCDataStructure.lambda$commitTransaction$1(MVCCDataStructure.java:297)
	at java.base/java.util.concurrent.Executors$RunnableAdapter.call(Executors.java:515)
	at java.base/java.util.concurrent.FutureTask.run(FutureTask.java:264)
	at java.base/java.util.concurrent.ThreadPoolExecutor.runWorker(ThreadPoolExecutor.java:1128)
	at java.base/java.util.concurrent.ThreadPoolExecutor$Worker.run(ThreadPoolExecutor.java:628)
	... 1 more
java.util.concurrent.ExecutionException: jetbrains.exodus.ExodusException
	at java.base/java.util.concurrent.FutureTask.report(FutureTask.java:122)
	at java.base/java.util.concurrent.FutureTask.get(FutureTask.java:191)
	at jetbrains.exodus.newLogConcept.MVCC.MVCCDataStructure.commitTransaction(MVCCDataStructure.java:299)
	at site.ycsb.db.XodusClient.insert(XodusClient.java:60)
	at site.ycsb.DBWrapper.insert(DBWrapper.java:227)
	at site.ycsb.workloads.CoreWorkload.doInsert(CoreWorkload.java:621)
	at site.ycsb.ClientThread.run(ClientThread.java:135)
	at java.base/java.lang.Thread.run(Thread.java:829)
Caused by: jetbrains.exodus.ExodusException
	at jetbrains.exodus.newLogConcept.garbageCollector.OperationLogGarbageCollector.moveAndRemoveRecordsFromLog(OperationLogGarbageCollector.java:69)
	at jetbrains.exodus.newLogConcept.garbageCollector.OperationLogGarbageCollector.clean(OperationLogGarbageCollector.java:51)
	at jetbrains.exodus.newLogConcept.MVCC.MVCCDataStructure.lambda$commitTransaction$1(MVCCDataStructure.java:297)
	at java.base/java.util.concurrent.Executors$RunnableAdapter.call(Executors.java:515)
	at java.base/java.util.concurrent.FutureTask.run(FutureTask.java:264)
	at java.base/java.util.concurrent.ThreadPoolExecutor.runWorker(ThreadPoolExecutor.java:1128)
	at java.base/java.util.concurrent.ThreadPoolExecutor$Worker.run(ThreadPoolExecutor.java:628)
	... 1 more
java.util.concurrent.ExecutionException: jetbrains.exodus.ExodusException
	at java.base/java.util.concurrent.FutureTask.report(FutureTask.java:122)
	at java.base/java.util.concurrent.FutureTask.get(FutureTask.java:191)
	at jetbrains.exodus.newLogConcept.MVCC.MVCCDataStructure.commitTransaction(MVCCDataStructure.java:299)
	at site.ycsb.db.XodusClient.insert(XodusClient.java:60)
	at site.ycsb.DBWrapper.insert(DBWrapper.java:227)
	at site.ycsb.workloads.CoreWorkload.doInsert(CoreWorkload.java:621)
	at site.ycsb.ClientThread.run(ClientThread.java:135)
	at java.base/java.lang.Thread.run(Thread.java:829)
Caused by: jetbrains.exodus.ExodusException
	at jetbrains.exodus.newLogConcept.garbageCollector.OperationLogGarbageCollector.moveAndRemoveRecordsFromLog(OperationLogGarbageCollector.java:69)
	at jetbrains.exodus.newLogConcept.garbageCollector.OperationLogGarbageCollector.clean(OperationLogGarbageCollector.java:51)
	at jetbrains.exodus.newLogConcept.MVCC.MVCCDataStructure.lambda$commitTransaction$1(MVCCDataStructure.java:297)
	at java.base/java.util.concurrent.Executors$RunnableAdapter.call(Executors.java:515)
	at java.base/java.util.concurrent.FutureTask.run(FutureTask.java:264)
	at java.base/java.util.concurrent.ThreadPoolExecutor.runWorker(ThreadPoolExecutor.java:1128)
	at java.base/java.util.concurrent.ThreadPoolExecutor$Worker.run(ThreadPoolExecutor.java:628)
	... 1 more
java.util.concurrent.ExecutionException: jetbrains.exodus.ExodusException
	at java.base/java.util.concurrent.FutureTask.report(FutureTask.java:122)
	at java.base/java.util.concurrent.FutureTask.get(FutureTask.java:191)
	at jetbrains.exodus.newLogConcept.MVCC.MVCCDataStructure.commitTransaction(MVCCDataStructure.java:299)
	at site.ycsb.db.XodusClient.insert(XodusClient.java:60)
	at site.ycsb.DBWrapper.insert(DBWrapper.java:227)
	at site.ycsb.workloads.CoreWorkload.doInsert(CoreWorkload.java:621)
	at site.ycsb.ClientThread.run(ClientThread.java:135)
	at java.base/java.lang.Thread.run(Thread.java:829)
Caused by: jetbrains.exodus.ExodusException
	at jetbrains.exodus.newLogConcept.garbageCollector.OperationLogGarbageCollector.moveAndRemoveRecordsFromLog(OperationLogGarbageCollector.java:69)
	at jetbrains.exodus.newLogConcept.garbageCollector.OperationLogGarbageCollector.clean(OperationLogGarbageCollector.java:51)
	at jetbrains.exodus.newLogConcept.MVCC.MVCCDataStructure.lambda$commitTransaction$1(MVCCDataStructure.java:297)
	at java.base/java.util.concurrent.Executors$RunnableAdapter.call(Executors.java:515)
	at java.base/java.util.concurrent.FutureTask.run(FutureTask.java:264)
	at java.base/java.util.concurrent.ThreadPoolExecutor.runWorker(ThreadPoolExecutor.java:1128)
	at java.base/java.util.concurrent.ThreadPoolExecutor$Worker.run(ThreadPoolExecutor.java:628)
	... 1 more
java.util.concurrent.ExecutionException: jetbrains.exodus.ExodusException
	at java.base/java.util.concurrent.FutureTask.report(FutureTask.java:122)
	at java.base/java.util.concurrent.FutureTask.get(FutureTask.java:191)
	at jetbrains.exodus.newLogConcept.MVCC.MVCCDataStructure.commitTransaction(MVCCDataStructure.java:299)
	at site.ycsb.db.XodusClient.insert(XodusClient.java:60)
	at site.ycsb.DBWrapper.insert(DBWrapper.java:227)
	at site.ycsb.workloads.CoreWorkload.doInsert(CoreWorkload.java:621)
	at site.ycsb.ClientThread.run(ClientThread.java:135)
	at java.base/java.lang.Thread.run(Thread.java:829)
Caused by: jetbrains.exodus.ExodusException
	at jetbrains.exodus.newLogConcept.garbageCollector.OperationLogGarbageCollector.moveAndRemoveRecordsFromLog(OperationLogGarbageCollector.java:69)
	at jetbrains.exodus.newLogConcept.garbageCollector.OperationLogGarbageCollector.clean(OperationLogGarbageCollector.java:51)
	at jetbrains.exodus.newLogConcept.MVCC.MVCCDataStructure.lambda$commitTransaction$1(MVCCDataStructure.java:297)
	at java.base/java.util.concurrent.Executors$RunnableAdapter.call(Executors.java:515)
	at java.base/java.util.concurrent.FutureTask.run(FutureTask.java:264)
	at java.base/java.util.concurrent.ThreadPoolExecutor.runWorker(ThreadPoolExecutor.java:1128)
	at java.base/java.util.concurrent.ThreadPoolExecutor$Worker.run(ThreadPoolExecutor.java:628)
	... 1 more
java.util.concurrent.ExecutionException: jetbrains.exodus.ExodusException
	at java.base/java.util.concurrent.FutureTask.report(FutureTask.java:122)
	at java.base/java.util.concurrent.FutureTask.get(FutureTask.java:191)
	at jetbrains.exodus.newLogConcept.MVCC.MVCCDataStructure.commitTransaction(MVCCDataStructure.java:299)
	at site.ycsb.db.XodusClient.insert(XodusClient.java:60)
	at site.ycsb.DBWrapper.insert(DBWrapper.java:227)
	at site.ycsb.workloads.CoreWorkload.doInsert(CoreWorkload.java:621)
	at site.ycsb.ClientThread.run(ClientThread.java:135)
	at java.base/java.lang.Thread.run(Thread.java:829)
Caused by: jetbrains.exodus.ExodusException
	at jetbrains.exodus.newLogConcept.garbageCollector.OperationLogGarbageCollector.moveAndRemoveRecordsFromLog(OperationLogGarbageCollector.java:69)
	at jetbrains.exodus.newLogConcept.garbageCollector.OperationLogGarbageCollector.clean(OperationLogGarbageCollector.java:51)
	at jetbrains.exodus.newLogConcept.MVCC.MVCCDataStructure.lambda$commitTransaction$1(MVCCDataStructure.java:297)
	at java.base/java.util.concurrent.Executors$RunnableAdapter.call(Executors.java:515)
	at java.base/java.util.concurrent.FutureTask.run(FutureTask.java:264)
	at java.base/java.util.concurrent.ThreadPoolExecutor.runWorker(ThreadPoolExecutor.java:1128)
	at java.base/java.util.concurrent.ThreadPoolExecutor$Worker.run(ThreadPoolExecutor.java:628)
	... 1 more
java.util.concurrent.ExecutionException: jetbrains.exodus.ExodusException
	at java.base/java.util.concurrent.FutureTask.report(FutureTask.java:122)
	at java.base/java.util.concurrent.FutureTask.get(FutureTask.java:191)
	at jetbrains.exodus.newLogConcept.MVCC.MVCCDataStructure.commitTransaction(MVCCDataStructure.java:299)
	at site.ycsb.db.XodusClient.insert(XodusClient.java:60)
	at site.ycsb.DBWrapper.insert(DBWrapper.java:227)
	at site.ycsb.workloads.CoreWorkload.doInsert(CoreWorkload.java:621)
	at site.ycsb.ClientThread.run(ClientThread.java:135)
	at java.base/java.lang.Thread.run(Thread.java:829)
Caused by: jetbrains.exodus.ExodusException
	at jetbrains.exodus.newLogConcept.garbageCollector.OperationLogGarbageCollector.moveAndRemoveRecordsFromLog(OperationLogGarbageCollector.java:69)
	at jetbrains.exodus.newLogConcept.garbageCollector.OperationLogGarbageCollector.clean(OperationLogGarbageCollector.java:51)
	at jetbrains.exodus.newLogConcept.MVCC.MVCCDataStructure.lambda$commitTransaction$1(MVCCDataStructure.java:297)
	at java.base/java.util.concurrent.Executors$RunnableAdapter.call(Executors.java:515)
	at java.base/java.util.concurrent.FutureTask.run(FutureTask.java:264)
	at java.base/java.util.concurrent.ThreadPoolExecutor.runWorker(ThreadPoolExecutor.java:1128)
	at java.base/java.util.concurrent.ThreadPoolExecutor$Worker.run(ThreadPoolExecutor.java:628)
	... 1 more
java.util.concurrent.ExecutionException: jetbrains.exodus.ExodusException
	at java.base/java.util.concurrent.FutureTask.report(FutureTask.java:122)
	at java.base/java.util.concurrent.FutureTask.get(FutureTask.java:191)
	at jetbrains.exodus.newLogConcept.MVCC.MVCCDataStructure.commitTransaction(MVCCDataStructure.java:299)
	at site.ycsb.db.XodusClient.insert(XodusClient.java:60)
	at site.ycsb.DBWrapper.insert(DBWrapper.java:227)
	at site.ycsb.workloads.CoreWorkload.doInsert(CoreWorkload.java:621)
	at site.ycsb.ClientThread.run(ClientThread.java:135)
	at java.base/java.lang.Thread.run(Thread.java:829)
Caused by: jetbrains.exodus.ExodusException
	at jetbrains.exodus.newLogConcept.garbageCollector.OperationLogGarbageCollector.moveAndRemoveRecordsFromLog(OperationLogGarbageCollector.java:69)
	at jetbrains.exodus.newLogConcept.garbageCollector.OperationLogGarbageCollector.clean(OperationLogGarbageCollector.java:51)
	at jetbrains.exodus.newLogConcept.MVCC.MVCCDataStructure.lambda$commitTransaction$1(MVCCDataStructure.java:297)
	at java.base/java.util.concurrent.Executors$RunnableAdapter.call(Executors.java:515)
	at java.base/java.util.concurrent.FutureTask.run(FutureTask.java:264)
	at java.base/java.util.concurrent.ThreadPoolExecutor.runWorker(ThreadPoolExecutor.java:1128)
	at java.base/java.util.concurrent.ThreadPoolExecutor$Worker.run(ThreadPoolExecutor.java:628)
	... 1 more
java.util.concurrent.ExecutionException: jetbrains.exodus.ExodusException
	at java.base/java.util.concurrent.FutureTask.report(FutureTask.java:122)
	at java.base/java.util.concurrent.FutureTask.get(FutureTask.java:191)
	at jetbrains.exodus.newLogConcept.MVCC.MVCCDataStructure.commitTransaction(MVCCDataStructure.java:299)
	at site.ycsb.db.XodusClient.insert(XodusClient.java:60)
	at site.ycsb.DBWrapper.insert(DBWrapper.java:227)
	at site.ycsb.workloads.CoreWorkload.doInsert(CoreWorkload.java:621)
	at site.ycsb.ClientThread.run(ClientThread.java:135)
	at java.base/java.lang.Thread.run(Thread.java:829)
Caused by: jetbrains.exodus.ExodusException
	at jetbrains.exodus.newLogConcept.garbageCollector.OperationLogGarbageCollector.moveAndRemoveRecordsFromLog(OperationLogGarbageCollector.java:69)
	at jetbrains.exodus.newLogConcept.garbageCollector.OperationLogGarbageCollector.clean(OperationLogGarbageCollector.java:51)
	at jetbrains.exodus.newLogConcept.MVCC.MVCCDataStructure.lambda$commitTransaction$1(MVCCDataStructure.java:297)
	at java.base/java.util.concurrent.Executors$RunnableAdapter.call(Executors.java:515)
	at java.base/java.util.concurrent.FutureTask.run(FutureTask.java:264)
	at java.base/java.util.concurrent.ThreadPoolExecutor.runWorker(ThreadPoolExecutor.java:1128)
	at java.base/java.util.concurrent.ThreadPoolExecutor$Worker.run(ThreadPoolExecutor.java:628)
	... 1 more
java.util.concurrent.ExecutionException: jetbrains.exodus.ExodusException
	at java.base/java.util.concurrent.FutureTask.report(FutureTask.java:122)
	at java.base/java.util.concurrent.FutureTask.get(FutureTask.java:191)
	at jetbrains.exodus.newLogConcept.MVCC.MVCCDataStructure.commitTransaction(MVCCDataStructure.java:299)
	at site.ycsb.db.XodusClient.insert(XodusClient.java:60)
	at site.ycsb.DBWrapper.insert(DBWrapper.java:227)
	at site.ycsb.workloads.CoreWorkload.doInsert(CoreWorkload.java:621)
	at site.ycsb.ClientThread.run(ClientThread.java:135)
	at java.base/java.lang.Thread.run(Thread.java:829)
Caused by: jetbrains.exodus.ExodusException
	at jetbrains.exodus.newLogConcept.garbageCollector.OperationLogGarbageCollector.moveAndRemoveRecordsFromLog(OperationLogGarbageCollector.java:69)
	at jetbrains.exodus.newLogConcept.garbageCollector.OperationLogGarbageCollector.clean(OperationLogGarbageCollector.java:51)
	at jetbrains.exodus.newLogConcept.MVCC.MVCCDataStructure.lambda$commitTransaction$1(MVCCDataStructure.java:297)
	at java.base/java.util.concurrent.Executors$RunnableAdapter.call(Executors.java:515)
	at java.base/java.util.concurrent.FutureTask.run(FutureTask.java:264)
	at java.base/java.util.concurrent.ThreadPoolExecutor.runWorker(ThreadPoolExecutor.java:1128)
	at java.base/java.util.concurrent.ThreadPoolExecutor$Worker.run(ThreadPoolExecutor.java:628)
	... 1 more
java.util.concurrent.ExecutionException: jetbrains.exodus.ExodusException
	at java.base/java.util.concurrent.FutureTask.report(FutureTask.java:122)
	at java.base/java.util.concurrent.FutureTask.get(FutureTask.java:191)
	at jetbrains.exodus.newLogConcept.MVCC.MVCCDataStructure.commitTransaction(MVCCDataStructure.java:299)
	at site.ycsb.db.XodusClient.insert(XodusClient.java:60)
	at site.ycsb.DBWrapper.insert(DBWrapper.java:227)
	at site.ycsb.workloads.CoreWorkload.doInsert(CoreWorkload.java:621)
	at site.ycsb.ClientThread.run(ClientThread.java:135)
	at java.base/java.lang.Thread.run(Thread.java:829)
Caused by: jetbrains.exodus.ExodusException
	at jetbrains.exodus.newLogConcept.garbageCollector.OperationLogGarbageCollector.moveAndRemoveRecordsFromLog(OperationLogGarbageCollector.java:69)
	at jetbrains.exodus.newLogConcept.garbageCollector.OperationLogGarbageCollector.clean(OperationLogGarbageCollector.java:51)
	at jetbrains.exodus.newLogConcept.MVCC.MVCCDataStructure.lambda$commitTransaction$1(MVCCDataStructure.java:297)
	at java.base/java.util.concurrent.Executors$RunnableAdapter.call(Executors.java:515)
	at java.base/java.util.concurrent.FutureTask.run(FutureTask.java:264)
	at java.base/java.util.concurrent.ThreadPoolExecutor.runWorker(ThreadPoolExecutor.java:1128)
	at java.base/java.util.concurrent.ThreadPoolExecutor$Worker.run(ThreadPoolExecutor.java:628)
	... 1 more
java.util.concurrent.ExecutionException: jetbrains.exodus.ExodusException
	at java.base/java.util.concurrent.FutureTask.report(FutureTask.java:122)
	at java.base/java.util.concurrent.FutureTask.get(FutureTask.java:191)
	at jetbrains.exodus.newLogConcept.MVCC.MVCCDataStructure.commitTransaction(MVCCDataStructure.java:299)
	at site.ycsb.db.XodusClient.insert(XodusClient.java:60)
	at site.ycsb.DBWrapper.insert(DBWrapper.java:227)
	at site.ycsb.workloads.CoreWorkload.doInsert(CoreWorkload.java:621)
	at site.ycsb.ClientThread.run(ClientThread.java:135)
	at java.base/java.lang.Thread.run(Thread.java:829)
Caused by: jetbrains.exodus.ExodusException
	at jetbrains.exodus.newLogConcept.garbageCollector.OperationLogGarbageCollector.moveAndRemoveRecordsFromLog(OperationLogGarbageCollector.java:69)
	at jetbrains.exodus.newLogConcept.garbageCollector.OperationLogGarbageCollector.clean(OperationLogGarbageCollector.java:51)
	at jetbrains.exodus.newLogConcept.MVCC.MVCCDataStructure.lambda$commitTransaction$1(MVCCDataStructure.java:297)
	at java.base/java.util.concurrent.Executors$RunnableAdapter.call(Executors.java:515)
	at java.base/java.util.concurrent.FutureTask.run(FutureTask.java:264)
	at java.base/java.util.concurrent.ThreadPoolExecutor.runWorker(ThreadPoolExecutor.java:1128)
	at java.base/java.util.concurrent.ThreadPoolExecutor$Worker.run(ThreadPoolExecutor.java:628)
	... 1 more
java.util.concurrent.ExecutionException: jetbrains.exodus.ExodusException
	at java.base/java.util.concurrent.FutureTask.report(FutureTask.java:122)
	at java.base/java.util.concurrent.FutureTask.get(FutureTask.java:191)
	at jetbrains.exodus.newLogConcept.MVCC.MVCCDataStructure.commitTransaction(MVCCDataStructure.java:299)
	at site.ycsb.db.XodusClient.insert(XodusClient.java:60)
	at site.ycsb.DBWrapper.insert(DBWrapper.java:227)
	at site.ycsb.workloads.CoreWorkload.doInsert(CoreWorkload.java:621)
	at site.ycsb.ClientThread.run(ClientThread.java:135)
	at java.base/java.lang.Thread.run(Thread.java:829)
Caused by: jetbrains.exodus.ExodusException
	at jetbrains.exodus.newLogConcept.garbageCollector.OperationLogGarbageCollector.moveAndRemoveRecordsFromLog(OperationLogGarbageCollector.java:69)
	at jetbrains.exodus.newLogConcept.garbageCollector.OperationLogGarbageCollector.clean(OperationLogGarbageCollector.java:51)
	at jetbrains.exodus.newLogConcept.MVCC.MVCCDataStructure.lambda$commitTransaction$1(MVCCDataStructure.java:297)
	at java.base/java.util.concurrent.Executors$RunnableAdapter.call(Executors.java:515)
	at java.base/java.util.concurrent.FutureTask.run(FutureTask.java:264)
	at java.base/java.util.concurrent.ThreadPoolExecutor.runWorker(ThreadPoolExecutor.java:1128)
	at java.base/java.util.concurrent.ThreadPoolExecutor$Worker.run(ThreadPoolExecutor.java:628)
	... 1 more
java.util.concurrent.ExecutionException: jetbrains.exodus.ExodusException
	at java.base/java.util.concurrent.FutureTask.report(FutureTask.java:122)
	at java.base/java.util.concurrent.FutureTask.get(FutureTask.java:191)
	at jetbrains.exodus.newLogConcept.MVCC.MVCCDataStructure.commitTransaction(MVCCDataStructure.java:299)
	at site.ycsb.db.XodusClient.insert(XodusClient.java:60)
	at site.ycsb.DBWrapper.insert(DBWrapper.java:227)
	at site.ycsb.workloads.CoreWorkload.doInsert(CoreWorkload.java:621)
	at site.ycsb.ClientThread.run(ClientThread.java:135)
	at java.base/java.lang.Thread.run(Thread.java:829)
Caused by: jetbrains.exodus.ExodusException
	at jetbrains.exodus.newLogConcept.garbageCollector.OperationLogGarbageCollector.moveAndRemoveRecordsFromLog(OperationLogGarbageCollector.java:69)
	at jetbrains.exodus.newLogConcept.garbageCollector.OperationLogGarbageCollector.clean(OperationLogGarbageCollector.java:51)
	at jetbrains.exodus.newLogConcept.MVCC.MVCCDataStructure.lambda$commitTransaction$1(MVCCDataStructure.java:297)
	at java.base/java.util.concurrent.Executors$RunnableAdapter.call(Executors.java:515)
	at java.base/java.util.concurrent.FutureTask.run(FutureTask.java:264)
	at java.base/java.util.concurrent.ThreadPoolExecutor.runWorker(ThreadPoolExecutor.java:1128)
	at java.base/java.util.concurrent.ThreadPoolExecutor$Worker.run(ThreadPoolExecutor.java:628)
	... 1 more
java.util.concurrent.ExecutionException: jetbrains.exodus.ExodusException
	at java.base/java.util.concurrent.FutureTask.report(FutureTask.java:122)
	at java.base/java.util.concurrent.FutureTask.get(FutureTask.java:191)
	at jetbrains.exodus.newLogConcept.MVCC.MVCCDataStructure.commitTransaction(MVCCDataStructure.java:299)
	at site.ycsb.db.XodusClient.insert(XodusClient.java:60)
	at site.ycsb.DBWrapper.insert(DBWrapper.java:227)
	at site.ycsb.workloads.CoreWorkload.doInsert(CoreWorkload.java:621)
	at site.ycsb.ClientThread.run(ClientThread.java:135)
	at java.base/java.lang.Thread.run(Thread.java:829)
Caused by: jetbrains.exodus.ExodusException
	at jetbrains.exodus.newLogConcept.garbageCollector.OperationLogGarbageCollector.moveAndRemoveRecordsFromLog(OperationLogGarbageCollector.java:69)
	at jetbrains.exodus.newLogConcept.garbageCollector.OperationLogGarbageCollector.clean(OperationLogGarbageCollector.java:51)
	at jetbrains.exodus.newLogConcept.MVCC.MVCCDataStructure.lambda$commitTransaction$1(MVCCDataStructure.java:297)
	at java.base/java.util.concurrent.Executors$RunnableAdapter.call(Executors.java:515)
	at java.base/java.util.concurrent.FutureTask.run(FutureTask.java:264)
	at java.base/java.util.concurrent.ThreadPoolExecutor.runWorker(ThreadPoolExecutor.java:1128)
	at java.base/java.util.concurrent.ThreadPoolExecutor$Worker.run(ThreadPoolExecutor.java:628)
	... 1 more
java.util.concurrent.ExecutionException: jetbrains.exodus.ExodusException
	at java.base/java.util.concurrent.FutureTask.report(FutureTask.java:122)
	at java.base/java.util.concurrent.FutureTask.get(FutureTask.java:191)
	at jetbrains.exodus.newLogConcept.MVCC.MVCCDataStructure.commitTransaction(MVCCDataStructure.java:299)
	at site.ycsb.db.XodusClient.insert(XodusClient.java:60)
	at site.ycsb.DBWrapper.insert(DBWrapper.java:227)
	at site.ycsb.workloads.CoreWorkload.doInsert(CoreWorkload.java:621)
	at site.ycsb.ClientThread.run(ClientThread.java:135)
	at java.base/java.lang.Thread.run(Thread.java:829)
Caused by: jetbrains.exodus.ExodusException
	at jetbrains.exodus.newLogConcept.garbageCollector.OperationLogGarbageCollector.moveAndRemoveRecordsFromLog(OperationLogGarbageCollector.java:69)
	at jetbrains.exodus.newLogConcept.garbageCollector.OperationLogGarbageCollector.clean(OperationLogGarbageCollector.java:51)
	at jetbrains.exodus.newLogConcept.MVCC.MVCCDataStructure.lambda$commitTransaction$1(MVCCDataStructure.java:297)
	at java.base/java.util.concurrent.Executors$RunnableAdapter.call(Executors.java:515)
	at java.base/java.util.concurrent.FutureTask.run(FutureTask.java:264)
	at java.base/java.util.concurrent.ThreadPoolExecutor.runWorker(ThreadPoolExecutor.java:1128)
	at java.base/java.util.concurrent.ThreadPoolExecutor$Worker.run(ThreadPoolExecutor.java:628)
	... 1 more
java.util.concurrent.ExecutionException: jetbrains.exodus.ExodusException
	at java.base/java.util.concurrent.FutureTask.report(FutureTask.java:122)
	at java.base/java.util.concurrent.FutureTask.get(FutureTask.java:191)
	at jetbrains.exodus.newLogConcept.MVCC.MVCCDataStructure.commitTransaction(MVCCDataStructure.java:299)
	at site.ycsb.db.XodusClient.insert(XodusClient.java:60)
	at site.ycsb.DBWrapper.insert(DBWrapper.java:227)
	at site.ycsb.workloads.CoreWorkload.doInsert(CoreWorkload.java:621)
	at site.ycsb.ClientThread.run(ClientThread.java:135)
	at java.base/java.lang.Thread.run(Thread.java:829)
Caused by: jetbrains.exodus.ExodusException
	at jetbrains.exodus.newLogConcept.garbageCollector.OperationLogGarbageCollector.moveAndRemoveRecordsFromLog(OperationLogGarbageCollector.java:69)
	at jetbrains.exodus.newLogConcept.garbageCollector.OperationLogGarbageCollector.clean(OperationLogGarbageCollector.java:51)
	at jetbrains.exodus.newLogConcept.MVCC.MVCCDataStructure.lambda$commitTransaction$1(MVCCDataStructure.java:297)
	at java.base/java.util.concurrent.Executors$RunnableAdapter.call(Executors.java:515)
	at java.base/java.util.concurrent.FutureTask.run(FutureTask.java:264)
	at java.base/java.util.concurrent.ThreadPoolExecutor.runWorker(ThreadPoolExecutor.java:1128)
	at java.base/java.util.concurrent.ThreadPoolExecutor$Worker.run(ThreadPoolExecutor.java:628)
	... 1 more
java.util.concurrent.ExecutionException: jetbrains.exodus.ExodusException
	at java.base/java.util.concurrent.FutureTask.report(FutureTask.java:122)
	at java.base/java.util.concurrent.FutureTask.get(FutureTask.java:191)
	at jetbrains.exodus.newLogConcept.MVCC.MVCCDataStructure.commitTransaction(MVCCDataStructure.java:299)
	at site.ycsb.db.XodusClient.insert(XodusClient.java:60)
	at site.ycsb.DBWrapper.insert(DBWrapper.java:227)
	at site.ycsb.workloads.CoreWorkload.doInsert(CoreWorkload.java:621)
	at site.ycsb.ClientThread.run(ClientThread.java:135)
	at java.base/java.lang.Thread.run(Thread.java:829)
Caused by: jetbrains.exodus.ExodusException
	at jetbrains.exodus.newLogConcept.garbageCollector.OperationLogGarbageCollector.moveAndRemoveRecordsFromLog(OperationLogGarbageCollector.java:69)
	at jetbrains.exodus.newLogConcept.garbageCollector.OperationLogGarbageCollector.clean(OperationLogGarbageCollector.java:51)
	at jetbrains.exodus.newLogConcept.MVCC.MVCCDataStructure.lambda$commitTransaction$1(MVCCDataStructure.java:297)
	at java.base/java.util.concurrent.Executors$RunnableAdapter.call(Executors.java:515)
	at java.base/java.util.concurrent.FutureTask.run(FutureTask.java:264)
	at java.base/java.util.concurrent.ThreadPoolExecutor.runWorker(ThreadPoolExecutor.java:1128)
	at java.base/java.util.concurrent.ThreadPoolExecutor$Worker.run(ThreadPoolExecutor.java:628)
	... 1 more
java.util.concurrent.ExecutionException: jetbrains.exodus.ExodusException
	at java.base/java.util.concurrent.FutureTask.report(FutureTask.java:122)
	at java.base/java.util.concurrent.FutureTask.get(FutureTask.java:191)
	at jetbrains.exodus.newLogConcept.MVCC.MVCCDataStructure.commitTransaction(MVCCDataStructure.java:299)
	at site.ycsb.db.XodusClient.insert(XodusClient.java:60)
	at site.ycsb.DBWrapper.insert(DBWrapper.java:227)
	at site.ycsb.workloads.CoreWorkload.doInsert(CoreWorkload.java:621)
	at site.ycsb.ClientThread.run(ClientThread.java:135)
	at java.base/java.lang.Thread.run(Thread.java:829)
Caused by: jetbrains.exodus.ExodusException
	at jetbrains.exodus.newLogConcept.garbageCollector.OperationLogGarbageCollector.moveAndRemoveRecordsFromLog(OperationLogGarbageCollector.java:69)
	at jetbrains.exodus.newLogConcept.garbageCollector.OperationLogGarbageCollector.clean(OperationLogGarbageCollector.java:51)
	at jetbrains.exodus.newLogConcept.MVCC.MVCCDataStructure.lambda$commitTransaction$1(MVCCDataStructure.java:297)
	at java.base/java.util.concurrent.Executors$RunnableAdapter.call(Executors.java:515)
	at java.base/java.util.concurrent.FutureTask.run(FutureTask.java:264)
	at java.base/java.util.concurrent.ThreadPoolExecutor.runWorker(ThreadPoolExecutor.java:1128)
	at java.base/java.util.concurrent.ThreadPoolExecutor$Worker.run(ThreadPoolExecutor.java:628)
	... 1 more
java.util.concurrent.ExecutionException: jetbrains.exodus.ExodusException
	at java.base/java.util.concurrent.FutureTask.report(FutureTask.java:122)
	at java.base/java.util.concurrent.FutureTask.get(FutureTask.java:191)
	at jetbrains.exodus.newLogConcept.MVCC.MVCCDataStructure.commitTransaction(MVCCDataStructure.java:299)
	at site.ycsb.db.XodusClient.insert(XodusClient.java:60)
	at site.ycsb.DBWrapper.insert(DBWrapper.java:227)
	at site.ycsb.workloads.CoreWorkload.doInsert(CoreWorkload.java:621)
	at site.ycsb.ClientThread.run(ClientThread.java:135)
	at java.base/java.lang.Thread.run(Thread.java:829)
Caused by: jetbrains.exodus.ExodusException
	at jetbrains.exodus.newLogConcept.garbageCollector.OperationLogGarbageCollector.moveAndRemoveRecordsFromLog(OperationLogGarbageCollector.java:69)
	at jetbrains.exodus.newLogConcept.garbageCollector.OperationLogGarbageCollector.clean(OperationLogGarbageCollector.java:51)
	at jetbrains.exodus.newLogConcept.MVCC.MVCCDataStructure.lambda$commitTransaction$1(MVCCDataStructure.java:297)
	at java.base/java.util.concurrent.Executors$RunnableAdapter.call(Executors.java:515)
	at java.base/java.util.concurrent.FutureTask.run(FutureTask.java:264)
	at java.base/java.util.concurrent.ThreadPoolExecutor.runWorker(ThreadPoolExecutor.java:1128)
	at java.base/java.util.concurrent.ThreadPoolExecutor$Worker.run(ThreadPoolExecutor.java:628)
	... 1 more
java.util.concurrent.ExecutionException: jetbrains.exodus.ExodusException
	at java.base/java.util.concurrent.FutureTask.report(FutureTask.java:122)
	at java.base/java.util.concurrent.FutureTask.get(FutureTask.java:191)
	at jetbrains.exodus.newLogConcept.MVCC.MVCCDataStructure.commitTransaction(MVCCDataStructure.java:299)
	at site.ycsb.db.XodusClient.insert(XodusClient.java:60)
	at site.ycsb.DBWrapper.insert(DBWrapper.java:227)
	at site.ycsb.workloads.CoreWorkload.doInsert(CoreWorkload.java:621)
	at site.ycsb.ClientThread.run(ClientThread.java:135)
	at java.base/java.lang.Thread.run(Thread.java:829)
Caused by: jetbrains.exodus.ExodusException
	at jetbrains.exodus.newLogConcept.garbageCollector.OperationLogGarbageCollector.moveAndRemoveRecordsFromLog(OperationLogGarbageCollector.java:69)
	at jetbrains.exodus.newLogConcept.garbageCollector.OperationLogGarbageCollector.clean(OperationLogGarbageCollector.java:51)
	at jetbrains.exodus.newLogConcept.MVCC.MVCCDataStructure.lambda$commitTransaction$1(MVCCDataStructure.java:297)
	at java.base/java.util.concurrent.Executors$RunnableAdapter.call(Executors.java:515)
	at java.base/java.util.concurrent.FutureTask.run(FutureTask.java:264)
	at java.base/java.util.concurrent.ThreadPoolExecutor.runWorker(ThreadPoolExecutor.java:1128)
	at java.base/java.util.concurrent.ThreadPoolExecutor$Worker.run(ThreadPoolExecutor.java:628)
	... 1 more
java.util.concurrent.ExecutionException: jetbrains.exodus.ExodusException
	at java.base/java.util.concurrent.FutureTask.report(FutureTask.java:122)
	at java.base/java.util.concurrent.FutureTask.get(FutureTask.java:191)
	at jetbrains.exodus.newLogConcept.MVCC.MVCCDataStructure.commitTransaction(MVCCDataStructure.java:299)
	at site.ycsb.db.XodusClient.insert(XodusClient.java:60)
	at site.ycsb.DBWrapper.insert(DBWrapper.java:227)
	at site.ycsb.workloads.CoreWorkload.doInsert(CoreWorkload.java:621)
	at site.ycsb.ClientThread.run(ClientThread.java:135)
	at java.base/java.lang.Thread.run(Thread.java:829)
Caused by: jetbrains.exodus.ExodusException
	at jetbrains.exodus.newLogConcept.garbageCollector.OperationLogGarbageCollector.moveAndRemoveRecordsFromLog(OperationLogGarbageCollector.java:69)
	at jetbrains.exodus.newLogConcept.garbageCollector.OperationLogGarbageCollector.clean(OperationLogGarbageCollector.java:51)
	at jetbrains.exodus.newLogConcept.MVCC.MVCCDataStructure.lambda$commitTransaction$1(MVCCDataStructure.java:297)
	at java.base/java.util.concurrent.Executors$RunnableAdapter.call(Executors.java:515)
	at java.base/java.util.concurrent.FutureTask.run(FutureTask.java:264)
	at java.base/java.util.concurrent.ThreadPoolExecutor.runWorker(ThreadPoolExecutor.java:1128)
	at java.base/java.util.concurrent.ThreadPoolExecutor$Worker.run(ThreadPoolExecutor.java:628)
	... 1 more
java.util.concurrent.ExecutionException: jetbrains.exodus.ExodusException
	at java.base/java.util.concurrent.FutureTask.report(FutureTask.java:122)
	at java.base/java.util.concurrent.FutureTask.get(FutureTask.java:191)
	at jetbrains.exodus.newLogConcept.MVCC.MVCCDataStructure.commitTransaction(MVCCDataStructure.java:299)
	at site.ycsb.db.XodusClient.insert(XodusClient.java:60)
	at site.ycsb.DBWrapper.insert(DBWrapper.java:227)
	at site.ycsb.workloads.CoreWorkload.doInsert(CoreWorkload.java:621)
	at site.ycsb.ClientThread.run(ClientThread.java:135)
	at java.base/java.lang.Thread.run(Thread.java:829)
Caused by: jetbrains.exodus.ExodusException
	at jetbrains.exodus.newLogConcept.garbageCollector.OperationLogGarbageCollector.moveAndRemoveRecordsFromLog(OperationLogGarbageCollector.java:69)
	at jetbrains.exodus.newLogConcept.garbageCollector.OperationLogGarbageCollector.clean(OperationLogGarbageCollector.java:51)
	at jetbrains.exodus.newLogConcept.MVCC.MVCCDataStructure.lambda$commitTransaction$1(MVCCDataStructure.java:297)
	at java.base/java.util.concurrent.Executors$RunnableAdapter.call(Executors.java:515)
	at java.base/java.util.concurrent.FutureTask.run(FutureTask.java:264)
	at java.base/java.util.concurrent.ThreadPoolExecutor.runWorker(ThreadPoolExecutor.java:1128)
	at java.base/java.util.concurrent.ThreadPoolExecutor$Worker.run(ThreadPoolExecutor.java:628)
	... 1 more
java.util.concurrent.ExecutionException: jetbrains.exodus.ExodusException
	at java.base/java.util.concurrent.FutureTask.report(FutureTask.java:122)
	at java.base/java.util.concurrent.FutureTask.get(FutureTask.java:191)
	at jetbrains.exodus.newLogConcept.MVCC.MVCCDataStructure.commitTransaction(MVCCDataStructure.java:299)
	at site.ycsb.db.XodusClient.insert(XodusClient.java:60)
	at site.ycsb.DBWrapper.insert(DBWrapper.java:227)
	at site.ycsb.workloads.CoreWorkload.doInsert(CoreWorkload.java:621)
	at site.ycsb.ClientThread.run(ClientThread.java:135)
	at java.base/java.lang.Thread.run(Thread.java:829)
Caused by: jetbrains.exodus.ExodusException
	at jetbrains.exodus.newLogConcept.garbageCollector.OperationLogGarbageCollector.moveAndRemoveRecordsFromLog(OperationLogGarbageCollector.java:69)
	at jetbrains.exodus.newLogConcept.garbageCollector.OperationLogGarbageCollector.clean(OperationLogGarbageCollector.java:51)
	at jetbrains.exodus.newLogConcept.MVCC.MVCCDataStructure.lambda$commitTransaction$1(MVCCDataStructure.java:297)
	at java.base/java.util.concurrent.Executors$RunnableAdapter.call(Executors.java:515)
	at java.base/java.util.concurrent.FutureTask.run(FutureTask.java:264)
	at java.base/java.util.concurrent.ThreadPoolExecutor.runWorker(ThreadPoolExecutor.java:1128)
	at java.base/java.util.concurrent.ThreadPoolExecutor$Worker.run(ThreadPoolExecutor.java:628)
	... 1 more
java.util.concurrent.ExecutionException: jetbrains.exodus.ExodusException
	at java.base/java.util.concurrent.FutureTask.report(FutureTask.java:122)
	at java.base/java.util.concurrent.FutureTask.get(FutureTask.java:191)
	at jetbrains.exodus.newLogConcept.MVCC.MVCCDataStructure.commitTransaction(MVCCDataStructure.java:299)
	at site.ycsb.db.XodusClient.insert(XodusClient.java:60)
	at site.ycsb.DBWrapper.insert(DBWrapper.java:227)
	at site.ycsb.workloads.CoreWorkload.doInsert(CoreWorkload.java:621)
	at site.ycsb.ClientThread.run(ClientThread.java:135)
	at java.base/java.lang.Thread.run(Thread.java:829)
Caused by: jetbrains.exodus.ExodusException
	at jetbrains.exodus.newLogConcept.garbageCollector.OperationLogGarbageCollector.moveAndRemoveRecordsFromLog(OperationLogGarbageCollector.java:69)
	at jetbrains.exodus.newLogConcept.garbageCollector.OperationLogGarbageCollector.clean(OperationLogGarbageCollector.java:51)
	at jetbrains.exodus.newLogConcept.MVCC.MVCCDataStructure.lambda$commitTransaction$1(MVCCDataStructure.java:297)
	at java.base/java.util.concurrent.Executors$RunnableAdapter.call(Executors.java:515)
	at java.base/java.util.concurrent.FutureTask.run(FutureTask.java:264)
	at java.base/java.util.concurrent.ThreadPoolExecutor.runWorker(ThreadPoolExecutor.java:1128)
	at java.base/java.util.concurrent.ThreadPoolExecutor$Worker.run(ThreadPoolExecutor.java:628)
	... 1 more
java.util.concurrent.ExecutionException: jetbrains.exodus.ExodusException
	at java.base/java.util.concurrent.FutureTask.report(FutureTask.java:122)
	at java.base/java.util.concurrent.FutureTask.get(FutureTask.java:191)
	at jetbrains.exodus.newLogConcept.MVCC.MVCCDataStructure.commitTransaction(MVCCDataStructure.java:299)
	at site.ycsb.db.XodusClient.insert(XodusClient.java:60)
	at site.ycsb.DBWrapper.insert(DBWrapper.java:227)
	at site.ycsb.workloads.CoreWorkload.doInsert(CoreWorkload.java:621)
	at site.ycsb.ClientThread.run(ClientThread.java:135)
	at java.base/java.lang.Thread.run(Thread.java:829)
Caused by: jetbrains.exodus.ExodusException
	at jetbrains.exodus.newLogConcept.garbageCollector.OperationLogGarbageCollector.moveAndRemoveRecordsFromLog(OperationLogGarbageCollector.java:69)
	at jetbrains.exodus.newLogConcept.garbageCollector.OperationLogGarbageCollector.clean(OperationLogGarbageCollector.java:51)
	at jetbrains.exodus.newLogConcept.MVCC.MVCCDataStructure.lambda$commitTransaction$1(MVCCDataStructure.java:297)
	at java.base/java.util.concurrent.Executors$RunnableAdapter.call(Executors.java:515)
	at java.base/java.util.concurrent.FutureTask.run(FutureTask.java:264)
	at java.base/java.util.concurrent.ThreadPoolExecutor.runWorker(ThreadPoolExecutor.java:1128)
	at java.base/java.util.concurrent.ThreadPoolExecutor$Worker.run(ThreadPoolExecutor.java:628)
	... 1 more
java.util.concurrent.ExecutionException: jetbrains.exodus.ExodusException
	at java.base/java.util.concurrent.FutureTask.report(FutureTask.java:122)
	at java.base/java.util.concurrent.FutureTask.get(FutureTask.java:191)
	at jetbrains.exodus.newLogConcept.MVCC.MVCCDataStructure.commitTransaction(MVCCDataStructure.java:299)
	at site.ycsb.db.XodusClient.insert(XodusClient.java:60)
	at site.ycsb.DBWrapper.insert(DBWrapper.java:227)
	at site.ycsb.workloads.CoreWorkload.doInsert(CoreWorkload.java:621)
	at site.ycsb.ClientThread.run(ClientThread.java:135)
	at java.base/java.lang.Thread.run(Thread.java:829)
Caused by: jetbrains.exodus.ExodusException
	at jetbrains.exodus.newLogConcept.garbageCollector.OperationLogGarbageCollector.moveAndRemoveRecordsFromLog(OperationLogGarbageCollector.java:69)
	at jetbrains.exodus.newLogConcept.garbageCollector.OperationLogGarbageCollector.clean(OperationLogGarbageCollector.java:51)
	at jetbrains.exodus.newLogConcept.MVCC.MVCCDataStructure.lambda$commitTransaction$1(MVCCDataStructure.java:297)
	at java.base/java.util.concurrent.Executors$RunnableAdapter.call(Executors.java:515)
	at java.base/java.util.concurrent.FutureTask.run(FutureTask.java:264)
	at java.base/java.util.concurrent.ThreadPoolExecutor.runWorker(ThreadPoolExecutor.java:1128)
	at java.base/java.util.concurrent.ThreadPoolExecutor$Worker.run(ThreadPoolExecutor.java:628)
	... 1 more
java.util.concurrent.ExecutionException: jetbrains.exodus.ExodusException
	at java.base/java.util.concurrent.FutureTask.report(FutureTask.java:122)
	at java.base/java.util.concurrent.FutureTask.get(FutureTask.java:191)
	at jetbrains.exodus.newLogConcept.MVCC.MVCCDataStructure.commitTransaction(MVCCDataStructure.java:299)
	at site.ycsb.db.XodusClient.insert(XodusClient.java:60)
	at site.ycsb.DBWrapper.insert(DBWrapper.java:227)
	at site.ycsb.workloads.CoreWorkload.doInsert(CoreWorkload.java:621)
	at site.ycsb.ClientThread.run(ClientThread.java:135)
	at java.base/java.lang.Thread.run(Thread.java:829)
Caused by: jetbrains.exodus.ExodusException
	at jetbrains.exodus.newLogConcept.garbageCollector.OperationLogGarbageCollector.moveAndRemoveRecordsFromLog(OperationLogGarbageCollector.java:69)
	at jetbrains.exodus.newLogConcept.garbageCollector.OperationLogGarbageCollector.clean(OperationLogGarbageCollector.java:51)
	at jetbrains.exodus.newLogConcept.MVCC.MVCCDataStructure.lambda$commitTransaction$1(MVCCDataStructure.java:297)
	at java.base/java.util.concurrent.Executors$RunnableAdapter.call(Executors.java:515)
	at java.base/java.util.concurrent.FutureTask.run(FutureTask.java:264)
	at java.base/java.util.concurrent.ThreadPoolExecutor.runWorker(ThreadPoolExecutor.java:1128)
	at java.base/java.util.concurrent.ThreadPoolExecutor$Worker.run(ThreadPoolExecutor.java:628)
	... 1 more
java.util.concurrent.ExecutionException: jetbrains.exodus.ExodusException
	at java.base/java.util.concurrent.FutureTask.report(FutureTask.java:122)
	at java.base/java.util.concurrent.FutureTask.get(FutureTask.java:191)
	at jetbrains.exodus.newLogConcept.MVCC.MVCCDataStructure.commitTransaction(MVCCDataStructure.java:299)
	at site.ycsb.db.XodusClient.insert(XodusClient.java:60)
	at site.ycsb.DBWrapper.insert(DBWrapper.java:227)
	at site.ycsb.workloads.CoreWorkload.doInsert(CoreWorkload.java:621)
	at site.ycsb.ClientThread.run(ClientThread.java:135)
	at java.base/java.lang.Thread.run(Thread.java:829)
Caused by: jetbrains.exodus.ExodusException
	at jetbrains.exodus.newLogConcept.garbageCollector.OperationLogGarbageCollector.moveAndRemoveRecordsFromLog(OperationLogGarbageCollector.java:69)
	at jetbrains.exodus.newLogConcept.garbageCollector.OperationLogGarbageCollector.clean(OperationLogGarbageCollector.java:51)
	at jetbrains.exodus.newLogConcept.MVCC.MVCCDataStructure.lambda$commitTransaction$1(MVCCDataStructure.java:297)
	at java.base/java.util.concurrent.Executors$RunnableAdapter.call(Executors.java:515)
	at java.base/java.util.concurrent.FutureTask.run(FutureTask.java:264)
	at java.base/java.util.concurrent.ThreadPoolExecutor.runWorker(ThreadPoolExecutor.java:1128)
	at java.base/java.util.concurrent.ThreadPoolExecutor$Worker.run(ThreadPoolExecutor.java:628)
	... 1 more
java.util.concurrent.ExecutionException: jetbrains.exodus.ExodusException
	at java.base/java.util.concurrent.FutureTask.report(FutureTask.java:122)
	at java.base/java.util.concurrent.FutureTask.get(FutureTask.java:191)
	at jetbrains.exodus.newLogConcept.MVCC.MVCCDataStructure.commitTransaction(MVCCDataStructure.java:299)
	at site.ycsb.db.XodusClient.insert(XodusClient.java:60)
	at site.ycsb.DBWrapper.insert(DBWrapper.java:227)
	at site.ycsb.workloads.CoreWorkload.doInsert(CoreWorkload.java:621)
	at site.ycsb.ClientThread.run(ClientThread.java:135)
	at java.base/java.lang.Thread.run(Thread.java:829)
Caused by: jetbrains.exodus.ExodusException
	at jetbrains.exodus.newLogConcept.garbageCollector.OperationLogGarbageCollector.moveAndRemoveRecordsFromLog(OperationLogGarbageCollector.java:69)
	at jetbrains.exodus.newLogConcept.garbageCollector.OperationLogGarbageCollector.clean(OperationLogGarbageCollector.java:51)
	at jetbrains.exodus.newLogConcept.MVCC.MVCCDataStructure.lambda$commitTransaction$1(MVCCDataStructure.java:297)
	at java.base/java.util.concurrent.Executors$RunnableAdapter.call(Executors.java:515)
	at java.base/java.util.concurrent.FutureTask.run(FutureTask.java:264)
	at java.base/java.util.concurrent.ThreadPoolExecutor.runWorker(ThreadPoolExecutor.java:1128)
	at java.base/java.util.concurrent.ThreadPoolExecutor$Worker.run(ThreadPoolExecutor.java:628)
	... 1 more
java.util.concurrent.ExecutionException: jetbrains.exodus.ExodusException
	at java.base/java.util.concurrent.FutureTask.report(FutureTask.java:122)
	at java.base/java.util.concurrent.FutureTask.get(FutureTask.java:191)
	at jetbrains.exodus.newLogConcept.MVCC.MVCCDataStructure.commitTransaction(MVCCDataStructure.java:299)
	at site.ycsb.db.XodusClient.insert(XodusClient.java:60)
	at site.ycsb.DBWrapper.insert(DBWrapper.java:227)
	at site.ycsb.workloads.CoreWorkload.doInsert(CoreWorkload.java:621)
	at site.ycsb.ClientThread.run(ClientThread.java:135)
	at java.base/java.lang.Thread.run(Thread.java:829)
Caused by: jetbrains.exodus.ExodusException
	at jetbrains.exodus.newLogConcept.garbageCollector.OperationLogGarbageCollector.moveAndRemoveRecordsFromLog(OperationLogGarbageCollector.java:69)
	at jetbrains.exodus.newLogConcept.garbageCollector.OperationLogGarbageCollector.clean(OperationLogGarbageCollector.java:51)
	at jetbrains.exodus.newLogConcept.MVCC.MVCCDataStructure.lambda$commitTransaction$1(MVCCDataStructure.java:297)
	at java.base/java.util.concurrent.Executors$RunnableAdapter.call(Executors.java:515)
	at java.base/java.util.concurrent.FutureTask.run(FutureTask.java:264)
	at java.base/java.util.concurrent.ThreadPoolExecutor.runWorker(ThreadPoolExecutor.java:1128)
	at java.base/java.util.concurrent.ThreadPoolExecutor$Worker.run(ThreadPoolExecutor.java:628)
	... 1 more
java.util.concurrent.ExecutionException: jetbrains.exodus.ExodusException
	at java.base/java.util.concurrent.FutureTask.report(FutureTask.java:122)
	at java.base/java.util.concurrent.FutureTask.get(FutureTask.java:191)
	at jetbrains.exodus.newLogConcept.MVCC.MVCCDataStructure.commitTransaction(MVCCDataStructure.java:299)
	at site.ycsb.db.XodusClient.insert(XodusClient.java:60)
	at site.ycsb.DBWrapper.insert(DBWrapper.java:227)
	at site.ycsb.workloads.CoreWorkload.doInsert(CoreWorkload.java:621)
	at site.ycsb.ClientThread.run(ClientThread.java:135)
	at java.base/java.lang.Thread.run(Thread.java:829)
Caused by: jetbrains.exodus.ExodusException
	at jetbrains.exodus.newLogConcept.garbageCollector.OperationLogGarbageCollector.moveAndRemoveRecordsFromLog(OperationLogGarbageCollector.java:69)
	at jetbrains.exodus.newLogConcept.garbageCollector.OperationLogGarbageCollector.clean(OperationLogGarbageCollector.java:51)
	at jetbrains.exodus.newLogConcept.MVCC.MVCCDataStructure.lambda$commitTransaction$1(MVCCDataStructure.java:297)
	at java.base/java.util.concurrent.Executors$RunnableAdapter.call(Executors.java:515)
	at java.base/java.util.concurrent.FutureTask.run(FutureTask.java:264)
	at java.base/java.util.concurrent.ThreadPoolExecutor.runWorker(ThreadPoolExecutor.java:1128)
	at java.base/java.util.concurrent.ThreadPoolExecutor$Worker.run(ThreadPoolExecutor.java:628)
	... 1 more
java.util.concurrent.ExecutionException: jetbrains.exodus.ExodusException
	at java.base/java.util.concurrent.FutureTask.report(FutureTask.java:122)
	at java.base/java.util.concurrent.FutureTask.get(FutureTask.java:191)
	at jetbrains.exodus.newLogConcept.MVCC.MVCCDataStructure.commitTransaction(MVCCDataStructure.java:299)
	at site.ycsb.db.XodusClient.insert(XodusClient.java:60)
	at site.ycsb.DBWrapper.insert(DBWrapper.java:227)
	at site.ycsb.workloads.CoreWorkload.doInsert(CoreWorkload.java:621)
	at site.ycsb.ClientThread.run(ClientThread.java:135)
	at java.base/java.lang.Thread.run(Thread.java:829)
Caused by: jetbrains.exodus.ExodusException
	at jetbrains.exodus.newLogConcept.garbageCollector.OperationLogGarbageCollector.moveAndRemoveRecordsFromLog(OperationLogGarbageCollector.java:69)
	at jetbrains.exodus.newLogConcept.garbageCollector.OperationLogGarbageCollector.clean(OperationLogGarbageCollector.java:51)
	at jetbrains.exodus.newLogConcept.MVCC.MVCCDataStructure.lambda$commitTransaction$1(MVCCDataStructure.java:297)
	at java.base/java.util.concurrent.Executors$RunnableAdapter.call(Executors.java:515)
	at java.base/java.util.concurrent.FutureTask.run(FutureTask.java:264)
	at java.base/java.util.concurrent.ThreadPoolExecutor.runWorker(ThreadPoolExecutor.java:1128)
	at java.base/java.util.concurrent.ThreadPoolExecutor$Worker.run(ThreadPoolExecutor.java:628)
	... 1 more
java.util.concurrent.ExecutionException: jetbrains.exodus.ExodusException
	at java.base/java.util.concurrent.FutureTask.report(FutureTask.java:122)
	at java.base/java.util.concurrent.FutureTask.get(FutureTask.java:191)
	at jetbrains.exodus.newLogConcept.MVCC.MVCCDataStructure.commitTransaction(MVCCDataStructure.java:299)
	at site.ycsb.db.XodusClient.insert(XodusClient.java:60)
	at site.ycsb.DBWrapper.insert(DBWrapper.java:227)
	at site.ycsb.workloads.CoreWorkload.doInsert(CoreWorkload.java:621)
	at site.ycsb.ClientThread.run(ClientThread.java:135)
	at java.base/java.lang.Thread.run(Thread.java:829)
Caused by: jetbrains.exodus.ExodusException
	at jetbrains.exodus.newLogConcept.garbageCollector.OperationLogGarbageCollector.moveAndRemoveRecordsFromLog(OperationLogGarbageCollector.java:69)
	at jetbrains.exodus.newLogConcept.garbageCollector.OperationLogGarbageCollector.clean(OperationLogGarbageCollector.java:51)
	at jetbrains.exodus.newLogConcept.MVCC.MVCCDataStructure.lambda$commitTransaction$1(MVCCDataStructure.java:297)
	at java.base/java.util.concurrent.Executors$RunnableAdapter.call(Executors.java:515)
	at java.base/java.util.concurrent.FutureTask.run(FutureTask.java:264)
	at java.base/java.util.concurrent.ThreadPoolExecutor.runWorker(ThreadPoolExecutor.java:1128)
	at java.base/java.util.concurrent.ThreadPoolExecutor$Worker.run(ThreadPoolExecutor.java:628)
	... 1 more
java.util.concurrent.ExecutionException: jetbrains.exodus.ExodusException
	at java.base/java.util.concurrent.FutureTask.report(FutureTask.java:122)
	at java.base/java.util.concurrent.FutureTask.get(FutureTask.java:191)
	at jetbrains.exodus.newLogConcept.MVCC.MVCCDataStructure.commitTransaction(MVCCDataStructure.java:299)
	at site.ycsb.db.XodusClient.insert(XodusClient.java:60)
	at site.ycsb.DBWrapper.insert(DBWrapper.java:227)
	at site.ycsb.workloads.CoreWorkload.doInsert(CoreWorkload.java:621)
	at site.ycsb.ClientThread.run(ClientThread.java:135)
	at java.base/java.lang.Thread.run(Thread.java:829)
Caused by: jetbrains.exodus.ExodusException
	at jetbrains.exodus.newLogConcept.garbageCollector.OperationLogGarbageCollector.moveAndRemoveRecordsFromLog(OperationLogGarbageCollector.java:69)
	at jetbrains.exodus.newLogConcept.garbageCollector.OperationLogGarbageCollector.clean(OperationLogGarbageCollector.java:51)
	at jetbrains.exodus.newLogConcept.MVCC.MVCCDataStructure.lambda$commitTransaction$1(MVCCDataStructure.java:297)
	at java.base/java.util.concurrent.Executors$RunnableAdapter.call(Executors.java:515)
	at java.base/java.util.concurrent.FutureTask.run(FutureTask.java:264)
	at java.base/java.util.concurrent.ThreadPoolExecutor.runWorker(ThreadPoolExecutor.java:1128)
	at java.base/java.util.concurrent.ThreadPoolExecutor$Worker.run(ThreadPoolExecutor.java:628)
	... 1 more
java.util.concurrent.ExecutionException: jetbrains.exodus.ExodusException
	at java.base/java.util.concurrent.FutureTask.report(FutureTask.java:122)
	at java.base/java.util.concurrent.FutureTask.get(FutureTask.java:191)
	at jetbrains.exodus.newLogConcept.MVCC.MVCCDataStructure.commitTransaction(MVCCDataStructure.java:299)
	at site.ycsb.db.XodusClient.insert(XodusClient.java:60)
	at site.ycsb.DBWrapper.insert(DBWrapper.java:227)
	at site.ycsb.workloads.CoreWorkload.doInsert(CoreWorkload.java:621)
	at site.ycsb.ClientThread.run(ClientThread.java:135)
	at java.base/java.lang.Thread.run(Thread.java:829)
Caused by: jetbrains.exodus.ExodusException
	at jetbrains.exodus.newLogConcept.garbageCollector.OperationLogGarbageCollector.moveAndRemoveRecordsFromLog(OperationLogGarbageCollector.java:69)
	at jetbrains.exodus.newLogConcept.garbageCollector.OperationLogGarbageCollector.clean(OperationLogGarbageCollector.java:51)
	at jetbrains.exodus.newLogConcept.MVCC.MVCCDataStructure.lambda$commitTransaction$1(MVCCDataStructure.java:297)
	at java.base/java.util.concurrent.Executors$RunnableAdapter.call(Executors.java:515)
	at java.base/java.util.concurrent.FutureTask.run(FutureTask.java:264)
	at java.base/java.util.concurrent.ThreadPoolExecutor.runWorker(ThreadPoolExecutor.java:1128)
	at java.base/java.util.concurrent.ThreadPoolExecutor$Worker.run(ThreadPoolExecutor.java:628)
	... 1 more
java.util.concurrent.ExecutionException: jetbrains.exodus.ExodusException
	at java.base/java.util.concurrent.FutureTask.report(FutureTask.java:122)
	at java.base/java.util.concurrent.FutureTask.get(FutureTask.java:191)
	at jetbrains.exodus.newLogConcept.MVCC.MVCCDataStructure.commitTransaction(MVCCDataStructure.java:299)
	at site.ycsb.db.XodusClient.insert(XodusClient.java:60)
	at site.ycsb.DBWrapper.insert(DBWrapper.java:227)
	at site.ycsb.workloads.CoreWorkload.doInsert(CoreWorkload.java:621)
	at site.ycsb.ClientThread.run(ClientThread.java:135)
	at java.base/java.lang.Thread.run(Thread.java:829)
Caused by: jetbrains.exodus.ExodusException
	at jetbrains.exodus.newLogConcept.garbageCollector.OperationLogGarbageCollector.moveAndRemoveRecordsFromLog(OperationLogGarbageCollector.java:69)
	at jetbrains.exodus.newLogConcept.garbageCollector.OperationLogGarbageCollector.clean(OperationLogGarbageCollector.java:51)
	at jetbrains.exodus.newLogConcept.MVCC.MVCCDataStructure.lambda$commitTransaction$1(MVCCDataStructure.java:297)
	at java.base/java.util.concurrent.Executors$RunnableAdapter.call(Executors.java:515)
	at java.base/java.util.concurrent.FutureTask.run(FutureTask.java:264)
	at java.base/java.util.concurrent.ThreadPoolExecutor.runWorker(ThreadPoolExecutor.java:1128)
	at java.base/java.util.concurrent.ThreadPoolExecutor$Worker.run(ThreadPoolExecutor.java:628)
	... 1 more
java.util.concurrent.ExecutionException: jetbrains.exodus.ExodusException
	at java.base/java.util.concurrent.FutureTask.report(FutureTask.java:122)
	at java.base/java.util.concurrent.FutureTask.get(FutureTask.java:191)
	at jetbrains.exodus.newLogConcept.MVCC.MVCCDataStructure.commitTransaction(MVCCDataStructure.java:299)
	at site.ycsb.db.XodusClient.insert(XodusClient.java:60)
	at site.ycsb.DBWrapper.insert(DBWrapper.java:227)
	at site.ycsb.workloads.CoreWorkload.doInsert(CoreWorkload.java:621)
	at site.ycsb.ClientThread.run(ClientThread.java:135)
	at java.base/java.lang.Thread.run(Thread.java:829)
Caused by: jetbrains.exodus.ExodusException
	at jetbrains.exodus.newLogConcept.garbageCollector.OperationLogGarbageCollector.moveAndRemoveRecordsFromLog(OperationLogGarbageCollector.java:69)
	at jetbrains.exodus.newLogConcept.garbageCollector.OperationLogGarbageCollector.clean(OperationLogGarbageCollector.java:51)
	at jetbrains.exodus.newLogConcept.MVCC.MVCCDataStructure.lambda$commitTransaction$1(MVCCDataStructure.java:297)
	at java.base/java.util.concurrent.Executors$RunnableAdapter.call(Executors.java:515)
	at java.base/java.util.concurrent.FutureTask.run(FutureTask.java:264)
	at java.base/java.util.concurrent.ThreadPoolExecutor.runWorker(ThreadPoolExecutor.java:1128)
	at java.base/java.util.concurrent.ThreadPoolExecutor$Worker.run(ThreadPoolExecutor.java:628)
	... 1 more
java.util.concurrent.ExecutionException: jetbrains.exodus.ExodusException
	at java.base/java.util.concurrent.FutureTask.report(FutureTask.java:122)
	at java.base/java.util.concurrent.FutureTask.get(FutureTask.java:191)
	at jetbrains.exodus.newLogConcept.MVCC.MVCCDataStructure.commitTransaction(MVCCDataStructure.java:299)
	at site.ycsb.db.XodusClient.insert(XodusClient.java:60)
	at site.ycsb.DBWrapper.insert(DBWrapper.java:227)
	at site.ycsb.workloads.CoreWorkload.doInsert(CoreWorkload.java:621)
	at site.ycsb.ClientThread.run(ClientThread.java:135)
	at java.base/java.lang.Thread.run(Thread.java:829)
Caused by: jetbrains.exodus.ExodusException
	at jetbrains.exodus.newLogConcept.garbageCollector.OperationLogGarbageCollector.moveAndRemoveRecordsFromLog(OperationLogGarbageCollector.java:69)
	at jetbrains.exodus.newLogConcept.garbageCollector.OperationLogGarbageCollector.clean(OperationLogGarbageCollector.java:51)
	at jetbrains.exodus.newLogConcept.MVCC.MVCCDataStructure.lambda$commitTransaction$1(MVCCDataStructure.java:297)
	at java.base/java.util.concurrent.Executors$RunnableAdapter.call(Executors.java:515)
	at java.base/java.util.concurrent.FutureTask.run(FutureTask.java:264)
	at java.base/java.util.concurrent.ThreadPoolExecutor.runWorker(ThreadPoolExecutor.java:1128)
	at java.base/java.util.concurrent.ThreadPoolExecutor$Worker.run(ThreadPoolExecutor.java:628)
	... 1 more
java.util.concurrent.ExecutionException: jetbrains.exodus.ExodusException
	at java.base/java.util.concurrent.FutureTask.report(FutureTask.java:122)
	at java.base/java.util.concurrent.FutureTask.get(FutureTask.java:191)
	at jetbrains.exodus.newLogConcept.MVCC.MVCCDataStructure.commitTransaction(MVCCDataStructure.java:299)
	at site.ycsb.db.XodusClient.insert(XodusClient.java:60)
	at site.ycsb.DBWrapper.insert(DBWrapper.java:227)
	at site.ycsb.workloads.CoreWorkload.doInsert(CoreWorkload.java:621)
	at site.ycsb.ClientThread.run(ClientThread.java:135)
	at java.base/java.lang.Thread.run(Thread.java:829)
Caused by: jetbrains.exodus.ExodusException
	at jetbrains.exodus.newLogConcept.garbageCollector.OperationLogGarbageCollector.moveAndRemoveRecordsFromLog(OperationLogGarbageCollector.java:69)
	at jetbrains.exodus.newLogConcept.garbageCollector.OperationLogGarbageCollector.clean(OperationLogGarbageCollector.java:51)
	at jetbrains.exodus.newLogConcept.MVCC.MVCCDataStructure.lambda$commitTransaction$1(MVCCDataStructure.java:297)
	at java.base/java.util.concurrent.Executors$RunnableAdapter.call(Executors.java:515)
	at java.base/java.util.concurrent.FutureTask.run(FutureTask.java:264)
	at java.base/java.util.concurrent.ThreadPoolExecutor.runWorker(ThreadPoolExecutor.java:1128)
	at java.base/java.util.concurrent.ThreadPoolExecutor$Worker.run(ThreadPoolExecutor.java:628)
	... 1 more
java.util.concurrent.ExecutionException: jetbrains.exodus.ExodusException
	at java.base/java.util.concurrent.FutureTask.report(FutureTask.java:122)
	at java.base/java.util.concurrent.FutureTask.get(FutureTask.java:191)
	at jetbrains.exodus.newLogConcept.MVCC.MVCCDataStructure.commitTransaction(MVCCDataStructure.java:299)
	at site.ycsb.db.XodusClient.insert(XodusClient.java:60)
	at site.ycsb.DBWrapper.insert(DBWrapper.java:227)
	at site.ycsb.workloads.CoreWorkload.doInsert(CoreWorkload.java:621)
	at site.ycsb.ClientThread.run(ClientThread.java:135)
	at java.base/java.lang.Thread.run(Thread.java:829)
Caused by: jetbrains.exodus.ExodusException
	at jetbrains.exodus.newLogConcept.garbageCollector.OperationLogGarbageCollector.moveAndRemoveRecordsFromLog(OperationLogGarbageCollector.java:69)
	at jetbrains.exodus.newLogConcept.garbageCollector.OperationLogGarbageCollector.clean(OperationLogGarbageCollector.java:51)
	at jetbrains.exodus.newLogConcept.MVCC.MVCCDataStructure.lambda$commitTransaction$1(MVCCDataStructure.java:297)
	at java.base/java.util.concurrent.Executors$RunnableAdapter.call(Executors.java:515)
	at java.base/java.util.concurrent.FutureTask.run(FutureTask.java:264)
	at java.base/java.util.concurrent.ThreadPoolExecutor.runWorker(ThreadPoolExecutor.java:1128)
	at java.base/java.util.concurrent.ThreadPoolExecutor$Worker.run(ThreadPoolExecutor.java:628)
	... 1 more
java.util.concurrent.ExecutionException: jetbrains.exodus.ExodusException
	at java.base/java.util.concurrent.FutureTask.report(FutureTask.java:122)
	at java.base/java.util.concurrent.FutureTask.get(FutureTask.java:191)
	at jetbrains.exodus.newLogConcept.MVCC.MVCCDataStructure.commitTransaction(MVCCDataStructure.java:299)
	at site.ycsb.db.XodusClient.insert(XodusClient.java:60)
	at site.ycsb.DBWrapper.insert(DBWrapper.java:227)
	at site.ycsb.workloads.CoreWorkload.doInsert(CoreWorkload.java:621)
	at site.ycsb.ClientThread.run(ClientThread.java:135)
	at java.base/java.lang.Thread.run(Thread.java:829)
Caused by: jetbrains.exodus.ExodusException
	at jetbrains.exodus.newLogConcept.garbageCollector.OperationLogGarbageCollector.moveAndRemoveRecordsFromLog(OperationLogGarbageCollector.java:69)
	at jetbrains.exodus.newLogConcept.garbageCollector.OperationLogGarbageCollector.clean(OperationLogGarbageCollector.java:51)
	at jetbrains.exodus.newLogConcept.MVCC.MVCCDataStructure.lambda$commitTransaction$1(MVCCDataStructure.java:297)
	at java.base/java.util.concurrent.Executors$RunnableAdapter.call(Executors.java:515)
	at java.base/java.util.concurrent.FutureTask.run(FutureTask.java:264)
	at java.base/java.util.concurrent.ThreadPoolExecutor.runWorker(ThreadPoolExecutor.java:1128)
	at java.base/java.util.concurrent.ThreadPoolExecutor$Worker.run(ThreadPoolExecutor.java:628)
	... 1 more
java.util.concurrent.ExecutionException: jetbrains.exodus.ExodusException
	at java.base/java.util.concurrent.FutureTask.report(FutureTask.java:122)
	at java.base/java.util.concurrent.FutureTask.get(FutureTask.java:191)
	at jetbrains.exodus.newLogConcept.MVCC.MVCCDataStructure.commitTransaction(MVCCDataStructure.java:299)
	at site.ycsb.db.XodusClient.insert(XodusClient.java:60)
	at site.ycsb.DBWrapper.insert(DBWrapper.java:227)
	at site.ycsb.workloads.CoreWorkload.doInsert(CoreWorkload.java:621)
	at site.ycsb.ClientThread.run(ClientThread.java:135)
	at java.base/java.lang.Thread.run(Thread.java:829)
Caused by: jetbrains.exodus.ExodusException
	at jetbrains.exodus.newLogConcept.garbageCollector.OperationLogGarbageCollector.moveAndRemoveRecordsFromLog(OperationLogGarbageCollector.java:69)
	at jetbrains.exodus.newLogConcept.garbageCollector.OperationLogGarbageCollector.clean(OperationLogGarbageCollector.java:51)
	at jetbrains.exodus.newLogConcept.MVCC.MVCCDataStructure.lambda$commitTransaction$1(MVCCDataStructure.java:297)
	at java.base/java.util.concurrent.Executors$RunnableAdapter.call(Executors.java:515)
	at java.base/java.util.concurrent.FutureTask.run(FutureTask.java:264)
	at java.base/java.util.concurrent.ThreadPoolExecutor.runWorker(ThreadPoolExecutor.java:1128)
	at java.base/java.util.concurrent.ThreadPoolExecutor$Worker.run(ThreadPoolExecutor.java:628)
	... 1 more
java.util.concurrent.ExecutionException: jetbrains.exodus.ExodusException
	at java.base/java.util.concurrent.FutureTask.report(FutureTask.java:122)
	at java.base/java.util.concurrent.FutureTask.get(FutureTask.java:191)
	at jetbrains.exodus.newLogConcept.MVCC.MVCCDataStructure.commitTransaction(MVCCDataStructure.java:299)
	at site.ycsb.db.XodusClient.insert(XodusClient.java:60)
	at site.ycsb.DBWrapper.insert(DBWrapper.java:227)
	at site.ycsb.workloads.CoreWorkload.doInsert(CoreWorkload.java:621)
	at site.ycsb.ClientThread.run(ClientThread.java:135)
	at java.base/java.lang.Thread.run(Thread.java:829)
Caused by: jetbrains.exodus.ExodusException
	at jetbrains.exodus.newLogConcept.garbageCollector.OperationLogGarbageCollector.moveAndRemoveRecordsFromLog(OperationLogGarbageCollector.java:69)
	at jetbrains.exodus.newLogConcept.garbageCollector.OperationLogGarbageCollector.clean(OperationLogGarbageCollector.java:51)
	at jetbrains.exodus.newLogConcept.MVCC.MVCCDataStructure.lambda$commitTransaction$1(MVCCDataStructure.java:297)
	at java.base/java.util.concurrent.Executors$RunnableAdapter.call(Executors.java:515)
	at java.base/java.util.concurrent.FutureTask.run(FutureTask.java:264)
	at java.base/java.util.concurrent.ThreadPoolExecutor.runWorker(ThreadPoolExecutor.java:1128)
	at java.base/java.util.concurrent.ThreadPoolExecutor$Worker.run(ThreadPoolExecutor.java:628)
	... 1 more
java.util.concurrent.ExecutionException: jetbrains.exodus.ExodusException
	at java.base/java.util.concurrent.FutureTask.report(FutureTask.java:122)
	at java.base/java.util.concurrent.FutureTask.get(FutureTask.java:191)
	at jetbrains.exodus.newLogConcept.MVCC.MVCCDataStructure.commitTransaction(MVCCDataStructure.java:299)
	at site.ycsb.db.XodusClient.insert(XodusClient.java:60)
	at site.ycsb.DBWrapper.insert(DBWrapper.java:227)
	at site.ycsb.workloads.CoreWorkload.doInsert(CoreWorkload.java:621)
	at site.ycsb.ClientThread.run(ClientThread.java:135)
	at java.base/java.lang.Thread.run(Thread.java:829)
Caused by: jetbrains.exodus.ExodusException
	at jetbrains.exodus.newLogConcept.garbageCollector.OperationLogGarbageCollector.moveAndRemoveRecordsFromLog(OperationLogGarbageCollector.java:69)
	at jetbrains.exodus.newLogConcept.garbageCollector.OperationLogGarbageCollector.clean(OperationLogGarbageCollector.java:51)
	at jetbrains.exodus.newLogConcept.MVCC.MVCCDataStructure.lambda$commitTransaction$1(MVCCDataStructure.java:297)
	at java.base/java.util.concurrent.Executors$RunnableAdapter.call(Executors.java:515)
	at java.base/java.util.concurrent.FutureTask.run(FutureTask.java:264)
	at java.base/java.util.concurrent.ThreadPoolExecutor.runWorker(ThreadPoolExecutor.java:1128)
	at java.base/java.util.concurrent.ThreadPoolExecutor$Worker.run(ThreadPoolExecutor.java:628)
	... 1 more
java.util.concurrent.ExecutionException: jetbrains.exodus.ExodusException
	at java.base/java.util.concurrent.FutureTask.report(FutureTask.java:122)
	at java.base/java.util.concurrent.FutureTask.get(FutureTask.java:191)
	at jetbrains.exodus.newLogConcept.MVCC.MVCCDataStructure.commitTransaction(MVCCDataStructure.java:299)
	at site.ycsb.db.XodusClient.insert(XodusClient.java:60)
	at site.ycsb.DBWrapper.insert(DBWrapper.java:227)
	at site.ycsb.workloads.CoreWorkload.doInsert(CoreWorkload.java:621)
	at site.ycsb.ClientThread.run(ClientThread.java:135)
	at java.base/java.lang.Thread.run(Thread.java:829)
Caused by: jetbrains.exodus.ExodusException
	at jetbrains.exodus.newLogConcept.garbageCollector.OperationLogGarbageCollector.moveAndRemoveRecordsFromLog(OperationLogGarbageCollector.java:69)
	at jetbrains.exodus.newLogConcept.garbageCollector.OperationLogGarbageCollector.clean(OperationLogGarbageCollector.java:51)
	at jetbrains.exodus.newLogConcept.MVCC.MVCCDataStructure.lambda$commitTransaction$1(MVCCDataStructure.java:297)
	at java.base/java.util.concurrent.Executors$RunnableAdapter.call(Executors.java:515)
	at java.base/java.util.concurrent.FutureTask.run(FutureTask.java:264)
	at java.base/java.util.concurrent.ThreadPoolExecutor.runWorker(ThreadPoolExecutor.java:1128)
	at java.base/java.util.concurrent.ThreadPoolExecutor$Worker.run(ThreadPoolExecutor.java:628)
	... 1 more
java.util.concurrent.ExecutionException: jetbrains.exodus.ExodusException
	at java.base/java.util.concurrent.FutureTask.report(FutureTask.java:122)
	at java.base/java.util.concurrent.FutureTask.get(FutureTask.java:191)
	at jetbrains.exodus.newLogConcept.MVCC.MVCCDataStructure.commitTransaction(MVCCDataStructure.java:299)
	at site.ycsb.db.XodusClient.insert(XodusClient.java:60)
	at site.ycsb.DBWrapper.insert(DBWrapper.java:227)
	at site.ycsb.workloads.CoreWorkload.doInsert(CoreWorkload.java:621)
	at site.ycsb.ClientThread.run(ClientThread.java:135)
	at java.base/java.lang.Thread.run(Thread.java:829)
Caused by: jetbrains.exodus.ExodusException
	at jetbrains.exodus.newLogConcept.garbageCollector.OperationLogGarbageCollector.moveAndRemoveRecordsFromLog(OperationLogGarbageCollector.java:69)
	at jetbrains.exodus.newLogConcept.garbageCollector.OperationLogGarbageCollector.clean(OperationLogGarbageCollector.java:51)
	at jetbrains.exodus.newLogConcept.MVCC.MVCCDataStructure.lambda$commitTransaction$1(MVCCDataStructure.java:297)
	at java.base/java.util.concurrent.Executors$RunnableAdapter.call(Executors.java:515)
	at java.base/java.util.concurrent.FutureTask.run(FutureTask.java:264)
	at java.base/java.util.concurrent.ThreadPoolExecutor.runWorker(ThreadPoolExecutor.java:1128)
	at java.base/java.util.concurrent.ThreadPoolExecutor$Worker.run(ThreadPoolExecutor.java:628)
	... 1 more
java.util.concurrent.ExecutionException: jetbrains.exodus.ExodusException
	at java.base/java.util.concurrent.FutureTask.report(FutureTask.java:122)
	at java.base/java.util.concurrent.FutureTask.get(FutureTask.java:191)
	at jetbrains.exodus.newLogConcept.MVCC.MVCCDataStructure.commitTransaction(MVCCDataStructure.java:299)
	at site.ycsb.db.XodusClient.insert(XodusClient.java:60)
	at site.ycsb.DBWrapper.insert(DBWrapper.java:227)
	at site.ycsb.workloads.CoreWorkload.doInsert(CoreWorkload.java:621)
	at site.ycsb.ClientThread.run(ClientThread.java:135)
	at java.base/java.lang.Thread.run(Thread.java:829)
Caused by: jetbrains.exodus.ExodusException
	at jetbrains.exodus.newLogConcept.garbageCollector.OperationLogGarbageCollector.moveAndRemoveRecordsFromLog(OperationLogGarbageCollector.java:69)
	at jetbrains.exodus.newLogConcept.garbageCollector.OperationLogGarbageCollector.clean(OperationLogGarbageCollector.java:51)
	at jetbrains.exodus.newLogConcept.MVCC.MVCCDataStructure.lambda$commitTransaction$1(MVCCDataStructure.java:297)
	at java.base/java.util.concurrent.Executors$RunnableAdapter.call(Executors.java:515)
	at java.base/java.util.concurrent.FutureTask.run(FutureTask.java:264)
	at java.base/java.util.concurrent.ThreadPoolExecutor.runWorker(ThreadPoolExecutor.java:1128)
	at java.base/java.util.concurrent.ThreadPoolExecutor$Worker.run(ThreadPoolExecutor.java:628)
	... 1 more
java.util.concurrent.ExecutionException: jetbrains.exodus.ExodusException
	at java.base/java.util.concurrent.FutureTask.report(FutureTask.java:122)
	at java.base/java.util.concurrent.FutureTask.get(FutureTask.java:191)
	at jetbrains.exodus.newLogConcept.MVCC.MVCCDataStructure.commitTransaction(MVCCDataStructure.java:299)
	at site.ycsb.db.XodusClient.insert(XodusClient.java:60)
	at site.ycsb.DBWrapper.insert(DBWrapper.java:227)
	at site.ycsb.workloads.CoreWorkload.doInsert(CoreWorkload.java:621)
	at site.ycsb.ClientThread.run(ClientThread.java:135)
	at java.base/java.lang.Thread.run(Thread.java:829)
Caused by: jetbrains.exodus.ExodusException
	at jetbrains.exodus.newLogConcept.garbageCollector.OperationLogGarbageCollector.moveAndRemoveRecordsFromLog(OperationLogGarbageCollector.java:69)
	at jetbrains.exodus.newLogConcept.garbageCollector.OperationLogGarbageCollector.clean(OperationLogGarbageCollector.java:51)
	at jetbrains.exodus.newLogConcept.MVCC.MVCCDataStructure.lambda$commitTransaction$1(MVCCDataStructure.java:297)
	at java.base/java.util.concurrent.Executors$RunnableAdapter.call(Executors.java:515)
	at java.base/java.util.concurrent.FutureTask.run(FutureTask.java:264)
	at java.base/java.util.concurrent.ThreadPoolExecutor.runWorker(ThreadPoolExecutor.java:1128)
	at java.base/java.util.concurrent.ThreadPoolExecutor$Worker.run(ThreadPoolExecutor.java:628)
	... 1 more
java.util.concurrent.ExecutionException: jetbrains.exodus.ExodusException
	at java.base/java.util.concurrent.FutureTask.report(FutureTask.java:122)
	at java.base/java.util.concurrent.FutureTask.get(FutureTask.java:191)
	at jetbrains.exodus.newLogConcept.MVCC.MVCCDataStructure.commitTransaction(MVCCDataStructure.java:299)
	at site.ycsb.db.XodusClient.insert(XodusClient.java:60)
	at site.ycsb.DBWrapper.insert(DBWrapper.java:227)
	at site.ycsb.workloads.CoreWorkload.doInsert(CoreWorkload.java:621)
	at site.ycsb.ClientThread.run(ClientThread.java:135)
	at java.base/java.lang.Thread.run(Thread.java:829)
Caused by: jetbrains.exodus.ExodusException
	at jetbrains.exodus.newLogConcept.garbageCollector.OperationLogGarbageCollector.moveAndRemoveRecordsFromLog(OperationLogGarbageCollector.java:69)
	at jetbrains.exodus.newLogConcept.garbageCollector.OperationLogGarbageCollector.clean(OperationLogGarbageCollector.java:51)
	at jetbrains.exodus.newLogConcept.MVCC.MVCCDataStructure.lambda$commitTransaction$1(MVCCDataStructure.java:297)
	at java.base/java.util.concurrent.Executors$RunnableAdapter.call(Executors.java:515)
	at java.base/java.util.concurrent.FutureTask.run(FutureTask.java:264)
	at java.base/java.util.concurrent.ThreadPoolExecutor.runWorker(ThreadPoolExecutor.java:1128)
	at java.base/java.util.concurrent.ThreadPoolExecutor$Worker.run(ThreadPoolExecutor.java:628)
	... 1 more
java.util.concurrent.ExecutionException: jetbrains.exodus.ExodusException
	at java.base/java.util.concurrent.FutureTask.report(FutureTask.java:122)
	at java.base/java.util.concurrent.FutureTask.get(FutureTask.java:191)
	at jetbrains.exodus.newLogConcept.MVCC.MVCCDataStructure.commitTransaction(MVCCDataStructure.java:299)
	at site.ycsb.db.XodusClient.insert(XodusClient.java:60)
	at site.ycsb.DBWrapper.insert(DBWrapper.java:227)
	at site.ycsb.workloads.CoreWorkload.doInsert(CoreWorkload.java:621)
	at site.ycsb.ClientThread.run(ClientThread.java:135)
	at java.base/java.lang.Thread.run(Thread.java:829)
Caused by: jetbrains.exodus.ExodusException
	at jetbrains.exodus.newLogConcept.garbageCollector.OperationLogGarbageCollector.moveAndRemoveRecordsFromLog(OperationLogGarbageCollector.java:69)
	at jetbrains.exodus.newLogConcept.garbageCollector.OperationLogGarbageCollector.clean(OperationLogGarbageCollector.java:51)
	at jetbrains.exodus.newLogConcept.MVCC.MVCCDataStructure.lambda$commitTransaction$1(MVCCDataStructure.java:297)
	at java.base/java.util.concurrent.Executors$RunnableAdapter.call(Executors.java:515)
	at java.base/java.util.concurrent.FutureTask.run(FutureTask.java:264)
	at java.base/java.util.concurrent.ThreadPoolExecutor.runWorker(ThreadPoolExecutor.java:1128)
	at java.base/java.util.concurrent.ThreadPoolExecutor$Worker.run(ThreadPoolExecutor.java:628)
	... 1 more
java.util.concurrent.ExecutionException: jetbrains.exodus.ExodusException
	at java.base/java.util.concurrent.FutureTask.report(FutureTask.java:122)
	at java.base/java.util.concurrent.FutureTask.get(FutureTask.java:191)
	at jetbrains.exodus.newLogConcept.MVCC.MVCCDataStructure.commitTransaction(MVCCDataStructure.java:299)
	at site.ycsb.db.XodusClient.insert(XodusClient.java:60)
	at site.ycsb.DBWrapper.insert(DBWrapper.java:227)
	at site.ycsb.workloads.CoreWorkload.doInsert(CoreWorkload.java:621)
	at site.ycsb.ClientThread.run(ClientThread.java:135)
	at java.base/java.lang.Thread.run(Thread.java:829)
Caused by: jetbrains.exodus.ExodusException
	at jetbrains.exodus.newLogConcept.garbageCollector.OperationLogGarbageCollector.moveAndRemoveRecordsFromLog(OperationLogGarbageCollector.java:69)
	at jetbrains.exodus.newLogConcept.garbageCollector.OperationLogGarbageCollector.clean(OperationLogGarbageCollector.java:51)
	at jetbrains.exodus.newLogConcept.MVCC.MVCCDataStructure.lambda$commitTransaction$1(MVCCDataStructure.java:297)
	at java.base/java.util.concurrent.Executors$RunnableAdapter.call(Executors.java:515)
	at java.base/java.util.concurrent.FutureTask.run(FutureTask.java:264)
	at java.base/java.util.concurrent.ThreadPoolExecutor.runWorker(ThreadPoolExecutor.java:1128)
	at java.base/java.util.concurrent.ThreadPoolExecutor$Worker.run(ThreadPoolExecutor.java:628)
	... 1 more
java.util.concurrent.ExecutionException: jetbrains.exodus.ExodusException
	at java.base/java.util.concurrent.FutureTask.report(FutureTask.java:122)
	at java.base/java.util.concurrent.FutureTask.get(FutureTask.java:191)
	at jetbrains.exodus.newLogConcept.MVCC.MVCCDataStructure.commitTransaction(MVCCDataStructure.java:299)
	at site.ycsb.db.XodusClient.insert(XodusClient.java:60)
	at site.ycsb.DBWrapper.insert(DBWrapper.java:227)
	at site.ycsb.workloads.CoreWorkload.doInsert(CoreWorkload.java:621)
	at site.ycsb.ClientThread.run(ClientThread.java:135)
	at java.base/java.lang.Thread.run(Thread.java:829)
Caused by: jetbrains.exodus.ExodusException
	at jetbrains.exodus.newLogConcept.garbageCollector.OperationLogGarbageCollector.moveAndRemoveRecordsFromLog(OperationLogGarbageCollector.java:69)
	at jetbrains.exodus.newLogConcept.garbageCollector.OperationLogGarbageCollector.clean(OperationLogGarbageCollector.java:51)
	at jetbrains.exodus.newLogConcept.MVCC.MVCCDataStructure.lambda$commitTransaction$1(MVCCDataStructure.java:297)
	at java.base/java.util.concurrent.Executors$RunnableAdapter.call(Executors.java:515)
	at java.base/java.util.concurrent.FutureTask.run(FutureTask.java:264)
	at java.base/java.util.concurrent.ThreadPoolExecutor.runWorker(ThreadPoolExecutor.java:1128)
	at java.base/java.util.concurrent.ThreadPoolExecutor$Worker.run(ThreadPoolExecutor.java:628)
	... 1 more
java.util.concurrent.ExecutionException: jetbrains.exodus.ExodusException
	at java.base/java.util.concurrent.FutureTask.report(FutureTask.java:122)
	at java.base/java.util.concurrent.FutureTask.get(FutureTask.java:191)
	at jetbrains.exodus.newLogConcept.MVCC.MVCCDataStructure.commitTransaction(MVCCDataStructure.java:299)
	at site.ycsb.db.XodusClient.insert(XodusClient.java:60)
	at site.ycsb.DBWrapper.insert(DBWrapper.java:227)
	at site.ycsb.workloads.CoreWorkload.doInsert(CoreWorkload.java:621)
	at site.ycsb.ClientThread.run(ClientThread.java:135)
	at java.base/java.lang.Thread.run(Thread.java:829)
Caused by: jetbrains.exodus.ExodusException
	at jetbrains.exodus.newLogConcept.garbageCollector.OperationLogGarbageCollector.moveAndRemoveRecordsFromLog(OperationLogGarbageCollector.java:69)
	at jetbrains.exodus.newLogConcept.garbageCollector.OperationLogGarbageCollector.clean(OperationLogGarbageCollector.java:51)
	at jetbrains.exodus.newLogConcept.MVCC.MVCCDataStructure.lambda$commitTransaction$1(MVCCDataStructure.java:297)
	at java.base/java.util.concurrent.Executors$RunnableAdapter.call(Executors.java:515)
	at java.base/java.util.concurrent.FutureTask.run(FutureTask.java:264)
	at java.base/java.util.concurrent.ThreadPoolExecutor.runWorker(ThreadPoolExecutor.java:1128)
	at java.base/java.util.concurrent.ThreadPoolExecutor$Worker.run(ThreadPoolExecutor.java:628)
	... 1 more
java.util.concurrent.ExecutionException: jetbrains.exodus.ExodusException
	at java.base/java.util.concurrent.FutureTask.report(FutureTask.java:122)
	at java.base/java.util.concurrent.FutureTask.get(FutureTask.java:191)
	at jetbrains.exodus.newLogConcept.MVCC.MVCCDataStructure.commitTransaction(MVCCDataStructure.java:299)
	at site.ycsb.db.XodusClient.insert(XodusClient.java:60)
	at site.ycsb.DBWrapper.insert(DBWrapper.java:227)
	at site.ycsb.workloads.CoreWorkload.doInsert(CoreWorkload.java:621)
	at site.ycsb.ClientThread.run(ClientThread.java:135)
	at java.base/java.lang.Thread.run(Thread.java:829)
Caused by: jetbrains.exodus.ExodusException
	at jetbrains.exodus.newLogConcept.garbageCollector.OperationLogGarbageCollector.moveAndRemoveRecordsFromLog(OperationLogGarbageCollector.java:69)
	at jetbrains.exodus.newLogConcept.garbageCollector.OperationLogGarbageCollector.clean(OperationLogGarbageCollector.java:51)
	at jetbrains.exodus.newLogConcept.MVCC.MVCCDataStructure.lambda$commitTransaction$1(MVCCDataStructure.java:297)
	at java.base/java.util.concurrent.Executors$RunnableAdapter.call(Executors.java:515)
	at java.base/java.util.concurrent.FutureTask.run(FutureTask.java:264)
	at java.base/java.util.concurrent.ThreadPoolExecutor.runWorker(ThreadPoolExecutor.java:1128)
	at java.base/java.util.concurrent.ThreadPoolExecutor$Worker.run(ThreadPoolExecutor.java:628)
	... 1 more
java.util.concurrent.ExecutionException: jetbrains.exodus.ExodusException
	at java.base/java.util.concurrent.FutureTask.report(FutureTask.java:122)
	at java.base/java.util.concurrent.FutureTask.get(FutureTask.java:191)
	at jetbrains.exodus.newLogConcept.MVCC.MVCCDataStructure.commitTransaction(MVCCDataStructure.java:299)
	at site.ycsb.db.XodusClient.insert(XodusClient.java:60)
	at site.ycsb.DBWrapper.insert(DBWrapper.java:227)
	at site.ycsb.workloads.CoreWorkload.doInsert(CoreWorkload.java:621)
	at site.ycsb.ClientThread.run(ClientThread.java:135)
	at java.base/java.lang.Thread.run(Thread.java:829)
Caused by: jetbrains.exodus.ExodusException
	at jetbrains.exodus.newLogConcept.garbageCollector.OperationLogGarbageCollector.moveAndRemoveRecordsFromLog(OperationLogGarbageCollector.java:69)
	at jetbrains.exodus.newLogConcept.garbageCollector.OperationLogGarbageCollector.clean(OperationLogGarbageCollector.java:51)
	at jetbrains.exodus.newLogConcept.MVCC.MVCCDataStructure.lambda$commitTransaction$1(MVCCDataStructure.java:297)
	at java.base/java.util.concurrent.Executors$RunnableAdapter.call(Executors.java:515)
	at java.base/java.util.concurrent.FutureTask.run(FutureTask.java:264)
	at java.base/java.util.concurrent.ThreadPoolExecutor.runWorker(ThreadPoolExecutor.java:1128)
	at java.base/java.util.concurrent.ThreadPoolExecutor$Worker.run(ThreadPoolExecutor.java:628)
	... 1 more
java.util.concurrent.ExecutionException: jetbrains.exodus.ExodusException
	at java.base/java.util.concurrent.FutureTask.report(FutureTask.java:122)
	at java.base/java.util.concurrent.FutureTask.get(FutureTask.java:191)
	at jetbrains.exodus.newLogConcept.MVCC.MVCCDataStructure.commitTransaction(MVCCDataStructure.java:299)
	at site.ycsb.db.XodusClient.insert(XodusClient.java:60)
	at site.ycsb.DBWrapper.insert(DBWrapper.java:227)
	at site.ycsb.workloads.CoreWorkload.doInsert(CoreWorkload.java:621)
	at site.ycsb.ClientThread.run(ClientThread.java:135)
	at java.base/java.lang.Thread.run(Thread.java:829)
Caused by: jetbrains.exodus.ExodusException
	at jetbrains.exodus.newLogConcept.garbageCollector.OperationLogGarbageCollector.moveAndRemoveRecordsFromLog(OperationLogGarbageCollector.java:69)
	at jetbrains.exodus.newLogConcept.garbageCollector.OperationLogGarbageCollector.clean(OperationLogGarbageCollector.java:51)
	at jetbrains.exodus.newLogConcept.MVCC.MVCCDataStructure.lambda$commitTransaction$1(MVCCDataStructure.java:297)
	at java.base/java.util.concurrent.Executors$RunnableAdapter.call(Executors.java:515)
	at java.base/java.util.concurrent.FutureTask.run(FutureTask.java:264)
	at java.base/java.util.concurrent.ThreadPoolExecutor.runWorker(ThreadPoolExecutor.java:1128)
	at java.base/java.util.concurrent.ThreadPoolExecutor$Worker.run(ThreadPoolExecutor.java:628)
	... 1 more
java.util.concurrent.ExecutionException: jetbrains.exodus.ExodusException
	at java.base/java.util.concurrent.FutureTask.report(FutureTask.java:122)
	at java.base/java.util.concurrent.FutureTask.get(FutureTask.java:191)
	at jetbrains.exodus.newLogConcept.MVCC.MVCCDataStructure.commitTransaction(MVCCDataStructure.java:299)
	at site.ycsb.db.XodusClient.insert(XodusClient.java:60)
	at site.ycsb.DBWrapper.insert(DBWrapper.java:227)
	at site.ycsb.workloads.CoreWorkload.doInsert(CoreWorkload.java:621)
	at site.ycsb.ClientThread.run(ClientThread.java:135)
	at java.base/java.lang.Thread.run(Thread.java:829)
Caused by: jetbrains.exodus.ExodusException
	at jetbrains.exodus.newLogConcept.garbageCollector.OperationLogGarbageCollector.moveAndRemoveRecordsFromLog(OperationLogGarbageCollector.java:69)
	at jetbrains.exodus.newLogConcept.garbageCollector.OperationLogGarbageCollector.clean(OperationLogGarbageCollector.java:51)
	at jetbrains.exodus.newLogConcept.MVCC.MVCCDataStructure.lambda$commitTransaction$1(MVCCDataStructure.java:297)
	at java.base/java.util.concurrent.Executors$RunnableAdapter.call(Executors.java:515)
	at java.base/java.util.concurrent.FutureTask.run(FutureTask.java:264)
	at java.base/java.util.concurrent.ThreadPoolExecutor.runWorker(ThreadPoolExecutor.java:1128)
	at java.base/java.util.concurrent.ThreadPoolExecutor$Worker.run(ThreadPoolExecutor.java:628)
	... 1 more
java.util.concurrent.ExecutionException: jetbrains.exodus.ExodusException
	at java.base/java.util.concurrent.FutureTask.report(FutureTask.java:122)
	at java.base/java.util.concurrent.FutureTask.get(FutureTask.java:191)
	at jetbrains.exodus.newLogConcept.MVCC.MVCCDataStructure.commitTransaction(MVCCDataStructure.java:299)
	at site.ycsb.db.XodusClient.insert(XodusClient.java:60)
	at site.ycsb.DBWrapper.insert(DBWrapper.java:227)
	at site.ycsb.workloads.CoreWorkload.doInsert(CoreWorkload.java:621)
	at site.ycsb.ClientThread.run(ClientThread.java:135)
	at java.base/java.lang.Thread.run(Thread.java:829)
Caused by: jetbrains.exodus.ExodusException
	at jetbrains.exodus.newLogConcept.garbageCollector.OperationLogGarbageCollector.moveAndRemoveRecordsFromLog(OperationLogGarbageCollector.java:69)
	at jetbrains.exodus.newLogConcept.garbageCollector.OperationLogGarbageCollector.clean(OperationLogGarbageCollector.java:51)
	at jetbrains.exodus.newLogConcept.MVCC.MVCCDataStructure.lambda$commitTransaction$1(MVCCDataStructure.java:297)
	at java.base/java.util.concurrent.Executors$RunnableAdapter.call(Executors.java:515)
	at java.base/java.util.concurrent.FutureTask.run(FutureTask.java:264)
	at java.base/java.util.concurrent.ThreadPoolExecutor.runWorker(ThreadPoolExecutor.java:1128)
	at java.base/java.util.concurrent.ThreadPoolExecutor$Worker.run(ThreadPoolExecutor.java:628)
	... 1 more
java.util.concurrent.ExecutionException: jetbrains.exodus.ExodusException
	at java.base/java.util.concurrent.FutureTask.report(FutureTask.java:122)
	at java.base/java.util.concurrent.FutureTask.get(FutureTask.java:191)
	at jetbrains.exodus.newLogConcept.MVCC.MVCCDataStructure.commitTransaction(MVCCDataStructure.java:299)
	at site.ycsb.db.XodusClient.insert(XodusClient.java:60)
	at site.ycsb.DBWrapper.insert(DBWrapper.java:227)
	at site.ycsb.workloads.CoreWorkload.doInsert(CoreWorkload.java:621)
	at site.ycsb.ClientThread.run(ClientThread.java:135)
	at java.base/java.lang.Thread.run(Thread.java:829)
Caused by: jetbrains.exodus.ExodusException
	at jetbrains.exodus.newLogConcept.garbageCollector.OperationLogGarbageCollector.moveAndRemoveRecordsFromLog(OperationLogGarbageCollector.java:69)
	at jetbrains.exodus.newLogConcept.garbageCollector.OperationLogGarbageCollector.clean(OperationLogGarbageCollector.java:51)
	at jetbrains.exodus.newLogConcept.MVCC.MVCCDataStructure.lambda$commitTransaction$1(MVCCDataStructure.java:297)
	at java.base/java.util.concurrent.Executors$RunnableAdapter.call(Executors.java:515)
	at java.base/java.util.concurrent.FutureTask.run(FutureTask.java:264)
	at java.base/java.util.concurrent.ThreadPoolExecutor.runWorker(ThreadPoolExecutor.java:1128)
	at java.base/java.util.concurrent.ThreadPoolExecutor$Worker.run(ThreadPoolExecutor.java:628)
	... 1 more
java.util.concurrent.ExecutionException: jetbrains.exodus.ExodusException
	at java.base/java.util.concurrent.FutureTask.report(FutureTask.java:122)
	at java.base/java.util.concurrent.FutureTask.get(FutureTask.java:191)
	at jetbrains.exodus.newLogConcept.MVCC.MVCCDataStructure.commitTransaction(MVCCDataStructure.java:299)
	at site.ycsb.db.XodusClient.insert(XodusClient.java:60)
	at site.ycsb.DBWrapper.insert(DBWrapper.java:227)
	at site.ycsb.workloads.CoreWorkload.doInsert(CoreWorkload.java:621)
	at site.ycsb.ClientThread.run(ClientThread.java:135)
	at java.base/java.lang.Thread.run(Thread.java:829)
Caused by: jetbrains.exodus.ExodusException
	at jetbrains.exodus.newLogConcept.garbageCollector.OperationLogGarbageCollector.moveAndRemoveRecordsFromLog(OperationLogGarbageCollector.java:69)
	at jetbrains.exodus.newLogConcept.garbageCollector.OperationLogGarbageCollector.clean(OperationLogGarbageCollector.java:51)
	at jetbrains.exodus.newLogConcept.MVCC.MVCCDataStructure.lambda$commitTransaction$1(MVCCDataStructure.java:297)
	at java.base/java.util.concurrent.Executors$RunnableAdapter.call(Executors.java:515)
	at java.base/java.util.concurrent.FutureTask.run(FutureTask.java:264)
	at java.base/java.util.concurrent.ThreadPoolExecutor.runWorker(ThreadPoolExecutor.java:1128)
	at java.base/java.util.concurrent.ThreadPoolExecutor$Worker.run(ThreadPoolExecutor.java:628)
	... 1 more
java.util.concurrent.ExecutionException: jetbrains.exodus.ExodusException
	at java.base/java.util.concurrent.FutureTask.report(FutureTask.java:122)
	at java.base/java.util.concurrent.FutureTask.get(FutureTask.java:191)
	at jetbrains.exodus.newLogConcept.MVCC.MVCCDataStructure.commitTransaction(MVCCDataStructure.java:299)
	at site.ycsb.db.XodusClient.insert(XodusClient.java:60)
	at site.ycsb.DBWrapper.insert(DBWrapper.java:227)
	at site.ycsb.workloads.CoreWorkload.doInsert(CoreWorkload.java:621)
	at site.ycsb.ClientThread.run(ClientThread.java:135)
	at java.base/java.lang.Thread.run(Thread.java:829)
Caused by: jetbrains.exodus.ExodusException
	at jetbrains.exodus.newLogConcept.garbageCollector.OperationLogGarbageCollector.moveAndRemoveRecordsFromLog(OperationLogGarbageCollector.java:69)
	at jetbrains.exodus.newLogConcept.garbageCollector.OperationLogGarbageCollector.clean(OperationLogGarbageCollector.java:51)
	at jetbrains.exodus.newLogConcept.MVCC.MVCCDataStructure.lambda$commitTransaction$1(MVCCDataStructure.java:297)
	at java.base/java.util.concurrent.Executors$RunnableAdapter.call(Executors.java:515)
	at java.base/java.util.concurrent.FutureTask.run(FutureTask.java:264)
	at java.base/java.util.concurrent.ThreadPoolExecutor.runWorker(ThreadPoolExecutor.java:1128)
	at java.base/java.util.concurrent.ThreadPoolExecutor$Worker.run(ThreadPoolExecutor.java:628)
	... 1 more
java.util.concurrent.ExecutionException: jetbrains.exodus.ExodusException
	at java.base/java.util.concurrent.FutureTask.report(FutureTask.java:122)
	at java.base/java.util.concurrent.FutureTask.get(FutureTask.java:191)
	at jetbrains.exodus.newLogConcept.MVCC.MVCCDataStructure.commitTransaction(MVCCDataStructure.java:299)
	at site.ycsb.db.XodusClient.insert(XodusClient.java:60)
	at site.ycsb.DBWrapper.insert(DBWrapper.java:227)
	at site.ycsb.workloads.CoreWorkload.doInsert(CoreWorkload.java:621)
	at site.ycsb.ClientThread.run(ClientThread.java:135)
	at java.base/java.lang.Thread.run(Thread.java:829)
Caused by: jetbrains.exodus.ExodusException
	at jetbrains.exodus.newLogConcept.garbageCollector.OperationLogGarbageCollector.moveAndRemoveRecordsFromLog(OperationLogGarbageCollector.java:69)
	at jetbrains.exodus.newLogConcept.garbageCollector.OperationLogGarbageCollector.clean(OperationLogGarbageCollector.java:51)
	at jetbrains.exodus.newLogConcept.MVCC.MVCCDataStructure.lambda$commitTransaction$1(MVCCDataStructure.java:297)
	at java.base/java.util.concurrent.Executors$RunnableAdapter.call(Executors.java:515)
	at java.base/java.util.concurrent.FutureTask.run(FutureTask.java:264)
	at java.base/java.util.concurrent.ThreadPoolExecutor.runWorker(ThreadPoolExecutor.java:1128)
	at java.base/java.util.concurrent.ThreadPoolExecutor$Worker.run(ThreadPoolExecutor.java:628)
	... 1 more
java.util.concurrent.ExecutionException: jetbrains.exodus.ExodusException
	at java.base/java.util.concurrent.FutureTask.report(FutureTask.java:122)
	at java.base/java.util.concurrent.FutureTask.get(FutureTask.java:191)
	at jetbrains.exodus.newLogConcept.MVCC.MVCCDataStructure.commitTransaction(MVCCDataStructure.java:299)
	at site.ycsb.db.XodusClient.insert(XodusClient.java:60)
	at site.ycsb.DBWrapper.insert(DBWrapper.java:227)
	at site.ycsb.workloads.CoreWorkload.doInsert(CoreWorkload.java:621)
	at site.ycsb.ClientThread.run(ClientThread.java:135)
	at java.base/java.lang.Thread.run(Thread.java:829)
Caused by: jetbrains.exodus.ExodusException
	at jetbrains.exodus.newLogConcept.garbageCollector.OperationLogGarbageCollector.moveAndRemoveRecordsFromLog(OperationLogGarbageCollector.java:69)
	at jetbrains.exodus.newLogConcept.garbageCollector.OperationLogGarbageCollector.clean(OperationLogGarbageCollector.java:51)
	at jetbrains.exodus.newLogConcept.MVCC.MVCCDataStructure.lambda$commitTransaction$1(MVCCDataStructure.java:297)
	at java.base/java.util.concurrent.Executors$RunnableAdapter.call(Executors.java:515)
	at java.base/java.util.concurrent.FutureTask.run(FutureTask.java:264)
	at java.base/java.util.concurrent.ThreadPoolExecutor.runWorker(ThreadPoolExecutor.java:1128)
	at java.base/java.util.concurrent.ThreadPoolExecutor$Worker.run(ThreadPoolExecutor.java:628)
	... 1 more
java.util.concurrent.ExecutionException: jetbrains.exodus.ExodusException
	at java.base/java.util.concurrent.FutureTask.report(FutureTask.java:122)
	at java.base/java.util.concurrent.FutureTask.get(FutureTask.java:191)
	at jetbrains.exodus.newLogConcept.MVCC.MVCCDataStructure.commitTransaction(MVCCDataStructure.java:299)
	at site.ycsb.db.XodusClient.insert(XodusClient.java:60)
	at site.ycsb.DBWrapper.insert(DBWrapper.java:227)
	at site.ycsb.workloads.CoreWorkload.doInsert(CoreWorkload.java:621)
	at site.ycsb.ClientThread.run(ClientThread.java:135)
	at java.base/java.lang.Thread.run(Thread.java:829)
Caused by: jetbrains.exodus.ExodusException
	at jetbrains.exodus.newLogConcept.garbageCollector.OperationLogGarbageCollector.moveAndRemoveRecordsFromLog(OperationLogGarbageCollector.java:69)
	at jetbrains.exodus.newLogConcept.garbageCollector.OperationLogGarbageCollector.clean(OperationLogGarbageCollector.java:51)
	at jetbrains.exodus.newLogConcept.MVCC.MVCCDataStructure.lambda$commitTransaction$1(MVCCDataStructure.java:297)
	at java.base/java.util.concurrent.Executors$RunnableAdapter.call(Executors.java:515)
	at java.base/java.util.concurrent.FutureTask.run(FutureTask.java:264)
	at java.base/java.util.concurrent.ThreadPoolExecutor.runWorker(ThreadPoolExecutor.java:1128)
	at java.base/java.util.concurrent.ThreadPoolExecutor$Worker.run(ThreadPoolExecutor.java:628)
	... 1 more
java.util.concurrent.ExecutionException: jetbrains.exodus.ExodusException
	at java.base/java.util.concurrent.FutureTask.report(FutureTask.java:122)
	at java.base/java.util.concurrent.FutureTask.get(FutureTask.java:191)
	at jetbrains.exodus.newLogConcept.MVCC.MVCCDataStructure.commitTransaction(MVCCDataStructure.java:299)
	at site.ycsb.db.XodusClient.insert(XodusClient.java:60)
	at site.ycsb.DBWrapper.insert(DBWrapper.java:227)
	at site.ycsb.workloads.CoreWorkload.doInsert(CoreWorkload.java:621)
	at site.ycsb.ClientThread.run(ClientThread.java:135)
	at java.base/java.lang.Thread.run(Thread.java:829)
Caused by: jetbrains.exodus.ExodusException
	at jetbrains.exodus.newLogConcept.garbageCollector.OperationLogGarbageCollector.moveAndRemoveRecordsFromLog(OperationLogGarbageCollector.java:69)
	at jetbrains.exodus.newLogConcept.garbageCollector.OperationLogGarbageCollector.clean(OperationLogGarbageCollector.java:51)
	at jetbrains.exodus.newLogConcept.MVCC.MVCCDataStructure.lambda$commitTransaction$1(MVCCDataStructure.java:297)
	at java.base/java.util.concurrent.Executors$RunnableAdapter.call(Executors.java:515)
	at java.base/java.util.concurrent.FutureTask.run(FutureTask.java:264)
	at java.base/java.util.concurrent.ThreadPoolExecutor.runWorker(ThreadPoolExecutor.java:1128)
	at java.base/java.util.concurrent.ThreadPoolExecutor$Worker.run(ThreadPoolExecutor.java:628)
	... 1 more
java.util.concurrent.ExecutionException: jetbrains.exodus.ExodusException
	at java.base/java.util.concurrent.FutureTask.report(FutureTask.java:122)
	at java.base/java.util.concurrent.FutureTask.get(FutureTask.java:191)
	at jetbrains.exodus.newLogConcept.MVCC.MVCCDataStructure.commitTransaction(MVCCDataStructure.java:299)
	at site.ycsb.db.XodusClient.insert(XodusClient.java:60)
	at site.ycsb.DBWrapper.insert(DBWrapper.java:227)
	at site.ycsb.workloads.CoreWorkload.doInsert(CoreWorkload.java:621)
	at site.ycsb.ClientThread.run(ClientThread.java:135)
	at java.base/java.lang.Thread.run(Thread.java:829)
Caused by: jetbrains.exodus.ExodusException
	at jetbrains.exodus.newLogConcept.garbageCollector.OperationLogGarbageCollector.moveAndRemoveRecordsFromLog(OperationLogGarbageCollector.java:69)
	at jetbrains.exodus.newLogConcept.garbageCollector.OperationLogGarbageCollector.clean(OperationLogGarbageCollector.java:51)
	at jetbrains.exodus.newLogConcept.MVCC.MVCCDataStructure.lambda$commitTransaction$1(MVCCDataStructure.java:297)
	at java.base/java.util.concurrent.Executors$RunnableAdapter.call(Executors.java:515)
	at java.base/java.util.concurrent.FutureTask.run(FutureTask.java:264)
	at java.base/java.util.concurrent.ThreadPoolExecutor.runWorker(ThreadPoolExecutor.java:1128)
	at java.base/java.util.concurrent.ThreadPoolExecutor$Worker.run(ThreadPoolExecutor.java:628)
	... 1 more
java.util.concurrent.ExecutionException: jetbrains.exodus.ExodusException
	at java.base/java.util.concurrent.FutureTask.report(FutureTask.java:122)
	at java.base/java.util.concurrent.FutureTask.get(FutureTask.java:191)
	at jetbrains.exodus.newLogConcept.MVCC.MVCCDataStructure.commitTransaction(MVCCDataStructure.java:299)
	at site.ycsb.db.XodusClient.insert(XodusClient.java:60)
	at site.ycsb.DBWrapper.insert(DBWrapper.java:227)
	at site.ycsb.workloads.CoreWorkload.doInsert(CoreWorkload.java:621)
	at site.ycsb.ClientThread.run(ClientThread.java:135)
	at java.base/java.lang.Thread.run(Thread.java:829)
Caused by: jetbrains.exodus.ExodusException
	at jetbrains.exodus.newLogConcept.garbageCollector.OperationLogGarbageCollector.moveAndRemoveRecordsFromLog(OperationLogGarbageCollector.java:69)
	at jetbrains.exodus.newLogConcept.garbageCollector.OperationLogGarbageCollector.clean(OperationLogGarbageCollector.java:51)
	at jetbrains.exodus.newLogConcept.MVCC.MVCCDataStructure.lambda$commitTransaction$1(MVCCDataStructure.java:297)
	at java.base/java.util.concurrent.Executors$RunnableAdapter.call(Executors.java:515)
	at java.base/java.util.concurrent.FutureTask.run(FutureTask.java:264)
	at java.base/java.util.concurrent.ThreadPoolExecutor.runWorker(ThreadPoolExecutor.java:1128)
	at java.base/java.util.concurrent.ThreadPoolExecutor$Worker.run(ThreadPoolExecutor.java:628)
	... 1 more
java.util.concurrent.ExecutionException: jetbrains.exodus.ExodusException
	at java.base/java.util.concurrent.FutureTask.report(FutureTask.java:122)
	at java.base/java.util.concurrent.FutureTask.get(FutureTask.java:191)
	at jetbrains.exodus.newLogConcept.MVCC.MVCCDataStructure.commitTransaction(MVCCDataStructure.java:299)
	at site.ycsb.db.XodusClient.insert(XodusClient.java:60)
	at site.ycsb.DBWrapper.insert(DBWrapper.java:227)
	at site.ycsb.workloads.CoreWorkload.doInsert(CoreWorkload.java:621)
	at site.ycsb.ClientThread.run(ClientThread.java:135)
	at java.base/java.lang.Thread.run(Thread.java:829)
Caused by: jetbrains.exodus.ExodusException
	at jetbrains.exodus.newLogConcept.garbageCollector.OperationLogGarbageCollector.moveAndRemoveRecordsFromLog(OperationLogGarbageCollector.java:69)
	at jetbrains.exodus.newLogConcept.garbageCollector.OperationLogGarbageCollector.clean(OperationLogGarbageCollector.java:51)
	at jetbrains.exodus.newLogConcept.MVCC.MVCCDataStructure.lambda$commitTransaction$1(MVCCDataStructure.java:297)
	at java.base/java.util.concurrent.Executors$RunnableAdapter.call(Executors.java:515)
	at java.base/java.util.concurrent.FutureTask.run(FutureTask.java:264)
	at java.base/java.util.concurrent.ThreadPoolExecutor.runWorker(ThreadPoolExecutor.java:1128)
	at java.base/java.util.concurrent.ThreadPoolExecutor$Worker.run(ThreadPoolExecutor.java:628)
	... 1 more
java.util.concurrent.ExecutionException: jetbrains.exodus.ExodusException
	at java.base/java.util.concurrent.FutureTask.report(FutureTask.java:122)
	at java.base/java.util.concurrent.FutureTask.get(FutureTask.java:191)
	at jetbrains.exodus.newLogConcept.MVCC.MVCCDataStructure.commitTransaction(MVCCDataStructure.java:299)
	at site.ycsb.db.XodusClient.insert(XodusClient.java:60)
	at site.ycsb.DBWrapper.insert(DBWrapper.java:227)
	at site.ycsb.workloads.CoreWorkload.doInsert(CoreWorkload.java:621)
	at site.ycsb.ClientThread.run(ClientThread.java:135)
	at java.base/java.lang.Thread.run(Thread.java:829)
Caused by: jetbrains.exodus.ExodusException
	at jetbrains.exodus.newLogConcept.garbageCollector.OperationLogGarbageCollector.moveAndRemoveRecordsFromLog(OperationLogGarbageCollector.java:69)
	at jetbrains.exodus.newLogConcept.garbageCollector.OperationLogGarbageCollector.clean(OperationLogGarbageCollector.java:51)
	at jetbrains.exodus.newLogConcept.MVCC.MVCCDataStructure.lambda$commitTransaction$1(MVCCDataStructure.java:297)
	at java.base/java.util.concurrent.Executors$RunnableAdapter.call(Executors.java:515)
	at java.base/java.util.concurrent.FutureTask.run(FutureTask.java:264)
	at java.base/java.util.concurrent.ThreadPoolExecutor.runWorker(ThreadPoolExecutor.java:1128)
	at java.base/java.util.concurrent.ThreadPoolExecutor$Worker.run(ThreadPoolExecutor.java:628)
	... 1 more
java.util.concurrent.ExecutionException: jetbrains.exodus.ExodusException
	at java.base/java.util.concurrent.FutureTask.report(FutureTask.java:122)
	at java.base/java.util.concurrent.FutureTask.get(FutureTask.java:191)
	at jetbrains.exodus.newLogConcept.MVCC.MVCCDataStructure.commitTransaction(MVCCDataStructure.java:299)
	at site.ycsb.db.XodusClient.insert(XodusClient.java:60)
	at site.ycsb.DBWrapper.insert(DBWrapper.java:227)
	at site.ycsb.workloads.CoreWorkload.doInsert(CoreWorkload.java:621)
	at site.ycsb.ClientThread.run(ClientThread.java:135)
	at java.base/java.lang.Thread.run(Thread.java:829)
Caused by: jetbrains.exodus.ExodusException
	at jetbrains.exodus.newLogConcept.garbageCollector.OperationLogGarbageCollector.moveAndRemoveRecordsFromLog(OperationLogGarbageCollector.java:69)
	at jetbrains.exodus.newLogConcept.garbageCollector.OperationLogGarbageCollector.clean(OperationLogGarbageCollector.java:51)
	at jetbrains.exodus.newLogConcept.MVCC.MVCCDataStructure.lambda$commitTransaction$1(MVCCDataStructure.java:297)
	at java.base/java.util.concurrent.Executors$RunnableAdapter.call(Executors.java:515)
	at java.base/java.util.concurrent.FutureTask.run(FutureTask.java:264)
	at java.base/java.util.concurrent.ThreadPoolExecutor.runWorker(ThreadPoolExecutor.java:1128)
	at java.base/java.util.concurrent.ThreadPoolExecutor$Worker.run(ThreadPoolExecutor.java:628)
	... 1 more
java.util.concurrent.ExecutionException: jetbrains.exodus.ExodusException
	at java.base/java.util.concurrent.FutureTask.report(FutureTask.java:122)
	at java.base/java.util.concurrent.FutureTask.get(FutureTask.java:191)
	at jetbrains.exodus.newLogConcept.MVCC.MVCCDataStructure.commitTransaction(MVCCDataStructure.java:299)
	at site.ycsb.db.XodusClient.insert(XodusClient.java:60)
	at site.ycsb.DBWrapper.insert(DBWrapper.java:227)
	at site.ycsb.workloads.CoreWorkload.doInsert(CoreWorkload.java:621)
	at site.ycsb.ClientThread.run(ClientThread.java:135)
	at java.base/java.lang.Thread.run(Thread.java:829)
Caused by: jetbrains.exodus.ExodusException
	at jetbrains.exodus.newLogConcept.garbageCollector.OperationLogGarbageCollector.moveAndRemoveRecordsFromLog(OperationLogGarbageCollector.java:69)
	at jetbrains.exodus.newLogConcept.garbageCollector.OperationLogGarbageCollector.clean(OperationLogGarbageCollector.java:51)
	at jetbrains.exodus.newLogConcept.MVCC.MVCCDataStructure.lambda$commitTransaction$1(MVCCDataStructure.java:297)
	at java.base/java.util.concurrent.Executors$RunnableAdapter.call(Executors.java:515)
	at java.base/java.util.concurrent.FutureTask.run(FutureTask.java:264)
	at java.base/java.util.concurrent.ThreadPoolExecutor.runWorker(ThreadPoolExecutor.java:1128)
	at java.base/java.util.concurrent.ThreadPoolExecutor$Worker.run(ThreadPoolExecutor.java:628)
	... 1 more
java.util.concurrent.ExecutionException: jetbrains.exodus.ExodusException
	at java.base/java.util.concurrent.FutureTask.report(FutureTask.java:122)
	at java.base/java.util.concurrent.FutureTask.get(FutureTask.java:191)
	at jetbrains.exodus.newLogConcept.MVCC.MVCCDataStructure.commitTransaction(MVCCDataStructure.java:299)
	at site.ycsb.db.XodusClient.insert(XodusClient.java:60)
	at site.ycsb.DBWrapper.insert(DBWrapper.java:227)
	at site.ycsb.workloads.CoreWorkload.doInsert(CoreWorkload.java:621)
	at site.ycsb.ClientThread.run(ClientThread.java:135)
	at java.base/java.lang.Thread.run(Thread.java:829)
Caused by: jetbrains.exodus.ExodusException
	at jetbrains.exodus.newLogConcept.garbageCollector.OperationLogGarbageCollector.moveAndRemoveRecordsFromLog(OperationLogGarbageCollector.java:69)
	at jetbrains.exodus.newLogConcept.garbageCollector.OperationLogGarbageCollector.clean(OperationLogGarbageCollector.java:51)
	at jetbrains.exodus.newLogConcept.MVCC.MVCCDataStructure.lambda$commitTransaction$1(MVCCDataStructure.java:297)
	at java.base/java.util.concurrent.Executors$RunnableAdapter.call(Executors.java:515)
	at java.base/java.util.concurrent.FutureTask.run(FutureTask.java:264)
	at java.base/java.util.concurrent.ThreadPoolExecutor.runWorker(ThreadPoolExecutor.java:1128)
	at java.base/java.util.concurrent.ThreadPoolExecutor$Worker.run(ThreadPoolExecutor.java:628)
	... 1 more
java.util.concurrent.ExecutionException: jetbrains.exodus.ExodusException
	at java.base/java.util.concurrent.FutureTask.report(FutureTask.java:122)
	at java.base/java.util.concurrent.FutureTask.get(FutureTask.java:191)
	at jetbrains.exodus.newLogConcept.MVCC.MVCCDataStructure.commitTransaction(MVCCDataStructure.java:299)
	at site.ycsb.db.XodusClient.insert(XodusClient.java:60)
	at site.ycsb.DBWrapper.insert(DBWrapper.java:227)
	at site.ycsb.workloads.CoreWorkload.doInsert(CoreWorkload.java:621)
	at site.ycsb.ClientThread.run(ClientThread.java:135)
	at java.base/java.lang.Thread.run(Thread.java:829)
Caused by: jetbrains.exodus.ExodusException
	at jetbrains.exodus.newLogConcept.garbageCollector.OperationLogGarbageCollector.moveAndRemoveRecordsFromLog(OperationLogGarbageCollector.java:69)
	at jetbrains.exodus.newLogConcept.garbageCollector.OperationLogGarbageCollector.clean(OperationLogGarbageCollector.java:51)
	at jetbrains.exodus.newLogConcept.MVCC.MVCCDataStructure.lambda$commitTransaction$1(MVCCDataStructure.java:297)
	at java.base/java.util.concurrent.Executors$RunnableAdapter.call(Executors.java:515)
	at java.base/java.util.concurrent.FutureTask.run(FutureTask.java:264)
	at java.base/java.util.concurrent.ThreadPoolExecutor.runWorker(ThreadPoolExecutor.java:1128)
	at java.base/java.util.concurrent.ThreadPoolExecutor$Worker.run(ThreadPoolExecutor.java:628)
	... 1 more
java.util.concurrent.ExecutionException: jetbrains.exodus.ExodusException
	at java.base/java.util.concurrent.FutureTask.report(FutureTask.java:122)
	at java.base/java.util.concurrent.FutureTask.get(FutureTask.java:191)
	at jetbrains.exodus.newLogConcept.MVCC.MVCCDataStructure.commitTransaction(MVCCDataStructure.java:299)
	at site.ycsb.db.XodusClient.insert(XodusClient.java:60)
	at site.ycsb.DBWrapper.insert(DBWrapper.java:227)
	at site.ycsb.workloads.CoreWorkload.doInsert(CoreWorkload.java:621)
	at site.ycsb.ClientThread.run(ClientThread.java:135)
	at java.base/java.lang.Thread.run(Thread.java:829)
Caused by: jetbrains.exodus.ExodusException
	at jetbrains.exodus.newLogConcept.garbageCollector.OperationLogGarbageCollector.moveAndRemoveRecordsFromLog(OperationLogGarbageCollector.java:69)
	at jetbrains.exodus.newLogConcept.garbageCollector.OperationLogGarbageCollector.clean(OperationLogGarbageCollector.java:51)
	at jetbrains.exodus.newLogConcept.MVCC.MVCCDataStructure.lambda$commitTransaction$1(MVCCDataStructure.java:297)
	at java.base/java.util.concurrent.Executors$RunnableAdapter.call(Executors.java:515)
	at java.base/java.util.concurrent.FutureTask.run(FutureTask.java:264)
	at java.base/java.util.concurrent.ThreadPoolExecutor.runWorker(ThreadPoolExecutor.java:1128)
	at java.base/java.util.concurrent.ThreadPoolExecutor$Worker.run(ThreadPoolExecutor.java:628)
	... 1 more
java.util.concurrent.ExecutionException: jetbrains.exodus.ExodusException
	at java.base/java.util.concurrent.FutureTask.report(FutureTask.java:122)
	at java.base/java.util.concurrent.FutureTask.get(FutureTask.java:191)
	at jetbrains.exodus.newLogConcept.MVCC.MVCCDataStructure.commitTransaction(MVCCDataStructure.java:299)
	at site.ycsb.db.XodusClient.insert(XodusClient.java:60)
	at site.ycsb.DBWrapper.insert(DBWrapper.java:227)
	at site.ycsb.workloads.CoreWorkload.doInsert(CoreWorkload.java:621)
	at site.ycsb.ClientThread.run(ClientThread.java:135)
	at java.base/java.lang.Thread.run(Thread.java:829)
Caused by: jetbrains.exodus.ExodusException
	at jetbrains.exodus.newLogConcept.garbageCollector.OperationLogGarbageCollector.moveAndRemoveRecordsFromLog(OperationLogGarbageCollector.java:69)
	at jetbrains.exodus.newLogConcept.garbageCollector.OperationLogGarbageCollector.clean(OperationLogGarbageCollector.java:51)
	at jetbrains.exodus.newLogConcept.MVCC.MVCCDataStructure.lambda$commitTransaction$1(MVCCDataStructure.java:297)
	at java.base/java.util.concurrent.Executors$RunnableAdapter.call(Executors.java:515)
	at java.base/java.util.concurrent.FutureTask.run(FutureTask.java:264)
	at java.base/java.util.concurrent.ThreadPoolExecutor.runWorker(ThreadPoolExecutor.java:1128)
	at java.base/java.util.concurrent.ThreadPoolExecutor$Worker.run(ThreadPoolExecutor.java:628)
	... 1 more
java.util.concurrent.ExecutionException: jetbrains.exodus.ExodusException
	at java.base/java.util.concurrent.FutureTask.report(FutureTask.java:122)
	at java.base/java.util.concurrent.FutureTask.get(FutureTask.java:191)
	at jetbrains.exodus.newLogConcept.MVCC.MVCCDataStructure.commitTransaction(MVCCDataStructure.java:299)
	at site.ycsb.db.XodusClient.insert(XodusClient.java:60)
	at site.ycsb.DBWrapper.insert(DBWrapper.java:227)
	at site.ycsb.workloads.CoreWorkload.doInsert(CoreWorkload.java:621)
	at site.ycsb.ClientThread.run(ClientThread.java:135)
	at java.base/java.lang.Thread.run(Thread.java:829)
Caused by: jetbrains.exodus.ExodusException
	at jetbrains.exodus.newLogConcept.garbageCollector.OperationLogGarbageCollector.moveAndRemoveRecordsFromLog(OperationLogGarbageCollector.java:69)
	at jetbrains.exodus.newLogConcept.garbageCollector.OperationLogGarbageCollector.clean(OperationLogGarbageCollector.java:51)
	at jetbrains.exodus.newLogConcept.MVCC.MVCCDataStructure.lambda$commitTransaction$1(MVCCDataStructure.java:297)
	at java.base/java.util.concurrent.Executors$RunnableAdapter.call(Executors.java:515)
	at java.base/java.util.concurrent.FutureTask.run(FutureTask.java:264)
	at java.base/java.util.concurrent.ThreadPoolExecutor.runWorker(ThreadPoolExecutor.java:1128)
	at java.base/java.util.concurrent.ThreadPoolExecutor$Worker.run(ThreadPoolExecutor.java:628)
	... 1 more
java.util.concurrent.ExecutionException: jetbrains.exodus.ExodusException
	at java.base/java.util.concurrent.FutureTask.report(FutureTask.java:122)
	at java.base/java.util.concurrent.FutureTask.get(FutureTask.java:191)
	at jetbrains.exodus.newLogConcept.MVCC.MVCCDataStructure.commitTransaction(MVCCDataStructure.java:299)
	at site.ycsb.db.XodusClient.insert(XodusClient.java:60)
	at site.ycsb.DBWrapper.insert(DBWrapper.java:227)
	at site.ycsb.workloads.CoreWorkload.doInsert(CoreWorkload.java:621)
	at site.ycsb.ClientThread.run(ClientThread.java:135)
	at java.base/java.lang.Thread.run(Thread.java:829)
Caused by: jetbrains.exodus.ExodusException
	at jetbrains.exodus.newLogConcept.garbageCollector.OperationLogGarbageCollector.moveAndRemoveRecordsFromLog(OperationLogGarbageCollector.java:69)
	at jetbrains.exodus.newLogConcept.garbageCollector.OperationLogGarbageCollector.clean(OperationLogGarbageCollector.java:51)
	at jetbrains.exodus.newLogConcept.MVCC.MVCCDataStructure.lambda$commitTransaction$1(MVCCDataStructure.java:297)
	at java.base/java.util.concurrent.Executors$RunnableAdapter.call(Executors.java:515)
	at java.base/java.util.concurrent.FutureTask.run(FutureTask.java:264)
	at java.base/java.util.concurrent.ThreadPoolExecutor.runWorker(ThreadPoolExecutor.java:1128)
	at java.base/java.util.concurrent.ThreadPoolExecutor$Worker.run(ThreadPoolExecutor.java:628)
	... 1 more
java.util.concurrent.ExecutionException: jetbrains.exodus.ExodusException
	at java.base/java.util.concurrent.FutureTask.report(FutureTask.java:122)
	at java.base/java.util.concurrent.FutureTask.get(FutureTask.java:191)
	at jetbrains.exodus.newLogConcept.MVCC.MVCCDataStructure.commitTransaction(MVCCDataStructure.java:299)
	at site.ycsb.db.XodusClient.insert(XodusClient.java:60)
	at site.ycsb.DBWrapper.insert(DBWrapper.java:227)
	at site.ycsb.workloads.CoreWorkload.doInsert(CoreWorkload.java:621)
	at site.ycsb.ClientThread.run(ClientThread.java:135)
	at java.base/java.lang.Thread.run(Thread.java:829)
Caused by: jetbrains.exodus.ExodusException
	at jetbrains.exodus.newLogConcept.garbageCollector.OperationLogGarbageCollector.moveAndRemoveRecordsFromLog(OperationLogGarbageCollector.java:69)
	at jetbrains.exodus.newLogConcept.garbageCollector.OperationLogGarbageCollector.clean(OperationLogGarbageCollector.java:51)
	at jetbrains.exodus.newLogConcept.MVCC.MVCCDataStructure.lambda$commitTransaction$1(MVCCDataStructure.java:297)
	at java.base/java.util.concurrent.Executors$RunnableAdapter.call(Executors.java:515)
	at java.base/java.util.concurrent.FutureTask.run(FutureTask.java:264)
	at java.base/java.util.concurrent.ThreadPoolExecutor.runWorker(ThreadPoolExecutor.java:1128)
	at java.base/java.util.concurrent.ThreadPoolExecutor$Worker.run(ThreadPoolExecutor.java:628)
	... 1 more
java.util.concurrent.ExecutionException: jetbrains.exodus.ExodusException
	at java.base/java.util.concurrent.FutureTask.report(FutureTask.java:122)
	at java.base/java.util.concurrent.FutureTask.get(FutureTask.java:191)
	at jetbrains.exodus.newLogConcept.MVCC.MVCCDataStructure.commitTransaction(MVCCDataStructure.java:299)
	at site.ycsb.db.XodusClient.insert(XodusClient.java:60)
	at site.ycsb.DBWrapper.insert(DBWrapper.java:227)
	at site.ycsb.workloads.CoreWorkload.doInsert(CoreWorkload.java:621)
	at site.ycsb.ClientThread.run(ClientThread.java:135)
	at java.base/java.lang.Thread.run(Thread.java:829)
Caused by: jetbrains.exodus.ExodusException
	at jetbrains.exodus.newLogConcept.garbageCollector.OperationLogGarbageCollector.moveAndRemoveRecordsFromLog(OperationLogGarbageCollector.java:69)
	at jetbrains.exodus.newLogConcept.garbageCollector.OperationLogGarbageCollector.clean(OperationLogGarbageCollector.java:51)
	at jetbrains.exodus.newLogConcept.MVCC.MVCCDataStructure.lambda$commitTransaction$1(MVCCDataStructure.java:297)
	at java.base/java.util.concurrent.Executors$RunnableAdapter.call(Executors.java:515)
	at java.base/java.util.concurrent.FutureTask.run(FutureTask.java:264)
	at java.base/java.util.concurrent.ThreadPoolExecutor.runWorker(ThreadPoolExecutor.java:1128)
	at java.base/java.util.concurrent.ThreadPoolExecutor$Worker.run(ThreadPoolExecutor.java:628)
	... 1 more
java.util.concurrent.ExecutionException: jetbrains.exodus.ExodusException
	at java.base/java.util.concurrent.FutureTask.report(FutureTask.java:122)
	at java.base/java.util.concurrent.FutureTask.get(FutureTask.java:191)
	at jetbrains.exodus.newLogConcept.MVCC.MVCCDataStructure.commitTransaction(MVCCDataStructure.java:299)
	at site.ycsb.db.XodusClient.insert(XodusClient.java:60)
	at site.ycsb.DBWrapper.insert(DBWrapper.java:227)
	at site.ycsb.workloads.CoreWorkload.doInsert(CoreWorkload.java:621)
	at site.ycsb.ClientThread.run(ClientThread.java:135)
	at java.base/java.lang.Thread.run(Thread.java:829)
Caused by: jetbrains.exodus.ExodusException
	at jetbrains.exodus.newLogConcept.garbageCollector.OperationLogGarbageCollector.moveAndRemoveRecordsFromLog(OperationLogGarbageCollector.java:69)
	at jetbrains.exodus.newLogConcept.garbageCollector.OperationLogGarbageCollector.clean(OperationLogGarbageCollector.java:51)
	at jetbrains.exodus.newLogConcept.MVCC.MVCCDataStructure.lambda$commitTransaction$1(MVCCDataStructure.java:297)
	at java.base/java.util.concurrent.Executors$RunnableAdapter.call(Executors.java:515)
	at java.base/java.util.concurrent.FutureTask.run(FutureTask.java:264)
	at java.base/java.util.concurrent.ThreadPoolExecutor.runWorker(ThreadPoolExecutor.java:1128)
	at java.base/java.util.concurrent.ThreadPoolExecutor$Worker.run(ThreadPoolExecutor.java:628)
	... 1 more
java.util.concurrent.ExecutionException: jetbrains.exodus.ExodusException
	at java.base/java.util.concurrent.FutureTask.report(FutureTask.java:122)
	at java.base/java.util.concurrent.FutureTask.get(FutureTask.java:191)
	at jetbrains.exodus.newLogConcept.MVCC.MVCCDataStructure.commitTransaction(MVCCDataStructure.java:299)
	at site.ycsb.db.XodusClient.insert(XodusClient.java:60)
	at site.ycsb.DBWrapper.insert(DBWrapper.java:227)
	at site.ycsb.workloads.CoreWorkload.doInsert(CoreWorkload.java:621)
	at site.ycsb.ClientThread.run(ClientThread.java:135)
	at java.base/java.lang.Thread.run(Thread.java:829)
Caused by: jetbrains.exodus.ExodusException
	at jetbrains.exodus.newLogConcept.garbageCollector.OperationLogGarbageCollector.moveAndRemoveRecordsFromLog(OperationLogGarbageCollector.java:69)
	at jetbrains.exodus.newLogConcept.garbageCollector.OperationLogGarbageCollector.clean(OperationLogGarbageCollector.java:51)
	at jetbrains.exodus.newLogConcept.MVCC.MVCCDataStructure.lambda$commitTransaction$1(MVCCDataStructure.java:297)
	at java.base/java.util.concurrent.Executors$RunnableAdapter.call(Executors.java:515)
	at java.base/java.util.concurrent.FutureTask.run(FutureTask.java:264)
	at java.base/java.util.concurrent.ThreadPoolExecutor.runWorker(ThreadPoolExecutor.java:1128)
	at java.base/java.util.concurrent.ThreadPoolExecutor$Worker.run(ThreadPoolExecutor.java:628)
	... 1 more
java.util.concurrent.ExecutionException: jetbrains.exodus.ExodusException
	at java.base/java.util.concurrent.FutureTask.report(FutureTask.java:122)
	at java.base/java.util.concurrent.FutureTask.get(FutureTask.java:191)
	at jetbrains.exodus.newLogConcept.MVCC.MVCCDataStructure.commitTransaction(MVCCDataStructure.java:299)
	at site.ycsb.db.XodusClient.insert(XodusClient.java:60)
	at site.ycsb.DBWrapper.insert(DBWrapper.java:227)
	at site.ycsb.workloads.CoreWorkload.doInsert(CoreWorkload.java:621)
	at site.ycsb.ClientThread.run(ClientThread.java:135)
	at java.base/java.lang.Thread.run(Thread.java:829)
Caused by: jetbrains.exodus.ExodusException
	at jetbrains.exodus.newLogConcept.garbageCollector.OperationLogGarbageCollector.moveAndRemoveRecordsFromLog(OperationLogGarbageCollector.java:69)
	at jetbrains.exodus.newLogConcept.garbageCollector.OperationLogGarbageCollector.clean(OperationLogGarbageCollector.java:51)
	at jetbrains.exodus.newLogConcept.MVCC.MVCCDataStructure.lambda$commitTransaction$1(MVCCDataStructure.java:297)
	at java.base/java.util.concurrent.Executors$RunnableAdapter.call(Executors.java:515)
	at java.base/java.util.concurrent.FutureTask.run(FutureTask.java:264)
	at java.base/java.util.concurrent.ThreadPoolExecutor.runWorker(ThreadPoolExecutor.java:1128)
	at java.base/java.util.concurrent.ThreadPoolExecutor$Worker.run(ThreadPoolExecutor.java:628)
	... 1 more
java.util.concurrent.ExecutionException: jetbrains.exodus.ExodusException
	at java.base/java.util.concurrent.FutureTask.report(FutureTask.java:122)
	at java.base/java.util.concurrent.FutureTask.get(FutureTask.java:191)
	at jetbrains.exodus.newLogConcept.MVCC.MVCCDataStructure.commitTransaction(MVCCDataStructure.java:299)
	at site.ycsb.db.XodusClient.insert(XodusClient.java:60)
	at site.ycsb.DBWrapper.insert(DBWrapper.java:227)
	at site.ycsb.workloads.CoreWorkload.doInsert(CoreWorkload.java:621)
	at site.ycsb.ClientThread.run(ClientThread.java:135)
	at java.base/java.lang.Thread.run(Thread.java:829)
Caused by: jetbrains.exodus.ExodusException
	at jetbrains.exodus.newLogConcept.garbageCollector.OperationLogGarbageCollector.moveAndRemoveRecordsFromLog(OperationLogGarbageCollector.java:69)
	at jetbrains.exodus.newLogConcept.garbageCollector.OperationLogGarbageCollector.clean(OperationLogGarbageCollector.java:51)
	at jetbrains.exodus.newLogConcept.MVCC.MVCCDataStructure.lambda$commitTransaction$1(MVCCDataStructure.java:297)
	at java.base/java.util.concurrent.Executors$RunnableAdapter.call(Executors.java:515)
	at java.base/java.util.concurrent.FutureTask.run(FutureTask.java:264)
	at java.base/java.util.concurrent.ThreadPoolExecutor.runWorker(ThreadPoolExecutor.java:1128)
	at java.base/java.util.concurrent.ThreadPoolExecutor$Worker.run(ThreadPoolExecutor.java:628)
	... 1 more
java.util.concurrent.ExecutionException: jetbrains.exodus.ExodusException
	at java.base/java.util.concurrent.FutureTask.report(FutureTask.java:122)
	at java.base/java.util.concurrent.FutureTask.get(FutureTask.java:191)
	at jetbrains.exodus.newLogConcept.MVCC.MVCCDataStructure.commitTransaction(MVCCDataStructure.java:299)
	at site.ycsb.db.XodusClient.insert(XodusClient.java:60)
	at site.ycsb.DBWrapper.insert(DBWrapper.java:227)
	at site.ycsb.workloads.CoreWorkload.doInsert(CoreWorkload.java:621)
	at site.ycsb.ClientThread.run(ClientThread.java:135)
	at java.base/java.lang.Thread.run(Thread.java:829)
Caused by: jetbrains.exodus.ExodusException
	at jetbrains.exodus.newLogConcept.garbageCollector.OperationLogGarbageCollector.moveAndRemoveRecordsFromLog(OperationLogGarbageCollector.java:69)
	at jetbrains.exodus.newLogConcept.garbageCollector.OperationLogGarbageCollector.clean(OperationLogGarbageCollector.java:51)
	at jetbrains.exodus.newLogConcept.MVCC.MVCCDataStructure.lambda$commitTransaction$1(MVCCDataStructure.java:297)
	at java.base/java.util.concurrent.Executors$RunnableAdapter.call(Executors.java:515)
	at java.base/java.util.concurrent.FutureTask.run(FutureTask.java:264)
	at java.base/java.util.concurrent.ThreadPoolExecutor.runWorker(ThreadPoolExecutor.java:1128)
	at java.base/java.util.concurrent.ThreadPoolExecutor$Worker.run(ThreadPoolExecutor.java:628)
	... 1 more
java.util.concurrent.ExecutionException: jetbrains.exodus.ExodusException
	at java.base/java.util.concurrent.FutureTask.report(FutureTask.java:122)
	at java.base/java.util.concurrent.FutureTask.get(FutureTask.java:191)
	at jetbrains.exodus.newLogConcept.MVCC.MVCCDataStructure.commitTransaction(MVCCDataStructure.java:299)
	at site.ycsb.db.XodusClient.insert(XodusClient.java:60)
	at site.ycsb.DBWrapper.insert(DBWrapper.java:227)
	at site.ycsb.workloads.CoreWorkload.doInsert(CoreWorkload.java:621)
	at site.ycsb.ClientThread.run(ClientThread.java:135)
	at java.base/java.lang.Thread.run(Thread.java:829)
Caused by: jetbrains.exodus.ExodusException
	at jetbrains.exodus.newLogConcept.garbageCollector.OperationLogGarbageCollector.moveAndRemoveRecordsFromLog(OperationLogGarbageCollector.java:69)
	at jetbrains.exodus.newLogConcept.garbageCollector.OperationLogGarbageCollector.clean(OperationLogGarbageCollector.java:51)
	at jetbrains.exodus.newLogConcept.MVCC.MVCCDataStructure.lambda$commitTransaction$1(MVCCDataStructure.java:297)
	at java.base/java.util.concurrent.Executors$RunnableAdapter.call(Executors.java:515)
	at java.base/java.util.concurrent.FutureTask.run(FutureTask.java:264)
	at java.base/java.util.concurrent.ThreadPoolExecutor.runWorker(ThreadPoolExecutor.java:1128)
	at java.base/java.util.concurrent.ThreadPoolExecutor$Worker.run(ThreadPoolExecutor.java:628)
	... 1 more
java.util.concurrent.ExecutionException: jetbrains.exodus.ExodusException
	at java.base/java.util.concurrent.FutureTask.report(FutureTask.java:122)
	at java.base/java.util.concurrent.FutureTask.get(FutureTask.java:191)
	at jetbrains.exodus.newLogConcept.MVCC.MVCCDataStructure.commitTransaction(MVCCDataStructure.java:299)
	at site.ycsb.db.XodusClient.insert(XodusClient.java:60)
	at site.ycsb.DBWrapper.insert(DBWrapper.java:227)
	at site.ycsb.workloads.CoreWorkload.doInsert(CoreWorkload.java:621)
	at site.ycsb.ClientThread.run(ClientThread.java:135)
	at java.base/java.lang.Thread.run(Thread.java:829)
Caused by: jetbrains.exodus.ExodusException
	at jetbrains.exodus.newLogConcept.garbageCollector.OperationLogGarbageCollector.moveAndRemoveRecordsFromLog(OperationLogGarbageCollector.java:69)
	at jetbrains.exodus.newLogConcept.garbageCollector.OperationLogGarbageCollector.clean(OperationLogGarbageCollector.java:51)
	at jetbrains.exodus.newLogConcept.MVCC.MVCCDataStructure.lambda$commitTransaction$1(MVCCDataStructure.java:297)
	at java.base/java.util.concurrent.Executors$RunnableAdapter.call(Executors.java:515)
	at java.base/java.util.concurrent.FutureTask.run(FutureTask.java:264)
	at java.base/java.util.concurrent.ThreadPoolExecutor.runWorker(ThreadPoolExecutor.java:1128)
	at java.base/java.util.concurrent.ThreadPoolExecutor$Worker.run(ThreadPoolExecutor.java:628)
	... 1 more
java.util.concurrent.ExecutionException: jetbrains.exodus.ExodusException
	at java.base/java.util.concurrent.FutureTask.report(FutureTask.java:122)
	at java.base/java.util.concurrent.FutureTask.get(FutureTask.java:191)
	at jetbrains.exodus.newLogConcept.MVCC.MVCCDataStructure.commitTransaction(MVCCDataStructure.java:299)
	at site.ycsb.db.XodusClient.insert(XodusClient.java:60)
	at site.ycsb.DBWrapper.insert(DBWrapper.java:227)
	at site.ycsb.workloads.CoreWorkload.doInsert(CoreWorkload.java:621)
	at site.ycsb.ClientThread.run(ClientThread.java:135)
	at java.base/java.lang.Thread.run(Thread.java:829)
Caused by: jetbrains.exodus.ExodusException
	at jetbrains.exodus.newLogConcept.garbageCollector.OperationLogGarbageCollector.moveAndRemoveRecordsFromLog(OperationLogGarbageCollector.java:69)
	at jetbrains.exodus.newLogConcept.garbageCollector.OperationLogGarbageCollector.clean(OperationLogGarbageCollector.java:51)
	at jetbrains.exodus.newLogConcept.MVCC.MVCCDataStructure.lambda$commitTransaction$1(MVCCDataStructure.java:297)
	at java.base/java.util.concurrent.Executors$RunnableAdapter.call(Executors.java:515)
	at java.base/java.util.concurrent.FutureTask.run(FutureTask.java:264)
	at java.base/java.util.concurrent.ThreadPoolExecutor.runWorker(ThreadPoolExecutor.java:1128)
	at java.base/java.util.concurrent.ThreadPoolExecutor$Worker.run(ThreadPoolExecutor.java:628)
	... 1 more
java.util.concurrent.ExecutionException: jetbrains.exodus.ExodusException
	at java.base/java.util.concurrent.FutureTask.report(FutureTask.java:122)
	at java.base/java.util.concurrent.FutureTask.get(FutureTask.java:191)
	at jetbrains.exodus.newLogConcept.MVCC.MVCCDataStructure.commitTransaction(MVCCDataStructure.java:299)
	at site.ycsb.db.XodusClient.insert(XodusClient.java:60)
	at site.ycsb.DBWrapper.insert(DBWrapper.java:227)
	at site.ycsb.workloads.CoreWorkload.doInsert(CoreWorkload.java:621)
	at site.ycsb.ClientThread.run(ClientThread.java:135)
	at java.base/java.lang.Thread.run(Thread.java:829)
Caused by: jetbrains.exodus.ExodusException
	at jetbrains.exodus.newLogConcept.garbageCollector.OperationLogGarbageCollector.moveAndRemoveRecordsFromLog(OperationLogGarbageCollector.java:69)
	at jetbrains.exodus.newLogConcept.garbageCollector.OperationLogGarbageCollector.clean(OperationLogGarbageCollector.java:51)
	at jetbrains.exodus.newLogConcept.MVCC.MVCCDataStructure.lambda$commitTransaction$1(MVCCDataStructure.java:297)
	at java.base/java.util.concurrent.Executors$RunnableAdapter.call(Executors.java:515)
	at java.base/java.util.concurrent.FutureTask.run(FutureTask.java:264)
	at java.base/java.util.concurrent.ThreadPoolExecutor.runWorker(ThreadPoolExecutor.java:1128)
	at java.base/java.util.concurrent.ThreadPoolExecutor$Worker.run(ThreadPoolExecutor.java:628)
	... 1 more
java.util.concurrent.ExecutionException: jetbrains.exodus.ExodusException
	at java.base/java.util.concurrent.FutureTask.report(FutureTask.java:122)
	at java.base/java.util.concurrent.FutureTask.get(FutureTask.java:191)
	at jetbrains.exodus.newLogConcept.MVCC.MVCCDataStructure.commitTransaction(MVCCDataStructure.java:299)
	at site.ycsb.db.XodusClient.insert(XodusClient.java:60)
	at site.ycsb.DBWrapper.insert(DBWrapper.java:227)
	at site.ycsb.workloads.CoreWorkload.doInsert(CoreWorkload.java:621)
	at site.ycsb.ClientThread.run(ClientThread.java:135)
	at java.base/java.lang.Thread.run(Thread.java:829)
Caused by: jetbrains.exodus.ExodusException
	at jetbrains.exodus.newLogConcept.garbageCollector.OperationLogGarbageCollector.moveAndRemoveRecordsFromLog(OperationLogGarbageCollector.java:69)
	at jetbrains.exodus.newLogConcept.garbageCollector.OperationLogGarbageCollector.clean(OperationLogGarbageCollector.java:51)
	at jetbrains.exodus.newLogConcept.MVCC.MVCCDataStructure.lambda$commitTransaction$1(MVCCDataStructure.java:297)
	at java.base/java.util.concurrent.Executors$RunnableAdapter.call(Executors.java:515)
	at java.base/java.util.concurrent.FutureTask.run(FutureTask.java:264)
	at java.base/java.util.concurrent.ThreadPoolExecutor.runWorker(ThreadPoolExecutor.java:1128)
	at java.base/java.util.concurrent.ThreadPoolExecutor$Worker.run(ThreadPoolExecutor.java:628)
	... 1 more
java.util.concurrent.ExecutionException: jetbrains.exodus.ExodusException
	at java.base/java.util.concurrent.FutureTask.report(FutureTask.java:122)
	at java.base/java.util.concurrent.FutureTask.get(FutureTask.java:191)
	at jetbrains.exodus.newLogConcept.MVCC.MVCCDataStructure.commitTransaction(MVCCDataStructure.java:299)
	at site.ycsb.db.XodusClient.insert(XodusClient.java:60)
	at site.ycsb.DBWrapper.insert(DBWrapper.java:227)
	at site.ycsb.workloads.CoreWorkload.doInsert(CoreWorkload.java:621)
	at site.ycsb.ClientThread.run(ClientThread.java:135)
	at java.base/java.lang.Thread.run(Thread.java:829)
Caused by: jetbrains.exodus.ExodusException
	at jetbrains.exodus.newLogConcept.garbageCollector.OperationLogGarbageCollector.moveAndRemoveRecordsFromLog(OperationLogGarbageCollector.java:69)
	at jetbrains.exodus.newLogConcept.garbageCollector.OperationLogGarbageCollector.clean(OperationLogGarbageCollector.java:51)
	at jetbrains.exodus.newLogConcept.MVCC.MVCCDataStructure.lambda$commitTransaction$1(MVCCDataStructure.java:297)
	at java.base/java.util.concurrent.Executors$RunnableAdapter.call(Executors.java:515)
	at java.base/java.util.concurrent.FutureTask.run(FutureTask.java:264)
	at java.base/java.util.concurrent.ThreadPoolExecutor.runWorker(ThreadPoolExecutor.java:1128)
	at java.base/java.util.concurrent.ThreadPoolExecutor$Worker.run(ThreadPoolExecutor.java:628)
	... 1 more
java.util.concurrent.ExecutionException: jetbrains.exodus.ExodusException
	at java.base/java.util.concurrent.FutureTask.report(FutureTask.java:122)
	at java.base/java.util.concurrent.FutureTask.get(FutureTask.java:191)
	at jetbrains.exodus.newLogConcept.MVCC.MVCCDataStructure.commitTransaction(MVCCDataStructure.java:299)
	at site.ycsb.db.XodusClient.insert(XodusClient.java:60)
	at site.ycsb.DBWrapper.insert(DBWrapper.java:227)
	at site.ycsb.workloads.CoreWorkload.doInsert(CoreWorkload.java:621)
	at site.ycsb.ClientThread.run(ClientThread.java:135)
	at java.base/java.lang.Thread.run(Thread.java:829)
Caused by: jetbrains.exodus.ExodusException
	at jetbrains.exodus.newLogConcept.garbageCollector.OperationLogGarbageCollector.moveAndRemoveRecordsFromLog(OperationLogGarbageCollector.java:69)
	at jetbrains.exodus.newLogConcept.garbageCollector.OperationLogGarbageCollector.clean(OperationLogGarbageCollector.java:51)
	at jetbrains.exodus.newLogConcept.MVCC.MVCCDataStructure.lambda$commitTransaction$1(MVCCDataStructure.java:297)
	at java.base/java.util.concurrent.Executors$RunnableAdapter.call(Executors.java:515)
	at java.base/java.util.concurrent.FutureTask.run(FutureTask.java:264)
	at java.base/java.util.concurrent.ThreadPoolExecutor.runWorker(ThreadPoolExecutor.java:1128)
	at java.base/java.util.concurrent.ThreadPoolExecutor$Worker.run(ThreadPoolExecutor.java:628)
	... 1 more
java.util.concurrent.ExecutionException: jetbrains.exodus.ExodusException
	at java.base/java.util.concurrent.FutureTask.report(FutureTask.java:122)
	at java.base/java.util.concurrent.FutureTask.get(FutureTask.java:191)
	at jetbrains.exodus.newLogConcept.MVCC.MVCCDataStructure.commitTransaction(MVCCDataStructure.java:299)
	at site.ycsb.db.XodusClient.insert(XodusClient.java:60)
	at site.ycsb.DBWrapper.insert(DBWrapper.java:227)
	at site.ycsb.workloads.CoreWorkload.doInsert(CoreWorkload.java:621)
	at site.ycsb.ClientThread.run(ClientThread.java:135)
	at java.base/java.lang.Thread.run(Thread.java:829)
Caused by: jetbrains.exodus.ExodusException
	at jetbrains.exodus.newLogConcept.garbageCollector.OperationLogGarbageCollector.moveAndRemoveRecordsFromLog(OperationLogGarbageCollector.java:69)
	at jetbrains.exodus.newLogConcept.garbageCollector.OperationLogGarbageCollector.clean(OperationLogGarbageCollector.java:51)
	at jetbrains.exodus.newLogConcept.MVCC.MVCCDataStructure.lambda$commitTransaction$1(MVCCDataStructure.java:297)
	at java.base/java.util.concurrent.Executors$RunnableAdapter.call(Executors.java:515)
	at java.base/java.util.concurrent.FutureTask.run(FutureTask.java:264)
	at java.base/java.util.concurrent.ThreadPoolExecutor.runWorker(ThreadPoolExecutor.java:1128)
	at java.base/java.util.concurrent.ThreadPoolExecutor$Worker.run(ThreadPoolExecutor.java:628)
	... 1 more
java.util.concurrent.ExecutionException: jetbrains.exodus.ExodusException
	at java.base/java.util.concurrent.FutureTask.report(FutureTask.java:122)
	at java.base/java.util.concurrent.FutureTask.get(FutureTask.java:191)
	at jetbrains.exodus.newLogConcept.MVCC.MVCCDataStructure.commitTransaction(MVCCDataStructure.java:299)
	at site.ycsb.db.XodusClient.insert(XodusClient.java:60)
	at site.ycsb.DBWrapper.insert(DBWrapper.java:227)
	at site.ycsb.workloads.CoreWorkload.doInsert(CoreWorkload.java:621)
	at site.ycsb.ClientThread.run(ClientThread.java:135)
	at java.base/java.lang.Thread.run(Thread.java:829)
Caused by: jetbrains.exodus.ExodusException
	at jetbrains.exodus.newLogConcept.garbageCollector.OperationLogGarbageCollector.moveAndRemoveRecordsFromLog(OperationLogGarbageCollector.java:69)
	at jetbrains.exodus.newLogConcept.garbageCollector.OperationLogGarbageCollector.clean(OperationLogGarbageCollector.java:51)
	at jetbrains.exodus.newLogConcept.MVCC.MVCCDataStructure.lambda$commitTransaction$1(MVCCDataStructure.java:297)
	at java.base/java.util.concurrent.Executors$RunnableAdapter.call(Executors.java:515)
	at java.base/java.util.concurrent.FutureTask.run(FutureTask.java:264)
	at java.base/java.util.concurrent.ThreadPoolExecutor.runWorker(ThreadPoolExecutor.java:1128)
	at java.base/java.util.concurrent.ThreadPoolExecutor$Worker.run(ThreadPoolExecutor.java:628)
	... 1 more
java.util.concurrent.ExecutionException: jetbrains.exodus.ExodusException
	at java.base/java.util.concurrent.FutureTask.report(FutureTask.java:122)
	at java.base/java.util.concurrent.FutureTask.get(FutureTask.java:191)
	at jetbrains.exodus.newLogConcept.MVCC.MVCCDataStructure.commitTransaction(MVCCDataStructure.java:299)
	at site.ycsb.db.XodusClient.insert(XodusClient.java:60)
	at site.ycsb.DBWrapper.insert(DBWrapper.java:227)
	at site.ycsb.workloads.CoreWorkload.doInsert(CoreWorkload.java:621)
	at site.ycsb.ClientThread.run(ClientThread.java:135)
	at java.base/java.lang.Thread.run(Thread.java:829)
Caused by: jetbrains.exodus.ExodusException
	at jetbrains.exodus.newLogConcept.garbageCollector.OperationLogGarbageCollector.moveAndRemoveRecordsFromLog(OperationLogGarbageCollector.java:69)
	at jetbrains.exodus.newLogConcept.garbageCollector.OperationLogGarbageCollector.clean(OperationLogGarbageCollector.java:51)
	at jetbrains.exodus.newLogConcept.MVCC.MVCCDataStructure.lambda$commitTransaction$1(MVCCDataStructure.java:297)
	at java.base/java.util.concurrent.Executors$RunnableAdapter.call(Executors.java:515)
	at java.base/java.util.concurrent.FutureTask.run(FutureTask.java:264)
	at java.base/java.util.concurrent.ThreadPoolExecutor.runWorker(ThreadPoolExecutor.java:1128)
	at java.base/java.util.concurrent.ThreadPoolExecutor$Worker.run(ThreadPoolExecutor.java:628)
	... 1 more
java.util.concurrent.ExecutionException: jetbrains.exodus.ExodusException
	at java.base/java.util.concurrent.FutureTask.report(FutureTask.java:122)
	at java.base/java.util.concurrent.FutureTask.get(FutureTask.java:191)
	at jetbrains.exodus.newLogConcept.MVCC.MVCCDataStructure.commitTransaction(MVCCDataStructure.java:299)
	at site.ycsb.db.XodusClient.insert(XodusClient.java:60)
	at site.ycsb.DBWrapper.insert(DBWrapper.java:227)
	at site.ycsb.workloads.CoreWorkload.doInsert(CoreWorkload.java:621)
	at site.ycsb.ClientThread.run(ClientThread.java:135)
	at java.base/java.lang.Thread.run(Thread.java:829)
Caused by: jetbrains.exodus.ExodusException
	at jetbrains.exodus.newLogConcept.garbageCollector.OperationLogGarbageCollector.moveAndRemoveRecordsFromLog(OperationLogGarbageCollector.java:69)
	at jetbrains.exodus.newLogConcept.garbageCollector.OperationLogGarbageCollector.clean(OperationLogGarbageCollector.java:51)
	at jetbrains.exodus.newLogConcept.MVCC.MVCCDataStructure.lambda$commitTransaction$1(MVCCDataStructure.java:297)
	at java.base/java.util.concurrent.Executors$RunnableAdapter.call(Executors.java:515)
	at java.base/java.util.concurrent.FutureTask.run(FutureTask.java:264)
	at java.base/java.util.concurrent.ThreadPoolExecutor.runWorker(ThreadPoolExecutor.java:1128)
	at java.base/java.util.concurrent.ThreadPoolExecutor$Worker.run(ThreadPoolExecutor.java:628)
	... 1 more
java.util.concurrent.ExecutionException: jetbrains.exodus.ExodusException
	at java.base/java.util.concurrent.FutureTask.report(FutureTask.java:122)
	at java.base/java.util.concurrent.FutureTask.get(FutureTask.java:191)
	at jetbrains.exodus.newLogConcept.MVCC.MVCCDataStructure.commitTransaction(MVCCDataStructure.java:299)
	at site.ycsb.db.XodusClient.insert(XodusClient.java:60)
	at site.ycsb.DBWrapper.insert(DBWrapper.java:227)
	at site.ycsb.workloads.CoreWorkload.doInsert(CoreWorkload.java:621)
	at site.ycsb.ClientThread.run(ClientThread.java:135)
	at java.base/java.lang.Thread.run(Thread.java:829)
Caused by: jetbrains.exodus.ExodusException
	at jetbrains.exodus.newLogConcept.garbageCollector.OperationLogGarbageCollector.moveAndRemoveRecordsFromLog(OperationLogGarbageCollector.java:69)
	at jetbrains.exodus.newLogConcept.garbageCollector.OperationLogGarbageCollector.clean(OperationLogGarbageCollector.java:51)
	at jetbrains.exodus.newLogConcept.MVCC.MVCCDataStructure.lambda$commitTransaction$1(MVCCDataStructure.java:297)
	at java.base/java.util.concurrent.Executors$RunnableAdapter.call(Executors.java:515)
	at java.base/java.util.concurrent.FutureTask.run(FutureTask.java:264)
	at java.base/java.util.concurrent.ThreadPoolExecutor.runWorker(ThreadPoolExecutor.java:1128)
	at java.base/java.util.concurrent.ThreadPoolExecutor$Worker.run(ThreadPoolExecutor.java:628)
	... 1 more
java.util.concurrent.ExecutionException: jetbrains.exodus.ExodusException
	at java.base/java.util.concurrent.FutureTask.report(FutureTask.java:122)
	at java.base/java.util.concurrent.FutureTask.get(FutureTask.java:191)
	at jetbrains.exodus.newLogConcept.MVCC.MVCCDataStructure.commitTransaction(MVCCDataStructure.java:299)
	at site.ycsb.db.XodusClient.insert(XodusClient.java:60)
	at site.ycsb.DBWrapper.insert(DBWrapper.java:227)
	at site.ycsb.workloads.CoreWorkload.doInsert(CoreWorkload.java:621)
	at site.ycsb.ClientThread.run(ClientThread.java:135)
	at java.base/java.lang.Thread.run(Thread.java:829)
Caused by: jetbrains.exodus.ExodusException
	at jetbrains.exodus.newLogConcept.garbageCollector.OperationLogGarbageCollector.moveAndRemoveRecordsFromLog(OperationLogGarbageCollector.java:69)
	at jetbrains.exodus.newLogConcept.garbageCollector.OperationLogGarbageCollector.clean(OperationLogGarbageCollector.java:51)
	at jetbrains.exodus.newLogConcept.MVCC.MVCCDataStructure.lambda$commitTransaction$1(MVCCDataStructure.java:297)
	at java.base/java.util.concurrent.Executors$RunnableAdapter.call(Executors.java:515)
	at java.base/java.util.concurrent.FutureTask.run(FutureTask.java:264)
	at java.base/java.util.concurrent.ThreadPoolExecutor.runWorker(ThreadPoolExecutor.java:1128)
	at java.base/java.util.concurrent.ThreadPoolExecutor$Worker.run(ThreadPoolExecutor.java:628)
	... 1 more
java.util.concurrent.ExecutionException: jetbrains.exodus.ExodusException
	at java.base/java.util.concurrent.FutureTask.report(FutureTask.java:122)
	at java.base/java.util.concurrent.FutureTask.get(FutureTask.java:191)
	at jetbrains.exodus.newLogConcept.MVCC.MVCCDataStructure.commitTransaction(MVCCDataStructure.java:299)
	at site.ycsb.db.XodusClient.insert(XodusClient.java:60)
	at site.ycsb.DBWrapper.insert(DBWrapper.java:227)
	at site.ycsb.workloads.CoreWorkload.doInsert(CoreWorkload.java:621)
	at site.ycsb.ClientThread.run(ClientThread.java:135)
	at java.base/java.lang.Thread.run(Thread.java:829)
Caused by: jetbrains.exodus.ExodusException
	at jetbrains.exodus.newLogConcept.garbageCollector.OperationLogGarbageCollector.moveAndRemoveRecordsFromLog(OperationLogGarbageCollector.java:69)
	at jetbrains.exodus.newLogConcept.garbageCollector.OperationLogGarbageCollector.clean(OperationLogGarbageCollector.java:51)
	at jetbrains.exodus.newLogConcept.MVCC.MVCCDataStructure.lambda$commitTransaction$1(MVCCDataStructure.java:297)
	at java.base/java.util.concurrent.Executors$RunnableAdapter.call(Executors.java:515)
	at java.base/java.util.concurrent.FutureTask.run(FutureTask.java:264)
	at java.base/java.util.concurrent.ThreadPoolExecutor.runWorker(ThreadPoolExecutor.java:1128)
	at java.base/java.util.concurrent.ThreadPoolExecutor$Worker.run(ThreadPoolExecutor.java:628)
	... 1 more
java.util.concurrent.ExecutionException: jetbrains.exodus.ExodusException
	at java.base/java.util.concurrent.FutureTask.report(FutureTask.java:122)
	at java.base/java.util.concurrent.FutureTask.get(FutureTask.java:191)
	at jetbrains.exodus.newLogConcept.MVCC.MVCCDataStructure.commitTransaction(MVCCDataStructure.java:299)
	at site.ycsb.db.XodusClient.insert(XodusClient.java:60)
	at site.ycsb.DBWrapper.insert(DBWrapper.java:227)
	at site.ycsb.workloads.CoreWorkload.doInsert(CoreWorkload.java:621)
	at site.ycsb.ClientThread.run(ClientThread.java:135)
	at java.base/java.lang.Thread.run(Thread.java:829)
Caused by: jetbrains.exodus.ExodusException
	at jetbrains.exodus.newLogConcept.garbageCollector.OperationLogGarbageCollector.moveAndRemoveRecordsFromLog(OperationLogGarbageCollector.java:69)
	at jetbrains.exodus.newLogConcept.garbageCollector.OperationLogGarbageCollector.clean(OperationLogGarbageCollector.java:51)
	at jetbrains.exodus.newLogConcept.MVCC.MVCCDataStructure.lambda$commitTransaction$1(MVCCDataStructure.java:297)
	at java.base/java.util.concurrent.Executors$RunnableAdapter.call(Executors.java:515)
	at java.base/java.util.concurrent.FutureTask.run(FutureTask.java:264)
	at java.base/java.util.concurrent.ThreadPoolExecutor.runWorker(ThreadPoolExecutor.java:1128)
	at java.base/java.util.concurrent.ThreadPoolExecutor$Worker.run(ThreadPoolExecutor.java:628)
	... 1 more
java.util.concurrent.ExecutionException: jetbrains.exodus.ExodusException
	at java.base/java.util.concurrent.FutureTask.report(FutureTask.java:122)
	at java.base/java.util.concurrent.FutureTask.get(FutureTask.java:191)
	at jetbrains.exodus.newLogConcept.MVCC.MVCCDataStructure.commitTransaction(MVCCDataStructure.java:299)
	at site.ycsb.db.XodusClient.insert(XodusClient.java:60)
	at site.ycsb.DBWrapper.insert(DBWrapper.java:227)
	at site.ycsb.workloads.CoreWorkload.doInsert(CoreWorkload.java:621)
	at site.ycsb.ClientThread.run(ClientThread.java:135)
	at java.base/java.lang.Thread.run(Thread.java:829)
Caused by: jetbrains.exodus.ExodusException
	at jetbrains.exodus.newLogConcept.garbageCollector.OperationLogGarbageCollector.moveAndRemoveRecordsFromLog(OperationLogGarbageCollector.java:69)
	at jetbrains.exodus.newLogConcept.garbageCollector.OperationLogGarbageCollector.clean(OperationLogGarbageCollector.java:51)
	at jetbrains.exodus.newLogConcept.MVCC.MVCCDataStructure.lambda$commitTransaction$1(MVCCDataStructure.java:297)
	at java.base/java.util.concurrent.Executors$RunnableAdapter.call(Executors.java:515)
	at java.base/java.util.concurrent.FutureTask.run(FutureTask.java:264)
	at java.base/java.util.concurrent.ThreadPoolExecutor.runWorker(ThreadPoolExecutor.java:1128)
	at java.base/java.util.concurrent.ThreadPoolExecutor$Worker.run(ThreadPoolExecutor.java:628)
	... 1 more
java.util.concurrent.ExecutionException: jetbrains.exodus.ExodusException
	at java.base/java.util.concurrent.FutureTask.report(FutureTask.java:122)
	at java.base/java.util.concurrent.FutureTask.get(FutureTask.java:191)
	at jetbrains.exodus.newLogConcept.MVCC.MVCCDataStructure.commitTransaction(MVCCDataStructure.java:299)
	at site.ycsb.db.XodusClient.insert(XodusClient.java:60)
	at site.ycsb.DBWrapper.insert(DBWrapper.java:227)
	at site.ycsb.workloads.CoreWorkload.doInsert(CoreWorkload.java:621)
	at site.ycsb.ClientThread.run(ClientThread.java:135)
	at java.base/java.lang.Thread.run(Thread.java:829)
Caused by: jetbrains.exodus.ExodusException
	at jetbrains.exodus.newLogConcept.garbageCollector.OperationLogGarbageCollector.moveAndRemoveRecordsFromLog(OperationLogGarbageCollector.java:69)
	at jetbrains.exodus.newLogConcept.garbageCollector.OperationLogGarbageCollector.clean(OperationLogGarbageCollector.java:51)
	at jetbrains.exodus.newLogConcept.MVCC.MVCCDataStructure.lambda$commitTransaction$1(MVCCDataStructure.java:297)
	at java.base/java.util.concurrent.Executors$RunnableAdapter.call(Executors.java:515)
	at java.base/java.util.concurrent.FutureTask.run(FutureTask.java:264)
	at java.base/java.util.concurrent.ThreadPoolExecutor.runWorker(ThreadPoolExecutor.java:1128)
	at java.base/java.util.concurrent.ThreadPoolExecutor$Worker.run(ThreadPoolExecutor.java:628)
	... 1 more
java.util.concurrent.ExecutionException: jetbrains.exodus.ExodusException
	at java.base/java.util.concurrent.FutureTask.report(FutureTask.java:122)
	at java.base/java.util.concurrent.FutureTask.get(FutureTask.java:191)
	at jetbrains.exodus.newLogConcept.MVCC.MVCCDataStructure.commitTransaction(MVCCDataStructure.java:299)
	at site.ycsb.db.XodusClient.insert(XodusClient.java:60)
	at site.ycsb.DBWrapper.insert(DBWrapper.java:227)
	at site.ycsb.workloads.CoreWorkload.doInsert(CoreWorkload.java:621)
	at site.ycsb.ClientThread.run(ClientThread.java:135)
	at java.base/java.lang.Thread.run(Thread.java:829)
Caused by: jetbrains.exodus.ExodusException
	at jetbrains.exodus.newLogConcept.garbageCollector.OperationLogGarbageCollector.moveAndRemoveRecordsFromLog(OperationLogGarbageCollector.java:69)
	at jetbrains.exodus.newLogConcept.garbageCollector.OperationLogGarbageCollector.clean(OperationLogGarbageCollector.java:51)
	at jetbrains.exodus.newLogConcept.MVCC.MVCCDataStructure.lambda$commitTransaction$1(MVCCDataStructure.java:297)
	at java.base/java.util.concurrent.Executors$RunnableAdapter.call(Executors.java:515)
	at java.base/java.util.concurrent.FutureTask.run(FutureTask.java:264)
	at java.base/java.util.concurrent.ThreadPoolExecutor.runWorker(ThreadPoolExecutor.java:1128)
	at java.base/java.util.concurrent.ThreadPoolExecutor$Worker.run(ThreadPoolExecutor.java:628)
	... 1 more
java.util.concurrent.ExecutionException: jetbrains.exodus.ExodusException
	at java.base/java.util.concurrent.FutureTask.report(FutureTask.java:122)
	at java.base/java.util.concurrent.FutureTask.get(FutureTask.java:191)
	at jetbrains.exodus.newLogConcept.MVCC.MVCCDataStructure.commitTransaction(MVCCDataStructure.java:299)
	at site.ycsb.db.XodusClient.insert(XodusClient.java:60)
	at site.ycsb.DBWrapper.insert(DBWrapper.java:227)
	at site.ycsb.workloads.CoreWorkload.doInsert(CoreWorkload.java:621)
	at site.ycsb.ClientThread.run(ClientThread.java:135)
	at java.base/java.lang.Thread.run(Thread.java:829)
Caused by: jetbrains.exodus.ExodusException
	at jetbrains.exodus.newLogConcept.garbageCollector.OperationLogGarbageCollector.moveAndRemoveRecordsFromLog(OperationLogGarbageCollector.java:69)
	at jetbrains.exodus.newLogConcept.garbageCollector.OperationLogGarbageCollector.clean(OperationLogGarbageCollector.java:51)
	at jetbrains.exodus.newLogConcept.MVCC.MVCCDataStructure.lambda$commitTransaction$1(MVCCDataStructure.java:297)
	at java.base/java.util.concurrent.Executors$RunnableAdapter.call(Executors.java:515)
	at java.base/java.util.concurrent.FutureTask.run(FutureTask.java:264)
	at java.base/java.util.concurrent.ThreadPoolExecutor.runWorker(ThreadPoolExecutor.java:1128)
	at java.base/java.util.concurrent.ThreadPoolExecutor$Worker.run(ThreadPoolExecutor.java:628)
	... 1 more
java.util.concurrent.ExecutionException: jetbrains.exodus.ExodusException
	at java.base/java.util.concurrent.FutureTask.report(FutureTask.java:122)
	at java.base/java.util.concurrent.FutureTask.get(FutureTask.java:191)
	at jetbrains.exodus.newLogConcept.MVCC.MVCCDataStructure.commitTransaction(MVCCDataStructure.java:299)
	at site.ycsb.db.XodusClient.insert(XodusClient.java:60)
	at site.ycsb.DBWrapper.insert(DBWrapper.java:227)
	at site.ycsb.workloads.CoreWorkload.doInsert(CoreWorkload.java:621)
	at site.ycsb.ClientThread.run(ClientThread.java:135)
	at java.base/java.lang.Thread.run(Thread.java:829)
Caused by: jetbrains.exodus.ExodusException
	at jetbrains.exodus.newLogConcept.garbageCollector.OperationLogGarbageCollector.moveAndRemoveRecordsFromLog(OperationLogGarbageCollector.java:69)
	at jetbrains.exodus.newLogConcept.garbageCollector.OperationLogGarbageCollector.clean(OperationLogGarbageCollector.java:51)
	at jetbrains.exodus.newLogConcept.MVCC.MVCCDataStructure.lambda$commitTransaction$1(MVCCDataStructure.java:297)
	at java.base/java.util.concurrent.Executors$RunnableAdapter.call(Executors.java:515)
	at java.base/java.util.concurrent.FutureTask.run(FutureTask.java:264)
	at java.base/java.util.concurrent.ThreadPoolExecutor.runWorker(ThreadPoolExecutor.java:1128)
	at java.base/java.util.concurrent.ThreadPoolExecutor$Worker.run(ThreadPoolExecutor.java:628)
	... 1 more
java.util.concurrent.ExecutionException: jetbrains.exodus.ExodusException
	at java.base/java.util.concurrent.FutureTask.report(FutureTask.java:122)
	at java.base/java.util.concurrent.FutureTask.get(FutureTask.java:191)
	at jetbrains.exodus.newLogConcept.MVCC.MVCCDataStructure.commitTransaction(MVCCDataStructure.java:299)
	at site.ycsb.db.XodusClient.insert(XodusClient.java:60)
	at site.ycsb.DBWrapper.insert(DBWrapper.java:227)
	at site.ycsb.workloads.CoreWorkload.doInsert(CoreWorkload.java:621)
	at site.ycsb.ClientThread.run(ClientThread.java:135)
	at java.base/java.lang.Thread.run(Thread.java:829)
Caused by: jetbrains.exodus.ExodusException
	at jetbrains.exodus.newLogConcept.garbageCollector.OperationLogGarbageCollector.moveAndRemoveRecordsFromLog(OperationLogGarbageCollector.java:69)
	at jetbrains.exodus.newLogConcept.garbageCollector.OperationLogGarbageCollector.clean(OperationLogGarbageCollector.java:51)
	at jetbrains.exodus.newLogConcept.MVCC.MVCCDataStructure.lambda$commitTransaction$1(MVCCDataStructure.java:297)
	at java.base/java.util.concurrent.Executors$RunnableAdapter.call(Executors.java:515)
	at java.base/java.util.concurrent.FutureTask.run(FutureTask.java:264)
	at java.base/java.util.concurrent.ThreadPoolExecutor.runWorker(ThreadPoolExecutor.java:1128)
	at java.base/java.util.concurrent.ThreadPoolExecutor$Worker.run(ThreadPoolExecutor.java:628)
	... 1 more
java.util.concurrent.ExecutionException: jetbrains.exodus.ExodusException
	at java.base/java.util.concurrent.FutureTask.report(FutureTask.java:122)
	at java.base/java.util.concurrent.FutureTask.get(FutureTask.java:191)
	at jetbrains.exodus.newLogConcept.MVCC.MVCCDataStructure.commitTransaction(MVCCDataStructure.java:299)
	at site.ycsb.db.XodusClient.insert(XodusClient.java:60)
	at site.ycsb.DBWrapper.insert(DBWrapper.java:227)
	at site.ycsb.workloads.CoreWorkload.doInsert(CoreWorkload.java:621)
	at site.ycsb.ClientThread.run(ClientThread.java:135)
	at java.base/java.lang.Thread.run(Thread.java:829)
Caused by: jetbrains.exodus.ExodusException
	at jetbrains.exodus.newLogConcept.garbageCollector.OperationLogGarbageCollector.moveAndRemoveRecordsFromLog(OperationLogGarbageCollector.java:69)
	at jetbrains.exodus.newLogConcept.garbageCollector.OperationLogGarbageCollector.clean(OperationLogGarbageCollector.java:51)
	at jetbrains.exodus.newLogConcept.MVCC.MVCCDataStructure.lambda$commitTransaction$1(MVCCDataStructure.java:297)
	at java.base/java.util.concurrent.Executors$RunnableAdapter.call(Executors.java:515)
	at java.base/java.util.concurrent.FutureTask.run(FutureTask.java:264)
	at java.base/java.util.concurrent.ThreadPoolExecutor.runWorker(ThreadPoolExecutor.java:1128)
	at java.base/java.util.concurrent.ThreadPoolExecutor$Worker.run(ThreadPoolExecutor.java:628)
	... 1 more
java.util.concurrent.ExecutionException: jetbrains.exodus.ExodusException
	at java.base/java.util.concurrent.FutureTask.report(FutureTask.java:122)
	at java.base/java.util.concurrent.FutureTask.get(FutureTask.java:191)
	at jetbrains.exodus.newLogConcept.MVCC.MVCCDataStructure.commitTransaction(MVCCDataStructure.java:299)
	at site.ycsb.db.XodusClient.insert(XodusClient.java:60)
	at site.ycsb.DBWrapper.insert(DBWrapper.java:227)
	at site.ycsb.workloads.CoreWorkload.doInsert(CoreWorkload.java:621)
	at site.ycsb.ClientThread.run(ClientThread.java:135)
	at java.base/java.lang.Thread.run(Thread.java:829)
Caused by: jetbrains.exodus.ExodusException
	at jetbrains.exodus.newLogConcept.garbageCollector.OperationLogGarbageCollector.moveAndRemoveRecordsFromLog(OperationLogGarbageCollector.java:69)
	at jetbrains.exodus.newLogConcept.garbageCollector.OperationLogGarbageCollector.clean(OperationLogGarbageCollector.java:51)
	at jetbrains.exodus.newLogConcept.MVCC.MVCCDataStructure.lambda$commitTransaction$1(MVCCDataStructure.java:297)
	at java.base/java.util.concurrent.Executors$RunnableAdapter.call(Executors.java:515)
	at java.base/java.util.concurrent.FutureTask.run(FutureTask.java:264)
	at java.base/java.util.concurrent.ThreadPoolExecutor.runWorker(ThreadPoolExecutor.java:1128)
	at java.base/java.util.concurrent.ThreadPoolExecutor$Worker.run(ThreadPoolExecutor.java:628)
	... 1 more
java.util.concurrent.ExecutionException: jetbrains.exodus.ExodusException
	at java.base/java.util.concurrent.FutureTask.report(FutureTask.java:122)
	at java.base/java.util.concurrent.FutureTask.get(FutureTask.java:191)
	at jetbrains.exodus.newLogConcept.MVCC.MVCCDataStructure.commitTransaction(MVCCDataStructure.java:299)
	at site.ycsb.db.XodusClient.insert(XodusClient.java:60)
	at site.ycsb.DBWrapper.insert(DBWrapper.java:227)
	at site.ycsb.workloads.CoreWorkload.doInsert(CoreWorkload.java:621)
	at site.ycsb.ClientThread.run(ClientThread.java:135)
	at java.base/java.lang.Thread.run(Thread.java:829)
Caused by: jetbrains.exodus.ExodusException
	at jetbrains.exodus.newLogConcept.garbageCollector.OperationLogGarbageCollector.moveAndRemoveRecordsFromLog(OperationLogGarbageCollector.java:69)
	at jetbrains.exodus.newLogConcept.garbageCollector.OperationLogGarbageCollector.clean(OperationLogGarbageCollector.java:51)
	at jetbrains.exodus.newLogConcept.MVCC.MVCCDataStructure.lambda$commitTransaction$1(MVCCDataStructure.java:297)
	at java.base/java.util.concurrent.Executors$RunnableAdapter.call(Executors.java:515)
	at java.base/java.util.concurrent.FutureTask.run(FutureTask.java:264)
	at java.base/java.util.concurrent.ThreadPoolExecutor.runWorker(ThreadPoolExecutor.java:1128)
	at java.base/java.util.concurrent.ThreadPoolExecutor$Worker.run(ThreadPoolExecutor.java:628)
	... 1 more
java.util.concurrent.ExecutionException: jetbrains.exodus.ExodusException
	at java.base/java.util.concurrent.FutureTask.report(FutureTask.java:122)
	at java.base/java.util.concurrent.FutureTask.get(FutureTask.java:191)
	at jetbrains.exodus.newLogConcept.MVCC.MVCCDataStructure.commitTransaction(MVCCDataStructure.java:299)
	at site.ycsb.db.XodusClient.insert(XodusClient.java:60)
	at site.ycsb.DBWrapper.insert(DBWrapper.java:227)
	at site.ycsb.workloads.CoreWorkload.doInsert(CoreWorkload.java:621)
	at site.ycsb.ClientThread.run(ClientThread.java:135)
	at java.base/java.lang.Thread.run(Thread.java:829)
Caused by: jetbrains.exodus.ExodusException
	at jetbrains.exodus.newLogConcept.garbageCollector.OperationLogGarbageCollector.moveAndRemoveRecordsFromLog(OperationLogGarbageCollector.java:69)
	at jetbrains.exodus.newLogConcept.garbageCollector.OperationLogGarbageCollector.clean(OperationLogGarbageCollector.java:51)
	at jetbrains.exodus.newLogConcept.MVCC.MVCCDataStructure.lambda$commitTransaction$1(MVCCDataStructure.java:297)
	at java.base/java.util.concurrent.Executors$RunnableAdapter.call(Executors.java:515)
	at java.base/java.util.concurrent.FutureTask.run(FutureTask.java:264)
	at java.base/java.util.concurrent.ThreadPoolExecutor.runWorker(ThreadPoolExecutor.java:1128)
	at java.base/java.util.concurrent.ThreadPoolExecutor$Worker.run(ThreadPoolExecutor.java:628)
	... 1 more
java.util.concurrent.ExecutionException: jetbrains.exodus.ExodusException
	at java.base/java.util.concurrent.FutureTask.report(FutureTask.java:122)
	at java.base/java.util.concurrent.FutureTask.get(FutureTask.java:191)
	at jetbrains.exodus.newLogConcept.MVCC.MVCCDataStructure.commitTransaction(MVCCDataStructure.java:299)
	at site.ycsb.db.XodusClient.insert(XodusClient.java:60)
	at site.ycsb.DBWrapper.insert(DBWrapper.java:227)
	at site.ycsb.workloads.CoreWorkload.doInsert(CoreWorkload.java:621)
	at site.ycsb.ClientThread.run(ClientThread.java:135)
	at java.base/java.lang.Thread.run(Thread.java:829)
Caused by: jetbrains.exodus.ExodusException
	at jetbrains.exodus.newLogConcept.garbageCollector.OperationLogGarbageCollector.moveAndRemoveRecordsFromLog(OperationLogGarbageCollector.java:69)
	at jetbrains.exodus.newLogConcept.garbageCollector.OperationLogGarbageCollector.clean(OperationLogGarbageCollector.java:51)
	at jetbrains.exodus.newLogConcept.MVCC.MVCCDataStructure.lambda$commitTransaction$1(MVCCDataStructure.java:297)
	at java.base/java.util.concurrent.Executors$RunnableAdapter.call(Executors.java:515)
	at java.base/java.util.concurrent.FutureTask.run(FutureTask.java:264)
	at java.base/java.util.concurrent.ThreadPoolExecutor.runWorker(ThreadPoolExecutor.java:1128)
	at java.base/java.util.concurrent.ThreadPoolExecutor$Worker.run(ThreadPoolExecutor.java:628)
	... 1 more
java.util.concurrent.ExecutionException: jetbrains.exodus.ExodusException
	at java.base/java.util.concurrent.FutureTask.report(FutureTask.java:122)
	at java.base/java.util.concurrent.FutureTask.get(FutureTask.java:191)
	at jetbrains.exodus.newLogConcept.MVCC.MVCCDataStructure.commitTransaction(MVCCDataStructure.java:299)
	at site.ycsb.db.XodusClient.insert(XodusClient.java:60)
	at site.ycsb.DBWrapper.insert(DBWrapper.java:227)
	at site.ycsb.workloads.CoreWorkload.doInsert(CoreWorkload.java:621)
	at site.ycsb.ClientThread.run(ClientThread.java:135)
	at java.base/java.lang.Thread.run(Thread.java:829)
Caused by: jetbrains.exodus.ExodusException
	at jetbrains.exodus.newLogConcept.garbageCollector.OperationLogGarbageCollector.moveAndRemoveRecordsFromLog(OperationLogGarbageCollector.java:69)
	at jetbrains.exodus.newLogConcept.garbageCollector.OperationLogGarbageCollector.clean(OperationLogGarbageCollector.java:51)
	at jetbrains.exodus.newLogConcept.MVCC.MVCCDataStructure.lambda$commitTransaction$1(MVCCDataStructure.java:297)
	at java.base/java.util.concurrent.Executors$RunnableAdapter.call(Executors.java:515)
	at java.base/java.util.concurrent.FutureTask.run(FutureTask.java:264)
	at java.base/java.util.concurrent.ThreadPoolExecutor.runWorker(ThreadPoolExecutor.java:1128)
	at java.base/java.util.concurrent.ThreadPoolExecutor$Worker.run(ThreadPoolExecutor.java:628)
	... 1 more
java.util.concurrent.ExecutionException: jetbrains.exodus.ExodusException
	at java.base/java.util.concurrent.FutureTask.report(FutureTask.java:122)
	at java.base/java.util.concurrent.FutureTask.get(FutureTask.java:191)
	at jetbrains.exodus.newLogConcept.MVCC.MVCCDataStructure.commitTransaction(MVCCDataStructure.java:299)
	at site.ycsb.db.XodusClient.insert(XodusClient.java:60)
	at site.ycsb.DBWrapper.insert(DBWrapper.java:227)
	at site.ycsb.workloads.CoreWorkload.doInsert(CoreWorkload.java:621)
	at site.ycsb.ClientThread.run(ClientThread.java:135)
	at java.base/java.lang.Thread.run(Thread.java:829)
Caused by: jetbrains.exodus.ExodusException
	at jetbrains.exodus.newLogConcept.garbageCollector.OperationLogGarbageCollector.moveAndRemoveRecordsFromLog(OperationLogGarbageCollector.java:69)
	at jetbrains.exodus.newLogConcept.garbageCollector.OperationLogGarbageCollector.clean(OperationLogGarbageCollector.java:51)
	at jetbrains.exodus.newLogConcept.MVCC.MVCCDataStructure.lambda$commitTransaction$1(MVCCDataStructure.java:297)
	at java.base/java.util.concurrent.Executors$RunnableAdapter.call(Executors.java:515)
	at java.base/java.util.concurrent.FutureTask.run(FutureTask.java:264)
	at java.base/java.util.concurrent.ThreadPoolExecutor.runWorker(ThreadPoolExecutor.java:1128)
	at java.base/java.util.concurrent.ThreadPoolExecutor$Worker.run(ThreadPoolExecutor.java:628)
	... 1 more
java.util.concurrent.ExecutionException: jetbrains.exodus.ExodusException
	at java.base/java.util.concurrent.FutureTask.report(FutureTask.java:122)
	at java.base/java.util.concurrent.FutureTask.get(FutureTask.java:191)
	at jetbrains.exodus.newLogConcept.MVCC.MVCCDataStructure.commitTransaction(MVCCDataStructure.java:299)
	at site.ycsb.db.XodusClient.insert(XodusClient.java:60)
	at site.ycsb.DBWrapper.insert(DBWrapper.java:227)
	at site.ycsb.workloads.CoreWorkload.doInsert(CoreWorkload.java:621)
	at site.ycsb.ClientThread.run(ClientThread.java:135)
	at java.base/java.lang.Thread.run(Thread.java:829)
Caused by: jetbrains.exodus.ExodusException
	at jetbrains.exodus.newLogConcept.garbageCollector.OperationLogGarbageCollector.moveAndRemoveRecordsFromLog(OperationLogGarbageCollector.java:69)
	at jetbrains.exodus.newLogConcept.garbageCollector.OperationLogGarbageCollector.clean(OperationLogGarbageCollector.java:51)
	at jetbrains.exodus.newLogConcept.MVCC.MVCCDataStructure.lambda$commitTransaction$1(MVCCDataStructure.java:297)
	at java.base/java.util.concurrent.Executors$RunnableAdapter.call(Executors.java:515)
	at java.base/java.util.concurrent.FutureTask.run(FutureTask.java:264)
	at java.base/java.util.concurrent.ThreadPoolExecutor.runWorker(ThreadPoolExecutor.java:1128)
	at java.base/java.util.concurrent.ThreadPoolExecutor$Worker.run(ThreadPoolExecutor.java:628)
	... 1 more
java.util.concurrent.ExecutionException: jetbrains.exodus.ExodusException
	at java.base/java.util.concurrent.FutureTask.report(FutureTask.java:122)
	at java.base/java.util.concurrent.FutureTask.get(FutureTask.java:191)
	at jetbrains.exodus.newLogConcept.MVCC.MVCCDataStructure.commitTransaction(MVCCDataStructure.java:299)
	at site.ycsb.db.XodusClient.insert(XodusClient.java:60)
	at site.ycsb.DBWrapper.insert(DBWrapper.java:227)
	at site.ycsb.workloads.CoreWorkload.doInsert(CoreWorkload.java:621)
	at site.ycsb.ClientThread.run(ClientThread.java:135)
	at java.base/java.lang.Thread.run(Thread.java:829)
Caused by: jetbrains.exodus.ExodusException
	at jetbrains.exodus.newLogConcept.garbageCollector.OperationLogGarbageCollector.moveAndRemoveRecordsFromLog(OperationLogGarbageCollector.java:69)
	at jetbrains.exodus.newLogConcept.garbageCollector.OperationLogGarbageCollector.clean(OperationLogGarbageCollector.java:51)
	at jetbrains.exodus.newLogConcept.MVCC.MVCCDataStructure.lambda$commitTransaction$1(MVCCDataStructure.java:297)
	at java.base/java.util.concurrent.Executors$RunnableAdapter.call(Executors.java:515)
	at java.base/java.util.concurrent.FutureTask.run(FutureTask.java:264)
	at java.base/java.util.concurrent.ThreadPoolExecutor.runWorker(ThreadPoolExecutor.java:1128)
	at java.base/java.util.concurrent.ThreadPoolExecutor$Worker.run(ThreadPoolExecutor.java:628)
	... 1 more
java.util.concurrent.ExecutionException: jetbrains.exodus.ExodusException
	at java.base/java.util.concurrent.FutureTask.report(FutureTask.java:122)
	at java.base/java.util.concurrent.FutureTask.get(FutureTask.java:191)
	at jetbrains.exodus.newLogConcept.MVCC.MVCCDataStructure.commitTransaction(MVCCDataStructure.java:299)
	at site.ycsb.db.XodusClient.insert(XodusClient.java:60)
	at site.ycsb.DBWrapper.insert(DBWrapper.java:227)
	at site.ycsb.workloads.CoreWorkload.doInsert(CoreWorkload.java:621)
	at site.ycsb.ClientThread.run(ClientThread.java:135)
	at java.base/java.lang.Thread.run(Thread.java:829)
Caused by: jetbrains.exodus.ExodusException
	at jetbrains.exodus.newLogConcept.garbageCollector.OperationLogGarbageCollector.moveAndRemoveRecordsFromLog(OperationLogGarbageCollector.java:69)
	at jetbrains.exodus.newLogConcept.garbageCollector.OperationLogGarbageCollector.clean(OperationLogGarbageCollector.java:51)
	at jetbrains.exodus.newLogConcept.MVCC.MVCCDataStructure.lambda$commitTransaction$1(MVCCDataStructure.java:297)
	at java.base/java.util.concurrent.Executors$RunnableAdapter.call(Executors.java:515)
	at java.base/java.util.concurrent.FutureTask.run(FutureTask.java:264)
	at java.base/java.util.concurrent.ThreadPoolExecutor.runWorker(ThreadPoolExecutor.java:1128)
	at java.base/java.util.concurrent.ThreadPoolExecutor$Worker.run(ThreadPoolExecutor.java:628)
	... 1 more
java.util.concurrent.ExecutionException: jetbrains.exodus.ExodusException
	at java.base/java.util.concurrent.FutureTask.report(FutureTask.java:122)
	at java.base/java.util.concurrent.FutureTask.get(FutureTask.java:191)
	at jetbrains.exodus.newLogConcept.MVCC.MVCCDataStructure.commitTransaction(MVCCDataStructure.java:299)
	at site.ycsb.db.XodusClient.insert(XodusClient.java:60)
	at site.ycsb.DBWrapper.insert(DBWrapper.java:227)
	at site.ycsb.workloads.CoreWorkload.doInsert(CoreWorkload.java:621)
	at site.ycsb.ClientThread.run(ClientThread.java:135)
	at java.base/java.lang.Thread.run(Thread.java:829)
Caused by: jetbrains.exodus.ExodusException
	at jetbrains.exodus.newLogConcept.garbageCollector.OperationLogGarbageCollector.moveAndRemoveRecordsFromLog(OperationLogGarbageCollector.java:69)
	at jetbrains.exodus.newLogConcept.garbageCollector.OperationLogGarbageCollector.clean(OperationLogGarbageCollector.java:51)
	at jetbrains.exodus.newLogConcept.MVCC.MVCCDataStructure.lambda$commitTransaction$1(MVCCDataStructure.java:297)
	at java.base/java.util.concurrent.Executors$RunnableAdapter.call(Executors.java:515)
	at java.base/java.util.concurrent.FutureTask.run(FutureTask.java:264)
	at java.base/java.util.concurrent.ThreadPoolExecutor.runWorker(ThreadPoolExecutor.java:1128)
	at java.base/java.util.concurrent.ThreadPoolExecutor$Worker.run(ThreadPoolExecutor.java:628)
	... 1 more
java.util.concurrent.ExecutionException: jetbrains.exodus.ExodusException
	at java.base/java.util.concurrent.FutureTask.report(FutureTask.java:122)
	at java.base/java.util.concurrent.FutureTask.get(FutureTask.java:191)
	at jetbrains.exodus.newLogConcept.MVCC.MVCCDataStructure.commitTransaction(MVCCDataStructure.java:299)
	at site.ycsb.db.XodusClient.insert(XodusClient.java:60)
	at site.ycsb.DBWrapper.insert(DBWrapper.java:227)
	at site.ycsb.workloads.CoreWorkload.doInsert(CoreWorkload.java:621)
	at site.ycsb.ClientThread.run(ClientThread.java:135)
	at java.base/java.lang.Thread.run(Thread.java:829)
Caused by: jetbrains.exodus.ExodusException
	at jetbrains.exodus.newLogConcept.garbageCollector.OperationLogGarbageCollector.moveAndRemoveRecordsFromLog(OperationLogGarbageCollector.java:69)
	at jetbrains.exodus.newLogConcept.garbageCollector.OperationLogGarbageCollector.clean(OperationLogGarbageCollector.java:51)
	at jetbrains.exodus.newLogConcept.MVCC.MVCCDataStructure.lambda$commitTransaction$1(MVCCDataStructure.java:297)
	at java.base/java.util.concurrent.Executors$RunnableAdapter.call(Executors.java:515)
	at java.base/java.util.concurrent.FutureTask.run(FutureTask.java:264)
	at java.base/java.util.concurrent.ThreadPoolExecutor.runWorker(ThreadPoolExecutor.java:1128)
	at java.base/java.util.concurrent.ThreadPoolExecutor$Worker.run(ThreadPoolExecutor.java:628)
	... 1 more
java.util.concurrent.ExecutionException: jetbrains.exodus.ExodusException
	at java.base/java.util.concurrent.FutureTask.report(FutureTask.java:122)
	at java.base/java.util.concurrent.FutureTask.get(FutureTask.java:191)
	at jetbrains.exodus.newLogConcept.MVCC.MVCCDataStructure.commitTransaction(MVCCDataStructure.java:299)
	at site.ycsb.db.XodusClient.insert(XodusClient.java:60)
	at site.ycsb.DBWrapper.insert(DBWrapper.java:227)
	at site.ycsb.workloads.CoreWorkload.doInsert(CoreWorkload.java:621)
	at site.ycsb.ClientThread.run(ClientThread.java:135)
	at java.base/java.lang.Thread.run(Thread.java:829)
Caused by: jetbrains.exodus.ExodusException
	at jetbrains.exodus.newLogConcept.garbageCollector.OperationLogGarbageCollector.moveAndRemoveRecordsFromLog(OperationLogGarbageCollector.java:69)
	at jetbrains.exodus.newLogConcept.garbageCollector.OperationLogGarbageCollector.clean(OperationLogGarbageCollector.java:51)
	at jetbrains.exodus.newLogConcept.MVCC.MVCCDataStructure.lambda$commitTransaction$1(MVCCDataStructure.java:297)
	at java.base/java.util.concurrent.Executors$RunnableAdapter.call(Executors.java:515)
	at java.base/java.util.concurrent.FutureTask.run(FutureTask.java:264)
	at java.base/java.util.concurrent.ThreadPoolExecutor.runWorker(ThreadPoolExecutor.java:1128)
	at java.base/java.util.concurrent.ThreadPoolExecutor$Worker.run(ThreadPoolExecutor.java:628)
	... 1 more
java.util.concurrent.ExecutionException: jetbrains.exodus.ExodusException
	at java.base/java.util.concurrent.FutureTask.report(FutureTask.java:122)
	at java.base/java.util.concurrent.FutureTask.get(FutureTask.java:191)
	at jetbrains.exodus.newLogConcept.MVCC.MVCCDataStructure.commitTransaction(MVCCDataStructure.java:299)
	at site.ycsb.db.XodusClient.insert(XodusClient.java:60)
	at site.ycsb.DBWrapper.insert(DBWrapper.java:227)
	at site.ycsb.workloads.CoreWorkload.doInsert(CoreWorkload.java:621)
	at site.ycsb.ClientThread.run(ClientThread.java:135)
	at java.base/java.lang.Thread.run(Thread.java:829)
Caused by: jetbrains.exodus.ExodusException
	at jetbrains.exodus.newLogConcept.garbageCollector.OperationLogGarbageCollector.moveAndRemoveRecordsFromLog(OperationLogGarbageCollector.java:69)
	at jetbrains.exodus.newLogConcept.garbageCollector.OperationLogGarbageCollector.clean(OperationLogGarbageCollector.java:51)
	at jetbrains.exodus.newLogConcept.MVCC.MVCCDataStructure.lambda$commitTransaction$1(MVCCDataStructure.java:297)
	at java.base/java.util.concurrent.Executors$RunnableAdapter.call(Executors.java:515)
	at java.base/java.util.concurrent.FutureTask.run(FutureTask.java:264)
	at java.base/java.util.concurrent.ThreadPoolExecutor.runWorker(ThreadPoolExecutor.java:1128)
	at java.base/java.util.concurrent.ThreadPoolExecutor$Worker.run(ThreadPoolExecutor.java:628)
	... 1 more
java.util.concurrent.ExecutionException: jetbrains.exodus.ExodusException
	at java.base/java.util.concurrent.FutureTask.report(FutureTask.java:122)
	at java.base/java.util.concurrent.FutureTask.get(FutureTask.java:191)
	at jetbrains.exodus.newLogConcept.MVCC.MVCCDataStructure.commitTransaction(MVCCDataStructure.java:299)
	at site.ycsb.db.XodusClient.insert(XodusClient.java:60)
	at site.ycsb.DBWrapper.insert(DBWrapper.java:227)
	at site.ycsb.workloads.CoreWorkload.doInsert(CoreWorkload.java:621)
	at site.ycsb.ClientThread.run(ClientThread.java:135)
	at java.base/java.lang.Thread.run(Thread.java:829)
Caused by: jetbrains.exodus.ExodusException
	at jetbrains.exodus.newLogConcept.garbageCollector.OperationLogGarbageCollector.moveAndRemoveRecordsFromLog(OperationLogGarbageCollector.java:69)
	at jetbrains.exodus.newLogConcept.garbageCollector.OperationLogGarbageCollector.clean(OperationLogGarbageCollector.java:51)
	at jetbrains.exodus.newLogConcept.MVCC.MVCCDataStructure.lambda$commitTransaction$1(MVCCDataStructure.java:297)
	at java.base/java.util.concurrent.Executors$RunnableAdapter.call(Executors.java:515)
	at java.base/java.util.concurrent.FutureTask.run(FutureTask.java:264)
	at java.base/java.util.concurrent.ThreadPoolExecutor.runWorker(ThreadPoolExecutor.java:1128)
	at java.base/java.util.concurrent.ThreadPoolExecutor$Worker.run(ThreadPoolExecutor.java:628)
	... 1 more
java.util.concurrent.ExecutionException: jetbrains.exodus.ExodusException
	at java.base/java.util.concurrent.FutureTask.report(FutureTask.java:122)
	at java.base/java.util.concurrent.FutureTask.get(FutureTask.java:191)
	at jetbrains.exodus.newLogConcept.MVCC.MVCCDataStructure.commitTransaction(MVCCDataStructure.java:299)
	at site.ycsb.db.XodusClient.insert(XodusClient.java:60)
	at site.ycsb.DBWrapper.insert(DBWrapper.java:227)
	at site.ycsb.workloads.CoreWorkload.doInsert(CoreWorkload.java:621)
	at site.ycsb.ClientThread.run(ClientThread.java:135)
	at java.base/java.lang.Thread.run(Thread.java:829)
Caused by: jetbrains.exodus.ExodusException
	at jetbrains.exodus.newLogConcept.garbageCollector.OperationLogGarbageCollector.moveAndRemoveRecordsFromLog(OperationLogGarbageCollector.java:69)
	at jetbrains.exodus.newLogConcept.garbageCollector.OperationLogGarbageCollector.clean(OperationLogGarbageCollector.java:51)
	at jetbrains.exodus.newLogConcept.MVCC.MVCCDataStructure.lambda$commitTransaction$1(MVCCDataStructure.java:297)
	at java.base/java.util.concurrent.Executors$RunnableAdapter.call(Executors.java:515)
	at java.base/java.util.concurrent.FutureTask.run(FutureTask.java:264)
	at java.base/java.util.concurrent.ThreadPoolExecutor.runWorker(ThreadPoolExecutor.java:1128)
	at java.base/java.util.concurrent.ThreadPoolExecutor$Worker.run(ThreadPoolExecutor.java:628)
	... 1 more
java.util.concurrent.ExecutionException: jetbrains.exodus.ExodusException
	at java.base/java.util.concurrent.FutureTask.report(FutureTask.java:122)
	at java.base/java.util.concurrent.FutureTask.get(FutureTask.java:191)
	at jetbrains.exodus.newLogConcept.MVCC.MVCCDataStructure.commitTransaction(MVCCDataStructure.java:299)
	at site.ycsb.db.XodusClient.insert(XodusClient.java:60)
	at site.ycsb.DBWrapper.insert(DBWrapper.java:227)
	at site.ycsb.workloads.CoreWorkload.doInsert(CoreWorkload.java:621)
	at site.ycsb.ClientThread.run(ClientThread.java:135)
	at java.base/java.lang.Thread.run(Thread.java:829)
Caused by: jetbrains.exodus.ExodusException
	at jetbrains.exodus.newLogConcept.garbageCollector.OperationLogGarbageCollector.moveAndRemoveRecordsFromLog(OperationLogGarbageCollector.java:69)
	at jetbrains.exodus.newLogConcept.garbageCollector.OperationLogGarbageCollector.clean(OperationLogGarbageCollector.java:51)
	at jetbrains.exodus.newLogConcept.MVCC.MVCCDataStructure.lambda$commitTransaction$1(MVCCDataStructure.java:297)
	at java.base/java.util.concurrent.Executors$RunnableAdapter.call(Executors.java:515)
	at java.base/java.util.concurrent.FutureTask.run(FutureTask.java:264)
	at java.base/java.util.concurrent.ThreadPoolExecutor.runWorker(ThreadPoolExecutor.java:1128)
	at java.base/java.util.concurrent.ThreadPoolExecutor$Worker.run(ThreadPoolExecutor.java:628)
	... 1 more
java.util.concurrent.ExecutionException: jetbrains.exodus.ExodusException
	at java.base/java.util.concurrent.FutureTask.report(FutureTask.java:122)
	at java.base/java.util.concurrent.FutureTask.get(FutureTask.java:191)
	at jetbrains.exodus.newLogConcept.MVCC.MVCCDataStructure.commitTransaction(MVCCDataStructure.java:299)
	at site.ycsb.db.XodusClient.insert(XodusClient.java:60)
	at site.ycsb.DBWrapper.insert(DBWrapper.java:227)
	at site.ycsb.workloads.CoreWorkload.doInsert(CoreWorkload.java:621)
	at site.ycsb.ClientThread.run(ClientThread.java:135)
	at java.base/java.lang.Thread.run(Thread.java:829)
Caused by: jetbrains.exodus.ExodusException
	at jetbrains.exodus.newLogConcept.garbageCollector.OperationLogGarbageCollector.moveAndRemoveRecordsFromLog(OperationLogGarbageCollector.java:69)
	at jetbrains.exodus.newLogConcept.garbageCollector.OperationLogGarbageCollector.clean(OperationLogGarbageCollector.java:51)
	at jetbrains.exodus.newLogConcept.MVCC.MVCCDataStructure.lambda$commitTransaction$1(MVCCDataStructure.java:297)
	at java.base/java.util.concurrent.Executors$RunnableAdapter.call(Executors.java:515)
	at java.base/java.util.concurrent.FutureTask.run(FutureTask.java:264)
	at java.base/java.util.concurrent.ThreadPoolExecutor.runWorker(ThreadPoolExecutor.java:1128)
	at java.base/java.util.concurrent.ThreadPoolExecutor$Worker.run(ThreadPoolExecutor.java:628)
	... 1 more
java.util.concurrent.ExecutionException: jetbrains.exodus.ExodusException
	at java.base/java.util.concurrent.FutureTask.report(FutureTask.java:122)
	at java.base/java.util.concurrent.FutureTask.get(FutureTask.java:191)
	at jetbrains.exodus.newLogConcept.MVCC.MVCCDataStructure.commitTransaction(MVCCDataStructure.java:299)
	at site.ycsb.db.XodusClient.insert(XodusClient.java:60)
	at site.ycsb.DBWrapper.insert(DBWrapper.java:227)
	at site.ycsb.workloads.CoreWorkload.doInsert(CoreWorkload.java:621)
	at site.ycsb.ClientThread.run(ClientThread.java:135)
	at java.base/java.lang.Thread.run(Thread.java:829)
Caused by: jetbrains.exodus.ExodusException
	at jetbrains.exodus.newLogConcept.garbageCollector.OperationLogGarbageCollector.moveAndRemoveRecordsFromLog(OperationLogGarbageCollector.java:69)
	at jetbrains.exodus.newLogConcept.garbageCollector.OperationLogGarbageCollector.clean(OperationLogGarbageCollector.java:51)
	at jetbrains.exodus.newLogConcept.MVCC.MVCCDataStructure.lambda$commitTransaction$1(MVCCDataStructure.java:297)
	at java.base/java.util.concurrent.Executors$RunnableAdapter.call(Executors.java:515)
	at java.base/java.util.concurrent.FutureTask.run(FutureTask.java:264)
	at java.base/java.util.concurrent.ThreadPoolExecutor.runWorker(ThreadPoolExecutor.java:1128)
	at java.base/java.util.concurrent.ThreadPoolExecutor$Worker.run(ThreadPoolExecutor.java:628)
	... 1 more
java.util.concurrent.ExecutionException: jetbrains.exodus.ExodusException
	at java.base/java.util.concurrent.FutureTask.report(FutureTask.java:122)
	at java.base/java.util.concurrent.FutureTask.get(FutureTask.java:191)
	at jetbrains.exodus.newLogConcept.MVCC.MVCCDataStructure.commitTransaction(MVCCDataStructure.java:299)
	at site.ycsb.db.XodusClient.insert(XodusClient.java:60)
	at site.ycsb.DBWrapper.insert(DBWrapper.java:227)
	at site.ycsb.workloads.CoreWorkload.doInsert(CoreWorkload.java:621)
	at site.ycsb.ClientThread.run(ClientThread.java:135)
	at java.base/java.lang.Thread.run(Thread.java:829)
Caused by: jetbrains.exodus.ExodusException
	at jetbrains.exodus.newLogConcept.garbageCollector.OperationLogGarbageCollector.moveAndRemoveRecordsFromLog(OperationLogGarbageCollector.java:69)
	at jetbrains.exodus.newLogConcept.garbageCollector.OperationLogGarbageCollector.clean(OperationLogGarbageCollector.java:51)
	at jetbrains.exodus.newLogConcept.MVCC.MVCCDataStructure.lambda$commitTransaction$1(MVCCDataStructure.java:297)
	at java.base/java.util.concurrent.Executors$RunnableAdapter.call(Executors.java:515)
	at java.base/java.util.concurrent.FutureTask.run(FutureTask.java:264)
	at java.base/java.util.concurrent.ThreadPoolExecutor.runWorker(ThreadPoolExecutor.java:1128)
	at java.base/java.util.concurrent.ThreadPoolExecutor$Worker.run(ThreadPoolExecutor.java:628)
	... 1 more
java.util.concurrent.ExecutionException: jetbrains.exodus.ExodusException
	at java.base/java.util.concurrent.FutureTask.report(FutureTask.java:122)
	at java.base/java.util.concurrent.FutureTask.get(FutureTask.java:191)
	at jetbrains.exodus.newLogConcept.MVCC.MVCCDataStructure.commitTransaction(MVCCDataStructure.java:299)
	at site.ycsb.db.XodusClient.insert(XodusClient.java:60)
	at site.ycsb.DBWrapper.insert(DBWrapper.java:227)
	at site.ycsb.workloads.CoreWorkload.doInsert(CoreWorkload.java:621)
	at site.ycsb.ClientThread.run(ClientThread.java:135)
	at java.base/java.lang.Thread.run(Thread.java:829)
Caused by: jetbrains.exodus.ExodusException
	at jetbrains.exodus.newLogConcept.garbageCollector.OperationLogGarbageCollector.moveAndRemoveRecordsFromLog(OperationLogGarbageCollector.java:69)
	at jetbrains.exodus.newLogConcept.garbageCollector.OperationLogGarbageCollector.clean(OperationLogGarbageCollector.java:51)
	at jetbrains.exodus.newLogConcept.MVCC.MVCCDataStructure.lambda$commitTransaction$1(MVCCDataStructure.java:297)
	at java.base/java.util.concurrent.Executors$RunnableAdapter.call(Executors.java:515)
	at java.base/java.util.concurrent.FutureTask.run(FutureTask.java:264)
	at java.base/java.util.concurrent.ThreadPoolExecutor.runWorker(ThreadPoolExecutor.java:1128)
	at java.base/java.util.concurrent.ThreadPoolExecutor$Worker.run(ThreadPoolExecutor.java:628)
	... 1 more
java.util.concurrent.ExecutionException: jetbrains.exodus.ExodusException
	at java.base/java.util.concurrent.FutureTask.report(FutureTask.java:122)
	at java.base/java.util.concurrent.FutureTask.get(FutureTask.java:191)
	at jetbrains.exodus.newLogConcept.MVCC.MVCCDataStructure.commitTransaction(MVCCDataStructure.java:299)
	at site.ycsb.db.XodusClient.insert(XodusClient.java:60)
	at site.ycsb.DBWrapper.insert(DBWrapper.java:227)
	at site.ycsb.workloads.CoreWorkload.doInsert(CoreWorkload.java:621)
	at site.ycsb.ClientThread.run(ClientThread.java:135)
	at java.base/java.lang.Thread.run(Thread.java:829)
Caused by: jetbrains.exodus.ExodusException
	at jetbrains.exodus.newLogConcept.garbageCollector.OperationLogGarbageCollector.moveAndRemoveRecordsFromLog(OperationLogGarbageCollector.java:69)
	at jetbrains.exodus.newLogConcept.garbageCollector.OperationLogGarbageCollector.clean(OperationLogGarbageCollector.java:51)
	at jetbrains.exodus.newLogConcept.MVCC.MVCCDataStructure.lambda$commitTransaction$1(MVCCDataStructure.java:297)
	at java.base/java.util.concurrent.Executors$RunnableAdapter.call(Executors.java:515)
	at java.base/java.util.concurrent.FutureTask.run(FutureTask.java:264)
	at java.base/java.util.concurrent.ThreadPoolExecutor.runWorker(ThreadPoolExecutor.java:1128)
	at java.base/java.util.concurrent.ThreadPoolExecutor$Worker.run(ThreadPoolExecutor.java:628)
	... 1 more
java.util.concurrent.ExecutionException: jetbrains.exodus.ExodusException
	at java.base/java.util.concurrent.FutureTask.report(FutureTask.java:122)
	at java.base/java.util.concurrent.FutureTask.get(FutureTask.java:191)
	at jetbrains.exodus.newLogConcept.MVCC.MVCCDataStructure.commitTransaction(MVCCDataStructure.java:299)
	at site.ycsb.db.XodusClient.insert(XodusClient.java:60)
	at site.ycsb.DBWrapper.insert(DBWrapper.java:227)
	at site.ycsb.workloads.CoreWorkload.doInsert(CoreWorkload.java:621)
	at site.ycsb.ClientThread.run(ClientThread.java:135)
	at java.base/java.lang.Thread.run(Thread.java:829)
Caused by: jetbrains.exodus.ExodusException
	at jetbrains.exodus.newLogConcept.garbageCollector.OperationLogGarbageCollector.moveAndRemoveRecordsFromLog(OperationLogGarbageCollector.java:69)
	at jetbrains.exodus.newLogConcept.garbageCollector.OperationLogGarbageCollector.clean(OperationLogGarbageCollector.java:51)
	at jetbrains.exodus.newLogConcept.MVCC.MVCCDataStructure.lambda$commitTransaction$1(MVCCDataStructure.java:297)
	at java.base/java.util.concurrent.Executors$RunnableAdapter.call(Executors.java:515)
	at java.base/java.util.concurrent.FutureTask.run(FutureTask.java:264)
	at java.base/java.util.concurrent.ThreadPoolExecutor.runWorker(ThreadPoolExecutor.java:1128)
	at java.base/java.util.concurrent.ThreadPoolExecutor$Worker.run(ThreadPoolExecutor.java:628)
	... 1 more
java.util.concurrent.ExecutionException: jetbrains.exodus.ExodusException
	at java.base/java.util.concurrent.FutureTask.report(FutureTask.java:122)
	at java.base/java.util.concurrent.FutureTask.get(FutureTask.java:191)
	at jetbrains.exodus.newLogConcept.MVCC.MVCCDataStructure.commitTransaction(MVCCDataStructure.java:299)
	at site.ycsb.db.XodusClient.insert(XodusClient.java:60)
	at site.ycsb.DBWrapper.insert(DBWrapper.java:227)
	at site.ycsb.workloads.CoreWorkload.doInsert(CoreWorkload.java:621)
	at site.ycsb.ClientThread.run(ClientThread.java:135)
	at java.base/java.lang.Thread.run(Thread.java:829)
Caused by: jetbrains.exodus.ExodusException
	at jetbrains.exodus.newLogConcept.garbageCollector.OperationLogGarbageCollector.moveAndRemoveRecordsFromLog(OperationLogGarbageCollector.java:69)
	at jetbrains.exodus.newLogConcept.garbageCollector.OperationLogGarbageCollector.clean(OperationLogGarbageCollector.java:51)
	at jetbrains.exodus.newLogConcept.MVCC.MVCCDataStructure.lambda$commitTransaction$1(MVCCDataStructure.java:297)
	at java.base/java.util.concurrent.Executors$RunnableAdapter.call(Executors.java:515)
	at java.base/java.util.concurrent.FutureTask.run(FutureTask.java:264)
	at java.base/java.util.concurrent.ThreadPoolExecutor.runWorker(ThreadPoolExecutor.java:1128)
	at java.base/java.util.concurrent.ThreadPoolExecutor$Worker.run(ThreadPoolExecutor.java:628)
	... 1 more
java.util.concurrent.ExecutionException: jetbrains.exodus.ExodusException
	at java.base/java.util.concurrent.FutureTask.report(FutureTask.java:122)
	at java.base/java.util.concurrent.FutureTask.get(FutureTask.java:191)
	at jetbrains.exodus.newLogConcept.MVCC.MVCCDataStructure.commitTransaction(MVCCDataStructure.java:299)
	at site.ycsb.db.XodusClient.insert(XodusClient.java:60)
	at site.ycsb.DBWrapper.insert(DBWrapper.java:227)
	at site.ycsb.workloads.CoreWorkload.doInsert(CoreWorkload.java:621)
	at site.ycsb.ClientThread.run(ClientThread.java:135)
	at java.base/java.lang.Thread.run(Thread.java:829)
Caused by: jetbrains.exodus.ExodusException
	at jetbrains.exodus.newLogConcept.garbageCollector.OperationLogGarbageCollector.moveAndRemoveRecordsFromLog(OperationLogGarbageCollector.java:69)
	at jetbrains.exodus.newLogConcept.garbageCollector.OperationLogGarbageCollector.clean(OperationLogGarbageCollector.java:51)
	at jetbrains.exodus.newLogConcept.MVCC.MVCCDataStructure.lambda$commitTransaction$1(MVCCDataStructure.java:297)
	at java.base/java.util.concurrent.Executors$RunnableAdapter.call(Executors.java:515)
	at java.base/java.util.concurrent.FutureTask.run(FutureTask.java:264)
	at java.base/java.util.concurrent.ThreadPoolExecutor.runWorker(ThreadPoolExecutor.java:1128)
	at java.base/java.util.concurrent.ThreadPoolExecutor$Worker.run(ThreadPoolExecutor.java:628)
	... 1 more
java.util.concurrent.ExecutionException: jetbrains.exodus.ExodusException
	at java.base/java.util.concurrent.FutureTask.report(FutureTask.java:122)
	at java.base/java.util.concurrent.FutureTask.get(FutureTask.java:191)
	at jetbrains.exodus.newLogConcept.MVCC.MVCCDataStructure.commitTransaction(MVCCDataStructure.java:299)
	at site.ycsb.db.XodusClient.insert(XodusClient.java:60)
	at site.ycsb.DBWrapper.insert(DBWrapper.java:227)
	at site.ycsb.workloads.CoreWorkload.doInsert(CoreWorkload.java:621)
	at site.ycsb.ClientThread.run(ClientThread.java:135)
	at java.base/java.lang.Thread.run(Thread.java:829)
Caused by: jetbrains.exodus.ExodusException
	at jetbrains.exodus.newLogConcept.garbageCollector.OperationLogGarbageCollector.moveAndRemoveRecordsFromLog(OperationLogGarbageCollector.java:69)
	at jetbrains.exodus.newLogConcept.garbageCollector.OperationLogGarbageCollector.clean(OperationLogGarbageCollector.java:51)
	at jetbrains.exodus.newLogConcept.MVCC.MVCCDataStructure.lambda$commitTransaction$1(MVCCDataStructure.java:297)
	at java.base/java.util.concurrent.Executors$RunnableAdapter.call(Executors.java:515)
	at java.base/java.util.concurrent.FutureTask.run(FutureTask.java:264)
	at java.base/java.util.concurrent.ThreadPoolExecutor.runWorker(ThreadPoolExecutor.java:1128)
	at java.base/java.util.concurrent.ThreadPoolExecutor$Worker.run(ThreadPoolExecutor.java:628)
	... 1 more
java.util.concurrent.ExecutionException: jetbrains.exodus.ExodusException
	at java.base/java.util.concurrent.FutureTask.report(FutureTask.java:122)
	at java.base/java.util.concurrent.FutureTask.get(FutureTask.java:191)
	at jetbrains.exodus.newLogConcept.MVCC.MVCCDataStructure.commitTransaction(MVCCDataStructure.java:299)
	at site.ycsb.db.XodusClient.insert(XodusClient.java:60)
	at site.ycsb.DBWrapper.insert(DBWrapper.java:227)
	at site.ycsb.workloads.CoreWorkload.doInsert(CoreWorkload.java:621)
	at site.ycsb.ClientThread.run(ClientThread.java:135)
	at java.base/java.lang.Thread.run(Thread.java:829)
Caused by: jetbrains.exodus.ExodusException
	at jetbrains.exodus.newLogConcept.garbageCollector.OperationLogGarbageCollector.moveAndRemoveRecordsFromLog(OperationLogGarbageCollector.java:69)
	at jetbrains.exodus.newLogConcept.garbageCollector.OperationLogGarbageCollector.clean(OperationLogGarbageCollector.java:51)
	at jetbrains.exodus.newLogConcept.MVCC.MVCCDataStructure.lambda$commitTransaction$1(MVCCDataStructure.java:297)
	at java.base/java.util.concurrent.Executors$RunnableAdapter.call(Executors.java:515)
	at java.base/java.util.concurrent.FutureTask.run(FutureTask.java:264)
	at java.base/java.util.concurrent.ThreadPoolExecutor.runWorker(ThreadPoolExecutor.java:1128)
	at java.base/java.util.concurrent.ThreadPoolExecutor$Worker.run(ThreadPoolExecutor.java:628)
	... 1 more
java.util.concurrent.ExecutionException: jetbrains.exodus.ExodusException
	at java.base/java.util.concurrent.FutureTask.report(FutureTask.java:122)
	at java.base/java.util.concurrent.FutureTask.get(FutureTask.java:191)
	at jetbrains.exodus.newLogConcept.MVCC.MVCCDataStructure.commitTransaction(MVCCDataStructure.java:299)
	at site.ycsb.db.XodusClient.insert(XodusClient.java:60)
	at site.ycsb.DBWrapper.insert(DBWrapper.java:227)
	at site.ycsb.workloads.CoreWorkload.doInsert(CoreWorkload.java:621)
	at site.ycsb.ClientThread.run(ClientThread.java:135)
	at java.base/java.lang.Thread.run(Thread.java:829)
Caused by: jetbrains.exodus.ExodusException
	at jetbrains.exodus.newLogConcept.garbageCollector.OperationLogGarbageCollector.moveAndRemoveRecordsFromLog(OperationLogGarbageCollector.java:69)
	at jetbrains.exodus.newLogConcept.garbageCollector.OperationLogGarbageCollector.clean(OperationLogGarbageCollector.java:51)
	at jetbrains.exodus.newLogConcept.MVCC.MVCCDataStructure.lambda$commitTransaction$1(MVCCDataStructure.java:297)
	at java.base/java.util.concurrent.Executors$RunnableAdapter.call(Executors.java:515)
	at java.base/java.util.concurrent.FutureTask.run(FutureTask.java:264)
	at java.base/java.util.concurrent.ThreadPoolExecutor.runWorker(ThreadPoolExecutor.java:1128)
	at java.base/java.util.concurrent.ThreadPoolExecutor$Worker.run(ThreadPoolExecutor.java:628)
	... 1 more
java.util.concurrent.ExecutionException: jetbrains.exodus.ExodusException
	at java.base/java.util.concurrent.FutureTask.report(FutureTask.java:122)
	at java.base/java.util.concurrent.FutureTask.get(FutureTask.java:191)
	at jetbrains.exodus.newLogConcept.MVCC.MVCCDataStructure.commitTransaction(MVCCDataStructure.java:299)
	at site.ycsb.db.XodusClient.insert(XodusClient.java:60)
	at site.ycsb.DBWrapper.insert(DBWrapper.java:227)
	at site.ycsb.workloads.CoreWorkload.doInsert(CoreWorkload.java:621)
	at site.ycsb.ClientThread.run(ClientThread.java:135)
	at java.base/java.lang.Thread.run(Thread.java:829)
Caused by: jetbrains.exodus.ExodusException
	at jetbrains.exodus.newLogConcept.garbageCollector.OperationLogGarbageCollector.moveAndRemoveRecordsFromLog(OperationLogGarbageCollector.java:69)
	at jetbrains.exodus.newLogConcept.garbageCollector.OperationLogGarbageCollector.clean(OperationLogGarbageCollector.java:51)
	at jetbrains.exodus.newLogConcept.MVCC.MVCCDataStructure.lambda$commitTransaction$1(MVCCDataStructure.java:297)
	at java.base/java.util.concurrent.Executors$RunnableAdapter.call(Executors.java:515)
	at java.base/java.util.concurrent.FutureTask.run(FutureTask.java:264)
	at java.base/java.util.concurrent.ThreadPoolExecutor.runWorker(ThreadPoolExecutor.java:1128)
	at java.base/java.util.concurrent.ThreadPoolExecutor$Worker.run(ThreadPoolExecutor.java:628)
	... 1 more
java.util.concurrent.ExecutionException: jetbrains.exodus.ExodusException
	at java.base/java.util.concurrent.FutureTask.report(FutureTask.java:122)
	at java.base/java.util.concurrent.FutureTask.get(FutureTask.java:191)
	at jetbrains.exodus.newLogConcept.MVCC.MVCCDataStructure.commitTransaction(MVCCDataStructure.java:299)
	at site.ycsb.db.XodusClient.insert(XodusClient.java:60)
	at site.ycsb.DBWrapper.insert(DBWrapper.java:227)
	at site.ycsb.workloads.CoreWorkload.doInsert(CoreWorkload.java:621)
	at site.ycsb.ClientThread.run(ClientThread.java:135)
	at java.base/java.lang.Thread.run(Thread.java:829)
Caused by: jetbrains.exodus.ExodusException
	at jetbrains.exodus.newLogConcept.garbageCollector.OperationLogGarbageCollector.moveAndRemoveRecordsFromLog(OperationLogGarbageCollector.java:69)
	at jetbrains.exodus.newLogConcept.garbageCollector.OperationLogGarbageCollector.clean(OperationLogGarbageCollector.java:51)
	at jetbrains.exodus.newLogConcept.MVCC.MVCCDataStructure.lambda$commitTransaction$1(MVCCDataStructure.java:297)
	at java.base/java.util.concurrent.Executors$RunnableAdapter.call(Executors.java:515)
	at java.base/java.util.concurrent.FutureTask.run(FutureTask.java:264)
	at java.base/java.util.concurrent.ThreadPoolExecutor.runWorker(ThreadPoolExecutor.java:1128)
	at java.base/java.util.concurrent.ThreadPoolExecutor$Worker.run(ThreadPoolExecutor.java:628)
	... 1 more
java.util.concurrent.ExecutionException: jetbrains.exodus.ExodusException
	at java.base/java.util.concurrent.FutureTask.report(FutureTask.java:122)
	at java.base/java.util.concurrent.FutureTask.get(FutureTask.java:191)
	at jetbrains.exodus.newLogConcept.MVCC.MVCCDataStructure.commitTransaction(MVCCDataStructure.java:299)
	at site.ycsb.db.XodusClient.insert(XodusClient.java:60)
	at site.ycsb.DBWrapper.insert(DBWrapper.java:227)
	at site.ycsb.workloads.CoreWorkload.doInsert(CoreWorkload.java:621)
	at site.ycsb.ClientThread.run(ClientThread.java:135)
	at java.base/java.lang.Thread.run(Thread.java:829)
Caused by: jetbrains.exodus.ExodusException
	at jetbrains.exodus.newLogConcept.garbageCollector.OperationLogGarbageCollector.moveAndRemoveRecordsFromLog(OperationLogGarbageCollector.java:69)
	at jetbrains.exodus.newLogConcept.garbageCollector.OperationLogGarbageCollector.clean(OperationLogGarbageCollector.java:51)
	at jetbrains.exodus.newLogConcept.MVCC.MVCCDataStructure.lambda$commitTransaction$1(MVCCDataStructure.java:297)
	at java.base/java.util.concurrent.Executors$RunnableAdapter.call(Executors.java:515)
	at java.base/java.util.concurrent.FutureTask.run(FutureTask.java:264)
	at java.base/java.util.concurrent.ThreadPoolExecutor.runWorker(ThreadPoolExecutor.java:1128)
	at java.base/java.util.concurrent.ThreadPoolExecutor$Worker.run(ThreadPoolExecutor.java:628)
	... 1 more
java.util.concurrent.ExecutionException: jetbrains.exodus.ExodusException
	at java.base/java.util.concurrent.FutureTask.report(FutureTask.java:122)
	at java.base/java.util.concurrent.FutureTask.get(FutureTask.java:191)
	at jetbrains.exodus.newLogConcept.MVCC.MVCCDataStructure.commitTransaction(MVCCDataStructure.java:299)
	at site.ycsb.db.XodusClient.insert(XodusClient.java:60)
	at site.ycsb.DBWrapper.insert(DBWrapper.java:227)
	at site.ycsb.workloads.CoreWorkload.doInsert(CoreWorkload.java:621)
	at site.ycsb.ClientThread.run(ClientThread.java:135)
	at java.base/java.lang.Thread.run(Thread.java:829)
Caused by: jetbrains.exodus.ExodusException
	at jetbrains.exodus.newLogConcept.garbageCollector.OperationLogGarbageCollector.moveAndRemoveRecordsFromLog(OperationLogGarbageCollector.java:69)
	at jetbrains.exodus.newLogConcept.garbageCollector.OperationLogGarbageCollector.clean(OperationLogGarbageCollector.java:51)
	at jetbrains.exodus.newLogConcept.MVCC.MVCCDataStructure.lambda$commitTransaction$1(MVCCDataStructure.java:297)
	at java.base/java.util.concurrent.Executors$RunnableAdapter.call(Executors.java:515)
	at java.base/java.util.concurrent.FutureTask.run(FutureTask.java:264)
	at java.base/java.util.concurrent.ThreadPoolExecutor.runWorker(ThreadPoolExecutor.java:1128)
	at java.base/java.util.concurrent.ThreadPoolExecutor$Worker.run(ThreadPoolExecutor.java:628)
	... 1 more
java.util.concurrent.ExecutionException: jetbrains.exodus.ExodusException
	at java.base/java.util.concurrent.FutureTask.report(FutureTask.java:122)
	at java.base/java.util.concurrent.FutureTask.get(FutureTask.java:191)
	at jetbrains.exodus.newLogConcept.MVCC.MVCCDataStructure.commitTransaction(MVCCDataStructure.java:299)
	at site.ycsb.db.XodusClient.insert(XodusClient.java:60)
	at site.ycsb.DBWrapper.insert(DBWrapper.java:227)
	at site.ycsb.workloads.CoreWorkload.doInsert(CoreWorkload.java:621)
	at site.ycsb.ClientThread.run(ClientThread.java:135)
	at java.base/java.lang.Thread.run(Thread.java:829)
Caused by: jetbrains.exodus.ExodusException
	at jetbrains.exodus.newLogConcept.garbageCollector.OperationLogGarbageCollector.moveAndRemoveRecordsFromLog(OperationLogGarbageCollector.java:69)
	at jetbrains.exodus.newLogConcept.garbageCollector.OperationLogGarbageCollector.clean(OperationLogGarbageCollector.java:51)
	at jetbrains.exodus.newLogConcept.MVCC.MVCCDataStructure.lambda$commitTransaction$1(MVCCDataStructure.java:297)
	at java.base/java.util.concurrent.Executors$RunnableAdapter.call(Executors.java:515)
	at java.base/java.util.concurrent.FutureTask.run(FutureTask.java:264)
	at java.base/java.util.concurrent.ThreadPoolExecutor.runWorker(ThreadPoolExecutor.java:1128)
	at java.base/java.util.concurrent.ThreadPoolExecutor$Worker.run(ThreadPoolExecutor.java:628)
	... 1 more
java.util.concurrent.ExecutionException: jetbrains.exodus.ExodusException
	at java.base/java.util.concurrent.FutureTask.report(FutureTask.java:122)
	at java.base/java.util.concurrent.FutureTask.get(FutureTask.java:191)
	at jetbrains.exodus.newLogConcept.MVCC.MVCCDataStructure.commitTransaction(MVCCDataStructure.java:299)
	at site.ycsb.db.XodusClient.insert(XodusClient.java:60)
	at site.ycsb.DBWrapper.insert(DBWrapper.java:227)
	at site.ycsb.workloads.CoreWorkload.doInsert(CoreWorkload.java:621)
	at site.ycsb.ClientThread.run(ClientThread.java:135)
	at java.base/java.lang.Thread.run(Thread.java:829)
Caused by: jetbrains.exodus.ExodusException
	at jetbrains.exodus.newLogConcept.garbageCollector.OperationLogGarbageCollector.moveAndRemoveRecordsFromLog(OperationLogGarbageCollector.java:69)
	at jetbrains.exodus.newLogConcept.garbageCollector.OperationLogGarbageCollector.clean(OperationLogGarbageCollector.java:51)
	at jetbrains.exodus.newLogConcept.MVCC.MVCCDataStructure.lambda$commitTransaction$1(MVCCDataStructure.java:297)
	at java.base/java.util.concurrent.Executors$RunnableAdapter.call(Executors.java:515)
	at java.base/java.util.concurrent.FutureTask.run(FutureTask.java:264)
	at java.base/java.util.concurrent.ThreadPoolExecutor.runWorker(ThreadPoolExecutor.java:1128)
	at java.base/java.util.concurrent.ThreadPoolExecutor$Worker.run(ThreadPoolExecutor.java:628)
	... 1 more
java.util.concurrent.ExecutionException: jetbrains.exodus.ExodusException
	at java.base/java.util.concurrent.FutureTask.report(FutureTask.java:122)
	at java.base/java.util.concurrent.FutureTask.get(FutureTask.java:191)
	at jetbrains.exodus.newLogConcept.MVCC.MVCCDataStructure.commitTransaction(MVCCDataStructure.java:299)
	at site.ycsb.db.XodusClient.insert(XodusClient.java:60)
	at site.ycsb.DBWrapper.insert(DBWrapper.java:227)
	at site.ycsb.workloads.CoreWorkload.doInsert(CoreWorkload.java:621)
	at site.ycsb.ClientThread.run(ClientThread.java:135)
	at java.base/java.lang.Thread.run(Thread.java:829)
Caused by: jetbrains.exodus.ExodusException
	at jetbrains.exodus.newLogConcept.garbageCollector.OperationLogGarbageCollector.moveAndRemoveRecordsFromLog(OperationLogGarbageCollector.java:69)
	at jetbrains.exodus.newLogConcept.garbageCollector.OperationLogGarbageCollector.clean(OperationLogGarbageCollector.java:51)
	at jetbrains.exodus.newLogConcept.MVCC.MVCCDataStructure.lambda$commitTransaction$1(MVCCDataStructure.java:297)
	at java.base/java.util.concurrent.Executors$RunnableAdapter.call(Executors.java:515)
	at java.base/java.util.concurrent.FutureTask.run(FutureTask.java:264)
	at java.base/java.util.concurrent.ThreadPoolExecutor.runWorker(ThreadPoolExecutor.java:1128)
	at java.base/java.util.concurrent.ThreadPoolExecutor$Worker.run(ThreadPoolExecutor.java:628)
	... 1 more
java.util.concurrent.ExecutionException: jetbrains.exodus.ExodusException
	at java.base/java.util.concurrent.FutureTask.report(FutureTask.java:122)
	at java.base/java.util.concurrent.FutureTask.get(FutureTask.java:191)
	at jetbrains.exodus.newLogConcept.MVCC.MVCCDataStructure.commitTransaction(MVCCDataStructure.java:299)
	at site.ycsb.db.XodusClient.insert(XodusClient.java:60)
	at site.ycsb.DBWrapper.insert(DBWrapper.java:227)
	at site.ycsb.workloads.CoreWorkload.doInsert(CoreWorkload.java:621)
	at site.ycsb.ClientThread.run(ClientThread.java:135)
	at java.base/java.lang.Thread.run(Thread.java:829)
Caused by: jetbrains.exodus.ExodusException
	at jetbrains.exodus.newLogConcept.garbageCollector.OperationLogGarbageCollector.moveAndRemoveRecordsFromLog(OperationLogGarbageCollector.java:69)
	at jetbrains.exodus.newLogConcept.garbageCollector.OperationLogGarbageCollector.clean(OperationLogGarbageCollector.java:51)
	at jetbrains.exodus.newLogConcept.MVCC.MVCCDataStructure.lambda$commitTransaction$1(MVCCDataStructure.java:297)
	at java.base/java.util.concurrent.Executors$RunnableAdapter.call(Executors.java:515)
	at java.base/java.util.concurrent.FutureTask.run(FutureTask.java:264)
	at java.base/java.util.concurrent.ThreadPoolExecutor.runWorker(ThreadPoolExecutor.java:1128)
	at java.base/java.util.concurrent.ThreadPoolExecutor$Worker.run(ThreadPoolExecutor.java:628)
	... 1 more
java.util.concurrent.ExecutionException: jetbrains.exodus.ExodusException
	at java.base/java.util.concurrent.FutureTask.report(FutureTask.java:122)
	at java.base/java.util.concurrent.FutureTask.get(FutureTask.java:191)
	at jetbrains.exodus.newLogConcept.MVCC.MVCCDataStructure.commitTransaction(MVCCDataStructure.java:299)
	at site.ycsb.db.XodusClient.insert(XodusClient.java:60)
	at site.ycsb.DBWrapper.insert(DBWrapper.java:227)
	at site.ycsb.workloads.CoreWorkload.doInsert(CoreWorkload.java:621)
	at site.ycsb.ClientThread.run(ClientThread.java:135)
	at java.base/java.lang.Thread.run(Thread.java:829)
Caused by: jetbrains.exodus.ExodusException
	at jetbrains.exodus.newLogConcept.garbageCollector.OperationLogGarbageCollector.moveAndRemoveRecordsFromLog(OperationLogGarbageCollector.java:69)
	at jetbrains.exodus.newLogConcept.garbageCollector.OperationLogGarbageCollector.clean(OperationLogGarbageCollector.java:51)
	at jetbrains.exodus.newLogConcept.MVCC.MVCCDataStructure.lambda$commitTransaction$1(MVCCDataStructure.java:297)
	at java.base/java.util.concurrent.Executors$RunnableAdapter.call(Executors.java:515)
	at java.base/java.util.concurrent.FutureTask.run(FutureTask.java:264)
	at java.base/java.util.concurrent.ThreadPoolExecutor.runWorker(ThreadPoolExecutor.java:1128)
	at java.base/java.util.concurrent.ThreadPoolExecutor$Worker.run(ThreadPoolExecutor.java:628)
	... 1 more
java.util.concurrent.ExecutionException: jetbrains.exodus.ExodusException
	at java.base/java.util.concurrent.FutureTask.report(FutureTask.java:122)
	at java.base/java.util.concurrent.FutureTask.get(FutureTask.java:191)
	at jetbrains.exodus.newLogConcept.MVCC.MVCCDataStructure.commitTransaction(MVCCDataStructure.java:299)
	at site.ycsb.db.XodusClient.insert(XodusClient.java:60)
	at site.ycsb.DBWrapper.insert(DBWrapper.java:227)
	at site.ycsb.workloads.CoreWorkload.doInsert(CoreWorkload.java:621)
	at site.ycsb.ClientThread.run(ClientThread.java:135)
	at java.base/java.lang.Thread.run(Thread.java:829)
Caused by: jetbrains.exodus.ExodusException
	at jetbrains.exodus.newLogConcept.garbageCollector.OperationLogGarbageCollector.moveAndRemoveRecordsFromLog(OperationLogGarbageCollector.java:69)
	at jetbrains.exodus.newLogConcept.garbageCollector.OperationLogGarbageCollector.clean(OperationLogGarbageCollector.java:51)
	at jetbrains.exodus.newLogConcept.MVCC.MVCCDataStructure.lambda$commitTransaction$1(MVCCDataStructure.java:297)
	at java.base/java.util.concurrent.Executors$RunnableAdapter.call(Executors.java:515)
	at java.base/java.util.concurrent.FutureTask.run(FutureTask.java:264)
	at java.base/java.util.concurrent.ThreadPoolExecutor.runWorker(ThreadPoolExecutor.java:1128)
	at java.base/java.util.concurrent.ThreadPoolExecutor$Worker.run(ThreadPoolExecutor.java:628)
	... 1 more
java.util.concurrent.ExecutionException: jetbrains.exodus.ExodusException
	at java.base/java.util.concurrent.FutureTask.report(FutureTask.java:122)
	at java.base/java.util.concurrent.FutureTask.get(FutureTask.java:191)
	at jetbrains.exodus.newLogConcept.MVCC.MVCCDataStructure.commitTransaction(MVCCDataStructure.java:299)
	at site.ycsb.db.XodusClient.insert(XodusClient.java:60)
	at site.ycsb.DBWrapper.insert(DBWrapper.java:227)
	at site.ycsb.workloads.CoreWorkload.doInsert(CoreWorkload.java:621)
	at site.ycsb.ClientThread.run(ClientThread.java:135)
	at java.base/java.lang.Thread.run(Thread.java:829)
Caused by: jetbrains.exodus.ExodusException
	at jetbrains.exodus.newLogConcept.garbageCollector.OperationLogGarbageCollector.moveAndRemoveRecordsFromLog(OperationLogGarbageCollector.java:69)
	at jetbrains.exodus.newLogConcept.garbageCollector.OperationLogGarbageCollector.clean(OperationLogGarbageCollector.java:51)
	at jetbrains.exodus.newLogConcept.MVCC.MVCCDataStructure.lambda$commitTransaction$1(MVCCDataStructure.java:297)
	at java.base/java.util.concurrent.Executors$RunnableAdapter.call(Executors.java:515)
	at java.base/java.util.concurrent.FutureTask.run(FutureTask.java:264)
	at java.base/java.util.concurrent.ThreadPoolExecutor.runWorker(ThreadPoolExecutor.java:1128)
	at java.base/java.util.concurrent.ThreadPoolExecutor$Worker.run(ThreadPoolExecutor.java:628)
	... 1 more
java.util.concurrent.ExecutionException: jetbrains.exodus.ExodusException
	at java.base/java.util.concurrent.FutureTask.report(FutureTask.java:122)
	at java.base/java.util.concurrent.FutureTask.get(FutureTask.java:191)
	at jetbrains.exodus.newLogConcept.MVCC.MVCCDataStructure.commitTransaction(MVCCDataStructure.java:299)
	at site.ycsb.db.XodusClient.insert(XodusClient.java:60)
	at site.ycsb.DBWrapper.insert(DBWrapper.java:227)
	at site.ycsb.workloads.CoreWorkload.doInsert(CoreWorkload.java:621)
	at site.ycsb.ClientThread.run(ClientThread.java:135)
	at java.base/java.lang.Thread.run(Thread.java:829)
Caused by: jetbrains.exodus.ExodusException
	at jetbrains.exodus.newLogConcept.garbageCollector.OperationLogGarbageCollector.moveAndRemoveRecordsFromLog(OperationLogGarbageCollector.java:69)
	at jetbrains.exodus.newLogConcept.garbageCollector.OperationLogGarbageCollector.clean(OperationLogGarbageCollector.java:51)
	at jetbrains.exodus.newLogConcept.MVCC.MVCCDataStructure.lambda$commitTransaction$1(MVCCDataStructure.java:297)
	at java.base/java.util.concurrent.Executors$RunnableAdapter.call(Executors.java:515)
	at java.base/java.util.concurrent.FutureTask.run(FutureTask.java:264)
	at java.base/java.util.concurrent.ThreadPoolExecutor.runWorker(ThreadPoolExecutor.java:1128)
	at java.base/java.util.concurrent.ThreadPoolExecutor$Worker.run(ThreadPoolExecutor.java:628)
	... 1 more
java.util.concurrent.ExecutionException: jetbrains.exodus.ExodusException
	at java.base/java.util.concurrent.FutureTask.report(FutureTask.java:122)
	at java.base/java.util.concurrent.FutureTask.get(FutureTask.java:191)
	at jetbrains.exodus.newLogConcept.MVCC.MVCCDataStructure.commitTransaction(MVCCDataStructure.java:299)
	at site.ycsb.db.XodusClient.insert(XodusClient.java:60)
	at site.ycsb.DBWrapper.insert(DBWrapper.java:227)
	at site.ycsb.workloads.CoreWorkload.doInsert(CoreWorkload.java:621)
	at site.ycsb.ClientThread.run(ClientThread.java:135)
	at java.base/java.lang.Thread.run(Thread.java:829)
Caused by: jetbrains.exodus.ExodusException
	at jetbrains.exodus.newLogConcept.garbageCollector.OperationLogGarbageCollector.moveAndRemoveRecordsFromLog(OperationLogGarbageCollector.java:69)
	at jetbrains.exodus.newLogConcept.garbageCollector.OperationLogGarbageCollector.clean(OperationLogGarbageCollector.java:51)
	at jetbrains.exodus.newLogConcept.MVCC.MVCCDataStructure.lambda$commitTransaction$1(MVCCDataStructure.java:297)
	at java.base/java.util.concurrent.Executors$RunnableAdapter.call(Executors.java:515)
	at java.base/java.util.concurrent.FutureTask.run(FutureTask.java:264)
	at java.base/java.util.concurrent.ThreadPoolExecutor.runWorker(ThreadPoolExecutor.java:1128)
	at java.base/java.util.concurrent.ThreadPoolExecutor$Worker.run(ThreadPoolExecutor.java:628)
	... 1 more
java.util.concurrent.ExecutionException: jetbrains.exodus.ExodusException
	at java.base/java.util.concurrent.FutureTask.report(FutureTask.java:122)
	at java.base/java.util.concurrent.FutureTask.get(FutureTask.java:191)
	at jetbrains.exodus.newLogConcept.MVCC.MVCCDataStructure.commitTransaction(MVCCDataStructure.java:299)
	at site.ycsb.db.XodusClient.insert(XodusClient.java:60)
	at site.ycsb.DBWrapper.insert(DBWrapper.java:227)
	at site.ycsb.workloads.CoreWorkload.doInsert(CoreWorkload.java:621)
	at site.ycsb.ClientThread.run(ClientThread.java:135)
	at java.base/java.lang.Thread.run(Thread.java:829)
Caused by: jetbrains.exodus.ExodusException
	at jetbrains.exodus.newLogConcept.garbageCollector.OperationLogGarbageCollector.moveAndRemoveRecordsFromLog(OperationLogGarbageCollector.java:69)
	at jetbrains.exodus.newLogConcept.garbageCollector.OperationLogGarbageCollector.clean(OperationLogGarbageCollector.java:51)
	at jetbrains.exodus.newLogConcept.MVCC.MVCCDataStructure.lambda$commitTransaction$1(MVCCDataStructure.java:297)
	at java.base/java.util.concurrent.Executors$RunnableAdapter.call(Executors.java:515)
	at java.base/java.util.concurrent.FutureTask.run(FutureTask.java:264)
	at java.base/java.util.concurrent.ThreadPoolExecutor.runWorker(ThreadPoolExecutor.java:1128)
	at java.base/java.util.concurrent.ThreadPoolExecutor$Worker.run(ThreadPoolExecutor.java:628)
	... 1 more
java.util.concurrent.ExecutionException: jetbrains.exodus.ExodusException
	at java.base/java.util.concurrent.FutureTask.report(FutureTask.java:122)
	at java.base/java.util.concurrent.FutureTask.get(FutureTask.java:191)
	at jetbrains.exodus.newLogConcept.MVCC.MVCCDataStructure.commitTransaction(MVCCDataStructure.java:299)
	at site.ycsb.db.XodusClient.insert(XodusClient.java:60)
	at site.ycsb.DBWrapper.insert(DBWrapper.java:227)
	at site.ycsb.workloads.CoreWorkload.doInsert(CoreWorkload.java:621)
	at site.ycsb.ClientThread.run(ClientThread.java:135)
	at java.base/java.lang.Thread.run(Thread.java:829)
Caused by: jetbrains.exodus.ExodusException
	at jetbrains.exodus.newLogConcept.garbageCollector.OperationLogGarbageCollector.moveAndRemoveRecordsFromLog(OperationLogGarbageCollector.java:69)
	at jetbrains.exodus.newLogConcept.garbageCollector.OperationLogGarbageCollector.clean(OperationLogGarbageCollector.java:51)
	at jetbrains.exodus.newLogConcept.MVCC.MVCCDataStructure.lambda$commitTransaction$1(MVCCDataStructure.java:297)
	at java.base/java.util.concurrent.Executors$RunnableAdapter.call(Executors.java:515)
	at java.base/java.util.concurrent.FutureTask.run(FutureTask.java:264)
	at java.base/java.util.concurrent.ThreadPoolExecutor.runWorker(ThreadPoolExecutor.java:1128)
	at java.base/java.util.concurrent.ThreadPoolExecutor$Worker.run(ThreadPoolExecutor.java:628)
	... 1 more
java.util.concurrent.ExecutionException: jetbrains.exodus.ExodusException
	at java.base/java.util.concurrent.FutureTask.report(FutureTask.java:122)
	at java.base/java.util.concurrent.FutureTask.get(FutureTask.java:191)
	at jetbrains.exodus.newLogConcept.MVCC.MVCCDataStructure.commitTransaction(MVCCDataStructure.java:299)
	at site.ycsb.db.XodusClient.insert(XodusClient.java:60)
	at site.ycsb.DBWrapper.insert(DBWrapper.java:227)
	at site.ycsb.workloads.CoreWorkload.doInsert(CoreWorkload.java:621)
	at site.ycsb.ClientThread.run(ClientThread.java:135)
	at java.base/java.lang.Thread.run(Thread.java:829)
Caused by: jetbrains.exodus.ExodusException
	at jetbrains.exodus.newLogConcept.garbageCollector.OperationLogGarbageCollector.moveAndRemoveRecordsFromLog(OperationLogGarbageCollector.java:69)
	at jetbrains.exodus.newLogConcept.garbageCollector.OperationLogGarbageCollector.clean(OperationLogGarbageCollector.java:51)
	at jetbrains.exodus.newLogConcept.MVCC.MVCCDataStructure.lambda$commitTransaction$1(MVCCDataStructure.java:297)
	at java.base/java.util.concurrent.Executors$RunnableAdapter.call(Executors.java:515)
	at java.base/java.util.concurrent.FutureTask.run(FutureTask.java:264)
	at java.base/java.util.concurrent.ThreadPoolExecutor.runWorker(ThreadPoolExecutor.java:1128)
	at java.base/java.util.concurrent.ThreadPoolExecutor$Worker.run(ThreadPoolExecutor.java:628)
	... 1 more
java.util.concurrent.ExecutionException: jetbrains.exodus.ExodusException
	at java.base/java.util.concurrent.FutureTask.report(FutureTask.java:122)
	at java.base/java.util.concurrent.FutureTask.get(FutureTask.java:191)
	at jetbrains.exodus.newLogConcept.MVCC.MVCCDataStructure.commitTransaction(MVCCDataStructure.java:299)
	at site.ycsb.db.XodusClient.insert(XodusClient.java:60)
	at site.ycsb.DBWrapper.insert(DBWrapper.java:227)
	at site.ycsb.workloads.CoreWorkload.doInsert(CoreWorkload.java:621)
	at site.ycsb.ClientThread.run(ClientThread.java:135)
	at java.base/java.lang.Thread.run(Thread.java:829)
Caused by: jetbrains.exodus.ExodusException
	at jetbrains.exodus.newLogConcept.garbageCollector.OperationLogGarbageCollector.moveAndRemoveRecordsFromLog(OperationLogGarbageCollector.java:69)
	at jetbrains.exodus.newLogConcept.garbageCollector.OperationLogGarbageCollector.clean(OperationLogGarbageCollector.java:51)
	at jetbrains.exodus.newLogConcept.MVCC.MVCCDataStructure.lambda$commitTransaction$1(MVCCDataStructure.java:297)
	at java.base/java.util.concurrent.Executors$RunnableAdapter.call(Executors.java:515)
	at java.base/java.util.concurrent.FutureTask.run(FutureTask.java:264)
	at java.base/java.util.concurrent.ThreadPoolExecutor.runWorker(ThreadPoolExecutor.java:1128)
	at java.base/java.util.concurrent.ThreadPoolExecutor$Worker.run(ThreadPoolExecutor.java:628)
	... 1 more
java.util.concurrent.ExecutionException: jetbrains.exodus.ExodusException
	at java.base/java.util.concurrent.FutureTask.report(FutureTask.java:122)
	at java.base/java.util.concurrent.FutureTask.get(FutureTask.java:191)
	at jetbrains.exodus.newLogConcept.MVCC.MVCCDataStructure.commitTransaction(MVCCDataStructure.java:299)
	at site.ycsb.db.XodusClient.insert(XodusClient.java:60)
	at site.ycsb.DBWrapper.insert(DBWrapper.java:227)
	at site.ycsb.workloads.CoreWorkload.doInsert(CoreWorkload.java:621)
	at site.ycsb.ClientThread.run(ClientThread.java:135)
	at java.base/java.lang.Thread.run(Thread.java:829)
Caused by: jetbrains.exodus.ExodusException
	at jetbrains.exodus.newLogConcept.garbageCollector.OperationLogGarbageCollector.moveAndRemoveRecordsFromLog(OperationLogGarbageCollector.java:69)
	at jetbrains.exodus.newLogConcept.garbageCollector.OperationLogGarbageCollector.clean(OperationLogGarbageCollector.java:51)
	at jetbrains.exodus.newLogConcept.MVCC.MVCCDataStructure.lambda$commitTransaction$1(MVCCDataStructure.java:297)
	at java.base/java.util.concurrent.Executors$RunnableAdapter.call(Executors.java:515)
	at java.base/java.util.concurrent.FutureTask.run(FutureTask.java:264)
	at java.base/java.util.concurrent.ThreadPoolExecutor.runWorker(ThreadPoolExecutor.java:1128)
	at java.base/java.util.concurrent.ThreadPoolExecutor$Worker.run(ThreadPoolExecutor.java:628)
	... 1 more
java.util.concurrent.ExecutionException: jetbrains.exodus.ExodusException
	at java.base/java.util.concurrent.FutureTask.report(FutureTask.java:122)
	at java.base/java.util.concurrent.FutureTask.get(FutureTask.java:191)
	at jetbrains.exodus.newLogConcept.MVCC.MVCCDataStructure.commitTransaction(MVCCDataStructure.java:299)
	at site.ycsb.db.XodusClient.insert(XodusClient.java:60)
	at site.ycsb.DBWrapper.insert(DBWrapper.java:227)
	at site.ycsb.workloads.CoreWorkload.doInsert(CoreWorkload.java:621)
	at site.ycsb.ClientThread.run(ClientThread.java:135)
	at java.base/java.lang.Thread.run(Thread.java:829)
Caused by: jetbrains.exodus.ExodusException
	at jetbrains.exodus.newLogConcept.garbageCollector.OperationLogGarbageCollector.moveAndRemoveRecordsFromLog(OperationLogGarbageCollector.java:69)
	at jetbrains.exodus.newLogConcept.garbageCollector.OperationLogGarbageCollector.clean(OperationLogGarbageCollector.java:51)
	at jetbrains.exodus.newLogConcept.MVCC.MVCCDataStructure.lambda$commitTransaction$1(MVCCDataStructure.java:297)
	at java.base/java.util.concurrent.Executors$RunnableAdapter.call(Executors.java:515)
	at java.base/java.util.concurrent.FutureTask.run(FutureTask.java:264)
	at java.base/java.util.concurrent.ThreadPoolExecutor.runWorker(ThreadPoolExecutor.java:1128)
	at java.base/java.util.concurrent.ThreadPoolExecutor$Worker.run(ThreadPoolExecutor.java:628)
	... 1 more
java.util.concurrent.ExecutionException: jetbrains.exodus.ExodusException
	at java.base/java.util.concurrent.FutureTask.report(FutureTask.java:122)
	at java.base/java.util.concurrent.FutureTask.get(FutureTask.java:191)
	at jetbrains.exodus.newLogConcept.MVCC.MVCCDataStructure.commitTransaction(MVCCDataStructure.java:299)
	at site.ycsb.db.XodusClient.insert(XodusClient.java:60)
	at site.ycsb.DBWrapper.insert(DBWrapper.java:227)
	at site.ycsb.workloads.CoreWorkload.doInsert(CoreWorkload.java:621)
	at site.ycsb.ClientThread.run(ClientThread.java:135)
	at java.base/java.lang.Thread.run(Thread.java:829)
Caused by: jetbrains.exodus.ExodusException
	at jetbrains.exodus.newLogConcept.garbageCollector.OperationLogGarbageCollector.moveAndRemoveRecordsFromLog(OperationLogGarbageCollector.java:69)
	at jetbrains.exodus.newLogConcept.garbageCollector.OperationLogGarbageCollector.clean(OperationLogGarbageCollector.java:51)
	at jetbrains.exodus.newLogConcept.MVCC.MVCCDataStructure.lambda$commitTransaction$1(MVCCDataStructure.java:297)
	at java.base/java.util.concurrent.Executors$RunnableAdapter.call(Executors.java:515)
	at java.base/java.util.concurrent.FutureTask.run(FutureTask.java:264)
	at java.base/java.util.concurrent.ThreadPoolExecutor.runWorker(ThreadPoolExecutor.java:1128)
	at java.base/java.util.concurrent.ThreadPoolExecutor$Worker.run(ThreadPoolExecutor.java:628)
	... 1 more
java.util.concurrent.ExecutionException: jetbrains.exodus.ExodusException
	at java.base/java.util.concurrent.FutureTask.report(FutureTask.java:122)
	at java.base/java.util.concurrent.FutureTask.get(FutureTask.java:191)
	at jetbrains.exodus.newLogConcept.MVCC.MVCCDataStructure.commitTransaction(MVCCDataStructure.java:299)
	at site.ycsb.db.XodusClient.insert(XodusClient.java:60)
	at site.ycsb.DBWrapper.insert(DBWrapper.java:227)
	at site.ycsb.workloads.CoreWorkload.doInsert(CoreWorkload.java:621)
	at site.ycsb.ClientThread.run(ClientThread.java:135)
	at java.base/java.lang.Thread.run(Thread.java:829)
Caused by: jetbrains.exodus.ExodusException
	at jetbrains.exodus.newLogConcept.garbageCollector.OperationLogGarbageCollector.moveAndRemoveRecordsFromLog(OperationLogGarbageCollector.java:69)
	at jetbrains.exodus.newLogConcept.garbageCollector.OperationLogGarbageCollector.clean(OperationLogGarbageCollector.java:51)
	at jetbrains.exodus.newLogConcept.MVCC.MVCCDataStructure.lambda$commitTransaction$1(MVCCDataStructure.java:297)
	at java.base/java.util.concurrent.Executors$RunnableAdapter.call(Executors.java:515)
	at java.base/java.util.concurrent.FutureTask.run(FutureTask.java:264)
	at java.base/java.util.concurrent.ThreadPoolExecutor.runWorker(ThreadPoolExecutor.java:1128)
	at java.base/java.util.concurrent.ThreadPoolExecutor$Worker.run(ThreadPoolExecutor.java:628)
	... 1 more
java.util.concurrent.ExecutionException: jetbrains.exodus.ExodusException
	at java.base/java.util.concurrent.FutureTask.report(FutureTask.java:122)
	at java.base/java.util.concurrent.FutureTask.get(FutureTask.java:191)
	at jetbrains.exodus.newLogConcept.MVCC.MVCCDataStructure.commitTransaction(MVCCDataStructure.java:299)
	at site.ycsb.db.XodusClient.insert(XodusClient.java:60)
	at site.ycsb.DBWrapper.insert(DBWrapper.java:227)
	at site.ycsb.workloads.CoreWorkload.doInsert(CoreWorkload.java:621)
	at site.ycsb.ClientThread.run(ClientThread.java:135)
	at java.base/java.lang.Thread.run(Thread.java:829)
Caused by: jetbrains.exodus.ExodusException
	at jetbrains.exodus.newLogConcept.garbageCollector.OperationLogGarbageCollector.moveAndRemoveRecordsFromLog(OperationLogGarbageCollector.java:69)
	at jetbrains.exodus.newLogConcept.garbageCollector.OperationLogGarbageCollector.clean(OperationLogGarbageCollector.java:51)
	at jetbrains.exodus.newLogConcept.MVCC.MVCCDataStructure.lambda$commitTransaction$1(MVCCDataStructure.java:297)
	at java.base/java.util.concurrent.Executors$RunnableAdapter.call(Executors.java:515)
	at java.base/java.util.concurrent.FutureTask.run(FutureTask.java:264)
	at java.base/java.util.concurrent.ThreadPoolExecutor.runWorker(ThreadPoolExecutor.java:1128)
	at java.base/java.util.concurrent.ThreadPoolExecutor$Worker.run(ThreadPoolExecutor.java:628)
	... 1 more
java.util.concurrent.ExecutionException: jetbrains.exodus.ExodusException
	at java.base/java.util.concurrent.FutureTask.report(FutureTask.java:122)
	at java.base/java.util.concurrent.FutureTask.get(FutureTask.java:191)
	at jetbrains.exodus.newLogConcept.MVCC.MVCCDataStructure.commitTransaction(MVCCDataStructure.java:299)
	at site.ycsb.db.XodusClient.insert(XodusClient.java:60)
	at site.ycsb.DBWrapper.insert(DBWrapper.java:227)
	at site.ycsb.workloads.CoreWorkload.doInsert(CoreWorkload.java:621)
	at site.ycsb.ClientThread.run(ClientThread.java:135)
	at java.base/java.lang.Thread.run(Thread.java:829)
Caused by: jetbrains.exodus.ExodusException
	at jetbrains.exodus.newLogConcept.garbageCollector.OperationLogGarbageCollector.moveAndRemoveRecordsFromLog(OperationLogGarbageCollector.java:69)
	at jetbrains.exodus.newLogConcept.garbageCollector.OperationLogGarbageCollector.clean(OperationLogGarbageCollector.java:51)
	at jetbrains.exodus.newLogConcept.MVCC.MVCCDataStructure.lambda$commitTransaction$1(MVCCDataStructure.java:297)
	at java.base/java.util.concurrent.Executors$RunnableAdapter.call(Executors.java:515)
	at java.base/java.util.concurrent.FutureTask.run(FutureTask.java:264)
	at java.base/java.util.concurrent.ThreadPoolExecutor.runWorker(ThreadPoolExecutor.java:1128)
	at java.base/java.util.concurrent.ThreadPoolExecutor$Worker.run(ThreadPoolExecutor.java:628)
	... 1 more
java.util.concurrent.ExecutionException: jetbrains.exodus.ExodusException
	at java.base/java.util.concurrent.FutureTask.report(FutureTask.java:122)
	at java.base/java.util.concurrent.FutureTask.get(FutureTask.java:191)
	at jetbrains.exodus.newLogConcept.MVCC.MVCCDataStructure.commitTransaction(MVCCDataStructure.java:299)
	at site.ycsb.db.XodusClient.insert(XodusClient.java:60)
	at site.ycsb.DBWrapper.insert(DBWrapper.java:227)
	at site.ycsb.workloads.CoreWorkload.doInsert(CoreWorkload.java:621)
	at site.ycsb.ClientThread.run(ClientThread.java:135)
	at java.base/java.lang.Thread.run(Thread.java:829)
Caused by: jetbrains.exodus.ExodusException
	at jetbrains.exodus.newLogConcept.garbageCollector.OperationLogGarbageCollector.moveAndRemoveRecordsFromLog(OperationLogGarbageCollector.java:69)
	at jetbrains.exodus.newLogConcept.garbageCollector.OperationLogGarbageCollector.clean(OperationLogGarbageCollector.java:51)
	at jetbrains.exodus.newLogConcept.MVCC.MVCCDataStructure.lambda$commitTransaction$1(MVCCDataStructure.java:297)
	at java.base/java.util.concurrent.Executors$RunnableAdapter.call(Executors.java:515)
	at java.base/java.util.concurrent.FutureTask.run(FutureTask.java:264)
	at java.base/java.util.concurrent.ThreadPoolExecutor.runWorker(ThreadPoolExecutor.java:1128)
	at java.base/java.util.concurrent.ThreadPoolExecutor$Worker.run(ThreadPoolExecutor.java:628)
	... 1 more
java.util.concurrent.ExecutionException: jetbrains.exodus.ExodusException
	at java.base/java.util.concurrent.FutureTask.report(FutureTask.java:122)
	at java.base/java.util.concurrent.FutureTask.get(FutureTask.java:191)
	at jetbrains.exodus.newLogConcept.MVCC.MVCCDataStructure.commitTransaction(MVCCDataStructure.java:299)
	at site.ycsb.db.XodusClient.insert(XodusClient.java:60)
	at site.ycsb.DBWrapper.insert(DBWrapper.java:227)
	at site.ycsb.workloads.CoreWorkload.doInsert(CoreWorkload.java:621)
	at site.ycsb.ClientThread.run(ClientThread.java:135)
	at java.base/java.lang.Thread.run(Thread.java:829)
Caused by: jetbrains.exodus.ExodusException
	at jetbrains.exodus.newLogConcept.garbageCollector.OperationLogGarbageCollector.moveAndRemoveRecordsFromLog(OperationLogGarbageCollector.java:69)
	at jetbrains.exodus.newLogConcept.garbageCollector.OperationLogGarbageCollector.clean(OperationLogGarbageCollector.java:51)
	at jetbrains.exodus.newLogConcept.MVCC.MVCCDataStructure.lambda$commitTransaction$1(MVCCDataStructure.java:297)
	at java.base/java.util.concurrent.Executors$RunnableAdapter.call(Executors.java:515)
	at java.base/java.util.concurrent.FutureTask.run(FutureTask.java:264)
	at java.base/java.util.concurrent.ThreadPoolExecutor.runWorker(ThreadPoolExecutor.java:1128)
	at java.base/java.util.concurrent.ThreadPoolExecutor$Worker.run(ThreadPoolExecutor.java:628)
	... 1 more
java.util.concurrent.ExecutionException: jetbrains.exodus.ExodusException
	at java.base/java.util.concurrent.FutureTask.report(FutureTask.java:122)
	at java.base/java.util.concurrent.FutureTask.get(FutureTask.java:191)
	at jetbrains.exodus.newLogConcept.MVCC.MVCCDataStructure.commitTransaction(MVCCDataStructure.java:299)
	at site.ycsb.db.XodusClient.insert(XodusClient.java:60)
	at site.ycsb.DBWrapper.insert(DBWrapper.java:227)
	at site.ycsb.workloads.CoreWorkload.doInsert(CoreWorkload.java:621)
	at site.ycsb.ClientThread.run(ClientThread.java:135)
	at java.base/java.lang.Thread.run(Thread.java:829)
Caused by: jetbrains.exodus.ExodusException
	at jetbrains.exodus.newLogConcept.garbageCollector.OperationLogGarbageCollector.moveAndRemoveRecordsFromLog(OperationLogGarbageCollector.java:69)
	at jetbrains.exodus.newLogConcept.garbageCollector.OperationLogGarbageCollector.clean(OperationLogGarbageCollector.java:51)
	at jetbrains.exodus.newLogConcept.MVCC.MVCCDataStructure.lambda$commitTransaction$1(MVCCDataStructure.java:297)
	at java.base/java.util.concurrent.Executors$RunnableAdapter.call(Executors.java:515)
	at java.base/java.util.concurrent.FutureTask.run(FutureTask.java:264)
	at java.base/java.util.concurrent.ThreadPoolExecutor.runWorker(ThreadPoolExecutor.java:1128)
	at java.base/java.util.concurrent.ThreadPoolExecutor$Worker.run(ThreadPoolExecutor.java:628)
	... 1 more
java.util.concurrent.ExecutionException: jetbrains.exodus.ExodusException
	at java.base/java.util.concurrent.FutureTask.report(FutureTask.java:122)
	at java.base/java.util.concurrent.FutureTask.get(FutureTask.java:191)
	at jetbrains.exodus.newLogConcept.MVCC.MVCCDataStructure.commitTransaction(MVCCDataStructure.java:299)
	at site.ycsb.db.XodusClient.insert(XodusClient.java:60)
	at site.ycsb.DBWrapper.insert(DBWrapper.java:227)
	at site.ycsb.workloads.CoreWorkload.doInsert(CoreWorkload.java:621)
	at site.ycsb.ClientThread.run(ClientThread.java:135)
	at java.base/java.lang.Thread.run(Thread.java:829)
Caused by: jetbrains.exodus.ExodusException
	at jetbrains.exodus.newLogConcept.garbageCollector.OperationLogGarbageCollector.moveAndRemoveRecordsFromLog(OperationLogGarbageCollector.java:69)
	at jetbrains.exodus.newLogConcept.garbageCollector.OperationLogGarbageCollector.clean(OperationLogGarbageCollector.java:51)
	at jetbrains.exodus.newLogConcept.MVCC.MVCCDataStructure.lambda$commitTransaction$1(MVCCDataStructure.java:297)
	at java.base/java.util.concurrent.Executors$RunnableAdapter.call(Executors.java:515)
	at java.base/java.util.concurrent.FutureTask.run(FutureTask.java:264)
	at java.base/java.util.concurrent.ThreadPoolExecutor.runWorker(ThreadPoolExecutor.java:1128)
	at java.base/java.util.concurrent.ThreadPoolExecutor$Worker.run(ThreadPoolExecutor.java:628)
	... 1 more
java.util.concurrent.ExecutionException: jetbrains.exodus.ExodusException
	at java.base/java.util.concurrent.FutureTask.report(FutureTask.java:122)
	at java.base/java.util.concurrent.FutureTask.get(FutureTask.java:191)
	at jetbrains.exodus.newLogConcept.MVCC.MVCCDataStructure.commitTransaction(MVCCDataStructure.java:299)
	at site.ycsb.db.XodusClient.insert(XodusClient.java:60)
	at site.ycsb.DBWrapper.insert(DBWrapper.java:227)
	at site.ycsb.workloads.CoreWorkload.doInsert(CoreWorkload.java:621)
	at site.ycsb.ClientThread.run(ClientThread.java:135)
	at java.base/java.lang.Thread.run(Thread.java:829)
Caused by: jetbrains.exodus.ExodusException
	at jetbrains.exodus.newLogConcept.garbageCollector.OperationLogGarbageCollector.moveAndRemoveRecordsFromLog(OperationLogGarbageCollector.java:69)
	at jetbrains.exodus.newLogConcept.garbageCollector.OperationLogGarbageCollector.clean(OperationLogGarbageCollector.java:51)
	at jetbrains.exodus.newLogConcept.MVCC.MVCCDataStructure.lambda$commitTransaction$1(MVCCDataStructure.java:297)
	at java.base/java.util.concurrent.Executors$RunnableAdapter.call(Executors.java:515)
	at java.base/java.util.concurrent.FutureTask.run(FutureTask.java:264)
	at java.base/java.util.concurrent.ThreadPoolExecutor.runWorker(ThreadPoolExecutor.java:1128)
	at java.base/java.util.concurrent.ThreadPoolExecutor$Worker.run(ThreadPoolExecutor.java:628)
	... 1 more
java.util.concurrent.ExecutionException: jetbrains.exodus.ExodusException
	at java.base/java.util.concurrent.FutureTask.report(FutureTask.java:122)
	at java.base/java.util.concurrent.FutureTask.get(FutureTask.java:191)
	at jetbrains.exodus.newLogConcept.MVCC.MVCCDataStructure.commitTransaction(MVCCDataStructure.java:299)
	at site.ycsb.db.XodusClient.insert(XodusClient.java:60)
	at site.ycsb.DBWrapper.insert(DBWrapper.java:227)
	at site.ycsb.workloads.CoreWorkload.doInsert(CoreWorkload.java:621)
	at site.ycsb.ClientThread.run(ClientThread.java:135)
	at java.base/java.lang.Thread.run(Thread.java:829)
Caused by: jetbrains.exodus.ExodusException
	at jetbrains.exodus.newLogConcept.garbageCollector.OperationLogGarbageCollector.moveAndRemoveRecordsFromLog(OperationLogGarbageCollector.java:69)
	at jetbrains.exodus.newLogConcept.garbageCollector.OperationLogGarbageCollector.clean(OperationLogGarbageCollector.java:51)
	at jetbrains.exodus.newLogConcept.MVCC.MVCCDataStructure.lambda$commitTransaction$1(MVCCDataStructure.java:297)
	at java.base/java.util.concurrent.Executors$RunnableAdapter.call(Executors.java:515)
	at java.base/java.util.concurrent.FutureTask.run(FutureTask.java:264)
	at java.base/java.util.concurrent.ThreadPoolExecutor.runWorker(ThreadPoolExecutor.java:1128)
	at java.base/java.util.concurrent.ThreadPoolExecutor$Worker.run(ThreadPoolExecutor.java:628)
	... 1 more
java.util.concurrent.ExecutionException: jetbrains.exodus.ExodusException
	at java.base/java.util.concurrent.FutureTask.report(FutureTask.java:122)
	at java.base/java.util.concurrent.FutureTask.get(FutureTask.java:191)
	at jetbrains.exodus.newLogConcept.MVCC.MVCCDataStructure.commitTransaction(MVCCDataStructure.java:299)
	at site.ycsb.db.XodusClient.insert(XodusClient.java:60)
	at site.ycsb.DBWrapper.insert(DBWrapper.java:227)
	at site.ycsb.workloads.CoreWorkload.doInsert(CoreWorkload.java:621)
	at site.ycsb.ClientThread.run(ClientThread.java:135)
	at java.base/java.lang.Thread.run(Thread.java:829)
Caused by: jetbrains.exodus.ExodusException
	at jetbrains.exodus.newLogConcept.garbageCollector.OperationLogGarbageCollector.moveAndRemoveRecordsFromLog(OperationLogGarbageCollector.java:69)
	at jetbrains.exodus.newLogConcept.garbageCollector.OperationLogGarbageCollector.clean(OperationLogGarbageCollector.java:51)
	at jetbrains.exodus.newLogConcept.MVCC.MVCCDataStructure.lambda$commitTransaction$1(MVCCDataStructure.java:297)
	at java.base/java.util.concurrent.Executors$RunnableAdapter.call(Executors.java:515)
	at java.base/java.util.concurrent.FutureTask.run(FutureTask.java:264)
	at java.base/java.util.concurrent.ThreadPoolExecutor.runWorker(ThreadPoolExecutor.java:1128)
	at java.base/java.util.concurrent.ThreadPoolExecutor$Worker.run(ThreadPoolExecutor.java:628)
	... 1 more
java.util.concurrent.ExecutionException: jetbrains.exodus.ExodusException
	at java.base/java.util.concurrent.FutureTask.report(FutureTask.java:122)
	at java.base/java.util.concurrent.FutureTask.get(FutureTask.java:191)
	at jetbrains.exodus.newLogConcept.MVCC.MVCCDataStructure.commitTransaction(MVCCDataStructure.java:299)
	at site.ycsb.db.XodusClient.insert(XodusClient.java:60)
	at site.ycsb.DBWrapper.insert(DBWrapper.java:227)
	at site.ycsb.workloads.CoreWorkload.doInsert(CoreWorkload.java:621)
	at site.ycsb.ClientThread.run(ClientThread.java:135)
	at java.base/java.lang.Thread.run(Thread.java:829)
Caused by: jetbrains.exodus.ExodusException
	at jetbrains.exodus.newLogConcept.garbageCollector.OperationLogGarbageCollector.moveAndRemoveRecordsFromLog(OperationLogGarbageCollector.java:69)
	at jetbrains.exodus.newLogConcept.garbageCollector.OperationLogGarbageCollector.clean(OperationLogGarbageCollector.java:51)
	at jetbrains.exodus.newLogConcept.MVCC.MVCCDataStructure.lambda$commitTransaction$1(MVCCDataStructure.java:297)
	at java.base/java.util.concurrent.Executors$RunnableAdapter.call(Executors.java:515)
	at java.base/java.util.concurrent.FutureTask.run(FutureTask.java:264)
	at java.base/java.util.concurrent.ThreadPoolExecutor.runWorker(ThreadPoolExecutor.java:1128)
	at java.base/java.util.concurrent.ThreadPoolExecutor$Worker.run(ThreadPoolExecutor.java:628)
	... 1 more
java.util.concurrent.ExecutionException: jetbrains.exodus.ExodusException
	at java.base/java.util.concurrent.FutureTask.report(FutureTask.java:122)
	at java.base/java.util.concurrent.FutureTask.get(FutureTask.java:191)
	at jetbrains.exodus.newLogConcept.MVCC.MVCCDataStructure.commitTransaction(MVCCDataStructure.java:299)
	at site.ycsb.db.XodusClient.insert(XodusClient.java:60)
	at site.ycsb.DBWrapper.insert(DBWrapper.java:227)
	at site.ycsb.workloads.CoreWorkload.doInsert(CoreWorkload.java:621)
	at site.ycsb.ClientThread.run(ClientThread.java:135)
	at java.base/java.lang.Thread.run(Thread.java:829)
Caused by: jetbrains.exodus.ExodusException
	at jetbrains.exodus.newLogConcept.garbageCollector.OperationLogGarbageCollector.moveAndRemoveRecordsFromLog(OperationLogGarbageCollector.java:69)
	at jetbrains.exodus.newLogConcept.garbageCollector.OperationLogGarbageCollector.clean(OperationLogGarbageCollector.java:51)
	at jetbrains.exodus.newLogConcept.MVCC.MVCCDataStructure.lambda$commitTransaction$1(MVCCDataStructure.java:297)
	at java.base/java.util.concurrent.Executors$RunnableAdapter.call(Executors.java:515)
	at java.base/java.util.concurrent.FutureTask.run(FutureTask.java:264)
	at java.base/java.util.concurrent.ThreadPoolExecutor.runWorker(ThreadPoolExecutor.java:1128)
	at java.base/java.util.concurrent.ThreadPoolExecutor$Worker.run(ThreadPoolExecutor.java:628)
	... 1 more
java.util.concurrent.ExecutionException: jetbrains.exodus.ExodusException
	at java.base/java.util.concurrent.FutureTask.report(FutureTask.java:122)
	at java.base/java.util.concurrent.FutureTask.get(FutureTask.java:191)
	at jetbrains.exodus.newLogConcept.MVCC.MVCCDataStructure.commitTransaction(MVCCDataStructure.java:299)
	at site.ycsb.db.XodusClient.insert(XodusClient.java:60)
	at site.ycsb.DBWrapper.insert(DBWrapper.java:227)
	at site.ycsb.workloads.CoreWorkload.doInsert(CoreWorkload.java:621)
	at site.ycsb.ClientThread.run(ClientThread.java:135)
	at java.base/java.lang.Thread.run(Thread.java:829)
Caused by: jetbrains.exodus.ExodusException
	at jetbrains.exodus.newLogConcept.garbageCollector.OperationLogGarbageCollector.moveAndRemoveRecordsFromLog(OperationLogGarbageCollector.java:69)
	at jetbrains.exodus.newLogConcept.garbageCollector.OperationLogGarbageCollector.clean(OperationLogGarbageCollector.java:51)
	at jetbrains.exodus.newLogConcept.MVCC.MVCCDataStructure.lambda$commitTransaction$1(MVCCDataStructure.java:297)
	at java.base/java.util.concurrent.Executors$RunnableAdapter.call(Executors.java:515)
	at java.base/java.util.concurrent.FutureTask.run(FutureTask.java:264)
	at java.base/java.util.concurrent.ThreadPoolExecutor.runWorker(ThreadPoolExecutor.java:1128)
	at java.base/java.util.concurrent.ThreadPoolExecutor$Worker.run(ThreadPoolExecutor.java:628)
	... 1 more
java.util.concurrent.ExecutionException: jetbrains.exodus.ExodusException
	at java.base/java.util.concurrent.FutureTask.report(FutureTask.java:122)
	at java.base/java.util.concurrent.FutureTask.get(FutureTask.java:191)
	at jetbrains.exodus.newLogConcept.MVCC.MVCCDataStructure.commitTransaction(MVCCDataStructure.java:299)
	at site.ycsb.db.XodusClient.insert(XodusClient.java:60)
	at site.ycsb.DBWrapper.insert(DBWrapper.java:227)
	at site.ycsb.workloads.CoreWorkload.doInsert(CoreWorkload.java:621)
	at site.ycsb.ClientThread.run(ClientThread.java:135)
	at java.base/java.lang.Thread.run(Thread.java:829)
Caused by: jetbrains.exodus.ExodusException
	at jetbrains.exodus.newLogConcept.garbageCollector.OperationLogGarbageCollector.moveAndRemoveRecordsFromLog(OperationLogGarbageCollector.java:69)
	at jetbrains.exodus.newLogConcept.garbageCollector.OperationLogGarbageCollector.clean(OperationLogGarbageCollector.java:51)
	at jetbrains.exodus.newLogConcept.MVCC.MVCCDataStructure.lambda$commitTransaction$1(MVCCDataStructure.java:297)
	at java.base/java.util.concurrent.Executors$RunnableAdapter.call(Executors.java:515)
	at java.base/java.util.concurrent.FutureTask.run(FutureTask.java:264)
	at java.base/java.util.concurrent.ThreadPoolExecutor.runWorker(ThreadPoolExecutor.java:1128)
	at java.base/java.util.concurrent.ThreadPoolExecutor$Worker.run(ThreadPoolExecutor.java:628)
	... 1 more
java.util.concurrent.ExecutionException: jetbrains.exodus.ExodusException
	at java.base/java.util.concurrent.FutureTask.report(FutureTask.java:122)
	at java.base/java.util.concurrent.FutureTask.get(FutureTask.java:191)
	at jetbrains.exodus.newLogConcept.MVCC.MVCCDataStructure.commitTransaction(MVCCDataStructure.java:299)
	at site.ycsb.db.XodusClient.insert(XodusClient.java:60)
	at site.ycsb.DBWrapper.insert(DBWrapper.java:227)
	at site.ycsb.workloads.CoreWorkload.doInsert(CoreWorkload.java:621)
	at site.ycsb.ClientThread.run(ClientThread.java:135)
	at java.base/java.lang.Thread.run(Thread.java:829)
Caused by: jetbrains.exodus.ExodusException
	at jetbrains.exodus.newLogConcept.garbageCollector.OperationLogGarbageCollector.moveAndRemoveRecordsFromLog(OperationLogGarbageCollector.java:69)
	at jetbrains.exodus.newLogConcept.garbageCollector.OperationLogGarbageCollector.clean(OperationLogGarbageCollector.java:51)
	at jetbrains.exodus.newLogConcept.MVCC.MVCCDataStructure.lambda$commitTransaction$1(MVCCDataStructure.java:297)
	at java.base/java.util.concurrent.Executors$RunnableAdapter.call(Executors.java:515)
	at java.base/java.util.concurrent.FutureTask.run(FutureTask.java:264)
	at java.base/java.util.concurrent.ThreadPoolExecutor.runWorker(ThreadPoolExecutor.java:1128)
	at java.base/java.util.concurrent.ThreadPoolExecutor$Worker.run(ThreadPoolExecutor.java:628)
	... 1 more
java.util.concurrent.ExecutionException: jetbrains.exodus.ExodusException
	at java.base/java.util.concurrent.FutureTask.report(FutureTask.java:122)
	at java.base/java.util.concurrent.FutureTask.get(FutureTask.java:191)
	at jetbrains.exodus.newLogConcept.MVCC.MVCCDataStructure.commitTransaction(MVCCDataStructure.java:299)
	at site.ycsb.db.XodusClient.insert(XodusClient.java:60)
	at site.ycsb.DBWrapper.insert(DBWrapper.java:227)
	at site.ycsb.workloads.CoreWorkload.doInsert(CoreWorkload.java:621)
	at site.ycsb.ClientThread.run(ClientThread.java:135)
	at java.base/java.lang.Thread.run(Thread.java:829)
Caused by: jetbrains.exodus.ExodusException
	at jetbrains.exodus.newLogConcept.garbageCollector.OperationLogGarbageCollector.moveAndRemoveRecordsFromLog(OperationLogGarbageCollector.java:69)
	at jetbrains.exodus.newLogConcept.garbageCollector.OperationLogGarbageCollector.clean(OperationLogGarbageCollector.java:51)
	at jetbrains.exodus.newLogConcept.MVCC.MVCCDataStructure.lambda$commitTransaction$1(MVCCDataStructure.java:297)
	at java.base/java.util.concurrent.Executors$RunnableAdapter.call(Executors.java:515)
	at java.base/java.util.concurrent.FutureTask.run(FutureTask.java:264)
	at java.base/java.util.concurrent.ThreadPoolExecutor.runWorker(ThreadPoolExecutor.java:1128)
	at java.base/java.util.concurrent.ThreadPoolExecutor$Worker.run(ThreadPoolExecutor.java:628)
	... 1 more
java.util.concurrent.ExecutionException: jetbrains.exodus.ExodusException
	at java.base/java.util.concurrent.FutureTask.report(FutureTask.java:122)
	at java.base/java.util.concurrent.FutureTask.get(FutureTask.java:191)
	at jetbrains.exodus.newLogConcept.MVCC.MVCCDataStructure.commitTransaction(MVCCDataStructure.java:299)
	at site.ycsb.db.XodusClient.insert(XodusClient.java:60)
	at site.ycsb.DBWrapper.insert(DBWrapper.java:227)
	at site.ycsb.workloads.CoreWorkload.doInsert(CoreWorkload.java:621)
	at site.ycsb.ClientThread.run(ClientThread.java:135)
	at java.base/java.lang.Thread.run(Thread.java:829)
Caused by: jetbrains.exodus.ExodusException
	at jetbrains.exodus.newLogConcept.garbageCollector.OperationLogGarbageCollector.moveAndRemoveRecordsFromLog(OperationLogGarbageCollector.java:69)
	at jetbrains.exodus.newLogConcept.garbageCollector.OperationLogGarbageCollector.clean(OperationLogGarbageCollector.java:51)
	at jetbrains.exodus.newLogConcept.MVCC.MVCCDataStructure.lambda$commitTransaction$1(MVCCDataStructure.java:297)
	at java.base/java.util.concurrent.Executors$RunnableAdapter.call(Executors.java:515)
	at java.base/java.util.concurrent.FutureTask.run(FutureTask.java:264)
	at java.base/java.util.concurrent.ThreadPoolExecutor.runWorker(ThreadPoolExecutor.java:1128)
	at java.base/java.util.concurrent.ThreadPoolExecutor$Worker.run(ThreadPoolExecutor.java:628)
	... 1 more
java.util.concurrent.ExecutionException: jetbrains.exodus.ExodusException
	at java.base/java.util.concurrent.FutureTask.report(FutureTask.java:122)
	at java.base/java.util.concurrent.FutureTask.get(FutureTask.java:191)
	at jetbrains.exodus.newLogConcept.MVCC.MVCCDataStructure.commitTransaction(MVCCDataStructure.java:299)
	at site.ycsb.db.XodusClient.insert(XodusClient.java:60)
	at site.ycsb.DBWrapper.insert(DBWrapper.java:227)
	at site.ycsb.workloads.CoreWorkload.doInsert(CoreWorkload.java:621)
	at site.ycsb.ClientThread.run(ClientThread.java:135)
	at java.base/java.lang.Thread.run(Thread.java:829)
Caused by: jetbrains.exodus.ExodusException
	at jetbrains.exodus.newLogConcept.garbageCollector.OperationLogGarbageCollector.moveAndRemoveRecordsFromLog(OperationLogGarbageCollector.java:69)
	at jetbrains.exodus.newLogConcept.garbageCollector.OperationLogGarbageCollector.clean(OperationLogGarbageCollector.java:51)
	at jetbrains.exodus.newLogConcept.MVCC.MVCCDataStructure.lambda$commitTransaction$1(MVCCDataStructure.java:297)
	at java.base/java.util.concurrent.Executors$RunnableAdapter.call(Executors.java:515)
	at java.base/java.util.concurrent.FutureTask.run(FutureTask.java:264)
	at java.base/java.util.concurrent.ThreadPoolExecutor.runWorker(ThreadPoolExecutor.java:1128)
	at java.base/java.util.concurrent.ThreadPoolExecutor$Worker.run(ThreadPoolExecutor.java:628)
	... 1 more
java.util.concurrent.ExecutionException: jetbrains.exodus.ExodusException
	at java.base/java.util.concurrent.FutureTask.report(FutureTask.java:122)
	at java.base/java.util.concurrent.FutureTask.get(FutureTask.java:191)
	at jetbrains.exodus.newLogConcept.MVCC.MVCCDataStructure.commitTransaction(MVCCDataStructure.java:299)
	at site.ycsb.db.XodusClient.insert(XodusClient.java:60)
	at site.ycsb.DBWrapper.insert(DBWrapper.java:227)
	at site.ycsb.workloads.CoreWorkload.doInsert(CoreWorkload.java:621)
	at site.ycsb.ClientThread.run(ClientThread.java:135)
	at java.base/java.lang.Thread.run(Thread.java:829)
Caused by: jetbrains.exodus.ExodusException
	at jetbrains.exodus.newLogConcept.garbageCollector.OperationLogGarbageCollector.moveAndRemoveRecordsFromLog(OperationLogGarbageCollector.java:69)
	at jetbrains.exodus.newLogConcept.garbageCollector.OperationLogGarbageCollector.clean(OperationLogGarbageCollector.java:51)
	at jetbrains.exodus.newLogConcept.MVCC.MVCCDataStructure.lambda$commitTransaction$1(MVCCDataStructure.java:297)
	at java.base/java.util.concurrent.Executors$RunnableAdapter.call(Executors.java:515)
	at java.base/java.util.concurrent.FutureTask.run(FutureTask.java:264)
	at java.base/java.util.concurrent.ThreadPoolExecutor.runWorker(ThreadPoolExecutor.java:1128)
	at java.base/java.util.concurrent.ThreadPoolExecutor$Worker.run(ThreadPoolExecutor.java:628)
	... 1 more
java.util.concurrent.ExecutionException: jetbrains.exodus.ExodusException
	at java.base/java.util.concurrent.FutureTask.report(FutureTask.java:122)
	at java.base/java.util.concurrent.FutureTask.get(FutureTask.java:191)
	at jetbrains.exodus.newLogConcept.MVCC.MVCCDataStructure.commitTransaction(MVCCDataStructure.java:299)
	at site.ycsb.db.XodusClient.insert(XodusClient.java:60)
	at site.ycsb.DBWrapper.insert(DBWrapper.java:227)
	at site.ycsb.workloads.CoreWorkload.doInsert(CoreWorkload.java:621)
	at site.ycsb.ClientThread.run(ClientThread.java:135)
	at java.base/java.lang.Thread.run(Thread.java:829)
Caused by: jetbrains.exodus.ExodusException
	at jetbrains.exodus.newLogConcept.garbageCollector.OperationLogGarbageCollector.moveAndRemoveRecordsFromLog(OperationLogGarbageCollector.java:69)
	at jetbrains.exodus.newLogConcept.garbageCollector.OperationLogGarbageCollector.clean(OperationLogGarbageCollector.java:51)
	at jetbrains.exodus.newLogConcept.MVCC.MVCCDataStructure.lambda$commitTransaction$1(MVCCDataStructure.java:297)
	at java.base/java.util.concurrent.Executors$RunnableAdapter.call(Executors.java:515)
	at java.base/java.util.concurrent.FutureTask.run(FutureTask.java:264)
	at java.base/java.util.concurrent.ThreadPoolExecutor.runWorker(ThreadPoolExecutor.java:1128)
	at java.base/java.util.concurrent.ThreadPoolExecutor$Worker.run(ThreadPoolExecutor.java:628)
	... 1 more
java.util.concurrent.ExecutionException: jetbrains.exodus.ExodusException
	at java.base/java.util.concurrent.FutureTask.report(FutureTask.java:122)
	at java.base/java.util.concurrent.FutureTask.get(FutureTask.java:191)
	at jetbrains.exodus.newLogConcept.MVCC.MVCCDataStructure.commitTransaction(MVCCDataStructure.java:299)
	at site.ycsb.db.XodusClient.insert(XodusClient.java:60)
	at site.ycsb.DBWrapper.insert(DBWrapper.java:227)
	at site.ycsb.workloads.CoreWorkload.doInsert(CoreWorkload.java:621)
	at site.ycsb.ClientThread.run(ClientThread.java:135)
	at java.base/java.lang.Thread.run(Thread.java:829)
Caused by: jetbrains.exodus.ExodusException
	at jetbrains.exodus.newLogConcept.garbageCollector.OperationLogGarbageCollector.moveAndRemoveRecordsFromLog(OperationLogGarbageCollector.java:69)
	at jetbrains.exodus.newLogConcept.garbageCollector.OperationLogGarbageCollector.clean(OperationLogGarbageCollector.java:51)
	at jetbrains.exodus.newLogConcept.MVCC.MVCCDataStructure.lambda$commitTransaction$1(MVCCDataStructure.java:297)
	at java.base/java.util.concurrent.Executors$RunnableAdapter.call(Executors.java:515)
	at java.base/java.util.concurrent.FutureTask.run(FutureTask.java:264)
	at java.base/java.util.concurrent.ThreadPoolExecutor.runWorker(ThreadPoolExecutor.java:1128)
	at java.base/java.util.concurrent.ThreadPoolExecutor$Worker.run(ThreadPoolExecutor.java:628)
	... 1 more
java.util.concurrent.ExecutionException: jetbrains.exodus.ExodusException
	at java.base/java.util.concurrent.FutureTask.report(FutureTask.java:122)
	at java.base/java.util.concurrent.FutureTask.get(FutureTask.java:191)
	at jetbrains.exodus.newLogConcept.MVCC.MVCCDataStructure.commitTransaction(MVCCDataStructure.java:299)
	at site.ycsb.db.XodusClient.insert(XodusClient.java:60)
	at site.ycsb.DBWrapper.insert(DBWrapper.java:227)
	at site.ycsb.workloads.CoreWorkload.doInsert(CoreWorkload.java:621)
	at site.ycsb.ClientThread.run(ClientThread.java:135)
	at java.base/java.lang.Thread.run(Thread.java:829)
Caused by: jetbrains.exodus.ExodusException
	at jetbrains.exodus.newLogConcept.garbageCollector.OperationLogGarbageCollector.moveAndRemoveRecordsFromLog(OperationLogGarbageCollector.java:69)
	at jetbrains.exodus.newLogConcept.garbageCollector.OperationLogGarbageCollector.clean(OperationLogGarbageCollector.java:51)
	at jetbrains.exodus.newLogConcept.MVCC.MVCCDataStructure.lambda$commitTransaction$1(MVCCDataStructure.java:297)
	at java.base/java.util.concurrent.Executors$RunnableAdapter.call(Executors.java:515)
	at java.base/java.util.concurrent.FutureTask.run(FutureTask.java:264)
	at java.base/java.util.concurrent.ThreadPoolExecutor.runWorker(ThreadPoolExecutor.java:1128)
	at java.base/java.util.concurrent.ThreadPoolExecutor$Worker.run(ThreadPoolExecutor.java:628)
	... 1 more
java.util.concurrent.ExecutionException: jetbrains.exodus.ExodusException
	at java.base/java.util.concurrent.FutureTask.report(FutureTask.java:122)
	at java.base/java.util.concurrent.FutureTask.get(FutureTask.java:191)
	at jetbrains.exodus.newLogConcept.MVCC.MVCCDataStructure.commitTransaction(MVCCDataStructure.java:299)
	at site.ycsb.db.XodusClient.insert(XodusClient.java:60)
	at site.ycsb.DBWrapper.insert(DBWrapper.java:227)
	at site.ycsb.workloads.CoreWorkload.doInsert(CoreWorkload.java:621)
	at site.ycsb.ClientThread.run(ClientThread.java:135)
	at java.base/java.lang.Thread.run(Thread.java:829)
Caused by: jetbrains.exodus.ExodusException
	at jetbrains.exodus.newLogConcept.garbageCollector.OperationLogGarbageCollector.moveAndRemoveRecordsFromLog(OperationLogGarbageCollector.java:69)
	at jetbrains.exodus.newLogConcept.garbageCollector.OperationLogGarbageCollector.clean(OperationLogGarbageCollector.java:51)
	at jetbrains.exodus.newLogConcept.MVCC.MVCCDataStructure.lambda$commitTransaction$1(MVCCDataStructure.java:297)
	at java.base/java.util.concurrent.Executors$RunnableAdapter.call(Executors.java:515)
	at java.base/java.util.concurrent.FutureTask.run(FutureTask.java:264)
	at java.base/java.util.concurrent.ThreadPoolExecutor.runWorker(ThreadPoolExecutor.java:1128)
	at java.base/java.util.concurrent.ThreadPoolExecutor$Worker.run(ThreadPoolExecutor.java:628)
	... 1 more
java.util.concurrent.ExecutionException: jetbrains.exodus.ExodusException
	at java.base/java.util.concurrent.FutureTask.report(FutureTask.java:122)
	at java.base/java.util.concurrent.FutureTask.get(FutureTask.java:191)
	at jetbrains.exodus.newLogConcept.MVCC.MVCCDataStructure.commitTransaction(MVCCDataStructure.java:299)
	at site.ycsb.db.XodusClient.insert(XodusClient.java:60)
	at site.ycsb.DBWrapper.insert(DBWrapper.java:227)
	at site.ycsb.workloads.CoreWorkload.doInsert(CoreWorkload.java:621)
	at site.ycsb.ClientThread.run(ClientThread.java:135)
	at java.base/java.lang.Thread.run(Thread.java:829)
Caused by: jetbrains.exodus.ExodusException
	at jetbrains.exodus.newLogConcept.garbageCollector.OperationLogGarbageCollector.moveAndRemoveRecordsFromLog(OperationLogGarbageCollector.java:69)
	at jetbrains.exodus.newLogConcept.garbageCollector.OperationLogGarbageCollector.clean(OperationLogGarbageCollector.java:51)
	at jetbrains.exodus.newLogConcept.MVCC.MVCCDataStructure.lambda$commitTransaction$1(MVCCDataStructure.java:297)
	at java.base/java.util.concurrent.Executors$RunnableAdapter.call(Executors.java:515)
	at java.base/java.util.concurrent.FutureTask.run(FutureTask.java:264)
	at java.base/java.util.concurrent.ThreadPoolExecutor.runWorker(ThreadPoolExecutor.java:1128)
	at java.base/java.util.concurrent.ThreadPoolExecutor$Worker.run(ThreadPoolExecutor.java:628)
	... 1 more
java.util.concurrent.ExecutionException: jetbrains.exodus.ExodusException
	at java.base/java.util.concurrent.FutureTask.report(FutureTask.java:122)
	at java.base/java.util.concurrent.FutureTask.get(FutureTask.java:191)
	at jetbrains.exodus.newLogConcept.MVCC.MVCCDataStructure.commitTransaction(MVCCDataStructure.java:299)
	at site.ycsb.db.XodusClient.insert(XodusClient.java:60)
	at site.ycsb.DBWrapper.insert(DBWrapper.java:227)
	at site.ycsb.workloads.CoreWorkload.doInsert(CoreWorkload.java:621)
	at site.ycsb.ClientThread.run(ClientThread.java:135)
	at java.base/java.lang.Thread.run(Thread.java:829)
Caused by: jetbrains.exodus.ExodusException
	at jetbrains.exodus.newLogConcept.garbageCollector.OperationLogGarbageCollector.moveAndRemoveRecordsFromLog(OperationLogGarbageCollector.java:69)
	at jetbrains.exodus.newLogConcept.garbageCollector.OperationLogGarbageCollector.clean(OperationLogGarbageCollector.java:51)
	at jetbrains.exodus.newLogConcept.MVCC.MVCCDataStructure.lambda$commitTransaction$1(MVCCDataStructure.java:297)
	at java.base/java.util.concurrent.Executors$RunnableAdapter.call(Executors.java:515)
	at java.base/java.util.concurrent.FutureTask.run(FutureTask.java:264)
	at java.base/java.util.concurrent.ThreadPoolExecutor.runWorker(ThreadPoolExecutor.java:1128)
	at java.base/java.util.concurrent.ThreadPoolExecutor$Worker.run(ThreadPoolExecutor.java:628)
	... 1 more
java.util.concurrent.ExecutionException: jetbrains.exodus.ExodusException
	at java.base/java.util.concurrent.FutureTask.report(FutureTask.java:122)
	at java.base/java.util.concurrent.FutureTask.get(FutureTask.java:191)
	at jetbrains.exodus.newLogConcept.MVCC.MVCCDataStructure.commitTransaction(MVCCDataStructure.java:299)
	at site.ycsb.db.XodusClient.insert(XodusClient.java:60)
	at site.ycsb.DBWrapper.insert(DBWrapper.java:227)
	at site.ycsb.workloads.CoreWorkload.doInsert(CoreWorkload.java:621)
	at site.ycsb.ClientThread.run(ClientThread.java:135)
	at java.base/java.lang.Thread.run(Thread.java:829)
Caused by: jetbrains.exodus.ExodusException
	at jetbrains.exodus.newLogConcept.garbageCollector.OperationLogGarbageCollector.moveAndRemoveRecordsFromLog(OperationLogGarbageCollector.java:69)
	at jetbrains.exodus.newLogConcept.garbageCollector.OperationLogGarbageCollector.clean(OperationLogGarbageCollector.java:51)
	at jetbrains.exodus.newLogConcept.MVCC.MVCCDataStructure.lambda$commitTransaction$1(MVCCDataStructure.java:297)
	at java.base/java.util.concurrent.Executors$RunnableAdapter.call(Executors.java:515)
	at java.base/java.util.concurrent.FutureTask.run(FutureTask.java:264)
	at java.base/java.util.concurrent.ThreadPoolExecutor.runWorker(ThreadPoolExecutor.java:1128)
	at java.base/java.util.concurrent.ThreadPoolExecutor$Worker.run(ThreadPoolExecutor.java:628)
	... 1 more
java.util.concurrent.ExecutionException: jetbrains.exodus.ExodusException
	at java.base/java.util.concurrent.FutureTask.report(FutureTask.java:122)
	at java.base/java.util.concurrent.FutureTask.get(FutureTask.java:191)
	at jetbrains.exodus.newLogConcept.MVCC.MVCCDataStructure.commitTransaction(MVCCDataStructure.java:299)
	at site.ycsb.db.XodusClient.insert(XodusClient.java:60)
	at site.ycsb.DBWrapper.insert(DBWrapper.java:227)
	at site.ycsb.workloads.CoreWorkload.doInsert(CoreWorkload.java:621)
	at site.ycsb.ClientThread.run(ClientThread.java:135)
	at java.base/java.lang.Thread.run(Thread.java:829)
Caused by: jetbrains.exodus.ExodusException
	at jetbrains.exodus.newLogConcept.garbageCollector.OperationLogGarbageCollector.moveAndRemoveRecordsFromLog(OperationLogGarbageCollector.java:69)
	at jetbrains.exodus.newLogConcept.garbageCollector.OperationLogGarbageCollector.clean(OperationLogGarbageCollector.java:51)
	at jetbrains.exodus.newLogConcept.MVCC.MVCCDataStructure.lambda$commitTransaction$1(MVCCDataStructure.java:297)
	at java.base/java.util.concurrent.Executors$RunnableAdapter.call(Executors.java:515)
	at java.base/java.util.concurrent.FutureTask.run(FutureTask.java:264)
	at java.base/java.util.concurrent.ThreadPoolExecutor.runWorker(ThreadPoolExecutor.java:1128)
	at java.base/java.util.concurrent.ThreadPoolExecutor$Worker.run(ThreadPoolExecutor.java:628)
	... 1 more
java.util.concurrent.ExecutionException: jetbrains.exodus.ExodusException
	at java.base/java.util.concurrent.FutureTask.report(FutureTask.java:122)
	at java.base/java.util.concurrent.FutureTask.get(FutureTask.java:191)
	at jetbrains.exodus.newLogConcept.MVCC.MVCCDataStructure.commitTransaction(MVCCDataStructure.java:299)
	at site.ycsb.db.XodusClient.insert(XodusClient.java:60)
	at site.ycsb.DBWrapper.insert(DBWrapper.java:227)
	at site.ycsb.workloads.CoreWorkload.doInsert(CoreWorkload.java:621)
	at site.ycsb.ClientThread.run(ClientThread.java:135)
	at java.base/java.lang.Thread.run(Thread.java:829)
Caused by: jetbrains.exodus.ExodusException
	at jetbrains.exodus.newLogConcept.garbageCollector.OperationLogGarbageCollector.moveAndRemoveRecordsFromLog(OperationLogGarbageCollector.java:69)
	at jetbrains.exodus.newLogConcept.garbageCollector.OperationLogGarbageCollector.clean(OperationLogGarbageCollector.java:51)
	at jetbrains.exodus.newLogConcept.MVCC.MVCCDataStructure.lambda$commitTransaction$1(MVCCDataStructure.java:297)
	at java.base/java.util.concurrent.Executors$RunnableAdapter.call(Executors.java:515)
	at java.base/java.util.concurrent.FutureTask.run(FutureTask.java:264)
	at java.base/java.util.concurrent.ThreadPoolExecutor.runWorker(ThreadPoolExecutor.java:1128)
	at java.base/java.util.concurrent.ThreadPoolExecutor$Worker.run(ThreadPoolExecutor.java:628)
	... 1 more
java.util.concurrent.ExecutionException: jetbrains.exodus.ExodusException
	at java.base/java.util.concurrent.FutureTask.report(FutureTask.java:122)
	at java.base/java.util.concurrent.FutureTask.get(FutureTask.java:191)
	at jetbrains.exodus.newLogConcept.MVCC.MVCCDataStructure.commitTransaction(MVCCDataStructure.java:299)
	at site.ycsb.db.XodusClient.insert(XodusClient.java:60)
	at site.ycsb.DBWrapper.insert(DBWrapper.java:227)
	at site.ycsb.workloads.CoreWorkload.doInsert(CoreWorkload.java:621)
	at site.ycsb.ClientThread.run(ClientThread.java:135)
	at java.base/java.lang.Thread.run(Thread.java:829)
Caused by: jetbrains.exodus.ExodusException
	at jetbrains.exodus.newLogConcept.garbageCollector.OperationLogGarbageCollector.moveAndRemoveRecordsFromLog(OperationLogGarbageCollector.java:69)
	at jetbrains.exodus.newLogConcept.garbageCollector.OperationLogGarbageCollector.clean(OperationLogGarbageCollector.java:51)
	at jetbrains.exodus.newLogConcept.MVCC.MVCCDataStructure.lambda$commitTransaction$1(MVCCDataStructure.java:297)
	at java.base/java.util.concurrent.Executors$RunnableAdapter.call(Executors.java:515)
	at java.base/java.util.concurrent.FutureTask.run(FutureTask.java:264)
	at java.base/java.util.concurrent.ThreadPoolExecutor.runWorker(ThreadPoolExecutor.java:1128)
	at java.base/java.util.concurrent.ThreadPoolExecutor$Worker.run(ThreadPoolExecutor.java:628)
	... 1 more
java.util.concurrent.ExecutionException: jetbrains.exodus.ExodusException
	at java.base/java.util.concurrent.FutureTask.report(FutureTask.java:122)
	at java.base/java.util.concurrent.FutureTask.get(FutureTask.java:191)
	at jetbrains.exodus.newLogConcept.MVCC.MVCCDataStructure.commitTransaction(MVCCDataStructure.java:299)
	at site.ycsb.db.XodusClient.insert(XodusClient.java:60)
	at site.ycsb.DBWrapper.insert(DBWrapper.java:227)
	at site.ycsb.workloads.CoreWorkload.doInsert(CoreWorkload.java:621)
	at site.ycsb.ClientThread.run(ClientThread.java:135)
	at java.base/java.lang.Thread.run(Thread.java:829)
Caused by: jetbrains.exodus.ExodusException
	at jetbrains.exodus.newLogConcept.garbageCollector.OperationLogGarbageCollector.moveAndRemoveRecordsFromLog(OperationLogGarbageCollector.java:69)
	at jetbrains.exodus.newLogConcept.garbageCollector.OperationLogGarbageCollector.clean(OperationLogGarbageCollector.java:51)
	at jetbrains.exodus.newLogConcept.MVCC.MVCCDataStructure.lambda$commitTransaction$1(MVCCDataStructure.java:297)
	at java.base/java.util.concurrent.Executors$RunnableAdapter.call(Executors.java:515)
	at java.base/java.util.concurrent.FutureTask.run(FutureTask.java:264)
	at java.base/java.util.concurrent.ThreadPoolExecutor.runWorker(ThreadPoolExecutor.java:1128)
	at java.base/java.util.concurrent.ThreadPoolExecutor$Worker.run(ThreadPoolExecutor.java:628)
	... 1 more
java.util.concurrent.ExecutionException: jetbrains.exodus.ExodusException
	at java.base/java.util.concurrent.FutureTask.report(FutureTask.java:122)
	at java.base/java.util.concurrent.FutureTask.get(FutureTask.java:191)
	at jetbrains.exodus.newLogConcept.MVCC.MVCCDataStructure.commitTransaction(MVCCDataStructure.java:299)
	at site.ycsb.db.XodusClient.insert(XodusClient.java:60)
	at site.ycsb.DBWrapper.insert(DBWrapper.java:227)
	at site.ycsb.workloads.CoreWorkload.doInsert(CoreWorkload.java:621)
	at site.ycsb.ClientThread.run(ClientThread.java:135)
	at java.base/java.lang.Thread.run(Thread.java:829)
Caused by: jetbrains.exodus.ExodusException
	at jetbrains.exodus.newLogConcept.garbageCollector.OperationLogGarbageCollector.moveAndRemoveRecordsFromLog(OperationLogGarbageCollector.java:69)
	at jetbrains.exodus.newLogConcept.garbageCollector.OperationLogGarbageCollector.clean(OperationLogGarbageCollector.java:51)
	at jetbrains.exodus.newLogConcept.MVCC.MVCCDataStructure.lambda$commitTransaction$1(MVCCDataStructure.java:297)
	at java.base/java.util.concurrent.Executors$RunnableAdapter.call(Executors.java:515)
	at java.base/java.util.concurrent.FutureTask.run(FutureTask.java:264)
	at java.base/java.util.concurrent.ThreadPoolExecutor.runWorker(ThreadPoolExecutor.java:1128)
	at java.base/java.util.concurrent.ThreadPoolExecutor$Worker.run(ThreadPoolExecutor.java:628)
	... 1 more
java.util.concurrent.ExecutionException: jetbrains.exodus.ExodusException
	at java.base/java.util.concurrent.FutureTask.report(FutureTask.java:122)
	at java.base/java.util.concurrent.FutureTask.get(FutureTask.java:191)
	at jetbrains.exodus.newLogConcept.MVCC.MVCCDataStructure.commitTransaction(MVCCDataStructure.java:299)
	at site.ycsb.db.XodusClient.insert(XodusClient.java:60)
	at site.ycsb.DBWrapper.insert(DBWrapper.java:227)
	at site.ycsb.workloads.CoreWorkload.doInsert(CoreWorkload.java:621)
	at site.ycsb.ClientThread.run(ClientThread.java:135)
	at java.base/java.lang.Thread.run(Thread.java:829)
Caused by: jetbrains.exodus.ExodusException
	at jetbrains.exodus.newLogConcept.garbageCollector.OperationLogGarbageCollector.moveAndRemoveRecordsFromLog(OperationLogGarbageCollector.java:69)
	at jetbrains.exodus.newLogConcept.garbageCollector.OperationLogGarbageCollector.clean(OperationLogGarbageCollector.java:51)
	at jetbrains.exodus.newLogConcept.MVCC.MVCCDataStructure.lambda$commitTransaction$1(MVCCDataStructure.java:297)
	at java.base/java.util.concurrent.Executors$RunnableAdapter.call(Executors.java:515)
	at java.base/java.util.concurrent.FutureTask.run(FutureTask.java:264)
	at java.base/java.util.concurrent.ThreadPoolExecutor.runWorker(ThreadPoolExecutor.java:1128)
	at java.base/java.util.concurrent.ThreadPoolExecutor$Worker.run(ThreadPoolExecutor.java:628)
	... 1 more
java.util.concurrent.ExecutionException: jetbrains.exodus.ExodusException
	at java.base/java.util.concurrent.FutureTask.report(FutureTask.java:122)
	at java.base/java.util.concurrent.FutureTask.get(FutureTask.java:191)
	at jetbrains.exodus.newLogConcept.MVCC.MVCCDataStructure.commitTransaction(MVCCDataStructure.java:299)
	at site.ycsb.db.XodusClient.insert(XodusClient.java:60)
	at site.ycsb.DBWrapper.insert(DBWrapper.java:227)
	at site.ycsb.workloads.CoreWorkload.doInsert(CoreWorkload.java:621)
	at site.ycsb.ClientThread.run(ClientThread.java:135)
	at java.base/java.lang.Thread.run(Thread.java:829)
Caused by: jetbrains.exodus.ExodusException
	at jetbrains.exodus.newLogConcept.garbageCollector.OperationLogGarbageCollector.moveAndRemoveRecordsFromLog(OperationLogGarbageCollector.java:69)
	at jetbrains.exodus.newLogConcept.garbageCollector.OperationLogGarbageCollector.clean(OperationLogGarbageCollector.java:51)
	at jetbrains.exodus.newLogConcept.MVCC.MVCCDataStructure.lambda$commitTransaction$1(MVCCDataStructure.java:297)
	at java.base/java.util.concurrent.Executors$RunnableAdapter.call(Executors.java:515)
	at java.base/java.util.concurrent.FutureTask.run(FutureTask.java:264)
	at java.base/java.util.concurrent.ThreadPoolExecutor.runWorker(ThreadPoolExecutor.java:1128)
	at java.base/java.util.concurrent.ThreadPoolExecutor$Worker.run(ThreadPoolExecutor.java:628)
	... 1 more
java.util.concurrent.ExecutionException: jetbrains.exodus.ExodusException
	at java.base/java.util.concurrent.FutureTask.report(FutureTask.java:122)
	at java.base/java.util.concurrent.FutureTask.get(FutureTask.java:191)
	at jetbrains.exodus.newLogConcept.MVCC.MVCCDataStructure.commitTransaction(MVCCDataStructure.java:299)
	at site.ycsb.db.XodusClient.insert(XodusClient.java:60)
	at site.ycsb.DBWrapper.insert(DBWrapper.java:227)
	at site.ycsb.workloads.CoreWorkload.doInsert(CoreWorkload.java:621)
	at site.ycsb.ClientThread.run(ClientThread.java:135)
	at java.base/java.lang.Thread.run(Thread.java:829)
Caused by: jetbrains.exodus.ExodusException
	at jetbrains.exodus.newLogConcept.garbageCollector.OperationLogGarbageCollector.moveAndRemoveRecordsFromLog(OperationLogGarbageCollector.java:69)
	at jetbrains.exodus.newLogConcept.garbageCollector.OperationLogGarbageCollector.clean(OperationLogGarbageCollector.java:51)
	at jetbrains.exodus.newLogConcept.MVCC.MVCCDataStructure.lambda$commitTransaction$1(MVCCDataStructure.java:297)
	at java.base/java.util.concurrent.Executors$RunnableAdapter.call(Executors.java:515)
	at java.base/java.util.concurrent.FutureTask.run(FutureTask.java:264)
	at java.base/java.util.concurrent.ThreadPoolExecutor.runWorker(ThreadPoolExecutor.java:1128)
	at java.base/java.util.concurrent.ThreadPoolExecutor$Worker.run(ThreadPoolExecutor.java:628)
	... 1 more
java.util.concurrent.ExecutionException: jetbrains.exodus.ExodusException
	at java.base/java.util.concurrent.FutureTask.report(FutureTask.java:122)
	at java.base/java.util.concurrent.FutureTask.get(FutureTask.java:191)
	at jetbrains.exodus.newLogConcept.MVCC.MVCCDataStructure.commitTransaction(MVCCDataStructure.java:299)
	at site.ycsb.db.XodusClient.insert(XodusClient.java:60)
	at site.ycsb.DBWrapper.insert(DBWrapper.java:227)
	at site.ycsb.workloads.CoreWorkload.doInsert(CoreWorkload.java:621)
	at site.ycsb.ClientThread.run(ClientThread.java:135)
	at java.base/java.lang.Thread.run(Thread.java:829)
Caused by: jetbrains.exodus.ExodusException
	at jetbrains.exodus.newLogConcept.garbageCollector.OperationLogGarbageCollector.moveAndRemoveRecordsFromLog(OperationLogGarbageCollector.java:69)
	at jetbrains.exodus.newLogConcept.garbageCollector.OperationLogGarbageCollector.clean(OperationLogGarbageCollector.java:51)
	at jetbrains.exodus.newLogConcept.MVCC.MVCCDataStructure.lambda$commitTransaction$1(MVCCDataStructure.java:297)
	at java.base/java.util.concurrent.Executors$RunnableAdapter.call(Executors.java:515)
	at java.base/java.util.concurrent.FutureTask.run(FutureTask.java:264)
	at java.base/java.util.concurrent.ThreadPoolExecutor.runWorker(ThreadPoolExecutor.java:1128)
	at java.base/java.util.concurrent.ThreadPoolExecutor$Worker.run(ThreadPoolExecutor.java:628)
	... 1 more
java.util.concurrent.ExecutionException: jetbrains.exodus.ExodusException
	at java.base/java.util.concurrent.FutureTask.report(FutureTask.java:122)
	at java.base/java.util.concurrent.FutureTask.get(FutureTask.java:191)
	at jetbrains.exodus.newLogConcept.MVCC.MVCCDataStructure.commitTransaction(MVCCDataStructure.java:299)
	at site.ycsb.db.XodusClient.insert(XodusClient.java:60)
	at site.ycsb.DBWrapper.insert(DBWrapper.java:227)
	at site.ycsb.workloads.CoreWorkload.doInsert(CoreWorkload.java:621)
	at site.ycsb.ClientThread.run(ClientThread.java:135)
	at java.base/java.lang.Thread.run(Thread.java:829)
Caused by: jetbrains.exodus.ExodusException
	at jetbrains.exodus.newLogConcept.garbageCollector.OperationLogGarbageCollector.moveAndRemoveRecordsFromLog(OperationLogGarbageCollector.java:69)
	at jetbrains.exodus.newLogConcept.garbageCollector.OperationLogGarbageCollector.clean(OperationLogGarbageCollector.java:51)
	at jetbrains.exodus.newLogConcept.MVCC.MVCCDataStructure.lambda$commitTransaction$1(MVCCDataStructure.java:297)
	at java.base/java.util.concurrent.Executors$RunnableAdapter.call(Executors.java:515)
	at java.base/java.util.concurrent.FutureTask.run(FutureTask.java:264)
	at java.base/java.util.concurrent.ThreadPoolExecutor.runWorker(ThreadPoolExecutor.java:1128)
	at java.base/java.util.concurrent.ThreadPoolExecutor$Worker.run(ThreadPoolExecutor.java:628)
	... 1 more
java.util.concurrent.ExecutionException: jetbrains.exodus.ExodusException
	at java.base/java.util.concurrent.FutureTask.report(FutureTask.java:122)
	at java.base/java.util.concurrent.FutureTask.get(FutureTask.java:191)
	at jetbrains.exodus.newLogConcept.MVCC.MVCCDataStructure.commitTransaction(MVCCDataStructure.java:299)
	at site.ycsb.db.XodusClient.insert(XodusClient.java:60)
	at site.ycsb.DBWrapper.insert(DBWrapper.java:227)
	at site.ycsb.workloads.CoreWorkload.doInsert(CoreWorkload.java:621)
	at site.ycsb.ClientThread.run(ClientThread.java:135)
	at java.base/java.lang.Thread.run(Thread.java:829)
Caused by: jetbrains.exodus.ExodusException
	at jetbrains.exodus.newLogConcept.garbageCollector.OperationLogGarbageCollector.moveAndRemoveRecordsFromLog(OperationLogGarbageCollector.java:69)
	at jetbrains.exodus.newLogConcept.garbageCollector.OperationLogGarbageCollector.clean(OperationLogGarbageCollector.java:51)
	at jetbrains.exodus.newLogConcept.MVCC.MVCCDataStructure.lambda$commitTransaction$1(MVCCDataStructure.java:297)
	at java.base/java.util.concurrent.Executors$RunnableAdapter.call(Executors.java:515)
	at java.base/java.util.concurrent.FutureTask.run(FutureTask.java:264)
	at java.base/java.util.concurrent.ThreadPoolExecutor.runWorker(ThreadPoolExecutor.java:1128)
	at java.base/java.util.concurrent.ThreadPoolExecutor$Worker.run(ThreadPoolExecutor.java:628)
	... 1 more
java.util.concurrent.ExecutionException: jetbrains.exodus.ExodusException
	at java.base/java.util.concurrent.FutureTask.report(FutureTask.java:122)
	at java.base/java.util.concurrent.FutureTask.get(FutureTask.java:191)
	at jetbrains.exodus.newLogConcept.MVCC.MVCCDataStructure.commitTransaction(MVCCDataStructure.java:299)
	at site.ycsb.db.XodusClient.insert(XodusClient.java:60)
	at site.ycsb.DBWrapper.insert(DBWrapper.java:227)
	at site.ycsb.workloads.CoreWorkload.doInsert(CoreWorkload.java:621)
	at site.ycsb.ClientThread.run(ClientThread.java:135)
	at java.base/java.lang.Thread.run(Thread.java:829)
Caused by: jetbrains.exodus.ExodusException
	at jetbrains.exodus.newLogConcept.garbageCollector.OperationLogGarbageCollector.moveAndRemoveRecordsFromLog(OperationLogGarbageCollector.java:69)
	at jetbrains.exodus.newLogConcept.garbageCollector.OperationLogGarbageCollector.clean(OperationLogGarbageCollector.java:51)
	at jetbrains.exodus.newLogConcept.MVCC.MVCCDataStructure.lambda$commitTransaction$1(MVCCDataStructure.java:297)
	at java.base/java.util.concurrent.Executors$RunnableAdapter.call(Executors.java:515)
	at java.base/java.util.concurrent.FutureTask.run(FutureTask.java:264)
	at java.base/java.util.concurrent.ThreadPoolExecutor.runWorker(ThreadPoolExecutor.java:1128)
	at java.base/java.util.concurrent.ThreadPoolExecutor$Worker.run(ThreadPoolExecutor.java:628)
	... 1 more
java.util.concurrent.ExecutionException: jetbrains.exodus.ExodusException
	at java.base/java.util.concurrent.FutureTask.report(FutureTask.java:122)
	at java.base/java.util.concurrent.FutureTask.get(FutureTask.java:191)
	at jetbrains.exodus.newLogConcept.MVCC.MVCCDataStructure.commitTransaction(MVCCDataStructure.java:299)
	at site.ycsb.db.XodusClient.insert(XodusClient.java:60)
	at site.ycsb.DBWrapper.insert(DBWrapper.java:227)
	at site.ycsb.workloads.CoreWorkload.doInsert(CoreWorkload.java:621)
	at site.ycsb.ClientThread.run(ClientThread.java:135)
	at java.base/java.lang.Thread.run(Thread.java:829)
Caused by: jetbrains.exodus.ExodusException
	at jetbrains.exodus.newLogConcept.garbageCollector.OperationLogGarbageCollector.moveAndRemoveRecordsFromLog(OperationLogGarbageCollector.java:69)
	at jetbrains.exodus.newLogConcept.garbageCollector.OperationLogGarbageCollector.clean(OperationLogGarbageCollector.java:51)
	at jetbrains.exodus.newLogConcept.MVCC.MVCCDataStructure.lambda$commitTransaction$1(MVCCDataStructure.java:297)
	at java.base/java.util.concurrent.Executors$RunnableAdapter.call(Executors.java:515)
	at java.base/java.util.concurrent.FutureTask.run(FutureTask.java:264)
	at java.base/java.util.concurrent.ThreadPoolExecutor.runWorker(ThreadPoolExecutor.java:1128)
	at java.base/java.util.concurrent.ThreadPoolExecutor$Worker.run(ThreadPoolExecutor.java:628)
	... 1 more
java.util.concurrent.ExecutionException: jetbrains.exodus.ExodusException
	at java.base/java.util.concurrent.FutureTask.report(FutureTask.java:122)
	at java.base/java.util.concurrent.FutureTask.get(FutureTask.java:191)
	at jetbrains.exodus.newLogConcept.MVCC.MVCCDataStructure.commitTransaction(MVCCDataStructure.java:299)
	at site.ycsb.db.XodusClient.insert(XodusClient.java:60)
	at site.ycsb.DBWrapper.insert(DBWrapper.java:227)
	at site.ycsb.workloads.CoreWorkload.doInsert(CoreWorkload.java:621)
	at site.ycsb.ClientThread.run(ClientThread.java:135)
	at java.base/java.lang.Thread.run(Thread.java:829)
Caused by: jetbrains.exodus.ExodusException
	at jetbrains.exodus.newLogConcept.garbageCollector.OperationLogGarbageCollector.moveAndRemoveRecordsFromLog(OperationLogGarbageCollector.java:69)
	at jetbrains.exodus.newLogConcept.garbageCollector.OperationLogGarbageCollector.clean(OperationLogGarbageCollector.java:51)
	at jetbrains.exodus.newLogConcept.MVCC.MVCCDataStructure.lambda$commitTransaction$1(MVCCDataStructure.java:297)
	at java.base/java.util.concurrent.Executors$RunnableAdapter.call(Executors.java:515)
	at java.base/java.util.concurrent.FutureTask.run(FutureTask.java:264)
	at java.base/java.util.concurrent.ThreadPoolExecutor.runWorker(ThreadPoolExecutor.java:1128)
	at java.base/java.util.concurrent.ThreadPoolExecutor$Worker.run(ThreadPoolExecutor.java:628)
	... 1 more
java.util.concurrent.ExecutionException: jetbrains.exodus.ExodusException
	at java.base/java.util.concurrent.FutureTask.report(FutureTask.java:122)
	at java.base/java.util.concurrent.FutureTask.get(FutureTask.java:191)
	at jetbrains.exodus.newLogConcept.MVCC.MVCCDataStructure.commitTransaction(MVCCDataStructure.java:299)
	at site.ycsb.db.XodusClient.insert(XodusClient.java:60)
	at site.ycsb.DBWrapper.insert(DBWrapper.java:227)
	at site.ycsb.workloads.CoreWorkload.doInsert(CoreWorkload.java:621)
	at site.ycsb.ClientThread.run(ClientThread.java:135)
	at java.base/java.lang.Thread.run(Thread.java:829)
Caused by: jetbrains.exodus.ExodusException
	at jetbrains.exodus.newLogConcept.garbageCollector.OperationLogGarbageCollector.moveAndRemoveRecordsFromLog(OperationLogGarbageCollector.java:69)
	at jetbrains.exodus.newLogConcept.garbageCollector.OperationLogGarbageCollector.clean(OperationLogGarbageCollector.java:51)
	at jetbrains.exodus.newLogConcept.MVCC.MVCCDataStructure.lambda$commitTransaction$1(MVCCDataStructure.java:297)
	at java.base/java.util.concurrent.Executors$RunnableAdapter.call(Executors.java:515)
	at java.base/java.util.concurrent.FutureTask.run(FutureTask.java:264)
	at java.base/java.util.concurrent.ThreadPoolExecutor.runWorker(ThreadPoolExecutor.java:1128)
	at java.base/java.util.concurrent.ThreadPoolExecutor$Worker.run(ThreadPoolExecutor.java:628)
	... 1 more
java.util.concurrent.ExecutionException: jetbrains.exodus.ExodusException
	at java.base/java.util.concurrent.FutureTask.report(FutureTask.java:122)
	at java.base/java.util.concurrent.FutureTask.get(FutureTask.java:191)
	at jetbrains.exodus.newLogConcept.MVCC.MVCCDataStructure.commitTransaction(MVCCDataStructure.java:299)
	at site.ycsb.db.XodusClient.insert(XodusClient.java:60)
	at site.ycsb.DBWrapper.insert(DBWrapper.java:227)
	at site.ycsb.workloads.CoreWorkload.doInsert(CoreWorkload.java:621)
	at site.ycsb.ClientThread.run(ClientThread.java:135)
	at java.base/java.lang.Thread.run(Thread.java:829)
Caused by: jetbrains.exodus.ExodusException
	at jetbrains.exodus.newLogConcept.garbageCollector.OperationLogGarbageCollector.moveAndRemoveRecordsFromLog(OperationLogGarbageCollector.java:69)
	at jetbrains.exodus.newLogConcept.garbageCollector.OperationLogGarbageCollector.clean(OperationLogGarbageCollector.java:51)
	at jetbrains.exodus.newLogConcept.MVCC.MVCCDataStructure.lambda$commitTransaction$1(MVCCDataStructure.java:297)
	at java.base/java.util.concurrent.Executors$RunnableAdapter.call(Executors.java:515)
	at java.base/java.util.concurrent.FutureTask.run(FutureTask.java:264)
	at java.base/java.util.concurrent.ThreadPoolExecutor.runWorker(ThreadPoolExecutor.java:1128)
	at java.base/java.util.concurrent.ThreadPoolExecutor$Worker.run(ThreadPoolExecutor.java:628)
	... 1 more
java.util.concurrent.ExecutionException: jetbrains.exodus.ExodusException
	at java.base/java.util.concurrent.FutureTask.report(FutureTask.java:122)
	at java.base/java.util.concurrent.FutureTask.get(FutureTask.java:191)
	at jetbrains.exodus.newLogConcept.MVCC.MVCCDataStructure.commitTransaction(MVCCDataStructure.java:299)
	at site.ycsb.db.XodusClient.insert(XodusClient.java:60)
	at site.ycsb.DBWrapper.insert(DBWrapper.java:227)
	at site.ycsb.workloads.CoreWorkload.doInsert(CoreWorkload.java:621)
	at site.ycsb.ClientThread.run(ClientThread.java:135)
	at java.base/java.lang.Thread.run(Thread.java:829)
Caused by: jetbrains.exodus.ExodusException
	at jetbrains.exodus.newLogConcept.garbageCollector.OperationLogGarbageCollector.moveAndRemoveRecordsFromLog(OperationLogGarbageCollector.java:69)
	at jetbrains.exodus.newLogConcept.garbageCollector.OperationLogGarbageCollector.clean(OperationLogGarbageCollector.java:51)
	at jetbrains.exodus.newLogConcept.MVCC.MVCCDataStructure.lambda$commitTransaction$1(MVCCDataStructure.java:297)
	at java.base/java.util.concurrent.Executors$RunnableAdapter.call(Executors.java:515)
	at java.base/java.util.concurrent.FutureTask.run(FutureTask.java:264)
	at java.base/java.util.concurrent.ThreadPoolExecutor.runWorker(ThreadPoolExecutor.java:1128)
	at java.base/java.util.concurrent.ThreadPoolExecutor$Worker.run(ThreadPoolExecutor.java:628)
	... 1 more
java.util.concurrent.ExecutionException: jetbrains.exodus.ExodusException
	at java.base/java.util.concurrent.FutureTask.report(FutureTask.java:122)
	at java.base/java.util.concurrent.FutureTask.get(FutureTask.java:191)
	at jetbrains.exodus.newLogConcept.MVCC.MVCCDataStructure.commitTransaction(MVCCDataStructure.java:299)
	at site.ycsb.db.XodusClient.insert(XodusClient.java:60)
	at site.ycsb.DBWrapper.insert(DBWrapper.java:227)
	at site.ycsb.workloads.CoreWorkload.doInsert(CoreWorkload.java:621)
	at site.ycsb.ClientThread.run(ClientThread.java:135)
	at java.base/java.lang.Thread.run(Thread.java:829)
Caused by: jetbrains.exodus.ExodusException
	at jetbrains.exodus.newLogConcept.garbageCollector.OperationLogGarbageCollector.moveAndRemoveRecordsFromLog(OperationLogGarbageCollector.java:69)
	at jetbrains.exodus.newLogConcept.garbageCollector.OperationLogGarbageCollector.clean(OperationLogGarbageCollector.java:51)
	at jetbrains.exodus.newLogConcept.MVCC.MVCCDataStructure.lambda$commitTransaction$1(MVCCDataStructure.java:297)
	at java.base/java.util.concurrent.Executors$RunnableAdapter.call(Executors.java:515)
	at java.base/java.util.concurrent.FutureTask.run(FutureTask.java:264)
	at java.base/java.util.concurrent.ThreadPoolExecutor.runWorker(ThreadPoolExecutor.java:1128)
	at java.base/java.util.concurrent.ThreadPoolExecutor$Worker.run(ThreadPoolExecutor.java:628)
	... 1 more
java.util.concurrent.ExecutionException: jetbrains.exodus.ExodusException
	at java.base/java.util.concurrent.FutureTask.report(FutureTask.java:122)
	at java.base/java.util.concurrent.FutureTask.get(FutureTask.java:191)
	at jetbrains.exodus.newLogConcept.MVCC.MVCCDataStructure.commitTransaction(MVCCDataStructure.java:299)
	at site.ycsb.db.XodusClient.insert(XodusClient.java:60)
	at site.ycsb.DBWrapper.insert(DBWrapper.java:227)
	at site.ycsb.workloads.CoreWorkload.doInsert(CoreWorkload.java:621)
	at site.ycsb.ClientThread.run(ClientThread.java:135)
	at java.base/java.lang.Thread.run(Thread.java:829)
Caused by: jetbrains.exodus.ExodusException
	at jetbrains.exodus.newLogConcept.garbageCollector.OperationLogGarbageCollector.moveAndRemoveRecordsFromLog(OperationLogGarbageCollector.java:69)
	at jetbrains.exodus.newLogConcept.garbageCollector.OperationLogGarbageCollector.clean(OperationLogGarbageCollector.java:51)
	at jetbrains.exodus.newLogConcept.MVCC.MVCCDataStructure.lambda$commitTransaction$1(MVCCDataStructure.java:297)
	at java.base/java.util.concurrent.Executors$RunnableAdapter.call(Executors.java:515)
	at java.base/java.util.concurrent.FutureTask.run(FutureTask.java:264)
	at java.base/java.util.concurrent.ThreadPoolExecutor.runWorker(ThreadPoolExecutor.java:1128)
	at java.base/java.util.concurrent.ThreadPoolExecutor$Worker.run(ThreadPoolExecutor.java:628)
	... 1 more
java.util.concurrent.ExecutionException: jetbrains.exodus.ExodusException
	at java.base/java.util.concurrent.FutureTask.report(FutureTask.java:122)
	at java.base/java.util.concurrent.FutureTask.get(FutureTask.java:191)
	at jetbrains.exodus.newLogConcept.MVCC.MVCCDataStructure.commitTransaction(MVCCDataStructure.java:299)
	at site.ycsb.db.XodusClient.insert(XodusClient.java:60)
	at site.ycsb.DBWrapper.insert(DBWrapper.java:227)
	at site.ycsb.workloads.CoreWorkload.doInsert(CoreWorkload.java:621)
	at site.ycsb.ClientThread.run(ClientThread.java:135)
	at java.base/java.lang.Thread.run(Thread.java:829)
Caused by: jetbrains.exodus.ExodusException
	at jetbrains.exodus.newLogConcept.garbageCollector.OperationLogGarbageCollector.moveAndRemoveRecordsFromLog(OperationLogGarbageCollector.java:69)
	at jetbrains.exodus.newLogConcept.garbageCollector.OperationLogGarbageCollector.clean(OperationLogGarbageCollector.java:51)
	at jetbrains.exodus.newLogConcept.MVCC.MVCCDataStructure.lambda$commitTransaction$1(MVCCDataStructure.java:297)
	at java.base/java.util.concurrent.Executors$RunnableAdapter.call(Executors.java:515)
	at java.base/java.util.concurrent.FutureTask.run(FutureTask.java:264)
	at java.base/java.util.concurrent.ThreadPoolExecutor.runWorker(ThreadPoolExecutor.java:1128)
	at java.base/java.util.concurrent.ThreadPoolExecutor$Worker.run(ThreadPoolExecutor.java:628)
	... 1 more
java.util.concurrent.ExecutionException: jetbrains.exodus.ExodusException
	at java.base/java.util.concurrent.FutureTask.report(FutureTask.java:122)
	at java.base/java.util.concurrent.FutureTask.get(FutureTask.java:191)
	at jetbrains.exodus.newLogConcept.MVCC.MVCCDataStructure.commitTransaction(MVCCDataStructure.java:299)
	at site.ycsb.db.XodusClient.insert(XodusClient.java:60)
	at site.ycsb.DBWrapper.insert(DBWrapper.java:227)
	at site.ycsb.workloads.CoreWorkload.doInsert(CoreWorkload.java:621)
	at site.ycsb.ClientThread.run(ClientThread.java:135)
	at java.base/java.lang.Thread.run(Thread.java:829)
Caused by: jetbrains.exodus.ExodusException
	at jetbrains.exodus.newLogConcept.garbageCollector.OperationLogGarbageCollector.moveAndRemoveRecordsFromLog(OperationLogGarbageCollector.java:69)
	at jetbrains.exodus.newLogConcept.garbageCollector.OperationLogGarbageCollector.clean(OperationLogGarbageCollector.java:51)
	at jetbrains.exodus.newLogConcept.MVCC.MVCCDataStructure.lambda$commitTransaction$1(MVCCDataStructure.java:297)
	at java.base/java.util.concurrent.Executors$RunnableAdapter.call(Executors.java:515)
	at java.base/java.util.concurrent.FutureTask.run(FutureTask.java:264)
	at java.base/java.util.concurrent.ThreadPoolExecutor.runWorker(ThreadPoolExecutor.java:1128)
	at java.base/java.util.concurrent.ThreadPoolExecutor$Worker.run(ThreadPoolExecutor.java:628)
	... 1 more
java.util.concurrent.ExecutionException: jetbrains.exodus.ExodusException
	at java.base/java.util.concurrent.FutureTask.report(FutureTask.java:122)
	at java.base/java.util.concurrent.FutureTask.get(FutureTask.java:191)
	at jetbrains.exodus.newLogConcept.MVCC.MVCCDataStructure.commitTransaction(MVCCDataStructure.java:299)
	at site.ycsb.db.XodusClient.insert(XodusClient.java:60)
	at site.ycsb.DBWrapper.insert(DBWrapper.java:227)
	at site.ycsb.workloads.CoreWorkload.doInsert(CoreWorkload.java:621)
	at site.ycsb.ClientThread.run(ClientThread.java:135)
	at java.base/java.lang.Thread.run(Thread.java:829)
Caused by: jetbrains.exodus.ExodusException
	at jetbrains.exodus.newLogConcept.garbageCollector.OperationLogGarbageCollector.moveAndRemoveRecordsFromLog(OperationLogGarbageCollector.java:69)
	at jetbrains.exodus.newLogConcept.garbageCollector.OperationLogGarbageCollector.clean(OperationLogGarbageCollector.java:51)
	at jetbrains.exodus.newLogConcept.MVCC.MVCCDataStructure.lambda$commitTransaction$1(MVCCDataStructure.java:297)
	at java.base/java.util.concurrent.Executors$RunnableAdapter.call(Executors.java:515)
	at java.base/java.util.concurrent.FutureTask.run(FutureTask.java:264)
	at java.base/java.util.concurrent.ThreadPoolExecutor.runWorker(ThreadPoolExecutor.java:1128)
	at java.base/java.util.concurrent.ThreadPoolExecutor$Worker.run(ThreadPoolExecutor.java:628)
	... 1 more
java.util.concurrent.ExecutionException: jetbrains.exodus.ExodusException
	at java.base/java.util.concurrent.FutureTask.report(FutureTask.java:122)
	at java.base/java.util.concurrent.FutureTask.get(FutureTask.java:191)
	at jetbrains.exodus.newLogConcept.MVCC.MVCCDataStructure.commitTransaction(MVCCDataStructure.java:299)
	at site.ycsb.db.XodusClient.insert(XodusClient.java:60)
	at site.ycsb.DBWrapper.insert(DBWrapper.java:227)
	at site.ycsb.workloads.CoreWorkload.doInsert(CoreWorkload.java:621)
	at site.ycsb.ClientThread.run(ClientThread.java:135)
	at java.base/java.lang.Thread.run(Thread.java:829)
Caused by: jetbrains.exodus.ExodusException
	at jetbrains.exodus.newLogConcept.garbageCollector.OperationLogGarbageCollector.moveAndRemoveRecordsFromLog(OperationLogGarbageCollector.java:69)
	at jetbrains.exodus.newLogConcept.garbageCollector.OperationLogGarbageCollector.clean(OperationLogGarbageCollector.java:51)
	at jetbrains.exodus.newLogConcept.MVCC.MVCCDataStructure.lambda$commitTransaction$1(MVCCDataStructure.java:297)
	at java.base/java.util.concurrent.Executors$RunnableAdapter.call(Executors.java:515)
	at java.base/java.util.concurrent.FutureTask.run(FutureTask.java:264)
	at java.base/java.util.concurrent.ThreadPoolExecutor.runWorker(ThreadPoolExecutor.java:1128)
	at java.base/java.util.concurrent.ThreadPoolExecutor$Worker.run(ThreadPoolExecutor.java:628)
	... 1 more
java.util.concurrent.ExecutionException: jetbrains.exodus.ExodusException
	at java.base/java.util.concurrent.FutureTask.report(FutureTask.java:122)
	at java.base/java.util.concurrent.FutureTask.get(FutureTask.java:191)
	at jetbrains.exodus.newLogConcept.MVCC.MVCCDataStructure.commitTransaction(MVCCDataStructure.java:299)
	at site.ycsb.db.XodusClient.insert(XodusClient.java:60)
	at site.ycsb.DBWrapper.insert(DBWrapper.java:227)
	at site.ycsb.workloads.CoreWorkload.doInsert(CoreWorkload.java:621)
	at site.ycsb.ClientThread.run(ClientThread.java:135)
	at java.base/java.lang.Thread.run(Thread.java:829)
Caused by: jetbrains.exodus.ExodusException
	at jetbrains.exodus.newLogConcept.garbageCollector.OperationLogGarbageCollector.moveAndRemoveRecordsFromLog(OperationLogGarbageCollector.java:69)
	at jetbrains.exodus.newLogConcept.garbageCollector.OperationLogGarbageCollector.clean(OperationLogGarbageCollector.java:51)
	at jetbrains.exodus.newLogConcept.MVCC.MVCCDataStructure.lambda$commitTransaction$1(MVCCDataStructure.java:297)
	at java.base/java.util.concurrent.Executors$RunnableAdapter.call(Executors.java:515)
	at java.base/java.util.concurrent.FutureTask.run(FutureTask.java:264)
	at java.base/java.util.concurrent.ThreadPoolExecutor.runWorker(ThreadPoolExecutor.java:1128)
	at java.base/java.util.concurrent.ThreadPoolExecutor$Worker.run(ThreadPoolExecutor.java:628)
	... 1 more
java.util.concurrent.ExecutionException: jetbrains.exodus.ExodusException
	at java.base/java.util.concurrent.FutureTask.report(FutureTask.java:122)
	at java.base/java.util.concurrent.FutureTask.get(FutureTask.java:191)
	at jetbrains.exodus.newLogConcept.MVCC.MVCCDataStructure.commitTransaction(MVCCDataStructure.java:299)
	at site.ycsb.db.XodusClient.insert(XodusClient.java:60)
	at site.ycsb.DBWrapper.insert(DBWrapper.java:227)
	at site.ycsb.workloads.CoreWorkload.doInsert(CoreWorkload.java:621)
	at site.ycsb.ClientThread.run(ClientThread.java:135)
	at java.base/java.lang.Thread.run(Thread.java:829)
Caused by: jetbrains.exodus.ExodusException
	at jetbrains.exodus.newLogConcept.garbageCollector.OperationLogGarbageCollector.moveAndRemoveRecordsFromLog(OperationLogGarbageCollector.java:69)
	at jetbrains.exodus.newLogConcept.garbageCollector.OperationLogGarbageCollector.clean(OperationLogGarbageCollector.java:51)
	at jetbrains.exodus.newLogConcept.MVCC.MVCCDataStructure.lambda$commitTransaction$1(MVCCDataStructure.java:297)
	at java.base/java.util.concurrent.Executors$RunnableAdapter.call(Executors.java:515)
	at java.base/java.util.concurrent.FutureTask.run(FutureTask.java:264)
	at java.base/java.util.concurrent.ThreadPoolExecutor.runWorker(ThreadPoolExecutor.java:1128)
	at java.base/java.util.concurrent.ThreadPoolExecutor$Worker.run(ThreadPoolExecutor.java:628)
	... 1 more
java.util.concurrent.ExecutionException: jetbrains.exodus.ExodusException
	at java.base/java.util.concurrent.FutureTask.report(FutureTask.java:122)
	at java.base/java.util.concurrent.FutureTask.get(FutureTask.java:191)
	at jetbrains.exodus.newLogConcept.MVCC.MVCCDataStructure.commitTransaction(MVCCDataStructure.java:299)
	at site.ycsb.db.XodusClient.insert(XodusClient.java:60)
	at site.ycsb.DBWrapper.insert(DBWrapper.java:227)
	at site.ycsb.workloads.CoreWorkload.doInsert(CoreWorkload.java:621)
	at site.ycsb.ClientThread.run(ClientThread.java:135)
	at java.base/java.lang.Thread.run(Thread.java:829)
Caused by: jetbrains.exodus.ExodusException
	at jetbrains.exodus.newLogConcept.garbageCollector.OperationLogGarbageCollector.moveAndRemoveRecordsFromLog(OperationLogGarbageCollector.java:69)
	at jetbrains.exodus.newLogConcept.garbageCollector.OperationLogGarbageCollector.clean(OperationLogGarbageCollector.java:51)
	at jetbrains.exodus.newLogConcept.MVCC.MVCCDataStructure.lambda$commitTransaction$1(MVCCDataStructure.java:297)
	at java.base/java.util.concurrent.Executors$RunnableAdapter.call(Executors.java:515)
	at java.base/java.util.concurrent.FutureTask.run(FutureTask.java:264)
	at java.base/java.util.concurrent.ThreadPoolExecutor.runWorker(ThreadPoolExecutor.java:1128)
	at java.base/java.util.concurrent.ThreadPoolExecutor$Worker.run(ThreadPoolExecutor.java:628)
	... 1 more
java.util.concurrent.ExecutionException: jetbrains.exodus.ExodusException
	at java.base/java.util.concurrent.FutureTask.report(FutureTask.java:122)
	at java.base/java.util.concurrent.FutureTask.get(FutureTask.java:191)
	at jetbrains.exodus.newLogConcept.MVCC.MVCCDataStructure.commitTransaction(MVCCDataStructure.java:299)
	at site.ycsb.db.XodusClient.insert(XodusClient.java:60)
	at site.ycsb.DBWrapper.insert(DBWrapper.java:227)
	at site.ycsb.workloads.CoreWorkload.doInsert(CoreWorkload.java:621)
	at site.ycsb.ClientThread.run(ClientThread.java:135)
	at java.base/java.lang.Thread.run(Thread.java:829)
Caused by: jetbrains.exodus.ExodusException
	at jetbrains.exodus.newLogConcept.garbageCollector.OperationLogGarbageCollector.moveAndRemoveRecordsFromLog(OperationLogGarbageCollector.java:69)
	at jetbrains.exodus.newLogConcept.garbageCollector.OperationLogGarbageCollector.clean(OperationLogGarbageCollector.java:51)
	at jetbrains.exodus.newLogConcept.MVCC.MVCCDataStructure.lambda$commitTransaction$1(MVCCDataStructure.java:297)
	at java.base/java.util.concurrent.Executors$RunnableAdapter.call(Executors.java:515)
	at java.base/java.util.concurrent.FutureTask.run(FutureTask.java:264)
	at java.base/java.util.concurrent.ThreadPoolExecutor.runWorker(ThreadPoolExecutor.java:1128)
	at java.base/java.util.concurrent.ThreadPoolExecutor$Worker.run(ThreadPoolExecutor.java:628)
	... 1 more
java.util.concurrent.ExecutionException: jetbrains.exodus.ExodusException
	at java.base/java.util.concurrent.FutureTask.report(FutureTask.java:122)
	at java.base/java.util.concurrent.FutureTask.get(FutureTask.java:191)
	at jetbrains.exodus.newLogConcept.MVCC.MVCCDataStructure.commitTransaction(MVCCDataStructure.java:299)
	at site.ycsb.db.XodusClient.insert(XodusClient.java:60)
	at site.ycsb.DBWrapper.insert(DBWrapper.java:227)
	at site.ycsb.workloads.CoreWorkload.doInsert(CoreWorkload.java:621)
	at site.ycsb.ClientThread.run(ClientThread.java:135)
	at java.base/java.lang.Thread.run(Thread.java:829)
Caused by: jetbrains.exodus.ExodusException
	at jetbrains.exodus.newLogConcept.garbageCollector.OperationLogGarbageCollector.moveAndRemoveRecordsFromLog(OperationLogGarbageCollector.java:69)
	at jetbrains.exodus.newLogConcept.garbageCollector.OperationLogGarbageCollector.clean(OperationLogGarbageCollector.java:51)
	at jetbrains.exodus.newLogConcept.MVCC.MVCCDataStructure.lambda$commitTransaction$1(MVCCDataStructure.java:297)
	at java.base/java.util.concurrent.Executors$RunnableAdapter.call(Executors.java:515)
	at java.base/java.util.concurrent.FutureTask.run(FutureTask.java:264)
	at java.base/java.util.concurrent.ThreadPoolExecutor.runWorker(ThreadPoolExecutor.java:1128)
	at java.base/java.util.concurrent.ThreadPoolExecutor$Worker.run(ThreadPoolExecutor.java:628)
	... 1 more
java.util.concurrent.ExecutionException: jetbrains.exodus.ExodusException
	at java.base/java.util.concurrent.FutureTask.report(FutureTask.java:122)
	at java.base/java.util.concurrent.FutureTask.get(FutureTask.java:191)
	at jetbrains.exodus.newLogConcept.MVCC.MVCCDataStructure.commitTransaction(MVCCDataStructure.java:299)
	at site.ycsb.db.XodusClient.insert(XodusClient.java:60)
	at site.ycsb.DBWrapper.insert(DBWrapper.java:227)
	at site.ycsb.workloads.CoreWorkload.doInsert(CoreWorkload.java:621)
	at site.ycsb.ClientThread.run(ClientThread.java:135)
	at java.base/java.lang.Thread.run(Thread.java:829)
Caused by: jetbrains.exodus.ExodusException
	at jetbrains.exodus.newLogConcept.garbageCollector.OperationLogGarbageCollector.moveAndRemoveRecordsFromLog(OperationLogGarbageCollector.java:69)
	at jetbrains.exodus.newLogConcept.garbageCollector.OperationLogGarbageCollector.clean(OperationLogGarbageCollector.java:51)
	at jetbrains.exodus.newLogConcept.MVCC.MVCCDataStructure.lambda$commitTransaction$1(MVCCDataStructure.java:297)
	at java.base/java.util.concurrent.Executors$RunnableAdapter.call(Executors.java:515)
	at java.base/java.util.concurrent.FutureTask.run(FutureTask.java:264)
	at java.base/java.util.concurrent.ThreadPoolExecutor.runWorker(ThreadPoolExecutor.java:1128)
	at java.base/java.util.concurrent.ThreadPoolExecutor$Worker.run(ThreadPoolExecutor.java:628)
	... 1 more
java.util.concurrent.ExecutionException: jetbrains.exodus.ExodusException
	at java.base/java.util.concurrent.FutureTask.report(FutureTask.java:122)
	at java.base/java.util.concurrent.FutureTask.get(FutureTask.java:191)
	at jetbrains.exodus.newLogConcept.MVCC.MVCCDataStructure.commitTransaction(MVCCDataStructure.java:299)
	at site.ycsb.db.XodusClient.insert(XodusClient.java:60)
	at site.ycsb.DBWrapper.insert(DBWrapper.java:227)
	at site.ycsb.workloads.CoreWorkload.doInsert(CoreWorkload.java:621)
	at site.ycsb.ClientThread.run(ClientThread.java:135)
	at java.base/java.lang.Thread.run(Thread.java:829)
Caused by: jetbrains.exodus.ExodusException
	at jetbrains.exodus.newLogConcept.garbageCollector.OperationLogGarbageCollector.moveAndRemoveRecordsFromLog(OperationLogGarbageCollector.java:69)
	at jetbrains.exodus.newLogConcept.garbageCollector.OperationLogGarbageCollector.clean(OperationLogGarbageCollector.java:51)
	at jetbrains.exodus.newLogConcept.MVCC.MVCCDataStructure.lambda$commitTransaction$1(MVCCDataStructure.java:297)
	at java.base/java.util.concurrent.Executors$RunnableAdapter.call(Executors.java:515)
	at java.base/java.util.concurrent.FutureTask.run(FutureTask.java:264)
	at java.base/java.util.concurrent.ThreadPoolExecutor.runWorker(ThreadPoolExecutor.java:1128)
	at java.base/java.util.concurrent.ThreadPoolExecutor$Worker.run(ThreadPoolExecutor.java:628)
	... 1 more
java.util.concurrent.ExecutionException: jetbrains.exodus.ExodusException
	at java.base/java.util.concurrent.FutureTask.report(FutureTask.java:122)
	at java.base/java.util.concurrent.FutureTask.get(FutureTask.java:191)
	at jetbrains.exodus.newLogConcept.MVCC.MVCCDataStructure.commitTransaction(MVCCDataStructure.java:299)
	at site.ycsb.db.XodusClient.insert(XodusClient.java:60)
	at site.ycsb.DBWrapper.insert(DBWrapper.java:227)
	at site.ycsb.workloads.CoreWorkload.doInsert(CoreWorkload.java:621)
	at site.ycsb.ClientThread.run(ClientThread.java:135)
	at java.base/java.lang.Thread.run(Thread.java:829)
Caused by: jetbrains.exodus.ExodusException
	at jetbrains.exodus.newLogConcept.garbageCollector.OperationLogGarbageCollector.moveAndRemoveRecordsFromLog(OperationLogGarbageCollector.java:69)
	at jetbrains.exodus.newLogConcept.garbageCollector.OperationLogGarbageCollector.clean(OperationLogGarbageCollector.java:51)
	at jetbrains.exodus.newLogConcept.MVCC.MVCCDataStructure.lambda$commitTransaction$1(MVCCDataStructure.java:297)
	at java.base/java.util.concurrent.Executors$RunnableAdapter.call(Executors.java:515)
	at java.base/java.util.concurrent.FutureTask.run(FutureTask.java:264)
	at java.base/java.util.concurrent.ThreadPoolExecutor.runWorker(ThreadPoolExecutor.java:1128)
	at java.base/java.util.concurrent.ThreadPoolExecutor$Worker.run(ThreadPoolExecutor.java:628)
	... 1 more
java.util.concurrent.ExecutionException: jetbrains.exodus.ExodusException
	at java.base/java.util.concurrent.FutureTask.report(FutureTask.java:122)
	at java.base/java.util.concurrent.FutureTask.get(FutureTask.java:191)
	at jetbrains.exodus.newLogConcept.MVCC.MVCCDataStructure.commitTransaction(MVCCDataStructure.java:299)
	at site.ycsb.db.XodusClient.insert(XodusClient.java:60)
	at site.ycsb.DBWrapper.insert(DBWrapper.java:227)
	at site.ycsb.workloads.CoreWorkload.doInsert(CoreWorkload.java:621)
	at site.ycsb.ClientThread.run(ClientThread.java:135)
	at java.base/java.lang.Thread.run(Thread.java:829)
Caused by: jetbrains.exodus.ExodusException
	at jetbrains.exodus.newLogConcept.garbageCollector.OperationLogGarbageCollector.moveAndRemoveRecordsFromLog(OperationLogGarbageCollector.java:69)
	at jetbrains.exodus.newLogConcept.garbageCollector.OperationLogGarbageCollector.clean(OperationLogGarbageCollector.java:51)
	at jetbrains.exodus.newLogConcept.MVCC.MVCCDataStructure.lambda$commitTransaction$1(MVCCDataStructure.java:297)
	at java.base/java.util.concurrent.Executors$RunnableAdapter.call(Executors.java:515)
	at java.base/java.util.concurrent.FutureTask.run(FutureTask.java:264)
	at java.base/java.util.concurrent.ThreadPoolExecutor.runWorker(ThreadPoolExecutor.java:1128)
	at java.base/java.util.concurrent.ThreadPoolExecutor$Worker.run(ThreadPoolExecutor.java:628)
	... 1 more
java.util.concurrent.ExecutionException: jetbrains.exodus.ExodusException
	at java.base/java.util.concurrent.FutureTask.report(FutureTask.java:122)
	at java.base/java.util.concurrent.FutureTask.get(FutureTask.java:191)
	at jetbrains.exodus.newLogConcept.MVCC.MVCCDataStructure.commitTransaction(MVCCDataStructure.java:299)
	at site.ycsb.db.XodusClient.insert(XodusClient.java:60)
	at site.ycsb.DBWrapper.insert(DBWrapper.java:227)
	at site.ycsb.workloads.CoreWorkload.doInsert(CoreWorkload.java:621)
	at site.ycsb.ClientThread.run(ClientThread.java:135)
	at java.base/java.lang.Thread.run(Thread.java:829)
Caused by: jetbrains.exodus.ExodusException
	at jetbrains.exodus.newLogConcept.garbageCollector.OperationLogGarbageCollector.moveAndRemoveRecordsFromLog(OperationLogGarbageCollector.java:69)
	at jetbrains.exodus.newLogConcept.garbageCollector.OperationLogGarbageCollector.clean(OperationLogGarbageCollector.java:51)
	at jetbrains.exodus.newLogConcept.MVCC.MVCCDataStructure.lambda$commitTransaction$1(MVCCDataStructure.java:297)
	at java.base/java.util.concurrent.Executors$RunnableAdapter.call(Executors.java:515)
	at java.base/java.util.concurrent.FutureTask.run(FutureTask.java:264)
	at java.base/java.util.concurrent.ThreadPoolExecutor.runWorker(ThreadPoolExecutor.java:1128)
	at java.base/java.util.concurrent.ThreadPoolExecutor$Worker.run(ThreadPoolExecutor.java:628)
	... 1 more
java.util.concurrent.ExecutionException: jetbrains.exodus.ExodusException
	at java.base/java.util.concurrent.FutureTask.report(FutureTask.java:122)
	at java.base/java.util.concurrent.FutureTask.get(FutureTask.java:191)
	at jetbrains.exodus.newLogConcept.MVCC.MVCCDataStructure.commitTransaction(MVCCDataStructure.java:299)
	at site.ycsb.db.XodusClient.insert(XodusClient.java:60)
	at site.ycsb.DBWrapper.insert(DBWrapper.java:227)
	at site.ycsb.workloads.CoreWorkload.doInsert(CoreWorkload.java:621)
	at site.ycsb.ClientThread.run(ClientThread.java:135)
	at java.base/java.lang.Thread.run(Thread.java:829)
Caused by: jetbrains.exodus.ExodusException
	at jetbrains.exodus.newLogConcept.garbageCollector.OperationLogGarbageCollector.moveAndRemoveRecordsFromLog(OperationLogGarbageCollector.java:69)
	at jetbrains.exodus.newLogConcept.garbageCollector.OperationLogGarbageCollector.clean(OperationLogGarbageCollector.java:51)
	at jetbrains.exodus.newLogConcept.MVCC.MVCCDataStructure.lambda$commitTransaction$1(MVCCDataStructure.java:297)
	at java.base/java.util.concurrent.Executors$RunnableAdapter.call(Executors.java:515)
	at java.base/java.util.concurrent.FutureTask.run(FutureTask.java:264)
	at java.base/java.util.concurrent.ThreadPoolExecutor.runWorker(ThreadPoolExecutor.java:1128)
	at java.base/java.util.concurrent.ThreadPoolExecutor$Worker.run(ThreadPoolExecutor.java:628)
	... 1 more
java.util.concurrent.ExecutionException: jetbrains.exodus.ExodusException
	at java.base/java.util.concurrent.FutureTask.report(FutureTask.java:122)
	at java.base/java.util.concurrent.FutureTask.get(FutureTask.java:191)
	at jetbrains.exodus.newLogConcept.MVCC.MVCCDataStructure.commitTransaction(MVCCDataStructure.java:299)
	at site.ycsb.db.XodusClient.insert(XodusClient.java:60)
	at site.ycsb.DBWrapper.insert(DBWrapper.java:227)
	at site.ycsb.workloads.CoreWorkload.doInsert(CoreWorkload.java:621)
	at site.ycsb.ClientThread.run(ClientThread.java:135)
	at java.base/java.lang.Thread.run(Thread.java:829)
Caused by: jetbrains.exodus.ExodusException
	at jetbrains.exodus.newLogConcept.garbageCollector.OperationLogGarbageCollector.moveAndRemoveRecordsFromLog(OperationLogGarbageCollector.java:69)
	at jetbrains.exodus.newLogConcept.garbageCollector.OperationLogGarbageCollector.clean(OperationLogGarbageCollector.java:51)
	at jetbrains.exodus.newLogConcept.MVCC.MVCCDataStructure.lambda$commitTransaction$1(MVCCDataStructure.java:297)
	at java.base/java.util.concurrent.Executors$RunnableAdapter.call(Executors.java:515)
	at java.base/java.util.concurrent.FutureTask.run(FutureTask.java:264)
	at java.base/java.util.concurrent.ThreadPoolExecutor.runWorker(ThreadPoolExecutor.java:1128)
	at java.base/java.util.concurrent.ThreadPoolExecutor$Worker.run(ThreadPoolExecutor.java:628)
	... 1 more
java.util.concurrent.ExecutionException: jetbrains.exodus.ExodusException
	at java.base/java.util.concurrent.FutureTask.report(FutureTask.java:122)
	at java.base/java.util.concurrent.FutureTask.get(FutureTask.java:191)
	at jetbrains.exodus.newLogConcept.MVCC.MVCCDataStructure.commitTransaction(MVCCDataStructure.java:299)
	at site.ycsb.db.XodusClient.insert(XodusClient.java:60)
	at site.ycsb.DBWrapper.insert(DBWrapper.java:227)
	at site.ycsb.workloads.CoreWorkload.doInsert(CoreWorkload.java:621)
	at site.ycsb.ClientThread.run(ClientThread.java:135)
	at java.base/java.lang.Thread.run(Thread.java:829)
Caused by: jetbrains.exodus.ExodusException
	at jetbrains.exodus.newLogConcept.garbageCollector.OperationLogGarbageCollector.moveAndRemoveRecordsFromLog(OperationLogGarbageCollector.java:69)
	at jetbrains.exodus.newLogConcept.garbageCollector.OperationLogGarbageCollector.clean(OperationLogGarbageCollector.java:51)
	at jetbrains.exodus.newLogConcept.MVCC.MVCCDataStructure.lambda$commitTransaction$1(MVCCDataStructure.java:297)
	at java.base/java.util.concurrent.Executors$RunnableAdapter.call(Executors.java:515)
	at java.base/java.util.concurrent.FutureTask.run(FutureTask.java:264)
	at java.base/java.util.concurrent.ThreadPoolExecutor.runWorker(ThreadPoolExecutor.java:1128)
	at java.base/java.util.concurrent.ThreadPoolExecutor$Worker.run(ThreadPoolExecutor.java:628)
	... 1 more
java.util.concurrent.ExecutionException: jetbrains.exodus.ExodusException
	at java.base/java.util.concurrent.FutureTask.report(FutureTask.java:122)
	at java.base/java.util.concurrent.FutureTask.get(FutureTask.java:191)
	at jetbrains.exodus.newLogConcept.MVCC.MVCCDataStructure.commitTransaction(MVCCDataStructure.java:299)
	at site.ycsb.db.XodusClient.insert(XodusClient.java:60)
	at site.ycsb.DBWrapper.insert(DBWrapper.java:227)
	at site.ycsb.workloads.CoreWorkload.doInsert(CoreWorkload.java:621)
	at site.ycsb.ClientThread.run(ClientThread.java:135)
	at java.base/java.lang.Thread.run(Thread.java:829)
Caused by: jetbrains.exodus.ExodusException
	at jetbrains.exodus.newLogConcept.garbageCollector.OperationLogGarbageCollector.moveAndRemoveRecordsFromLog(OperationLogGarbageCollector.java:69)
	at jetbrains.exodus.newLogConcept.garbageCollector.OperationLogGarbageCollector.clean(OperationLogGarbageCollector.java:51)
	at jetbrains.exodus.newLogConcept.MVCC.MVCCDataStructure.lambda$commitTransaction$1(MVCCDataStructure.java:297)
	at java.base/java.util.concurrent.Executors$RunnableAdapter.call(Executors.java:515)
	at java.base/java.util.concurrent.FutureTask.run(FutureTask.java:264)
	at java.base/java.util.concurrent.ThreadPoolExecutor.runWorker(ThreadPoolExecutor.java:1128)
	at java.base/java.util.concurrent.ThreadPoolExecutor$Worker.run(ThreadPoolExecutor.java:628)
	... 1 more
java.util.concurrent.ExecutionException: jetbrains.exodus.ExodusException
	at java.base/java.util.concurrent.FutureTask.report(FutureTask.java:122)
	at java.base/java.util.concurrent.FutureTask.get(FutureTask.java:191)
	at jetbrains.exodus.newLogConcept.MVCC.MVCCDataStructure.commitTransaction(MVCCDataStructure.java:299)
	at site.ycsb.db.XodusClient.insert(XodusClient.java:60)
	at site.ycsb.DBWrapper.insert(DBWrapper.java:227)
	at site.ycsb.workloads.CoreWorkload.doInsert(CoreWorkload.java:621)
	at site.ycsb.ClientThread.run(ClientThread.java:135)
	at java.base/java.lang.Thread.run(Thread.java:829)
Caused by: jetbrains.exodus.ExodusException
	at jetbrains.exodus.newLogConcept.garbageCollector.OperationLogGarbageCollector.moveAndRemoveRecordsFromLog(OperationLogGarbageCollector.java:69)
	at jetbrains.exodus.newLogConcept.garbageCollector.OperationLogGarbageCollector.clean(OperationLogGarbageCollector.java:51)
	at jetbrains.exodus.newLogConcept.MVCC.MVCCDataStructure.lambda$commitTransaction$1(MVCCDataStructure.java:297)
	at java.base/java.util.concurrent.Executors$RunnableAdapter.call(Executors.java:515)
	at java.base/java.util.concurrent.FutureTask.run(FutureTask.java:264)
	at java.base/java.util.concurrent.ThreadPoolExecutor.runWorker(ThreadPoolExecutor.java:1128)
	at java.base/java.util.concurrent.ThreadPoolExecutor$Worker.run(ThreadPoolExecutor.java:628)
	... 1 more
java.util.concurrent.ExecutionException: jetbrains.exodus.ExodusException
	at java.base/java.util.concurrent.FutureTask.report(FutureTask.java:122)
	at java.base/java.util.concurrent.FutureTask.get(FutureTask.java:191)
	at jetbrains.exodus.newLogConcept.MVCC.MVCCDataStructure.commitTransaction(MVCCDataStructure.java:299)
	at site.ycsb.db.XodusClient.insert(XodusClient.java:60)
	at site.ycsb.DBWrapper.insert(DBWrapper.java:227)
	at site.ycsb.workloads.CoreWorkload.doInsert(CoreWorkload.java:621)
	at site.ycsb.ClientThread.run(ClientThread.java:135)
	at java.base/java.lang.Thread.run(Thread.java:829)
Caused by: jetbrains.exodus.ExodusException
	at jetbrains.exodus.newLogConcept.garbageCollector.OperationLogGarbageCollector.moveAndRemoveRecordsFromLog(OperationLogGarbageCollector.java:69)
	at jetbrains.exodus.newLogConcept.garbageCollector.OperationLogGarbageCollector.clean(OperationLogGarbageCollector.java:51)
	at jetbrains.exodus.newLogConcept.MVCC.MVCCDataStructure.lambda$commitTransaction$1(MVCCDataStructure.java:297)
	at java.base/java.util.concurrent.Executors$RunnableAdapter.call(Executors.java:515)
	at java.base/java.util.concurrent.FutureTask.run(FutureTask.java:264)
	at java.base/java.util.concurrent.ThreadPoolExecutor.runWorker(ThreadPoolExecutor.java:1128)
	at java.base/java.util.concurrent.ThreadPoolExecutor$Worker.run(ThreadPoolExecutor.java:628)
	... 1 more
java.util.concurrent.ExecutionException: jetbrains.exodus.ExodusException
	at java.base/java.util.concurrent.FutureTask.report(FutureTask.java:122)
	at java.base/java.util.concurrent.FutureTask.get(FutureTask.java:191)
	at jetbrains.exodus.newLogConcept.MVCC.MVCCDataStructure.commitTransaction(MVCCDataStructure.java:299)
	at site.ycsb.db.XodusClient.insert(XodusClient.java:60)
	at site.ycsb.DBWrapper.insert(DBWrapper.java:227)
	at site.ycsb.workloads.CoreWorkload.doInsert(CoreWorkload.java:621)
	at site.ycsb.ClientThread.run(ClientThread.java:135)
	at java.base/java.lang.Thread.run(Thread.java:829)
Caused by: jetbrains.exodus.ExodusException
	at jetbrains.exodus.newLogConcept.garbageCollector.OperationLogGarbageCollector.moveAndRemoveRecordsFromLog(OperationLogGarbageCollector.java:69)
	at jetbrains.exodus.newLogConcept.garbageCollector.OperationLogGarbageCollector.clean(OperationLogGarbageCollector.java:51)
	at jetbrains.exodus.newLogConcept.MVCC.MVCCDataStructure.lambda$commitTransaction$1(MVCCDataStructure.java:297)
	at java.base/java.util.concurrent.Executors$RunnableAdapter.call(Executors.java:515)
	at java.base/java.util.concurrent.FutureTask.run(FutureTask.java:264)
	at java.base/java.util.concurrent.ThreadPoolExecutor.runWorker(ThreadPoolExecutor.java:1128)
	at java.base/java.util.concurrent.ThreadPoolExecutor$Worker.run(ThreadPoolExecutor.java:628)
	... 1 more
java.util.concurrent.ExecutionException: jetbrains.exodus.ExodusException
	at java.base/java.util.concurrent.FutureTask.report(FutureTask.java:122)
	at java.base/java.util.concurrent.FutureTask.get(FutureTask.java:191)
	at jetbrains.exodus.newLogConcept.MVCC.MVCCDataStructure.commitTransaction(MVCCDataStructure.java:299)
	at site.ycsb.db.XodusClient.insert(XodusClient.java:60)
	at site.ycsb.DBWrapper.insert(DBWrapper.java:227)
	at site.ycsb.workloads.CoreWorkload.doInsert(CoreWorkload.java:621)
	at site.ycsb.ClientThread.run(ClientThread.java:135)
	at java.base/java.lang.Thread.run(Thread.java:829)
Caused by: jetbrains.exodus.ExodusException
	at jetbrains.exodus.newLogConcept.garbageCollector.OperationLogGarbageCollector.moveAndRemoveRecordsFromLog(OperationLogGarbageCollector.java:69)
	at jetbrains.exodus.newLogConcept.garbageCollector.OperationLogGarbageCollector.clean(OperationLogGarbageCollector.java:51)
	at jetbrains.exodus.newLogConcept.MVCC.MVCCDataStructure.lambda$commitTransaction$1(MVCCDataStructure.java:297)
	at java.base/java.util.concurrent.Executors$RunnableAdapter.call(Executors.java:515)
	at java.base/java.util.concurrent.FutureTask.run(FutureTask.java:264)
	at java.base/java.util.concurrent.ThreadPoolExecutor.runWorker(ThreadPoolExecutor.java:1128)
	at java.base/java.util.concurrent.ThreadPoolExecutor$Worker.run(ThreadPoolExecutor.java:628)
	... 1 more
java.util.concurrent.ExecutionException: jetbrains.exodus.ExodusException
	at java.base/java.util.concurrent.FutureTask.report(FutureTask.java:122)
	at java.base/java.util.concurrent.FutureTask.get(FutureTask.java:191)
	at jetbrains.exodus.newLogConcept.MVCC.MVCCDataStructure.commitTransaction(MVCCDataStructure.java:299)
	at site.ycsb.db.XodusClient.insert(XodusClient.java:60)
	at site.ycsb.DBWrapper.insert(DBWrapper.java:227)
	at site.ycsb.workloads.CoreWorkload.doInsert(CoreWorkload.java:621)
	at site.ycsb.ClientThread.run(ClientThread.java:135)
	at java.base/java.lang.Thread.run(Thread.java:829)
Caused by: jetbrains.exodus.ExodusException
	at jetbrains.exodus.newLogConcept.garbageCollector.OperationLogGarbageCollector.moveAndRemoveRecordsFromLog(OperationLogGarbageCollector.java:69)
	at jetbrains.exodus.newLogConcept.garbageCollector.OperationLogGarbageCollector.clean(OperationLogGarbageCollector.java:51)
	at jetbrains.exodus.newLogConcept.MVCC.MVCCDataStructure.lambda$commitTransaction$1(MVCCDataStructure.java:297)
	at java.base/java.util.concurrent.Executors$RunnableAdapter.call(Executors.java:515)
	at java.base/java.util.concurrent.FutureTask.run(FutureTask.java:264)
	at java.base/java.util.concurrent.ThreadPoolExecutor.runWorker(ThreadPoolExecutor.java:1128)
	at java.base/java.util.concurrent.ThreadPoolExecutor$Worker.run(ThreadPoolExecutor.java:628)
	... 1 more
java.util.concurrent.ExecutionException: jetbrains.exodus.ExodusException
	at java.base/java.util.concurrent.FutureTask.report(FutureTask.java:122)
	at java.base/java.util.concurrent.FutureTask.get(FutureTask.java:191)
	at jetbrains.exodus.newLogConcept.MVCC.MVCCDataStructure.commitTransaction(MVCCDataStructure.java:299)
	at site.ycsb.db.XodusClient.insert(XodusClient.java:60)
	at site.ycsb.DBWrapper.insert(DBWrapper.java:227)
	at site.ycsb.workloads.CoreWorkload.doInsert(CoreWorkload.java:621)
	at site.ycsb.ClientThread.run(ClientThread.java:135)
	at java.base/java.lang.Thread.run(Thread.java:829)
Caused by: jetbrains.exodus.ExodusException
	at jetbrains.exodus.newLogConcept.garbageCollector.OperationLogGarbageCollector.moveAndRemoveRecordsFromLog(OperationLogGarbageCollector.java:69)
	at jetbrains.exodus.newLogConcept.garbageCollector.OperationLogGarbageCollector.clean(OperationLogGarbageCollector.java:51)
	at jetbrains.exodus.newLogConcept.MVCC.MVCCDataStructure.lambda$commitTransaction$1(MVCCDataStructure.java:297)
	at java.base/java.util.concurrent.Executors$RunnableAdapter.call(Executors.java:515)
	at java.base/java.util.concurrent.FutureTask.run(FutureTask.java:264)
	at java.base/java.util.concurrent.ThreadPoolExecutor.runWorker(ThreadPoolExecutor.java:1128)
	at java.base/java.util.concurrent.ThreadPoolExecutor$Worker.run(ThreadPoolExecutor.java:628)
	... 1 more
java.util.concurrent.ExecutionException: jetbrains.exodus.ExodusException
	at java.base/java.util.concurrent.FutureTask.report(FutureTask.java:122)
	at java.base/java.util.concurrent.FutureTask.get(FutureTask.java:191)
	at jetbrains.exodus.newLogConcept.MVCC.MVCCDataStructure.commitTransaction(MVCCDataStructure.java:299)
	at site.ycsb.db.XodusClient.insert(XodusClient.java:60)
	at site.ycsb.DBWrapper.insert(DBWrapper.java:227)
	at site.ycsb.workloads.CoreWorkload.doInsert(CoreWorkload.java:621)
	at site.ycsb.ClientThread.run(ClientThread.java:135)
	at java.base/java.lang.Thread.run(Thread.java:829)
Caused by: jetbrains.exodus.ExodusException
	at jetbrains.exodus.newLogConcept.garbageCollector.OperationLogGarbageCollector.moveAndRemoveRecordsFromLog(OperationLogGarbageCollector.java:69)
	at jetbrains.exodus.newLogConcept.garbageCollector.OperationLogGarbageCollector.clean(OperationLogGarbageCollector.java:51)
	at jetbrains.exodus.newLogConcept.MVCC.MVCCDataStructure.lambda$commitTransaction$1(MVCCDataStructure.java:297)
	at java.base/java.util.concurrent.Executors$RunnableAdapter.call(Executors.java:515)
	at java.base/java.util.concurrent.FutureTask.run(FutureTask.java:264)
	at java.base/java.util.concurrent.ThreadPoolExecutor.runWorker(ThreadPoolExecutor.java:1128)
	at java.base/java.util.concurrent.ThreadPoolExecutor$Worker.run(ThreadPoolExecutor.java:628)
	... 1 more
java.util.concurrent.ExecutionException: jetbrains.exodus.ExodusException
	at java.base/java.util.concurrent.FutureTask.report(FutureTask.java:122)
	at java.base/java.util.concurrent.FutureTask.get(FutureTask.java:191)
	at jetbrains.exodus.newLogConcept.MVCC.MVCCDataStructure.commitTransaction(MVCCDataStructure.java:299)
	at site.ycsb.db.XodusClient.insert(XodusClient.java:60)
	at site.ycsb.DBWrapper.insert(DBWrapper.java:227)
	at site.ycsb.workloads.CoreWorkload.doInsert(CoreWorkload.java:621)
	at site.ycsb.ClientThread.run(ClientThread.java:135)
	at java.base/java.lang.Thread.run(Thread.java:829)
Caused by: jetbrains.exodus.ExodusException
	at jetbrains.exodus.newLogConcept.garbageCollector.OperationLogGarbageCollector.moveAndRemoveRecordsFromLog(OperationLogGarbageCollector.java:69)
	at jetbrains.exodus.newLogConcept.garbageCollector.OperationLogGarbageCollector.clean(OperationLogGarbageCollector.java:51)
	at jetbrains.exodus.newLogConcept.MVCC.MVCCDataStructure.lambda$commitTransaction$1(MVCCDataStructure.java:297)
	at java.base/java.util.concurrent.Executors$RunnableAdapter.call(Executors.java:515)
	at java.base/java.util.concurrent.FutureTask.run(FutureTask.java:264)
	at java.base/java.util.concurrent.ThreadPoolExecutor.runWorker(ThreadPoolExecutor.java:1128)
	at java.base/java.util.concurrent.ThreadPoolExecutor$Worker.run(ThreadPoolExecutor.java:628)
	... 1 more
java.util.concurrent.ExecutionException: jetbrains.exodus.ExodusException
	at java.base/java.util.concurrent.FutureTask.report(FutureTask.java:122)
	at java.base/java.util.concurrent.FutureTask.get(FutureTask.java:191)
	at jetbrains.exodus.newLogConcept.MVCC.MVCCDataStructure.commitTransaction(MVCCDataStructure.java:299)
	at site.ycsb.db.XodusClient.insert(XodusClient.java:60)
	at site.ycsb.DBWrapper.insert(DBWrapper.java:227)
	at site.ycsb.workloads.CoreWorkload.doInsert(CoreWorkload.java:621)
	at site.ycsb.ClientThread.run(ClientThread.java:135)
	at java.base/java.lang.Thread.run(Thread.java:829)
Caused by: jetbrains.exodus.ExodusException
	at jetbrains.exodus.newLogConcept.garbageCollector.OperationLogGarbageCollector.moveAndRemoveRecordsFromLog(OperationLogGarbageCollector.java:69)
	at jetbrains.exodus.newLogConcept.garbageCollector.OperationLogGarbageCollector.clean(OperationLogGarbageCollector.java:51)
	at jetbrains.exodus.newLogConcept.MVCC.MVCCDataStructure.lambda$commitTransaction$1(MVCCDataStructure.java:297)
	at java.base/java.util.concurrent.Executors$RunnableAdapter.call(Executors.java:515)
	at java.base/java.util.concurrent.FutureTask.run(FutureTask.java:264)
	at java.base/java.util.concurrent.ThreadPoolExecutor.runWorker(ThreadPoolExecutor.java:1128)
	at java.base/java.util.concurrent.ThreadPoolExecutor$Worker.run(ThreadPoolExecutor.java:628)
	... 1 more
java.util.concurrent.ExecutionException: jetbrains.exodus.ExodusException
	at java.base/java.util.concurrent.FutureTask.report(FutureTask.java:122)
	at java.base/java.util.concurrent.FutureTask.get(FutureTask.java:191)
	at jetbrains.exodus.newLogConcept.MVCC.MVCCDataStructure.commitTransaction(MVCCDataStructure.java:299)
	at site.ycsb.db.XodusClient.insert(XodusClient.java:60)
	at site.ycsb.DBWrapper.insert(DBWrapper.java:227)
	at site.ycsb.workloads.CoreWorkload.doInsert(CoreWorkload.java:621)
	at site.ycsb.ClientThread.run(ClientThread.java:135)
	at java.base/java.lang.Thread.run(Thread.java:829)
Caused by: jetbrains.exodus.ExodusException
	at jetbrains.exodus.newLogConcept.garbageCollector.OperationLogGarbageCollector.moveAndRemoveRecordsFromLog(OperationLogGarbageCollector.java:69)
	at jetbrains.exodus.newLogConcept.garbageCollector.OperationLogGarbageCollector.clean(OperationLogGarbageCollector.java:51)
	at jetbrains.exodus.newLogConcept.MVCC.MVCCDataStructure.lambda$commitTransaction$1(MVCCDataStructure.java:297)
	at java.base/java.util.concurrent.Executors$RunnableAdapter.call(Executors.java:515)
	at java.base/java.util.concurrent.FutureTask.run(FutureTask.java:264)
	at java.base/java.util.concurrent.ThreadPoolExecutor.runWorker(ThreadPoolExecutor.java:1128)
	at java.base/java.util.concurrent.ThreadPoolExecutor$Worker.run(ThreadPoolExecutor.java:628)
	... 1 more
java.util.concurrent.ExecutionException: jetbrains.exodus.ExodusException
	at java.base/java.util.concurrent.FutureTask.report(FutureTask.java:122)
	at java.base/java.util.concurrent.FutureTask.get(FutureTask.java:191)
	at jetbrains.exodus.newLogConcept.MVCC.MVCCDataStructure.commitTransaction(MVCCDataStructure.java:299)
	at site.ycsb.db.XodusClient.insert(XodusClient.java:60)
	at site.ycsb.DBWrapper.insert(DBWrapper.java:227)
	at site.ycsb.workloads.CoreWorkload.doInsert(CoreWorkload.java:621)
	at site.ycsb.ClientThread.run(ClientThread.java:135)
	at java.base/java.lang.Thread.run(Thread.java:829)
Caused by: jetbrains.exodus.ExodusException
	at jetbrains.exodus.newLogConcept.garbageCollector.OperationLogGarbageCollector.moveAndRemoveRecordsFromLog(OperationLogGarbageCollector.java:69)
	at jetbrains.exodus.newLogConcept.garbageCollector.OperationLogGarbageCollector.clean(OperationLogGarbageCollector.java:51)
	at jetbrains.exodus.newLogConcept.MVCC.MVCCDataStructure.lambda$commitTransaction$1(MVCCDataStructure.java:297)
	at java.base/java.util.concurrent.Executors$RunnableAdapter.call(Executors.java:515)
	at java.base/java.util.concurrent.FutureTask.run(FutureTask.java:264)
	at java.base/java.util.concurrent.ThreadPoolExecutor.runWorker(ThreadPoolExecutor.java:1128)
	at java.base/java.util.concurrent.ThreadPoolExecutor$Worker.run(ThreadPoolExecutor.java:628)
	... 1 more
java.util.concurrent.ExecutionException: jetbrains.exodus.ExodusException
	at java.base/java.util.concurrent.FutureTask.report(FutureTask.java:122)
	at java.base/java.util.concurrent.FutureTask.get(FutureTask.java:191)
	at jetbrains.exodus.newLogConcept.MVCC.MVCCDataStructure.commitTransaction(MVCCDataStructure.java:299)
	at site.ycsb.db.XodusClient.insert(XodusClient.java:60)
	at site.ycsb.DBWrapper.insert(DBWrapper.java:227)
	at site.ycsb.workloads.CoreWorkload.doInsert(CoreWorkload.java:621)
	at site.ycsb.ClientThread.run(ClientThread.java:135)
	at java.base/java.lang.Thread.run(Thread.java:829)
Caused by: jetbrains.exodus.ExodusException
	at jetbrains.exodus.newLogConcept.garbageCollector.OperationLogGarbageCollector.moveAndRemoveRecordsFromLog(OperationLogGarbageCollector.java:69)
	at jetbrains.exodus.newLogConcept.garbageCollector.OperationLogGarbageCollector.clean(OperationLogGarbageCollector.java:51)
	at jetbrains.exodus.newLogConcept.MVCC.MVCCDataStructure.lambda$commitTransaction$1(MVCCDataStructure.java:297)
	at java.base/java.util.concurrent.Executors$RunnableAdapter.call(Executors.java:515)
	at java.base/java.util.concurrent.FutureTask.run(FutureTask.java:264)
	at java.base/java.util.concurrent.ThreadPoolExecutor.runWorker(ThreadPoolExecutor.java:1128)
	at java.base/java.util.concurrent.ThreadPoolExecutor$Worker.run(ThreadPoolExecutor.java:628)
	... 1 more
java.util.concurrent.ExecutionException: jetbrains.exodus.ExodusException
	at java.base/java.util.concurrent.FutureTask.report(FutureTask.java:122)
	at java.base/java.util.concurrent.FutureTask.get(FutureTask.java:191)
	at jetbrains.exodus.newLogConcept.MVCC.MVCCDataStructure.commitTransaction(MVCCDataStructure.java:299)
	at site.ycsb.db.XodusClient.insert(XodusClient.java:60)
	at site.ycsb.DBWrapper.insert(DBWrapper.java:227)
	at site.ycsb.workloads.CoreWorkload.doInsert(CoreWorkload.java:621)
	at site.ycsb.ClientThread.run(ClientThread.java:135)
	at java.base/java.lang.Thread.run(Thread.java:829)
Caused by: jetbrains.exodus.ExodusException
	at jetbrains.exodus.newLogConcept.garbageCollector.OperationLogGarbageCollector.moveAndRemoveRecordsFromLog(OperationLogGarbageCollector.java:69)
	at jetbrains.exodus.newLogConcept.garbageCollector.OperationLogGarbageCollector.clean(OperationLogGarbageCollector.java:51)
	at jetbrains.exodus.newLogConcept.MVCC.MVCCDataStructure.lambda$commitTransaction$1(MVCCDataStructure.java:297)
	at java.base/java.util.concurrent.Executors$RunnableAdapter.call(Executors.java:515)
	at java.base/java.util.concurrent.FutureTask.run(FutureTask.java:264)
	at java.base/java.util.concurrent.ThreadPoolExecutor.runWorker(ThreadPoolExecutor.java:1128)
	at java.base/java.util.concurrent.ThreadPoolExecutor$Worker.run(ThreadPoolExecutor.java:628)
	... 1 more
java.util.concurrent.ExecutionException: jetbrains.exodus.ExodusException
	at java.base/java.util.concurrent.FutureTask.report(FutureTask.java:122)
	at java.base/java.util.concurrent.FutureTask.get(FutureTask.java:191)
	at jetbrains.exodus.newLogConcept.MVCC.MVCCDataStructure.commitTransaction(MVCCDataStructure.java:299)
	at site.ycsb.db.XodusClient.insert(XodusClient.java:60)
	at site.ycsb.DBWrapper.insert(DBWrapper.java:227)
	at site.ycsb.workloads.CoreWorkload.doInsert(CoreWorkload.java:621)
	at site.ycsb.ClientThread.run(ClientThread.java:135)
	at java.base/java.lang.Thread.run(Thread.java:829)
Caused by: jetbrains.exodus.ExodusException
	at jetbrains.exodus.newLogConcept.garbageCollector.OperationLogGarbageCollector.moveAndRemoveRecordsFromLog(OperationLogGarbageCollector.java:69)
	at jetbrains.exodus.newLogConcept.garbageCollector.OperationLogGarbageCollector.clean(OperationLogGarbageCollector.java:51)
	at jetbrains.exodus.newLogConcept.MVCC.MVCCDataStructure.lambda$commitTransaction$1(MVCCDataStructure.java:297)
	at java.base/java.util.concurrent.Executors$RunnableAdapter.call(Executors.java:515)
	at java.base/java.util.concurrent.FutureTask.run(FutureTask.java:264)
	at java.base/java.util.concurrent.ThreadPoolExecutor.runWorker(ThreadPoolExecutor.java:1128)
	at java.base/java.util.concurrent.ThreadPoolExecutor$Worker.run(ThreadPoolExecutor.java:628)
	... 1 more
java.util.concurrent.ExecutionException: jetbrains.exodus.ExodusException
	at java.base/java.util.concurrent.FutureTask.report(FutureTask.java:122)
	at java.base/java.util.concurrent.FutureTask.get(FutureTask.java:191)
	at jetbrains.exodus.newLogConcept.MVCC.MVCCDataStructure.commitTransaction(MVCCDataStructure.java:299)
	at site.ycsb.db.XodusClient.insert(XodusClient.java:60)
	at site.ycsb.DBWrapper.insert(DBWrapper.java:227)
	at site.ycsb.workloads.CoreWorkload.doInsert(CoreWorkload.java:621)
	at site.ycsb.ClientThread.run(ClientThread.java:135)
	at java.base/java.lang.Thread.run(Thread.java:829)
Caused by: jetbrains.exodus.ExodusException
	at jetbrains.exodus.newLogConcept.garbageCollector.OperationLogGarbageCollector.moveAndRemoveRecordsFromLog(OperationLogGarbageCollector.java:69)
	at jetbrains.exodus.newLogConcept.garbageCollector.OperationLogGarbageCollector.clean(OperationLogGarbageCollector.java:51)
	at jetbrains.exodus.newLogConcept.MVCC.MVCCDataStructure.lambda$commitTransaction$1(MVCCDataStructure.java:297)
	at java.base/java.util.concurrent.Executors$RunnableAdapter.call(Executors.java:515)
	at java.base/java.util.concurrent.FutureTask.run(FutureTask.java:264)
	at java.base/java.util.concurrent.ThreadPoolExecutor.runWorker(ThreadPoolExecutor.java:1128)
	at java.base/java.util.concurrent.ThreadPoolExecutor$Worker.run(ThreadPoolExecutor.java:628)
	... 1 more
java.util.concurrent.ExecutionException: jetbrains.exodus.ExodusException
	at java.base/java.util.concurrent.FutureTask.report(FutureTask.java:122)
	at java.base/java.util.concurrent.FutureTask.get(FutureTask.java:191)
	at jetbrains.exodus.newLogConcept.MVCC.MVCCDataStructure.commitTransaction(MVCCDataStructure.java:299)
	at site.ycsb.db.XodusClient.insert(XodusClient.java:60)
	at site.ycsb.DBWrapper.insert(DBWrapper.java:227)
	at site.ycsb.workloads.CoreWorkload.doInsert(CoreWorkload.java:621)
	at site.ycsb.ClientThread.run(ClientThread.java:135)
	at java.base/java.lang.Thread.run(Thread.java:829)
Caused by: jetbrains.exodus.ExodusException
	at jetbrains.exodus.newLogConcept.garbageCollector.OperationLogGarbageCollector.moveAndRemoveRecordsFromLog(OperationLogGarbageCollector.java:69)
	at jetbrains.exodus.newLogConcept.garbageCollector.OperationLogGarbageCollector.clean(OperationLogGarbageCollector.java:51)
	at jetbrains.exodus.newLogConcept.MVCC.MVCCDataStructure.lambda$commitTransaction$1(MVCCDataStructure.java:297)
	at java.base/java.util.concurrent.Executors$RunnableAdapter.call(Executors.java:515)
	at java.base/java.util.concurrent.FutureTask.run(FutureTask.java:264)
	at java.base/java.util.concurrent.ThreadPoolExecutor.runWorker(ThreadPoolExecutor.java:1128)
	at java.base/java.util.concurrent.ThreadPoolExecutor$Worker.run(ThreadPoolExecutor.java:628)
	... 1 more
java.util.concurrent.ExecutionException: jetbrains.exodus.ExodusException
	at java.base/java.util.concurrent.FutureTask.report(FutureTask.java:122)
	at java.base/java.util.concurrent.FutureTask.get(FutureTask.java:191)
	at jetbrains.exodus.newLogConcept.MVCC.MVCCDataStructure.commitTransaction(MVCCDataStructure.java:299)
	at site.ycsb.db.XodusClient.insert(XodusClient.java:60)
	at site.ycsb.DBWrapper.insert(DBWrapper.java:227)
	at site.ycsb.workloads.CoreWorkload.doInsert(CoreWorkload.java:621)
	at site.ycsb.ClientThread.run(ClientThread.java:135)
	at java.base/java.lang.Thread.run(Thread.java:829)
Caused by: jetbrains.exodus.ExodusException
	at jetbrains.exodus.newLogConcept.garbageCollector.OperationLogGarbageCollector.moveAndRemoveRecordsFromLog(OperationLogGarbageCollector.java:69)
	at jetbrains.exodus.newLogConcept.garbageCollector.OperationLogGarbageCollector.clean(OperationLogGarbageCollector.java:51)
	at jetbrains.exodus.newLogConcept.MVCC.MVCCDataStructure.lambda$commitTransaction$1(MVCCDataStructure.java:297)
	at java.base/java.util.concurrent.Executors$RunnableAdapter.call(Executors.java:515)
	at java.base/java.util.concurrent.FutureTask.run(FutureTask.java:264)
	at java.base/java.util.concurrent.ThreadPoolExecutor.runWorker(ThreadPoolExecutor.java:1128)
	at java.base/java.util.concurrent.ThreadPoolExecutor$Worker.run(ThreadPoolExecutor.java:628)
	... 1 more
java.util.concurrent.ExecutionException: jetbrains.exodus.ExodusException
	at java.base/java.util.concurrent.FutureTask.report(FutureTask.java:122)
	at java.base/java.util.concurrent.FutureTask.get(FutureTask.java:191)
	at jetbrains.exodus.newLogConcept.MVCC.MVCCDataStructure.commitTransaction(MVCCDataStructure.java:299)
	at site.ycsb.db.XodusClient.insert(XodusClient.java:60)
	at site.ycsb.DBWrapper.insert(DBWrapper.java:227)
	at site.ycsb.workloads.CoreWorkload.doInsert(CoreWorkload.java:621)
	at site.ycsb.ClientThread.run(ClientThread.java:135)
	at java.base/java.lang.Thread.run(Thread.java:829)
Caused by: jetbrains.exodus.ExodusException
	at jetbrains.exodus.newLogConcept.garbageCollector.OperationLogGarbageCollector.moveAndRemoveRecordsFromLog(OperationLogGarbageCollector.java:69)
	at jetbrains.exodus.newLogConcept.garbageCollector.OperationLogGarbageCollector.clean(OperationLogGarbageCollector.java:51)
	at jetbrains.exodus.newLogConcept.MVCC.MVCCDataStructure.lambda$commitTransaction$1(MVCCDataStructure.java:297)
	at java.base/java.util.concurrent.Executors$RunnableAdapter.call(Executors.java:515)
	at java.base/java.util.concurrent.FutureTask.run(FutureTask.java:264)
	at java.base/java.util.concurrent.ThreadPoolExecutor.runWorker(ThreadPoolExecutor.java:1128)
	at java.base/java.util.concurrent.ThreadPoolExecutor$Worker.run(ThreadPoolExecutor.java:628)
	... 1 more
java.util.concurrent.ExecutionException: jetbrains.exodus.ExodusException
	at java.base/java.util.concurrent.FutureTask.report(FutureTask.java:122)
	at java.base/java.util.concurrent.FutureTask.get(FutureTask.java:191)
	at jetbrains.exodus.newLogConcept.MVCC.MVCCDataStructure.commitTransaction(MVCCDataStructure.java:299)
	at site.ycsb.db.XodusClient.insert(XodusClient.java:60)
	at site.ycsb.DBWrapper.insert(DBWrapper.java:227)
	at site.ycsb.workloads.CoreWorkload.doInsert(CoreWorkload.java:621)
	at site.ycsb.ClientThread.run(ClientThread.java:135)
	at java.base/java.lang.Thread.run(Thread.java:829)
Caused by: jetbrains.exodus.ExodusException
	at jetbrains.exodus.newLogConcept.garbageCollector.OperationLogGarbageCollector.moveAndRemoveRecordsFromLog(OperationLogGarbageCollector.java:69)
	at jetbrains.exodus.newLogConcept.garbageCollector.OperationLogGarbageCollector.clean(OperationLogGarbageCollector.java:51)
	at jetbrains.exodus.newLogConcept.MVCC.MVCCDataStructure.lambda$commitTransaction$1(MVCCDataStructure.java:297)
	at java.base/java.util.concurrent.Executors$RunnableAdapter.call(Executors.java:515)
	at java.base/java.util.concurrent.FutureTask.run(FutureTask.java:264)
	at java.base/java.util.concurrent.ThreadPoolExecutor.runWorker(ThreadPoolExecutor.java:1128)
	at java.base/java.util.concurrent.ThreadPoolExecutor$Worker.run(ThreadPoolExecutor.java:628)
	... 1 more
java.util.concurrent.ExecutionException: jetbrains.exodus.ExodusException
	at java.base/java.util.concurrent.FutureTask.report(FutureTask.java:122)
	at java.base/java.util.concurrent.FutureTask.get(FutureTask.java:191)
	at jetbrains.exodus.newLogConcept.MVCC.MVCCDataStructure.commitTransaction(MVCCDataStructure.java:299)
	at site.ycsb.db.XodusClient.insert(XodusClient.java:60)
	at site.ycsb.DBWrapper.insert(DBWrapper.java:227)
	at site.ycsb.workloads.CoreWorkload.doInsert(CoreWorkload.java:621)
	at site.ycsb.ClientThread.run(ClientThread.java:135)
	at java.base/java.lang.Thread.run(Thread.java:829)
Caused by: jetbrains.exodus.ExodusException
	at jetbrains.exodus.newLogConcept.garbageCollector.OperationLogGarbageCollector.moveAndRemoveRecordsFromLog(OperationLogGarbageCollector.java:69)
	at jetbrains.exodus.newLogConcept.garbageCollector.OperationLogGarbageCollector.clean(OperationLogGarbageCollector.java:51)
	at jetbrains.exodus.newLogConcept.MVCC.MVCCDataStructure.lambda$commitTransaction$1(MVCCDataStructure.java:297)
	at java.base/java.util.concurrent.Executors$RunnableAdapter.call(Executors.java:515)
	at java.base/java.util.concurrent.FutureTask.run(FutureTask.java:264)
	at java.base/java.util.concurrent.ThreadPoolExecutor.runWorker(ThreadPoolExecutor.java:1128)
	at java.base/java.util.concurrent.ThreadPoolExecutor$Worker.run(ThreadPoolExecutor.java:628)
	... 1 more
java.util.concurrent.ExecutionException: jetbrains.exodus.ExodusException
	at java.base/java.util.concurrent.FutureTask.report(FutureTask.java:122)
	at java.base/java.util.concurrent.FutureTask.get(FutureTask.java:191)
	at jetbrains.exodus.newLogConcept.MVCC.MVCCDataStructure.commitTransaction(MVCCDataStructure.java:299)
	at site.ycsb.db.XodusClient.insert(XodusClient.java:60)
	at site.ycsb.DBWrapper.insert(DBWrapper.java:227)
	at site.ycsb.workloads.CoreWorkload.doInsert(CoreWorkload.java:621)
	at site.ycsb.ClientThread.run(ClientThread.java:135)
	at java.base/java.lang.Thread.run(Thread.java:829)
Caused by: jetbrains.exodus.ExodusException
	at jetbrains.exodus.newLogConcept.garbageCollector.OperationLogGarbageCollector.moveAndRemoveRecordsFromLog(OperationLogGarbageCollector.java:69)
	at jetbrains.exodus.newLogConcept.garbageCollector.OperationLogGarbageCollector.clean(OperationLogGarbageCollector.java:51)
	at jetbrains.exodus.newLogConcept.MVCC.MVCCDataStructure.lambda$commitTransaction$1(MVCCDataStructure.java:297)
	at java.base/java.util.concurrent.Executors$RunnableAdapter.call(Executors.java:515)
	at java.base/java.util.concurrent.FutureTask.run(FutureTask.java:264)
	at java.base/java.util.concurrent.ThreadPoolExecutor.runWorker(ThreadPoolExecutor.java:1128)
	at java.base/java.util.concurrent.ThreadPoolExecutor$Worker.run(ThreadPoolExecutor.java:628)
	... 1 more
java.util.concurrent.ExecutionException: jetbrains.exodus.ExodusException
	at java.base/java.util.concurrent.FutureTask.report(FutureTask.java:122)
	at java.base/java.util.concurrent.FutureTask.get(FutureTask.java:191)
	at jetbrains.exodus.newLogConcept.MVCC.MVCCDataStructure.commitTransaction(MVCCDataStructure.java:299)
	at site.ycsb.db.XodusClient.insert(XodusClient.java:60)
	at site.ycsb.DBWrapper.insert(DBWrapper.java:227)
	at site.ycsb.workloads.CoreWorkload.doInsert(CoreWorkload.java:621)
	at site.ycsb.ClientThread.run(ClientThread.java:135)
	at java.base/java.lang.Thread.run(Thread.java:829)
Caused by: jetbrains.exodus.ExodusException
	at jetbrains.exodus.newLogConcept.garbageCollector.OperationLogGarbageCollector.moveAndRemoveRecordsFromLog(OperationLogGarbageCollector.java:69)
	at jetbrains.exodus.newLogConcept.garbageCollector.OperationLogGarbageCollector.clean(OperationLogGarbageCollector.java:51)
	at jetbrains.exodus.newLogConcept.MVCC.MVCCDataStructure.lambda$commitTransaction$1(MVCCDataStructure.java:297)
	at java.base/java.util.concurrent.Executors$RunnableAdapter.call(Executors.java:515)
	at java.base/java.util.concurrent.FutureTask.run(FutureTask.java:264)
	at java.base/java.util.concurrent.ThreadPoolExecutor.runWorker(ThreadPoolExecutor.java:1128)
	at java.base/java.util.concurrent.ThreadPoolExecutor$Worker.run(ThreadPoolExecutor.java:628)
	... 1 more
java.util.concurrent.ExecutionException: jetbrains.exodus.ExodusException
	at java.base/java.util.concurrent.FutureTask.report(FutureTask.java:122)
	at java.base/java.util.concurrent.FutureTask.get(FutureTask.java:191)
	at jetbrains.exodus.newLogConcept.MVCC.MVCCDataStructure.commitTransaction(MVCCDataStructure.java:299)
	at site.ycsb.db.XodusClient.insert(XodusClient.java:60)
	at site.ycsb.DBWrapper.insert(DBWrapper.java:227)
	at site.ycsb.workloads.CoreWorkload.doInsert(CoreWorkload.java:621)
	at site.ycsb.ClientThread.run(ClientThread.java:135)
	at java.base/java.lang.Thread.run(Thread.java:829)
Caused by: jetbrains.exodus.ExodusException
	at jetbrains.exodus.newLogConcept.garbageCollector.OperationLogGarbageCollector.moveAndRemoveRecordsFromLog(OperationLogGarbageCollector.java:69)
	at jetbrains.exodus.newLogConcept.garbageCollector.OperationLogGarbageCollector.clean(OperationLogGarbageCollector.java:51)
	at jetbrains.exodus.newLogConcept.MVCC.MVCCDataStructure.lambda$commitTransaction$1(MVCCDataStructure.java:297)
	at java.base/java.util.concurrent.Executors$RunnableAdapter.call(Executors.java:515)
	at java.base/java.util.concurrent.FutureTask.run(FutureTask.java:264)
	at java.base/java.util.concurrent.ThreadPoolExecutor.runWorker(ThreadPoolExecutor.java:1128)
	at java.base/java.util.concurrent.ThreadPoolExecutor$Worker.run(ThreadPoolExecutor.java:628)
	... 1 more
java.util.concurrent.ExecutionException: jetbrains.exodus.ExodusException
	at java.base/java.util.concurrent.FutureTask.report(FutureTask.java:122)
	at java.base/java.util.concurrent.FutureTask.get(FutureTask.java:191)
	at jetbrains.exodus.newLogConcept.MVCC.MVCCDataStructure.commitTransaction(MVCCDataStructure.java:299)
	at site.ycsb.db.XodusClient.insert(XodusClient.java:60)
	at site.ycsb.DBWrapper.insert(DBWrapper.java:227)
	at site.ycsb.workloads.CoreWorkload.doInsert(CoreWorkload.java:621)
	at site.ycsb.ClientThread.run(ClientThread.java:135)
	at java.base/java.lang.Thread.run(Thread.java:829)
Caused by: jetbrains.exodus.ExodusException
	at jetbrains.exodus.newLogConcept.garbageCollector.OperationLogGarbageCollector.moveAndRemoveRecordsFromLog(OperationLogGarbageCollector.java:69)
	at jetbrains.exodus.newLogConcept.garbageCollector.OperationLogGarbageCollector.clean(OperationLogGarbageCollector.java:51)
	at jetbrains.exodus.newLogConcept.MVCC.MVCCDataStructure.lambda$commitTransaction$1(MVCCDataStructure.java:297)
	at java.base/java.util.concurrent.Executors$RunnableAdapter.call(Executors.java:515)
	at java.base/java.util.concurrent.FutureTask.run(FutureTask.java:264)
	at java.base/java.util.concurrent.ThreadPoolExecutor.runWorker(ThreadPoolExecutor.java:1128)
	at java.base/java.util.concurrent.ThreadPoolExecutor$Worker.run(ThreadPoolExecutor.java:628)
	... 1 more
java.util.concurrent.ExecutionException: jetbrains.exodus.ExodusException
	at java.base/java.util.concurrent.FutureTask.report(FutureTask.java:122)
	at java.base/java.util.concurrent.FutureTask.get(FutureTask.java:191)
	at jetbrains.exodus.newLogConcept.MVCC.MVCCDataStructure.commitTransaction(MVCCDataStructure.java:299)
	at site.ycsb.db.XodusClient.insert(XodusClient.java:60)
	at site.ycsb.DBWrapper.insert(DBWrapper.java:227)
	at site.ycsb.workloads.CoreWorkload.doInsert(CoreWorkload.java:621)
	at site.ycsb.ClientThread.run(ClientThread.java:135)
	at java.base/java.lang.Thread.run(Thread.java:829)
Caused by: jetbrains.exodus.ExodusException
	at jetbrains.exodus.newLogConcept.garbageCollector.OperationLogGarbageCollector.moveAndRemoveRecordsFromLog(OperationLogGarbageCollector.java:69)
	at jetbrains.exodus.newLogConcept.garbageCollector.OperationLogGarbageCollector.clean(OperationLogGarbageCollector.java:51)
	at jetbrains.exodus.newLogConcept.MVCC.MVCCDataStructure.lambda$commitTransaction$1(MVCCDataStructure.java:297)
	at java.base/java.util.concurrent.Executors$RunnableAdapter.call(Executors.java:515)
	at java.base/java.util.concurrent.FutureTask.run(FutureTask.java:264)
	at java.base/java.util.concurrent.ThreadPoolExecutor.runWorker(ThreadPoolExecutor.java:1128)
	at java.base/java.util.concurrent.ThreadPoolExecutor$Worker.run(ThreadPoolExecutor.java:628)
	... 1 more
java.util.concurrent.ExecutionException: jetbrains.exodus.ExodusException
	at java.base/java.util.concurrent.FutureTask.report(FutureTask.java:122)
	at java.base/java.util.concurrent.FutureTask.get(FutureTask.java:191)
	at jetbrains.exodus.newLogConcept.MVCC.MVCCDataStructure.commitTransaction(MVCCDataStructure.java:299)
	at site.ycsb.db.XodusClient.insert(XodusClient.java:60)
	at site.ycsb.DBWrapper.insert(DBWrapper.java:227)
	at site.ycsb.workloads.CoreWorkload.doInsert(CoreWorkload.java:621)
	at site.ycsb.ClientThread.run(ClientThread.java:135)
	at java.base/java.lang.Thread.run(Thread.java:829)
Caused by: jetbrains.exodus.ExodusException
	at jetbrains.exodus.newLogConcept.garbageCollector.OperationLogGarbageCollector.moveAndRemoveRecordsFromLog(OperationLogGarbageCollector.java:69)
	at jetbrains.exodus.newLogConcept.garbageCollector.OperationLogGarbageCollector.clean(OperationLogGarbageCollector.java:51)
	at jetbrains.exodus.newLogConcept.MVCC.MVCCDataStructure.lambda$commitTransaction$1(MVCCDataStructure.java:297)
	at java.base/java.util.concurrent.Executors$RunnableAdapter.call(Executors.java:515)
	at java.base/java.util.concurrent.FutureTask.run(FutureTask.java:264)
	at java.base/java.util.concurrent.ThreadPoolExecutor.runWorker(ThreadPoolExecutor.java:1128)
	at java.base/java.util.concurrent.ThreadPoolExecutor$Worker.run(ThreadPoolExecutor.java:628)
	... 1 more
java.util.concurrent.ExecutionException: jetbrains.exodus.ExodusException
	at java.base/java.util.concurrent.FutureTask.report(FutureTask.java:122)
	at java.base/java.util.concurrent.FutureTask.get(FutureTask.java:191)
	at jetbrains.exodus.newLogConcept.MVCC.MVCCDataStructure.commitTransaction(MVCCDataStructure.java:299)
	at site.ycsb.db.XodusClient.insert(XodusClient.java:60)
	at site.ycsb.DBWrapper.insert(DBWrapper.java:227)
	at site.ycsb.workloads.CoreWorkload.doInsert(CoreWorkload.java:621)
	at site.ycsb.ClientThread.run(ClientThread.java:135)
	at java.base/java.lang.Thread.run(Thread.java:829)
Caused by: jetbrains.exodus.ExodusException
	at jetbrains.exodus.newLogConcept.garbageCollector.OperationLogGarbageCollector.moveAndRemoveRecordsFromLog(OperationLogGarbageCollector.java:69)
	at jetbrains.exodus.newLogConcept.garbageCollector.OperationLogGarbageCollector.clean(OperationLogGarbageCollector.java:51)
	at jetbrains.exodus.newLogConcept.MVCC.MVCCDataStructure.lambda$commitTransaction$1(MVCCDataStructure.java:297)
	at java.base/java.util.concurrent.Executors$RunnableAdapter.call(Executors.java:515)
	at java.base/java.util.concurrent.FutureTask.run(FutureTask.java:264)
	at java.base/java.util.concurrent.ThreadPoolExecutor.runWorker(ThreadPoolExecutor.java:1128)
	at java.base/java.util.concurrent.ThreadPoolExecutor$Worker.run(ThreadPoolExecutor.java:628)
	... 1 more
java.util.concurrent.ExecutionException: jetbrains.exodus.ExodusException
	at java.base/java.util.concurrent.FutureTask.report(FutureTask.java:122)
	at java.base/java.util.concurrent.FutureTask.get(FutureTask.java:191)
	at jetbrains.exodus.newLogConcept.MVCC.MVCCDataStructure.commitTransaction(MVCCDataStructure.java:299)
	at site.ycsb.db.XodusClient.insert(XodusClient.java:60)
	at site.ycsb.DBWrapper.insert(DBWrapper.java:227)
	at site.ycsb.workloads.CoreWorkload.doInsert(CoreWorkload.java:621)
	at site.ycsb.ClientThread.run(ClientThread.java:135)
	at java.base/java.lang.Thread.run(Thread.java:829)
Caused by: jetbrains.exodus.ExodusException
	at jetbrains.exodus.newLogConcept.garbageCollector.OperationLogGarbageCollector.moveAndRemoveRecordsFromLog(OperationLogGarbageCollector.java:69)
	at jetbrains.exodus.newLogConcept.garbageCollector.OperationLogGarbageCollector.clean(OperationLogGarbageCollector.java:51)
	at jetbrains.exodus.newLogConcept.MVCC.MVCCDataStructure.lambda$commitTransaction$1(MVCCDataStructure.java:297)
	at java.base/java.util.concurrent.Executors$RunnableAdapter.call(Executors.java:515)
	at java.base/java.util.concurrent.FutureTask.run(FutureTask.java:264)
	at java.base/java.util.concurrent.ThreadPoolExecutor.runWorker(ThreadPoolExecutor.java:1128)
	at java.base/java.util.concurrent.ThreadPoolExecutor$Worker.run(ThreadPoolExecutor.java:628)
	... 1 more
java.util.concurrent.ExecutionException: jetbrains.exodus.ExodusException
	at java.base/java.util.concurrent.FutureTask.report(FutureTask.java:122)
	at java.base/java.util.concurrent.FutureTask.get(FutureTask.java:191)
	at jetbrains.exodus.newLogConcept.MVCC.MVCCDataStructure.commitTransaction(MVCCDataStructure.java:299)
	at site.ycsb.db.XodusClient.insert(XodusClient.java:60)
	at site.ycsb.DBWrapper.insert(DBWrapper.java:227)
	at site.ycsb.workloads.CoreWorkload.doInsert(CoreWorkload.java:621)
	at site.ycsb.ClientThread.run(ClientThread.java:135)
	at java.base/java.lang.Thread.run(Thread.java:829)
Caused by: jetbrains.exodus.ExodusException
	at jetbrains.exodus.newLogConcept.garbageCollector.OperationLogGarbageCollector.moveAndRemoveRecordsFromLog(OperationLogGarbageCollector.java:69)
	at jetbrains.exodus.newLogConcept.garbageCollector.OperationLogGarbageCollector.clean(OperationLogGarbageCollector.java:51)
	at jetbrains.exodus.newLogConcept.MVCC.MVCCDataStructure.lambda$commitTransaction$1(MVCCDataStructure.java:297)
	at java.base/java.util.concurrent.Executors$RunnableAdapter.call(Executors.java:515)
	at java.base/java.util.concurrent.FutureTask.run(FutureTask.java:264)
	at java.base/java.util.concurrent.ThreadPoolExecutor.runWorker(ThreadPoolExecutor.java:1128)
	at java.base/java.util.concurrent.ThreadPoolExecutor$Worker.run(ThreadPoolExecutor.java:628)
	... 1 more
java.util.concurrent.ExecutionException: jetbrains.exodus.ExodusException
	at java.base/java.util.concurrent.FutureTask.report(FutureTask.java:122)
	at java.base/java.util.concurrent.FutureTask.get(FutureTask.java:191)
	at jetbrains.exodus.newLogConcept.MVCC.MVCCDataStructure.commitTransaction(MVCCDataStructure.java:299)
	at site.ycsb.db.XodusClient.insert(XodusClient.java:60)
	at site.ycsb.DBWrapper.insert(DBWrapper.java:227)
	at site.ycsb.workloads.CoreWorkload.doInsert(CoreWorkload.java:621)
	at site.ycsb.ClientThread.run(ClientThread.java:135)
	at java.base/java.lang.Thread.run(Thread.java:829)
Caused by: jetbrains.exodus.ExodusException
	at jetbrains.exodus.newLogConcept.garbageCollector.OperationLogGarbageCollector.moveAndRemoveRecordsFromLog(OperationLogGarbageCollector.java:69)
	at jetbrains.exodus.newLogConcept.garbageCollector.OperationLogGarbageCollector.clean(OperationLogGarbageCollector.java:51)
	at jetbrains.exodus.newLogConcept.MVCC.MVCCDataStructure.lambda$commitTransaction$1(MVCCDataStructure.java:297)
	at java.base/java.util.concurrent.Executors$RunnableAdapter.call(Executors.java:515)
	at java.base/java.util.concurrent.FutureTask.run(FutureTask.java:264)
	at java.base/java.util.concurrent.ThreadPoolExecutor.runWorker(ThreadPoolExecutor.java:1128)
	at java.base/java.util.concurrent.ThreadPoolExecutor$Worker.run(ThreadPoolExecutor.java:628)
	... 1 more
java.util.concurrent.ExecutionException: jetbrains.exodus.ExodusException
	at java.base/java.util.concurrent.FutureTask.report(FutureTask.java:122)
	at java.base/java.util.concurrent.FutureTask.get(FutureTask.java:191)
	at jetbrains.exodus.newLogConcept.MVCC.MVCCDataStructure.commitTransaction(MVCCDataStructure.java:299)
	at site.ycsb.db.XodusClient.insert(XodusClient.java:60)
	at site.ycsb.DBWrapper.insert(DBWrapper.java:227)
	at site.ycsb.workloads.CoreWorkload.doInsert(CoreWorkload.java:621)
	at site.ycsb.ClientThread.run(ClientThread.java:135)
	at java.base/java.lang.Thread.run(Thread.java:829)
Caused by: jetbrains.exodus.ExodusException
	at jetbrains.exodus.newLogConcept.garbageCollector.OperationLogGarbageCollector.moveAndRemoveRecordsFromLog(OperationLogGarbageCollector.java:69)
	at jetbrains.exodus.newLogConcept.garbageCollector.OperationLogGarbageCollector.clean(OperationLogGarbageCollector.java:51)
	at jetbrains.exodus.newLogConcept.MVCC.MVCCDataStructure.lambda$commitTransaction$1(MVCCDataStructure.java:297)
	at java.base/java.util.concurrent.Executors$RunnableAdapter.call(Executors.java:515)
	at java.base/java.util.concurrent.FutureTask.run(FutureTask.java:264)
	at java.base/java.util.concurrent.ThreadPoolExecutor.runWorker(ThreadPoolExecutor.java:1128)
	at java.base/java.util.concurrent.ThreadPoolExecutor$Worker.run(ThreadPoolExecutor.java:628)
	... 1 more
java.util.concurrent.ExecutionException: jetbrains.exodus.ExodusException
	at java.base/java.util.concurrent.FutureTask.report(FutureTask.java:122)
	at java.base/java.util.concurrent.FutureTask.get(FutureTask.java:191)
	at jetbrains.exodus.newLogConcept.MVCC.MVCCDataStructure.commitTransaction(MVCCDataStructure.java:299)
	at site.ycsb.db.XodusClient.insert(XodusClient.java:60)
	at site.ycsb.DBWrapper.insert(DBWrapper.java:227)
	at site.ycsb.workloads.CoreWorkload.doInsert(CoreWorkload.java:621)
	at site.ycsb.ClientThread.run(ClientThread.java:135)
	at java.base/java.lang.Thread.run(Thread.java:829)
Caused by: jetbrains.exodus.ExodusException
	at jetbrains.exodus.newLogConcept.garbageCollector.OperationLogGarbageCollector.moveAndRemoveRecordsFromLog(OperationLogGarbageCollector.java:69)
	at jetbrains.exodus.newLogConcept.garbageCollector.OperationLogGarbageCollector.clean(OperationLogGarbageCollector.java:51)
	at jetbrains.exodus.newLogConcept.MVCC.MVCCDataStructure.lambda$commitTransaction$1(MVCCDataStructure.java:297)
	at java.base/java.util.concurrent.Executors$RunnableAdapter.call(Executors.java:515)
	at java.base/java.util.concurrent.FutureTask.run(FutureTask.java:264)
	at java.base/java.util.concurrent.ThreadPoolExecutor.runWorker(ThreadPoolExecutor.java:1128)
	at java.base/java.util.concurrent.ThreadPoolExecutor$Worker.run(ThreadPoolExecutor.java:628)
	... 1 more
java.util.concurrent.ExecutionException: jetbrains.exodus.ExodusException
	at java.base/java.util.concurrent.FutureTask.report(FutureTask.java:122)
	at java.base/java.util.concurrent.FutureTask.get(FutureTask.java:191)
	at jetbrains.exodus.newLogConcept.MVCC.MVCCDataStructure.commitTransaction(MVCCDataStructure.java:299)
	at site.ycsb.db.XodusClient.insert(XodusClient.java:60)
	at site.ycsb.DBWrapper.insert(DBWrapper.java:227)
	at site.ycsb.workloads.CoreWorkload.doInsert(CoreWorkload.java:621)
	at site.ycsb.ClientThread.run(ClientThread.java:135)
	at java.base/java.lang.Thread.run(Thread.java:829)
Caused by: jetbrains.exodus.ExodusException
	at jetbrains.exodus.newLogConcept.garbageCollector.OperationLogGarbageCollector.moveAndRemoveRecordsFromLog(OperationLogGarbageCollector.java:69)
	at jetbrains.exodus.newLogConcept.garbageCollector.OperationLogGarbageCollector.clean(OperationLogGarbageCollector.java:51)
	at jetbrains.exodus.newLogConcept.MVCC.MVCCDataStructure.lambda$commitTransaction$1(MVCCDataStructure.java:297)
	at java.base/java.util.concurrent.Executors$RunnableAdapter.call(Executors.java:515)
	at java.base/java.util.concurrent.FutureTask.run(FutureTask.java:264)
	at java.base/java.util.concurrent.ThreadPoolExecutor.runWorker(ThreadPoolExecutor.java:1128)
	at java.base/java.util.concurrent.ThreadPoolExecutor$Worker.run(ThreadPoolExecutor.java:628)
	... 1 more
java.util.concurrent.ExecutionException: jetbrains.exodus.ExodusException
	at java.base/java.util.concurrent.FutureTask.report(FutureTask.java:122)
	at java.base/java.util.concurrent.FutureTask.get(FutureTask.java:191)
	at jetbrains.exodus.newLogConcept.MVCC.MVCCDataStructure.commitTransaction(MVCCDataStructure.java:299)
	at site.ycsb.db.XodusClient.insert(XodusClient.java:60)
	at site.ycsb.DBWrapper.insert(DBWrapper.java:227)
	at site.ycsb.workloads.CoreWorkload.doInsert(CoreWorkload.java:621)
	at site.ycsb.ClientThread.run(ClientThread.java:135)
	at java.base/java.lang.Thread.run(Thread.java:829)
Caused by: jetbrains.exodus.ExodusException
	at jetbrains.exodus.newLogConcept.garbageCollector.OperationLogGarbageCollector.moveAndRemoveRecordsFromLog(OperationLogGarbageCollector.java:69)
	at jetbrains.exodus.newLogConcept.garbageCollector.OperationLogGarbageCollector.clean(OperationLogGarbageCollector.java:51)
	at jetbrains.exodus.newLogConcept.MVCC.MVCCDataStructure.lambda$commitTransaction$1(MVCCDataStructure.java:297)
	at java.base/java.util.concurrent.Executors$RunnableAdapter.call(Executors.java:515)
	at java.base/java.util.concurrent.FutureTask.run(FutureTask.java:264)
	at java.base/java.util.concurrent.ThreadPoolExecutor.runWorker(ThreadPoolExecutor.java:1128)
	at java.base/java.util.concurrent.ThreadPoolExecutor$Worker.run(ThreadPoolExecutor.java:628)
	... 1 more
java.util.concurrent.ExecutionException: jetbrains.exodus.ExodusException
	at java.base/java.util.concurrent.FutureTask.report(FutureTask.java:122)
	at java.base/java.util.concurrent.FutureTask.get(FutureTask.java:191)
	at jetbrains.exodus.newLogConcept.MVCC.MVCCDataStructure.commitTransaction(MVCCDataStructure.java:299)
	at site.ycsb.db.XodusClient.insert(XodusClient.java:60)
	at site.ycsb.DBWrapper.insert(DBWrapper.java:227)
	at site.ycsb.workloads.CoreWorkload.doInsert(CoreWorkload.java:621)
	at site.ycsb.ClientThread.run(ClientThread.java:135)
	at java.base/java.lang.Thread.run(Thread.java:829)
Caused by: jetbrains.exodus.ExodusException
	at jetbrains.exodus.newLogConcept.garbageCollector.OperationLogGarbageCollector.moveAndRemoveRecordsFromLog(OperationLogGarbageCollector.java:69)
	at jetbrains.exodus.newLogConcept.garbageCollector.OperationLogGarbageCollector.clean(OperationLogGarbageCollector.java:51)
	at jetbrains.exodus.newLogConcept.MVCC.MVCCDataStructure.lambda$commitTransaction$1(MVCCDataStructure.java:297)
	at java.base/java.util.concurrent.Executors$RunnableAdapter.call(Executors.java:515)
	at java.base/java.util.concurrent.FutureTask.run(FutureTask.java:264)
	at java.base/java.util.concurrent.ThreadPoolExecutor.runWorker(ThreadPoolExecutor.java:1128)
	at java.base/java.util.concurrent.ThreadPoolExecutor$Worker.run(ThreadPoolExecutor.java:628)
	... 1 more
java.util.concurrent.ExecutionException: jetbrains.exodus.ExodusException
	at java.base/java.util.concurrent.FutureTask.report(FutureTask.java:122)
	at java.base/java.util.concurrent.FutureTask.get(FutureTask.java:191)
	at jetbrains.exodus.newLogConcept.MVCC.MVCCDataStructure.commitTransaction(MVCCDataStructure.java:299)
	at site.ycsb.db.XodusClient.insert(XodusClient.java:60)
	at site.ycsb.DBWrapper.insert(DBWrapper.java:227)
	at site.ycsb.workloads.CoreWorkload.doInsert(CoreWorkload.java:621)
	at site.ycsb.ClientThread.run(ClientThread.java:135)
	at java.base/java.lang.Thread.run(Thread.java:829)
Caused by: jetbrains.exodus.ExodusException
	at jetbrains.exodus.newLogConcept.garbageCollector.OperationLogGarbageCollector.moveAndRemoveRecordsFromLog(OperationLogGarbageCollector.java:69)
	at jetbrains.exodus.newLogConcept.garbageCollector.OperationLogGarbageCollector.clean(OperationLogGarbageCollector.java:51)
	at jetbrains.exodus.newLogConcept.MVCC.MVCCDataStructure.lambda$commitTransaction$1(MVCCDataStructure.java:297)
	at java.base/java.util.concurrent.Executors$RunnableAdapter.call(Executors.java:515)
	at java.base/java.util.concurrent.FutureTask.run(FutureTask.java:264)
	at java.base/java.util.concurrent.ThreadPoolExecutor.runWorker(ThreadPoolExecutor.java:1128)
	at java.base/java.util.concurrent.ThreadPoolExecutor$Worker.run(ThreadPoolExecutor.java:628)
	... 1 more
java.util.concurrent.ExecutionException: jetbrains.exodus.ExodusException
	at java.base/java.util.concurrent.FutureTask.report(FutureTask.java:122)
	at java.base/java.util.concurrent.FutureTask.get(FutureTask.java:191)
	at jetbrains.exodus.newLogConcept.MVCC.MVCCDataStructure.commitTransaction(MVCCDataStructure.java:299)
	at site.ycsb.db.XodusClient.insert(XodusClient.java:60)
	at site.ycsb.DBWrapper.insert(DBWrapper.java:227)
	at site.ycsb.workloads.CoreWorkload.doInsert(CoreWorkload.java:621)
	at site.ycsb.ClientThread.run(ClientThread.java:135)
	at java.base/java.lang.Thread.run(Thread.java:829)
Caused by: jetbrains.exodus.ExodusException
	at jetbrains.exodus.newLogConcept.garbageCollector.OperationLogGarbageCollector.moveAndRemoveRecordsFromLog(OperationLogGarbageCollector.java:69)
	at jetbrains.exodus.newLogConcept.garbageCollector.OperationLogGarbageCollector.clean(OperationLogGarbageCollector.java:51)
	at jetbrains.exodus.newLogConcept.MVCC.MVCCDataStructure.lambda$commitTransaction$1(MVCCDataStructure.java:297)
	at java.base/java.util.concurrent.Executors$RunnableAdapter.call(Executors.java:515)
	at java.base/java.util.concurrent.FutureTask.run(FutureTask.java:264)
	at java.base/java.util.concurrent.ThreadPoolExecutor.runWorker(ThreadPoolExecutor.java:1128)
	at java.base/java.util.concurrent.ThreadPoolExecutor$Worker.run(ThreadPoolExecutor.java:628)
	... 1 more
java.util.concurrent.ExecutionException: jetbrains.exodus.ExodusException
	at java.base/java.util.concurrent.FutureTask.report(FutureTask.java:122)
	at java.base/java.util.concurrent.FutureTask.get(FutureTask.java:191)
	at jetbrains.exodus.newLogConcept.MVCC.MVCCDataStructure.commitTransaction(MVCCDataStructure.java:299)
	at site.ycsb.db.XodusClient.insert(XodusClient.java:60)
	at site.ycsb.DBWrapper.insert(DBWrapper.java:227)
	at site.ycsb.workloads.CoreWorkload.doInsert(CoreWorkload.java:621)
	at site.ycsb.ClientThread.run(ClientThread.java:135)
	at java.base/java.lang.Thread.run(Thread.java:829)
Caused by: jetbrains.exodus.ExodusException
	at jetbrains.exodus.newLogConcept.garbageCollector.OperationLogGarbageCollector.moveAndRemoveRecordsFromLog(OperationLogGarbageCollector.java:69)
	at jetbrains.exodus.newLogConcept.garbageCollector.OperationLogGarbageCollector.clean(OperationLogGarbageCollector.java:51)
	at jetbrains.exodus.newLogConcept.MVCC.MVCCDataStructure.lambda$commitTransaction$1(MVCCDataStructure.java:297)
	at java.base/java.util.concurrent.Executors$RunnableAdapter.call(Executors.java:515)
	at java.base/java.util.concurrent.FutureTask.run(FutureTask.java:264)
	at java.base/java.util.concurrent.ThreadPoolExecutor.runWorker(ThreadPoolExecutor.java:1128)
	at java.base/java.util.concurrent.ThreadPoolExecutor$Worker.run(ThreadPoolExecutor.java:628)
	... 1 more
java.util.concurrent.ExecutionException: jetbrains.exodus.ExodusException
	at java.base/java.util.concurrent.FutureTask.report(FutureTask.java:122)
	at java.base/java.util.concurrent.FutureTask.get(FutureTask.java:191)
	at jetbrains.exodus.newLogConcept.MVCC.MVCCDataStructure.commitTransaction(MVCCDataStructure.java:299)
	at site.ycsb.db.XodusClient.insert(XodusClient.java:60)
	at site.ycsb.DBWrapper.insert(DBWrapper.java:227)
	at site.ycsb.workloads.CoreWorkload.doInsert(CoreWorkload.java:621)
	at site.ycsb.ClientThread.run(ClientThread.java:135)
	at java.base/java.lang.Thread.run(Thread.java:829)
Caused by: jetbrains.exodus.ExodusException
	at jetbrains.exodus.newLogConcept.garbageCollector.OperationLogGarbageCollector.moveAndRemoveRecordsFromLog(OperationLogGarbageCollector.java:69)
	at jetbrains.exodus.newLogConcept.garbageCollector.OperationLogGarbageCollector.clean(OperationLogGarbageCollector.java:51)
	at jetbrains.exodus.newLogConcept.MVCC.MVCCDataStructure.lambda$commitTransaction$1(MVCCDataStructure.java:297)
	at java.base/java.util.concurrent.Executors$RunnableAdapter.call(Executors.java:515)
	at java.base/java.util.concurrent.FutureTask.run(FutureTask.java:264)
	at java.base/java.util.concurrent.ThreadPoolExecutor.runWorker(ThreadPoolExecutor.java:1128)
	at java.base/java.util.concurrent.ThreadPoolExecutor$Worker.run(ThreadPoolExecutor.java:628)
	... 1 more
java.util.concurrent.ExecutionException: jetbrains.exodus.ExodusException
	at java.base/java.util.concurrent.FutureTask.report(FutureTask.java:122)
	at java.base/java.util.concurrent.FutureTask.get(FutureTask.java:191)
	at jetbrains.exodus.newLogConcept.MVCC.MVCCDataStructure.commitTransaction(MVCCDataStructure.java:299)
	at site.ycsb.db.XodusClient.insert(XodusClient.java:60)
	at site.ycsb.DBWrapper.insert(DBWrapper.java:227)
	at site.ycsb.workloads.CoreWorkload.doInsert(CoreWorkload.java:621)
	at site.ycsb.ClientThread.run(ClientThread.java:135)
	at java.base/java.lang.Thread.run(Thread.java:829)
Caused by: jetbrains.exodus.ExodusException
	at jetbrains.exodus.newLogConcept.garbageCollector.OperationLogGarbageCollector.moveAndRemoveRecordsFromLog(OperationLogGarbageCollector.java:69)
	at jetbrains.exodus.newLogConcept.garbageCollector.OperationLogGarbageCollector.clean(OperationLogGarbageCollector.java:51)
	at jetbrains.exodus.newLogConcept.MVCC.MVCCDataStructure.lambda$commitTransaction$1(MVCCDataStructure.java:297)
	at java.base/java.util.concurrent.Executors$RunnableAdapter.call(Executors.java:515)
	at java.base/java.util.concurrent.FutureTask.run(FutureTask.java:264)
	at java.base/java.util.concurrent.ThreadPoolExecutor.runWorker(ThreadPoolExecutor.java:1128)
	at java.base/java.util.concurrent.ThreadPoolExecutor$Worker.run(ThreadPoolExecutor.java:628)
	... 1 more
java.util.concurrent.ExecutionException: jetbrains.exodus.ExodusException
	at java.base/java.util.concurrent.FutureTask.report(FutureTask.java:122)
	at java.base/java.util.concurrent.FutureTask.get(FutureTask.java:191)
	at jetbrains.exodus.newLogConcept.MVCC.MVCCDataStructure.commitTransaction(MVCCDataStructure.java:299)
	at site.ycsb.db.XodusClient.insert(XodusClient.java:60)
	at site.ycsb.DBWrapper.insert(DBWrapper.java:227)
	at site.ycsb.workloads.CoreWorkload.doInsert(CoreWorkload.java:621)
	at site.ycsb.ClientThread.run(ClientThread.java:135)
	at java.base/java.lang.Thread.run(Thread.java:829)
Caused by: jetbrains.exodus.ExodusException
	at jetbrains.exodus.newLogConcept.garbageCollector.OperationLogGarbageCollector.moveAndRemoveRecordsFromLog(OperationLogGarbageCollector.java:69)
	at jetbrains.exodus.newLogConcept.garbageCollector.OperationLogGarbageCollector.clean(OperationLogGarbageCollector.java:51)
	at jetbrains.exodus.newLogConcept.MVCC.MVCCDataStructure.lambda$commitTransaction$1(MVCCDataStructure.java:297)
	at java.base/java.util.concurrent.Executors$RunnableAdapter.call(Executors.java:515)
	at java.base/java.util.concurrent.FutureTask.run(FutureTask.java:264)
	at java.base/java.util.concurrent.ThreadPoolExecutor.runWorker(ThreadPoolExecutor.java:1128)
	at java.base/java.util.concurrent.ThreadPoolExecutor$Worker.run(ThreadPoolExecutor.java:628)
	... 1 more
java.util.concurrent.ExecutionException: jetbrains.exodus.ExodusException
	at java.base/java.util.concurrent.FutureTask.report(FutureTask.java:122)
	at java.base/java.util.concurrent.FutureTask.get(FutureTask.java:191)
	at jetbrains.exodus.newLogConcept.MVCC.MVCCDataStructure.commitTransaction(MVCCDataStructure.java:299)
	at site.ycsb.db.XodusClient.insert(XodusClient.java:60)
	at site.ycsb.DBWrapper.insert(DBWrapper.java:227)
	at site.ycsb.workloads.CoreWorkload.doInsert(CoreWorkload.java:621)
	at site.ycsb.ClientThread.run(ClientThread.java:135)
	at java.base/java.lang.Thread.run(Thread.java:829)
Caused by: jetbrains.exodus.ExodusException
	at jetbrains.exodus.newLogConcept.garbageCollector.OperationLogGarbageCollector.moveAndRemoveRecordsFromLog(OperationLogGarbageCollector.java:69)
	at jetbrains.exodus.newLogConcept.garbageCollector.OperationLogGarbageCollector.clean(OperationLogGarbageCollector.java:51)
	at jetbrains.exodus.newLogConcept.MVCC.MVCCDataStructure.lambda$commitTransaction$1(MVCCDataStructure.java:297)
	at java.base/java.util.concurrent.Executors$RunnableAdapter.call(Executors.java:515)
	at java.base/java.util.concurrent.FutureTask.run(FutureTask.java:264)
	at java.base/java.util.concurrent.ThreadPoolExecutor.runWorker(ThreadPoolExecutor.java:1128)
	at java.base/java.util.concurrent.ThreadPoolExecutor$Worker.run(ThreadPoolExecutor.java:628)
	... 1 more
java.util.concurrent.ExecutionException: jetbrains.exodus.ExodusException
	at java.base/java.util.concurrent.FutureTask.report(FutureTask.java:122)
	at java.base/java.util.concurrent.FutureTask.get(FutureTask.java:191)
	at jetbrains.exodus.newLogConcept.MVCC.MVCCDataStructure.commitTransaction(MVCCDataStructure.java:299)
	at site.ycsb.db.XodusClient.insert(XodusClient.java:60)
	at site.ycsb.DBWrapper.insert(DBWrapper.java:227)
	at site.ycsb.workloads.CoreWorkload.doInsert(CoreWorkload.java:621)
	at site.ycsb.ClientThread.run(ClientThread.java:135)
	at java.base/java.lang.Thread.run(Thread.java:829)
Caused by: jetbrains.exodus.ExodusException
	at jetbrains.exodus.newLogConcept.garbageCollector.OperationLogGarbageCollector.moveAndRemoveRecordsFromLog(OperationLogGarbageCollector.java:69)
	at jetbrains.exodus.newLogConcept.garbageCollector.OperationLogGarbageCollector.clean(OperationLogGarbageCollector.java:51)
	at jetbrains.exodus.newLogConcept.MVCC.MVCCDataStructure.lambda$commitTransaction$1(MVCCDataStructure.java:297)
	at java.base/java.util.concurrent.Executors$RunnableAdapter.call(Executors.java:515)
	at java.base/java.util.concurrent.FutureTask.run(FutureTask.java:264)
	at java.base/java.util.concurrent.ThreadPoolExecutor.runWorker(ThreadPoolExecutor.java:1128)
	at java.base/java.util.concurrent.ThreadPoolExecutor$Worker.run(ThreadPoolExecutor.java:628)
	... 1 more
java.util.concurrent.ExecutionException: jetbrains.exodus.ExodusException
	at java.base/java.util.concurrent.FutureTask.report(FutureTask.java:122)
	at java.base/java.util.concurrent.FutureTask.get(FutureTask.java:191)
	at jetbrains.exodus.newLogConcept.MVCC.MVCCDataStructure.commitTransaction(MVCCDataStructure.java:299)
	at site.ycsb.db.XodusClient.insert(XodusClient.java:60)
	at site.ycsb.DBWrapper.insert(DBWrapper.java:227)
	at site.ycsb.workloads.CoreWorkload.doInsert(CoreWorkload.java:621)
	at site.ycsb.ClientThread.run(ClientThread.java:135)
	at java.base/java.lang.Thread.run(Thread.java:829)
Caused by: jetbrains.exodus.ExodusException
	at jetbrains.exodus.newLogConcept.garbageCollector.OperationLogGarbageCollector.moveAndRemoveRecordsFromLog(OperationLogGarbageCollector.java:69)
	at jetbrains.exodus.newLogConcept.garbageCollector.OperationLogGarbageCollector.clean(OperationLogGarbageCollector.java:51)
	at jetbrains.exodus.newLogConcept.MVCC.MVCCDataStructure.lambda$commitTransaction$1(MVCCDataStructure.java:297)
	at java.base/java.util.concurrent.Executors$RunnableAdapter.call(Executors.java:515)
	at java.base/java.util.concurrent.FutureTask.run(FutureTask.java:264)
	at java.base/java.util.concurrent.ThreadPoolExecutor.runWorker(ThreadPoolExecutor.java:1128)
	at java.base/java.util.concurrent.ThreadPoolExecutor$Worker.run(ThreadPoolExecutor.java:628)
	... 1 more
java.util.concurrent.ExecutionException: jetbrains.exodus.ExodusException
	at java.base/java.util.concurrent.FutureTask.report(FutureTask.java:122)
	at java.base/java.util.concurrent.FutureTask.get(FutureTask.java:191)
	at jetbrains.exodus.newLogConcept.MVCC.MVCCDataStructure.commitTransaction(MVCCDataStructure.java:299)
	at site.ycsb.db.XodusClient.insert(XodusClient.java:60)
	at site.ycsb.DBWrapper.insert(DBWrapper.java:227)
	at site.ycsb.workloads.CoreWorkload.doInsert(CoreWorkload.java:621)
	at site.ycsb.ClientThread.run(ClientThread.java:135)
	at java.base/java.lang.Thread.run(Thread.java:829)
Caused by: jetbrains.exodus.ExodusException
	at jetbrains.exodus.newLogConcept.garbageCollector.OperationLogGarbageCollector.moveAndRemoveRecordsFromLog(OperationLogGarbageCollector.java:69)
	at jetbrains.exodus.newLogConcept.garbageCollector.OperationLogGarbageCollector.clean(OperationLogGarbageCollector.java:51)
	at jetbrains.exodus.newLogConcept.MVCC.MVCCDataStructure.lambda$commitTransaction$1(MVCCDataStructure.java:297)
	at java.base/java.util.concurrent.Executors$RunnableAdapter.call(Executors.java:515)
	at java.base/java.util.concurrent.FutureTask.run(FutureTask.java:264)
	at java.base/java.util.concurrent.ThreadPoolExecutor.runWorker(ThreadPoolExecutor.java:1128)
	at java.base/java.util.concurrent.ThreadPoolExecutor$Worker.run(ThreadPoolExecutor.java:628)
	... 1 more
java.util.concurrent.ExecutionException: jetbrains.exodus.ExodusException
	at java.base/java.util.concurrent.FutureTask.report(FutureTask.java:122)
	at java.base/java.util.concurrent.FutureTask.get(FutureTask.java:191)
	at jetbrains.exodus.newLogConcept.MVCC.MVCCDataStructure.commitTransaction(MVCCDataStructure.java:299)
	at site.ycsb.db.XodusClient.insert(XodusClient.java:60)
	at site.ycsb.DBWrapper.insert(DBWrapper.java:227)
	at site.ycsb.workloads.CoreWorkload.doInsert(CoreWorkload.java:621)
	at site.ycsb.ClientThread.run(ClientThread.java:135)
	at java.base/java.lang.Thread.run(Thread.java:829)
Caused by: jetbrains.exodus.ExodusException
	at jetbrains.exodus.newLogConcept.garbageCollector.OperationLogGarbageCollector.moveAndRemoveRecordsFromLog(OperationLogGarbageCollector.java:69)
	at jetbrains.exodus.newLogConcept.garbageCollector.OperationLogGarbageCollector.clean(OperationLogGarbageCollector.java:51)
	at jetbrains.exodus.newLogConcept.MVCC.MVCCDataStructure.lambda$commitTransaction$1(MVCCDataStructure.java:297)
	at java.base/java.util.concurrent.Executors$RunnableAdapter.call(Executors.java:515)
	at java.base/java.util.concurrent.FutureTask.run(FutureTask.java:264)
	at java.base/java.util.concurrent.ThreadPoolExecutor.runWorker(ThreadPoolExecutor.java:1128)
	at java.base/java.util.concurrent.ThreadPoolExecutor$Worker.run(ThreadPoolExecutor.java:628)
	... 1 more
java.util.concurrent.ExecutionException: jetbrains.exodus.ExodusException
	at java.base/java.util.concurrent.FutureTask.report(FutureTask.java:122)
	at java.base/java.util.concurrent.FutureTask.get(FutureTask.java:191)
	at jetbrains.exodus.newLogConcept.MVCC.MVCCDataStructure.commitTransaction(MVCCDataStructure.java:299)
	at site.ycsb.db.XodusClient.insert(XodusClient.java:60)
	at site.ycsb.DBWrapper.insert(DBWrapper.java:227)
	at site.ycsb.workloads.CoreWorkload.doInsert(CoreWorkload.java:621)
	at site.ycsb.ClientThread.run(ClientThread.java:135)
	at java.base/java.lang.Thread.run(Thread.java:829)
Caused by: jetbrains.exodus.ExodusException
	at jetbrains.exodus.newLogConcept.garbageCollector.OperationLogGarbageCollector.moveAndRemoveRecordsFromLog(OperationLogGarbageCollector.java:69)
	at jetbrains.exodus.newLogConcept.garbageCollector.OperationLogGarbageCollector.clean(OperationLogGarbageCollector.java:51)
	at jetbrains.exodus.newLogConcept.MVCC.MVCCDataStructure.lambda$commitTransaction$1(MVCCDataStructure.java:297)
	at java.base/java.util.concurrent.Executors$RunnableAdapter.call(Executors.java:515)
	at java.base/java.util.concurrent.FutureTask.run(FutureTask.java:264)
	at java.base/java.util.concurrent.ThreadPoolExecutor.runWorker(ThreadPoolExecutor.java:1128)
	at java.base/java.util.concurrent.ThreadPoolExecutor$Worker.run(ThreadPoolExecutor.java:628)
	... 1 more
java.util.concurrent.ExecutionException: jetbrains.exodus.ExodusException
	at java.base/java.util.concurrent.FutureTask.report(FutureTask.java:122)
	at java.base/java.util.concurrent.FutureTask.get(FutureTask.java:191)
	at jetbrains.exodus.newLogConcept.MVCC.MVCCDataStructure.commitTransaction(MVCCDataStructure.java:299)
	at site.ycsb.db.XodusClient.insert(XodusClient.java:60)
	at site.ycsb.DBWrapper.insert(DBWrapper.java:227)
	at site.ycsb.workloads.CoreWorkload.doInsert(CoreWorkload.java:621)
	at site.ycsb.ClientThread.run(ClientThread.java:135)
	at java.base/java.lang.Thread.run(Thread.java:829)
Caused by: jetbrains.exodus.ExodusException
	at jetbrains.exodus.newLogConcept.garbageCollector.OperationLogGarbageCollector.moveAndRemoveRecordsFromLog(OperationLogGarbageCollector.java:69)
	at jetbrains.exodus.newLogConcept.garbageCollector.OperationLogGarbageCollector.clean(OperationLogGarbageCollector.java:51)
	at jetbrains.exodus.newLogConcept.MVCC.MVCCDataStructure.lambda$commitTransaction$1(MVCCDataStructure.java:297)
	at java.base/java.util.concurrent.Executors$RunnableAdapter.call(Executors.java:515)
	at java.base/java.util.concurrent.FutureTask.run(FutureTask.java:264)
	at java.base/java.util.concurrent.ThreadPoolExecutor.runWorker(ThreadPoolExecutor.java:1128)
	at java.base/java.util.concurrent.ThreadPoolExecutor$Worker.run(ThreadPoolExecutor.java:628)
	... 1 more
java.util.concurrent.ExecutionException: jetbrains.exodus.ExodusException
	at java.base/java.util.concurrent.FutureTask.report(FutureTask.java:122)
	at java.base/java.util.concurrent.FutureTask.get(FutureTask.java:191)
	at jetbrains.exodus.newLogConcept.MVCC.MVCCDataStructure.commitTransaction(MVCCDataStructure.java:299)
	at site.ycsb.db.XodusClient.insert(XodusClient.java:60)
	at site.ycsb.DBWrapper.insert(DBWrapper.java:227)
	at site.ycsb.workloads.CoreWorkload.doInsert(CoreWorkload.java:621)
	at site.ycsb.ClientThread.run(ClientThread.java:135)
	at java.base/java.lang.Thread.run(Thread.java:829)
Caused by: jetbrains.exodus.ExodusException
	at jetbrains.exodus.newLogConcept.garbageCollector.OperationLogGarbageCollector.moveAndRemoveRecordsFromLog(OperationLogGarbageCollector.java:69)
	at jetbrains.exodus.newLogConcept.garbageCollector.OperationLogGarbageCollector.clean(OperationLogGarbageCollector.java:51)
	at jetbrains.exodus.newLogConcept.MVCC.MVCCDataStructure.lambda$commitTransaction$1(MVCCDataStructure.java:297)
	at java.base/java.util.concurrent.Executors$RunnableAdapter.call(Executors.java:515)
	at java.base/java.util.concurrent.FutureTask.run(FutureTask.java:264)
	at java.base/java.util.concurrent.ThreadPoolExecutor.runWorker(ThreadPoolExecutor.java:1128)
	at java.base/java.util.concurrent.ThreadPoolExecutor$Worker.run(ThreadPoolExecutor.java:628)
	... 1 more
java.util.concurrent.ExecutionException: jetbrains.exodus.ExodusException
	at java.base/java.util.concurrent.FutureTask.report(FutureTask.java:122)
	at java.base/java.util.concurrent.FutureTask.get(FutureTask.java:191)
	at jetbrains.exodus.newLogConcept.MVCC.MVCCDataStructure.commitTransaction(MVCCDataStructure.java:299)
	at site.ycsb.db.XodusClient.insert(XodusClient.java:60)
	at site.ycsb.DBWrapper.insert(DBWrapper.java:227)
	at site.ycsb.workloads.CoreWorkload.doInsert(CoreWorkload.java:621)
	at site.ycsb.ClientThread.run(ClientThread.java:135)
	at java.base/java.lang.Thread.run(Thread.java:829)
Caused by: jetbrains.exodus.ExodusException
	at jetbrains.exodus.newLogConcept.garbageCollector.OperationLogGarbageCollector.moveAndRemoveRecordsFromLog(OperationLogGarbageCollector.java:69)
	at jetbrains.exodus.newLogConcept.garbageCollector.OperationLogGarbageCollector.clean(OperationLogGarbageCollector.java:51)
	at jetbrains.exodus.newLogConcept.MVCC.MVCCDataStructure.lambda$commitTransaction$1(MVCCDataStructure.java:297)
	at java.base/java.util.concurrent.Executors$RunnableAdapter.call(Executors.java:515)
	at java.base/java.util.concurrent.FutureTask.run(FutureTask.java:264)
	at java.base/java.util.concurrent.ThreadPoolExecutor.runWorker(ThreadPoolExecutor.java:1128)
	at java.base/java.util.concurrent.ThreadPoolExecutor$Worker.run(ThreadPoolExecutor.java:628)
	... 1 more
java.util.concurrent.ExecutionException: jetbrains.exodus.ExodusException
	at java.base/java.util.concurrent.FutureTask.report(FutureTask.java:122)
	at java.base/java.util.concurrent.FutureTask.get(FutureTask.java:191)
	at jetbrains.exodus.newLogConcept.MVCC.MVCCDataStructure.commitTransaction(MVCCDataStructure.java:299)
	at site.ycsb.db.XodusClient.insert(XodusClient.java:60)
	at site.ycsb.DBWrapper.insert(DBWrapper.java:227)
	at site.ycsb.workloads.CoreWorkload.doInsert(CoreWorkload.java:621)
	at site.ycsb.ClientThread.run(ClientThread.java:135)
	at java.base/java.lang.Thread.run(Thread.java:829)
Caused by: jetbrains.exodus.ExodusException
	at jetbrains.exodus.newLogConcept.garbageCollector.OperationLogGarbageCollector.moveAndRemoveRecordsFromLog(OperationLogGarbageCollector.java:69)
	at jetbrains.exodus.newLogConcept.garbageCollector.OperationLogGarbageCollector.clean(OperationLogGarbageCollector.java:51)
	at jetbrains.exodus.newLogConcept.MVCC.MVCCDataStructure.lambda$commitTransaction$1(MVCCDataStructure.java:297)
	at java.base/java.util.concurrent.Executors$RunnableAdapter.call(Executors.java:515)
	at java.base/java.util.concurrent.FutureTask.run(FutureTask.java:264)
	at java.base/java.util.concurrent.ThreadPoolExecutor.runWorker(ThreadPoolExecutor.java:1128)
	at java.base/java.util.concurrent.ThreadPoolExecutor$Worker.run(ThreadPoolExecutor.java:628)
	... 1 more
java.util.concurrent.ExecutionException: jetbrains.exodus.ExodusException
	at java.base/java.util.concurrent.FutureTask.report(FutureTask.java:122)
	at java.base/java.util.concurrent.FutureTask.get(FutureTask.java:191)
	at jetbrains.exodus.newLogConcept.MVCC.MVCCDataStructure.commitTransaction(MVCCDataStructure.java:299)
	at site.ycsb.db.XodusClient.insert(XodusClient.java:60)
	at site.ycsb.DBWrapper.insert(DBWrapper.java:227)
	at site.ycsb.workloads.CoreWorkload.doInsert(CoreWorkload.java:621)
	at site.ycsb.ClientThread.run(ClientThread.java:135)
	at java.base/java.lang.Thread.run(Thread.java:829)
Caused by: jetbrains.exodus.ExodusException
	at jetbrains.exodus.newLogConcept.garbageCollector.OperationLogGarbageCollector.moveAndRemoveRecordsFromLog(OperationLogGarbageCollector.java:69)
	at jetbrains.exodus.newLogConcept.garbageCollector.OperationLogGarbageCollector.clean(OperationLogGarbageCollector.java:51)
	at jetbrains.exodus.newLogConcept.MVCC.MVCCDataStructure.lambda$commitTransaction$1(MVCCDataStructure.java:297)
	at java.base/java.util.concurrent.Executors$RunnableAdapter.call(Executors.java:515)
	at java.base/java.util.concurrent.FutureTask.run(FutureTask.java:264)
	at java.base/java.util.concurrent.ThreadPoolExecutor.runWorker(ThreadPoolExecutor.java:1128)
	at java.base/java.util.concurrent.ThreadPoolExecutor$Worker.run(ThreadPoolExecutor.java:628)
	... 1 more
java.util.concurrent.ExecutionException: jetbrains.exodus.ExodusException
	at java.base/java.util.concurrent.FutureTask.report(FutureTask.java:122)
	at java.base/java.util.concurrent.FutureTask.get(FutureTask.java:191)
	at jetbrains.exodus.newLogConcept.MVCC.MVCCDataStructure.commitTransaction(MVCCDataStructure.java:299)
	at site.ycsb.db.XodusClient.insert(XodusClient.java:60)
	at site.ycsb.DBWrapper.insert(DBWrapper.java:227)
	at site.ycsb.workloads.CoreWorkload.doInsert(CoreWorkload.java:621)
	at site.ycsb.ClientThread.run(ClientThread.java:135)
	at java.base/java.lang.Thread.run(Thread.java:829)
Caused by: jetbrains.exodus.ExodusException
	at jetbrains.exodus.newLogConcept.garbageCollector.OperationLogGarbageCollector.moveAndRemoveRecordsFromLog(OperationLogGarbageCollector.java:69)
	at jetbrains.exodus.newLogConcept.garbageCollector.OperationLogGarbageCollector.clean(OperationLogGarbageCollector.java:51)
	at jetbrains.exodus.newLogConcept.MVCC.MVCCDataStructure.lambda$commitTransaction$1(MVCCDataStructure.java:297)
	at java.base/java.util.concurrent.Executors$RunnableAdapter.call(Executors.java:515)
	at java.base/java.util.concurrent.FutureTask.run(FutureTask.java:264)
	at java.base/java.util.concurrent.ThreadPoolExecutor.runWorker(ThreadPoolExecutor.java:1128)
	at java.base/java.util.concurrent.ThreadPoolExecutor$Worker.run(ThreadPoolExecutor.java:628)
	... 1 more
java.util.concurrent.ExecutionException: jetbrains.exodus.ExodusException
	at java.base/java.util.concurrent.FutureTask.report(FutureTask.java:122)
	at java.base/java.util.concurrent.FutureTask.get(FutureTask.java:191)
	at jetbrains.exodus.newLogConcept.MVCC.MVCCDataStructure.commitTransaction(MVCCDataStructure.java:299)
	at site.ycsb.db.XodusClient.insert(XodusClient.java:60)
	at site.ycsb.DBWrapper.insert(DBWrapper.java:227)
	at site.ycsb.workloads.CoreWorkload.doInsert(CoreWorkload.java:621)
	at site.ycsb.ClientThread.run(ClientThread.java:135)
	at java.base/java.lang.Thread.run(Thread.java:829)
Caused by: jetbrains.exodus.ExodusException
	at jetbrains.exodus.newLogConcept.garbageCollector.OperationLogGarbageCollector.moveAndRemoveRecordsFromLog(OperationLogGarbageCollector.java:69)
	at jetbrains.exodus.newLogConcept.garbageCollector.OperationLogGarbageCollector.clean(OperationLogGarbageCollector.java:51)
	at jetbrains.exodus.newLogConcept.MVCC.MVCCDataStructure.lambda$commitTransaction$1(MVCCDataStructure.java:297)
	at java.base/java.util.concurrent.Executors$RunnableAdapter.call(Executors.java:515)
	at java.base/java.util.concurrent.FutureTask.run(FutureTask.java:264)
	at java.base/java.util.concurrent.ThreadPoolExecutor.runWorker(ThreadPoolExecutor.java:1128)
	at java.base/java.util.concurrent.ThreadPoolExecutor$Worker.run(ThreadPoolExecutor.java:628)
	... 1 more
java.util.concurrent.ExecutionException: jetbrains.exodus.ExodusException
	at java.base/java.util.concurrent.FutureTask.report(FutureTask.java:122)
	at java.base/java.util.concurrent.FutureTask.get(FutureTask.java:191)
	at jetbrains.exodus.newLogConcept.MVCC.MVCCDataStructure.commitTransaction(MVCCDataStructure.java:299)
	at site.ycsb.db.XodusClient.insert(XodusClient.java:60)
	at site.ycsb.DBWrapper.insert(DBWrapper.java:227)
	at site.ycsb.workloads.CoreWorkload.doInsert(CoreWorkload.java:621)
	at site.ycsb.ClientThread.run(ClientThread.java:135)
	at java.base/java.lang.Thread.run(Thread.java:829)
Caused by: jetbrains.exodus.ExodusException
	at jetbrains.exodus.newLogConcept.garbageCollector.OperationLogGarbageCollector.moveAndRemoveRecordsFromLog(OperationLogGarbageCollector.java:69)
	at jetbrains.exodus.newLogConcept.garbageCollector.OperationLogGarbageCollector.clean(OperationLogGarbageCollector.java:51)
	at jetbrains.exodus.newLogConcept.MVCC.MVCCDataStructure.lambda$commitTransaction$1(MVCCDataStructure.java:297)
	at java.base/java.util.concurrent.Executors$RunnableAdapter.call(Executors.java:515)
	at java.base/java.util.concurrent.FutureTask.run(FutureTask.java:264)
	at java.base/java.util.concurrent.ThreadPoolExecutor.runWorker(ThreadPoolExecutor.java:1128)
	at java.base/java.util.concurrent.ThreadPoolExecutor$Worker.run(ThreadPoolExecutor.java:628)
	... 1 more
java.util.concurrent.ExecutionException: jetbrains.exodus.ExodusException
	at java.base/java.util.concurrent.FutureTask.report(FutureTask.java:122)
	at java.base/java.util.concurrent.FutureTask.get(FutureTask.java:191)
	at jetbrains.exodus.newLogConcept.MVCC.MVCCDataStructure.commitTransaction(MVCCDataStructure.java:299)
	at site.ycsb.db.XodusClient.insert(XodusClient.java:60)
	at site.ycsb.DBWrapper.insert(DBWrapper.java:227)
	at site.ycsb.workloads.CoreWorkload.doInsert(CoreWorkload.java:621)
	at site.ycsb.ClientThread.run(ClientThread.java:135)
	at java.base/java.lang.Thread.run(Thread.java:829)
Caused by: jetbrains.exodus.ExodusException
	at jetbrains.exodus.newLogConcept.garbageCollector.OperationLogGarbageCollector.moveAndRemoveRecordsFromLog(OperationLogGarbageCollector.java:69)
	at jetbrains.exodus.newLogConcept.garbageCollector.OperationLogGarbageCollector.clean(OperationLogGarbageCollector.java:51)
	at jetbrains.exodus.newLogConcept.MVCC.MVCCDataStructure.lambda$commitTransaction$1(MVCCDataStructure.java:297)
	at java.base/java.util.concurrent.Executors$RunnableAdapter.call(Executors.java:515)
	at java.base/java.util.concurrent.FutureTask.run(FutureTask.java:264)
	at java.base/java.util.concurrent.ThreadPoolExecutor.runWorker(ThreadPoolExecutor.java:1128)
	at java.base/java.util.concurrent.ThreadPoolExecutor$Worker.run(ThreadPoolExecutor.java:628)
	... 1 more
java.util.concurrent.ExecutionException: jetbrains.exodus.ExodusException
	at java.base/java.util.concurrent.FutureTask.report(FutureTask.java:122)
	at java.base/java.util.concurrent.FutureTask.get(FutureTask.java:191)
	at jetbrains.exodus.newLogConcept.MVCC.MVCCDataStructure.commitTransaction(MVCCDataStructure.java:299)
	at site.ycsb.db.XodusClient.insert(XodusClient.java:60)
	at site.ycsb.DBWrapper.insert(DBWrapper.java:227)
	at site.ycsb.workloads.CoreWorkload.doInsert(CoreWorkload.java:621)
	at site.ycsb.ClientThread.run(ClientThread.java:135)
	at java.base/java.lang.Thread.run(Thread.java:829)
Caused by: jetbrains.exodus.ExodusException
	at jetbrains.exodus.newLogConcept.garbageCollector.OperationLogGarbageCollector.moveAndRemoveRecordsFromLog(OperationLogGarbageCollector.java:69)
	at jetbrains.exodus.newLogConcept.garbageCollector.OperationLogGarbageCollector.clean(OperationLogGarbageCollector.java:51)
	at jetbrains.exodus.newLogConcept.MVCC.MVCCDataStructure.lambda$commitTransaction$1(MVCCDataStructure.java:297)
	at java.base/java.util.concurrent.Executors$RunnableAdapter.call(Executors.java:515)
	at java.base/java.util.concurrent.FutureTask.run(FutureTask.java:264)
	at java.base/java.util.concurrent.ThreadPoolExecutor.runWorker(ThreadPoolExecutor.java:1128)
	at java.base/java.util.concurrent.ThreadPoolExecutor$Worker.run(ThreadPoolExecutor.java:628)
	... 1 more
java.util.concurrent.ExecutionException: jetbrains.exodus.ExodusException
	at java.base/java.util.concurrent.FutureTask.report(FutureTask.java:122)
	at java.base/java.util.concurrent.FutureTask.get(FutureTask.java:191)
	at jetbrains.exodus.newLogConcept.MVCC.MVCCDataStructure.commitTransaction(MVCCDataStructure.java:299)
	at site.ycsb.db.XodusClient.insert(XodusClient.java:60)
	at site.ycsb.DBWrapper.insert(DBWrapper.java:227)
	at site.ycsb.workloads.CoreWorkload.doInsert(CoreWorkload.java:621)
	at site.ycsb.ClientThread.run(ClientThread.java:135)
	at java.base/java.lang.Thread.run(Thread.java:829)
Caused by: jetbrains.exodus.ExodusException
	at jetbrains.exodus.newLogConcept.garbageCollector.OperationLogGarbageCollector.moveAndRemoveRecordsFromLog(OperationLogGarbageCollector.java:69)
	at jetbrains.exodus.newLogConcept.garbageCollector.OperationLogGarbageCollector.clean(OperationLogGarbageCollector.java:51)
	at jetbrains.exodus.newLogConcept.MVCC.MVCCDataStructure.lambda$commitTransaction$1(MVCCDataStructure.java:297)
	at java.base/java.util.concurrent.Executors$RunnableAdapter.call(Executors.java:515)
	at java.base/java.util.concurrent.FutureTask.run(FutureTask.java:264)
	at java.base/java.util.concurrent.ThreadPoolExecutor.runWorker(ThreadPoolExecutor.java:1128)
	at java.base/java.util.concurrent.ThreadPoolExecutor$Worker.run(ThreadPoolExecutor.java:628)
	... 1 more
java.util.concurrent.ExecutionException: jetbrains.exodus.ExodusException
	at java.base/java.util.concurrent.FutureTask.report(FutureTask.java:122)
	at java.base/java.util.concurrent.FutureTask.get(FutureTask.java:191)
	at jetbrains.exodus.newLogConcept.MVCC.MVCCDataStructure.commitTransaction(MVCCDataStructure.java:299)
	at site.ycsb.db.XodusClient.insert(XodusClient.java:60)
	at site.ycsb.DBWrapper.insert(DBWrapper.java:227)
	at site.ycsb.workloads.CoreWorkload.doInsert(CoreWorkload.java:621)
	at site.ycsb.ClientThread.run(ClientThread.java:135)
	at java.base/java.lang.Thread.run(Thread.java:829)
Caused by: jetbrains.exodus.ExodusException
	at jetbrains.exodus.newLogConcept.garbageCollector.OperationLogGarbageCollector.moveAndRemoveRecordsFromLog(OperationLogGarbageCollector.java:69)
	at jetbrains.exodus.newLogConcept.garbageCollector.OperationLogGarbageCollector.clean(OperationLogGarbageCollector.java:51)
	at jetbrains.exodus.newLogConcept.MVCC.MVCCDataStructure.lambda$commitTransaction$1(MVCCDataStructure.java:297)
	at java.base/java.util.concurrent.Executors$RunnableAdapter.call(Executors.java:515)
	at java.base/java.util.concurrent.FutureTask.run(FutureTask.java:264)
	at java.base/java.util.concurrent.ThreadPoolExecutor.runWorker(ThreadPoolExecutor.java:1128)
	at java.base/java.util.concurrent.ThreadPoolExecutor$Worker.run(ThreadPoolExecutor.java:628)
	... 1 more
java.util.concurrent.ExecutionException: jetbrains.exodus.ExodusException
	at java.base/java.util.concurrent.FutureTask.report(FutureTask.java:122)
	at java.base/java.util.concurrent.FutureTask.get(FutureTask.java:191)
	at jetbrains.exodus.newLogConcept.MVCC.MVCCDataStructure.commitTransaction(MVCCDataStructure.java:299)
	at site.ycsb.db.XodusClient.insert(XodusClient.java:60)
	at site.ycsb.DBWrapper.insert(DBWrapper.java:227)
	at site.ycsb.workloads.CoreWorkload.doInsert(CoreWorkload.java:621)
	at site.ycsb.ClientThread.run(ClientThread.java:135)
	at java.base/java.lang.Thread.run(Thread.java:829)
Caused by: jetbrains.exodus.ExodusException
	at jetbrains.exodus.newLogConcept.garbageCollector.OperationLogGarbageCollector.moveAndRemoveRecordsFromLog(OperationLogGarbageCollector.java:69)
	at jetbrains.exodus.newLogConcept.garbageCollector.OperationLogGarbageCollector.clean(OperationLogGarbageCollector.java:51)
	at jetbrains.exodus.newLogConcept.MVCC.MVCCDataStructure.lambda$commitTransaction$1(MVCCDataStructure.java:297)
	at java.base/java.util.concurrent.Executors$RunnableAdapter.call(Executors.java:515)
	at java.base/java.util.concurrent.FutureTask.run(FutureTask.java:264)
	at java.base/java.util.concurrent.ThreadPoolExecutor.runWorker(ThreadPoolExecutor.java:1128)
	at java.base/java.util.concurrent.ThreadPoolExecutor$Worker.run(ThreadPoolExecutor.java:628)
	... 1 more
java.util.concurrent.ExecutionException: jetbrains.exodus.ExodusException
	at java.base/java.util.concurrent.FutureTask.report(FutureTask.java:122)
	at java.base/java.util.concurrent.FutureTask.get(FutureTask.java:191)
	at jetbrains.exodus.newLogConcept.MVCC.MVCCDataStructure.commitTransaction(MVCCDataStructure.java:299)
	at site.ycsb.db.XodusClient.insert(XodusClient.java:60)
	at site.ycsb.DBWrapper.insert(DBWrapper.java:227)
	at site.ycsb.workloads.CoreWorkload.doInsert(CoreWorkload.java:621)
	at site.ycsb.ClientThread.run(ClientThread.java:135)
	at java.base/java.lang.Thread.run(Thread.java:829)
Caused by: jetbrains.exodus.ExodusException
	at jetbrains.exodus.newLogConcept.garbageCollector.OperationLogGarbageCollector.moveAndRemoveRecordsFromLog(OperationLogGarbageCollector.java:69)
	at jetbrains.exodus.newLogConcept.garbageCollector.OperationLogGarbageCollector.clean(OperationLogGarbageCollector.java:51)
	at jetbrains.exodus.newLogConcept.MVCC.MVCCDataStructure.lambda$commitTransaction$1(MVCCDataStructure.java:297)
	at java.base/java.util.concurrent.Executors$RunnableAdapter.call(Executors.java:515)
	at java.base/java.util.concurrent.FutureTask.run(FutureTask.java:264)
	at java.base/java.util.concurrent.ThreadPoolExecutor.runWorker(ThreadPoolExecutor.java:1128)
	at java.base/java.util.concurrent.ThreadPoolExecutor$Worker.run(ThreadPoolExecutor.java:628)
	... 1 more
java.util.concurrent.ExecutionException: jetbrains.exodus.ExodusException
	at java.base/java.util.concurrent.FutureTask.report(FutureTask.java:122)
	at java.base/java.util.concurrent.FutureTask.get(FutureTask.java:191)
	at jetbrains.exodus.newLogConcept.MVCC.MVCCDataStructure.commitTransaction(MVCCDataStructure.java:299)
	at site.ycsb.db.XodusClient.insert(XodusClient.java:60)
	at site.ycsb.DBWrapper.insert(DBWrapper.java:227)
	at site.ycsb.workloads.CoreWorkload.doInsert(CoreWorkload.java:621)
	at site.ycsb.ClientThread.run(ClientThread.java:135)
	at java.base/java.lang.Thread.run(Thread.java:829)
Caused by: jetbrains.exodus.ExodusException
	at jetbrains.exodus.newLogConcept.garbageCollector.OperationLogGarbageCollector.moveAndRemoveRecordsFromLog(OperationLogGarbageCollector.java:69)
	at jetbrains.exodus.newLogConcept.garbageCollector.OperationLogGarbageCollector.clean(OperationLogGarbageCollector.java:51)
	at jetbrains.exodus.newLogConcept.MVCC.MVCCDataStructure.lambda$commitTransaction$1(MVCCDataStructure.java:297)
	at java.base/java.util.concurrent.Executors$RunnableAdapter.call(Executors.java:515)
	at java.base/java.util.concurrent.FutureTask.run(FutureTask.java:264)
	at java.base/java.util.concurrent.ThreadPoolExecutor.runWorker(ThreadPoolExecutor.java:1128)
	at java.base/java.util.concurrent.ThreadPoolExecutor$Worker.run(ThreadPoolExecutor.java:628)
	... 1 more
java.util.concurrent.ExecutionException: jetbrains.exodus.ExodusException
	at java.base/java.util.concurrent.FutureTask.report(FutureTask.java:122)
	at java.base/java.util.concurrent.FutureTask.get(FutureTask.java:191)
	at jetbrains.exodus.newLogConcept.MVCC.MVCCDataStructure.commitTransaction(MVCCDataStructure.java:299)
	at site.ycsb.db.XodusClient.insert(XodusClient.java:60)
	at site.ycsb.DBWrapper.insert(DBWrapper.java:227)
	at site.ycsb.workloads.CoreWorkload.doInsert(CoreWorkload.java:621)
	at site.ycsb.ClientThread.run(ClientThread.java:135)
	at java.base/java.lang.Thread.run(Thread.java:829)
Caused by: jetbrains.exodus.ExodusException
	at jetbrains.exodus.newLogConcept.garbageCollector.OperationLogGarbageCollector.moveAndRemoveRecordsFromLog(OperationLogGarbageCollector.java:69)
	at jetbrains.exodus.newLogConcept.garbageCollector.OperationLogGarbageCollector.clean(OperationLogGarbageCollector.java:51)
	at jetbrains.exodus.newLogConcept.MVCC.MVCCDataStructure.lambda$commitTransaction$1(MVCCDataStructure.java:297)
	at java.base/java.util.concurrent.Executors$RunnableAdapter.call(Executors.java:515)
	at java.base/java.util.concurrent.FutureTask.run(FutureTask.java:264)
	at java.base/java.util.concurrent.ThreadPoolExecutor.runWorker(ThreadPoolExecutor.java:1128)
	at java.base/java.util.concurrent.ThreadPoolExecutor$Worker.run(ThreadPoolExecutor.java:628)
	... 1 more
java.util.concurrent.ExecutionException: jetbrains.exodus.ExodusException
	at java.base/java.util.concurrent.FutureTask.report(FutureTask.java:122)
	at java.base/java.util.concurrent.FutureTask.get(FutureTask.java:191)
	at jetbrains.exodus.newLogConcept.MVCC.MVCCDataStructure.commitTransaction(MVCCDataStructure.java:299)
	at site.ycsb.db.XodusClient.insert(XodusClient.java:60)
	at site.ycsb.DBWrapper.insert(DBWrapper.java:227)
	at site.ycsb.workloads.CoreWorkload.doInsert(CoreWorkload.java:621)
	at site.ycsb.ClientThread.run(ClientThread.java:135)
	at java.base/java.lang.Thread.run(Thread.java:829)
Caused by: jetbrains.exodus.ExodusException
	at jetbrains.exodus.newLogConcept.garbageCollector.OperationLogGarbageCollector.moveAndRemoveRecordsFromLog(OperationLogGarbageCollector.java:69)
	at jetbrains.exodus.newLogConcept.garbageCollector.OperationLogGarbageCollector.clean(OperationLogGarbageCollector.java:51)
	at jetbrains.exodus.newLogConcept.MVCC.MVCCDataStructure.lambda$commitTransaction$1(MVCCDataStructure.java:297)
	at java.base/java.util.concurrent.Executors$RunnableAdapter.call(Executors.java:515)
	at java.base/java.util.concurrent.FutureTask.run(FutureTask.java:264)
	at java.base/java.util.concurrent.ThreadPoolExecutor.runWorker(ThreadPoolExecutor.java:1128)
	at java.base/java.util.concurrent.ThreadPoolExecutor$Worker.run(ThreadPoolExecutor.java:628)
	... 1 more
java.util.concurrent.ExecutionException: jetbrains.exodus.ExodusException
	at java.base/java.util.concurrent.FutureTask.report(FutureTask.java:122)
	at java.base/java.util.concurrent.FutureTask.get(FutureTask.java:191)
	at jetbrains.exodus.newLogConcept.MVCC.MVCCDataStructure.commitTransaction(MVCCDataStructure.java:299)
	at site.ycsb.db.XodusClient.insert(XodusClient.java:60)
	at site.ycsb.DBWrapper.insert(DBWrapper.java:227)
	at site.ycsb.workloads.CoreWorkload.doInsert(CoreWorkload.java:621)
	at site.ycsb.ClientThread.run(ClientThread.java:135)
	at java.base/java.lang.Thread.run(Thread.java:829)
Caused by: jetbrains.exodus.ExodusException
	at jetbrains.exodus.newLogConcept.garbageCollector.OperationLogGarbageCollector.moveAndRemoveRecordsFromLog(OperationLogGarbageCollector.java:69)
	at jetbrains.exodus.newLogConcept.garbageCollector.OperationLogGarbageCollector.clean(OperationLogGarbageCollector.java:51)
	at jetbrains.exodus.newLogConcept.MVCC.MVCCDataStructure.lambda$commitTransaction$1(MVCCDataStructure.java:297)
	at java.base/java.util.concurrent.Executors$RunnableAdapter.call(Executors.java:515)
	at java.base/java.util.concurrent.FutureTask.run(FutureTask.java:264)
	at java.base/java.util.concurrent.ThreadPoolExecutor.runWorker(ThreadPoolExecutor.java:1128)
	at java.base/java.util.concurrent.ThreadPoolExecutor$Worker.run(ThreadPoolExecutor.java:628)
	... 1 more
java.util.concurrent.ExecutionException: jetbrains.exodus.ExodusException
	at java.base/java.util.concurrent.FutureTask.report(FutureTask.java:122)
	at java.base/java.util.concurrent.FutureTask.get(FutureTask.java:191)
	at jetbrains.exodus.newLogConcept.MVCC.MVCCDataStructure.commitTransaction(MVCCDataStructure.java:299)
	at site.ycsb.db.XodusClient.insert(XodusClient.java:60)
	at site.ycsb.DBWrapper.insert(DBWrapper.java:227)
	at site.ycsb.workloads.CoreWorkload.doInsert(CoreWorkload.java:621)
	at site.ycsb.ClientThread.run(ClientThread.java:135)
	at java.base/java.lang.Thread.run(Thread.java:829)
Caused by: jetbrains.exodus.ExodusException
	at jetbrains.exodus.newLogConcept.garbageCollector.OperationLogGarbageCollector.moveAndRemoveRecordsFromLog(OperationLogGarbageCollector.java:69)
	at jetbrains.exodus.newLogConcept.garbageCollector.OperationLogGarbageCollector.clean(OperationLogGarbageCollector.java:51)
	at jetbrains.exodus.newLogConcept.MVCC.MVCCDataStructure.lambda$commitTransaction$1(MVCCDataStructure.java:297)
	at java.base/java.util.concurrent.Executors$RunnableAdapter.call(Executors.java:515)
	at java.base/java.util.concurrent.FutureTask.run(FutureTask.java:264)
	at java.base/java.util.concurrent.ThreadPoolExecutor.runWorker(ThreadPoolExecutor.java:1128)
	at java.base/java.util.concurrent.ThreadPoolExecutor$Worker.run(ThreadPoolExecutor.java:628)
	... 1 more
java.util.concurrent.ExecutionException: jetbrains.exodus.ExodusException
	at java.base/java.util.concurrent.FutureTask.report(FutureTask.java:122)
	at java.base/java.util.concurrent.FutureTask.get(FutureTask.java:191)
	at jetbrains.exodus.newLogConcept.MVCC.MVCCDataStructure.commitTransaction(MVCCDataStructure.java:299)
	at site.ycsb.db.XodusClient.insert(XodusClient.java:60)
	at site.ycsb.DBWrapper.insert(DBWrapper.java:227)
	at site.ycsb.workloads.CoreWorkload.doInsert(CoreWorkload.java:621)
	at site.ycsb.ClientThread.run(ClientThread.java:135)
	at java.base/java.lang.Thread.run(Thread.java:829)
Caused by: jetbrains.exodus.ExodusException
	at jetbrains.exodus.newLogConcept.garbageCollector.OperationLogGarbageCollector.moveAndRemoveRecordsFromLog(OperationLogGarbageCollector.java:69)
	at jetbrains.exodus.newLogConcept.garbageCollector.OperationLogGarbageCollector.clean(OperationLogGarbageCollector.java:51)
	at jetbrains.exodus.newLogConcept.MVCC.MVCCDataStructure.lambda$commitTransaction$1(MVCCDataStructure.java:297)
	at java.base/java.util.concurrent.Executors$RunnableAdapter.call(Executors.java:515)
	at java.base/java.util.concurrent.FutureTask.run(FutureTask.java:264)
	at java.base/java.util.concurrent.ThreadPoolExecutor.runWorker(ThreadPoolExecutor.java:1128)
	at java.base/java.util.concurrent.ThreadPoolExecutor$Worker.run(ThreadPoolExecutor.java:628)
	... 1 more
java.util.concurrent.ExecutionException: jetbrains.exodus.ExodusException
	at java.base/java.util.concurrent.FutureTask.report(FutureTask.java:122)
	at java.base/java.util.concurrent.FutureTask.get(FutureTask.java:191)
	at jetbrains.exodus.newLogConcept.MVCC.MVCCDataStructure.commitTransaction(MVCCDataStructure.java:299)
	at site.ycsb.db.XodusClient.insert(XodusClient.java:60)
	at site.ycsb.DBWrapper.insert(DBWrapper.java:227)
	at site.ycsb.workloads.CoreWorkload.doInsert(CoreWorkload.java:621)
	at site.ycsb.ClientThread.run(ClientThread.java:135)
	at java.base/java.lang.Thread.run(Thread.java:829)
Caused by: jetbrains.exodus.ExodusException
	at jetbrains.exodus.newLogConcept.garbageCollector.OperationLogGarbageCollector.moveAndRemoveRecordsFromLog(OperationLogGarbageCollector.java:69)
	at jetbrains.exodus.newLogConcept.garbageCollector.OperationLogGarbageCollector.clean(OperationLogGarbageCollector.java:51)
	at jetbrains.exodus.newLogConcept.MVCC.MVCCDataStructure.lambda$commitTransaction$1(MVCCDataStructure.java:297)
	at java.base/java.util.concurrent.Executors$RunnableAdapter.call(Executors.java:515)
	at java.base/java.util.concurrent.FutureTask.run(FutureTask.java:264)
	at java.base/java.util.concurrent.ThreadPoolExecutor.runWorker(ThreadPoolExecutor.java:1128)
	at java.base/java.util.concurrent.ThreadPoolExecutor$Worker.run(ThreadPoolExecutor.java:628)
	... 1 more
java.util.concurrent.ExecutionException: jetbrains.exodus.ExodusException
	at java.base/java.util.concurrent.FutureTask.report(FutureTask.java:122)
	at java.base/java.util.concurrent.FutureTask.get(FutureTask.java:191)
	at jetbrains.exodus.newLogConcept.MVCC.MVCCDataStructure.commitTransaction(MVCCDataStructure.java:299)
	at site.ycsb.db.XodusClient.insert(XodusClient.java:60)
	at site.ycsb.DBWrapper.insert(DBWrapper.java:227)
	at site.ycsb.workloads.CoreWorkload.doInsert(CoreWorkload.java:621)
	at site.ycsb.ClientThread.run(ClientThread.java:135)
	at java.base/java.lang.Thread.run(Thread.java:829)
Caused by: jetbrains.exodus.ExodusException
	at jetbrains.exodus.newLogConcept.garbageCollector.OperationLogGarbageCollector.moveAndRemoveRecordsFromLog(OperationLogGarbageCollector.java:69)
	at jetbrains.exodus.newLogConcept.garbageCollector.OperationLogGarbageCollector.clean(OperationLogGarbageCollector.java:51)
	at jetbrains.exodus.newLogConcept.MVCC.MVCCDataStructure.lambda$commitTransaction$1(MVCCDataStructure.java:297)
	at java.base/java.util.concurrent.Executors$RunnableAdapter.call(Executors.java:515)
	at java.base/java.util.concurrent.FutureTask.run(FutureTask.java:264)
	at java.base/java.util.concurrent.ThreadPoolExecutor.runWorker(ThreadPoolExecutor.java:1128)
	at java.base/java.util.concurrent.ThreadPoolExecutor$Worker.run(ThreadPoolExecutor.java:628)
	... 1 more
java.util.concurrent.ExecutionException: jetbrains.exodus.ExodusException
	at java.base/java.util.concurrent.FutureTask.report(FutureTask.java:122)
	at java.base/java.util.concurrent.FutureTask.get(FutureTask.java:191)
	at jetbrains.exodus.newLogConcept.MVCC.MVCCDataStructure.commitTransaction(MVCCDataStructure.java:299)
	at site.ycsb.db.XodusClient.insert(XodusClient.java:60)
	at site.ycsb.DBWrapper.insert(DBWrapper.java:227)
	at site.ycsb.workloads.CoreWorkload.doInsert(CoreWorkload.java:621)
	at site.ycsb.ClientThread.run(ClientThread.java:135)
	at java.base/java.lang.Thread.run(Thread.java:829)
Caused by: jetbrains.exodus.ExodusException
	at jetbrains.exodus.newLogConcept.garbageCollector.OperationLogGarbageCollector.moveAndRemoveRecordsFromLog(OperationLogGarbageCollector.java:69)
	at jetbrains.exodus.newLogConcept.garbageCollector.OperationLogGarbageCollector.clean(OperationLogGarbageCollector.java:51)
	at jetbrains.exodus.newLogConcept.MVCC.MVCCDataStructure.lambda$commitTransaction$1(MVCCDataStructure.java:297)
	at java.base/java.util.concurrent.Executors$RunnableAdapter.call(Executors.java:515)
	at java.base/java.util.concurrent.FutureTask.run(FutureTask.java:264)
	at java.base/java.util.concurrent.ThreadPoolExecutor.runWorker(ThreadPoolExecutor.java:1128)
	at java.base/java.util.concurrent.ThreadPoolExecutor$Worker.run(ThreadPoolExecutor.java:628)
	... 1 more
java.util.concurrent.ExecutionException: jetbrains.exodus.ExodusException
	at java.base/java.util.concurrent.FutureTask.report(FutureTask.java:122)
	at java.base/java.util.concurrent.FutureTask.get(FutureTask.java:191)
	at jetbrains.exodus.newLogConcept.MVCC.MVCCDataStructure.commitTransaction(MVCCDataStructure.java:299)
	at site.ycsb.db.XodusClient.insert(XodusClient.java:60)
	at site.ycsb.DBWrapper.insert(DBWrapper.java:227)
	at site.ycsb.workloads.CoreWorkload.doInsert(CoreWorkload.java:621)
	at site.ycsb.ClientThread.run(ClientThread.java:135)
	at java.base/java.lang.Thread.run(Thread.java:829)
Caused by: jetbrains.exodus.ExodusException
	at jetbrains.exodus.newLogConcept.garbageCollector.OperationLogGarbageCollector.moveAndRemoveRecordsFromLog(OperationLogGarbageCollector.java:69)
	at jetbrains.exodus.newLogConcept.garbageCollector.OperationLogGarbageCollector.clean(OperationLogGarbageCollector.java:51)
	at jetbrains.exodus.newLogConcept.MVCC.MVCCDataStructure.lambda$commitTransaction$1(MVCCDataStructure.java:297)
	at java.base/java.util.concurrent.Executors$RunnableAdapter.call(Executors.java:515)
	at java.base/java.util.concurrent.FutureTask.run(FutureTask.java:264)
	at java.base/java.util.concurrent.ThreadPoolExecutor.runWorker(ThreadPoolExecutor.java:1128)
	at java.base/java.util.concurrent.ThreadPoolExecutor$Worker.run(ThreadPoolExecutor.java:628)
	... 1 more
java.util.concurrent.ExecutionException: jetbrains.exodus.ExodusException
	at java.base/java.util.concurrent.FutureTask.report(FutureTask.java:122)
	at java.base/java.util.concurrent.FutureTask.get(FutureTask.java:191)
	at jetbrains.exodus.newLogConcept.MVCC.MVCCDataStructure.commitTransaction(MVCCDataStructure.java:299)
	at site.ycsb.db.XodusClient.insert(XodusClient.java:60)
	at site.ycsb.DBWrapper.insert(DBWrapper.java:227)
	at site.ycsb.workloads.CoreWorkload.doInsert(CoreWorkload.java:621)
	at site.ycsb.ClientThread.run(ClientThread.java:135)
	at java.base/java.lang.Thread.run(Thread.java:829)
Caused by: jetbrains.exodus.ExodusException
	at jetbrains.exodus.newLogConcept.garbageCollector.OperationLogGarbageCollector.moveAndRemoveRecordsFromLog(OperationLogGarbageCollector.java:69)
	at jetbrains.exodus.newLogConcept.garbageCollector.OperationLogGarbageCollector.clean(OperationLogGarbageCollector.java:51)
	at jetbrains.exodus.newLogConcept.MVCC.MVCCDataStructure.lambda$commitTransaction$1(MVCCDataStructure.java:297)
	at java.base/java.util.concurrent.Executors$RunnableAdapter.call(Executors.java:515)
	at java.base/java.util.concurrent.FutureTask.run(FutureTask.java:264)
	at java.base/java.util.concurrent.ThreadPoolExecutor.runWorker(ThreadPoolExecutor.java:1128)
	at java.base/java.util.concurrent.ThreadPoolExecutor$Worker.run(ThreadPoolExecutor.java:628)
	... 1 more
java.util.concurrent.ExecutionException: jetbrains.exodus.ExodusException
	at java.base/java.util.concurrent.FutureTask.report(FutureTask.java:122)
	at java.base/java.util.concurrent.FutureTask.get(FutureTask.java:191)
	at jetbrains.exodus.newLogConcept.MVCC.MVCCDataStructure.commitTransaction(MVCCDataStructure.java:299)
	at site.ycsb.db.XodusClient.insert(XodusClient.java:60)
	at site.ycsb.DBWrapper.insert(DBWrapper.java:227)
	at site.ycsb.workloads.CoreWorkload.doInsert(CoreWorkload.java:621)
	at site.ycsb.ClientThread.run(ClientThread.java:135)
	at java.base/java.lang.Thread.run(Thread.java:829)
Caused by: jetbrains.exodus.ExodusException
	at jetbrains.exodus.newLogConcept.garbageCollector.OperationLogGarbageCollector.moveAndRemoveRecordsFromLog(OperationLogGarbageCollector.java:69)
	at jetbrains.exodus.newLogConcept.garbageCollector.OperationLogGarbageCollector.clean(OperationLogGarbageCollector.java:51)
	at jetbrains.exodus.newLogConcept.MVCC.MVCCDataStructure.lambda$commitTransaction$1(MVCCDataStructure.java:297)
	at java.base/java.util.concurrent.Executors$RunnableAdapter.call(Executors.java:515)
	at java.base/java.util.concurrent.FutureTask.run(FutureTask.java:264)
	at java.base/java.util.concurrent.ThreadPoolExecutor.runWorker(ThreadPoolExecutor.java:1128)
	at java.base/java.util.concurrent.ThreadPoolExecutor$Worker.run(ThreadPoolExecutor.java:628)
	... 1 more
java.util.concurrent.ExecutionException: jetbrains.exodus.ExodusException
	at java.base/java.util.concurrent.FutureTask.report(FutureTask.java:122)
	at java.base/java.util.concurrent.FutureTask.get(FutureTask.java:191)
	at jetbrains.exodus.newLogConcept.MVCC.MVCCDataStructure.commitTransaction(MVCCDataStructure.java:299)
	at site.ycsb.db.XodusClient.insert(XodusClient.java:60)
	at site.ycsb.DBWrapper.insert(DBWrapper.java:227)
	at site.ycsb.workloads.CoreWorkload.doInsert(CoreWorkload.java:621)
	at site.ycsb.ClientThread.run(ClientThread.java:135)
	at java.base/java.lang.Thread.run(Thread.java:829)
Caused by: jetbrains.exodus.ExodusException
	at jetbrains.exodus.newLogConcept.garbageCollector.OperationLogGarbageCollector.moveAndRemoveRecordsFromLog(OperationLogGarbageCollector.java:69)
	at jetbrains.exodus.newLogConcept.garbageCollector.OperationLogGarbageCollector.clean(OperationLogGarbageCollector.java:51)
	at jetbrains.exodus.newLogConcept.MVCC.MVCCDataStructure.lambda$commitTransaction$1(MVCCDataStructure.java:297)
	at java.base/java.util.concurrent.Executors$RunnableAdapter.call(Executors.java:515)
	at java.base/java.util.concurrent.FutureTask.run(FutureTask.java:264)
	at java.base/java.util.concurrent.ThreadPoolExecutor.runWorker(ThreadPoolExecutor.java:1128)
	at java.base/java.util.concurrent.ThreadPoolExecutor$Worker.run(ThreadPoolExecutor.java:628)
	... 1 more
java.util.concurrent.ExecutionException: jetbrains.exodus.ExodusException
	at java.base/java.util.concurrent.FutureTask.report(FutureTask.java:122)
	at java.base/java.util.concurrent.FutureTask.get(FutureTask.java:191)
	at jetbrains.exodus.newLogConcept.MVCC.MVCCDataStructure.commitTransaction(MVCCDataStructure.java:299)
	at site.ycsb.db.XodusClient.insert(XodusClient.java:60)
	at site.ycsb.DBWrapper.insert(DBWrapper.java:227)
	at site.ycsb.workloads.CoreWorkload.doInsert(CoreWorkload.java:621)
	at site.ycsb.ClientThread.run(ClientThread.java:135)
	at java.base/java.lang.Thread.run(Thread.java:829)
Caused by: jetbrains.exodus.ExodusException
	at jetbrains.exodus.newLogConcept.garbageCollector.OperationLogGarbageCollector.moveAndRemoveRecordsFromLog(OperationLogGarbageCollector.java:69)
	at jetbrains.exodus.newLogConcept.garbageCollector.OperationLogGarbageCollector.clean(OperationLogGarbageCollector.java:51)
	at jetbrains.exodus.newLogConcept.MVCC.MVCCDataStructure.lambda$commitTransaction$1(MVCCDataStructure.java:297)
	at java.base/java.util.concurrent.Executors$RunnableAdapter.call(Executors.java:515)
	at java.base/java.util.concurrent.FutureTask.run(FutureTask.java:264)
	at java.base/java.util.concurrent.ThreadPoolExecutor.runWorker(ThreadPoolExecutor.java:1128)
	at java.base/java.util.concurrent.ThreadPoolExecutor$Worker.run(ThreadPoolExecutor.java:628)
	... 1 more
java.util.concurrent.ExecutionException: jetbrains.exodus.ExodusException
	at java.base/java.util.concurrent.FutureTask.report(FutureTask.java:122)
	at java.base/java.util.concurrent.FutureTask.get(FutureTask.java:191)
	at jetbrains.exodus.newLogConcept.MVCC.MVCCDataStructure.commitTransaction(MVCCDataStructure.java:299)
	at site.ycsb.db.XodusClient.insert(XodusClient.java:60)
	at site.ycsb.DBWrapper.insert(DBWrapper.java:227)
	at site.ycsb.workloads.CoreWorkload.doInsert(CoreWorkload.java:621)
	at site.ycsb.ClientThread.run(ClientThread.java:135)
	at java.base/java.lang.Thread.run(Thread.java:829)
Caused by: jetbrains.exodus.ExodusException
	at jetbrains.exodus.newLogConcept.garbageCollector.OperationLogGarbageCollector.moveAndRemoveRecordsFromLog(OperationLogGarbageCollector.java:69)
	at jetbrains.exodus.newLogConcept.garbageCollector.OperationLogGarbageCollector.clean(OperationLogGarbageCollector.java:51)
	at jetbrains.exodus.newLogConcept.MVCC.MVCCDataStructure.lambda$commitTransaction$1(MVCCDataStructure.java:297)
	at java.base/java.util.concurrent.Executors$RunnableAdapter.call(Executors.java:515)
	at java.base/java.util.concurrent.FutureTask.run(FutureTask.java:264)
	at java.base/java.util.concurrent.ThreadPoolExecutor.runWorker(ThreadPoolExecutor.java:1128)
	at java.base/java.util.concurrent.ThreadPoolExecutor$Worker.run(ThreadPoolExecutor.java:628)
	... 1 more
java.util.concurrent.ExecutionException: jetbrains.exodus.ExodusException
	at java.base/java.util.concurrent.FutureTask.report(FutureTask.java:122)
	at java.base/java.util.concurrent.FutureTask.get(FutureTask.java:191)
	at jetbrains.exodus.newLogConcept.MVCC.MVCCDataStructure.commitTransaction(MVCCDataStructure.java:299)
	at site.ycsb.db.XodusClient.insert(XodusClient.java:60)
	at site.ycsb.DBWrapper.insert(DBWrapper.java:227)
	at site.ycsb.workloads.CoreWorkload.doInsert(CoreWorkload.java:621)
	at site.ycsb.ClientThread.run(ClientThread.java:135)
	at java.base/java.lang.Thread.run(Thread.java:829)
Caused by: jetbrains.exodus.ExodusException
	at jetbrains.exodus.newLogConcept.garbageCollector.OperationLogGarbageCollector.moveAndRemoveRecordsFromLog(OperationLogGarbageCollector.java:69)
	at jetbrains.exodus.newLogConcept.garbageCollector.OperationLogGarbageCollector.clean(OperationLogGarbageCollector.java:51)
	at jetbrains.exodus.newLogConcept.MVCC.MVCCDataStructure.lambda$commitTransaction$1(MVCCDataStructure.java:297)
	at java.base/java.util.concurrent.Executors$RunnableAdapter.call(Executors.java:515)
	at java.base/java.util.concurrent.FutureTask.run(FutureTask.java:264)
	at java.base/java.util.concurrent.ThreadPoolExecutor.runWorker(ThreadPoolExecutor.java:1128)
	at java.base/java.util.concurrent.ThreadPoolExecutor$Worker.run(ThreadPoolExecutor.java:628)
	... 1 more
java.util.concurrent.ExecutionException: jetbrains.exodus.ExodusException
	at java.base/java.util.concurrent.FutureTask.report(FutureTask.java:122)
	at java.base/java.util.concurrent.FutureTask.get(FutureTask.java:191)
	at jetbrains.exodus.newLogConcept.MVCC.MVCCDataStructure.commitTransaction(MVCCDataStructure.java:299)
	at site.ycsb.db.XodusClient.insert(XodusClient.java:60)
	at site.ycsb.DBWrapper.insert(DBWrapper.java:227)
	at site.ycsb.workloads.CoreWorkload.doInsert(CoreWorkload.java:621)
	at site.ycsb.ClientThread.run(ClientThread.java:135)
	at java.base/java.lang.Thread.run(Thread.java:829)
Caused by: jetbrains.exodus.ExodusException
	at jetbrains.exodus.newLogConcept.garbageCollector.OperationLogGarbageCollector.moveAndRemoveRecordsFromLog(OperationLogGarbageCollector.java:69)
	at jetbrains.exodus.newLogConcept.garbageCollector.OperationLogGarbageCollector.clean(OperationLogGarbageCollector.java:51)
	at jetbrains.exodus.newLogConcept.MVCC.MVCCDataStructure.lambda$commitTransaction$1(MVCCDataStructure.java:297)
	at java.base/java.util.concurrent.Executors$RunnableAdapter.call(Executors.java:515)
	at java.base/java.util.concurrent.FutureTask.run(FutureTask.java:264)
	at java.base/java.util.concurrent.ThreadPoolExecutor.runWorker(ThreadPoolExecutor.java:1128)
	at java.base/java.util.concurrent.ThreadPoolExecutor$Worker.run(ThreadPoolExecutor.java:628)
	... 1 more
java.util.concurrent.ExecutionException: jetbrains.exodus.ExodusException
	at java.base/java.util.concurrent.FutureTask.report(FutureTask.java:122)
	at java.base/java.util.concurrent.FutureTask.get(FutureTask.java:191)
	at jetbrains.exodus.newLogConcept.MVCC.MVCCDataStructure.commitTransaction(MVCCDataStructure.java:299)
	at site.ycsb.db.XodusClient.insert(XodusClient.java:60)
	at site.ycsb.DBWrapper.insert(DBWrapper.java:227)
	at site.ycsb.workloads.CoreWorkload.doInsert(CoreWorkload.java:621)
	at site.ycsb.ClientThread.run(ClientThread.java:135)
	at java.base/java.lang.Thread.run(Thread.java:829)
Caused by: jetbrains.exodus.ExodusException
	at jetbrains.exodus.newLogConcept.garbageCollector.OperationLogGarbageCollector.moveAndRemoveRecordsFromLog(OperationLogGarbageCollector.java:69)
	at jetbrains.exodus.newLogConcept.garbageCollector.OperationLogGarbageCollector.clean(OperationLogGarbageCollector.java:51)
	at jetbrains.exodus.newLogConcept.MVCC.MVCCDataStructure.lambda$commitTransaction$1(MVCCDataStructure.java:297)
	at java.base/java.util.concurrent.Executors$RunnableAdapter.call(Executors.java:515)
	at java.base/java.util.concurrent.FutureTask.run(FutureTask.java:264)
	at java.base/java.util.concurrent.ThreadPoolExecutor.runWorker(ThreadPoolExecutor.java:1128)
	at java.base/java.util.concurrent.ThreadPoolExecutor$Worker.run(ThreadPoolExecutor.java:628)
	... 1 more
java.util.concurrent.ExecutionException: jetbrains.exodus.ExodusException
	at java.base/java.util.concurrent.FutureTask.report(FutureTask.java:122)
	at java.base/java.util.concurrent.FutureTask.get(FutureTask.java:191)
	at jetbrains.exodus.newLogConcept.MVCC.MVCCDataStructure.commitTransaction(MVCCDataStructure.java:299)
	at site.ycsb.db.XodusClient.insert(XodusClient.java:60)
	at site.ycsb.DBWrapper.insert(DBWrapper.java:227)
	at site.ycsb.workloads.CoreWorkload.doInsert(CoreWorkload.java:621)
	at site.ycsb.ClientThread.run(ClientThread.java:135)
	at java.base/java.lang.Thread.run(Thread.java:829)
Caused by: jetbrains.exodus.ExodusException
	at jetbrains.exodus.newLogConcept.garbageCollector.OperationLogGarbageCollector.moveAndRemoveRecordsFromLog(OperationLogGarbageCollector.java:69)
	at jetbrains.exodus.newLogConcept.garbageCollector.OperationLogGarbageCollector.clean(OperationLogGarbageCollector.java:51)
	at jetbrains.exodus.newLogConcept.MVCC.MVCCDataStructure.lambda$commitTransaction$1(MVCCDataStructure.java:297)
	at java.base/java.util.concurrent.Executors$RunnableAdapter.call(Executors.java:515)
	at java.base/java.util.concurrent.FutureTask.run(FutureTask.java:264)
	at java.base/java.util.concurrent.ThreadPoolExecutor.runWorker(ThreadPoolExecutor.java:1128)
	at java.base/java.util.concurrent.ThreadPoolExecutor$Worker.run(ThreadPoolExecutor.java:628)
	... 1 more
java.util.concurrent.ExecutionException: jetbrains.exodus.ExodusException
	at java.base/java.util.concurrent.FutureTask.report(FutureTask.java:122)
	at java.base/java.util.concurrent.FutureTask.get(FutureTask.java:191)
	at jetbrains.exodus.newLogConcept.MVCC.MVCCDataStructure.commitTransaction(MVCCDataStructure.java:299)
	at site.ycsb.db.XodusClient.insert(XodusClient.java:60)
	at site.ycsb.DBWrapper.insert(DBWrapper.java:227)
	at site.ycsb.workloads.CoreWorkload.doInsert(CoreWorkload.java:621)
	at site.ycsb.ClientThread.run(ClientThread.java:135)
	at java.base/java.lang.Thread.run(Thread.java:829)
Caused by: jetbrains.exodus.ExodusException
	at jetbrains.exodus.newLogConcept.garbageCollector.OperationLogGarbageCollector.moveAndRemoveRecordsFromLog(OperationLogGarbageCollector.java:69)
	at jetbrains.exodus.newLogConcept.garbageCollector.OperationLogGarbageCollector.clean(OperationLogGarbageCollector.java:51)
	at jetbrains.exodus.newLogConcept.MVCC.MVCCDataStructure.lambda$commitTransaction$1(MVCCDataStructure.java:297)
	at java.base/java.util.concurrent.Executors$RunnableAdapter.call(Executors.java:515)
	at java.base/java.util.concurrent.FutureTask.run(FutureTask.java:264)
	at java.base/java.util.concurrent.ThreadPoolExecutor.runWorker(ThreadPoolExecutor.java:1128)
	at java.base/java.util.concurrent.ThreadPoolExecutor$Worker.run(ThreadPoolExecutor.java:628)
	... 1 more
java.util.concurrent.ExecutionException: jetbrains.exodus.ExodusException
	at java.base/java.util.concurrent.FutureTask.report(FutureTask.java:122)
	at java.base/java.util.concurrent.FutureTask.get(FutureTask.java:191)
	at jetbrains.exodus.newLogConcept.MVCC.MVCCDataStructure.commitTransaction(MVCCDataStructure.java:299)
	at site.ycsb.db.XodusClient.insert(XodusClient.java:60)
	at site.ycsb.DBWrapper.insert(DBWrapper.java:227)
	at site.ycsb.workloads.CoreWorkload.doInsert(CoreWorkload.java:621)
	at site.ycsb.ClientThread.run(ClientThread.java:135)
	at java.base/java.lang.Thread.run(Thread.java:829)
Caused by: jetbrains.exodus.ExodusException
	at jetbrains.exodus.newLogConcept.garbageCollector.OperationLogGarbageCollector.moveAndRemoveRecordsFromLog(OperationLogGarbageCollector.java:69)
	at jetbrains.exodus.newLogConcept.garbageCollector.OperationLogGarbageCollector.clean(OperationLogGarbageCollector.java:51)
	at jetbrains.exodus.newLogConcept.MVCC.MVCCDataStructure.lambda$commitTransaction$1(MVCCDataStructure.java:297)
	at java.base/java.util.concurrent.Executors$RunnableAdapter.call(Executors.java:515)
	at java.base/java.util.concurrent.FutureTask.run(FutureTask.java:264)
	at java.base/java.util.concurrent.ThreadPoolExecutor.runWorker(ThreadPoolExecutor.java:1128)
	at java.base/java.util.concurrent.ThreadPoolExecutor$Worker.run(ThreadPoolExecutor.java:628)
	... 1 more
java.util.concurrent.ExecutionException: jetbrains.exodus.ExodusException
	at java.base/java.util.concurrent.FutureTask.report(FutureTask.java:122)
	at java.base/java.util.concurrent.FutureTask.get(FutureTask.java:191)
	at jetbrains.exodus.newLogConcept.MVCC.MVCCDataStructure.commitTransaction(MVCCDataStructure.java:299)
	at site.ycsb.db.XodusClient.insert(XodusClient.java:60)
	at site.ycsb.DBWrapper.insert(DBWrapper.java:227)
	at site.ycsb.workloads.CoreWorkload.doInsert(CoreWorkload.java:621)
	at site.ycsb.ClientThread.run(ClientThread.java:135)
	at java.base/java.lang.Thread.run(Thread.java:829)
Caused by: jetbrains.exodus.ExodusException
	at jetbrains.exodus.newLogConcept.garbageCollector.OperationLogGarbageCollector.moveAndRemoveRecordsFromLog(OperationLogGarbageCollector.java:69)
	at jetbrains.exodus.newLogConcept.garbageCollector.OperationLogGarbageCollector.clean(OperationLogGarbageCollector.java:51)
	at jetbrains.exodus.newLogConcept.MVCC.MVCCDataStructure.lambda$commitTransaction$1(MVCCDataStructure.java:297)
	at java.base/java.util.concurrent.Executors$RunnableAdapter.call(Executors.java:515)
	at java.base/java.util.concurrent.FutureTask.run(FutureTask.java:264)
	at java.base/java.util.concurrent.ThreadPoolExecutor.runWorker(ThreadPoolExecutor.java:1128)
	at java.base/java.util.concurrent.ThreadPoolExecutor$Worker.run(ThreadPoolExecutor.java:628)
	... 1 more
java.util.concurrent.ExecutionException: jetbrains.exodus.ExodusException
	at java.base/java.util.concurrent.FutureTask.report(FutureTask.java:122)
	at java.base/java.util.concurrent.FutureTask.get(FutureTask.java:191)
	at jetbrains.exodus.newLogConcept.MVCC.MVCCDataStructure.commitTransaction(MVCCDataStructure.java:299)
	at site.ycsb.db.XodusClient.insert(XodusClient.java:60)
	at site.ycsb.DBWrapper.insert(DBWrapper.java:227)
	at site.ycsb.workloads.CoreWorkload.doInsert(CoreWorkload.java:621)
	at site.ycsb.ClientThread.run(ClientThread.java:135)
	at java.base/java.lang.Thread.run(Thread.java:829)
Caused by: jetbrains.exodus.ExodusException
	at jetbrains.exodus.newLogConcept.garbageCollector.OperationLogGarbageCollector.moveAndRemoveRecordsFromLog(OperationLogGarbageCollector.java:69)
	at jetbrains.exodus.newLogConcept.garbageCollector.OperationLogGarbageCollector.clean(OperationLogGarbageCollector.java:51)
	at jetbrains.exodus.newLogConcept.MVCC.MVCCDataStructure.lambda$commitTransaction$1(MVCCDataStructure.java:297)
	at java.base/java.util.concurrent.Executors$RunnableAdapter.call(Executors.java:515)
	at java.base/java.util.concurrent.FutureTask.run(FutureTask.java:264)
	at java.base/java.util.concurrent.ThreadPoolExecutor.runWorker(ThreadPoolExecutor.java:1128)
	at java.base/java.util.concurrent.ThreadPoolExecutor$Worker.run(ThreadPoolExecutor.java:628)
	... 1 more
java.util.concurrent.ExecutionException: jetbrains.exodus.ExodusException
	at java.base/java.util.concurrent.FutureTask.report(FutureTask.java:122)
	at java.base/java.util.concurrent.FutureTask.get(FutureTask.java:191)
	at jetbrains.exodus.newLogConcept.MVCC.MVCCDataStructure.commitTransaction(MVCCDataStructure.java:299)
	at site.ycsb.db.XodusClient.insert(XodusClient.java:60)
	at site.ycsb.DBWrapper.insert(DBWrapper.java:227)
	at site.ycsb.workloads.CoreWorkload.doInsert(CoreWorkload.java:621)
	at site.ycsb.ClientThread.run(ClientThread.java:135)
	at java.base/java.lang.Thread.run(Thread.java:829)
Caused by: jetbrains.exodus.ExodusException
	at jetbrains.exodus.newLogConcept.garbageCollector.OperationLogGarbageCollector.moveAndRemoveRecordsFromLog(OperationLogGarbageCollector.java:69)
	at jetbrains.exodus.newLogConcept.garbageCollector.OperationLogGarbageCollector.clean(OperationLogGarbageCollector.java:51)
	at jetbrains.exodus.newLogConcept.MVCC.MVCCDataStructure.lambda$commitTransaction$1(MVCCDataStructure.java:297)
	at java.base/java.util.concurrent.Executors$RunnableAdapter.call(Executors.java:515)
	at java.base/java.util.concurrent.FutureTask.run(FutureTask.java:264)
	at java.base/java.util.concurrent.ThreadPoolExecutor.runWorker(ThreadPoolExecutor.java:1128)
	at java.base/java.util.concurrent.ThreadPoolExecutor$Worker.run(ThreadPoolExecutor.java:628)
	... 1 more
java.util.concurrent.ExecutionException: jetbrains.exodus.ExodusException
	at java.base/java.util.concurrent.FutureTask.report(FutureTask.java:122)
	at java.base/java.util.concurrent.FutureTask.get(FutureTask.java:191)
	at jetbrains.exodus.newLogConcept.MVCC.MVCCDataStructure.commitTransaction(MVCCDataStructure.java:299)
	at site.ycsb.db.XodusClient.insert(XodusClient.java:60)
	at site.ycsb.DBWrapper.insert(DBWrapper.java:227)
	at site.ycsb.workloads.CoreWorkload.doInsert(CoreWorkload.java:621)
	at site.ycsb.ClientThread.run(ClientThread.java:135)
	at java.base/java.lang.Thread.run(Thread.java:829)
Caused by: jetbrains.exodus.ExodusException
	at jetbrains.exodus.newLogConcept.garbageCollector.OperationLogGarbageCollector.moveAndRemoveRecordsFromLog(OperationLogGarbageCollector.java:69)
	at jetbrains.exodus.newLogConcept.garbageCollector.OperationLogGarbageCollector.clean(OperationLogGarbageCollector.java:51)
	at jetbrains.exodus.newLogConcept.MVCC.MVCCDataStructure.lambda$commitTransaction$1(MVCCDataStructure.java:297)
	at java.base/java.util.concurrent.Executors$RunnableAdapter.call(Executors.java:515)
	at java.base/java.util.concurrent.FutureTask.run(FutureTask.java:264)
	at java.base/java.util.concurrent.ThreadPoolExecutor.runWorker(ThreadPoolExecutor.java:1128)
	at java.base/java.util.concurrent.ThreadPoolExecutor$Worker.run(ThreadPoolExecutor.java:628)
	... 1 more
java.util.concurrent.ExecutionException: jetbrains.exodus.ExodusException
	at java.base/java.util.concurrent.FutureTask.report(FutureTask.java:122)
	at java.base/java.util.concurrent.FutureTask.get(FutureTask.java:191)
	at jetbrains.exodus.newLogConcept.MVCC.MVCCDataStructure.commitTransaction(MVCCDataStructure.java:299)
	at site.ycsb.db.XodusClient.insert(XodusClient.java:60)
	at site.ycsb.DBWrapper.insert(DBWrapper.java:227)
	at site.ycsb.workloads.CoreWorkload.doInsert(CoreWorkload.java:621)
	at site.ycsb.ClientThread.run(ClientThread.java:135)
	at java.base/java.lang.Thread.run(Thread.java:829)
Caused by: jetbrains.exodus.ExodusException
	at jetbrains.exodus.newLogConcept.garbageCollector.OperationLogGarbageCollector.moveAndRemoveRecordsFromLog(OperationLogGarbageCollector.java:69)
	at jetbrains.exodus.newLogConcept.garbageCollector.OperationLogGarbageCollector.clean(OperationLogGarbageCollector.java:51)
	at jetbrains.exodus.newLogConcept.MVCC.MVCCDataStructure.lambda$commitTransaction$1(MVCCDataStructure.java:297)
	at java.base/java.util.concurrent.Executors$RunnableAdapter.call(Executors.java:515)
	at java.base/java.util.concurrent.FutureTask.run(FutureTask.java:264)
	at java.base/java.util.concurrent.ThreadPoolExecutor.runWorker(ThreadPoolExecutor.java:1128)
	at java.base/java.util.concurrent.ThreadPoolExecutor$Worker.run(ThreadPoolExecutor.java:628)
	... 1 more
java.util.concurrent.ExecutionException: jetbrains.exodus.ExodusException
	at java.base/java.util.concurrent.FutureTask.report(FutureTask.java:122)
	at java.base/java.util.concurrent.FutureTask.get(FutureTask.java:191)
	at jetbrains.exodus.newLogConcept.MVCC.MVCCDataStructure.commitTransaction(MVCCDataStructure.java:299)
	at site.ycsb.db.XodusClient.insert(XodusClient.java:60)
	at site.ycsb.DBWrapper.insert(DBWrapper.java:227)
	at site.ycsb.workloads.CoreWorkload.doInsert(CoreWorkload.java:621)
	at site.ycsb.ClientThread.run(ClientThread.java:135)
	at java.base/java.lang.Thread.run(Thread.java:829)
Caused by: jetbrains.exodus.ExodusException
	at jetbrains.exodus.newLogConcept.garbageCollector.OperationLogGarbageCollector.moveAndRemoveRecordsFromLog(OperationLogGarbageCollector.java:69)
	at jetbrains.exodus.newLogConcept.garbageCollector.OperationLogGarbageCollector.clean(OperationLogGarbageCollector.java:51)
	at jetbrains.exodus.newLogConcept.MVCC.MVCCDataStructure.lambda$commitTransaction$1(MVCCDataStructure.java:297)
	at java.base/java.util.concurrent.Executors$RunnableAdapter.call(Executors.java:515)
	at java.base/java.util.concurrent.FutureTask.run(FutureTask.java:264)
	at java.base/java.util.concurrent.ThreadPoolExecutor.runWorker(ThreadPoolExecutor.java:1128)
	at java.base/java.util.concurrent.ThreadPoolExecutor$Worker.run(ThreadPoolExecutor.java:628)
	... 1 more
java.util.concurrent.ExecutionException: jetbrains.exodus.ExodusException
	at java.base/java.util.concurrent.FutureTask.report(FutureTask.java:122)
	at java.base/java.util.concurrent.FutureTask.get(FutureTask.java:191)
	at jetbrains.exodus.newLogConcept.MVCC.MVCCDataStructure.commitTransaction(MVCCDataStructure.java:299)
	at site.ycsb.db.XodusClient.insert(XodusClient.java:60)
	at site.ycsb.DBWrapper.insert(DBWrapper.java:227)
	at site.ycsb.workloads.CoreWorkload.doInsert(CoreWorkload.java:621)
	at site.ycsb.ClientThread.run(ClientThread.java:135)
	at java.base/java.lang.Thread.run(Thread.java:829)
Caused by: jetbrains.exodus.ExodusException
	at jetbrains.exodus.newLogConcept.garbageCollector.OperationLogGarbageCollector.moveAndRemoveRecordsFromLog(OperationLogGarbageCollector.java:69)
	at jetbrains.exodus.newLogConcept.garbageCollector.OperationLogGarbageCollector.clean(OperationLogGarbageCollector.java:51)
	at jetbrains.exodus.newLogConcept.MVCC.MVCCDataStructure.lambda$commitTransaction$1(MVCCDataStructure.java:297)
	at java.base/java.util.concurrent.Executors$RunnableAdapter.call(Executors.java:515)
	at java.base/java.util.concurrent.FutureTask.run(FutureTask.java:264)
	at java.base/java.util.concurrent.ThreadPoolExecutor.runWorker(ThreadPoolExecutor.java:1128)
	at java.base/java.util.concurrent.ThreadPoolExecutor$Worker.run(ThreadPoolExecutor.java:628)
	... 1 more
java.util.concurrent.ExecutionException: jetbrains.exodus.ExodusException
	at java.base/java.util.concurrent.FutureTask.report(FutureTask.java:122)
	at java.base/java.util.concurrent.FutureTask.get(FutureTask.java:191)
	at jetbrains.exodus.newLogConcept.MVCC.MVCCDataStructure.commitTransaction(MVCCDataStructure.java:299)
	at site.ycsb.db.XodusClient.insert(XodusClient.java:60)
	at site.ycsb.DBWrapper.insert(DBWrapper.java:227)
	at site.ycsb.workloads.CoreWorkload.doInsert(CoreWorkload.java:621)
	at site.ycsb.ClientThread.run(ClientThread.java:135)
	at java.base/java.lang.Thread.run(Thread.java:829)
Caused by: jetbrains.exodus.ExodusException
	at jetbrains.exodus.newLogConcept.garbageCollector.OperationLogGarbageCollector.moveAndRemoveRecordsFromLog(OperationLogGarbageCollector.java:69)
	at jetbrains.exodus.newLogConcept.garbageCollector.OperationLogGarbageCollector.clean(OperationLogGarbageCollector.java:51)
	at jetbrains.exodus.newLogConcept.MVCC.MVCCDataStructure.lambda$commitTransaction$1(MVCCDataStructure.java:297)
	at java.base/java.util.concurrent.Executors$RunnableAdapter.call(Executors.java:515)
	at java.base/java.util.concurrent.FutureTask.run(FutureTask.java:264)
	at java.base/java.util.concurrent.ThreadPoolExecutor.runWorker(ThreadPoolExecutor.java:1128)
	at java.base/java.util.concurrent.ThreadPoolExecutor$Worker.run(ThreadPoolExecutor.java:628)
	... 1 more
java.util.concurrent.ExecutionException: jetbrains.exodus.ExodusException
	at java.base/java.util.concurrent.FutureTask.report(FutureTask.java:122)
	at java.base/java.util.concurrent.FutureTask.get(FutureTask.java:191)
	at jetbrains.exodus.newLogConcept.MVCC.MVCCDataStructure.commitTransaction(MVCCDataStructure.java:299)
	at site.ycsb.db.XodusClient.insert(XodusClient.java:60)
	at site.ycsb.DBWrapper.insert(DBWrapper.java:227)
	at site.ycsb.workloads.CoreWorkload.doInsert(CoreWorkload.java:621)
	at site.ycsb.ClientThread.run(ClientThread.java:135)
	at java.base/java.lang.Thread.run(Thread.java:829)
Caused by: jetbrains.exodus.ExodusException
	at jetbrains.exodus.newLogConcept.garbageCollector.OperationLogGarbageCollector.moveAndRemoveRecordsFromLog(OperationLogGarbageCollector.java:69)
	at jetbrains.exodus.newLogConcept.garbageCollector.OperationLogGarbageCollector.clean(OperationLogGarbageCollector.java:51)
	at jetbrains.exodus.newLogConcept.MVCC.MVCCDataStructure.lambda$commitTransaction$1(MVCCDataStructure.java:297)
	at java.base/java.util.concurrent.Executors$RunnableAdapter.call(Executors.java:515)
	at java.base/java.util.concurrent.FutureTask.run(FutureTask.java:264)
	at java.base/java.util.concurrent.ThreadPoolExecutor.runWorker(ThreadPoolExecutor.java:1128)
	at java.base/java.util.concurrent.ThreadPoolExecutor$Worker.run(ThreadPoolExecutor.java:628)
	... 1 more
java.util.concurrent.ExecutionException: jetbrains.exodus.ExodusException
	at java.base/java.util.concurrent.FutureTask.report(FutureTask.java:122)
	at java.base/java.util.concurrent.FutureTask.get(FutureTask.java:191)
	at jetbrains.exodus.newLogConcept.MVCC.MVCCDataStructure.commitTransaction(MVCCDataStructure.java:299)
	at site.ycsb.db.XodusClient.insert(XodusClient.java:60)
	at site.ycsb.DBWrapper.insert(DBWrapper.java:227)
	at site.ycsb.workloads.CoreWorkload.doInsert(CoreWorkload.java:621)
	at site.ycsb.ClientThread.run(ClientThread.java:135)
	at java.base/java.lang.Thread.run(Thread.java:829)
Caused by: jetbrains.exodus.ExodusException
	at jetbrains.exodus.newLogConcept.garbageCollector.OperationLogGarbageCollector.moveAndRemoveRecordsFromLog(OperationLogGarbageCollector.java:69)
	at jetbrains.exodus.newLogConcept.garbageCollector.OperationLogGarbageCollector.clean(OperationLogGarbageCollector.java:51)
	at jetbrains.exodus.newLogConcept.MVCC.MVCCDataStructure.lambda$commitTransaction$1(MVCCDataStructure.java:297)
	at java.base/java.util.concurrent.Executors$RunnableAdapter.call(Executors.java:515)
	at java.base/java.util.concurrent.FutureTask.run(FutureTask.java:264)
	at java.base/java.util.concurrent.ThreadPoolExecutor.runWorker(ThreadPoolExecutor.java:1128)
	at java.base/java.util.concurrent.ThreadPoolExecutor$Worker.run(ThreadPoolExecutor.java:628)
	... 1 more
java.util.concurrent.ExecutionException: jetbrains.exodus.ExodusException
	at java.base/java.util.concurrent.FutureTask.report(FutureTask.java:122)
	at java.base/java.util.concurrent.FutureTask.get(FutureTask.java:191)
	at jetbrains.exodus.newLogConcept.MVCC.MVCCDataStructure.commitTransaction(MVCCDataStructure.java:299)
	at site.ycsb.db.XodusClient.insert(XodusClient.java:60)
	at site.ycsb.DBWrapper.insert(DBWrapper.java:227)
	at site.ycsb.workloads.CoreWorkload.doInsert(CoreWorkload.java:621)
	at site.ycsb.ClientThread.run(ClientThread.java:135)
	at java.base/java.lang.Thread.run(Thread.java:829)
Caused by: jetbrains.exodus.ExodusException
	at jetbrains.exodus.newLogConcept.garbageCollector.OperationLogGarbageCollector.moveAndRemoveRecordsFromLog(OperationLogGarbageCollector.java:69)
	at jetbrains.exodus.newLogConcept.garbageCollector.OperationLogGarbageCollector.clean(OperationLogGarbageCollector.java:51)
	at jetbrains.exodus.newLogConcept.MVCC.MVCCDataStructure.lambda$commitTransaction$1(MVCCDataStructure.java:297)
	at java.base/java.util.concurrent.Executors$RunnableAdapter.call(Executors.java:515)
	at java.base/java.util.concurrent.FutureTask.run(FutureTask.java:264)
	at java.base/java.util.concurrent.ThreadPoolExecutor.runWorker(ThreadPoolExecutor.java:1128)
	at java.base/java.util.concurrent.ThreadPoolExecutor$Worker.run(ThreadPoolExecutor.java:628)
	... 1 more
java.util.concurrent.ExecutionException: jetbrains.exodus.ExodusException
	at java.base/java.util.concurrent.FutureTask.report(FutureTask.java:122)
	at java.base/java.util.concurrent.FutureTask.get(FutureTask.java:191)
	at jetbrains.exodus.newLogConcept.MVCC.MVCCDataStructure.commitTransaction(MVCCDataStructure.java:299)
	at site.ycsb.db.XodusClient.insert(XodusClient.java:60)
	at site.ycsb.DBWrapper.insert(DBWrapper.java:227)
	at site.ycsb.workloads.CoreWorkload.doInsert(CoreWorkload.java:621)
	at site.ycsb.ClientThread.run(ClientThread.java:135)
	at java.base/java.lang.Thread.run(Thread.java:829)
Caused by: jetbrains.exodus.ExodusException
	at jetbrains.exodus.newLogConcept.garbageCollector.OperationLogGarbageCollector.moveAndRemoveRecordsFromLog(OperationLogGarbageCollector.java:69)
	at jetbrains.exodus.newLogConcept.garbageCollector.OperationLogGarbageCollector.clean(OperationLogGarbageCollector.java:51)
	at jetbrains.exodus.newLogConcept.MVCC.MVCCDataStructure.lambda$commitTransaction$1(MVCCDataStructure.java:297)
	at java.base/java.util.concurrent.Executors$RunnableAdapter.call(Executors.java:515)
	at java.base/java.util.concurrent.FutureTask.run(FutureTask.java:264)
	at java.base/java.util.concurrent.ThreadPoolExecutor.runWorker(ThreadPoolExecutor.java:1128)
	at java.base/java.util.concurrent.ThreadPoolExecutor$Worker.run(ThreadPoolExecutor.java:628)
	... 1 more
java.util.concurrent.ExecutionException: jetbrains.exodus.ExodusException
	at java.base/java.util.concurrent.FutureTask.report(FutureTask.java:122)
	at java.base/java.util.concurrent.FutureTask.get(FutureTask.java:191)
	at jetbrains.exodus.newLogConcept.MVCC.MVCCDataStructure.commitTransaction(MVCCDataStructure.java:299)
	at site.ycsb.db.XodusClient.insert(XodusClient.java:60)
	at site.ycsb.DBWrapper.insert(DBWrapper.java:227)
	at site.ycsb.workloads.CoreWorkload.doInsert(CoreWorkload.java:621)
	at site.ycsb.ClientThread.run(ClientThread.java:135)
	at java.base/java.lang.Thread.run(Thread.java:829)
Caused by: jetbrains.exodus.ExodusException
	at jetbrains.exodus.newLogConcept.garbageCollector.OperationLogGarbageCollector.moveAndRemoveRecordsFromLog(OperationLogGarbageCollector.java:69)
	at jetbrains.exodus.newLogConcept.garbageCollector.OperationLogGarbageCollector.clean(OperationLogGarbageCollector.java:51)
	at jetbrains.exodus.newLogConcept.MVCC.MVCCDataStructure.lambda$commitTransaction$1(MVCCDataStructure.java:297)
	at java.base/java.util.concurrent.Executors$RunnableAdapter.call(Executors.java:515)
	at java.base/java.util.concurrent.FutureTask.run(FutureTask.java:264)
	at java.base/java.util.concurrent.ThreadPoolExecutor.runWorker(ThreadPoolExecutor.java:1128)
	at java.base/java.util.concurrent.ThreadPoolExecutor$Worker.run(ThreadPoolExecutor.java:628)
	... 1 more
java.util.concurrent.ExecutionException: jetbrains.exodus.ExodusException
	at java.base/java.util.concurrent.FutureTask.report(FutureTask.java:122)
	at java.base/java.util.concurrent.FutureTask.get(FutureTask.java:191)
	at jetbrains.exodus.newLogConcept.MVCC.MVCCDataStructure.commitTransaction(MVCCDataStructure.java:299)
	at site.ycsb.db.XodusClient.insert(XodusClient.java:60)
	at site.ycsb.DBWrapper.insert(DBWrapper.java:227)
	at site.ycsb.workloads.CoreWorkload.doInsert(CoreWorkload.java:621)
	at site.ycsb.ClientThread.run(ClientThread.java:135)
	at java.base/java.lang.Thread.run(Thread.java:829)
Caused by: jetbrains.exodus.ExodusException
	at jetbrains.exodus.newLogConcept.garbageCollector.OperationLogGarbageCollector.moveAndRemoveRecordsFromLog(OperationLogGarbageCollector.java:69)
	at jetbrains.exodus.newLogConcept.garbageCollector.OperationLogGarbageCollector.clean(OperationLogGarbageCollector.java:51)
	at jetbrains.exodus.newLogConcept.MVCC.MVCCDataStructure.lambda$commitTransaction$1(MVCCDataStructure.java:297)
	at java.base/java.util.concurrent.Executors$RunnableAdapter.call(Executors.java:515)
	at java.base/java.util.concurrent.FutureTask.run(FutureTask.java:264)
	at java.base/java.util.concurrent.ThreadPoolExecutor.runWorker(ThreadPoolExecutor.java:1128)
	at java.base/java.util.concurrent.ThreadPoolExecutor$Worker.run(ThreadPoolExecutor.java:628)
	... 1 more
java.util.concurrent.ExecutionException: jetbrains.exodus.ExodusException
	at java.base/java.util.concurrent.FutureTask.report(FutureTask.java:122)
	at java.base/java.util.concurrent.FutureTask.get(FutureTask.java:191)
	at jetbrains.exodus.newLogConcept.MVCC.MVCCDataStructure.commitTransaction(MVCCDataStructure.java:299)
	at site.ycsb.db.XodusClient.insert(XodusClient.java:60)
	at site.ycsb.DBWrapper.insert(DBWrapper.java:227)
	at site.ycsb.workloads.CoreWorkload.doInsert(CoreWorkload.java:621)
	at site.ycsb.ClientThread.run(ClientThread.java:135)
	at java.base/java.lang.Thread.run(Thread.java:829)
Caused by: jetbrains.exodus.ExodusException
	at jetbrains.exodus.newLogConcept.garbageCollector.OperationLogGarbageCollector.moveAndRemoveRecordsFromLog(OperationLogGarbageCollector.java:69)
	at jetbrains.exodus.newLogConcept.garbageCollector.OperationLogGarbageCollector.clean(OperationLogGarbageCollector.java:51)
	at jetbrains.exodus.newLogConcept.MVCC.MVCCDataStructure.lambda$commitTransaction$1(MVCCDataStructure.java:297)
	at java.base/java.util.concurrent.Executors$RunnableAdapter.call(Executors.java:515)
	at java.base/java.util.concurrent.FutureTask.run(FutureTask.java:264)
	at java.base/java.util.concurrent.ThreadPoolExecutor.runWorker(ThreadPoolExecutor.java:1128)
	at java.base/java.util.concurrent.ThreadPoolExecutor$Worker.run(ThreadPoolExecutor.java:628)
	... 1 more
java.util.concurrent.ExecutionException: jetbrains.exodus.ExodusException
	at java.base/java.util.concurrent.FutureTask.report(FutureTask.java:122)
	at java.base/java.util.concurrent.FutureTask.get(FutureTask.java:191)
	at jetbrains.exodus.newLogConcept.MVCC.MVCCDataStructure.commitTransaction(MVCCDataStructure.java:299)
	at site.ycsb.db.XodusClient.insert(XodusClient.java:60)
	at site.ycsb.DBWrapper.insert(DBWrapper.java:227)
	at site.ycsb.workloads.CoreWorkload.doInsert(CoreWorkload.java:621)
	at site.ycsb.ClientThread.run(ClientThread.java:135)
	at java.base/java.lang.Thread.run(Thread.java:829)
Caused by: jetbrains.exodus.ExodusException
	at jetbrains.exodus.newLogConcept.garbageCollector.OperationLogGarbageCollector.moveAndRemoveRecordsFromLog(OperationLogGarbageCollector.java:69)
	at jetbrains.exodus.newLogConcept.garbageCollector.OperationLogGarbageCollector.clean(OperationLogGarbageCollector.java:51)
	at jetbrains.exodus.newLogConcept.MVCC.MVCCDataStructure.lambda$commitTransaction$1(MVCCDataStructure.java:297)
	at java.base/java.util.concurrent.Executors$RunnableAdapter.call(Executors.java:515)
	at java.base/java.util.concurrent.FutureTask.run(FutureTask.java:264)
	at java.base/java.util.concurrent.ThreadPoolExecutor.runWorker(ThreadPoolExecutor.java:1128)
	at java.base/java.util.concurrent.ThreadPoolExecutor$Worker.run(ThreadPoolExecutor.java:628)
	... 1 more
java.util.concurrent.ExecutionException: jetbrains.exodus.ExodusException
	at java.base/java.util.concurrent.FutureTask.report(FutureTask.java:122)
	at java.base/java.util.concurrent.FutureTask.get(FutureTask.java:191)
	at jetbrains.exodus.newLogConcept.MVCC.MVCCDataStructure.commitTransaction(MVCCDataStructure.java:299)
	at site.ycsb.db.XodusClient.insert(XodusClient.java:60)
	at site.ycsb.DBWrapper.insert(DBWrapper.java:227)
	at site.ycsb.workloads.CoreWorkload.doInsert(CoreWorkload.java:621)
	at site.ycsb.ClientThread.run(ClientThread.java:135)
	at java.base/java.lang.Thread.run(Thread.java:829)
Caused by: jetbrains.exodus.ExodusException
	at jetbrains.exodus.newLogConcept.garbageCollector.OperationLogGarbageCollector.moveAndRemoveRecordsFromLog(OperationLogGarbageCollector.java:69)
	at jetbrains.exodus.newLogConcept.garbageCollector.OperationLogGarbageCollector.clean(OperationLogGarbageCollector.java:51)
	at jetbrains.exodus.newLogConcept.MVCC.MVCCDataStructure.lambda$commitTransaction$1(MVCCDataStructure.java:297)
	at java.base/java.util.concurrent.Executors$RunnableAdapter.call(Executors.java:515)
	at java.base/java.util.concurrent.FutureTask.run(FutureTask.java:264)
	at java.base/java.util.concurrent.ThreadPoolExecutor.runWorker(ThreadPoolExecutor.java:1128)
	at java.base/java.util.concurrent.ThreadPoolExecutor$Worker.run(ThreadPoolExecutor.java:628)
	... 1 more
java.util.concurrent.ExecutionException: jetbrains.exodus.ExodusException
	at java.base/java.util.concurrent.FutureTask.report(FutureTask.java:122)
	at java.base/java.util.concurrent.FutureTask.get(FutureTask.java:191)
	at jetbrains.exodus.newLogConcept.MVCC.MVCCDataStructure.commitTransaction(MVCCDataStructure.java:299)
	at site.ycsb.db.XodusClient.insert(XodusClient.java:60)
	at site.ycsb.DBWrapper.insert(DBWrapper.java:227)
	at site.ycsb.workloads.CoreWorkload.doInsert(CoreWorkload.java:621)
	at site.ycsb.ClientThread.run(ClientThread.java:135)
	at java.base/java.lang.Thread.run(Thread.java:829)
Caused by: jetbrains.exodus.ExodusException
	at jetbrains.exodus.newLogConcept.garbageCollector.OperationLogGarbageCollector.moveAndRemoveRecordsFromLog(OperationLogGarbageCollector.java:69)
	at jetbrains.exodus.newLogConcept.garbageCollector.OperationLogGarbageCollector.clean(OperationLogGarbageCollector.java:51)
	at jetbrains.exodus.newLogConcept.MVCC.MVCCDataStructure.lambda$commitTransaction$1(MVCCDataStructure.java:297)
	at java.base/java.util.concurrent.Executors$RunnableAdapter.call(Executors.java:515)
	at java.base/java.util.concurrent.FutureTask.run(FutureTask.java:264)
	at java.base/java.util.concurrent.ThreadPoolExecutor.runWorker(ThreadPoolExecutor.java:1128)
	at java.base/java.util.concurrent.ThreadPoolExecutor$Worker.run(ThreadPoolExecutor.java:628)
	... 1 more
java.util.concurrent.ExecutionException: jetbrains.exodus.ExodusException
	at java.base/java.util.concurrent.FutureTask.report(FutureTask.java:122)
	at java.base/java.util.concurrent.FutureTask.get(FutureTask.java:191)
	at jetbrains.exodus.newLogConcept.MVCC.MVCCDataStructure.commitTransaction(MVCCDataStructure.java:299)
	at site.ycsb.db.XodusClient.insert(XodusClient.java:60)
	at site.ycsb.DBWrapper.insert(DBWrapper.java:227)
	at site.ycsb.workloads.CoreWorkload.doInsert(CoreWorkload.java:621)
	at site.ycsb.ClientThread.run(ClientThread.java:135)
	at java.base/java.lang.Thread.run(Thread.java:829)
Caused by: jetbrains.exodus.ExodusException
	at jetbrains.exodus.newLogConcept.garbageCollector.OperationLogGarbageCollector.moveAndRemoveRecordsFromLog(OperationLogGarbageCollector.java:69)
	at jetbrains.exodus.newLogConcept.garbageCollector.OperationLogGarbageCollector.clean(OperationLogGarbageCollector.java:51)
	at jetbrains.exodus.newLogConcept.MVCC.MVCCDataStructure.lambda$commitTransaction$1(MVCCDataStructure.java:297)
	at java.base/java.util.concurrent.Executors$RunnableAdapter.call(Executors.java:515)
	at java.base/java.util.concurrent.FutureTask.run(FutureTask.java:264)
	at java.base/java.util.concurrent.ThreadPoolExecutor.runWorker(ThreadPoolExecutor.java:1128)
	at java.base/java.util.concurrent.ThreadPoolExecutor$Worker.run(ThreadPoolExecutor.java:628)
	... 1 more
java.util.concurrent.ExecutionException: jetbrains.exodus.ExodusException
	at java.base/java.util.concurrent.FutureTask.report(FutureTask.java:122)
	at java.base/java.util.concurrent.FutureTask.get(FutureTask.java:191)
	at jetbrains.exodus.newLogConcept.MVCC.MVCCDataStructure.commitTransaction(MVCCDataStructure.java:299)
	at site.ycsb.db.XodusClient.insert(XodusClient.java:60)
	at site.ycsb.DBWrapper.insert(DBWrapper.java:227)
	at site.ycsb.workloads.CoreWorkload.doInsert(CoreWorkload.java:621)
	at site.ycsb.ClientThread.run(ClientThread.java:135)
	at java.base/java.lang.Thread.run(Thread.java:829)
Caused by: jetbrains.exodus.ExodusException
	at jetbrains.exodus.newLogConcept.garbageCollector.OperationLogGarbageCollector.moveAndRemoveRecordsFromLog(OperationLogGarbageCollector.java:69)
	at jetbrains.exodus.newLogConcept.garbageCollector.OperationLogGarbageCollector.clean(OperationLogGarbageCollector.java:51)
	at jetbrains.exodus.newLogConcept.MVCC.MVCCDataStructure.lambda$commitTransaction$1(MVCCDataStructure.java:297)
	at java.base/java.util.concurrent.Executors$RunnableAdapter.call(Executors.java:515)
	at java.base/java.util.concurrent.FutureTask.run(FutureTask.java:264)
	at java.base/java.util.concurrent.ThreadPoolExecutor.runWorker(ThreadPoolExecutor.java:1128)
	at java.base/java.util.concurrent.ThreadPoolExecutor$Worker.run(ThreadPoolExecutor.java:628)
	... 1 more
java.util.concurrent.ExecutionException: jetbrains.exodus.ExodusException
	at java.base/java.util.concurrent.FutureTask.report(FutureTask.java:122)
	at java.base/java.util.concurrent.FutureTask.get(FutureTask.java:191)
	at jetbrains.exodus.newLogConcept.MVCC.MVCCDataStructure.commitTransaction(MVCCDataStructure.java:299)
	at site.ycsb.db.XodusClient.insert(XodusClient.java:60)
	at site.ycsb.DBWrapper.insert(DBWrapper.java:227)
	at site.ycsb.workloads.CoreWorkload.doInsert(CoreWorkload.java:621)
	at site.ycsb.ClientThread.run(ClientThread.java:135)
	at java.base/java.lang.Thread.run(Thread.java:829)
Caused by: jetbrains.exodus.ExodusException
	at jetbrains.exodus.newLogConcept.garbageCollector.OperationLogGarbageCollector.moveAndRemoveRecordsFromLog(OperationLogGarbageCollector.java:69)
	at jetbrains.exodus.newLogConcept.garbageCollector.OperationLogGarbageCollector.clean(OperationLogGarbageCollector.java:51)
	at jetbrains.exodus.newLogConcept.MVCC.MVCCDataStructure.lambda$commitTransaction$1(MVCCDataStructure.java:297)
	at java.base/java.util.concurrent.Executors$RunnableAdapter.call(Executors.java:515)
	at java.base/java.util.concurrent.FutureTask.run(FutureTask.java:264)
	at java.base/java.util.concurrent.ThreadPoolExecutor.runWorker(ThreadPoolExecutor.java:1128)
	at java.base/java.util.concurrent.ThreadPoolExecutor$Worker.run(ThreadPoolExecutor.java:628)
	... 1 more
java.util.concurrent.ExecutionException: jetbrains.exodus.ExodusException
	at java.base/java.util.concurrent.FutureTask.report(FutureTask.java:122)
	at java.base/java.util.concurrent.FutureTask.get(FutureTask.java:191)
	at jetbrains.exodus.newLogConcept.MVCC.MVCCDataStructure.commitTransaction(MVCCDataStructure.java:299)
	at site.ycsb.db.XodusClient.insert(XodusClient.java:60)
	at site.ycsb.DBWrapper.insert(DBWrapper.java:227)
	at site.ycsb.workloads.CoreWorkload.doInsert(CoreWorkload.java:621)
	at site.ycsb.ClientThread.run(ClientThread.java:135)
	at java.base/java.lang.Thread.run(Thread.java:829)
Caused by: jetbrains.exodus.ExodusException
	at jetbrains.exodus.newLogConcept.garbageCollector.OperationLogGarbageCollector.moveAndRemoveRecordsFromLog(OperationLogGarbageCollector.java:69)
	at jetbrains.exodus.newLogConcept.garbageCollector.OperationLogGarbageCollector.clean(OperationLogGarbageCollector.java:51)
	at jetbrains.exodus.newLogConcept.MVCC.MVCCDataStructure.lambda$commitTransaction$1(MVCCDataStructure.java:297)
	at java.base/java.util.concurrent.Executors$RunnableAdapter.call(Executors.java:515)
	at java.base/java.util.concurrent.FutureTask.run(FutureTask.java:264)
	at java.base/java.util.concurrent.ThreadPoolExecutor.runWorker(ThreadPoolExecutor.java:1128)
	at java.base/java.util.concurrent.ThreadPoolExecutor$Worker.run(ThreadPoolExecutor.java:628)
	... 1 more
java.util.concurrent.ExecutionException: jetbrains.exodus.ExodusException
	at java.base/java.util.concurrent.FutureTask.report(FutureTask.java:122)
	at java.base/java.util.concurrent.FutureTask.get(FutureTask.java:191)
	at jetbrains.exodus.newLogConcept.MVCC.MVCCDataStructure.commitTransaction(MVCCDataStructure.java:299)
	at site.ycsb.db.XodusClient.insert(XodusClient.java:60)
	at site.ycsb.DBWrapper.insert(DBWrapper.java:227)
	at site.ycsb.workloads.CoreWorkload.doInsert(CoreWorkload.java:621)
	at site.ycsb.ClientThread.run(ClientThread.java:135)
	at java.base/java.lang.Thread.run(Thread.java:829)
Caused by: jetbrains.exodus.ExodusException
	at jetbrains.exodus.newLogConcept.garbageCollector.OperationLogGarbageCollector.moveAndRemoveRecordsFromLog(OperationLogGarbageCollector.java:69)
	at jetbrains.exodus.newLogConcept.garbageCollector.OperationLogGarbageCollector.clean(OperationLogGarbageCollector.java:51)
	at jetbrains.exodus.newLogConcept.MVCC.MVCCDataStructure.lambda$commitTransaction$1(MVCCDataStructure.java:297)
	at java.base/java.util.concurrent.Executors$RunnableAdapter.call(Executors.java:515)
	at java.base/java.util.concurrent.FutureTask.run(FutureTask.java:264)
	at java.base/java.util.concurrent.ThreadPoolExecutor.runWorker(ThreadPoolExecutor.java:1128)
	at java.base/java.util.concurrent.ThreadPoolExecutor$Worker.run(ThreadPoolExecutor.java:628)
	... 1 more
java.util.concurrent.ExecutionException: jetbrains.exodus.ExodusException
	at java.base/java.util.concurrent.FutureTask.report(FutureTask.java:122)
	at java.base/java.util.concurrent.FutureTask.get(FutureTask.java:191)
	at jetbrains.exodus.newLogConcept.MVCC.MVCCDataStructure.commitTransaction(MVCCDataStructure.java:299)
	at site.ycsb.db.XodusClient.insert(XodusClient.java:60)
	at site.ycsb.DBWrapper.insert(DBWrapper.java:227)
	at site.ycsb.workloads.CoreWorkload.doInsert(CoreWorkload.java:621)
	at site.ycsb.ClientThread.run(ClientThread.java:135)
	at java.base/java.lang.Thread.run(Thread.java:829)
Caused by: jetbrains.exodus.ExodusException
	at jetbrains.exodus.newLogConcept.garbageCollector.OperationLogGarbageCollector.moveAndRemoveRecordsFromLog(OperationLogGarbageCollector.java:69)
	at jetbrains.exodus.newLogConcept.garbageCollector.OperationLogGarbageCollector.clean(OperationLogGarbageCollector.java:51)
	at jetbrains.exodus.newLogConcept.MVCC.MVCCDataStructure.lambda$commitTransaction$1(MVCCDataStructure.java:297)
	at java.base/java.util.concurrent.Executors$RunnableAdapter.call(Executors.java:515)
	at java.base/java.util.concurrent.FutureTask.run(FutureTask.java:264)
	at java.base/java.util.concurrent.ThreadPoolExecutor.runWorker(ThreadPoolExecutor.java:1128)
	at java.base/java.util.concurrent.ThreadPoolExecutor$Worker.run(ThreadPoolExecutor.java:628)
	... 1 more
java.util.concurrent.ExecutionException: jetbrains.exodus.ExodusException
	at java.base/java.util.concurrent.FutureTask.report(FutureTask.java:122)
	at java.base/java.util.concurrent.FutureTask.get(FutureTask.java:191)
	at jetbrains.exodus.newLogConcept.MVCC.MVCCDataStructure.commitTransaction(MVCCDataStructure.java:299)
	at site.ycsb.db.XodusClient.insert(XodusClient.java:60)
	at site.ycsb.DBWrapper.insert(DBWrapper.java:227)
	at site.ycsb.workloads.CoreWorkload.doInsert(CoreWorkload.java:621)
	at site.ycsb.ClientThread.run(ClientThread.java:135)
	at java.base/java.lang.Thread.run(Thread.java:829)
Caused by: jetbrains.exodus.ExodusException
	at jetbrains.exodus.newLogConcept.garbageCollector.OperationLogGarbageCollector.moveAndRemoveRecordsFromLog(OperationLogGarbageCollector.java:69)
	at jetbrains.exodus.newLogConcept.garbageCollector.OperationLogGarbageCollector.clean(OperationLogGarbageCollector.java:51)
	at jetbrains.exodus.newLogConcept.MVCC.MVCCDataStructure.lambda$commitTransaction$1(MVCCDataStructure.java:297)
	at java.base/java.util.concurrent.Executors$RunnableAdapter.call(Executors.java:515)
	at java.base/java.util.concurrent.FutureTask.run(FutureTask.java:264)
	at java.base/java.util.concurrent.ThreadPoolExecutor.runWorker(ThreadPoolExecutor.java:1128)
	at java.base/java.util.concurrent.ThreadPoolExecutor$Worker.run(ThreadPoolExecutor.java:628)
	... 1 more
java.util.concurrent.ExecutionException: jetbrains.exodus.ExodusException
	at java.base/java.util.concurrent.FutureTask.report(FutureTask.java:122)
	at java.base/java.util.concurrent.FutureTask.get(FutureTask.java:191)
	at jetbrains.exodus.newLogConcept.MVCC.MVCCDataStructure.commitTransaction(MVCCDataStructure.java:299)
	at site.ycsb.db.XodusClient.insert(XodusClient.java:60)
	at site.ycsb.DBWrapper.insert(DBWrapper.java:227)
	at site.ycsb.workloads.CoreWorkload.doInsert(CoreWorkload.java:621)
	at site.ycsb.ClientThread.run(ClientThread.java:135)
	at java.base/java.lang.Thread.run(Thread.java:829)
Caused by: jetbrains.exodus.ExodusException
	at jetbrains.exodus.newLogConcept.garbageCollector.OperationLogGarbageCollector.moveAndRemoveRecordsFromLog(OperationLogGarbageCollector.java:69)
	at jetbrains.exodus.newLogConcept.garbageCollector.OperationLogGarbageCollector.clean(OperationLogGarbageCollector.java:51)
	at jetbrains.exodus.newLogConcept.MVCC.MVCCDataStructure.lambda$commitTransaction$1(MVCCDataStructure.java:297)
	at java.base/java.util.concurrent.Executors$RunnableAdapter.call(Executors.java:515)
	at java.base/java.util.concurrent.FutureTask.run(FutureTask.java:264)
	at java.base/java.util.concurrent.ThreadPoolExecutor.runWorker(ThreadPoolExecutor.java:1128)
	at java.base/java.util.concurrent.ThreadPoolExecutor$Worker.run(ThreadPoolExecutor.java:628)
	... 1 more
java.util.concurrent.ExecutionException: jetbrains.exodus.ExodusException
	at java.base/java.util.concurrent.FutureTask.report(FutureTask.java:122)
	at java.base/java.util.concurrent.FutureTask.get(FutureTask.java:191)
	at jetbrains.exodus.newLogConcept.MVCC.MVCCDataStructure.commitTransaction(MVCCDataStructure.java:299)
	at site.ycsb.db.XodusClient.insert(XodusClient.java:60)
	at site.ycsb.DBWrapper.insert(DBWrapper.java:227)
	at site.ycsb.workloads.CoreWorkload.doInsert(CoreWorkload.java:621)
	at site.ycsb.ClientThread.run(ClientThread.java:135)
	at java.base/java.lang.Thread.run(Thread.java:829)
Caused by: jetbrains.exodus.ExodusException
	at jetbrains.exodus.newLogConcept.garbageCollector.OperationLogGarbageCollector.moveAndRemoveRecordsFromLog(OperationLogGarbageCollector.java:69)
	at jetbrains.exodus.newLogConcept.garbageCollector.OperationLogGarbageCollector.clean(OperationLogGarbageCollector.java:51)
	at jetbrains.exodus.newLogConcept.MVCC.MVCCDataStructure.lambda$commitTransaction$1(MVCCDataStructure.java:297)
	at java.base/java.util.concurrent.Executors$RunnableAdapter.call(Executors.java:515)
	at java.base/java.util.concurrent.FutureTask.run(FutureTask.java:264)
	at java.base/java.util.concurrent.ThreadPoolExecutor.runWorker(ThreadPoolExecutor.java:1128)
	at java.base/java.util.concurrent.ThreadPoolExecutor$Worker.run(ThreadPoolExecutor.java:628)
	... 1 more
java.util.concurrent.ExecutionException: jetbrains.exodus.ExodusException
	at java.base/java.util.concurrent.FutureTask.report(FutureTask.java:122)
	at java.base/java.util.concurrent.FutureTask.get(FutureTask.java:191)
	at jetbrains.exodus.newLogConcept.MVCC.MVCCDataStructure.commitTransaction(MVCCDataStructure.java:299)
	at site.ycsb.db.XodusClient.insert(XodusClient.java:60)
	at site.ycsb.DBWrapper.insert(DBWrapper.java:227)
	at site.ycsb.workloads.CoreWorkload.doInsert(CoreWorkload.java:621)
	at site.ycsb.ClientThread.run(ClientThread.java:135)
	at java.base/java.lang.Thread.run(Thread.java:829)
Caused by: jetbrains.exodus.ExodusException
	at jetbrains.exodus.newLogConcept.garbageCollector.OperationLogGarbageCollector.moveAndRemoveRecordsFromLog(OperationLogGarbageCollector.java:69)
	at jetbrains.exodus.newLogConcept.garbageCollector.OperationLogGarbageCollector.clean(OperationLogGarbageCollector.java:51)
	at jetbrains.exodus.newLogConcept.MVCC.MVCCDataStructure.lambda$commitTransaction$1(MVCCDataStructure.java:297)
	at java.base/java.util.concurrent.Executors$RunnableAdapter.call(Executors.java:515)
	at java.base/java.util.concurrent.FutureTask.run(FutureTask.java:264)
	at java.base/java.util.concurrent.ThreadPoolExecutor.runWorker(ThreadPoolExecutor.java:1128)
	at java.base/java.util.concurrent.ThreadPoolExecutor$Worker.run(ThreadPoolExecutor.java:628)
	... 1 more
java.util.concurrent.ExecutionException: jetbrains.exodus.ExodusException
	at java.base/java.util.concurrent.FutureTask.report(FutureTask.java:122)
	at java.base/java.util.concurrent.FutureTask.get(FutureTask.java:191)
	at jetbrains.exodus.newLogConcept.MVCC.MVCCDataStructure.commitTransaction(MVCCDataStructure.java:299)
	at site.ycsb.db.XodusClient.insert(XodusClient.java:60)
	at site.ycsb.DBWrapper.insert(DBWrapper.java:227)
	at site.ycsb.workloads.CoreWorkload.doInsert(CoreWorkload.java:621)
	at site.ycsb.ClientThread.run(ClientThread.java:135)
	at java.base/java.lang.Thread.run(Thread.java:829)
Caused by: jetbrains.exodus.ExodusException
	at jetbrains.exodus.newLogConcept.garbageCollector.OperationLogGarbageCollector.moveAndRemoveRecordsFromLog(OperationLogGarbageCollector.java:69)
	at jetbrains.exodus.newLogConcept.garbageCollector.OperationLogGarbageCollector.clean(OperationLogGarbageCollector.java:51)
	at jetbrains.exodus.newLogConcept.MVCC.MVCCDataStructure.lambda$commitTransaction$1(MVCCDataStructure.java:297)
	at java.base/java.util.concurrent.Executors$RunnableAdapter.call(Executors.java:515)
	at java.base/java.util.concurrent.FutureTask.run(FutureTask.java:264)
	at java.base/java.util.concurrent.ThreadPoolExecutor.runWorker(ThreadPoolExecutor.java:1128)
	at java.base/java.util.concurrent.ThreadPoolExecutor$Worker.run(ThreadPoolExecutor.java:628)
	... 1 more
java.util.concurrent.ExecutionException: jetbrains.exodus.ExodusException
	at java.base/java.util.concurrent.FutureTask.report(FutureTask.java:122)
	at java.base/java.util.concurrent.FutureTask.get(FutureTask.java:191)
	at jetbrains.exodus.newLogConcept.MVCC.MVCCDataStructure.commitTransaction(MVCCDataStructure.java:299)
	at site.ycsb.db.XodusClient.insert(XodusClient.java:60)
	at site.ycsb.DBWrapper.insert(DBWrapper.java:227)
	at site.ycsb.workloads.CoreWorkload.doInsert(CoreWorkload.java:621)
	at site.ycsb.ClientThread.run(ClientThread.java:135)
	at java.base/java.lang.Thread.run(Thread.java:829)
Caused by: jetbrains.exodus.ExodusException
	at jetbrains.exodus.newLogConcept.garbageCollector.OperationLogGarbageCollector.moveAndRemoveRecordsFromLog(OperationLogGarbageCollector.java:69)
	at jetbrains.exodus.newLogConcept.garbageCollector.OperationLogGarbageCollector.clean(OperationLogGarbageCollector.java:51)
	at jetbrains.exodus.newLogConcept.MVCC.MVCCDataStructure.lambda$commitTransaction$1(MVCCDataStructure.java:297)
	at java.base/java.util.concurrent.Executors$RunnableAdapter.call(Executors.java:515)
	at java.base/java.util.concurrent.FutureTask.run(FutureTask.java:264)
	at java.base/java.util.concurrent.ThreadPoolExecutor.runWorker(ThreadPoolExecutor.java:1128)
	at java.base/java.util.concurrent.ThreadPoolExecutor$Worker.run(ThreadPoolExecutor.java:628)
	... 1 more
java.util.concurrent.ExecutionException: jetbrains.exodus.ExodusException
	at java.base/java.util.concurrent.FutureTask.report(FutureTask.java:122)
	at java.base/java.util.concurrent.FutureTask.get(FutureTask.java:191)
	at jetbrains.exodus.newLogConcept.MVCC.MVCCDataStructure.commitTransaction(MVCCDataStructure.java:299)
	at site.ycsb.db.XodusClient.insert(XodusClient.java:60)
	at site.ycsb.DBWrapper.insert(DBWrapper.java:227)
	at site.ycsb.workloads.CoreWorkload.doInsert(CoreWorkload.java:621)
	at site.ycsb.ClientThread.run(ClientThread.java:135)
	at java.base/java.lang.Thread.run(Thread.java:829)
Caused by: jetbrains.exodus.ExodusException
	at jetbrains.exodus.newLogConcept.garbageCollector.OperationLogGarbageCollector.moveAndRemoveRecordsFromLog(OperationLogGarbageCollector.java:69)
	at jetbrains.exodus.newLogConcept.garbageCollector.OperationLogGarbageCollector.clean(OperationLogGarbageCollector.java:51)
	at jetbrains.exodus.newLogConcept.MVCC.MVCCDataStructure.lambda$commitTransaction$1(MVCCDataStructure.java:297)
	at java.base/java.util.concurrent.Executors$RunnableAdapter.call(Executors.java:515)
	at java.base/java.util.concurrent.FutureTask.run(FutureTask.java:264)
	at java.base/java.util.concurrent.ThreadPoolExecutor.runWorker(ThreadPoolExecutor.java:1128)
	at java.base/java.util.concurrent.ThreadPoolExecutor$Worker.run(ThreadPoolExecutor.java:628)
	... 1 more
java.util.concurrent.ExecutionException: jetbrains.exodus.ExodusException
	at java.base/java.util.concurrent.FutureTask.report(FutureTask.java:122)
	at java.base/java.util.concurrent.FutureTask.get(FutureTask.java:191)
	at jetbrains.exodus.newLogConcept.MVCC.MVCCDataStructure.commitTransaction(MVCCDataStructure.java:299)
	at site.ycsb.db.XodusClient.insert(XodusClient.java:60)
	at site.ycsb.DBWrapper.insert(DBWrapper.java:227)
	at site.ycsb.workloads.CoreWorkload.doInsert(CoreWorkload.java:621)
	at site.ycsb.ClientThread.run(ClientThread.java:135)
	at java.base/java.lang.Thread.run(Thread.java:829)
Caused by: jetbrains.exodus.ExodusException
	at jetbrains.exodus.newLogConcept.garbageCollector.OperationLogGarbageCollector.moveAndRemoveRecordsFromLog(OperationLogGarbageCollector.java:69)
	at jetbrains.exodus.newLogConcept.garbageCollector.OperationLogGarbageCollector.clean(OperationLogGarbageCollector.java:51)
	at jetbrains.exodus.newLogConcept.MVCC.MVCCDataStructure.lambda$commitTransaction$1(MVCCDataStructure.java:297)
	at java.base/java.util.concurrent.Executors$RunnableAdapter.call(Executors.java:515)
	at java.base/java.util.concurrent.FutureTask.run(FutureTask.java:264)
	at java.base/java.util.concurrent.ThreadPoolExecutor.runWorker(ThreadPoolExecutor.java:1128)
	at java.base/java.util.concurrent.ThreadPoolExecutor$Worker.run(ThreadPoolExecutor.java:628)
	... 1 more
java.util.concurrent.ExecutionException: jetbrains.exodus.ExodusException
	at java.base/java.util.concurrent.FutureTask.report(FutureTask.java:122)
	at java.base/java.util.concurrent.FutureTask.get(FutureTask.java:191)
	at jetbrains.exodus.newLogConcept.MVCC.MVCCDataStructure.commitTransaction(MVCCDataStructure.java:299)
	at site.ycsb.db.XodusClient.insert(XodusClient.java:60)
	at site.ycsb.DBWrapper.insert(DBWrapper.java:227)
	at site.ycsb.workloads.CoreWorkload.doInsert(CoreWorkload.java:621)
	at site.ycsb.ClientThread.run(ClientThread.java:135)
	at java.base/java.lang.Thread.run(Thread.java:829)
Caused by: jetbrains.exodus.ExodusException
	at jetbrains.exodus.newLogConcept.garbageCollector.OperationLogGarbageCollector.moveAndRemoveRecordsFromLog(OperationLogGarbageCollector.java:69)
	at jetbrains.exodus.newLogConcept.garbageCollector.OperationLogGarbageCollector.clean(OperationLogGarbageCollector.java:51)
	at jetbrains.exodus.newLogConcept.MVCC.MVCCDataStructure.lambda$commitTransaction$1(MVCCDataStructure.java:297)
	at java.base/java.util.concurrent.Executors$RunnableAdapter.call(Executors.java:515)
	at java.base/java.util.concurrent.FutureTask.run(FutureTask.java:264)
	at java.base/java.util.concurrent.ThreadPoolExecutor.runWorker(ThreadPoolExecutor.java:1128)
	at java.base/java.util.concurrent.ThreadPoolExecutor$Worker.run(ThreadPoolExecutor.java:628)
	... 1 more
java.util.concurrent.ExecutionException: jetbrains.exodus.ExodusException
	at java.base/java.util.concurrent.FutureTask.report(FutureTask.java:122)
	at java.base/java.util.concurrent.FutureTask.get(FutureTask.java:191)
	at jetbrains.exodus.newLogConcept.MVCC.MVCCDataStructure.commitTransaction(MVCCDataStructure.java:299)
	at site.ycsb.db.XodusClient.insert(XodusClient.java:60)
	at site.ycsb.DBWrapper.insert(DBWrapper.java:227)
	at site.ycsb.workloads.CoreWorkload.doInsert(CoreWorkload.java:621)
	at site.ycsb.ClientThread.run(ClientThread.java:135)
	at java.base/java.lang.Thread.run(Thread.java:829)
Caused by: jetbrains.exodus.ExodusException
	at jetbrains.exodus.newLogConcept.garbageCollector.OperationLogGarbageCollector.moveAndRemoveRecordsFromLog(OperationLogGarbageCollector.java:69)
	at jetbrains.exodus.newLogConcept.garbageCollector.OperationLogGarbageCollector.clean(OperationLogGarbageCollector.java:51)
	at jetbrains.exodus.newLogConcept.MVCC.MVCCDataStructure.lambda$commitTransaction$1(MVCCDataStructure.java:297)
	at java.base/java.util.concurrent.Executors$RunnableAdapter.call(Executors.java:515)
	at java.base/java.util.concurrent.FutureTask.run(FutureTask.java:264)
	at java.base/java.util.concurrent.ThreadPoolExecutor.runWorker(ThreadPoolExecutor.java:1128)
	at java.base/java.util.concurrent.ThreadPoolExecutor$Worker.run(ThreadPoolExecutor.java:628)
	... 1 more
java.util.concurrent.ExecutionException: jetbrains.exodus.ExodusException
	at java.base/java.util.concurrent.FutureTask.report(FutureTask.java:122)
	at java.base/java.util.concurrent.FutureTask.get(FutureTask.java:191)
	at jetbrains.exodus.newLogConcept.MVCC.MVCCDataStructure.commitTransaction(MVCCDataStructure.java:299)
	at site.ycsb.db.XodusClient.insert(XodusClient.java:60)
	at site.ycsb.DBWrapper.insert(DBWrapper.java:227)
	at site.ycsb.workloads.CoreWorkload.doInsert(CoreWorkload.java:621)
	at site.ycsb.ClientThread.run(ClientThread.java:135)
	at java.base/java.lang.Thread.run(Thread.java:829)
Caused by: jetbrains.exodus.ExodusException
	at jetbrains.exodus.newLogConcept.garbageCollector.OperationLogGarbageCollector.moveAndRemoveRecordsFromLog(OperationLogGarbageCollector.java:69)
	at jetbrains.exodus.newLogConcept.garbageCollector.OperationLogGarbageCollector.clean(OperationLogGarbageCollector.java:51)
	at jetbrains.exodus.newLogConcept.MVCC.MVCCDataStructure.lambda$commitTransaction$1(MVCCDataStructure.java:297)
	at java.base/java.util.concurrent.Executors$RunnableAdapter.call(Executors.java:515)
	at java.base/java.util.concurrent.FutureTask.run(FutureTask.java:264)
	at java.base/java.util.concurrent.ThreadPoolExecutor.runWorker(ThreadPoolExecutor.java:1128)
	at java.base/java.util.concurrent.ThreadPoolExecutor$Worker.run(ThreadPoolExecutor.java:628)
	... 1 more
java.util.concurrent.ExecutionException: jetbrains.exodus.ExodusException
	at java.base/java.util.concurrent.FutureTask.report(FutureTask.java:122)
	at java.base/java.util.concurrent.FutureTask.get(FutureTask.java:191)
	at jetbrains.exodus.newLogConcept.MVCC.MVCCDataStructure.commitTransaction(MVCCDataStructure.java:299)
	at site.ycsb.db.XodusClient.insert(XodusClient.java:60)
	at site.ycsb.DBWrapper.insert(DBWrapper.java:227)
	at site.ycsb.workloads.CoreWorkload.doInsert(CoreWorkload.java:621)
	at site.ycsb.ClientThread.run(ClientThread.java:135)
	at java.base/java.lang.Thread.run(Thread.java:829)
Caused by: jetbrains.exodus.ExodusException
	at jetbrains.exodus.newLogConcept.garbageCollector.OperationLogGarbageCollector.moveAndRemoveRecordsFromLog(OperationLogGarbageCollector.java:69)
	at jetbrains.exodus.newLogConcept.garbageCollector.OperationLogGarbageCollector.clean(OperationLogGarbageCollector.java:51)
	at jetbrains.exodus.newLogConcept.MVCC.MVCCDataStructure.lambda$commitTransaction$1(MVCCDataStructure.java:297)
	at java.base/java.util.concurrent.Executors$RunnableAdapter.call(Executors.java:515)
	at java.base/java.util.concurrent.FutureTask.run(FutureTask.java:264)
	at java.base/java.util.concurrent.ThreadPoolExecutor.runWorker(ThreadPoolExecutor.java:1128)
	at java.base/java.util.concurrent.ThreadPoolExecutor$Worker.run(ThreadPoolExecutor.java:628)
	... 1 more
java.util.concurrent.ExecutionException: jetbrains.exodus.ExodusException
	at java.base/java.util.concurrent.FutureTask.report(FutureTask.java:122)
	at java.base/java.util.concurrent.FutureTask.get(FutureTask.java:191)
	at jetbrains.exodus.newLogConcept.MVCC.MVCCDataStructure.commitTransaction(MVCCDataStructure.java:299)
	at site.ycsb.db.XodusClient.insert(XodusClient.java:60)
	at site.ycsb.DBWrapper.insert(DBWrapper.java:227)
	at site.ycsb.workloads.CoreWorkload.doInsert(CoreWorkload.java:621)
	at site.ycsb.ClientThread.run(ClientThread.java:135)
	at java.base/java.lang.Thread.run(Thread.java:829)
Caused by: jetbrains.exodus.ExodusException
	at jetbrains.exodus.newLogConcept.garbageCollector.OperationLogGarbageCollector.moveAndRemoveRecordsFromLog(OperationLogGarbageCollector.java:69)
	at jetbrains.exodus.newLogConcept.garbageCollector.OperationLogGarbageCollector.clean(OperationLogGarbageCollector.java:51)
	at jetbrains.exodus.newLogConcept.MVCC.MVCCDataStructure.lambda$commitTransaction$1(MVCCDataStructure.java:297)
	at java.base/java.util.concurrent.Executors$RunnableAdapter.call(Executors.java:515)
	at java.base/java.util.concurrent.FutureTask.run(FutureTask.java:264)
	at java.base/java.util.concurrent.ThreadPoolExecutor.runWorker(ThreadPoolExecutor.java:1128)
	at java.base/java.util.concurrent.ThreadPoolExecutor$Worker.run(ThreadPoolExecutor.java:628)
	... 1 more
java.util.concurrent.ExecutionException: jetbrains.exodus.ExodusException
	at java.base/java.util.concurrent.FutureTask.report(FutureTask.java:122)
	at java.base/java.util.concurrent.FutureTask.get(FutureTask.java:191)
	at jetbrains.exodus.newLogConcept.MVCC.MVCCDataStructure.commitTransaction(MVCCDataStructure.java:299)
	at site.ycsb.db.XodusClient.insert(XodusClient.java:60)
	at site.ycsb.DBWrapper.insert(DBWrapper.java:227)
	at site.ycsb.workloads.CoreWorkload.doInsert(CoreWorkload.java:621)
	at site.ycsb.ClientThread.run(ClientThread.java:135)
	at java.base/java.lang.Thread.run(Thread.java:829)
Caused by: jetbrains.exodus.ExodusException
	at jetbrains.exodus.newLogConcept.garbageCollector.OperationLogGarbageCollector.moveAndRemoveRecordsFromLog(OperationLogGarbageCollector.java:69)
	at jetbrains.exodus.newLogConcept.garbageCollector.OperationLogGarbageCollector.clean(OperationLogGarbageCollector.java:51)
	at jetbrains.exodus.newLogConcept.MVCC.MVCCDataStructure.lambda$commitTransaction$1(MVCCDataStructure.java:297)
	at java.base/java.util.concurrent.Executors$RunnableAdapter.call(Executors.java:515)
	at java.base/java.util.concurrent.FutureTask.run(FutureTask.java:264)
	at java.base/java.util.concurrent.ThreadPoolExecutor.runWorker(ThreadPoolExecutor.java:1128)
	at java.base/java.util.concurrent.ThreadPoolExecutor$Worker.run(ThreadPoolExecutor.java:628)
	... 1 more
java.util.concurrent.ExecutionException: jetbrains.exodus.ExodusException
	at java.base/java.util.concurrent.FutureTask.report(FutureTask.java:122)
	at java.base/java.util.concurrent.FutureTask.get(FutureTask.java:191)
	at jetbrains.exodus.newLogConcept.MVCC.MVCCDataStructure.commitTransaction(MVCCDataStructure.java:299)
	at site.ycsb.db.XodusClient.insert(XodusClient.java:60)
	at site.ycsb.DBWrapper.insert(DBWrapper.java:227)
	at site.ycsb.workloads.CoreWorkload.doInsert(CoreWorkload.java:621)
	at site.ycsb.ClientThread.run(ClientThread.java:135)
	at java.base/java.lang.Thread.run(Thread.java:829)
Caused by: jetbrains.exodus.ExodusException
	at jetbrains.exodus.newLogConcept.garbageCollector.OperationLogGarbageCollector.moveAndRemoveRecordsFromLog(OperationLogGarbageCollector.java:69)
	at jetbrains.exodus.newLogConcept.garbageCollector.OperationLogGarbageCollector.clean(OperationLogGarbageCollector.java:51)
	at jetbrains.exodus.newLogConcept.MVCC.MVCCDataStructure.lambda$commitTransaction$1(MVCCDataStructure.java:297)
	at java.base/java.util.concurrent.Executors$RunnableAdapter.call(Executors.java:515)
	at java.base/java.util.concurrent.FutureTask.run(FutureTask.java:264)
	at java.base/java.util.concurrent.ThreadPoolExecutor.runWorker(ThreadPoolExecutor.java:1128)
	at java.base/java.util.concurrent.ThreadPoolExecutor$Worker.run(ThreadPoolExecutor.java:628)
	... 1 more
java.util.concurrent.ExecutionException: jetbrains.exodus.ExodusException
	at java.base/java.util.concurrent.FutureTask.report(FutureTask.java:122)
	at java.base/java.util.concurrent.FutureTask.get(FutureTask.java:191)
	at jetbrains.exodus.newLogConcept.MVCC.MVCCDataStructure.commitTransaction(MVCCDataStructure.java:299)
	at site.ycsb.db.XodusClient.insert(XodusClient.java:60)
	at site.ycsb.DBWrapper.insert(DBWrapper.java:227)
	at site.ycsb.workloads.CoreWorkload.doInsert(CoreWorkload.java:621)
	at site.ycsb.ClientThread.run(ClientThread.java:135)
	at java.base/java.lang.Thread.run(Thread.java:829)
Caused by: jetbrains.exodus.ExodusException
	at jetbrains.exodus.newLogConcept.garbageCollector.OperationLogGarbageCollector.moveAndRemoveRecordsFromLog(OperationLogGarbageCollector.java:69)
	at jetbrains.exodus.newLogConcept.garbageCollector.OperationLogGarbageCollector.clean(OperationLogGarbageCollector.java:51)
	at jetbrains.exodus.newLogConcept.MVCC.MVCCDataStructure.lambda$commitTransaction$1(MVCCDataStructure.java:297)
	at java.base/java.util.concurrent.Executors$RunnableAdapter.call(Executors.java:515)
	at java.base/java.util.concurrent.FutureTask.run(FutureTask.java:264)
	at java.base/java.util.concurrent.ThreadPoolExecutor.runWorker(ThreadPoolExecutor.java:1128)
	at java.base/java.util.concurrent.ThreadPoolExecutor$Worker.run(ThreadPoolExecutor.java:628)
	... 1 more
java.util.concurrent.ExecutionException: jetbrains.exodus.ExodusException
	at java.base/java.util.concurrent.FutureTask.report(FutureTask.java:122)
	at java.base/java.util.concurrent.FutureTask.get(FutureTask.java:191)
	at jetbrains.exodus.newLogConcept.MVCC.MVCCDataStructure.commitTransaction(MVCCDataStructure.java:299)
	at site.ycsb.db.XodusClient.insert(XodusClient.java:60)
	at site.ycsb.DBWrapper.insert(DBWrapper.java:227)
	at site.ycsb.workloads.CoreWorkload.doInsert(CoreWorkload.java:621)
	at site.ycsb.ClientThread.run(ClientThread.java:135)
	at java.base/java.lang.Thread.run(Thread.java:829)
Caused by: jetbrains.exodus.ExodusException
	at jetbrains.exodus.newLogConcept.garbageCollector.OperationLogGarbageCollector.moveAndRemoveRecordsFromLog(OperationLogGarbageCollector.java:69)
	at jetbrains.exodus.newLogConcept.garbageCollector.OperationLogGarbageCollector.clean(OperationLogGarbageCollector.java:51)
	at jetbrains.exodus.newLogConcept.MVCC.MVCCDataStructure.lambda$commitTransaction$1(MVCCDataStructure.java:297)
	at java.base/java.util.concurrent.Executors$RunnableAdapter.call(Executors.java:515)
	at java.base/java.util.concurrent.FutureTask.run(FutureTask.java:264)
	at java.base/java.util.concurrent.ThreadPoolExecutor.runWorker(ThreadPoolExecutor.java:1128)
	at java.base/java.util.concurrent.ThreadPoolExecutor$Worker.run(ThreadPoolExecutor.java:628)
	... 1 more
java.util.concurrent.ExecutionException: jetbrains.exodus.ExodusException
	at java.base/java.util.concurrent.FutureTask.report(FutureTask.java:122)
	at java.base/java.util.concurrent.FutureTask.get(FutureTask.java:191)
	at jetbrains.exodus.newLogConcept.MVCC.MVCCDataStructure.commitTransaction(MVCCDataStructure.java:299)
	at site.ycsb.db.XodusClient.insert(XodusClient.java:60)
	at site.ycsb.DBWrapper.insert(DBWrapper.java:227)
	at site.ycsb.workloads.CoreWorkload.doInsert(CoreWorkload.java:621)
	at site.ycsb.ClientThread.run(ClientThread.java:135)
	at java.base/java.lang.Thread.run(Thread.java:829)
Caused by: jetbrains.exodus.ExodusException
	at jetbrains.exodus.newLogConcept.garbageCollector.OperationLogGarbageCollector.moveAndRemoveRecordsFromLog(OperationLogGarbageCollector.java:69)
	at jetbrains.exodus.newLogConcept.garbageCollector.OperationLogGarbageCollector.clean(OperationLogGarbageCollector.java:51)
	at jetbrains.exodus.newLogConcept.MVCC.MVCCDataStructure.lambda$commitTransaction$1(MVCCDataStructure.java:297)
	at java.base/java.util.concurrent.Executors$RunnableAdapter.call(Executors.java:515)
	at java.base/java.util.concurrent.FutureTask.run(FutureTask.java:264)
	at java.base/java.util.concurrent.ThreadPoolExecutor.runWorker(ThreadPoolExecutor.java:1128)
	at java.base/java.util.concurrent.ThreadPoolExecutor$Worker.run(ThreadPoolExecutor.java:628)
	... 1 more
java.util.concurrent.ExecutionException: jetbrains.exodus.ExodusException
	at java.base/java.util.concurrent.FutureTask.report(FutureTask.java:122)
	at java.base/java.util.concurrent.FutureTask.get(FutureTask.java:191)
	at jetbrains.exodus.newLogConcept.MVCC.MVCCDataStructure.commitTransaction(MVCCDataStructure.java:299)
	at site.ycsb.db.XodusClient.insert(XodusClient.java:60)
	at site.ycsb.DBWrapper.insert(DBWrapper.java:227)
	at site.ycsb.workloads.CoreWorkload.doInsert(CoreWorkload.java:621)
	at site.ycsb.ClientThread.run(ClientThread.java:135)
	at java.base/java.lang.Thread.run(Thread.java:829)
Caused by: jetbrains.exodus.ExodusException
	at jetbrains.exodus.newLogConcept.garbageCollector.OperationLogGarbageCollector.moveAndRemoveRecordsFromLog(OperationLogGarbageCollector.java:69)
	at jetbrains.exodus.newLogConcept.garbageCollector.OperationLogGarbageCollector.clean(OperationLogGarbageCollector.java:51)
	at jetbrains.exodus.newLogConcept.MVCC.MVCCDataStructure.lambda$commitTransaction$1(MVCCDataStructure.java:297)
	at java.base/java.util.concurrent.Executors$RunnableAdapter.call(Executors.java:515)
	at java.base/java.util.concurrent.FutureTask.run(FutureTask.java:264)
	at java.base/java.util.concurrent.ThreadPoolExecutor.runWorker(ThreadPoolExecutor.java:1128)
	at java.base/java.util.concurrent.ThreadPoolExecutor$Worker.run(ThreadPoolExecutor.java:628)
	... 1 more
java.util.concurrent.ExecutionException: jetbrains.exodus.ExodusException
	at java.base/java.util.concurrent.FutureTask.report(FutureTask.java:122)
	at java.base/java.util.concurrent.FutureTask.get(FutureTask.java:191)
	at jetbrains.exodus.newLogConcept.MVCC.MVCCDataStructure.commitTransaction(MVCCDataStructure.java:299)
	at site.ycsb.db.XodusClient.insert(XodusClient.java:60)
	at site.ycsb.DBWrapper.insert(DBWrapper.java:227)
	at site.ycsb.workloads.CoreWorkload.doInsert(CoreWorkload.java:621)
	at site.ycsb.ClientThread.run(ClientThread.java:135)
	at java.base/java.lang.Thread.run(Thread.java:829)
Caused by: jetbrains.exodus.ExodusException
	at jetbrains.exodus.newLogConcept.garbageCollector.OperationLogGarbageCollector.moveAndRemoveRecordsFromLog(OperationLogGarbageCollector.java:69)
	at jetbrains.exodus.newLogConcept.garbageCollector.OperationLogGarbageCollector.clean(OperationLogGarbageCollector.java:51)
	at jetbrains.exodus.newLogConcept.MVCC.MVCCDataStructure.lambda$commitTransaction$1(MVCCDataStructure.java:297)
	at java.base/java.util.concurrent.Executors$RunnableAdapter.call(Executors.java:515)
	at java.base/java.util.concurrent.FutureTask.run(FutureTask.java:264)
	at java.base/java.util.concurrent.ThreadPoolExecutor.runWorker(ThreadPoolExecutor.java:1128)
	at java.base/java.util.concurrent.ThreadPoolExecutor$Worker.run(ThreadPoolExecutor.java:628)
	... 1 more
java.util.concurrent.ExecutionException: jetbrains.exodus.ExodusException
	at java.base/java.util.concurrent.FutureTask.report(FutureTask.java:122)
	at java.base/java.util.concurrent.FutureTask.get(FutureTask.java:191)
	at jetbrains.exodus.newLogConcept.MVCC.MVCCDataStructure.commitTransaction(MVCCDataStructure.java:299)
	at site.ycsb.db.XodusClient.insert(XodusClient.java:60)
	at site.ycsb.DBWrapper.insert(DBWrapper.java:227)
	at site.ycsb.workloads.CoreWorkload.doInsert(CoreWorkload.java:621)
	at site.ycsb.ClientThread.run(ClientThread.java:135)
	at java.base/java.lang.Thread.run(Thread.java:829)
Caused by: jetbrains.exodus.ExodusException
	at jetbrains.exodus.newLogConcept.garbageCollector.OperationLogGarbageCollector.moveAndRemoveRecordsFromLog(OperationLogGarbageCollector.java:69)
	at jetbrains.exodus.newLogConcept.garbageCollector.OperationLogGarbageCollector.clean(OperationLogGarbageCollector.java:51)
	at jetbrains.exodus.newLogConcept.MVCC.MVCCDataStructure.lambda$commitTransaction$1(MVCCDataStructure.java:297)
	at java.base/java.util.concurrent.Executors$RunnableAdapter.call(Executors.java:515)
	at java.base/java.util.concurrent.FutureTask.run(FutureTask.java:264)
	at java.base/java.util.concurrent.ThreadPoolExecutor.runWorker(ThreadPoolExecutor.java:1128)
	at java.base/java.util.concurrent.ThreadPoolExecutor$Worker.run(ThreadPoolExecutor.java:628)
	... 1 more
java.util.concurrent.ExecutionException: jetbrains.exodus.ExodusException
	at java.base/java.util.concurrent.FutureTask.report(FutureTask.java:122)
	at java.base/java.util.concurrent.FutureTask.get(FutureTask.java:191)
	at jetbrains.exodus.newLogConcept.MVCC.MVCCDataStructure.commitTransaction(MVCCDataStructure.java:299)
	at site.ycsb.db.XodusClient.insert(XodusClient.java:60)
	at site.ycsb.DBWrapper.insert(DBWrapper.java:227)
	at site.ycsb.workloads.CoreWorkload.doInsert(CoreWorkload.java:621)
	at site.ycsb.ClientThread.run(ClientThread.java:135)
	at java.base/java.lang.Thread.run(Thread.java:829)
Caused by: jetbrains.exodus.ExodusException
	at jetbrains.exodus.newLogConcept.garbageCollector.OperationLogGarbageCollector.moveAndRemoveRecordsFromLog(OperationLogGarbageCollector.java:69)
	at jetbrains.exodus.newLogConcept.garbageCollector.OperationLogGarbageCollector.clean(OperationLogGarbageCollector.java:51)
	at jetbrains.exodus.newLogConcept.MVCC.MVCCDataStructure.lambda$commitTransaction$1(MVCCDataStructure.java:297)
	at java.base/java.util.concurrent.Executors$RunnableAdapter.call(Executors.java:515)
	at java.base/java.util.concurrent.FutureTask.run(FutureTask.java:264)
	at java.base/java.util.concurrent.ThreadPoolExecutor.runWorker(ThreadPoolExecutor.java:1128)
	at java.base/java.util.concurrent.ThreadPoolExecutor$Worker.run(ThreadPoolExecutor.java:628)
	... 1 more
java.util.concurrent.ExecutionException: jetbrains.exodus.ExodusException
	at java.base/java.util.concurrent.FutureTask.report(FutureTask.java:122)
	at java.base/java.util.concurrent.FutureTask.get(FutureTask.java:191)
	at jetbrains.exodus.newLogConcept.MVCC.MVCCDataStructure.commitTransaction(MVCCDataStructure.java:299)
	at site.ycsb.db.XodusClient.insert(XodusClient.java:60)
	at site.ycsb.DBWrapper.insert(DBWrapper.java:227)
	at site.ycsb.workloads.CoreWorkload.doInsert(CoreWorkload.java:621)
	at site.ycsb.ClientThread.run(ClientThread.java:135)
	at java.base/java.lang.Thread.run(Thread.java:829)
Caused by: jetbrains.exodus.ExodusException
	at jetbrains.exodus.newLogConcept.garbageCollector.OperationLogGarbageCollector.moveAndRemoveRecordsFromLog(OperationLogGarbageCollector.java:69)
	at jetbrains.exodus.newLogConcept.garbageCollector.OperationLogGarbageCollector.clean(OperationLogGarbageCollector.java:51)
	at jetbrains.exodus.newLogConcept.MVCC.MVCCDataStructure.lambda$commitTransaction$1(MVCCDataStructure.java:297)
	at java.base/java.util.concurrent.Executors$RunnableAdapter.call(Executors.java:515)
	at java.base/java.util.concurrent.FutureTask.run(FutureTask.java:264)
	at java.base/java.util.concurrent.ThreadPoolExecutor.runWorker(ThreadPoolExecutor.java:1128)
	at java.base/java.util.concurrent.ThreadPoolExecutor$Worker.run(ThreadPoolExecutor.java:628)
	... 1 more
java.util.concurrent.ExecutionException: jetbrains.exodus.ExodusException
	at java.base/java.util.concurrent.FutureTask.report(FutureTask.java:122)
	at java.base/java.util.concurrent.FutureTask.get(FutureTask.java:191)
	at jetbrains.exodus.newLogConcept.MVCC.MVCCDataStructure.commitTransaction(MVCCDataStructure.java:299)
	at site.ycsb.db.XodusClient.insert(XodusClient.java:60)
	at site.ycsb.DBWrapper.insert(DBWrapper.java:227)
	at site.ycsb.workloads.CoreWorkload.doInsert(CoreWorkload.java:621)
	at site.ycsb.ClientThread.run(ClientThread.java:135)
	at java.base/java.lang.Thread.run(Thread.java:829)
Caused by: jetbrains.exodus.ExodusException
	at jetbrains.exodus.newLogConcept.garbageCollector.OperationLogGarbageCollector.moveAndRemoveRecordsFromLog(OperationLogGarbageCollector.java:69)
	at jetbrains.exodus.newLogConcept.garbageCollector.OperationLogGarbageCollector.clean(OperationLogGarbageCollector.java:51)
	at jetbrains.exodus.newLogConcept.MVCC.MVCCDataStructure.lambda$commitTransaction$1(MVCCDataStructure.java:297)
	at java.base/java.util.concurrent.Executors$RunnableAdapter.call(Executors.java:515)
	at java.base/java.util.concurrent.FutureTask.run(FutureTask.java:264)
	at java.base/java.util.concurrent.ThreadPoolExecutor.runWorker(ThreadPoolExecutor.java:1128)
	at java.base/java.util.concurrent.ThreadPoolExecutor$Worker.run(ThreadPoolExecutor.java:628)
	... 1 more
java.util.concurrent.ExecutionException: jetbrains.exodus.ExodusException
	at java.base/java.util.concurrent.FutureTask.report(FutureTask.java:122)
	at java.base/java.util.concurrent.FutureTask.get(FutureTask.java:191)
	at jetbrains.exodus.newLogConcept.MVCC.MVCCDataStructure.commitTransaction(MVCCDataStructure.java:299)
	at site.ycsb.db.XodusClient.insert(XodusClient.java:60)
	at site.ycsb.DBWrapper.insert(DBWrapper.java:227)
	at site.ycsb.workloads.CoreWorkload.doInsert(CoreWorkload.java:621)
	at site.ycsb.ClientThread.run(ClientThread.java:135)
	at java.base/java.lang.Thread.run(Thread.java:829)
Caused by: jetbrains.exodus.ExodusException
	at jetbrains.exodus.newLogConcept.garbageCollector.OperationLogGarbageCollector.moveAndRemoveRecordsFromLog(OperationLogGarbageCollector.java:69)
	at jetbrains.exodus.newLogConcept.garbageCollector.OperationLogGarbageCollector.clean(OperationLogGarbageCollector.java:51)
	at jetbrains.exodus.newLogConcept.MVCC.MVCCDataStructure.lambda$commitTransaction$1(MVCCDataStructure.java:297)
	at java.base/java.util.concurrent.Executors$RunnableAdapter.call(Executors.java:515)
	at java.base/java.util.concurrent.FutureTask.run(FutureTask.java:264)
	at java.base/java.util.concurrent.ThreadPoolExecutor.runWorker(ThreadPoolExecutor.java:1128)
	at java.base/java.util.concurrent.ThreadPoolExecutor$Worker.run(ThreadPoolExecutor.java:628)
	... 1 more
java.util.concurrent.ExecutionException: jetbrains.exodus.ExodusException
	at java.base/java.util.concurrent.FutureTask.report(FutureTask.java:122)
	at java.base/java.util.concurrent.FutureTask.get(FutureTask.java:191)
	at jetbrains.exodus.newLogConcept.MVCC.MVCCDataStructure.commitTransaction(MVCCDataStructure.java:299)
	at site.ycsb.db.XodusClient.insert(XodusClient.java:60)
	at site.ycsb.DBWrapper.insert(DBWrapper.java:227)
	at site.ycsb.workloads.CoreWorkload.doInsert(CoreWorkload.java:621)
	at site.ycsb.ClientThread.run(ClientThread.java:135)
	at java.base/java.lang.Thread.run(Thread.java:829)
Caused by: jetbrains.exodus.ExodusException
	at jetbrains.exodus.newLogConcept.garbageCollector.OperationLogGarbageCollector.moveAndRemoveRecordsFromLog(OperationLogGarbageCollector.java:69)
	at jetbrains.exodus.newLogConcept.garbageCollector.OperationLogGarbageCollector.clean(OperationLogGarbageCollector.java:51)
	at jetbrains.exodus.newLogConcept.MVCC.MVCCDataStructure.lambda$commitTransaction$1(MVCCDataStructure.java:297)
	at java.base/java.util.concurrent.Executors$RunnableAdapter.call(Executors.java:515)
	at java.base/java.util.concurrent.FutureTask.run(FutureTask.java:264)
	at java.base/java.util.concurrent.ThreadPoolExecutor.runWorker(ThreadPoolExecutor.java:1128)
	at java.base/java.util.concurrent.ThreadPoolExecutor$Worker.run(ThreadPoolExecutor.java:628)
	... 1 more
java.util.concurrent.ExecutionException: jetbrains.exodus.ExodusException
	at java.base/java.util.concurrent.FutureTask.report(FutureTask.java:122)
	at java.base/java.util.concurrent.FutureTask.get(FutureTask.java:191)
	at jetbrains.exodus.newLogConcept.MVCC.MVCCDataStructure.commitTransaction(MVCCDataStructure.java:299)
	at site.ycsb.db.XodusClient.insert(XodusClient.java:60)
	at site.ycsb.DBWrapper.insert(DBWrapper.java:227)
	at site.ycsb.workloads.CoreWorkload.doInsert(CoreWorkload.java:621)
	at site.ycsb.ClientThread.run(ClientThread.java:135)
	at java.base/java.lang.Thread.run(Thread.java:829)
Caused by: jetbrains.exodus.ExodusException
	at jetbrains.exodus.newLogConcept.garbageCollector.OperationLogGarbageCollector.moveAndRemoveRecordsFromLog(OperationLogGarbageCollector.java:69)
	at jetbrains.exodus.newLogConcept.garbageCollector.OperationLogGarbageCollector.clean(OperationLogGarbageCollector.java:51)
	at jetbrains.exodus.newLogConcept.MVCC.MVCCDataStructure.lambda$commitTransaction$1(MVCCDataStructure.java:297)
	at java.base/java.util.concurrent.Executors$RunnableAdapter.call(Executors.java:515)
	at java.base/java.util.concurrent.FutureTask.run(FutureTask.java:264)
	at java.base/java.util.concurrent.ThreadPoolExecutor.runWorker(ThreadPoolExecutor.java:1128)
	at java.base/java.util.concurrent.ThreadPoolExecutor$Worker.run(ThreadPoolExecutor.java:628)
	... 1 more
java.util.concurrent.ExecutionException: jetbrains.exodus.ExodusException
	at java.base/java.util.concurrent.FutureTask.report(FutureTask.java:122)
	at java.base/java.util.concurrent.FutureTask.get(FutureTask.java:191)
	at jetbrains.exodus.newLogConcept.MVCC.MVCCDataStructure.commitTransaction(MVCCDataStructure.java:299)
	at site.ycsb.db.XodusClient.insert(XodusClient.java:60)
	at site.ycsb.DBWrapper.insert(DBWrapper.java:227)
	at site.ycsb.workloads.CoreWorkload.doInsert(CoreWorkload.java:621)
	at site.ycsb.ClientThread.run(ClientThread.java:135)
	at java.base/java.lang.Thread.run(Thread.java:829)
Caused by: jetbrains.exodus.ExodusException
	at jetbrains.exodus.newLogConcept.garbageCollector.OperationLogGarbageCollector.moveAndRemoveRecordsFromLog(OperationLogGarbageCollector.java:69)
	at jetbrains.exodus.newLogConcept.garbageCollector.OperationLogGarbageCollector.clean(OperationLogGarbageCollector.java:51)
	at jetbrains.exodus.newLogConcept.MVCC.MVCCDataStructure.lambda$commitTransaction$1(MVCCDataStructure.java:297)
	at java.base/java.util.concurrent.Executors$RunnableAdapter.call(Executors.java:515)
	at java.base/java.util.concurrent.FutureTask.run(FutureTask.java:264)
	at java.base/java.util.concurrent.ThreadPoolExecutor.runWorker(ThreadPoolExecutor.java:1128)
	at java.base/java.util.concurrent.ThreadPoolExecutor$Worker.run(ThreadPoolExecutor.java:628)
	... 1 more
java.util.concurrent.ExecutionException: jetbrains.exodus.ExodusException
	at java.base/java.util.concurrent.FutureTask.report(FutureTask.java:122)
	at java.base/java.util.concurrent.FutureTask.get(FutureTask.java:191)
	at jetbrains.exodus.newLogConcept.MVCC.MVCCDataStructure.commitTransaction(MVCCDataStructure.java:299)
	at site.ycsb.db.XodusClient.insert(XodusClient.java:60)
	at site.ycsb.DBWrapper.insert(DBWrapper.java:227)
	at site.ycsb.workloads.CoreWorkload.doInsert(CoreWorkload.java:621)
	at site.ycsb.ClientThread.run(ClientThread.java:135)
	at java.base/java.lang.Thread.run(Thread.java:829)
Caused by: jetbrains.exodus.ExodusException
	at jetbrains.exodus.newLogConcept.garbageCollector.OperationLogGarbageCollector.moveAndRemoveRecordsFromLog(OperationLogGarbageCollector.java:69)
	at jetbrains.exodus.newLogConcept.garbageCollector.OperationLogGarbageCollector.clean(OperationLogGarbageCollector.java:51)
	at jetbrains.exodus.newLogConcept.MVCC.MVCCDataStructure.lambda$commitTransaction$1(MVCCDataStructure.java:297)
	at java.base/java.util.concurrent.Executors$RunnableAdapter.call(Executors.java:515)
	at java.base/java.util.concurrent.FutureTask.run(FutureTask.java:264)
	at java.base/java.util.concurrent.ThreadPoolExecutor.runWorker(ThreadPoolExecutor.java:1128)
	at java.base/java.util.concurrent.ThreadPoolExecutor$Worker.run(ThreadPoolExecutor.java:628)
	... 1 more
java.util.concurrent.ExecutionException: jetbrains.exodus.ExodusException
	at java.base/java.util.concurrent.FutureTask.report(FutureTask.java:122)
	at java.base/java.util.concurrent.FutureTask.get(FutureTask.java:191)
	at jetbrains.exodus.newLogConcept.MVCC.MVCCDataStructure.commitTransaction(MVCCDataStructure.java:299)
	at site.ycsb.db.XodusClient.insert(XodusClient.java:60)
	at site.ycsb.DBWrapper.insert(DBWrapper.java:227)
	at site.ycsb.workloads.CoreWorkload.doInsert(CoreWorkload.java:621)
	at site.ycsb.ClientThread.run(ClientThread.java:135)
	at java.base/java.lang.Thread.run(Thread.java:829)
Caused by: jetbrains.exodus.ExodusException
	at jetbrains.exodus.newLogConcept.garbageCollector.OperationLogGarbageCollector.moveAndRemoveRecordsFromLog(OperationLogGarbageCollector.java:69)
	at jetbrains.exodus.newLogConcept.garbageCollector.OperationLogGarbageCollector.clean(OperationLogGarbageCollector.java:51)
	at jetbrains.exodus.newLogConcept.MVCC.MVCCDataStructure.lambda$commitTransaction$1(MVCCDataStructure.java:297)
	at java.base/java.util.concurrent.Executors$RunnableAdapter.call(Executors.java:515)
	at java.base/java.util.concurrent.FutureTask.run(FutureTask.java:264)
	at java.base/java.util.concurrent.ThreadPoolExecutor.runWorker(ThreadPoolExecutor.java:1128)
	at java.base/java.util.concurrent.ThreadPoolExecutor$Worker.run(ThreadPoolExecutor.java:628)
	... 1 more
java.util.concurrent.ExecutionException: jetbrains.exodus.ExodusException
	at java.base/java.util.concurrent.FutureTask.report(FutureTask.java:122)
	at java.base/java.util.concurrent.FutureTask.get(FutureTask.java:191)
	at jetbrains.exodus.newLogConcept.MVCC.MVCCDataStructure.commitTransaction(MVCCDataStructure.java:299)
	at site.ycsb.db.XodusClient.insert(XodusClient.java:60)
	at site.ycsb.DBWrapper.insert(DBWrapper.java:227)
	at site.ycsb.workloads.CoreWorkload.doInsert(CoreWorkload.java:621)
	at site.ycsb.ClientThread.run(ClientThread.java:135)
	at java.base/java.lang.Thread.run(Thread.java:829)
Caused by: jetbrains.exodus.ExodusException
	at jetbrains.exodus.newLogConcept.garbageCollector.OperationLogGarbageCollector.moveAndRemoveRecordsFromLog(OperationLogGarbageCollector.java:69)
	at jetbrains.exodus.newLogConcept.garbageCollector.OperationLogGarbageCollector.clean(OperationLogGarbageCollector.java:51)
	at jetbrains.exodus.newLogConcept.MVCC.MVCCDataStructure.lambda$commitTransaction$1(MVCCDataStructure.java:297)
	at java.base/java.util.concurrent.Executors$RunnableAdapter.call(Executors.java:515)
	at java.base/java.util.concurrent.FutureTask.run(FutureTask.java:264)
	at java.base/java.util.concurrent.ThreadPoolExecutor.runWorker(ThreadPoolExecutor.java:1128)
	at java.base/java.util.concurrent.ThreadPoolExecutor$Worker.run(ThreadPoolExecutor.java:628)
	... 1 more
java.util.concurrent.ExecutionException: jetbrains.exodus.ExodusException
	at java.base/java.util.concurrent.FutureTask.report(FutureTask.java:122)
	at java.base/java.util.concurrent.FutureTask.get(FutureTask.java:191)
	at jetbrains.exodus.newLogConcept.MVCC.MVCCDataStructure.commitTransaction(MVCCDataStructure.java:299)
	at site.ycsb.db.XodusClient.insert(XodusClient.java:60)
	at site.ycsb.DBWrapper.insert(DBWrapper.java:227)
	at site.ycsb.workloads.CoreWorkload.doInsert(CoreWorkload.java:621)
	at site.ycsb.ClientThread.run(ClientThread.java:135)
	at java.base/java.lang.Thread.run(Thread.java:829)
Caused by: jetbrains.exodus.ExodusException
	at jetbrains.exodus.newLogConcept.garbageCollector.OperationLogGarbageCollector.moveAndRemoveRecordsFromLog(OperationLogGarbageCollector.java:69)
	at jetbrains.exodus.newLogConcept.garbageCollector.OperationLogGarbageCollector.clean(OperationLogGarbageCollector.java:51)
	at jetbrains.exodus.newLogConcept.MVCC.MVCCDataStructure.lambda$commitTransaction$1(MVCCDataStructure.java:297)
	at java.base/java.util.concurrent.Executors$RunnableAdapter.call(Executors.java:515)
	at java.base/java.util.concurrent.FutureTask.run(FutureTask.java:264)
	at java.base/java.util.concurrent.ThreadPoolExecutor.runWorker(ThreadPoolExecutor.java:1128)
	at java.base/java.util.concurrent.ThreadPoolExecutor$Worker.run(ThreadPoolExecutor.java:628)
	... 1 more
java.util.concurrent.ExecutionException: jetbrains.exodus.ExodusException
	at java.base/java.util.concurrent.FutureTask.report(FutureTask.java:122)
	at java.base/java.util.concurrent.FutureTask.get(FutureTask.java:191)
	at jetbrains.exodus.newLogConcept.MVCC.MVCCDataStructure.commitTransaction(MVCCDataStructure.java:299)
	at site.ycsb.db.XodusClient.insert(XodusClient.java:60)
	at site.ycsb.DBWrapper.insert(DBWrapper.java:227)
	at site.ycsb.workloads.CoreWorkload.doInsert(CoreWorkload.java:621)
	at site.ycsb.ClientThread.run(ClientThread.java:135)
	at java.base/java.lang.Thread.run(Thread.java:829)
Caused by: jetbrains.exodus.ExodusException
	at jetbrains.exodus.newLogConcept.garbageCollector.OperationLogGarbageCollector.moveAndRemoveRecordsFromLog(OperationLogGarbageCollector.java:69)
	at jetbrains.exodus.newLogConcept.garbageCollector.OperationLogGarbageCollector.clean(OperationLogGarbageCollector.java:51)
	at jetbrains.exodus.newLogConcept.MVCC.MVCCDataStructure.lambda$commitTransaction$1(MVCCDataStructure.java:297)
	at java.base/java.util.concurrent.Executors$RunnableAdapter.call(Executors.java:515)
	at java.base/java.util.concurrent.FutureTask.run(FutureTask.java:264)
	at java.base/java.util.concurrent.ThreadPoolExecutor.runWorker(ThreadPoolExecutor.java:1128)
	at java.base/java.util.concurrent.ThreadPoolExecutor$Worker.run(ThreadPoolExecutor.java:628)
	... 1 more
java.util.concurrent.ExecutionException: jetbrains.exodus.ExodusException
	at java.base/java.util.concurrent.FutureTask.report(FutureTask.java:122)
	at java.base/java.util.concurrent.FutureTask.get(FutureTask.java:191)
	at jetbrains.exodus.newLogConcept.MVCC.MVCCDataStructure.commitTransaction(MVCCDataStructure.java:299)
	at site.ycsb.db.XodusClient.insert(XodusClient.java:60)
	at site.ycsb.DBWrapper.insert(DBWrapper.java:227)
	at site.ycsb.workloads.CoreWorkload.doInsert(CoreWorkload.java:621)
	at site.ycsb.ClientThread.run(ClientThread.java:135)
	at java.base/java.lang.Thread.run(Thread.java:829)
Caused by: jetbrains.exodus.ExodusException
	at jetbrains.exodus.newLogConcept.garbageCollector.OperationLogGarbageCollector.moveAndRemoveRecordsFromLog(OperationLogGarbageCollector.java:69)
	at jetbrains.exodus.newLogConcept.garbageCollector.OperationLogGarbageCollector.clean(OperationLogGarbageCollector.java:51)
	at jetbrains.exodus.newLogConcept.MVCC.MVCCDataStructure.lambda$commitTransaction$1(MVCCDataStructure.java:297)
	at java.base/java.util.concurrent.Executors$RunnableAdapter.call(Executors.java:515)
	at java.base/java.util.concurrent.FutureTask.run(FutureTask.java:264)
	at java.base/java.util.concurrent.ThreadPoolExecutor.runWorker(ThreadPoolExecutor.java:1128)
	at java.base/java.util.concurrent.ThreadPoolExecutor$Worker.run(ThreadPoolExecutor.java:628)
	... 1 more
java.util.concurrent.ExecutionException: jetbrains.exodus.ExodusException
	at java.base/java.util.concurrent.FutureTask.report(FutureTask.java:122)
	at java.base/java.util.concurrent.FutureTask.get(FutureTask.java:191)
	at jetbrains.exodus.newLogConcept.MVCC.MVCCDataStructure.commitTransaction(MVCCDataStructure.java:299)
	at site.ycsb.db.XodusClient.insert(XodusClient.java:60)
	at site.ycsb.DBWrapper.insert(DBWrapper.java:227)
	at site.ycsb.workloads.CoreWorkload.doInsert(CoreWorkload.java:621)
	at site.ycsb.ClientThread.run(ClientThread.java:135)
	at java.base/java.lang.Thread.run(Thread.java:829)
Caused by: jetbrains.exodus.ExodusException
	at jetbrains.exodus.newLogConcept.garbageCollector.OperationLogGarbageCollector.moveAndRemoveRecordsFromLog(OperationLogGarbageCollector.java:69)
	at jetbrains.exodus.newLogConcept.garbageCollector.OperationLogGarbageCollector.clean(OperationLogGarbageCollector.java:51)
	at jetbrains.exodus.newLogConcept.MVCC.MVCCDataStructure.lambda$commitTransaction$1(MVCCDataStructure.java:297)
	at java.base/java.util.concurrent.Executors$RunnableAdapter.call(Executors.java:515)
	at java.base/java.util.concurrent.FutureTask.run(FutureTask.java:264)
	at java.base/java.util.concurrent.ThreadPoolExecutor.runWorker(ThreadPoolExecutor.java:1128)
	at java.base/java.util.concurrent.ThreadPoolExecutor$Worker.run(ThreadPoolExecutor.java:628)
	... 1 more
java.util.concurrent.ExecutionException: jetbrains.exodus.ExodusException
	at java.base/java.util.concurrent.FutureTask.report(FutureTask.java:122)
	at java.base/java.util.concurrent.FutureTask.get(FutureTask.java:191)
	at jetbrains.exodus.newLogConcept.MVCC.MVCCDataStructure.commitTransaction(MVCCDataStructure.java:299)
	at site.ycsb.db.XodusClient.insert(XodusClient.java:60)
	at site.ycsb.DBWrapper.insert(DBWrapper.java:227)
	at site.ycsb.workloads.CoreWorkload.doInsert(CoreWorkload.java:621)
	at site.ycsb.ClientThread.run(ClientThread.java:135)
	at java.base/java.lang.Thread.run(Thread.java:829)
Caused by: jetbrains.exodus.ExodusException
	at jetbrains.exodus.newLogConcept.garbageCollector.OperationLogGarbageCollector.moveAndRemoveRecordsFromLog(OperationLogGarbageCollector.java:69)
	at jetbrains.exodus.newLogConcept.garbageCollector.OperationLogGarbageCollector.clean(OperationLogGarbageCollector.java:51)
	at jetbrains.exodus.newLogConcept.MVCC.MVCCDataStructure.lambda$commitTransaction$1(MVCCDataStructure.java:297)
	at java.base/java.util.concurrent.Executors$RunnableAdapter.call(Executors.java:515)
	at java.base/java.util.concurrent.FutureTask.run(FutureTask.java:264)
	at java.base/java.util.concurrent.ThreadPoolExecutor.runWorker(ThreadPoolExecutor.java:1128)
	at java.base/java.util.concurrent.ThreadPoolExecutor$Worker.run(ThreadPoolExecutor.java:628)
	... 1 more
java.util.concurrent.ExecutionException: jetbrains.exodus.ExodusException
	at java.base/java.util.concurrent.FutureTask.report(FutureTask.java:122)
	at java.base/java.util.concurrent.FutureTask.get(FutureTask.java:191)
	at jetbrains.exodus.newLogConcept.MVCC.MVCCDataStructure.commitTransaction(MVCCDataStructure.java:299)
	at site.ycsb.db.XodusClient.insert(XodusClient.java:60)
	at site.ycsb.DBWrapper.insert(DBWrapper.java:227)
	at site.ycsb.workloads.CoreWorkload.doInsert(CoreWorkload.java:621)
	at site.ycsb.ClientThread.run(ClientThread.java:135)
	at java.base/java.lang.Thread.run(Thread.java:829)
Caused by: jetbrains.exodus.ExodusException
	at jetbrains.exodus.newLogConcept.garbageCollector.OperationLogGarbageCollector.moveAndRemoveRecordsFromLog(OperationLogGarbageCollector.java:69)
	at jetbrains.exodus.newLogConcept.garbageCollector.OperationLogGarbageCollector.clean(OperationLogGarbageCollector.java:51)
	at jetbrains.exodus.newLogConcept.MVCC.MVCCDataStructure.lambda$commitTransaction$1(MVCCDataStructure.java:297)
	at java.base/java.util.concurrent.Executors$RunnableAdapter.call(Executors.java:515)
	at java.base/java.util.concurrent.FutureTask.run(FutureTask.java:264)
	at java.base/java.util.concurrent.ThreadPoolExecutor.runWorker(ThreadPoolExecutor.java:1128)
	at java.base/java.util.concurrent.ThreadPoolExecutor$Worker.run(ThreadPoolExecutor.java:628)
	... 1 more
java.util.concurrent.ExecutionException: jetbrains.exodus.ExodusException
	at java.base/java.util.concurrent.FutureTask.report(FutureTask.java:122)
	at java.base/java.util.concurrent.FutureTask.get(FutureTask.java:191)
	at jetbrains.exodus.newLogConcept.MVCC.MVCCDataStructure.commitTransaction(MVCCDataStructure.java:299)
	at site.ycsb.db.XodusClient.insert(XodusClient.java:60)
	at site.ycsb.DBWrapper.insert(DBWrapper.java:227)
	at site.ycsb.workloads.CoreWorkload.doInsert(CoreWorkload.java:621)
	at site.ycsb.ClientThread.run(ClientThread.java:135)
	at java.base/java.lang.Thread.run(Thread.java:829)
Caused by: jetbrains.exodus.ExodusException
	at jetbrains.exodus.newLogConcept.garbageCollector.OperationLogGarbageCollector.moveAndRemoveRecordsFromLog(OperationLogGarbageCollector.java:69)
	at jetbrains.exodus.newLogConcept.garbageCollector.OperationLogGarbageCollector.clean(OperationLogGarbageCollector.java:51)
	at jetbrains.exodus.newLogConcept.MVCC.MVCCDataStructure.lambda$commitTransaction$1(MVCCDataStructure.java:297)
	at java.base/java.util.concurrent.Executors$RunnableAdapter.call(Executors.java:515)
	at java.base/java.util.concurrent.FutureTask.run(FutureTask.java:264)
	at java.base/java.util.concurrent.ThreadPoolExecutor.runWorker(ThreadPoolExecutor.java:1128)
	at java.base/java.util.concurrent.ThreadPoolExecutor$Worker.run(ThreadPoolExecutor.java:628)
	... 1 more
java.util.concurrent.ExecutionException: jetbrains.exodus.ExodusException
	at java.base/java.util.concurrent.FutureTask.report(FutureTask.java:122)
	at java.base/java.util.concurrent.FutureTask.get(FutureTask.java:191)
	at jetbrains.exodus.newLogConcept.MVCC.MVCCDataStructure.commitTransaction(MVCCDataStructure.java:299)
	at site.ycsb.db.XodusClient.insert(XodusClient.java:60)
	at site.ycsb.DBWrapper.insert(DBWrapper.java:227)
	at site.ycsb.workloads.CoreWorkload.doInsert(CoreWorkload.java:621)
	at site.ycsb.ClientThread.run(ClientThread.java:135)
	at java.base/java.lang.Thread.run(Thread.java:829)
Caused by: jetbrains.exodus.ExodusException
	at jetbrains.exodus.newLogConcept.garbageCollector.OperationLogGarbageCollector.moveAndRemoveRecordsFromLog(OperationLogGarbageCollector.java:69)
	at jetbrains.exodus.newLogConcept.garbageCollector.OperationLogGarbageCollector.clean(OperationLogGarbageCollector.java:51)
	at jetbrains.exodus.newLogConcept.MVCC.MVCCDataStructure.lambda$commitTransaction$1(MVCCDataStructure.java:297)
	at java.base/java.util.concurrent.Executors$RunnableAdapter.call(Executors.java:515)
	at java.base/java.util.concurrent.FutureTask.run(FutureTask.java:264)
	at java.base/java.util.concurrent.ThreadPoolExecutor.runWorker(ThreadPoolExecutor.java:1128)
	at java.base/java.util.concurrent.ThreadPoolExecutor$Worker.run(ThreadPoolExecutor.java:628)
	... 1 more
java.util.concurrent.ExecutionException: jetbrains.exodus.ExodusException
	at java.base/java.util.concurrent.FutureTask.report(FutureTask.java:122)
	at java.base/java.util.concurrent.FutureTask.get(FutureTask.java:191)
	at jetbrains.exodus.newLogConcept.MVCC.MVCCDataStructure.commitTransaction(MVCCDataStructure.java:299)
	at site.ycsb.db.XodusClient.insert(XodusClient.java:60)
	at site.ycsb.DBWrapper.insert(DBWrapper.java:227)
	at site.ycsb.workloads.CoreWorkload.doInsert(CoreWorkload.java:621)
	at site.ycsb.ClientThread.run(ClientThread.java:135)
	at java.base/java.lang.Thread.run(Thread.java:829)
Caused by: jetbrains.exodus.ExodusException
	at jetbrains.exodus.newLogConcept.garbageCollector.OperationLogGarbageCollector.moveAndRemoveRecordsFromLog(OperationLogGarbageCollector.java:69)
	at jetbrains.exodus.newLogConcept.garbageCollector.OperationLogGarbageCollector.clean(OperationLogGarbageCollector.java:51)
	at jetbrains.exodus.newLogConcept.MVCC.MVCCDataStructure.lambda$commitTransaction$1(MVCCDataStructure.java:297)
	at java.base/java.util.concurrent.Executors$RunnableAdapter.call(Executors.java:515)
	at java.base/java.util.concurrent.FutureTask.run(FutureTask.java:264)
	at java.base/java.util.concurrent.ThreadPoolExecutor.runWorker(ThreadPoolExecutor.java:1128)
	at java.base/java.util.concurrent.ThreadPoolExecutor$Worker.run(ThreadPoolExecutor.java:628)
	... 1 more
java.util.concurrent.ExecutionException: jetbrains.exodus.ExodusException
	at java.base/java.util.concurrent.FutureTask.report(FutureTask.java:122)
	at java.base/java.util.concurrent.FutureTask.get(FutureTask.java:191)
	at jetbrains.exodus.newLogConcept.MVCC.MVCCDataStructure.commitTransaction(MVCCDataStructure.java:299)
	at site.ycsb.db.XodusClient.insert(XodusClient.java:60)
	at site.ycsb.DBWrapper.insert(DBWrapper.java:227)
	at site.ycsb.workloads.CoreWorkload.doInsert(CoreWorkload.java:621)
	at site.ycsb.ClientThread.run(ClientThread.java:135)
	at java.base/java.lang.Thread.run(Thread.java:829)
Caused by: jetbrains.exodus.ExodusException
	at jetbrains.exodus.newLogConcept.garbageCollector.OperationLogGarbageCollector.moveAndRemoveRecordsFromLog(OperationLogGarbageCollector.java:69)
	at jetbrains.exodus.newLogConcept.garbageCollector.OperationLogGarbageCollector.clean(OperationLogGarbageCollector.java:51)
	at jetbrains.exodus.newLogConcept.MVCC.MVCCDataStructure.lambda$commitTransaction$1(MVCCDataStructure.java:297)
	at java.base/java.util.concurrent.Executors$RunnableAdapter.call(Executors.java:515)
	at java.base/java.util.concurrent.FutureTask.run(FutureTask.java:264)
	at java.base/java.util.concurrent.ThreadPoolExecutor.runWorker(ThreadPoolExecutor.java:1128)
	at java.base/java.util.concurrent.ThreadPoolExecutor$Worker.run(ThreadPoolExecutor.java:628)
	... 1 more
java.util.concurrent.ExecutionException: jetbrains.exodus.ExodusException
	at java.base/java.util.concurrent.FutureTask.report(FutureTask.java:122)
	at java.base/java.util.concurrent.FutureTask.get(FutureTask.java:191)
	at jetbrains.exodus.newLogConcept.MVCC.MVCCDataStructure.commitTransaction(MVCCDataStructure.java:299)
	at site.ycsb.db.XodusClient.insert(XodusClient.java:60)
	at site.ycsb.DBWrapper.insert(DBWrapper.java:227)
	at site.ycsb.workloads.CoreWorkload.doInsert(CoreWorkload.java:621)
	at site.ycsb.ClientThread.run(ClientThread.java:135)
	at java.base/java.lang.Thread.run(Thread.java:829)
Caused by: jetbrains.exodus.ExodusException
	at jetbrains.exodus.newLogConcept.garbageCollector.OperationLogGarbageCollector.moveAndRemoveRecordsFromLog(OperationLogGarbageCollector.java:69)
	at jetbrains.exodus.newLogConcept.garbageCollector.OperationLogGarbageCollector.clean(OperationLogGarbageCollector.java:51)
	at jetbrains.exodus.newLogConcept.MVCC.MVCCDataStructure.lambda$commitTransaction$1(MVCCDataStructure.java:297)
	at java.base/java.util.concurrent.Executors$RunnableAdapter.call(Executors.java:515)
	at java.base/java.util.concurrent.FutureTask.run(FutureTask.java:264)
	at java.base/java.util.concurrent.ThreadPoolExecutor.runWorker(ThreadPoolExecutor.java:1128)
	at java.base/java.util.concurrent.ThreadPoolExecutor$Worker.run(ThreadPoolExecutor.java:628)
	... 1 more
java.util.concurrent.ExecutionException: jetbrains.exodus.ExodusException
	at java.base/java.util.concurrent.FutureTask.report(FutureTask.java:122)
	at java.base/java.util.concurrent.FutureTask.get(FutureTask.java:191)
	at jetbrains.exodus.newLogConcept.MVCC.MVCCDataStructure.commitTransaction(MVCCDataStructure.java:299)
	at site.ycsb.db.XodusClient.insert(XodusClient.java:60)
	at site.ycsb.DBWrapper.insert(DBWrapper.java:227)
	at site.ycsb.workloads.CoreWorkload.doInsert(CoreWorkload.java:621)
	at site.ycsb.ClientThread.run(ClientThread.java:135)
	at java.base/java.lang.Thread.run(Thread.java:829)
Caused by: jetbrains.exodus.ExodusException
	at jetbrains.exodus.newLogConcept.garbageCollector.OperationLogGarbageCollector.moveAndRemoveRecordsFromLog(OperationLogGarbageCollector.java:69)
	at jetbrains.exodus.newLogConcept.garbageCollector.OperationLogGarbageCollector.clean(OperationLogGarbageCollector.java:51)
	at jetbrains.exodus.newLogConcept.MVCC.MVCCDataStructure.lambda$commitTransaction$1(MVCCDataStructure.java:297)
	at java.base/java.util.concurrent.Executors$RunnableAdapter.call(Executors.java:515)
	at java.base/java.util.concurrent.FutureTask.run(FutureTask.java:264)
	at java.base/java.util.concurrent.ThreadPoolExecutor.runWorker(ThreadPoolExecutor.java:1128)
	at java.base/java.util.concurrent.ThreadPoolExecutor$Worker.run(ThreadPoolExecutor.java:628)
	... 1 more
java.util.concurrent.ExecutionException: jetbrains.exodus.ExodusException
	at java.base/java.util.concurrent.FutureTask.report(FutureTask.java:122)
	at java.base/java.util.concurrent.FutureTask.get(FutureTask.java:191)
	at jetbrains.exodus.newLogConcept.MVCC.MVCCDataStructure.commitTransaction(MVCCDataStructure.java:299)
	at site.ycsb.db.XodusClient.insert(XodusClient.java:60)
	at site.ycsb.DBWrapper.insert(DBWrapper.java:227)
	at site.ycsb.workloads.CoreWorkload.doInsert(CoreWorkload.java:621)
	at site.ycsb.ClientThread.run(ClientThread.java:135)
	at java.base/java.lang.Thread.run(Thread.java:829)
Caused by: jetbrains.exodus.ExodusException
	at jetbrains.exodus.newLogConcept.garbageCollector.OperationLogGarbageCollector.moveAndRemoveRecordsFromLog(OperationLogGarbageCollector.java:69)
	at jetbrains.exodus.newLogConcept.garbageCollector.OperationLogGarbageCollector.clean(OperationLogGarbageCollector.java:51)
	at jetbrains.exodus.newLogConcept.MVCC.MVCCDataStructure.lambda$commitTransaction$1(MVCCDataStructure.java:297)
	at java.base/java.util.concurrent.Executors$RunnableAdapter.call(Executors.java:515)
	at java.base/java.util.concurrent.FutureTask.run(FutureTask.java:264)
	at java.base/java.util.concurrent.ThreadPoolExecutor.runWorker(ThreadPoolExecutor.java:1128)
	at java.base/java.util.concurrent.ThreadPoolExecutor$Worker.run(ThreadPoolExecutor.java:628)
	... 1 more
java.util.concurrent.ExecutionException: jetbrains.exodus.ExodusException
	at java.base/java.util.concurrent.FutureTask.report(FutureTask.java:122)
	at java.base/java.util.concurrent.FutureTask.get(FutureTask.java:191)
	at jetbrains.exodus.newLogConcept.MVCC.MVCCDataStructure.commitTransaction(MVCCDataStructure.java:299)
	at site.ycsb.db.XodusClient.insert(XodusClient.java:60)
	at site.ycsb.DBWrapper.insert(DBWrapper.java:227)
	at site.ycsb.workloads.CoreWorkload.doInsert(CoreWorkload.java:621)
	at site.ycsb.ClientThread.run(ClientThread.java:135)
	at java.base/java.lang.Thread.run(Thread.java:829)
Caused by: jetbrains.exodus.ExodusException
	at jetbrains.exodus.newLogConcept.garbageCollector.OperationLogGarbageCollector.moveAndRemoveRecordsFromLog(OperationLogGarbageCollector.java:69)
	at jetbrains.exodus.newLogConcept.garbageCollector.OperationLogGarbageCollector.clean(OperationLogGarbageCollector.java:51)
	at jetbrains.exodus.newLogConcept.MVCC.MVCCDataStructure.lambda$commitTransaction$1(MVCCDataStructure.java:297)
	at java.base/java.util.concurrent.Executors$RunnableAdapter.call(Executors.java:515)
	at java.base/java.util.concurrent.FutureTask.run(FutureTask.java:264)
	at java.base/java.util.concurrent.ThreadPoolExecutor.runWorker(ThreadPoolExecutor.java:1128)
	at java.base/java.util.concurrent.ThreadPoolExecutor$Worker.run(ThreadPoolExecutor.java:628)
	... 1 more
java.util.concurrent.ExecutionException: jetbrains.exodus.ExodusException
	at java.base/java.util.concurrent.FutureTask.report(FutureTask.java:122)
	at java.base/java.util.concurrent.FutureTask.get(FutureTask.java:191)
	at jetbrains.exodus.newLogConcept.MVCC.MVCCDataStructure.commitTransaction(MVCCDataStructure.java:299)
	at site.ycsb.db.XodusClient.insert(XodusClient.java:60)
	at site.ycsb.DBWrapper.insert(DBWrapper.java:227)
	at site.ycsb.workloads.CoreWorkload.doInsert(CoreWorkload.java:621)
	at site.ycsb.ClientThread.run(ClientThread.java:135)
	at java.base/java.lang.Thread.run(Thread.java:829)
Caused by: jetbrains.exodus.ExodusException
	at jetbrains.exodus.newLogConcept.garbageCollector.OperationLogGarbageCollector.moveAndRemoveRecordsFromLog(OperationLogGarbageCollector.java:69)
	at jetbrains.exodus.newLogConcept.garbageCollector.OperationLogGarbageCollector.clean(OperationLogGarbageCollector.java:51)
	at jetbrains.exodus.newLogConcept.MVCC.MVCCDataStructure.lambda$commitTransaction$1(MVCCDataStructure.java:297)
	at java.base/java.util.concurrent.Executors$RunnableAdapter.call(Executors.java:515)
	at java.base/java.util.concurrent.FutureTask.run(FutureTask.java:264)
	at java.base/java.util.concurrent.ThreadPoolExecutor.runWorker(ThreadPoolExecutor.java:1128)
	at java.base/java.util.concurrent.ThreadPoolExecutor$Worker.run(ThreadPoolExecutor.java:628)
	... 1 more
java.util.concurrent.ExecutionException: jetbrains.exodus.ExodusException
	at java.base/java.util.concurrent.FutureTask.report(FutureTask.java:122)
	at java.base/java.util.concurrent.FutureTask.get(FutureTask.java:191)
	at jetbrains.exodus.newLogConcept.MVCC.MVCCDataStructure.commitTransaction(MVCCDataStructure.java:299)
	at site.ycsb.db.XodusClient.insert(XodusClient.java:60)
	at site.ycsb.DBWrapper.insert(DBWrapper.java:227)
	at site.ycsb.workloads.CoreWorkload.doInsert(CoreWorkload.java:621)
	at site.ycsb.ClientThread.run(ClientThread.java:135)
	at java.base/java.lang.Thread.run(Thread.java:829)
Caused by: jetbrains.exodus.ExodusException
	at jetbrains.exodus.newLogConcept.garbageCollector.OperationLogGarbageCollector.moveAndRemoveRecordsFromLog(OperationLogGarbageCollector.java:69)
	at jetbrains.exodus.newLogConcept.garbageCollector.OperationLogGarbageCollector.clean(OperationLogGarbageCollector.java:51)
	at jetbrains.exodus.newLogConcept.MVCC.MVCCDataStructure.lambda$commitTransaction$1(MVCCDataStructure.java:297)
	at java.base/java.util.concurrent.Executors$RunnableAdapter.call(Executors.java:515)
	at java.base/java.util.concurrent.FutureTask.run(FutureTask.java:264)
	at java.base/java.util.concurrent.ThreadPoolExecutor.runWorker(ThreadPoolExecutor.java:1128)
	at java.base/java.util.concurrent.ThreadPoolExecutor$Worker.run(ThreadPoolExecutor.java:628)
	... 1 more
java.util.concurrent.ExecutionException: jetbrains.exodus.ExodusException
	at java.base/java.util.concurrent.FutureTask.report(FutureTask.java:122)
	at java.base/java.util.concurrent.FutureTask.get(FutureTask.java:191)
	at jetbrains.exodus.newLogConcept.MVCC.MVCCDataStructure.commitTransaction(MVCCDataStructure.java:299)
	at site.ycsb.db.XodusClient.insert(XodusClient.java:60)
	at site.ycsb.DBWrapper.insert(DBWrapper.java:227)
	at site.ycsb.workloads.CoreWorkload.doInsert(CoreWorkload.java:621)
	at site.ycsb.ClientThread.run(ClientThread.java:135)
	at java.base/java.lang.Thread.run(Thread.java:829)
Caused by: jetbrains.exodus.ExodusException
	at jetbrains.exodus.newLogConcept.garbageCollector.OperationLogGarbageCollector.moveAndRemoveRecordsFromLog(OperationLogGarbageCollector.java:69)
	at jetbrains.exodus.newLogConcept.garbageCollector.OperationLogGarbageCollector.clean(OperationLogGarbageCollector.java:51)
	at jetbrains.exodus.newLogConcept.MVCC.MVCCDataStructure.lambda$commitTransaction$1(MVCCDataStructure.java:297)
	at java.base/java.util.concurrent.Executors$RunnableAdapter.call(Executors.java:515)
	at java.base/java.util.concurrent.FutureTask.run(FutureTask.java:264)
	at java.base/java.util.concurrent.ThreadPoolExecutor.runWorker(ThreadPoolExecutor.java:1128)
	at java.base/java.util.concurrent.ThreadPoolExecutor$Worker.run(ThreadPoolExecutor.java:628)
	... 1 more
java.util.concurrent.ExecutionException: jetbrains.exodus.ExodusException
	at java.base/java.util.concurrent.FutureTask.report(FutureTask.java:122)
	at java.base/java.util.concurrent.FutureTask.get(FutureTask.java:191)
	at jetbrains.exodus.newLogConcept.MVCC.MVCCDataStructure.commitTransaction(MVCCDataStructure.java:299)
	at site.ycsb.db.XodusClient.insert(XodusClient.java:60)
	at site.ycsb.DBWrapper.insert(DBWrapper.java:227)
	at site.ycsb.workloads.CoreWorkload.doInsert(CoreWorkload.java:621)
	at site.ycsb.ClientThread.run(ClientThread.java:135)
	at java.base/java.lang.Thread.run(Thread.java:829)
Caused by: jetbrains.exodus.ExodusException
	at jetbrains.exodus.newLogConcept.garbageCollector.OperationLogGarbageCollector.moveAndRemoveRecordsFromLog(OperationLogGarbageCollector.java:69)
	at jetbrains.exodus.newLogConcept.garbageCollector.OperationLogGarbageCollector.clean(OperationLogGarbageCollector.java:51)
	at jetbrains.exodus.newLogConcept.MVCC.MVCCDataStructure.lambda$commitTransaction$1(MVCCDataStructure.java:297)
	at java.base/java.util.concurrent.Executors$RunnableAdapter.call(Executors.java:515)
	at java.base/java.util.concurrent.FutureTask.run(FutureTask.java:264)
	at java.base/java.util.concurrent.ThreadPoolExecutor.runWorker(ThreadPoolExecutor.java:1128)
	at java.base/java.util.concurrent.ThreadPoolExecutor$Worker.run(ThreadPoolExecutor.java:628)
	... 1 more
java.util.concurrent.ExecutionException: jetbrains.exodus.ExodusException
	at java.base/java.util.concurrent.FutureTask.report(FutureTask.java:122)
	at java.base/java.util.concurrent.FutureTask.get(FutureTask.java:191)
	at jetbrains.exodus.newLogConcept.MVCC.MVCCDataStructure.commitTransaction(MVCCDataStructure.java:299)
	at site.ycsb.db.XodusClient.insert(XodusClient.java:60)
	at site.ycsb.DBWrapper.insert(DBWrapper.java:227)
	at site.ycsb.workloads.CoreWorkload.doInsert(CoreWorkload.java:621)
	at site.ycsb.ClientThread.run(ClientThread.java:135)
	at java.base/java.lang.Thread.run(Thread.java:829)
Caused by: jetbrains.exodus.ExodusException
	at jetbrains.exodus.newLogConcept.garbageCollector.OperationLogGarbageCollector.moveAndRemoveRecordsFromLog(OperationLogGarbageCollector.java:69)
	at jetbrains.exodus.newLogConcept.garbageCollector.OperationLogGarbageCollector.clean(OperationLogGarbageCollector.java:51)
	at jetbrains.exodus.newLogConcept.MVCC.MVCCDataStructure.lambda$commitTransaction$1(MVCCDataStructure.java:297)
	at java.base/java.util.concurrent.Executors$RunnableAdapter.call(Executors.java:515)
	at java.base/java.util.concurrent.FutureTask.run(FutureTask.java:264)
	at java.base/java.util.concurrent.ThreadPoolExecutor.runWorker(ThreadPoolExecutor.java:1128)
	at java.base/java.util.concurrent.ThreadPoolExecutor$Worker.run(ThreadPoolExecutor.java:628)
	... 1 more
java.util.concurrent.ExecutionException: jetbrains.exodus.ExodusException
	at java.base/java.util.concurrent.FutureTask.report(FutureTask.java:122)
	at java.base/java.util.concurrent.FutureTask.get(FutureTask.java:191)
	at jetbrains.exodus.newLogConcept.MVCC.MVCCDataStructure.commitTransaction(MVCCDataStructure.java:299)
	at site.ycsb.db.XodusClient.insert(XodusClient.java:60)
	at site.ycsb.DBWrapper.insert(DBWrapper.java:227)
	at site.ycsb.workloads.CoreWorkload.doInsert(CoreWorkload.java:621)
	at site.ycsb.ClientThread.run(ClientThread.java:135)
	at java.base/java.lang.Thread.run(Thread.java:829)
Caused by: jetbrains.exodus.ExodusException
	at jetbrains.exodus.newLogConcept.garbageCollector.OperationLogGarbageCollector.moveAndRemoveRecordsFromLog(OperationLogGarbageCollector.java:69)
	at jetbrains.exodus.newLogConcept.garbageCollector.OperationLogGarbageCollector.clean(OperationLogGarbageCollector.java:51)
	at jetbrains.exodus.newLogConcept.MVCC.MVCCDataStructure.lambda$commitTransaction$1(MVCCDataStructure.java:297)
	at java.base/java.util.concurrent.Executors$RunnableAdapter.call(Executors.java:515)
	at java.base/java.util.concurrent.FutureTask.run(FutureTask.java:264)
	at java.base/java.util.concurrent.ThreadPoolExecutor.runWorker(ThreadPoolExecutor.java:1128)
	at java.base/java.util.concurrent.ThreadPoolExecutor$Worker.run(ThreadPoolExecutor.java:628)
	... 1 more
java.util.concurrent.ExecutionException: jetbrains.exodus.ExodusException
	at java.base/java.util.concurrent.FutureTask.report(FutureTask.java:122)
	at java.base/java.util.concurrent.FutureTask.get(FutureTask.java:191)
	at jetbrains.exodus.newLogConcept.MVCC.MVCCDataStructure.commitTransaction(MVCCDataStructure.java:299)
	at site.ycsb.db.XodusClient.insert(XodusClient.java:60)
	at site.ycsb.DBWrapper.insert(DBWrapper.java:227)
	at site.ycsb.workloads.CoreWorkload.doInsert(CoreWorkload.java:621)
	at site.ycsb.ClientThread.run(ClientThread.java:135)
	at java.base/java.lang.Thread.run(Thread.java:829)
Caused by: jetbrains.exodus.ExodusException
	at jetbrains.exodus.newLogConcept.garbageCollector.OperationLogGarbageCollector.moveAndRemoveRecordsFromLog(OperationLogGarbageCollector.java:69)
	at jetbrains.exodus.newLogConcept.garbageCollector.OperationLogGarbageCollector.clean(OperationLogGarbageCollector.java:51)
	at jetbrains.exodus.newLogConcept.MVCC.MVCCDataStructure.lambda$commitTransaction$1(MVCCDataStructure.java:297)
	at java.base/java.util.concurrent.Executors$RunnableAdapter.call(Executors.java:515)
	at java.base/java.util.concurrent.FutureTask.run(FutureTask.java:264)
	at java.base/java.util.concurrent.ThreadPoolExecutor.runWorker(ThreadPoolExecutor.java:1128)
	at java.base/java.util.concurrent.ThreadPoolExecutor$Worker.run(ThreadPoolExecutor.java:628)
	... 1 more
java.util.concurrent.ExecutionException: jetbrains.exodus.ExodusException
	at java.base/java.util.concurrent.FutureTask.report(FutureTask.java:122)
	at java.base/java.util.concurrent.FutureTask.get(FutureTask.java:191)
	at jetbrains.exodus.newLogConcept.MVCC.MVCCDataStructure.commitTransaction(MVCCDataStructure.java:299)
	at site.ycsb.db.XodusClient.insert(XodusClient.java:60)
	at site.ycsb.DBWrapper.insert(DBWrapper.java:227)
	at site.ycsb.workloads.CoreWorkload.doInsert(CoreWorkload.java:621)
	at site.ycsb.ClientThread.run(ClientThread.java:135)
	at java.base/java.lang.Thread.run(Thread.java:829)
Caused by: jetbrains.exodus.ExodusException
	at jetbrains.exodus.newLogConcept.garbageCollector.OperationLogGarbageCollector.moveAndRemoveRecordsFromLog(OperationLogGarbageCollector.java:69)
	at jetbrains.exodus.newLogConcept.garbageCollector.OperationLogGarbageCollector.clean(OperationLogGarbageCollector.java:51)
	at jetbrains.exodus.newLogConcept.MVCC.MVCCDataStructure.lambda$commitTransaction$1(MVCCDataStructure.java:297)
	at java.base/java.util.concurrent.Executors$RunnableAdapter.call(Executors.java:515)
	at java.base/java.util.concurrent.FutureTask.run(FutureTask.java:264)
	at java.base/java.util.concurrent.ThreadPoolExecutor.runWorker(ThreadPoolExecutor.java:1128)
	at java.base/java.util.concurrent.ThreadPoolExecutor$Worker.run(ThreadPoolExecutor.java:628)
	... 1 more
java.util.concurrent.ExecutionException: jetbrains.exodus.ExodusException
	at java.base/java.util.concurrent.FutureTask.report(FutureTask.java:122)
	at java.base/java.util.concurrent.FutureTask.get(FutureTask.java:191)
	at jetbrains.exodus.newLogConcept.MVCC.MVCCDataStructure.commitTransaction(MVCCDataStructure.java:299)
	at site.ycsb.db.XodusClient.insert(XodusClient.java:60)
	at site.ycsb.DBWrapper.insert(DBWrapper.java:227)
	at site.ycsb.workloads.CoreWorkload.doInsert(CoreWorkload.java:621)
	at site.ycsb.ClientThread.run(ClientThread.java:135)
	at java.base/java.lang.Thread.run(Thread.java:829)
Caused by: jetbrains.exodus.ExodusException
	at jetbrains.exodus.newLogConcept.garbageCollector.OperationLogGarbageCollector.moveAndRemoveRecordsFromLog(OperationLogGarbageCollector.java:69)
	at jetbrains.exodus.newLogConcept.garbageCollector.OperationLogGarbageCollector.clean(OperationLogGarbageCollector.java:51)
	at jetbrains.exodus.newLogConcept.MVCC.MVCCDataStructure.lambda$commitTransaction$1(MVCCDataStructure.java:297)
	at java.base/java.util.concurrent.Executors$RunnableAdapter.call(Executors.java:515)
	at java.base/java.util.concurrent.FutureTask.run(FutureTask.java:264)
	at java.base/java.util.concurrent.ThreadPoolExecutor.runWorker(ThreadPoolExecutor.java:1128)
	at java.base/java.util.concurrent.ThreadPoolExecutor$Worker.run(ThreadPoolExecutor.java:628)
	... 1 more
java.util.concurrent.ExecutionException: jetbrains.exodus.ExodusException
	at java.base/java.util.concurrent.FutureTask.report(FutureTask.java:122)
	at java.base/java.util.concurrent.FutureTask.get(FutureTask.java:191)
	at jetbrains.exodus.newLogConcept.MVCC.MVCCDataStructure.commitTransaction(MVCCDataStructure.java:299)
	at site.ycsb.db.XodusClient.insert(XodusClient.java:60)
	at site.ycsb.DBWrapper.insert(DBWrapper.java:227)
	at site.ycsb.workloads.CoreWorkload.doInsert(CoreWorkload.java:621)
	at site.ycsb.ClientThread.run(ClientThread.java:135)
	at java.base/java.lang.Thread.run(Thread.java:829)
Caused by: jetbrains.exodus.ExodusException
	at jetbrains.exodus.newLogConcept.garbageCollector.OperationLogGarbageCollector.moveAndRemoveRecordsFromLog(OperationLogGarbageCollector.java:69)
	at jetbrains.exodus.newLogConcept.garbageCollector.OperationLogGarbageCollector.clean(OperationLogGarbageCollector.java:51)
	at jetbrains.exodus.newLogConcept.MVCC.MVCCDataStructure.lambda$commitTransaction$1(MVCCDataStructure.java:297)
	at java.base/java.util.concurrent.Executors$RunnableAdapter.call(Executors.java:515)
	at java.base/java.util.concurrent.FutureTask.run(FutureTask.java:264)
	at java.base/java.util.concurrent.ThreadPoolExecutor.runWorker(ThreadPoolExecutor.java:1128)
	at java.base/java.util.concurrent.ThreadPoolExecutor$Worker.run(ThreadPoolExecutor.java:628)
	... 1 more
java.util.concurrent.ExecutionException: jetbrains.exodus.ExodusException
	at java.base/java.util.concurrent.FutureTask.report(FutureTask.java:122)
	at java.base/java.util.concurrent.FutureTask.get(FutureTask.java:191)
	at jetbrains.exodus.newLogConcept.MVCC.MVCCDataStructure.commitTransaction(MVCCDataStructure.java:299)
	at site.ycsb.db.XodusClient.insert(XodusClient.java:60)
	at site.ycsb.DBWrapper.insert(DBWrapper.java:227)
	at site.ycsb.workloads.CoreWorkload.doInsert(CoreWorkload.java:621)
	at site.ycsb.ClientThread.run(ClientThread.java:135)
	at java.base/java.lang.Thread.run(Thread.java:829)
Caused by: jetbrains.exodus.ExodusException
	at jetbrains.exodus.newLogConcept.garbageCollector.OperationLogGarbageCollector.moveAndRemoveRecordsFromLog(OperationLogGarbageCollector.java:69)
	at jetbrains.exodus.newLogConcept.garbageCollector.OperationLogGarbageCollector.clean(OperationLogGarbageCollector.java:51)
	at jetbrains.exodus.newLogConcept.MVCC.MVCCDataStructure.lambda$commitTransaction$1(MVCCDataStructure.java:297)
	at java.base/java.util.concurrent.Executors$RunnableAdapter.call(Executors.java:515)
	at java.base/java.util.concurrent.FutureTask.run(FutureTask.java:264)
	at java.base/java.util.concurrent.ThreadPoolExecutor.runWorker(ThreadPoolExecutor.java:1128)
	at java.base/java.util.concurrent.ThreadPoolExecutor$Worker.run(ThreadPoolExecutor.java:628)
	... 1 more
java.util.concurrent.ExecutionException: jetbrains.exodus.ExodusException
	at java.base/java.util.concurrent.FutureTask.report(FutureTask.java:122)
	at java.base/java.util.concurrent.FutureTask.get(FutureTask.java:191)
	at jetbrains.exodus.newLogConcept.MVCC.MVCCDataStructure.commitTransaction(MVCCDataStructure.java:299)
	at site.ycsb.db.XodusClient.insert(XodusClient.java:60)
	at site.ycsb.DBWrapper.insert(DBWrapper.java:227)
	at site.ycsb.workloads.CoreWorkload.doInsert(CoreWorkload.java:621)
	at site.ycsb.ClientThread.run(ClientThread.java:135)
	at java.base/java.lang.Thread.run(Thread.java:829)
Caused by: jetbrains.exodus.ExodusException
	at jetbrains.exodus.newLogConcept.garbageCollector.OperationLogGarbageCollector.moveAndRemoveRecordsFromLog(OperationLogGarbageCollector.java:69)
	at jetbrains.exodus.newLogConcept.garbageCollector.OperationLogGarbageCollector.clean(OperationLogGarbageCollector.java:51)
	at jetbrains.exodus.newLogConcept.MVCC.MVCCDataStructure.lambda$commitTransaction$1(MVCCDataStructure.java:297)
	at java.base/java.util.concurrent.Executors$RunnableAdapter.call(Executors.java:515)
	at java.base/java.util.concurrent.FutureTask.run(FutureTask.java:264)
	at java.base/java.util.concurrent.ThreadPoolExecutor.runWorker(ThreadPoolExecutor.java:1128)
	at java.base/java.util.concurrent.ThreadPoolExecutor$Worker.run(ThreadPoolExecutor.java:628)
	... 1 more
java.util.concurrent.ExecutionException: jetbrains.exodus.ExodusException
	at java.base/java.util.concurrent.FutureTask.report(FutureTask.java:122)
	at java.base/java.util.concurrent.FutureTask.get(FutureTask.java:191)
	at jetbrains.exodus.newLogConcept.MVCC.MVCCDataStructure.commitTransaction(MVCCDataStructure.java:299)
	at site.ycsb.db.XodusClient.insert(XodusClient.java:60)
	at site.ycsb.DBWrapper.insert(DBWrapper.java:227)
	at site.ycsb.workloads.CoreWorkload.doInsert(CoreWorkload.java:621)
	at site.ycsb.ClientThread.run(ClientThread.java:135)
	at java.base/java.lang.Thread.run(Thread.java:829)
Caused by: jetbrains.exodus.ExodusException
	at jetbrains.exodus.newLogConcept.garbageCollector.OperationLogGarbageCollector.moveAndRemoveRecordsFromLog(OperationLogGarbageCollector.java:69)
	at jetbrains.exodus.newLogConcept.garbageCollector.OperationLogGarbageCollector.clean(OperationLogGarbageCollector.java:51)
	at jetbrains.exodus.newLogConcept.MVCC.MVCCDataStructure.lambda$commitTransaction$1(MVCCDataStructure.java:297)
	at java.base/java.util.concurrent.Executors$RunnableAdapter.call(Executors.java:515)
	at java.base/java.util.concurrent.FutureTask.run(FutureTask.java:264)
	at java.base/java.util.concurrent.ThreadPoolExecutor.runWorker(ThreadPoolExecutor.java:1128)
	at java.base/java.util.concurrent.ThreadPoolExecutor$Worker.run(ThreadPoolExecutor.java:628)
	... 1 more
java.util.concurrent.ExecutionException: jetbrains.exodus.ExodusException
	at java.base/java.util.concurrent.FutureTask.report(FutureTask.java:122)
	at java.base/java.util.concurrent.FutureTask.get(FutureTask.java:191)
	at jetbrains.exodus.newLogConcept.MVCC.MVCCDataStructure.commitTransaction(MVCCDataStructure.java:299)
	at site.ycsb.db.XodusClient.insert(XodusClient.java:60)
	at site.ycsb.DBWrapper.insert(DBWrapper.java:227)
	at site.ycsb.workloads.CoreWorkload.doInsert(CoreWorkload.java:621)
	at site.ycsb.ClientThread.run(ClientThread.java:135)
	at java.base/java.lang.Thread.run(Thread.java:829)
Caused by: jetbrains.exodus.ExodusException
	at jetbrains.exodus.newLogConcept.garbageCollector.OperationLogGarbageCollector.moveAndRemoveRecordsFromLog(OperationLogGarbageCollector.java:69)
	at jetbrains.exodus.newLogConcept.garbageCollector.OperationLogGarbageCollector.clean(OperationLogGarbageCollector.java:51)
	at jetbrains.exodus.newLogConcept.MVCC.MVCCDataStructure.lambda$commitTransaction$1(MVCCDataStructure.java:297)
	at java.base/java.util.concurrent.Executors$RunnableAdapter.call(Executors.java:515)
	at java.base/java.util.concurrent.FutureTask.run(FutureTask.java:264)
	at java.base/java.util.concurrent.ThreadPoolExecutor.runWorker(ThreadPoolExecutor.java:1128)
	at java.base/java.util.concurrent.ThreadPoolExecutor$Worker.run(ThreadPoolExecutor.java:628)
	... 1 more
java.util.concurrent.ExecutionException: jetbrains.exodus.ExodusException
	at java.base/java.util.concurrent.FutureTask.report(FutureTask.java:122)
	at java.base/java.util.concurrent.FutureTask.get(FutureTask.java:191)
	at jetbrains.exodus.newLogConcept.MVCC.MVCCDataStructure.commitTransaction(MVCCDataStructure.java:299)
	at site.ycsb.db.XodusClient.insert(XodusClient.java:60)
	at site.ycsb.DBWrapper.insert(DBWrapper.java:227)
	at site.ycsb.workloads.CoreWorkload.doInsert(CoreWorkload.java:621)
	at site.ycsb.ClientThread.run(ClientThread.java:135)
	at java.base/java.lang.Thread.run(Thread.java:829)
Caused by: jetbrains.exodus.ExodusException
	at jetbrains.exodus.newLogConcept.garbageCollector.OperationLogGarbageCollector.moveAndRemoveRecordsFromLog(OperationLogGarbageCollector.java:69)
	at jetbrains.exodus.newLogConcept.garbageCollector.OperationLogGarbageCollector.clean(OperationLogGarbageCollector.java:51)
	at jetbrains.exodus.newLogConcept.MVCC.MVCCDataStructure.lambda$commitTransaction$1(MVCCDataStructure.java:297)
	at java.base/java.util.concurrent.Executors$RunnableAdapter.call(Executors.java:515)
	at java.base/java.util.concurrent.FutureTask.run(FutureTask.java:264)
	at java.base/java.util.concurrent.ThreadPoolExecutor.runWorker(ThreadPoolExecutor.java:1128)
	at java.base/java.util.concurrent.ThreadPoolExecutor$Worker.run(ThreadPoolExecutor.java:628)
	... 1 more
java.util.concurrent.ExecutionException: jetbrains.exodus.ExodusException
	at java.base/java.util.concurrent.FutureTask.report(FutureTask.java:122)
	at java.base/java.util.concurrent.FutureTask.get(FutureTask.java:191)
	at jetbrains.exodus.newLogConcept.MVCC.MVCCDataStructure.commitTransaction(MVCCDataStructure.java:299)
	at site.ycsb.db.XodusClient.insert(XodusClient.java:60)
	at site.ycsb.DBWrapper.insert(DBWrapper.java:227)
	at site.ycsb.workloads.CoreWorkload.doInsert(CoreWorkload.java:621)
	at site.ycsb.ClientThread.run(ClientThread.java:135)
	at java.base/java.lang.Thread.run(Thread.java:829)
Caused by: jetbrains.exodus.ExodusException
	at jetbrains.exodus.newLogConcept.garbageCollector.OperationLogGarbageCollector.moveAndRemoveRecordsFromLog(OperationLogGarbageCollector.java:69)
	at jetbrains.exodus.newLogConcept.garbageCollector.OperationLogGarbageCollector.clean(OperationLogGarbageCollector.java:51)
	at jetbrains.exodus.newLogConcept.MVCC.MVCCDataStructure.lambda$commitTransaction$1(MVCCDataStructure.java:297)
	at java.base/java.util.concurrent.Executors$RunnableAdapter.call(Executors.java:515)
	at java.base/java.util.concurrent.FutureTask.run(FutureTask.java:264)
	at java.base/java.util.concurrent.ThreadPoolExecutor.runWorker(ThreadPoolExecutor.java:1128)
	at java.base/java.util.concurrent.ThreadPoolExecutor$Worker.run(ThreadPoolExecutor.java:628)
	... 1 more
java.util.concurrent.ExecutionException: jetbrains.exodus.ExodusException
	at java.base/java.util.concurrent.FutureTask.report(FutureTask.java:122)
	at java.base/java.util.concurrent.FutureTask.get(FutureTask.java:191)
	at jetbrains.exodus.newLogConcept.MVCC.MVCCDataStructure.commitTransaction(MVCCDataStructure.java:299)
	at site.ycsb.db.XodusClient.insert(XodusClient.java:60)
	at site.ycsb.DBWrapper.insert(DBWrapper.java:227)
	at site.ycsb.workloads.CoreWorkload.doInsert(CoreWorkload.java:621)
	at site.ycsb.ClientThread.run(ClientThread.java:135)
	at java.base/java.lang.Thread.run(Thread.java:829)
Caused by: jetbrains.exodus.ExodusException
	at jetbrains.exodus.newLogConcept.garbageCollector.OperationLogGarbageCollector.moveAndRemoveRecordsFromLog(OperationLogGarbageCollector.java:69)
	at jetbrains.exodus.newLogConcept.garbageCollector.OperationLogGarbageCollector.clean(OperationLogGarbageCollector.java:51)
	at jetbrains.exodus.newLogConcept.MVCC.MVCCDataStructure.lambda$commitTransaction$1(MVCCDataStructure.java:297)
	at java.base/java.util.concurrent.Executors$RunnableAdapter.call(Executors.java:515)
	at java.base/java.util.concurrent.FutureTask.run(FutureTask.java:264)
	at java.base/java.util.concurrent.ThreadPoolExecutor.runWorker(ThreadPoolExecutor.java:1128)
	at java.base/java.util.concurrent.ThreadPoolExecutor$Worker.run(ThreadPoolExecutor.java:628)
	... 1 more
java.util.concurrent.ExecutionException: jetbrains.exodus.ExodusException
	at java.base/java.util.concurrent.FutureTask.report(FutureTask.java:122)
	at java.base/java.util.concurrent.FutureTask.get(FutureTask.java:191)
	at jetbrains.exodus.newLogConcept.MVCC.MVCCDataStructure.commitTransaction(MVCCDataStructure.java:299)
	at site.ycsb.db.XodusClient.insert(XodusClient.java:60)
	at site.ycsb.DBWrapper.insert(DBWrapper.java:227)
	at site.ycsb.workloads.CoreWorkload.doInsert(CoreWorkload.java:621)
	at site.ycsb.ClientThread.run(ClientThread.java:135)
	at java.base/java.lang.Thread.run(Thread.java:829)
Caused by: jetbrains.exodus.ExodusException
	at jetbrains.exodus.newLogConcept.garbageCollector.OperationLogGarbageCollector.moveAndRemoveRecordsFromLog(OperationLogGarbageCollector.java:69)
	at jetbrains.exodus.newLogConcept.garbageCollector.OperationLogGarbageCollector.clean(OperationLogGarbageCollector.java:51)
	at jetbrains.exodus.newLogConcept.MVCC.MVCCDataStructure.lambda$commitTransaction$1(MVCCDataStructure.java:297)
	at java.base/java.util.concurrent.Executors$RunnableAdapter.call(Executors.java:515)
	at java.base/java.util.concurrent.FutureTask.run(FutureTask.java:264)
	at java.base/java.util.concurrent.ThreadPoolExecutor.runWorker(ThreadPoolExecutor.java:1128)
	at java.base/java.util.concurrent.ThreadPoolExecutor$Worker.run(ThreadPoolExecutor.java:628)
	... 1 more
java.util.concurrent.ExecutionException: jetbrains.exodus.ExodusException
	at java.base/java.util.concurrent.FutureTask.report(FutureTask.java:122)
	at java.base/java.util.concurrent.FutureTask.get(FutureTask.java:191)
	at jetbrains.exodus.newLogConcept.MVCC.MVCCDataStructure.commitTransaction(MVCCDataStructure.java:299)
	at site.ycsb.db.XodusClient.insert(XodusClient.java:60)
	at site.ycsb.DBWrapper.insert(DBWrapper.java:227)
	at site.ycsb.workloads.CoreWorkload.doInsert(CoreWorkload.java:621)
	at site.ycsb.ClientThread.run(ClientThread.java:135)
	at java.base/java.lang.Thread.run(Thread.java:829)
Caused by: jetbrains.exodus.ExodusException
	at jetbrains.exodus.newLogConcept.garbageCollector.OperationLogGarbageCollector.moveAndRemoveRecordsFromLog(OperationLogGarbageCollector.java:69)
	at jetbrains.exodus.newLogConcept.garbageCollector.OperationLogGarbageCollector.clean(OperationLogGarbageCollector.java:51)
	at jetbrains.exodus.newLogConcept.MVCC.MVCCDataStructure.lambda$commitTransaction$1(MVCCDataStructure.java:297)
	at java.base/java.util.concurrent.Executors$RunnableAdapter.call(Executors.java:515)
	at java.base/java.util.concurrent.FutureTask.run(FutureTask.java:264)
	at java.base/java.util.concurrent.ThreadPoolExecutor.runWorker(ThreadPoolExecutor.java:1128)
	at java.base/java.util.concurrent.ThreadPoolExecutor$Worker.run(ThreadPoolExecutor.java:628)
	... 1 more
java.util.concurrent.ExecutionException: jetbrains.exodus.ExodusException
	at java.base/java.util.concurrent.FutureTask.report(FutureTask.java:122)
	at java.base/java.util.concurrent.FutureTask.get(FutureTask.java:191)
	at jetbrains.exodus.newLogConcept.MVCC.MVCCDataStructure.commitTransaction(MVCCDataStructure.java:299)
	at site.ycsb.db.XodusClient.insert(XodusClient.java:60)
	at site.ycsb.DBWrapper.insert(DBWrapper.java:227)
	at site.ycsb.workloads.CoreWorkload.doInsert(CoreWorkload.java:621)
	at site.ycsb.ClientThread.run(ClientThread.java:135)
	at java.base/java.lang.Thread.run(Thread.java:829)
Caused by: jetbrains.exodus.ExodusException
	at jetbrains.exodus.newLogConcept.garbageCollector.OperationLogGarbageCollector.moveAndRemoveRecordsFromLog(OperationLogGarbageCollector.java:69)
	at jetbrains.exodus.newLogConcept.garbageCollector.OperationLogGarbageCollector.clean(OperationLogGarbageCollector.java:51)
	at jetbrains.exodus.newLogConcept.MVCC.MVCCDataStructure.lambda$commitTransaction$1(MVCCDataStructure.java:297)
	at java.base/java.util.concurrent.Executors$RunnableAdapter.call(Executors.java:515)
	at java.base/java.util.concurrent.FutureTask.run(FutureTask.java:264)
	at java.base/java.util.concurrent.ThreadPoolExecutor.runWorker(ThreadPoolExecutor.java:1128)
	at java.base/java.util.concurrent.ThreadPoolExecutor$Worker.run(ThreadPoolExecutor.java:628)
	... 1 more
java.util.concurrent.ExecutionException: jetbrains.exodus.ExodusException
	at java.base/java.util.concurrent.FutureTask.report(FutureTask.java:122)
	at java.base/java.util.concurrent.FutureTask.get(FutureTask.java:191)
	at jetbrains.exodus.newLogConcept.MVCC.MVCCDataStructure.commitTransaction(MVCCDataStructure.java:299)
	at site.ycsb.db.XodusClient.insert(XodusClient.java:60)
	at site.ycsb.DBWrapper.insert(DBWrapper.java:227)
	at site.ycsb.workloads.CoreWorkload.doInsert(CoreWorkload.java:621)
	at site.ycsb.ClientThread.run(ClientThread.java:135)
	at java.base/java.lang.Thread.run(Thread.java:829)
Caused by: jetbrains.exodus.ExodusException
	at jetbrains.exodus.newLogConcept.garbageCollector.OperationLogGarbageCollector.moveAndRemoveRecordsFromLog(OperationLogGarbageCollector.java:69)
	at jetbrains.exodus.newLogConcept.garbageCollector.OperationLogGarbageCollector.clean(OperationLogGarbageCollector.java:51)
	at jetbrains.exodus.newLogConcept.MVCC.MVCCDataStructure.lambda$commitTransaction$1(MVCCDataStructure.java:297)
	at java.base/java.util.concurrent.Executors$RunnableAdapter.call(Executors.java:515)
	at java.base/java.util.concurrent.FutureTask.run(FutureTask.java:264)
	at java.base/java.util.concurrent.ThreadPoolExecutor.runWorker(ThreadPoolExecutor.java:1128)
	at java.base/java.util.concurrent.ThreadPoolExecutor$Worker.run(ThreadPoolExecutor.java:628)
	... 1 more
java.util.concurrent.ExecutionException: jetbrains.exodus.ExodusException
	at java.base/java.util.concurrent.FutureTask.report(FutureTask.java:122)
	at java.base/java.util.concurrent.FutureTask.get(FutureTask.java:191)
	at jetbrains.exodus.newLogConcept.MVCC.MVCCDataStructure.commitTransaction(MVCCDataStructure.java:299)
	at site.ycsb.db.XodusClient.insert(XodusClient.java:60)
	at site.ycsb.DBWrapper.insert(DBWrapper.java:227)
	at site.ycsb.workloads.CoreWorkload.doInsert(CoreWorkload.java:621)
	at site.ycsb.ClientThread.run(ClientThread.java:135)
	at java.base/java.lang.Thread.run(Thread.java:829)
Caused by: jetbrains.exodus.ExodusException
	at jetbrains.exodus.newLogConcept.garbageCollector.OperationLogGarbageCollector.moveAndRemoveRecordsFromLog(OperationLogGarbageCollector.java:69)
	at jetbrains.exodus.newLogConcept.garbageCollector.OperationLogGarbageCollector.clean(OperationLogGarbageCollector.java:51)
	at jetbrains.exodus.newLogConcept.MVCC.MVCCDataStructure.lambda$commitTransaction$1(MVCCDataStructure.java:297)
	at java.base/java.util.concurrent.Executors$RunnableAdapter.call(Executors.java:515)
	at java.base/java.util.concurrent.FutureTask.run(FutureTask.java:264)
	at java.base/java.util.concurrent.ThreadPoolExecutor.runWorker(ThreadPoolExecutor.java:1128)
	at java.base/java.util.concurrent.ThreadPoolExecutor$Worker.run(ThreadPoolExecutor.java:628)
	... 1 more
java.util.concurrent.ExecutionException: jetbrains.exodus.ExodusException
	at java.base/java.util.concurrent.FutureTask.report(FutureTask.java:122)
	at java.base/java.util.concurrent.FutureTask.get(FutureTask.java:191)
	at jetbrains.exodus.newLogConcept.MVCC.MVCCDataStructure.commitTransaction(MVCCDataStructure.java:299)
	at site.ycsb.db.XodusClient.insert(XodusClient.java:60)
	at site.ycsb.DBWrapper.insert(DBWrapper.java:227)
	at site.ycsb.workloads.CoreWorkload.doInsert(CoreWorkload.java:621)
	at site.ycsb.ClientThread.run(ClientThread.java:135)
	at java.base/java.lang.Thread.run(Thread.java:829)
Caused by: jetbrains.exodus.ExodusException
	at jetbrains.exodus.newLogConcept.garbageCollector.OperationLogGarbageCollector.moveAndRemoveRecordsFromLog(OperationLogGarbageCollector.java:69)
	at jetbrains.exodus.newLogConcept.garbageCollector.OperationLogGarbageCollector.clean(OperationLogGarbageCollector.java:51)
	at jetbrains.exodus.newLogConcept.MVCC.MVCCDataStructure.lambda$commitTransaction$1(MVCCDataStructure.java:297)
	at java.base/java.util.concurrent.Executors$RunnableAdapter.call(Executors.java:515)
	at java.base/java.util.concurrent.FutureTask.run(FutureTask.java:264)
	at java.base/java.util.concurrent.ThreadPoolExecutor.runWorker(ThreadPoolExecutor.java:1128)
	at java.base/java.util.concurrent.ThreadPoolExecutor$Worker.run(ThreadPoolExecutor.java:628)
	... 1 more
java.util.concurrent.ExecutionException: jetbrains.exodus.ExodusException
	at java.base/java.util.concurrent.FutureTask.report(FutureTask.java:122)
	at java.base/java.util.concurrent.FutureTask.get(FutureTask.java:191)
	at jetbrains.exodus.newLogConcept.MVCC.MVCCDataStructure.commitTransaction(MVCCDataStructure.java:299)
	at site.ycsb.db.XodusClient.insert(XodusClient.java:60)
	at site.ycsb.DBWrapper.insert(DBWrapper.java:227)
	at site.ycsb.workloads.CoreWorkload.doInsert(CoreWorkload.java:621)
	at site.ycsb.ClientThread.run(ClientThread.java:135)
	at java.base/java.lang.Thread.run(Thread.java:829)
Caused by: jetbrains.exodus.ExodusException
	at jetbrains.exodus.newLogConcept.garbageCollector.OperationLogGarbageCollector.moveAndRemoveRecordsFromLog(OperationLogGarbageCollector.java:69)
	at jetbrains.exodus.newLogConcept.garbageCollector.OperationLogGarbageCollector.clean(OperationLogGarbageCollector.java:51)
	at jetbrains.exodus.newLogConcept.MVCC.MVCCDataStructure.lambda$commitTransaction$1(MVCCDataStructure.java:297)
	at java.base/java.util.concurrent.Executors$RunnableAdapter.call(Executors.java:515)
	at java.base/java.util.concurrent.FutureTask.run(FutureTask.java:264)
	at java.base/java.util.concurrent.ThreadPoolExecutor.runWorker(ThreadPoolExecutor.java:1128)
	at java.base/java.util.concurrent.ThreadPoolExecutor$Worker.run(ThreadPoolExecutor.java:628)
	... 1 more
java.util.concurrent.ExecutionException: jetbrains.exodus.ExodusException
	at java.base/java.util.concurrent.FutureTask.report(FutureTask.java:122)
	at java.base/java.util.concurrent.FutureTask.get(FutureTask.java:191)
	at jetbrains.exodus.newLogConcept.MVCC.MVCCDataStructure.commitTransaction(MVCCDataStructure.java:299)
	at site.ycsb.db.XodusClient.insert(XodusClient.java:60)
	at site.ycsb.DBWrapper.insert(DBWrapper.java:227)
	at site.ycsb.workloads.CoreWorkload.doInsert(CoreWorkload.java:621)
	at site.ycsb.ClientThread.run(ClientThread.java:135)
	at java.base/java.lang.Thread.run(Thread.java:829)
Caused by: jetbrains.exodus.ExodusException
	at jetbrains.exodus.newLogConcept.garbageCollector.OperationLogGarbageCollector.moveAndRemoveRecordsFromLog(OperationLogGarbageCollector.java:69)
	at jetbrains.exodus.newLogConcept.garbageCollector.OperationLogGarbageCollector.clean(OperationLogGarbageCollector.java:51)
	at jetbrains.exodus.newLogConcept.MVCC.MVCCDataStructure.lambda$commitTransaction$1(MVCCDataStructure.java:297)
	at java.base/java.util.concurrent.Executors$RunnableAdapter.call(Executors.java:515)
	at java.base/java.util.concurrent.FutureTask.run(FutureTask.java:264)
	at java.base/java.util.concurrent.ThreadPoolExecutor.runWorker(ThreadPoolExecutor.java:1128)
	at java.base/java.util.concurrent.ThreadPoolExecutor$Worker.run(ThreadPoolExecutor.java:628)
	... 1 more
java.util.concurrent.ExecutionException: jetbrains.exodus.ExodusException
	at java.base/java.util.concurrent.FutureTask.report(FutureTask.java:122)
	at java.base/java.util.concurrent.FutureTask.get(FutureTask.java:191)
	at jetbrains.exodus.newLogConcept.MVCC.MVCCDataStructure.commitTransaction(MVCCDataStructure.java:299)
	at site.ycsb.db.XodusClient.insert(XodusClient.java:60)
	at site.ycsb.DBWrapper.insert(DBWrapper.java:227)
	at site.ycsb.workloads.CoreWorkload.doInsert(CoreWorkload.java:621)
	at site.ycsb.ClientThread.run(ClientThread.java:135)
	at java.base/java.lang.Thread.run(Thread.java:829)
Caused by: jetbrains.exodus.ExodusException
	at jetbrains.exodus.newLogConcept.garbageCollector.OperationLogGarbageCollector.moveAndRemoveRecordsFromLog(OperationLogGarbageCollector.java:69)
	at jetbrains.exodus.newLogConcept.garbageCollector.OperationLogGarbageCollector.clean(OperationLogGarbageCollector.java:51)
	at jetbrains.exodus.newLogConcept.MVCC.MVCCDataStructure.lambda$commitTransaction$1(MVCCDataStructure.java:297)
	at java.base/java.util.concurrent.Executors$RunnableAdapter.call(Executors.java:515)
	at java.base/java.util.concurrent.FutureTask.run(FutureTask.java:264)
	at java.base/java.util.concurrent.ThreadPoolExecutor.runWorker(ThreadPoolExecutor.java:1128)
	at java.base/java.util.concurrent.ThreadPoolExecutor$Worker.run(ThreadPoolExecutor.java:628)
	... 1 more
java.util.concurrent.ExecutionException: jetbrains.exodus.ExodusException
	at java.base/java.util.concurrent.FutureTask.report(FutureTask.java:122)
	at java.base/java.util.concurrent.FutureTask.get(FutureTask.java:191)
	at jetbrains.exodus.newLogConcept.MVCC.MVCCDataStructure.commitTransaction(MVCCDataStructure.java:299)
	at site.ycsb.db.XodusClient.insert(XodusClient.java:60)
	at site.ycsb.DBWrapper.insert(DBWrapper.java:227)
	at site.ycsb.workloads.CoreWorkload.doInsert(CoreWorkload.java:621)
	at site.ycsb.ClientThread.run(ClientThread.java:135)
	at java.base/java.lang.Thread.run(Thread.java:829)
Caused by: jetbrains.exodus.ExodusException
	at jetbrains.exodus.newLogConcept.garbageCollector.OperationLogGarbageCollector.moveAndRemoveRecordsFromLog(OperationLogGarbageCollector.java:69)
	at jetbrains.exodus.newLogConcept.garbageCollector.OperationLogGarbageCollector.clean(OperationLogGarbageCollector.java:51)
	at jetbrains.exodus.newLogConcept.MVCC.MVCCDataStructure.lambda$commitTransaction$1(MVCCDataStructure.java:297)
	at java.base/java.util.concurrent.Executors$RunnableAdapter.call(Executors.java:515)
	at java.base/java.util.concurrent.FutureTask.run(FutureTask.java:264)
	at java.base/java.util.concurrent.ThreadPoolExecutor.runWorker(ThreadPoolExecutor.java:1128)
	at java.base/java.util.concurrent.ThreadPoolExecutor$Worker.run(ThreadPoolExecutor.java:628)
	... 1 more
java.util.concurrent.ExecutionException: jetbrains.exodus.ExodusException
	at java.base/java.util.concurrent.FutureTask.report(FutureTask.java:122)
	at java.base/java.util.concurrent.FutureTask.get(FutureTask.java:191)
	at jetbrains.exodus.newLogConcept.MVCC.MVCCDataStructure.commitTransaction(MVCCDataStructure.java:299)
	at site.ycsb.db.XodusClient.insert(XodusClient.java:60)
	at site.ycsb.DBWrapper.insert(DBWrapper.java:227)
	at site.ycsb.workloads.CoreWorkload.doInsert(CoreWorkload.java:621)
	at site.ycsb.ClientThread.run(ClientThread.java:135)
	at java.base/java.lang.Thread.run(Thread.java:829)
Caused by: jetbrains.exodus.ExodusException
	at jetbrains.exodus.newLogConcept.garbageCollector.OperationLogGarbageCollector.moveAndRemoveRecordsFromLog(OperationLogGarbageCollector.java:69)
	at jetbrains.exodus.newLogConcept.garbageCollector.OperationLogGarbageCollector.clean(OperationLogGarbageCollector.java:51)
	at jetbrains.exodus.newLogConcept.MVCC.MVCCDataStructure.lambda$commitTransaction$1(MVCCDataStructure.java:297)
	at java.base/java.util.concurrent.Executors$RunnableAdapter.call(Executors.java:515)
	at java.base/java.util.concurrent.FutureTask.run(FutureTask.java:264)
	at java.base/java.util.concurrent.ThreadPoolExecutor.runWorker(ThreadPoolExecutor.java:1128)
	at java.base/java.util.concurrent.ThreadPoolExecutor$Worker.run(ThreadPoolExecutor.java:628)
	... 1 more
java.util.concurrent.ExecutionException: jetbrains.exodus.ExodusException
	at java.base/java.util.concurrent.FutureTask.report(FutureTask.java:122)
	at java.base/java.util.concurrent.FutureTask.get(FutureTask.java:191)
	at jetbrains.exodus.newLogConcept.MVCC.MVCCDataStructure.commitTransaction(MVCCDataStructure.java:299)
	at site.ycsb.db.XodusClient.insert(XodusClient.java:60)
	at site.ycsb.DBWrapper.insert(DBWrapper.java:227)
	at site.ycsb.workloads.CoreWorkload.doInsert(CoreWorkload.java:621)
	at site.ycsb.ClientThread.run(ClientThread.java:135)
	at java.base/java.lang.Thread.run(Thread.java:829)
Caused by: jetbrains.exodus.ExodusException
	at jetbrains.exodus.newLogConcept.garbageCollector.OperationLogGarbageCollector.moveAndRemoveRecordsFromLog(OperationLogGarbageCollector.java:69)
	at jetbrains.exodus.newLogConcept.garbageCollector.OperationLogGarbageCollector.clean(OperationLogGarbageCollector.java:51)
	at jetbrains.exodus.newLogConcept.MVCC.MVCCDataStructure.lambda$commitTransaction$1(MVCCDataStructure.java:297)
	at java.base/java.util.concurrent.Executors$RunnableAdapter.call(Executors.java:515)
	at java.base/java.util.concurrent.FutureTask.run(FutureTask.java:264)
	at java.base/java.util.concurrent.ThreadPoolExecutor.runWorker(ThreadPoolExecutor.java:1128)
	at java.base/java.util.concurrent.ThreadPoolExecutor$Worker.run(ThreadPoolExecutor.java:628)
	... 1 more
java.util.concurrent.ExecutionException: jetbrains.exodus.ExodusException
	at java.base/java.util.concurrent.FutureTask.report(FutureTask.java:122)
	at java.base/java.util.concurrent.FutureTask.get(FutureTask.java:191)
	at jetbrains.exodus.newLogConcept.MVCC.MVCCDataStructure.commitTransaction(MVCCDataStructure.java:299)
	at site.ycsb.db.XodusClient.insert(XodusClient.java:60)
	at site.ycsb.DBWrapper.insert(DBWrapper.java:227)
	at site.ycsb.workloads.CoreWorkload.doInsert(CoreWorkload.java:621)
	at site.ycsb.ClientThread.run(ClientThread.java:135)
	at java.base/java.lang.Thread.run(Thread.java:829)
Caused by: jetbrains.exodus.ExodusException
	at jetbrains.exodus.newLogConcept.garbageCollector.OperationLogGarbageCollector.moveAndRemoveRecordsFromLog(OperationLogGarbageCollector.java:69)
	at jetbrains.exodus.newLogConcept.garbageCollector.OperationLogGarbageCollector.clean(OperationLogGarbageCollector.java:51)
	at jetbrains.exodus.newLogConcept.MVCC.MVCCDataStructure.lambda$commitTransaction$1(MVCCDataStructure.java:297)
	at java.base/java.util.concurrent.Executors$RunnableAdapter.call(Executors.java:515)
	at java.base/java.util.concurrent.FutureTask.run(FutureTask.java:264)
	at java.base/java.util.concurrent.ThreadPoolExecutor.runWorker(ThreadPoolExecutor.java:1128)
	at java.base/java.util.concurrent.ThreadPoolExecutor$Worker.run(ThreadPoolExecutor.java:628)
	... 1 more
java.util.concurrent.ExecutionException: jetbrains.exodus.ExodusException
	at java.base/java.util.concurrent.FutureTask.report(FutureTask.java:122)
	at java.base/java.util.concurrent.FutureTask.get(FutureTask.java:191)
	at jetbrains.exodus.newLogConcept.MVCC.MVCCDataStructure.commitTransaction(MVCCDataStructure.java:299)
	at site.ycsb.db.XodusClient.insert(XodusClient.java:60)
	at site.ycsb.DBWrapper.insert(DBWrapper.java:227)
	at site.ycsb.workloads.CoreWorkload.doInsert(CoreWorkload.java:621)
	at site.ycsb.ClientThread.run(ClientThread.java:135)
	at java.base/java.lang.Thread.run(Thread.java:829)
Caused by: jetbrains.exodus.ExodusException
	at jetbrains.exodus.newLogConcept.garbageCollector.OperationLogGarbageCollector.moveAndRemoveRecordsFromLog(OperationLogGarbageCollector.java:69)
	at jetbrains.exodus.newLogConcept.garbageCollector.OperationLogGarbageCollector.clean(OperationLogGarbageCollector.java:51)
	at jetbrains.exodus.newLogConcept.MVCC.MVCCDataStructure.lambda$commitTransaction$1(MVCCDataStructure.java:297)
	at java.base/java.util.concurrent.Executors$RunnableAdapter.call(Executors.java:515)
	at java.base/java.util.concurrent.FutureTask.run(FutureTask.java:264)
	at java.base/java.util.concurrent.ThreadPoolExecutor.runWorker(ThreadPoolExecutor.java:1128)
	at java.base/java.util.concurrent.ThreadPoolExecutor$Worker.run(ThreadPoolExecutor.java:628)
	... 1 more
java.util.concurrent.ExecutionException: jetbrains.exodus.ExodusException
	at java.base/java.util.concurrent.FutureTask.report(FutureTask.java:122)
	at java.base/java.util.concurrent.FutureTask.get(FutureTask.java:191)
	at jetbrains.exodus.newLogConcept.MVCC.MVCCDataStructure.commitTransaction(MVCCDataStructure.java:299)
	at site.ycsb.db.XodusClient.insert(XodusClient.java:60)
	at site.ycsb.DBWrapper.insert(DBWrapper.java:227)
	at site.ycsb.workloads.CoreWorkload.doInsert(CoreWorkload.java:621)
	at site.ycsb.ClientThread.run(ClientThread.java:135)
	at java.base/java.lang.Thread.run(Thread.java:829)
Caused by: jetbrains.exodus.ExodusException
	at jetbrains.exodus.newLogConcept.garbageCollector.OperationLogGarbageCollector.moveAndRemoveRecordsFromLog(OperationLogGarbageCollector.java:69)
	at jetbrains.exodus.newLogConcept.garbageCollector.OperationLogGarbageCollector.clean(OperationLogGarbageCollector.java:51)
	at jetbrains.exodus.newLogConcept.MVCC.MVCCDataStructure.lambda$commitTransaction$1(MVCCDataStructure.java:297)
	at java.base/java.util.concurrent.Executors$RunnableAdapter.call(Executors.java:515)
	at java.base/java.util.concurrent.FutureTask.run(FutureTask.java:264)
	at java.base/java.util.concurrent.ThreadPoolExecutor.runWorker(ThreadPoolExecutor.java:1128)
	at java.base/java.util.concurrent.ThreadPoolExecutor$Worker.run(ThreadPoolExecutor.java:628)
	... 1 more
java.util.concurrent.ExecutionException: jetbrains.exodus.ExodusException
	at java.base/java.util.concurrent.FutureTask.report(FutureTask.java:122)
	at java.base/java.util.concurrent.FutureTask.get(FutureTask.java:191)
	at jetbrains.exodus.newLogConcept.MVCC.MVCCDataStructure.commitTransaction(MVCCDataStructure.java:299)
	at site.ycsb.db.XodusClient.insert(XodusClient.java:60)
	at site.ycsb.DBWrapper.insert(DBWrapper.java:227)
	at site.ycsb.workloads.CoreWorkload.doInsert(CoreWorkload.java:621)
	at site.ycsb.ClientThread.run(ClientThread.java:135)
	at java.base/java.lang.Thread.run(Thread.java:829)
Caused by: jetbrains.exodus.ExodusException
	at jetbrains.exodus.newLogConcept.garbageCollector.OperationLogGarbageCollector.moveAndRemoveRecordsFromLog(OperationLogGarbageCollector.java:69)
	at jetbrains.exodus.newLogConcept.garbageCollector.OperationLogGarbageCollector.clean(OperationLogGarbageCollector.java:51)
	at jetbrains.exodus.newLogConcept.MVCC.MVCCDataStructure.lambda$commitTransaction$1(MVCCDataStructure.java:297)
	at java.base/java.util.concurrent.Executors$RunnableAdapter.call(Executors.java:515)
	at java.base/java.util.concurrent.FutureTask.run(FutureTask.java:264)
	at java.base/java.util.concurrent.ThreadPoolExecutor.runWorker(ThreadPoolExecutor.java:1128)
	at java.base/java.util.concurrent.ThreadPoolExecutor$Worker.run(ThreadPoolExecutor.java:628)
	... 1 more
java.util.concurrent.ExecutionException: jetbrains.exodus.ExodusException
	at java.base/java.util.concurrent.FutureTask.report(FutureTask.java:122)
	at java.base/java.util.concurrent.FutureTask.get(FutureTask.java:191)
	at jetbrains.exodus.newLogConcept.MVCC.MVCCDataStructure.commitTransaction(MVCCDataStructure.java:299)
	at site.ycsb.db.XodusClient.insert(XodusClient.java:60)
	at site.ycsb.DBWrapper.insert(DBWrapper.java:227)
	at site.ycsb.workloads.CoreWorkload.doInsert(CoreWorkload.java:621)
	at site.ycsb.ClientThread.run(ClientThread.java:135)
	at java.base/java.lang.Thread.run(Thread.java:829)
Caused by: jetbrains.exodus.ExodusException
	at jetbrains.exodus.newLogConcept.garbageCollector.OperationLogGarbageCollector.moveAndRemoveRecordsFromLog(OperationLogGarbageCollector.java:69)
	at jetbrains.exodus.newLogConcept.garbageCollector.OperationLogGarbageCollector.clean(OperationLogGarbageCollector.java:51)
	at jetbrains.exodus.newLogConcept.MVCC.MVCCDataStructure.lambda$commitTransaction$1(MVCCDataStructure.java:297)
	at java.base/java.util.concurrent.Executors$RunnableAdapter.call(Executors.java:515)
	at java.base/java.util.concurrent.FutureTask.run(FutureTask.java:264)
	at java.base/java.util.concurrent.ThreadPoolExecutor.runWorker(ThreadPoolExecutor.java:1128)
	at java.base/java.util.concurrent.ThreadPoolExecutor$Worker.run(ThreadPoolExecutor.java:628)
	... 1 more
java.util.concurrent.ExecutionException: jetbrains.exodus.ExodusException
	at java.base/java.util.concurrent.FutureTask.report(FutureTask.java:122)
	at java.base/java.util.concurrent.FutureTask.get(FutureTask.java:191)
	at jetbrains.exodus.newLogConcept.MVCC.MVCCDataStructure.commitTransaction(MVCCDataStructure.java:299)
	at site.ycsb.db.XodusClient.insert(XodusClient.java:60)
	at site.ycsb.DBWrapper.insert(DBWrapper.java:227)
	at site.ycsb.workloads.CoreWorkload.doInsert(CoreWorkload.java:621)
	at site.ycsb.ClientThread.run(ClientThread.java:135)
	at java.base/java.lang.Thread.run(Thread.java:829)
Caused by: jetbrains.exodus.ExodusException
	at jetbrains.exodus.newLogConcept.garbageCollector.OperationLogGarbageCollector.moveAndRemoveRecordsFromLog(OperationLogGarbageCollector.java:69)
	at jetbrains.exodus.newLogConcept.garbageCollector.OperationLogGarbageCollector.clean(OperationLogGarbageCollector.java:51)
	at jetbrains.exodus.newLogConcept.MVCC.MVCCDataStructure.lambda$commitTransaction$1(MVCCDataStructure.java:297)
	at java.base/java.util.concurrent.Executors$RunnableAdapter.call(Executors.java:515)
	at java.base/java.util.concurrent.FutureTask.run(FutureTask.java:264)
	at java.base/java.util.concurrent.ThreadPoolExecutor.runWorker(ThreadPoolExecutor.java:1128)
	at java.base/java.util.concurrent.ThreadPoolExecutor$Worker.run(ThreadPoolExecutor.java:628)
	... 1 more
java.util.concurrent.ExecutionException: jetbrains.exodus.ExodusException
	at java.base/java.util.concurrent.FutureTask.report(FutureTask.java:122)
	at java.base/java.util.concurrent.FutureTask.get(FutureTask.java:191)
	at jetbrains.exodus.newLogConcept.MVCC.MVCCDataStructure.commitTransaction(MVCCDataStructure.java:299)
	at site.ycsb.db.XodusClient.insert(XodusClient.java:60)
	at site.ycsb.DBWrapper.insert(DBWrapper.java:227)
	at site.ycsb.workloads.CoreWorkload.doInsert(CoreWorkload.java:621)
	at site.ycsb.ClientThread.run(ClientThread.java:135)
	at java.base/java.lang.Thread.run(Thread.java:829)
Caused by: jetbrains.exodus.ExodusException
	at jetbrains.exodus.newLogConcept.garbageCollector.OperationLogGarbageCollector.moveAndRemoveRecordsFromLog(OperationLogGarbageCollector.java:69)
	at jetbrains.exodus.newLogConcept.garbageCollector.OperationLogGarbageCollector.clean(OperationLogGarbageCollector.java:51)
	at jetbrains.exodus.newLogConcept.MVCC.MVCCDataStructure.lambda$commitTransaction$1(MVCCDataStructure.java:297)
	at java.base/java.util.concurrent.Executors$RunnableAdapter.call(Executors.java:515)
	at java.base/java.util.concurrent.FutureTask.run(FutureTask.java:264)
	at java.base/java.util.concurrent.ThreadPoolExecutor.runWorker(ThreadPoolExecutor.java:1128)
	at java.base/java.util.concurrent.ThreadPoolExecutor$Worker.run(ThreadPoolExecutor.java:628)
	... 1 more
java.util.concurrent.ExecutionException: jetbrains.exodus.ExodusException
	at java.base/java.util.concurrent.FutureTask.report(FutureTask.java:122)
	at java.base/java.util.concurrent.FutureTask.get(FutureTask.java:191)
	at jetbrains.exodus.newLogConcept.MVCC.MVCCDataStructure.commitTransaction(MVCCDataStructure.java:299)
	at site.ycsb.db.XodusClient.insert(XodusClient.java:60)
	at site.ycsb.DBWrapper.insert(DBWrapper.java:227)
	at site.ycsb.workloads.CoreWorkload.doInsert(CoreWorkload.java:621)
	at site.ycsb.ClientThread.run(ClientThread.java:135)
	at java.base/java.lang.Thread.run(Thread.java:829)
Caused by: jetbrains.exodus.ExodusException
	at jetbrains.exodus.newLogConcept.garbageCollector.OperationLogGarbageCollector.moveAndRemoveRecordsFromLog(OperationLogGarbageCollector.java:69)
	at jetbrains.exodus.newLogConcept.garbageCollector.OperationLogGarbageCollector.clean(OperationLogGarbageCollector.java:51)
	at jetbrains.exodus.newLogConcept.MVCC.MVCCDataStructure.lambda$commitTransaction$1(MVCCDataStructure.java:297)
	at java.base/java.util.concurrent.Executors$RunnableAdapter.call(Executors.java:515)
	at java.base/java.util.concurrent.FutureTask.run(FutureTask.java:264)
	at java.base/java.util.concurrent.ThreadPoolExecutor.runWorker(ThreadPoolExecutor.java:1128)
	at java.base/java.util.concurrent.ThreadPoolExecutor$Worker.run(ThreadPoolExecutor.java:628)
	... 1 more
java.util.concurrent.ExecutionException: jetbrains.exodus.ExodusException
	at java.base/java.util.concurrent.FutureTask.report(FutureTask.java:122)
	at java.base/java.util.concurrent.FutureTask.get(FutureTask.java:191)
	at jetbrains.exodus.newLogConcept.MVCC.MVCCDataStructure.commitTransaction(MVCCDataStructure.java:299)
	at site.ycsb.db.XodusClient.insert(XodusClient.java:60)
	at site.ycsb.DBWrapper.insert(DBWrapper.java:227)
	at site.ycsb.workloads.CoreWorkload.doInsert(CoreWorkload.java:621)
	at site.ycsb.ClientThread.run(ClientThread.java:135)
	at java.base/java.lang.Thread.run(Thread.java:829)
Caused by: jetbrains.exodus.ExodusException
	at jetbrains.exodus.newLogConcept.garbageCollector.OperationLogGarbageCollector.moveAndRemoveRecordsFromLog(OperationLogGarbageCollector.java:69)
	at jetbrains.exodus.newLogConcept.garbageCollector.OperationLogGarbageCollector.clean(OperationLogGarbageCollector.java:51)
	at jetbrains.exodus.newLogConcept.MVCC.MVCCDataStructure.lambda$commitTransaction$1(MVCCDataStructure.java:297)
	at java.base/java.util.concurrent.Executors$RunnableAdapter.call(Executors.java:515)
	at java.base/java.util.concurrent.FutureTask.run(FutureTask.java:264)
	at java.base/java.util.concurrent.ThreadPoolExecutor.runWorker(ThreadPoolExecutor.java:1128)
	at java.base/java.util.concurrent.ThreadPoolExecutor$Worker.run(ThreadPoolExecutor.java:628)
	... 1 more
java.util.concurrent.ExecutionException: jetbrains.exodus.ExodusException
	at java.base/java.util.concurrent.FutureTask.report(FutureTask.java:122)
	at java.base/java.util.concurrent.FutureTask.get(FutureTask.java:191)
	at jetbrains.exodus.newLogConcept.MVCC.MVCCDataStructure.commitTransaction(MVCCDataStructure.java:299)
	at site.ycsb.db.XodusClient.insert(XodusClient.java:60)
	at site.ycsb.DBWrapper.insert(DBWrapper.java:227)
	at site.ycsb.workloads.CoreWorkload.doInsert(CoreWorkload.java:621)
	at site.ycsb.ClientThread.run(ClientThread.java:135)
	at java.base/java.lang.Thread.run(Thread.java:829)
Caused by: jetbrains.exodus.ExodusException
	at jetbrains.exodus.newLogConcept.garbageCollector.OperationLogGarbageCollector.moveAndRemoveRecordsFromLog(OperationLogGarbageCollector.java:69)
	at jetbrains.exodus.newLogConcept.garbageCollector.OperationLogGarbageCollector.clean(OperationLogGarbageCollector.java:51)
	at jetbrains.exodus.newLogConcept.MVCC.MVCCDataStructure.lambda$commitTransaction$1(MVCCDataStructure.java:297)
	at java.base/java.util.concurrent.Executors$RunnableAdapter.call(Executors.java:515)
	at java.base/java.util.concurrent.FutureTask.run(FutureTask.java:264)
	at java.base/java.util.concurrent.ThreadPoolExecutor.runWorker(ThreadPoolExecutor.java:1128)
	at java.base/java.util.concurrent.ThreadPoolExecutor$Worker.run(ThreadPoolExecutor.java:628)
	... 1 more
java.util.concurrent.ExecutionException: jetbrains.exodus.ExodusException
	at java.base/java.util.concurrent.FutureTask.report(FutureTask.java:122)
	at java.base/java.util.concurrent.FutureTask.get(FutureTask.java:191)
	at jetbrains.exodus.newLogConcept.MVCC.MVCCDataStructure.commitTransaction(MVCCDataStructure.java:299)
	at site.ycsb.db.XodusClient.insert(XodusClient.java:60)
	at site.ycsb.DBWrapper.insert(DBWrapper.java:227)
	at site.ycsb.workloads.CoreWorkload.doInsert(CoreWorkload.java:621)
	at site.ycsb.ClientThread.run(ClientThread.java:135)
	at java.base/java.lang.Thread.run(Thread.java:829)
Caused by: jetbrains.exodus.ExodusException
	at jetbrains.exodus.newLogConcept.garbageCollector.OperationLogGarbageCollector.moveAndRemoveRecordsFromLog(OperationLogGarbageCollector.java:69)
	at jetbrains.exodus.newLogConcept.garbageCollector.OperationLogGarbageCollector.clean(OperationLogGarbageCollector.java:51)
	at jetbrains.exodus.newLogConcept.MVCC.MVCCDataStructure.lambda$commitTransaction$1(MVCCDataStructure.java:297)
	at java.base/java.util.concurrent.Executors$RunnableAdapter.call(Executors.java:515)
	at java.base/java.util.concurrent.FutureTask.run(FutureTask.java:264)
	at java.base/java.util.concurrent.ThreadPoolExecutor.runWorker(ThreadPoolExecutor.java:1128)
	at java.base/java.util.concurrent.ThreadPoolExecutor$Worker.run(ThreadPoolExecutor.java:628)
	... 1 more
java.util.concurrent.ExecutionException: jetbrains.exodus.ExodusException
	at java.base/java.util.concurrent.FutureTask.report(FutureTask.java:122)
	at java.base/java.util.concurrent.FutureTask.get(FutureTask.java:191)
	at jetbrains.exodus.newLogConcept.MVCC.MVCCDataStructure.commitTransaction(MVCCDataStructure.java:299)
	at site.ycsb.db.XodusClient.insert(XodusClient.java:60)
	at site.ycsb.DBWrapper.insert(DBWrapper.java:227)
	at site.ycsb.workloads.CoreWorkload.doInsert(CoreWorkload.java:621)
	at site.ycsb.ClientThread.run(ClientThread.java:135)
	at java.base/java.lang.Thread.run(Thread.java:829)
Caused by: jetbrains.exodus.ExodusException
	at jetbrains.exodus.newLogConcept.garbageCollector.OperationLogGarbageCollector.moveAndRemoveRecordsFromLog(OperationLogGarbageCollector.java:69)
	at jetbrains.exodus.newLogConcept.garbageCollector.OperationLogGarbageCollector.clean(OperationLogGarbageCollector.java:51)
	at jetbrains.exodus.newLogConcept.MVCC.MVCCDataStructure.lambda$commitTransaction$1(MVCCDataStructure.java:297)
	at java.base/java.util.concurrent.Executors$RunnableAdapter.call(Executors.java:515)
	at java.base/java.util.concurrent.FutureTask.run(FutureTask.java:264)
	at java.base/java.util.concurrent.ThreadPoolExecutor.runWorker(ThreadPoolExecutor.java:1128)
	at java.base/java.util.concurrent.ThreadPoolExecutor$Worker.run(ThreadPoolExecutor.java:628)
	... 1 more
java.util.concurrent.ExecutionException: jetbrains.exodus.ExodusException
	at java.base/java.util.concurrent.FutureTask.report(FutureTask.java:122)
	at java.base/java.util.concurrent.FutureTask.get(FutureTask.java:191)
	at jetbrains.exodus.newLogConcept.MVCC.MVCCDataStructure.commitTransaction(MVCCDataStructure.java:299)
	at site.ycsb.db.XodusClient.insert(XodusClient.java:60)
	at site.ycsb.DBWrapper.insert(DBWrapper.java:227)
	at site.ycsb.workloads.CoreWorkload.doInsert(CoreWorkload.java:621)
	at site.ycsb.ClientThread.run(ClientThread.java:135)
	at java.base/java.lang.Thread.run(Thread.java:829)
Caused by: jetbrains.exodus.ExodusException
	at jetbrains.exodus.newLogConcept.garbageCollector.OperationLogGarbageCollector.moveAndRemoveRecordsFromLog(OperationLogGarbageCollector.java:69)
	at jetbrains.exodus.newLogConcept.garbageCollector.OperationLogGarbageCollector.clean(OperationLogGarbageCollector.java:51)
	at jetbrains.exodus.newLogConcept.MVCC.MVCCDataStructure.lambda$commitTransaction$1(MVCCDataStructure.java:297)
	at java.base/java.util.concurrent.Executors$RunnableAdapter.call(Executors.java:515)
	at java.base/java.util.concurrent.FutureTask.run(FutureTask.java:264)
	at java.base/java.util.concurrent.ThreadPoolExecutor.runWorker(ThreadPoolExecutor.java:1128)
	at java.base/java.util.concurrent.ThreadPoolExecutor$Worker.run(ThreadPoolExecutor.java:628)
	... 1 more
java.util.concurrent.ExecutionException: jetbrains.exodus.ExodusException
	at java.base/java.util.concurrent.FutureTask.report(FutureTask.java:122)
	at java.base/java.util.concurrent.FutureTask.get(FutureTask.java:191)
	at jetbrains.exodus.newLogConcept.MVCC.MVCCDataStructure.commitTransaction(MVCCDataStructure.java:299)
	at site.ycsb.db.XodusClient.insert(XodusClient.java:60)
	at site.ycsb.DBWrapper.insert(DBWrapper.java:227)
	at site.ycsb.workloads.CoreWorkload.doInsert(CoreWorkload.java:621)
	at site.ycsb.ClientThread.run(ClientThread.java:135)
	at java.base/java.lang.Thread.run(Thread.java:829)
Caused by: jetbrains.exodus.ExodusException
	at jetbrains.exodus.newLogConcept.garbageCollector.OperationLogGarbageCollector.moveAndRemoveRecordsFromLog(OperationLogGarbageCollector.java:69)
	at jetbrains.exodus.newLogConcept.garbageCollector.OperationLogGarbageCollector.clean(OperationLogGarbageCollector.java:51)
	at jetbrains.exodus.newLogConcept.MVCC.MVCCDataStructure.lambda$commitTransaction$1(MVCCDataStructure.java:297)
	at java.base/java.util.concurrent.Executors$RunnableAdapter.call(Executors.java:515)
	at java.base/java.util.concurrent.FutureTask.run(FutureTask.java:264)
	at java.base/java.util.concurrent.ThreadPoolExecutor.runWorker(ThreadPoolExecutor.java:1128)
	at java.base/java.util.concurrent.ThreadPoolExecutor$Worker.run(ThreadPoolExecutor.java:628)
	... 1 more
java.util.concurrent.ExecutionException: jetbrains.exodus.ExodusException
	at java.base/java.util.concurrent.FutureTask.report(FutureTask.java:122)
	at java.base/java.util.concurrent.FutureTask.get(FutureTask.java:191)
	at jetbrains.exodus.newLogConcept.MVCC.MVCCDataStructure.commitTransaction(MVCCDataStructure.java:299)
	at site.ycsb.db.XodusClient.insert(XodusClient.java:60)
	at site.ycsb.DBWrapper.insert(DBWrapper.java:227)
	at site.ycsb.workloads.CoreWorkload.doInsert(CoreWorkload.java:621)
	at site.ycsb.ClientThread.run(ClientThread.java:135)
	at java.base/java.lang.Thread.run(Thread.java:829)
Caused by: jetbrains.exodus.ExodusException
	at jetbrains.exodus.newLogConcept.garbageCollector.OperationLogGarbageCollector.moveAndRemoveRecordsFromLog(OperationLogGarbageCollector.java:69)
	at jetbrains.exodus.newLogConcept.garbageCollector.OperationLogGarbageCollector.clean(OperationLogGarbageCollector.java:51)
	at jetbrains.exodus.newLogConcept.MVCC.MVCCDataStructure.lambda$commitTransaction$1(MVCCDataStructure.java:297)
	at java.base/java.util.concurrent.Executors$RunnableAdapter.call(Executors.java:515)
	at java.base/java.util.concurrent.FutureTask.run(FutureTask.java:264)
	at java.base/java.util.concurrent.ThreadPoolExecutor.runWorker(ThreadPoolExecutor.java:1128)
	at java.base/java.util.concurrent.ThreadPoolExecutor$Worker.run(ThreadPoolExecutor.java:628)
	... 1 more
java.util.concurrent.ExecutionException: jetbrains.exodus.ExodusException
	at java.base/java.util.concurrent.FutureTask.report(FutureTask.java:122)
	at java.base/java.util.concurrent.FutureTask.get(FutureTask.java:191)
	at jetbrains.exodus.newLogConcept.MVCC.MVCCDataStructure.commitTransaction(MVCCDataStructure.java:299)
	at site.ycsb.db.XodusClient.insert(XodusClient.java:60)
	at site.ycsb.DBWrapper.insert(DBWrapper.java:227)
	at site.ycsb.workloads.CoreWorkload.doInsert(CoreWorkload.java:621)
	at site.ycsb.ClientThread.run(ClientThread.java:135)
	at java.base/java.lang.Thread.run(Thread.java:829)
Caused by: jetbrains.exodus.ExodusException
	at jetbrains.exodus.newLogConcept.garbageCollector.OperationLogGarbageCollector.moveAndRemoveRecordsFromLog(OperationLogGarbageCollector.java:69)
	at jetbrains.exodus.newLogConcept.garbageCollector.OperationLogGarbageCollector.clean(OperationLogGarbageCollector.java:51)
	at jetbrains.exodus.newLogConcept.MVCC.MVCCDataStructure.lambda$commitTransaction$1(MVCCDataStructure.java:297)
	at java.base/java.util.concurrent.Executors$RunnableAdapter.call(Executors.java:515)
	at java.base/java.util.concurrent.FutureTask.run(FutureTask.java:264)
	at java.base/java.util.concurrent.ThreadPoolExecutor.runWorker(ThreadPoolExecutor.java:1128)
	at java.base/java.util.concurrent.ThreadPoolExecutor$Worker.run(ThreadPoolExecutor.java:628)
	... 1 more
java.util.concurrent.ExecutionException: jetbrains.exodus.ExodusException
	at java.base/java.util.concurrent.FutureTask.report(FutureTask.java:122)
	at java.base/java.util.concurrent.FutureTask.get(FutureTask.java:191)
	at jetbrains.exodus.newLogConcept.MVCC.MVCCDataStructure.commitTransaction(MVCCDataStructure.java:299)
	at site.ycsb.db.XodusClient.insert(XodusClient.java:60)
	at site.ycsb.DBWrapper.insert(DBWrapper.java:227)
	at site.ycsb.workloads.CoreWorkload.doInsert(CoreWorkload.java:621)
	at site.ycsb.ClientThread.run(ClientThread.java:135)
	at java.base/java.lang.Thread.run(Thread.java:829)
Caused by: jetbrains.exodus.ExodusException
	at jetbrains.exodus.newLogConcept.garbageCollector.OperationLogGarbageCollector.moveAndRemoveRecordsFromLog(OperationLogGarbageCollector.java:69)
	at jetbrains.exodus.newLogConcept.garbageCollector.OperationLogGarbageCollector.clean(OperationLogGarbageCollector.java:51)
	at jetbrains.exodus.newLogConcept.MVCC.MVCCDataStructure.lambda$commitTransaction$1(MVCCDataStructure.java:297)
	at java.base/java.util.concurrent.Executors$RunnableAdapter.call(Executors.java:515)
	at java.base/java.util.concurrent.FutureTask.run(FutureTask.java:264)
	at java.base/java.util.concurrent.ThreadPoolExecutor.runWorker(ThreadPoolExecutor.java:1128)
	at java.base/java.util.concurrent.ThreadPoolExecutor$Worker.run(ThreadPoolExecutor.java:628)
	... 1 more
java.util.concurrent.ExecutionException: jetbrains.exodus.ExodusException
	at java.base/java.util.concurrent.FutureTask.report(FutureTask.java:122)
	at java.base/java.util.concurrent.FutureTask.get(FutureTask.java:191)
	at jetbrains.exodus.newLogConcept.MVCC.MVCCDataStructure.commitTransaction(MVCCDataStructure.java:299)
	at site.ycsb.db.XodusClient.insert(XodusClient.java:60)
	at site.ycsb.DBWrapper.insert(DBWrapper.java:227)
	at site.ycsb.workloads.CoreWorkload.doInsert(CoreWorkload.java:621)
	at site.ycsb.ClientThread.run(ClientThread.java:135)
	at java.base/java.lang.Thread.run(Thread.java:829)
Caused by: jetbrains.exodus.ExodusException
	at jetbrains.exodus.newLogConcept.garbageCollector.OperationLogGarbageCollector.moveAndRemoveRecordsFromLog(OperationLogGarbageCollector.java:69)
	at jetbrains.exodus.newLogConcept.garbageCollector.OperationLogGarbageCollector.clean(OperationLogGarbageCollector.java:51)
	at jetbrains.exodus.newLogConcept.MVCC.MVCCDataStructure.lambda$commitTransaction$1(MVCCDataStructure.java:297)
	at java.base/java.util.concurrent.Executors$RunnableAdapter.call(Executors.java:515)
	at java.base/java.util.concurrent.FutureTask.run(FutureTask.java:264)
	at java.base/java.util.concurrent.ThreadPoolExecutor.runWorker(ThreadPoolExecutor.java:1128)
	at java.base/java.util.concurrent.ThreadPoolExecutor$Worker.run(ThreadPoolExecutor.java:628)
	... 1 more
java.util.concurrent.ExecutionException: jetbrains.exodus.ExodusException
	at java.base/java.util.concurrent.FutureTask.report(FutureTask.java:122)
	at java.base/java.util.concurrent.FutureTask.get(FutureTask.java:191)
	at jetbrains.exodus.newLogConcept.MVCC.MVCCDataStructure.commitTransaction(MVCCDataStructure.java:299)
	at site.ycsb.db.XodusClient.insert(XodusClient.java:60)
	at site.ycsb.DBWrapper.insert(DBWrapper.java:227)
	at site.ycsb.workloads.CoreWorkload.doInsert(CoreWorkload.java:621)
	at site.ycsb.ClientThread.run(ClientThread.java:135)
	at java.base/java.lang.Thread.run(Thread.java:829)
Caused by: jetbrains.exodus.ExodusException
	at jetbrains.exodus.newLogConcept.garbageCollector.OperationLogGarbageCollector.moveAndRemoveRecordsFromLog(OperationLogGarbageCollector.java:69)
	at jetbrains.exodus.newLogConcept.garbageCollector.OperationLogGarbageCollector.clean(OperationLogGarbageCollector.java:51)
	at jetbrains.exodus.newLogConcept.MVCC.MVCCDataStructure.lambda$commitTransaction$1(MVCCDataStructure.java:297)
	at java.base/java.util.concurrent.Executors$RunnableAdapter.call(Executors.java:515)
	at java.base/java.util.concurrent.FutureTask.run(FutureTask.java:264)
	at java.base/java.util.concurrent.ThreadPoolExecutor.runWorker(ThreadPoolExecutor.java:1128)
	at java.base/java.util.concurrent.ThreadPoolExecutor$Worker.run(ThreadPoolExecutor.java:628)
	... 1 more
java.util.concurrent.ExecutionException: jetbrains.exodus.ExodusException
	at java.base/java.util.concurrent.FutureTask.report(FutureTask.java:122)
	at java.base/java.util.concurrent.FutureTask.get(FutureTask.java:191)
	at jetbrains.exodus.newLogConcept.MVCC.MVCCDataStructure.commitTransaction(MVCCDataStructure.java:299)
	at site.ycsb.db.XodusClient.insert(XodusClient.java:60)
	at site.ycsb.DBWrapper.insert(DBWrapper.java:227)
	at site.ycsb.workloads.CoreWorkload.doInsert(CoreWorkload.java:621)
	at site.ycsb.ClientThread.run(ClientThread.java:135)
	at java.base/java.lang.Thread.run(Thread.java:829)
Caused by: jetbrains.exodus.ExodusException
	at jetbrains.exodus.newLogConcept.garbageCollector.OperationLogGarbageCollector.moveAndRemoveRecordsFromLog(OperationLogGarbageCollector.java:69)
	at jetbrains.exodus.newLogConcept.garbageCollector.OperationLogGarbageCollector.clean(OperationLogGarbageCollector.java:51)
	at jetbrains.exodus.newLogConcept.MVCC.MVCCDataStructure.lambda$commitTransaction$1(MVCCDataStructure.java:297)
	at java.base/java.util.concurrent.Executors$RunnableAdapter.call(Executors.java:515)
	at java.base/java.util.concurrent.FutureTask.run(FutureTask.java:264)
	at java.base/java.util.concurrent.ThreadPoolExecutor.runWorker(ThreadPoolExecutor.java:1128)
	at java.base/java.util.concurrent.ThreadPoolExecutor$Worker.run(ThreadPoolExecutor.java:628)
	... 1 more
java.util.concurrent.ExecutionException: jetbrains.exodus.ExodusException
	at java.base/java.util.concurrent.FutureTask.report(FutureTask.java:122)
	at java.base/java.util.concurrent.FutureTask.get(FutureTask.java:191)
	at jetbrains.exodus.newLogConcept.MVCC.MVCCDataStructure.commitTransaction(MVCCDataStructure.java:299)
	at site.ycsb.db.XodusClient.insert(XodusClient.java:60)
	at site.ycsb.DBWrapper.insert(DBWrapper.java:227)
	at site.ycsb.workloads.CoreWorkload.doInsert(CoreWorkload.java:621)
	at site.ycsb.ClientThread.run(ClientThread.java:135)
	at java.base/java.lang.Thread.run(Thread.java:829)
Caused by: jetbrains.exodus.ExodusException
	at jetbrains.exodus.newLogConcept.garbageCollector.OperationLogGarbageCollector.moveAndRemoveRecordsFromLog(OperationLogGarbageCollector.java:69)
	at jetbrains.exodus.newLogConcept.garbageCollector.OperationLogGarbageCollector.clean(OperationLogGarbageCollector.java:51)
	at jetbrains.exodus.newLogConcept.MVCC.MVCCDataStructure.lambda$commitTransaction$1(MVCCDataStructure.java:297)
	at java.base/java.util.concurrent.Executors$RunnableAdapter.call(Executors.java:515)
	at java.base/java.util.concurrent.FutureTask.run(FutureTask.java:264)
	at java.base/java.util.concurrent.ThreadPoolExecutor.runWorker(ThreadPoolExecutor.java:1128)
	at java.base/java.util.concurrent.ThreadPoolExecutor$Worker.run(ThreadPoolExecutor.java:628)
	... 1 more
java.util.concurrent.ExecutionException: jetbrains.exodus.ExodusException
	at java.base/java.util.concurrent.FutureTask.report(FutureTask.java:122)
	at java.base/java.util.concurrent.FutureTask.get(FutureTask.java:191)
	at jetbrains.exodus.newLogConcept.MVCC.MVCCDataStructure.commitTransaction(MVCCDataStructure.java:299)
	at site.ycsb.db.XodusClient.insert(XodusClient.java:60)
	at site.ycsb.DBWrapper.insert(DBWrapper.java:227)
	at site.ycsb.workloads.CoreWorkload.doInsert(CoreWorkload.java:621)
	at site.ycsb.ClientThread.run(ClientThread.java:135)
	at java.base/java.lang.Thread.run(Thread.java:829)
Caused by: jetbrains.exodus.ExodusException
	at jetbrains.exodus.newLogConcept.garbageCollector.OperationLogGarbageCollector.moveAndRemoveRecordsFromLog(OperationLogGarbageCollector.java:69)
	at jetbrains.exodus.newLogConcept.garbageCollector.OperationLogGarbageCollector.clean(OperationLogGarbageCollector.java:51)
	at jetbrains.exodus.newLogConcept.MVCC.MVCCDataStructure.lambda$commitTransaction$1(MVCCDataStructure.java:297)
	at java.base/java.util.concurrent.Executors$RunnableAdapter.call(Executors.java:515)
	at java.base/java.util.concurrent.FutureTask.run(FutureTask.java:264)
	at java.base/java.util.concurrent.ThreadPoolExecutor.runWorker(ThreadPoolExecutor.java:1128)
	at java.base/java.util.concurrent.ThreadPoolExecutor$Worker.run(ThreadPoolExecutor.java:628)
	... 1 more
java.util.concurrent.ExecutionException: jetbrains.exodus.ExodusException
	at java.base/java.util.concurrent.FutureTask.report(FutureTask.java:122)
	at java.base/java.util.concurrent.FutureTask.get(FutureTask.java:191)
	at jetbrains.exodus.newLogConcept.MVCC.MVCCDataStructure.commitTransaction(MVCCDataStructure.java:299)
	at site.ycsb.db.XodusClient.insert(XodusClient.java:60)
	at site.ycsb.DBWrapper.insert(DBWrapper.java:227)
	at site.ycsb.workloads.CoreWorkload.doInsert(CoreWorkload.java:621)
	at site.ycsb.ClientThread.run(ClientThread.java:135)
	at java.base/java.lang.Thread.run(Thread.java:829)
Caused by: jetbrains.exodus.ExodusException
	at jetbrains.exodus.newLogConcept.garbageCollector.OperationLogGarbageCollector.moveAndRemoveRecordsFromLog(OperationLogGarbageCollector.java:69)
	at jetbrains.exodus.newLogConcept.garbageCollector.OperationLogGarbageCollector.clean(OperationLogGarbageCollector.java:51)
	at jetbrains.exodus.newLogConcept.MVCC.MVCCDataStructure.lambda$commitTransaction$1(MVCCDataStructure.java:297)
	at java.base/java.util.concurrent.Executors$RunnableAdapter.call(Executors.java:515)
	at java.base/java.util.concurrent.FutureTask.run(FutureTask.java:264)
	at java.base/java.util.concurrent.ThreadPoolExecutor.runWorker(ThreadPoolExecutor.java:1128)
	at java.base/java.util.concurrent.ThreadPoolExecutor$Worker.run(ThreadPoolExecutor.java:628)
	... 1 more
java.util.concurrent.ExecutionException: jetbrains.exodus.ExodusException
	at java.base/java.util.concurrent.FutureTask.report(FutureTask.java:122)
	at java.base/java.util.concurrent.FutureTask.get(FutureTask.java:191)
	at jetbrains.exodus.newLogConcept.MVCC.MVCCDataStructure.commitTransaction(MVCCDataStructure.java:299)
	at site.ycsb.db.XodusClient.insert(XodusClient.java:60)
	at site.ycsb.DBWrapper.insert(DBWrapper.java:227)
	at site.ycsb.workloads.CoreWorkload.doInsert(CoreWorkload.java:621)
	at site.ycsb.ClientThread.run(ClientThread.java:135)
	at java.base/java.lang.Thread.run(Thread.java:829)
Caused by: jetbrains.exodus.ExodusException
	at jetbrains.exodus.newLogConcept.garbageCollector.OperationLogGarbageCollector.moveAndRemoveRecordsFromLog(OperationLogGarbageCollector.java:69)
	at jetbrains.exodus.newLogConcept.garbageCollector.OperationLogGarbageCollector.clean(OperationLogGarbageCollector.java:51)
	at jetbrains.exodus.newLogConcept.MVCC.MVCCDataStructure.lambda$commitTransaction$1(MVCCDataStructure.java:297)
	at java.base/java.util.concurrent.Executors$RunnableAdapter.call(Executors.java:515)
	at java.base/java.util.concurrent.FutureTask.run(FutureTask.java:264)
	at java.base/java.util.concurrent.ThreadPoolExecutor.runWorker(ThreadPoolExecutor.java:1128)
	at java.base/java.util.concurrent.ThreadPoolExecutor$Worker.run(ThreadPoolExecutor.java:628)
	... 1 more
java.util.concurrent.ExecutionException: jetbrains.exodus.ExodusException
	at java.base/java.util.concurrent.FutureTask.report(FutureTask.java:122)
	at java.base/java.util.concurrent.FutureTask.get(FutureTask.java:191)
	at jetbrains.exodus.newLogConcept.MVCC.MVCCDataStructure.commitTransaction(MVCCDataStructure.java:299)
	at site.ycsb.db.XodusClient.insert(XodusClient.java:60)
	at site.ycsb.DBWrapper.insert(DBWrapper.java:227)
	at site.ycsb.workloads.CoreWorkload.doInsert(CoreWorkload.java:621)
	at site.ycsb.ClientThread.run(ClientThread.java:135)
	at java.base/java.lang.Thread.run(Thread.java:829)
Caused by: jetbrains.exodus.ExodusException
	at jetbrains.exodus.newLogConcept.garbageCollector.OperationLogGarbageCollector.moveAndRemoveRecordsFromLog(OperationLogGarbageCollector.java:69)
	at jetbrains.exodus.newLogConcept.garbageCollector.OperationLogGarbageCollector.clean(OperationLogGarbageCollector.java:51)
	at jetbrains.exodus.newLogConcept.MVCC.MVCCDataStructure.lambda$commitTransaction$1(MVCCDataStructure.java:297)
	at java.base/java.util.concurrent.Executors$RunnableAdapter.call(Executors.java:515)
	at java.base/java.util.concurrent.FutureTask.run(FutureTask.java:264)
	at java.base/java.util.concurrent.ThreadPoolExecutor.runWorker(ThreadPoolExecutor.java:1128)
	at java.base/java.util.concurrent.ThreadPoolExecutor$Worker.run(ThreadPoolExecutor.java:628)
	... 1 more
java.util.concurrent.ExecutionException: jetbrains.exodus.ExodusException
	at java.base/java.util.concurrent.FutureTask.report(FutureTask.java:122)
	at java.base/java.util.concurrent.FutureTask.get(FutureTask.java:191)
	at jetbrains.exodus.newLogConcept.MVCC.MVCCDataStructure.commitTransaction(MVCCDataStructure.java:299)
	at site.ycsb.db.XodusClient.insert(XodusClient.java:60)
	at site.ycsb.DBWrapper.insert(DBWrapper.java:227)
	at site.ycsb.workloads.CoreWorkload.doInsert(CoreWorkload.java:621)
	at site.ycsb.ClientThread.run(ClientThread.java:135)
	at java.base/java.lang.Thread.run(Thread.java:829)
Caused by: jetbrains.exodus.ExodusException
	at jetbrains.exodus.newLogConcept.garbageCollector.OperationLogGarbageCollector.moveAndRemoveRecordsFromLog(OperationLogGarbageCollector.java:69)
	at jetbrains.exodus.newLogConcept.garbageCollector.OperationLogGarbageCollector.clean(OperationLogGarbageCollector.java:51)
	at jetbrains.exodus.newLogConcept.MVCC.MVCCDataStructure.lambda$commitTransaction$1(MVCCDataStructure.java:297)
	at java.base/java.util.concurrent.Executors$RunnableAdapter.call(Executors.java:515)
	at java.base/java.util.concurrent.FutureTask.run(FutureTask.java:264)
	at java.base/java.util.concurrent.ThreadPoolExecutor.runWorker(ThreadPoolExecutor.java:1128)
	at java.base/java.util.concurrent.ThreadPoolExecutor$Worker.run(ThreadPoolExecutor.java:628)
	... 1 more
java.util.concurrent.ExecutionException: jetbrains.exodus.ExodusException
	at java.base/java.util.concurrent.FutureTask.report(FutureTask.java:122)
	at java.base/java.util.concurrent.FutureTask.get(FutureTask.java:191)
	at jetbrains.exodus.newLogConcept.MVCC.MVCCDataStructure.commitTransaction(MVCCDataStructure.java:299)
	at site.ycsb.db.XodusClient.insert(XodusClient.java:60)
	at site.ycsb.DBWrapper.insert(DBWrapper.java:227)
	at site.ycsb.workloads.CoreWorkload.doInsert(CoreWorkload.java:621)
	at site.ycsb.ClientThread.run(ClientThread.java:135)
	at java.base/java.lang.Thread.run(Thread.java:829)
Caused by: jetbrains.exodus.ExodusException
	at jetbrains.exodus.newLogConcept.garbageCollector.OperationLogGarbageCollector.moveAndRemoveRecordsFromLog(OperationLogGarbageCollector.java:69)
	at jetbrains.exodus.newLogConcept.garbageCollector.OperationLogGarbageCollector.clean(OperationLogGarbageCollector.java:51)
	at jetbrains.exodus.newLogConcept.MVCC.MVCCDataStructure.lambda$commitTransaction$1(MVCCDataStructure.java:297)
	at java.base/java.util.concurrent.Executors$RunnableAdapter.call(Executors.java:515)
	at java.base/java.util.concurrent.FutureTask.run(FutureTask.java:264)
	at java.base/java.util.concurrent.ThreadPoolExecutor.runWorker(ThreadPoolExecutor.java:1128)
	at java.base/java.util.concurrent.ThreadPoolExecutor$Worker.run(ThreadPoolExecutor.java:628)
	... 1 more
java.util.concurrent.ExecutionException: jetbrains.exodus.ExodusException
	at java.base/java.util.concurrent.FutureTask.report(FutureTask.java:122)
	at java.base/java.util.concurrent.FutureTask.get(FutureTask.java:191)
	at jetbrains.exodus.newLogConcept.MVCC.MVCCDataStructure.commitTransaction(MVCCDataStructure.java:299)
	at site.ycsb.db.XodusClient.insert(XodusClient.java:60)
	at site.ycsb.DBWrapper.insert(DBWrapper.java:227)
	at site.ycsb.workloads.CoreWorkload.doInsert(CoreWorkload.java:621)
	at site.ycsb.ClientThread.run(ClientThread.java:135)
	at java.base/java.lang.Thread.run(Thread.java:829)
Caused by: jetbrains.exodus.ExodusException
	at jetbrains.exodus.newLogConcept.garbageCollector.OperationLogGarbageCollector.moveAndRemoveRecordsFromLog(OperationLogGarbageCollector.java:69)
	at jetbrains.exodus.newLogConcept.garbageCollector.OperationLogGarbageCollector.clean(OperationLogGarbageCollector.java:51)
	at jetbrains.exodus.newLogConcept.MVCC.MVCCDataStructure.lambda$commitTransaction$1(MVCCDataStructure.java:297)
	at java.base/java.util.concurrent.Executors$RunnableAdapter.call(Executors.java:515)
	at java.base/java.util.concurrent.FutureTask.run(FutureTask.java:264)
	at java.base/java.util.concurrent.ThreadPoolExecutor.runWorker(ThreadPoolExecutor.java:1128)
	at java.base/java.util.concurrent.ThreadPoolExecutor$Worker.run(ThreadPoolExecutor.java:628)
	... 1 more
java.util.concurrent.ExecutionException: jetbrains.exodus.ExodusException
	at java.base/java.util.concurrent.FutureTask.report(FutureTask.java:122)
	at java.base/java.util.concurrent.FutureTask.get(FutureTask.java:191)
	at jetbrains.exodus.newLogConcept.MVCC.MVCCDataStructure.commitTransaction(MVCCDataStructure.java:299)
	at site.ycsb.db.XodusClient.insert(XodusClient.java:60)
	at site.ycsb.DBWrapper.insert(DBWrapper.java:227)
	at site.ycsb.workloads.CoreWorkload.doInsert(CoreWorkload.java:621)
	at site.ycsb.ClientThread.run(ClientThread.java:135)
	at java.base/java.lang.Thread.run(Thread.java:829)
Caused by: jetbrains.exodus.ExodusException
	at jetbrains.exodus.newLogConcept.garbageCollector.OperationLogGarbageCollector.moveAndRemoveRecordsFromLog(OperationLogGarbageCollector.java:69)
	at jetbrains.exodus.newLogConcept.garbageCollector.OperationLogGarbageCollector.clean(OperationLogGarbageCollector.java:51)
	at jetbrains.exodus.newLogConcept.MVCC.MVCCDataStructure.lambda$commitTransaction$1(MVCCDataStructure.java:297)
	at java.base/java.util.concurrent.Executors$RunnableAdapter.call(Executors.java:515)
	at java.base/java.util.concurrent.FutureTask.run(FutureTask.java:264)
	at java.base/java.util.concurrent.ThreadPoolExecutor.runWorker(ThreadPoolExecutor.java:1128)
	at java.base/java.util.concurrent.ThreadPoolExecutor$Worker.run(ThreadPoolExecutor.java:628)
	... 1 more
java.util.concurrent.ExecutionException: jetbrains.exodus.ExodusException
	at java.base/java.util.concurrent.FutureTask.report(FutureTask.java:122)
	at java.base/java.util.concurrent.FutureTask.get(FutureTask.java:191)
	at jetbrains.exodus.newLogConcept.MVCC.MVCCDataStructure.commitTransaction(MVCCDataStructure.java:299)
	at site.ycsb.db.XodusClient.insert(XodusClient.java:60)
	at site.ycsb.DBWrapper.insert(DBWrapper.java:227)
	at site.ycsb.workloads.CoreWorkload.doInsert(CoreWorkload.java:621)
	at site.ycsb.ClientThread.run(ClientThread.java:135)
	at java.base/java.lang.Thread.run(Thread.java:829)
Caused by: jetbrains.exodus.ExodusException
	at jetbrains.exodus.newLogConcept.garbageCollector.OperationLogGarbageCollector.moveAndRemoveRecordsFromLog(OperationLogGarbageCollector.java:69)
	at jetbrains.exodus.newLogConcept.garbageCollector.OperationLogGarbageCollector.clean(OperationLogGarbageCollector.java:51)
	at jetbrains.exodus.newLogConcept.MVCC.MVCCDataStructure.lambda$commitTransaction$1(MVCCDataStructure.java:297)
	at java.base/java.util.concurrent.Executors$RunnableAdapter.call(Executors.java:515)
	at java.base/java.util.concurrent.FutureTask.run(FutureTask.java:264)
	at java.base/java.util.concurrent.ThreadPoolExecutor.runWorker(ThreadPoolExecutor.java:1128)
	at java.base/java.util.concurrent.ThreadPoolExecutor$Worker.run(ThreadPoolExecutor.java:628)
	... 1 more
java.util.concurrent.ExecutionException: jetbrains.exodus.ExodusException
	at java.base/java.util.concurrent.FutureTask.report(FutureTask.java:122)
	at java.base/java.util.concurrent.FutureTask.get(FutureTask.java:191)
	at jetbrains.exodus.newLogConcept.MVCC.MVCCDataStructure.commitTransaction(MVCCDataStructure.java:299)
	at site.ycsb.db.XodusClient.insert(XodusClient.java:60)
	at site.ycsb.DBWrapper.insert(DBWrapper.java:227)
	at site.ycsb.workloads.CoreWorkload.doInsert(CoreWorkload.java:621)
	at site.ycsb.ClientThread.run(ClientThread.java:135)
	at java.base/java.lang.Thread.run(Thread.java:829)
Caused by: jetbrains.exodus.ExodusException
	at jetbrains.exodus.newLogConcept.garbageCollector.OperationLogGarbageCollector.moveAndRemoveRecordsFromLog(OperationLogGarbageCollector.java:69)
	at jetbrains.exodus.newLogConcept.garbageCollector.OperationLogGarbageCollector.clean(OperationLogGarbageCollector.java:51)
	at jetbrains.exodus.newLogConcept.MVCC.MVCCDataStructure.lambda$commitTransaction$1(MVCCDataStructure.java:297)
	at java.base/java.util.concurrent.Executors$RunnableAdapter.call(Executors.java:515)
	at java.base/java.util.concurrent.FutureTask.run(FutureTask.java:264)
	at java.base/java.util.concurrent.ThreadPoolExecutor.runWorker(ThreadPoolExecutor.java:1128)
	at java.base/java.util.concurrent.ThreadPoolExecutor$Worker.run(ThreadPoolExecutor.java:628)
	... 1 more
java.util.concurrent.ExecutionException: jetbrains.exodus.ExodusException
	at java.base/java.util.concurrent.FutureTask.report(FutureTask.java:122)
	at java.base/java.util.concurrent.FutureTask.get(FutureTask.java:191)
	at jetbrains.exodus.newLogConcept.MVCC.MVCCDataStructure.commitTransaction(MVCCDataStructure.java:299)
	at site.ycsb.db.XodusClient.insert(XodusClient.java:60)
	at site.ycsb.DBWrapper.insert(DBWrapper.java:227)
	at site.ycsb.workloads.CoreWorkload.doInsert(CoreWorkload.java:621)
	at site.ycsb.ClientThread.run(ClientThread.java:135)
	at java.base/java.lang.Thread.run(Thread.java:829)
Caused by: jetbrains.exodus.ExodusException
	at jetbrains.exodus.newLogConcept.garbageCollector.OperationLogGarbageCollector.moveAndRemoveRecordsFromLog(OperationLogGarbageCollector.java:69)
	at jetbrains.exodus.newLogConcept.garbageCollector.OperationLogGarbageCollector.clean(OperationLogGarbageCollector.java:51)
	at jetbrains.exodus.newLogConcept.MVCC.MVCCDataStructure.lambda$commitTransaction$1(MVCCDataStructure.java:297)
	at java.base/java.util.concurrent.Executors$RunnableAdapter.call(Executors.java:515)
	at java.base/java.util.concurrent.FutureTask.run(FutureTask.java:264)
	at java.base/java.util.concurrent.ThreadPoolExecutor.runWorker(ThreadPoolExecutor.java:1128)
	at java.base/java.util.concurrent.ThreadPoolExecutor$Worker.run(ThreadPoolExecutor.java:628)
	... 1 more
java.util.concurrent.ExecutionException: jetbrains.exodus.ExodusException
	at java.base/java.util.concurrent.FutureTask.report(FutureTask.java:122)
	at java.base/java.util.concurrent.FutureTask.get(FutureTask.java:191)
	at jetbrains.exodus.newLogConcept.MVCC.MVCCDataStructure.commitTransaction(MVCCDataStructure.java:299)
	at site.ycsb.db.XodusClient.insert(XodusClient.java:60)
	at site.ycsb.DBWrapper.insert(DBWrapper.java:227)
	at site.ycsb.workloads.CoreWorkload.doInsert(CoreWorkload.java:621)
	at site.ycsb.ClientThread.run(ClientThread.java:135)
	at java.base/java.lang.Thread.run(Thread.java:829)
Caused by: jetbrains.exodus.ExodusException
	at jetbrains.exodus.newLogConcept.garbageCollector.OperationLogGarbageCollector.moveAndRemoveRecordsFromLog(OperationLogGarbageCollector.java:69)
	at jetbrains.exodus.newLogConcept.garbageCollector.OperationLogGarbageCollector.clean(OperationLogGarbageCollector.java:51)
	at jetbrains.exodus.newLogConcept.MVCC.MVCCDataStructure.lambda$commitTransaction$1(MVCCDataStructure.java:297)
	at java.base/java.util.concurrent.Executors$RunnableAdapter.call(Executors.java:515)
	at java.base/java.util.concurrent.FutureTask.run(FutureTask.java:264)
	at java.base/java.util.concurrent.ThreadPoolExecutor.runWorker(ThreadPoolExecutor.java:1128)
	at java.base/java.util.concurrent.ThreadPoolExecutor$Worker.run(ThreadPoolExecutor.java:628)
	... 1 more
java.util.concurrent.ExecutionException: jetbrains.exodus.ExodusException
	at java.base/java.util.concurrent.FutureTask.report(FutureTask.java:122)
	at java.base/java.util.concurrent.FutureTask.get(FutureTask.java:191)
	at jetbrains.exodus.newLogConcept.MVCC.MVCCDataStructure.commitTransaction(MVCCDataStructure.java:299)
	at site.ycsb.db.XodusClient.insert(XodusClient.java:60)
	at site.ycsb.DBWrapper.insert(DBWrapper.java:227)
	at site.ycsb.workloads.CoreWorkload.doInsert(CoreWorkload.java:621)
	at site.ycsb.ClientThread.run(ClientThread.java:135)
	at java.base/java.lang.Thread.run(Thread.java:829)
Caused by: jetbrains.exodus.ExodusException
	at jetbrains.exodus.newLogConcept.garbageCollector.OperationLogGarbageCollector.moveAndRemoveRecordsFromLog(OperationLogGarbageCollector.java:69)
	at jetbrains.exodus.newLogConcept.garbageCollector.OperationLogGarbageCollector.clean(OperationLogGarbageCollector.java:51)
	at jetbrains.exodus.newLogConcept.MVCC.MVCCDataStructure.lambda$commitTransaction$1(MVCCDataStructure.java:297)
	at java.base/java.util.concurrent.Executors$RunnableAdapter.call(Executors.java:515)
	at java.base/java.util.concurrent.FutureTask.run(FutureTask.java:264)
	at java.base/java.util.concurrent.ThreadPoolExecutor.runWorker(ThreadPoolExecutor.java:1128)
	at java.base/java.util.concurrent.ThreadPoolExecutor$Worker.run(ThreadPoolExecutor.java:628)
	... 1 more
java.util.concurrent.ExecutionException: jetbrains.exodus.ExodusException
	at java.base/java.util.concurrent.FutureTask.report(FutureTask.java:122)
	at java.base/java.util.concurrent.FutureTask.get(FutureTask.java:191)
	at jetbrains.exodus.newLogConcept.MVCC.MVCCDataStructure.commitTransaction(MVCCDataStructure.java:299)
	at site.ycsb.db.XodusClient.insert(XodusClient.java:60)
	at site.ycsb.DBWrapper.insert(DBWrapper.java:227)
	at site.ycsb.workloads.CoreWorkload.doInsert(CoreWorkload.java:621)
	at site.ycsb.ClientThread.run(ClientThread.java:135)
	at java.base/java.lang.Thread.run(Thread.java:829)
Caused by: jetbrains.exodus.ExodusException
	at jetbrains.exodus.newLogConcept.garbageCollector.OperationLogGarbageCollector.moveAndRemoveRecordsFromLog(OperationLogGarbageCollector.java:69)
	at jetbrains.exodus.newLogConcept.garbageCollector.OperationLogGarbageCollector.clean(OperationLogGarbageCollector.java:51)
	at jetbrains.exodus.newLogConcept.MVCC.MVCCDataStructure.lambda$commitTransaction$1(MVCCDataStructure.java:297)
	at java.base/java.util.concurrent.Executors$RunnableAdapter.call(Executors.java:515)
	at java.base/java.util.concurrent.FutureTask.run(FutureTask.java:264)
	at java.base/java.util.concurrent.ThreadPoolExecutor.runWorker(ThreadPoolExecutor.java:1128)
	at java.base/java.util.concurrent.ThreadPoolExecutor$Worker.run(ThreadPoolExecutor.java:628)
	... 1 more
java.util.concurrent.ExecutionException: jetbrains.exodus.ExodusException
	at java.base/java.util.concurrent.FutureTask.report(FutureTask.java:122)
	at java.base/java.util.concurrent.FutureTask.get(FutureTask.java:191)
	at jetbrains.exodus.newLogConcept.MVCC.MVCCDataStructure.commitTransaction(MVCCDataStructure.java:299)
	at site.ycsb.db.XodusClient.insert(XodusClient.java:60)
	at site.ycsb.DBWrapper.insert(DBWrapper.java:227)
	at site.ycsb.workloads.CoreWorkload.doInsert(CoreWorkload.java:621)
	at site.ycsb.ClientThread.run(ClientThread.java:135)
	at java.base/java.lang.Thread.run(Thread.java:829)
Caused by: jetbrains.exodus.ExodusException
	at jetbrains.exodus.newLogConcept.garbageCollector.OperationLogGarbageCollector.moveAndRemoveRecordsFromLog(OperationLogGarbageCollector.java:69)
	at jetbrains.exodus.newLogConcept.garbageCollector.OperationLogGarbageCollector.clean(OperationLogGarbageCollector.java:51)
	at jetbrains.exodus.newLogConcept.MVCC.MVCCDataStructure.lambda$commitTransaction$1(MVCCDataStructure.java:297)
	at java.base/java.util.concurrent.Executors$RunnableAdapter.call(Executors.java:515)
	at java.base/java.util.concurrent.FutureTask.run(FutureTask.java:264)
	at java.base/java.util.concurrent.ThreadPoolExecutor.runWorker(ThreadPoolExecutor.java:1128)
	at java.base/java.util.concurrent.ThreadPoolExecutor$Worker.run(ThreadPoolExecutor.java:628)
	... 1 more
java.util.concurrent.ExecutionException: jetbrains.exodus.ExodusException
	at java.base/java.util.concurrent.FutureTask.report(FutureTask.java:122)
	at java.base/java.util.concurrent.FutureTask.get(FutureTask.java:191)
	at jetbrains.exodus.newLogConcept.MVCC.MVCCDataStructure.commitTransaction(MVCCDataStructure.java:299)
	at site.ycsb.db.XodusClient.insert(XodusClient.java:60)
	at site.ycsb.DBWrapper.insert(DBWrapper.java:227)
	at site.ycsb.workloads.CoreWorkload.doInsert(CoreWorkload.java:621)
	at site.ycsb.ClientThread.run(ClientThread.java:135)
	at java.base/java.lang.Thread.run(Thread.java:829)
Caused by: jetbrains.exodus.ExodusException
	at jetbrains.exodus.newLogConcept.garbageCollector.OperationLogGarbageCollector.moveAndRemoveRecordsFromLog(OperationLogGarbageCollector.java:69)
	at jetbrains.exodus.newLogConcept.garbageCollector.OperationLogGarbageCollector.clean(OperationLogGarbageCollector.java:51)
	at jetbrains.exodus.newLogConcept.MVCC.MVCCDataStructure.lambda$commitTransaction$1(MVCCDataStructure.java:297)
	at java.base/java.util.concurrent.Executors$RunnableAdapter.call(Executors.java:515)
	at java.base/java.util.concurrent.FutureTask.run(FutureTask.java:264)
	at java.base/java.util.concurrent.ThreadPoolExecutor.runWorker(ThreadPoolExecutor.java:1128)
	at java.base/java.util.concurrent.ThreadPoolExecutor$Worker.run(ThreadPoolExecutor.java:628)
	... 1 more
java.util.concurrent.ExecutionException: jetbrains.exodus.ExodusException
	at java.base/java.util.concurrent.FutureTask.report(FutureTask.java:122)
	at java.base/java.util.concurrent.FutureTask.get(FutureTask.java:191)
	at jetbrains.exodus.newLogConcept.MVCC.MVCCDataStructure.commitTransaction(MVCCDataStructure.java:299)
	at site.ycsb.db.XodusClient.insert(XodusClient.java:60)
	at site.ycsb.DBWrapper.insert(DBWrapper.java:227)
	at site.ycsb.workloads.CoreWorkload.doInsert(CoreWorkload.java:621)
	at site.ycsb.ClientThread.run(ClientThread.java:135)
	at java.base/java.lang.Thread.run(Thread.java:829)
Caused by: jetbrains.exodus.ExodusException
	at jetbrains.exodus.newLogConcept.garbageCollector.OperationLogGarbageCollector.moveAndRemoveRecordsFromLog(OperationLogGarbageCollector.java:69)
	at jetbrains.exodus.newLogConcept.garbageCollector.OperationLogGarbageCollector.clean(OperationLogGarbageCollector.java:51)
	at jetbrains.exodus.newLogConcept.MVCC.MVCCDataStructure.lambda$commitTransaction$1(MVCCDataStructure.java:297)
	at java.base/java.util.concurrent.Executors$RunnableAdapter.call(Executors.java:515)
	at java.base/java.util.concurrent.FutureTask.run(FutureTask.java:264)
	at java.base/java.util.concurrent.ThreadPoolExecutor.runWorker(ThreadPoolExecutor.java:1128)
	at java.base/java.util.concurrent.ThreadPoolExecutor$Worker.run(ThreadPoolExecutor.java:628)
	... 1 more
java.util.concurrent.ExecutionException: jetbrains.exodus.ExodusException
	at java.base/java.util.concurrent.FutureTask.report(FutureTask.java:122)
	at java.base/java.util.concurrent.FutureTask.get(FutureTask.java:191)
	at jetbrains.exodus.newLogConcept.MVCC.MVCCDataStructure.commitTransaction(MVCCDataStructure.java:299)
	at site.ycsb.db.XodusClient.insert(XodusClient.java:60)
	at site.ycsb.DBWrapper.insert(DBWrapper.java:227)
	at site.ycsb.workloads.CoreWorkload.doInsert(CoreWorkload.java:621)
	at site.ycsb.ClientThread.run(ClientThread.java:135)
	at java.base/java.lang.Thread.run(Thread.java:829)
Caused by: jetbrains.exodus.ExodusException
	at jetbrains.exodus.newLogConcept.garbageCollector.OperationLogGarbageCollector.moveAndRemoveRecordsFromLog(OperationLogGarbageCollector.java:69)
	at jetbrains.exodus.newLogConcept.garbageCollector.OperationLogGarbageCollector.clean(OperationLogGarbageCollector.java:51)
	at jetbrains.exodus.newLogConcept.MVCC.MVCCDataStructure.lambda$commitTransaction$1(MVCCDataStructure.java:297)
	at java.base/java.util.concurrent.Executors$RunnableAdapter.call(Executors.java:515)
	at java.base/java.util.concurrent.FutureTask.run(FutureTask.java:264)
	at java.base/java.util.concurrent.ThreadPoolExecutor.runWorker(ThreadPoolExecutor.java:1128)
	at java.base/java.util.concurrent.ThreadPoolExecutor$Worker.run(ThreadPoolExecutor.java:628)
	... 1 more
java.util.concurrent.ExecutionException: jetbrains.exodus.ExodusException
	at java.base/java.util.concurrent.FutureTask.report(FutureTask.java:122)
	at java.base/java.util.concurrent.FutureTask.get(FutureTask.java:191)
	at jetbrains.exodus.newLogConcept.MVCC.MVCCDataStructure.commitTransaction(MVCCDataStructure.java:299)
	at site.ycsb.db.XodusClient.insert(XodusClient.java:60)
	at site.ycsb.DBWrapper.insert(DBWrapper.java:227)
	at site.ycsb.workloads.CoreWorkload.doInsert(CoreWorkload.java:621)
	at site.ycsb.ClientThread.run(ClientThread.java:135)
	at java.base/java.lang.Thread.run(Thread.java:829)
Caused by: jetbrains.exodus.ExodusException
	at jetbrains.exodus.newLogConcept.garbageCollector.OperationLogGarbageCollector.moveAndRemoveRecordsFromLog(OperationLogGarbageCollector.java:69)
	at jetbrains.exodus.newLogConcept.garbageCollector.OperationLogGarbageCollector.clean(OperationLogGarbageCollector.java:51)
	at jetbrains.exodus.newLogConcept.MVCC.MVCCDataStructure.lambda$commitTransaction$1(MVCCDataStructure.java:297)
	at java.base/java.util.concurrent.Executors$RunnableAdapter.call(Executors.java:515)
	at java.base/java.util.concurrent.FutureTask.run(FutureTask.java:264)
	at java.base/java.util.concurrent.ThreadPoolExecutor.runWorker(ThreadPoolExecutor.java:1128)
	at java.base/java.util.concurrent.ThreadPoolExecutor$Worker.run(ThreadPoolExecutor.java:628)
	... 1 more
java.util.concurrent.ExecutionException: jetbrains.exodus.ExodusException
	at java.base/java.util.concurrent.FutureTask.report(FutureTask.java:122)
	at java.base/java.util.concurrent.FutureTask.get(FutureTask.java:191)
	at jetbrains.exodus.newLogConcept.MVCC.MVCCDataStructure.commitTransaction(MVCCDataStructure.java:299)
	at site.ycsb.db.XodusClient.insert(XodusClient.java:60)
	at site.ycsb.DBWrapper.insert(DBWrapper.java:227)
	at site.ycsb.workloads.CoreWorkload.doInsert(CoreWorkload.java:621)
	at site.ycsb.ClientThread.run(ClientThread.java:135)
	at java.base/java.lang.Thread.run(Thread.java:829)
Caused by: jetbrains.exodus.ExodusException
	at jetbrains.exodus.newLogConcept.garbageCollector.OperationLogGarbageCollector.moveAndRemoveRecordsFromLog(OperationLogGarbageCollector.java:69)
	at jetbrains.exodus.newLogConcept.garbageCollector.OperationLogGarbageCollector.clean(OperationLogGarbageCollector.java:51)
	at jetbrains.exodus.newLogConcept.MVCC.MVCCDataStructure.lambda$commitTransaction$1(MVCCDataStructure.java:297)
	at java.base/java.util.concurrent.Executors$RunnableAdapter.call(Executors.java:515)
	at java.base/java.util.concurrent.FutureTask.run(FutureTask.java:264)
	at java.base/java.util.concurrent.ThreadPoolExecutor.runWorker(ThreadPoolExecutor.java:1128)
	at java.base/java.util.concurrent.ThreadPoolExecutor$Worker.run(ThreadPoolExecutor.java:628)
	... 1 more
java.util.concurrent.ExecutionException: jetbrains.exodus.ExodusException
	at java.base/java.util.concurrent.FutureTask.report(FutureTask.java:122)
	at java.base/java.util.concurrent.FutureTask.get(FutureTask.java:191)
	at jetbrains.exodus.newLogConcept.MVCC.MVCCDataStructure.commitTransaction(MVCCDataStructure.java:299)
	at site.ycsb.db.XodusClient.insert(XodusClient.java:60)
	at site.ycsb.DBWrapper.insert(DBWrapper.java:227)
	at site.ycsb.workloads.CoreWorkload.doInsert(CoreWorkload.java:621)
	at site.ycsb.ClientThread.run(ClientThread.java:135)
	at java.base/java.lang.Thread.run(Thread.java:829)
Caused by: jetbrains.exodus.ExodusException
	at jetbrains.exodus.newLogConcept.garbageCollector.OperationLogGarbageCollector.moveAndRemoveRecordsFromLog(OperationLogGarbageCollector.java:69)
	at jetbrains.exodus.newLogConcept.garbageCollector.OperationLogGarbageCollector.clean(OperationLogGarbageCollector.java:51)
	at jetbrains.exodus.newLogConcept.MVCC.MVCCDataStructure.lambda$commitTransaction$1(MVCCDataStructure.java:297)
	at java.base/java.util.concurrent.Executors$RunnableAdapter.call(Executors.java:515)
	at java.base/java.util.concurrent.FutureTask.run(FutureTask.java:264)
	at java.base/java.util.concurrent.ThreadPoolExecutor.runWorker(ThreadPoolExecutor.java:1128)
	at java.base/java.util.concurrent.ThreadPoolExecutor$Worker.run(ThreadPoolExecutor.java:628)
	... 1 more
java.util.concurrent.ExecutionException: jetbrains.exodus.ExodusException
	at java.base/java.util.concurrent.FutureTask.report(FutureTask.java:122)
	at java.base/java.util.concurrent.FutureTask.get(FutureTask.java:191)
	at jetbrains.exodus.newLogConcept.MVCC.MVCCDataStructure.commitTransaction(MVCCDataStructure.java:299)
	at site.ycsb.db.XodusClient.insert(XodusClient.java:60)
	at site.ycsb.DBWrapper.insert(DBWrapper.java:227)
	at site.ycsb.workloads.CoreWorkload.doInsert(CoreWorkload.java:621)
	at site.ycsb.ClientThread.run(ClientThread.java:135)
	at java.base/java.lang.Thread.run(Thread.java:829)
Caused by: jetbrains.exodus.ExodusException
	at jetbrains.exodus.newLogConcept.garbageCollector.OperationLogGarbageCollector.moveAndRemoveRecordsFromLog(OperationLogGarbageCollector.java:69)
	at jetbrains.exodus.newLogConcept.garbageCollector.OperationLogGarbageCollector.clean(OperationLogGarbageCollector.java:51)
	at jetbrains.exodus.newLogConcept.MVCC.MVCCDataStructure.lambda$commitTransaction$1(MVCCDataStructure.java:297)
	at java.base/java.util.concurrent.Executors$RunnableAdapter.call(Executors.java:515)
	at java.base/java.util.concurrent.FutureTask.run(FutureTask.java:264)
	at java.base/java.util.concurrent.ThreadPoolExecutor.runWorker(ThreadPoolExecutor.java:1128)
	at java.base/java.util.concurrent.ThreadPoolExecutor$Worker.run(ThreadPoolExecutor.java:628)
	... 1 more
java.util.concurrent.ExecutionException: jetbrains.exodus.ExodusException
	at java.base/java.util.concurrent.FutureTask.report(FutureTask.java:122)
	at java.base/java.util.concurrent.FutureTask.get(FutureTask.java:191)
	at jetbrains.exodus.newLogConcept.MVCC.MVCCDataStructure.commitTransaction(MVCCDataStructure.java:299)
	at site.ycsb.db.XodusClient.insert(XodusClient.java:60)
	at site.ycsb.DBWrapper.insert(DBWrapper.java:227)
	at site.ycsb.workloads.CoreWorkload.doInsert(CoreWorkload.java:621)
	at site.ycsb.ClientThread.run(ClientThread.java:135)
	at java.base/java.lang.Thread.run(Thread.java:829)
Caused by: jetbrains.exodus.ExodusException
	at jetbrains.exodus.newLogConcept.garbageCollector.OperationLogGarbageCollector.moveAndRemoveRecordsFromLog(OperationLogGarbageCollector.java:69)
	at jetbrains.exodus.newLogConcept.garbageCollector.OperationLogGarbageCollector.clean(OperationLogGarbageCollector.java:51)
	at jetbrains.exodus.newLogConcept.MVCC.MVCCDataStructure.lambda$commitTransaction$1(MVCCDataStructure.java:297)
	at java.base/java.util.concurrent.Executors$RunnableAdapter.call(Executors.java:515)
	at java.base/java.util.concurrent.FutureTask.run(FutureTask.java:264)
	at java.base/java.util.concurrent.ThreadPoolExecutor.runWorker(ThreadPoolExecutor.java:1128)
	at java.base/java.util.concurrent.ThreadPoolExecutor$Worker.run(ThreadPoolExecutor.java:628)
	... 1 more
java.util.concurrent.ExecutionException: jetbrains.exodus.ExodusException
	at java.base/java.util.concurrent.FutureTask.report(FutureTask.java:122)
	at java.base/java.util.concurrent.FutureTask.get(FutureTask.java:191)
	at jetbrains.exodus.newLogConcept.MVCC.MVCCDataStructure.commitTransaction(MVCCDataStructure.java:299)
	at site.ycsb.db.XodusClient.insert(XodusClient.java:60)
	at site.ycsb.DBWrapper.insert(DBWrapper.java:227)
	at site.ycsb.workloads.CoreWorkload.doInsert(CoreWorkload.java:621)
	at site.ycsb.ClientThread.run(ClientThread.java:135)
	at java.base/java.lang.Thread.run(Thread.java:829)
Caused by: jetbrains.exodus.ExodusException
	at jetbrains.exodus.newLogConcept.garbageCollector.OperationLogGarbageCollector.moveAndRemoveRecordsFromLog(OperationLogGarbageCollector.java:69)
	at jetbrains.exodus.newLogConcept.garbageCollector.OperationLogGarbageCollector.clean(OperationLogGarbageCollector.java:51)
	at jetbrains.exodus.newLogConcept.MVCC.MVCCDataStructure.lambda$commitTransaction$1(MVCCDataStructure.java:297)
	at java.base/java.util.concurrent.Executors$RunnableAdapter.call(Executors.java:515)
	at java.base/java.util.concurrent.FutureTask.run(FutureTask.java:264)
	at java.base/java.util.concurrent.ThreadPoolExecutor.runWorker(ThreadPoolExecutor.java:1128)
	at java.base/java.util.concurrent.ThreadPoolExecutor$Worker.run(ThreadPoolExecutor.java:628)
	... 1 more
java.util.concurrent.ExecutionException: jetbrains.exodus.ExodusException
	at java.base/java.util.concurrent.FutureTask.report(FutureTask.java:122)
	at java.base/java.util.concurrent.FutureTask.get(FutureTask.java:191)
	at jetbrains.exodus.newLogConcept.MVCC.MVCCDataStructure.commitTransaction(MVCCDataStructure.java:299)
	at site.ycsb.db.XodusClient.insert(XodusClient.java:60)
	at site.ycsb.DBWrapper.insert(DBWrapper.java:227)
	at site.ycsb.workloads.CoreWorkload.doInsert(CoreWorkload.java:621)
	at site.ycsb.ClientThread.run(ClientThread.java:135)
	at java.base/java.lang.Thread.run(Thread.java:829)
Caused by: jetbrains.exodus.ExodusException
	at jetbrains.exodus.newLogConcept.garbageCollector.OperationLogGarbageCollector.moveAndRemoveRecordsFromLog(OperationLogGarbageCollector.java:69)
	at jetbrains.exodus.newLogConcept.garbageCollector.OperationLogGarbageCollector.clean(OperationLogGarbageCollector.java:51)
	at jetbrains.exodus.newLogConcept.MVCC.MVCCDataStructure.lambda$commitTransaction$1(MVCCDataStructure.java:297)
	at java.base/java.util.concurrent.Executors$RunnableAdapter.call(Executors.java:515)
	at java.base/java.util.concurrent.FutureTask.run(FutureTask.java:264)
	at java.base/java.util.concurrent.ThreadPoolExecutor.runWorker(ThreadPoolExecutor.java:1128)
	at java.base/java.util.concurrent.ThreadPoolExecutor$Worker.run(ThreadPoolExecutor.java:628)
	... 1 more
java.util.concurrent.ExecutionException: jetbrains.exodus.ExodusException
	at java.base/java.util.concurrent.FutureTask.report(FutureTask.java:122)
	at java.base/java.util.concurrent.FutureTask.get(FutureTask.java:191)
	at jetbrains.exodus.newLogConcept.MVCC.MVCCDataStructure.commitTransaction(MVCCDataStructure.java:299)
	at site.ycsb.db.XodusClient.insert(XodusClient.java:60)
	at site.ycsb.DBWrapper.insert(DBWrapper.java:227)
	at site.ycsb.workloads.CoreWorkload.doInsert(CoreWorkload.java:621)
	at site.ycsb.ClientThread.run(ClientThread.java:135)
	at java.base/java.lang.Thread.run(Thread.java:829)
Caused by: jetbrains.exodus.ExodusException
	at jetbrains.exodus.newLogConcept.garbageCollector.OperationLogGarbageCollector.moveAndRemoveRecordsFromLog(OperationLogGarbageCollector.java:69)
	at jetbrains.exodus.newLogConcept.garbageCollector.OperationLogGarbageCollector.clean(OperationLogGarbageCollector.java:51)
	at jetbrains.exodus.newLogConcept.MVCC.MVCCDataStructure.lambda$commitTransaction$1(MVCCDataStructure.java:297)
	at java.base/java.util.concurrent.Executors$RunnableAdapter.call(Executors.java:515)
	at java.base/java.util.concurrent.FutureTask.run(FutureTask.java:264)
	at java.base/java.util.concurrent.ThreadPoolExecutor.runWorker(ThreadPoolExecutor.java:1128)
	at java.base/java.util.concurrent.ThreadPoolExecutor$Worker.run(ThreadPoolExecutor.java:628)
	... 1 more
java.util.concurrent.ExecutionException: jetbrains.exodus.ExodusException
	at java.base/java.util.concurrent.FutureTask.report(FutureTask.java:122)
	at java.base/java.util.concurrent.FutureTask.get(FutureTask.java:191)
	at jetbrains.exodus.newLogConcept.MVCC.MVCCDataStructure.commitTransaction(MVCCDataStructure.java:299)
	at site.ycsb.db.XodusClient.insert(XodusClient.java:60)
	at site.ycsb.DBWrapper.insert(DBWrapper.java:227)
	at site.ycsb.workloads.CoreWorkload.doInsert(CoreWorkload.java:621)
	at site.ycsb.ClientThread.run(ClientThread.java:135)
	at java.base/java.lang.Thread.run(Thread.java:829)
Caused by: jetbrains.exodus.ExodusException
	at jetbrains.exodus.newLogConcept.garbageCollector.OperationLogGarbageCollector.moveAndRemoveRecordsFromLog(OperationLogGarbageCollector.java:69)
	at jetbrains.exodus.newLogConcept.garbageCollector.OperationLogGarbageCollector.clean(OperationLogGarbageCollector.java:51)
	at jetbrains.exodus.newLogConcept.MVCC.MVCCDataStructure.lambda$commitTransaction$1(MVCCDataStructure.java:297)
	at java.base/java.util.concurrent.Executors$RunnableAdapter.call(Executors.java:515)
	at java.base/java.util.concurrent.FutureTask.run(FutureTask.java:264)
	at java.base/java.util.concurrent.ThreadPoolExecutor.runWorker(ThreadPoolExecutor.java:1128)
	at java.base/java.util.concurrent.ThreadPoolExecutor$Worker.run(ThreadPoolExecutor.java:628)
	... 1 more
java.util.concurrent.ExecutionException: jetbrains.exodus.ExodusException
	at java.base/java.util.concurrent.FutureTask.report(FutureTask.java:122)
	at java.base/java.util.concurrent.FutureTask.get(FutureTask.java:191)
	at jetbrains.exodus.newLogConcept.MVCC.MVCCDataStructure.commitTransaction(MVCCDataStructure.java:299)
	at site.ycsb.db.XodusClient.insert(XodusClient.java:60)
	at site.ycsb.DBWrapper.insert(DBWrapper.java:227)
	at site.ycsb.workloads.CoreWorkload.doInsert(CoreWorkload.java:621)
	at site.ycsb.ClientThread.run(ClientThread.java:135)
	at java.base/java.lang.Thread.run(Thread.java:829)
Caused by: jetbrains.exodus.ExodusException
	at jetbrains.exodus.newLogConcept.garbageCollector.OperationLogGarbageCollector.moveAndRemoveRecordsFromLog(OperationLogGarbageCollector.java:69)
	at jetbrains.exodus.newLogConcept.garbageCollector.OperationLogGarbageCollector.clean(OperationLogGarbageCollector.java:51)
	at jetbrains.exodus.newLogConcept.MVCC.MVCCDataStructure.lambda$commitTransaction$1(MVCCDataStructure.java:297)
	at java.base/java.util.concurrent.Executors$RunnableAdapter.call(Executors.java:515)
	at java.base/java.util.concurrent.FutureTask.run(FutureTask.java:264)
	at java.base/java.util.concurrent.ThreadPoolExecutor.runWorker(ThreadPoolExecutor.java:1128)
	at java.base/java.util.concurrent.ThreadPoolExecutor$Worker.run(ThreadPoolExecutor.java:628)
	... 1 more
java.util.concurrent.ExecutionException: jetbrains.exodus.ExodusException
	at java.base/java.util.concurrent.FutureTask.report(FutureTask.java:122)
	at java.base/java.util.concurrent.FutureTask.get(FutureTask.java:191)
	at jetbrains.exodus.newLogConcept.MVCC.MVCCDataStructure.commitTransaction(MVCCDataStructure.java:299)
	at site.ycsb.db.XodusClient.insert(XodusClient.java:60)
	at site.ycsb.DBWrapper.insert(DBWrapper.java:227)
	at site.ycsb.workloads.CoreWorkload.doInsert(CoreWorkload.java:621)
	at site.ycsb.ClientThread.run(ClientThread.java:135)
	at java.base/java.lang.Thread.run(Thread.java:829)
Caused by: jetbrains.exodus.ExodusException
	at jetbrains.exodus.newLogConcept.garbageCollector.OperationLogGarbageCollector.moveAndRemoveRecordsFromLog(OperationLogGarbageCollector.java:69)
	at jetbrains.exodus.newLogConcept.garbageCollector.OperationLogGarbageCollector.clean(OperationLogGarbageCollector.java:51)
	at jetbrains.exodus.newLogConcept.MVCC.MVCCDataStructure.lambda$commitTransaction$1(MVCCDataStructure.java:297)
	at java.base/java.util.concurrent.Executors$RunnableAdapter.call(Executors.java:515)
	at java.base/java.util.concurrent.FutureTask.run(FutureTask.java:264)
	at java.base/java.util.concurrent.ThreadPoolExecutor.runWorker(ThreadPoolExecutor.java:1128)
	at java.base/java.util.concurrent.ThreadPoolExecutor$Worker.run(ThreadPoolExecutor.java:628)
	... 1 more
java.util.concurrent.ExecutionException: jetbrains.exodus.ExodusException
	at java.base/java.util.concurrent.FutureTask.report(FutureTask.java:122)
	at java.base/java.util.concurrent.FutureTask.get(FutureTask.java:191)
	at jetbrains.exodus.newLogConcept.MVCC.MVCCDataStructure.commitTransaction(MVCCDataStructure.java:299)
	at site.ycsb.db.XodusClient.insert(XodusClient.java:60)
	at site.ycsb.DBWrapper.insert(DBWrapper.java:227)
	at site.ycsb.workloads.CoreWorkload.doInsert(CoreWorkload.java:621)
	at site.ycsb.ClientThread.run(ClientThread.java:135)
	at java.base/java.lang.Thread.run(Thread.java:829)
Caused by: jetbrains.exodus.ExodusException
	at jetbrains.exodus.newLogConcept.garbageCollector.OperationLogGarbageCollector.moveAndRemoveRecordsFromLog(OperationLogGarbageCollector.java:69)
	at jetbrains.exodus.newLogConcept.garbageCollector.OperationLogGarbageCollector.clean(OperationLogGarbageCollector.java:51)
	at jetbrains.exodus.newLogConcept.MVCC.MVCCDataStructure.lambda$commitTransaction$1(MVCCDataStructure.java:297)
	at java.base/java.util.concurrent.Executors$RunnableAdapter.call(Executors.java:515)
	at java.base/java.util.concurrent.FutureTask.run(FutureTask.java:264)
	at java.base/java.util.concurrent.ThreadPoolExecutor.runWorker(ThreadPoolExecutor.java:1128)
	at java.base/java.util.concurrent.ThreadPoolExecutor$Worker.run(ThreadPoolExecutor.java:628)
	... 1 more
java.util.concurrent.ExecutionException: jetbrains.exodus.ExodusException
	at java.base/java.util.concurrent.FutureTask.report(FutureTask.java:122)
	at java.base/java.util.concurrent.FutureTask.get(FutureTask.java:191)
	at jetbrains.exodus.newLogConcept.MVCC.MVCCDataStructure.commitTransaction(MVCCDataStructure.java:299)
	at site.ycsb.db.XodusClient.insert(XodusClient.java:60)
	at site.ycsb.DBWrapper.insert(DBWrapper.java:227)
	at site.ycsb.workloads.CoreWorkload.doInsert(CoreWorkload.java:621)
	at site.ycsb.ClientThread.run(ClientThread.java:135)
	at java.base/java.lang.Thread.run(Thread.java:829)
Caused by: jetbrains.exodus.ExodusException
	at jetbrains.exodus.newLogConcept.garbageCollector.OperationLogGarbageCollector.moveAndRemoveRecordsFromLog(OperationLogGarbageCollector.java:69)
	at jetbrains.exodus.newLogConcept.garbageCollector.OperationLogGarbageCollector.clean(OperationLogGarbageCollector.java:51)
	at jetbrains.exodus.newLogConcept.MVCC.MVCCDataStructure.lambda$commitTransaction$1(MVCCDataStructure.java:297)
	at java.base/java.util.concurrent.Executors$RunnableAdapter.call(Executors.java:515)
	at java.base/java.util.concurrent.FutureTask.run(FutureTask.java:264)
	at java.base/java.util.concurrent.ThreadPoolExecutor.runWorker(ThreadPoolExecutor.java:1128)
	at java.base/java.util.concurrent.ThreadPoolExecutor$Worker.run(ThreadPoolExecutor.java:628)
	... 1 more
java.util.concurrent.ExecutionException: jetbrains.exodus.ExodusException
	at java.base/java.util.concurrent.FutureTask.report(FutureTask.java:122)
	at java.base/java.util.concurrent.FutureTask.get(FutureTask.java:191)
	at jetbrains.exodus.newLogConcept.MVCC.MVCCDataStructure.commitTransaction(MVCCDataStructure.java:299)
	at site.ycsb.db.XodusClient.insert(XodusClient.java:60)
	at site.ycsb.DBWrapper.insert(DBWrapper.java:227)
	at site.ycsb.workloads.CoreWorkload.doInsert(CoreWorkload.java:621)
	at site.ycsb.ClientThread.run(ClientThread.java:135)
	at java.base/java.lang.Thread.run(Thread.java:829)
Caused by: jetbrains.exodus.ExodusException
	at jetbrains.exodus.newLogConcept.garbageCollector.OperationLogGarbageCollector.moveAndRemoveRecordsFromLog(OperationLogGarbageCollector.java:69)
	at jetbrains.exodus.newLogConcept.garbageCollector.OperationLogGarbageCollector.clean(OperationLogGarbageCollector.java:51)
	at jetbrains.exodus.newLogConcept.MVCC.MVCCDataStructure.lambda$commitTransaction$1(MVCCDataStructure.java:297)
	at java.base/java.util.concurrent.Executors$RunnableAdapter.call(Executors.java:515)
	at java.base/java.util.concurrent.FutureTask.run(FutureTask.java:264)
	at java.base/java.util.concurrent.ThreadPoolExecutor.runWorker(ThreadPoolExecutor.java:1128)
	at java.base/java.util.concurrent.ThreadPoolExecutor$Worker.run(ThreadPoolExecutor.java:628)
	... 1 more
java.util.concurrent.ExecutionException: jetbrains.exodus.ExodusException
	at java.base/java.util.concurrent.FutureTask.report(FutureTask.java:122)
	at java.base/java.util.concurrent.FutureTask.get(FutureTask.java:191)
	at jetbrains.exodus.newLogConcept.MVCC.MVCCDataStructure.commitTransaction(MVCCDataStructure.java:299)
	at site.ycsb.db.XodusClient.insert(XodusClient.java:60)
	at site.ycsb.DBWrapper.insert(DBWrapper.java:227)
	at site.ycsb.workloads.CoreWorkload.doInsert(CoreWorkload.java:621)
	at site.ycsb.ClientThread.run(ClientThread.java:135)
	at java.base/java.lang.Thread.run(Thread.java:829)
Caused by: jetbrains.exodus.ExodusException
	at jetbrains.exodus.newLogConcept.garbageCollector.OperationLogGarbageCollector.moveAndRemoveRecordsFromLog(OperationLogGarbageCollector.java:69)
	at jetbrains.exodus.newLogConcept.garbageCollector.OperationLogGarbageCollector.clean(OperationLogGarbageCollector.java:51)
	at jetbrains.exodus.newLogConcept.MVCC.MVCCDataStructure.lambda$commitTransaction$1(MVCCDataStructure.java:297)
	at java.base/java.util.concurrent.Executors$RunnableAdapter.call(Executors.java:515)
	at java.base/java.util.concurrent.FutureTask.run(FutureTask.java:264)
	at java.base/java.util.concurrent.ThreadPoolExecutor.runWorker(ThreadPoolExecutor.java:1128)
	at java.base/java.util.concurrent.ThreadPoolExecutor$Worker.run(ThreadPoolExecutor.java:628)
	... 1 more
java.util.concurrent.ExecutionException: jetbrains.exodus.ExodusException
	at java.base/java.util.concurrent.FutureTask.report(FutureTask.java:122)
	at java.base/java.util.concurrent.FutureTask.get(FutureTask.java:191)
	at jetbrains.exodus.newLogConcept.MVCC.MVCCDataStructure.commitTransaction(MVCCDataStructure.java:299)
	at site.ycsb.db.XodusClient.insert(XodusClient.java:60)
	at site.ycsb.DBWrapper.insert(DBWrapper.java:227)
	at site.ycsb.workloads.CoreWorkload.doInsert(CoreWorkload.java:621)
	at site.ycsb.ClientThread.run(ClientThread.java:135)
	at java.base/java.lang.Thread.run(Thread.java:829)
Caused by: jetbrains.exodus.ExodusException
	at jetbrains.exodus.newLogConcept.garbageCollector.OperationLogGarbageCollector.moveAndRemoveRecordsFromLog(OperationLogGarbageCollector.java:69)
	at jetbrains.exodus.newLogConcept.garbageCollector.OperationLogGarbageCollector.clean(OperationLogGarbageCollector.java:51)
	at jetbrains.exodus.newLogConcept.MVCC.MVCCDataStructure.lambda$commitTransaction$1(MVCCDataStructure.java:297)
	at java.base/java.util.concurrent.Executors$RunnableAdapter.call(Executors.java:515)
	at java.base/java.util.concurrent.FutureTask.run(FutureTask.java:264)
	at java.base/java.util.concurrent.ThreadPoolExecutor.runWorker(ThreadPoolExecutor.java:1128)
	at java.base/java.util.concurrent.ThreadPoolExecutor$Worker.run(ThreadPoolExecutor.java:628)
	... 1 more
java.util.concurrent.ExecutionException: jetbrains.exodus.ExodusException
	at java.base/java.util.concurrent.FutureTask.report(FutureTask.java:122)
	at java.base/java.util.concurrent.FutureTask.get(FutureTask.java:191)
	at jetbrains.exodus.newLogConcept.MVCC.MVCCDataStructure.commitTransaction(MVCCDataStructure.java:299)
	at site.ycsb.db.XodusClient.insert(XodusClient.java:60)
	at site.ycsb.DBWrapper.insert(DBWrapper.java:227)
	at site.ycsb.workloads.CoreWorkload.doInsert(CoreWorkload.java:621)
	at site.ycsb.ClientThread.run(ClientThread.java:135)
	at java.base/java.lang.Thread.run(Thread.java:829)
Caused by: jetbrains.exodus.ExodusException
	at jetbrains.exodus.newLogConcept.garbageCollector.OperationLogGarbageCollector.moveAndRemoveRecordsFromLog(OperationLogGarbageCollector.java:69)
	at jetbrains.exodus.newLogConcept.garbageCollector.OperationLogGarbageCollector.clean(OperationLogGarbageCollector.java:51)
	at jetbrains.exodus.newLogConcept.MVCC.MVCCDataStructure.lambda$commitTransaction$1(MVCCDataStructure.java:297)
	at java.base/java.util.concurrent.Executors$RunnableAdapter.call(Executors.java:515)
	at java.base/java.util.concurrent.FutureTask.run(FutureTask.java:264)
	at java.base/java.util.concurrent.ThreadPoolExecutor.runWorker(ThreadPoolExecutor.java:1128)
	at java.base/java.util.concurrent.ThreadPoolExecutor$Worker.run(ThreadPoolExecutor.java:628)
	... 1 more
java.util.concurrent.ExecutionException: jetbrains.exodus.ExodusException
	at java.base/java.util.concurrent.FutureTask.report(FutureTask.java:122)
	at java.base/java.util.concurrent.FutureTask.get(FutureTask.java:191)
	at jetbrains.exodus.newLogConcept.MVCC.MVCCDataStructure.commitTransaction(MVCCDataStructure.java:299)
	at site.ycsb.db.XodusClient.insert(XodusClient.java:60)
	at site.ycsb.DBWrapper.insert(DBWrapper.java:227)
	at site.ycsb.workloads.CoreWorkload.doInsert(CoreWorkload.java:621)
	at site.ycsb.ClientThread.run(ClientThread.java:135)
	at java.base/java.lang.Thread.run(Thread.java:829)
Caused by: jetbrains.exodus.ExodusException
	at jetbrains.exodus.newLogConcept.garbageCollector.OperationLogGarbageCollector.moveAndRemoveRecordsFromLog(OperationLogGarbageCollector.java:69)
	at jetbrains.exodus.newLogConcept.garbageCollector.OperationLogGarbageCollector.clean(OperationLogGarbageCollector.java:51)
	at jetbrains.exodus.newLogConcept.MVCC.MVCCDataStructure.lambda$commitTransaction$1(MVCCDataStructure.java:297)
	at java.base/java.util.concurrent.Executors$RunnableAdapter.call(Executors.java:515)
	at java.base/java.util.concurrent.FutureTask.run(FutureTask.java:264)
	at java.base/java.util.concurrent.ThreadPoolExecutor.runWorker(ThreadPoolExecutor.java:1128)
	at java.base/java.util.concurrent.ThreadPoolExecutor$Worker.run(ThreadPoolExecutor.java:628)
	... 1 more
java.util.concurrent.ExecutionException: jetbrains.exodus.ExodusException
	at java.base/java.util.concurrent.FutureTask.report(FutureTask.java:122)
	at java.base/java.util.concurrent.FutureTask.get(FutureTask.java:191)
	at jetbrains.exodus.newLogConcept.MVCC.MVCCDataStructure.commitTransaction(MVCCDataStructure.java:299)
	at site.ycsb.db.XodusClient.insert(XodusClient.java:60)
	at site.ycsb.DBWrapper.insert(DBWrapper.java:227)
	at site.ycsb.workloads.CoreWorkload.doInsert(CoreWorkload.java:621)
	at site.ycsb.ClientThread.run(ClientThread.java:135)
	at java.base/java.lang.Thread.run(Thread.java:829)
Caused by: jetbrains.exodus.ExodusException
	at jetbrains.exodus.newLogConcept.garbageCollector.OperationLogGarbageCollector.moveAndRemoveRecordsFromLog(OperationLogGarbageCollector.java:69)
	at jetbrains.exodus.newLogConcept.garbageCollector.OperationLogGarbageCollector.clean(OperationLogGarbageCollector.java:51)
	at jetbrains.exodus.newLogConcept.MVCC.MVCCDataStructure.lambda$commitTransaction$1(MVCCDataStructure.java:297)
	at java.base/java.util.concurrent.Executors$RunnableAdapter.call(Executors.java:515)
	at java.base/java.util.concurrent.FutureTask.run(FutureTask.java:264)
	at java.base/java.util.concurrent.ThreadPoolExecutor.runWorker(ThreadPoolExecutor.java:1128)
	at java.base/java.util.concurrent.ThreadPoolExecutor$Worker.run(ThreadPoolExecutor.java:628)
	... 1 more
java.util.concurrent.ExecutionException: jetbrains.exodus.ExodusException
	at java.base/java.util.concurrent.FutureTask.report(FutureTask.java:122)
	at java.base/java.util.concurrent.FutureTask.get(FutureTask.java:191)
	at jetbrains.exodus.newLogConcept.MVCC.MVCCDataStructure.commitTransaction(MVCCDataStructure.java:299)
	at site.ycsb.db.XodusClient.insert(XodusClient.java:60)
	at site.ycsb.DBWrapper.insert(DBWrapper.java:227)
	at site.ycsb.workloads.CoreWorkload.doInsert(CoreWorkload.java:621)
	at site.ycsb.ClientThread.run(ClientThread.java:135)
	at java.base/java.lang.Thread.run(Thread.java:829)
Caused by: jetbrains.exodus.ExodusException
	at jetbrains.exodus.newLogConcept.garbageCollector.OperationLogGarbageCollector.moveAndRemoveRecordsFromLog(OperationLogGarbageCollector.java:69)
	at jetbrains.exodus.newLogConcept.garbageCollector.OperationLogGarbageCollector.clean(OperationLogGarbageCollector.java:51)
	at jetbrains.exodus.newLogConcept.MVCC.MVCCDataStructure.lambda$commitTransaction$1(MVCCDataStructure.java:297)
	at java.base/java.util.concurrent.Executors$RunnableAdapter.call(Executors.java:515)
	at java.base/java.util.concurrent.FutureTask.run(FutureTask.java:264)
	at java.base/java.util.concurrent.ThreadPoolExecutor.runWorker(ThreadPoolExecutor.java:1128)
	at java.base/java.util.concurrent.ThreadPoolExecutor$Worker.run(ThreadPoolExecutor.java:628)
	... 1 more
java.util.concurrent.ExecutionException: jetbrains.exodus.ExodusException
	at java.base/java.util.concurrent.FutureTask.report(FutureTask.java:122)
	at java.base/java.util.concurrent.FutureTask.get(FutureTask.java:191)
	at jetbrains.exodus.newLogConcept.MVCC.MVCCDataStructure.commitTransaction(MVCCDataStructure.java:299)
	at site.ycsb.db.XodusClient.insert(XodusClient.java:60)
	at site.ycsb.DBWrapper.insert(DBWrapper.java:227)
	at site.ycsb.workloads.CoreWorkload.doInsert(CoreWorkload.java:621)
	at site.ycsb.ClientThread.run(ClientThread.java:135)
	at java.base/java.lang.Thread.run(Thread.java:829)
Caused by: jetbrains.exodus.ExodusException
	at jetbrains.exodus.newLogConcept.garbageCollector.OperationLogGarbageCollector.moveAndRemoveRecordsFromLog(OperationLogGarbageCollector.java:69)
	at jetbrains.exodus.newLogConcept.garbageCollector.OperationLogGarbageCollector.clean(OperationLogGarbageCollector.java:51)
	at jetbrains.exodus.newLogConcept.MVCC.MVCCDataStructure.lambda$commitTransaction$1(MVCCDataStructure.java:297)
	at java.base/java.util.concurrent.Executors$RunnableAdapter.call(Executors.java:515)
	at java.base/java.util.concurrent.FutureTask.run(FutureTask.java:264)
	at java.base/java.util.concurrent.ThreadPoolExecutor.runWorker(ThreadPoolExecutor.java:1128)
	at java.base/java.util.concurrent.ThreadPoolExecutor$Worker.run(ThreadPoolExecutor.java:628)
	... 1 more
java.util.concurrent.ExecutionException: jetbrains.exodus.ExodusException
	at java.base/java.util.concurrent.FutureTask.report(FutureTask.java:122)
	at java.base/java.util.concurrent.FutureTask.get(FutureTask.java:191)
	at jetbrains.exodus.newLogConcept.MVCC.MVCCDataStructure.commitTransaction(MVCCDataStructure.java:299)
	at site.ycsb.db.XodusClient.insert(XodusClient.java:60)
	at site.ycsb.DBWrapper.insert(DBWrapper.java:227)
	at site.ycsb.workloads.CoreWorkload.doInsert(CoreWorkload.java:621)
	at site.ycsb.ClientThread.run(ClientThread.java:135)
	at java.base/java.lang.Thread.run(Thread.java:829)
Caused by: jetbrains.exodus.ExodusException
	at jetbrains.exodus.newLogConcept.garbageCollector.OperationLogGarbageCollector.moveAndRemoveRecordsFromLog(OperationLogGarbageCollector.java:69)
	at jetbrains.exodus.newLogConcept.garbageCollector.OperationLogGarbageCollector.clean(OperationLogGarbageCollector.java:51)
	at jetbrains.exodus.newLogConcept.MVCC.MVCCDataStructure.lambda$commitTransaction$1(MVCCDataStructure.java:297)
	at java.base/java.util.concurrent.Executors$RunnableAdapter.call(Executors.java:515)
	at java.base/java.util.concurrent.FutureTask.run(FutureTask.java:264)
	at java.base/java.util.concurrent.ThreadPoolExecutor.runWorker(ThreadPoolExecutor.java:1128)
	at java.base/java.util.concurrent.ThreadPoolExecutor$Worker.run(ThreadPoolExecutor.java:628)
	... 1 more
java.util.concurrent.ExecutionException: jetbrains.exodus.ExodusException
	at java.base/java.util.concurrent.FutureTask.report(FutureTask.java:122)
	at java.base/java.util.concurrent.FutureTask.get(FutureTask.java:191)
	at jetbrains.exodus.newLogConcept.MVCC.MVCCDataStructure.commitTransaction(MVCCDataStructure.java:299)
	at site.ycsb.db.XodusClient.insert(XodusClient.java:60)
	at site.ycsb.DBWrapper.insert(DBWrapper.java:227)
	at site.ycsb.workloads.CoreWorkload.doInsert(CoreWorkload.java:621)
	at site.ycsb.ClientThread.run(ClientThread.java:135)
	at java.base/java.lang.Thread.run(Thread.java:829)
Caused by: jetbrains.exodus.ExodusException
	at jetbrains.exodus.newLogConcept.garbageCollector.OperationLogGarbageCollector.moveAndRemoveRecordsFromLog(OperationLogGarbageCollector.java:69)
	at jetbrains.exodus.newLogConcept.garbageCollector.OperationLogGarbageCollector.clean(OperationLogGarbageCollector.java:51)
	at jetbrains.exodus.newLogConcept.MVCC.MVCCDataStructure.lambda$commitTransaction$1(MVCCDataStructure.java:297)
	at java.base/java.util.concurrent.Executors$RunnableAdapter.call(Executors.java:515)
	at java.base/java.util.concurrent.FutureTask.run(FutureTask.java:264)
	at java.base/java.util.concurrent.ThreadPoolExecutor.runWorker(ThreadPoolExecutor.java:1128)
	at java.base/java.util.concurrent.ThreadPoolExecutor$Worker.run(ThreadPoolExecutor.java:628)
	... 1 more
java.util.concurrent.ExecutionException: jetbrains.exodus.ExodusException
	at java.base/java.util.concurrent.FutureTask.report(FutureTask.java:122)
	at java.base/java.util.concurrent.FutureTask.get(FutureTask.java:191)
	at jetbrains.exodus.newLogConcept.MVCC.MVCCDataStructure.commitTransaction(MVCCDataStructure.java:299)
	at site.ycsb.db.XodusClient.insert(XodusClient.java:60)
	at site.ycsb.DBWrapper.insert(DBWrapper.java:227)
	at site.ycsb.workloads.CoreWorkload.doInsert(CoreWorkload.java:621)
	at site.ycsb.ClientThread.run(ClientThread.java:135)
	at java.base/java.lang.Thread.run(Thread.java:829)
Caused by: jetbrains.exodus.ExodusException
	at jetbrains.exodus.newLogConcept.garbageCollector.OperationLogGarbageCollector.moveAndRemoveRecordsFromLog(OperationLogGarbageCollector.java:69)
	at jetbrains.exodus.newLogConcept.garbageCollector.OperationLogGarbageCollector.clean(OperationLogGarbageCollector.java:51)
	at jetbrains.exodus.newLogConcept.MVCC.MVCCDataStructure.lambda$commitTransaction$1(MVCCDataStructure.java:297)
	at java.base/java.util.concurrent.Executors$RunnableAdapter.call(Executors.java:515)
	at java.base/java.util.concurrent.FutureTask.run(FutureTask.java:264)
	at java.base/java.util.concurrent.ThreadPoolExecutor.runWorker(ThreadPoolExecutor.java:1128)
	at java.base/java.util.concurrent.ThreadPoolExecutor$Worker.run(ThreadPoolExecutor.java:628)
	... 1 more
java.util.concurrent.ExecutionException: jetbrains.exodus.ExodusException
	at java.base/java.util.concurrent.FutureTask.report(FutureTask.java:122)
	at java.base/java.util.concurrent.FutureTask.get(FutureTask.java:191)
	at jetbrains.exodus.newLogConcept.MVCC.MVCCDataStructure.commitTransaction(MVCCDataStructure.java:299)
	at site.ycsb.db.XodusClient.insert(XodusClient.java:60)
	at site.ycsb.DBWrapper.insert(DBWrapper.java:227)
	at site.ycsb.workloads.CoreWorkload.doInsert(CoreWorkload.java:621)
	at site.ycsb.ClientThread.run(ClientThread.java:135)
	at java.base/java.lang.Thread.run(Thread.java:829)
Caused by: jetbrains.exodus.ExodusException
	at jetbrains.exodus.newLogConcept.garbageCollector.OperationLogGarbageCollector.moveAndRemoveRecordsFromLog(OperationLogGarbageCollector.java:69)
	at jetbrains.exodus.newLogConcept.garbageCollector.OperationLogGarbageCollector.clean(OperationLogGarbageCollector.java:51)
	at jetbrains.exodus.newLogConcept.MVCC.MVCCDataStructure.lambda$commitTransaction$1(MVCCDataStructure.java:297)
	at java.base/java.util.concurrent.Executors$RunnableAdapter.call(Executors.java:515)
	at java.base/java.util.concurrent.FutureTask.run(FutureTask.java:264)
	at java.base/java.util.concurrent.ThreadPoolExecutor.runWorker(ThreadPoolExecutor.java:1128)
	at java.base/java.util.concurrent.ThreadPoolExecutor$Worker.run(ThreadPoolExecutor.java:628)
	... 1 more
java.util.concurrent.ExecutionException: jetbrains.exodus.ExodusException
	at java.base/java.util.concurrent.FutureTask.report(FutureTask.java:122)
	at java.base/java.util.concurrent.FutureTask.get(FutureTask.java:191)
	at jetbrains.exodus.newLogConcept.MVCC.MVCCDataStructure.commitTransaction(MVCCDataStructure.java:299)
	at site.ycsb.db.XodusClient.insert(XodusClient.java:60)
	at site.ycsb.DBWrapper.insert(DBWrapper.java:227)
	at site.ycsb.workloads.CoreWorkload.doInsert(CoreWorkload.java:621)
	at site.ycsb.ClientThread.run(ClientThread.java:135)
	at java.base/java.lang.Thread.run(Thread.java:829)
Caused by: jetbrains.exodus.ExodusException
	at jetbrains.exodus.newLogConcept.garbageCollector.OperationLogGarbageCollector.moveAndRemoveRecordsFromLog(OperationLogGarbageCollector.java:69)
	at jetbrains.exodus.newLogConcept.garbageCollector.OperationLogGarbageCollector.clean(OperationLogGarbageCollector.java:51)
	at jetbrains.exodus.newLogConcept.MVCC.MVCCDataStructure.lambda$commitTransaction$1(MVCCDataStructure.java:297)
	at java.base/java.util.concurrent.Executors$RunnableAdapter.call(Executors.java:515)
	at java.base/java.util.concurrent.FutureTask.run(FutureTask.java:264)
	at java.base/java.util.concurrent.ThreadPoolExecutor.runWorker(ThreadPoolExecutor.java:1128)
	at java.base/java.util.concurrent.ThreadPoolExecutor$Worker.run(ThreadPoolExecutor.java:628)
	... 1 more
java.util.concurrent.ExecutionException: jetbrains.exodus.ExodusException
	at java.base/java.util.concurrent.FutureTask.report(FutureTask.java:122)
	at java.base/java.util.concurrent.FutureTask.get(FutureTask.java:191)
	at jetbrains.exodus.newLogConcept.MVCC.MVCCDataStructure.commitTransaction(MVCCDataStructure.java:299)
	at site.ycsb.db.XodusClient.insert(XodusClient.java:60)
	at site.ycsb.DBWrapper.insert(DBWrapper.java:227)
	at site.ycsb.workloads.CoreWorkload.doInsert(CoreWorkload.java:621)
	at site.ycsb.ClientThread.run(ClientThread.java:135)
	at java.base/java.lang.Thread.run(Thread.java:829)
Caused by: jetbrains.exodus.ExodusException
	at jetbrains.exodus.newLogConcept.garbageCollector.OperationLogGarbageCollector.moveAndRemoveRecordsFromLog(OperationLogGarbageCollector.java:69)
	at jetbrains.exodus.newLogConcept.garbageCollector.OperationLogGarbageCollector.clean(OperationLogGarbageCollector.java:51)
	at jetbrains.exodus.newLogConcept.MVCC.MVCCDataStructure.lambda$commitTransaction$1(MVCCDataStructure.java:297)
	at java.base/java.util.concurrent.Executors$RunnableAdapter.call(Executors.java:515)
	at java.base/java.util.concurrent.FutureTask.run(FutureTask.java:264)
	at java.base/java.util.concurrent.ThreadPoolExecutor.runWorker(ThreadPoolExecutor.java:1128)
	at java.base/java.util.concurrent.ThreadPoolExecutor$Worker.run(ThreadPoolExecutor.java:628)
	... 1 more
java.util.concurrent.ExecutionException: jetbrains.exodus.ExodusException
	at java.base/java.util.concurrent.FutureTask.report(FutureTask.java:122)
	at java.base/java.util.concurrent.FutureTask.get(FutureTask.java:191)
	at jetbrains.exodus.newLogConcept.MVCC.MVCCDataStructure.commitTransaction(MVCCDataStructure.java:299)
	at site.ycsb.db.XodusClient.insert(XodusClient.java:60)
	at site.ycsb.DBWrapper.insert(DBWrapper.java:227)
	at site.ycsb.workloads.CoreWorkload.doInsert(CoreWorkload.java:621)
	at site.ycsb.ClientThread.run(ClientThread.java:135)
	at java.base/java.lang.Thread.run(Thread.java:829)
Caused by: jetbrains.exodus.ExodusException
	at jetbrains.exodus.newLogConcept.garbageCollector.OperationLogGarbageCollector.moveAndRemoveRecordsFromLog(OperationLogGarbageCollector.java:69)
	at jetbrains.exodus.newLogConcept.garbageCollector.OperationLogGarbageCollector.clean(OperationLogGarbageCollector.java:51)
	at jetbrains.exodus.newLogConcept.MVCC.MVCCDataStructure.lambda$commitTransaction$1(MVCCDataStructure.java:297)
	at java.base/java.util.concurrent.Executors$RunnableAdapter.call(Executors.java:515)
	at java.base/java.util.concurrent.FutureTask.run(FutureTask.java:264)
	at java.base/java.util.concurrent.ThreadPoolExecutor.runWorker(ThreadPoolExecutor.java:1128)
	at java.base/java.util.concurrent.ThreadPoolExecutor$Worker.run(ThreadPoolExecutor.java:628)
	... 1 more
java.util.concurrent.ExecutionException: jetbrains.exodus.ExodusException
	at java.base/java.util.concurrent.FutureTask.report(FutureTask.java:122)
	at java.base/java.util.concurrent.FutureTask.get(FutureTask.java:191)
	at jetbrains.exodus.newLogConcept.MVCC.MVCCDataStructure.commitTransaction(MVCCDataStructure.java:299)
	at site.ycsb.db.XodusClient.insert(XodusClient.java:60)
	at site.ycsb.DBWrapper.insert(DBWrapper.java:227)
	at site.ycsb.workloads.CoreWorkload.doInsert(CoreWorkload.java:621)
	at site.ycsb.ClientThread.run(ClientThread.java:135)
	at java.base/java.lang.Thread.run(Thread.java:829)
Caused by: jetbrains.exodus.ExodusException
	at jetbrains.exodus.newLogConcept.garbageCollector.OperationLogGarbageCollector.moveAndRemoveRecordsFromLog(OperationLogGarbageCollector.java:69)
	at jetbrains.exodus.newLogConcept.garbageCollector.OperationLogGarbageCollector.clean(OperationLogGarbageCollector.java:51)
	at jetbrains.exodus.newLogConcept.MVCC.MVCCDataStructure.lambda$commitTransaction$1(MVCCDataStructure.java:297)
	at java.base/java.util.concurrent.Executors$RunnableAdapter.call(Executors.java:515)
	at java.base/java.util.concurrent.FutureTask.run(FutureTask.java:264)
	at java.base/java.util.concurrent.ThreadPoolExecutor.runWorker(ThreadPoolExecutor.java:1128)
	at java.base/java.util.concurrent.ThreadPoolExecutor$Worker.run(ThreadPoolExecutor.java:628)
	... 1 more
java.util.concurrent.ExecutionException: jetbrains.exodus.ExodusException
	at java.base/java.util.concurrent.FutureTask.report(FutureTask.java:122)
	at java.base/java.util.concurrent.FutureTask.get(FutureTask.java:191)
	at jetbrains.exodus.newLogConcept.MVCC.MVCCDataStructure.commitTransaction(MVCCDataStructure.java:299)
	at site.ycsb.db.XodusClient.insert(XodusClient.java:60)
	at site.ycsb.DBWrapper.insert(DBWrapper.java:227)
	at site.ycsb.workloads.CoreWorkload.doInsert(CoreWorkload.java:621)
	at site.ycsb.ClientThread.run(ClientThread.java:135)
	at java.base/java.lang.Thread.run(Thread.java:829)
Caused by: jetbrains.exodus.ExodusException
	at jetbrains.exodus.newLogConcept.garbageCollector.OperationLogGarbageCollector.moveAndRemoveRecordsFromLog(OperationLogGarbageCollector.java:69)
	at jetbrains.exodus.newLogConcept.garbageCollector.OperationLogGarbageCollector.clean(OperationLogGarbageCollector.java:51)
	at jetbrains.exodus.newLogConcept.MVCC.MVCCDataStructure.lambda$commitTransaction$1(MVCCDataStructure.java:297)
	at java.base/java.util.concurrent.Executors$RunnableAdapter.call(Executors.java:515)
	at java.base/java.util.concurrent.FutureTask.run(FutureTask.java:264)
	at java.base/java.util.concurrent.ThreadPoolExecutor.runWorker(ThreadPoolExecutor.java:1128)
	at java.base/java.util.concurrent.ThreadPoolExecutor$Worker.run(ThreadPoolExecutor.java:628)
	... 1 more
java.util.concurrent.ExecutionException: jetbrains.exodus.ExodusException
	at java.base/java.util.concurrent.FutureTask.report(FutureTask.java:122)
	at java.base/java.util.concurrent.FutureTask.get(FutureTask.java:191)
	at jetbrains.exodus.newLogConcept.MVCC.MVCCDataStructure.commitTransaction(MVCCDataStructure.java:299)
	at site.ycsb.db.XodusClient.insert(XodusClient.java:60)
	at site.ycsb.DBWrapper.insert(DBWrapper.java:227)
	at site.ycsb.workloads.CoreWorkload.doInsert(CoreWorkload.java:621)
	at site.ycsb.ClientThread.run(ClientThread.java:135)
	at java.base/java.lang.Thread.run(Thread.java:829)
Caused by: jetbrains.exodus.ExodusException
	at jetbrains.exodus.newLogConcept.garbageCollector.OperationLogGarbageCollector.moveAndRemoveRecordsFromLog(OperationLogGarbageCollector.java:69)
	at jetbrains.exodus.newLogConcept.garbageCollector.OperationLogGarbageCollector.clean(OperationLogGarbageCollector.java:51)
	at jetbrains.exodus.newLogConcept.MVCC.MVCCDataStructure.lambda$commitTransaction$1(MVCCDataStructure.java:297)
	at java.base/java.util.concurrent.Executors$RunnableAdapter.call(Executors.java:515)
	at java.base/java.util.concurrent.FutureTask.run(FutureTask.java:264)
	at java.base/java.util.concurrent.ThreadPoolExecutor.runWorker(ThreadPoolExecutor.java:1128)
	at java.base/java.util.concurrent.ThreadPoolExecutor$Worker.run(ThreadPoolExecutor.java:628)
	... 1 more
java.util.concurrent.ExecutionException: jetbrains.exodus.ExodusException
	at java.base/java.util.concurrent.FutureTask.report(FutureTask.java:122)
	at java.base/java.util.concurrent.FutureTask.get(FutureTask.java:191)
	at jetbrains.exodus.newLogConcept.MVCC.MVCCDataStructure.commitTransaction(MVCCDataStructure.java:299)
	at site.ycsb.db.XodusClient.insert(XodusClient.java:60)
	at site.ycsb.DBWrapper.insert(DBWrapper.java:227)
	at site.ycsb.workloads.CoreWorkload.doInsert(CoreWorkload.java:621)
	at site.ycsb.ClientThread.run(ClientThread.java:135)
	at java.base/java.lang.Thread.run(Thread.java:829)
Caused by: jetbrains.exodus.ExodusException
	at jetbrains.exodus.newLogConcept.garbageCollector.OperationLogGarbageCollector.moveAndRemoveRecordsFromLog(OperationLogGarbageCollector.java:69)
	at jetbrains.exodus.newLogConcept.garbageCollector.OperationLogGarbageCollector.clean(OperationLogGarbageCollector.java:51)
	at jetbrains.exodus.newLogConcept.MVCC.MVCCDataStructure.lambda$commitTransaction$1(MVCCDataStructure.java:297)
	at java.base/java.util.concurrent.Executors$RunnableAdapter.call(Executors.java:515)
	at java.base/java.util.concurrent.FutureTask.run(FutureTask.java:264)
	at java.base/java.util.concurrent.ThreadPoolExecutor.runWorker(ThreadPoolExecutor.java:1128)
	at java.base/java.util.concurrent.ThreadPoolExecutor$Worker.run(ThreadPoolExecutor.java:628)
	... 1 more
java.util.concurrent.ExecutionException: jetbrains.exodus.ExodusException
	at java.base/java.util.concurrent.FutureTask.report(FutureTask.java:122)
	at java.base/java.util.concurrent.FutureTask.get(FutureTask.java:191)
	at jetbrains.exodus.newLogConcept.MVCC.MVCCDataStructure.commitTransaction(MVCCDataStructure.java:299)
	at site.ycsb.db.XodusClient.insert(XodusClient.java:60)
	at site.ycsb.DBWrapper.insert(DBWrapper.java:227)
	at site.ycsb.workloads.CoreWorkload.doInsert(CoreWorkload.java:621)
	at site.ycsb.ClientThread.run(ClientThread.java:135)
	at java.base/java.lang.Thread.run(Thread.java:829)
Caused by: jetbrains.exodus.ExodusException
	at jetbrains.exodus.newLogConcept.garbageCollector.OperationLogGarbageCollector.moveAndRemoveRecordsFromLog(OperationLogGarbageCollector.java:69)
	at jetbrains.exodus.newLogConcept.garbageCollector.OperationLogGarbageCollector.clean(OperationLogGarbageCollector.java:51)
	at jetbrains.exodus.newLogConcept.MVCC.MVCCDataStructure.lambda$commitTransaction$1(MVCCDataStructure.java:297)
	at java.base/java.util.concurrent.Executors$RunnableAdapter.call(Executors.java:515)
	at java.base/java.util.concurrent.FutureTask.run(FutureTask.java:264)
	at java.base/java.util.concurrent.ThreadPoolExecutor.runWorker(ThreadPoolExecutor.java:1128)
	at java.base/java.util.concurrent.ThreadPoolExecutor$Worker.run(ThreadPoolExecutor.java:628)
	... 1 more
java.util.concurrent.ExecutionException: jetbrains.exodus.ExodusException
	at java.base/java.util.concurrent.FutureTask.report(FutureTask.java:122)
	at java.base/java.util.concurrent.FutureTask.get(FutureTask.java:191)
	at jetbrains.exodus.newLogConcept.MVCC.MVCCDataStructure.commitTransaction(MVCCDataStructure.java:299)
	at site.ycsb.db.XodusClient.insert(XodusClient.java:60)
	at site.ycsb.DBWrapper.insert(DBWrapper.java:227)
	at site.ycsb.workloads.CoreWorkload.doInsert(CoreWorkload.java:621)
	at site.ycsb.ClientThread.run(ClientThread.java:135)
	at java.base/java.lang.Thread.run(Thread.java:829)
Caused by: jetbrains.exodus.ExodusException
	at jetbrains.exodus.newLogConcept.garbageCollector.OperationLogGarbageCollector.moveAndRemoveRecordsFromLog(OperationLogGarbageCollector.java:69)
	at jetbrains.exodus.newLogConcept.garbageCollector.OperationLogGarbageCollector.clean(OperationLogGarbageCollector.java:51)
	at jetbrains.exodus.newLogConcept.MVCC.MVCCDataStructure.lambda$commitTransaction$1(MVCCDataStructure.java:297)
	at java.base/java.util.concurrent.Executors$RunnableAdapter.call(Executors.java:515)
	at java.base/java.util.concurrent.FutureTask.run(FutureTask.java:264)
	at java.base/java.util.concurrent.ThreadPoolExecutor.runWorker(ThreadPoolExecutor.java:1128)
	at java.base/java.util.concurrent.ThreadPoolExecutor$Worker.run(ThreadPoolExecutor.java:628)
	... 1 more
java.util.concurrent.ExecutionException: jetbrains.exodus.ExodusException
	at java.base/java.util.concurrent.FutureTask.report(FutureTask.java:122)
	at java.base/java.util.concurrent.FutureTask.get(FutureTask.java:191)
	at jetbrains.exodus.newLogConcept.MVCC.MVCCDataStructure.commitTransaction(MVCCDataStructure.java:299)
	at site.ycsb.db.XodusClient.insert(XodusClient.java:60)
	at site.ycsb.DBWrapper.insert(DBWrapper.java:227)
	at site.ycsb.workloads.CoreWorkload.doInsert(CoreWorkload.java:621)
	at site.ycsb.ClientThread.run(ClientThread.java:135)
	at java.base/java.lang.Thread.run(Thread.java:829)
Caused by: jetbrains.exodus.ExodusException
	at jetbrains.exodus.newLogConcept.garbageCollector.OperationLogGarbageCollector.moveAndRemoveRecordsFromLog(OperationLogGarbageCollector.java:69)
	at jetbrains.exodus.newLogConcept.garbageCollector.OperationLogGarbageCollector.clean(OperationLogGarbageCollector.java:51)
	at jetbrains.exodus.newLogConcept.MVCC.MVCCDataStructure.lambda$commitTransaction$1(MVCCDataStructure.java:297)
	at java.base/java.util.concurrent.Executors$RunnableAdapter.call(Executors.java:515)
	at java.base/java.util.concurrent.FutureTask.run(FutureTask.java:264)
	at java.base/java.util.concurrent.ThreadPoolExecutor.runWorker(ThreadPoolExecutor.java:1128)
	at java.base/java.util.concurrent.ThreadPoolExecutor$Worker.run(ThreadPoolExecutor.java:628)
	... 1 more
java.util.concurrent.ExecutionException: jetbrains.exodus.ExodusException
	at java.base/java.util.concurrent.FutureTask.report(FutureTask.java:122)
	at java.base/java.util.concurrent.FutureTask.get(FutureTask.java:191)
	at jetbrains.exodus.newLogConcept.MVCC.MVCCDataStructure.commitTransaction(MVCCDataStructure.java:299)
	at site.ycsb.db.XodusClient.insert(XodusClient.java:60)
	at site.ycsb.DBWrapper.insert(DBWrapper.java:227)
	at site.ycsb.workloads.CoreWorkload.doInsert(CoreWorkload.java:621)
	at site.ycsb.ClientThread.run(ClientThread.java:135)
	at java.base/java.lang.Thread.run(Thread.java:829)
Caused by: jetbrains.exodus.ExodusException
	at jetbrains.exodus.newLogConcept.garbageCollector.OperationLogGarbageCollector.moveAndRemoveRecordsFromLog(OperationLogGarbageCollector.java:69)
	at jetbrains.exodus.newLogConcept.garbageCollector.OperationLogGarbageCollector.clean(OperationLogGarbageCollector.java:51)
	at jetbrains.exodus.newLogConcept.MVCC.MVCCDataStructure.lambda$commitTransaction$1(MVCCDataStructure.java:297)
	at java.base/java.util.concurrent.Executors$RunnableAdapter.call(Executors.java:515)
	at java.base/java.util.concurrent.FutureTask.run(FutureTask.java:264)
	at java.base/java.util.concurrent.ThreadPoolExecutor.runWorker(ThreadPoolExecutor.java:1128)
	at java.base/java.util.concurrent.ThreadPoolExecutor$Worker.run(ThreadPoolExecutor.java:628)
	... 1 more
java.util.concurrent.ExecutionException: jetbrains.exodus.ExodusException
	at java.base/java.util.concurrent.FutureTask.report(FutureTask.java:122)
	at java.base/java.util.concurrent.FutureTask.get(FutureTask.java:191)
	at jetbrains.exodus.newLogConcept.MVCC.MVCCDataStructure.commitTransaction(MVCCDataStructure.java:299)
	at site.ycsb.db.XodusClient.insert(XodusClient.java:60)
	at site.ycsb.DBWrapper.insert(DBWrapper.java:227)
	at site.ycsb.workloads.CoreWorkload.doInsert(CoreWorkload.java:621)
	at site.ycsb.ClientThread.run(ClientThread.java:135)
	at java.base/java.lang.Thread.run(Thread.java:829)
Caused by: jetbrains.exodus.ExodusException
	at jetbrains.exodus.newLogConcept.garbageCollector.OperationLogGarbageCollector.moveAndRemoveRecordsFromLog(OperationLogGarbageCollector.java:69)
	at jetbrains.exodus.newLogConcept.garbageCollector.OperationLogGarbageCollector.clean(OperationLogGarbageCollector.java:51)
	at jetbrains.exodus.newLogConcept.MVCC.MVCCDataStructure.lambda$commitTransaction$1(MVCCDataStructure.java:297)
	at java.base/java.util.concurrent.Executors$RunnableAdapter.call(Executors.java:515)
	at java.base/java.util.concurrent.FutureTask.run(FutureTask.java:264)
	at java.base/java.util.concurrent.ThreadPoolExecutor.runWorker(ThreadPoolExecutor.java:1128)
	at java.base/java.util.concurrent.ThreadPoolExecutor$Worker.run(ThreadPoolExecutor.java:628)
	... 1 more
java.util.concurrent.ExecutionException: jetbrains.exodus.ExodusException
	at java.base/java.util.concurrent.FutureTask.report(FutureTask.java:122)
	at java.base/java.util.concurrent.FutureTask.get(FutureTask.java:191)
	at jetbrains.exodus.newLogConcept.MVCC.MVCCDataStructure.commitTransaction(MVCCDataStructure.java:299)
	at site.ycsb.db.XodusClient.insert(XodusClient.java:60)
	at site.ycsb.DBWrapper.insert(DBWrapper.java:227)
	at site.ycsb.workloads.CoreWorkload.doInsert(CoreWorkload.java:621)
	at site.ycsb.ClientThread.run(ClientThread.java:135)
	at java.base/java.lang.Thread.run(Thread.java:829)
Caused by: jetbrains.exodus.ExodusException
	at jetbrains.exodus.newLogConcept.garbageCollector.OperationLogGarbageCollector.moveAndRemoveRecordsFromLog(OperationLogGarbageCollector.java:69)
	at jetbrains.exodus.newLogConcept.garbageCollector.OperationLogGarbageCollector.clean(OperationLogGarbageCollector.java:51)
	at jetbrains.exodus.newLogConcept.MVCC.MVCCDataStructure.lambda$commitTransaction$1(MVCCDataStructure.java:297)
	at java.base/java.util.concurrent.Executors$RunnableAdapter.call(Executors.java:515)
	at java.base/java.util.concurrent.FutureTask.run(FutureTask.java:264)
	at java.base/java.util.concurrent.ThreadPoolExecutor.runWorker(ThreadPoolExecutor.java:1128)
	at java.base/java.util.concurrent.ThreadPoolExecutor$Worker.run(ThreadPoolExecutor.java:628)
	... 1 more
java.util.concurrent.ExecutionException: jetbrains.exodus.ExodusException
	at java.base/java.util.concurrent.FutureTask.report(FutureTask.java:122)
	at java.base/java.util.concurrent.FutureTask.get(FutureTask.java:191)
	at jetbrains.exodus.newLogConcept.MVCC.MVCCDataStructure.commitTransaction(MVCCDataStructure.java:299)
	at site.ycsb.db.XodusClient.insert(XodusClient.java:60)
	at site.ycsb.DBWrapper.insert(DBWrapper.java:227)
	at site.ycsb.workloads.CoreWorkload.doInsert(CoreWorkload.java:621)
	at site.ycsb.ClientThread.run(ClientThread.java:135)
	at java.base/java.lang.Thread.run(Thread.java:829)
Caused by: jetbrains.exodus.ExodusException
	at jetbrains.exodus.newLogConcept.garbageCollector.OperationLogGarbageCollector.moveAndRemoveRecordsFromLog(OperationLogGarbageCollector.java:69)
	at jetbrains.exodus.newLogConcept.garbageCollector.OperationLogGarbageCollector.clean(OperationLogGarbageCollector.java:51)
	at jetbrains.exodus.newLogConcept.MVCC.MVCCDataStructure.lambda$commitTransaction$1(MVCCDataStructure.java:297)
	at java.base/java.util.concurrent.Executors$RunnableAdapter.call(Executors.java:515)
	at java.base/java.util.concurrent.FutureTask.run(FutureTask.java:264)
	at java.base/java.util.concurrent.ThreadPoolExecutor.runWorker(ThreadPoolExecutor.java:1128)
	at java.base/java.util.concurrent.ThreadPoolExecutor$Worker.run(ThreadPoolExecutor.java:628)
	... 1 more
java.util.concurrent.ExecutionException: jetbrains.exodus.ExodusException
	at java.base/java.util.concurrent.FutureTask.report(FutureTask.java:122)
	at java.base/java.util.concurrent.FutureTask.get(FutureTask.java:191)
	at jetbrains.exodus.newLogConcept.MVCC.MVCCDataStructure.commitTransaction(MVCCDataStructure.java:299)
	at site.ycsb.db.XodusClient.insert(XodusClient.java:60)
	at site.ycsb.DBWrapper.insert(DBWrapper.java:227)
	at site.ycsb.workloads.CoreWorkload.doInsert(CoreWorkload.java:621)
	at site.ycsb.ClientThread.run(ClientThread.java:135)
	at java.base/java.lang.Thread.run(Thread.java:829)
Caused by: jetbrains.exodus.ExodusException
	at jetbrains.exodus.newLogConcept.garbageCollector.OperationLogGarbageCollector.moveAndRemoveRecordsFromLog(OperationLogGarbageCollector.java:69)
	at jetbrains.exodus.newLogConcept.garbageCollector.OperationLogGarbageCollector.clean(OperationLogGarbageCollector.java:51)
	at jetbrains.exodus.newLogConcept.MVCC.MVCCDataStructure.lambda$commitTransaction$1(MVCCDataStructure.java:297)
	at java.base/java.util.concurrent.Executors$RunnableAdapter.call(Executors.java:515)
	at java.base/java.util.concurrent.FutureTask.run(FutureTask.java:264)
	at java.base/java.util.concurrent.ThreadPoolExecutor.runWorker(ThreadPoolExecutor.java:1128)
	at java.base/java.util.concurrent.ThreadPoolExecutor$Worker.run(ThreadPoolExecutor.java:628)
	... 1 more
java.util.concurrent.ExecutionException: jetbrains.exodus.ExodusException
	at java.base/java.util.concurrent.FutureTask.report(FutureTask.java:122)
	at java.base/java.util.concurrent.FutureTask.get(FutureTask.java:191)
	at jetbrains.exodus.newLogConcept.MVCC.MVCCDataStructure.commitTransaction(MVCCDataStructure.java:299)
	at site.ycsb.db.XodusClient.insert(XodusClient.java:60)
	at site.ycsb.DBWrapper.insert(DBWrapper.java:227)
	at site.ycsb.workloads.CoreWorkload.doInsert(CoreWorkload.java:621)
	at site.ycsb.ClientThread.run(ClientThread.java:135)
	at java.base/java.lang.Thread.run(Thread.java:829)
Caused by: jetbrains.exodus.ExodusException
	at jetbrains.exodus.newLogConcept.garbageCollector.OperationLogGarbageCollector.moveAndRemoveRecordsFromLog(OperationLogGarbageCollector.java:69)
	at jetbrains.exodus.newLogConcept.garbageCollector.OperationLogGarbageCollector.clean(OperationLogGarbageCollector.java:51)
	at jetbrains.exodus.newLogConcept.MVCC.MVCCDataStructure.lambda$commitTransaction$1(MVCCDataStructure.java:297)
	at java.base/java.util.concurrent.Executors$RunnableAdapter.call(Executors.java:515)
	at java.base/java.util.concurrent.FutureTask.run(FutureTask.java:264)
	at java.base/java.util.concurrent.ThreadPoolExecutor.runWorker(ThreadPoolExecutor.java:1128)
	at java.base/java.util.concurrent.ThreadPoolExecutor$Worker.run(ThreadPoolExecutor.java:628)
	... 1 more
java.util.concurrent.ExecutionException: jetbrains.exodus.ExodusException
	at java.base/java.util.concurrent.FutureTask.report(FutureTask.java:122)
	at java.base/java.util.concurrent.FutureTask.get(FutureTask.java:191)
	at jetbrains.exodus.newLogConcept.MVCC.MVCCDataStructure.commitTransaction(MVCCDataStructure.java:299)
	at site.ycsb.db.XodusClient.insert(XodusClient.java:60)
	at site.ycsb.DBWrapper.insert(DBWrapper.java:227)
	at site.ycsb.workloads.CoreWorkload.doInsert(CoreWorkload.java:621)
	at site.ycsb.ClientThread.run(ClientThread.java:135)
	at java.base/java.lang.Thread.run(Thread.java:829)
Caused by: jetbrains.exodus.ExodusException
	at jetbrains.exodus.newLogConcept.garbageCollector.OperationLogGarbageCollector.moveAndRemoveRecordsFromLog(OperationLogGarbageCollector.java:69)
	at jetbrains.exodus.newLogConcept.garbageCollector.OperationLogGarbageCollector.clean(OperationLogGarbageCollector.java:51)
	at jetbrains.exodus.newLogConcept.MVCC.MVCCDataStructure.lambda$commitTransaction$1(MVCCDataStructure.java:297)
	at java.base/java.util.concurrent.Executors$RunnableAdapter.call(Executors.java:515)
	at java.base/java.util.concurrent.FutureTask.run(FutureTask.java:264)
	at java.base/java.util.concurrent.ThreadPoolExecutor.runWorker(ThreadPoolExecutor.java:1128)
	at java.base/java.util.concurrent.ThreadPoolExecutor$Worker.run(ThreadPoolExecutor.java:628)
	... 1 more
java.util.concurrent.ExecutionException: jetbrains.exodus.ExodusException
	at java.base/java.util.concurrent.FutureTask.report(FutureTask.java:122)
	at java.base/java.util.concurrent.FutureTask.get(FutureTask.java:191)
	at jetbrains.exodus.newLogConcept.MVCC.MVCCDataStructure.commitTransaction(MVCCDataStructure.java:299)
	at site.ycsb.db.XodusClient.insert(XodusClient.java:60)
	at site.ycsb.DBWrapper.insert(DBWrapper.java:227)
	at site.ycsb.workloads.CoreWorkload.doInsert(CoreWorkload.java:621)
	at site.ycsb.ClientThread.run(ClientThread.java:135)
	at java.base/java.lang.Thread.run(Thread.java:829)
Caused by: jetbrains.exodus.ExodusException
	at jetbrains.exodus.newLogConcept.garbageCollector.OperationLogGarbageCollector.moveAndRemoveRecordsFromLog(OperationLogGarbageCollector.java:69)
	at jetbrains.exodus.newLogConcept.garbageCollector.OperationLogGarbageCollector.clean(OperationLogGarbageCollector.java:51)
	at jetbrains.exodus.newLogConcept.MVCC.MVCCDataStructure.lambda$commitTransaction$1(MVCCDataStructure.java:297)
	at java.base/java.util.concurrent.Executors$RunnableAdapter.call(Executors.java:515)
	at java.base/java.util.concurrent.FutureTask.run(FutureTask.java:264)
	at java.base/java.util.concurrent.ThreadPoolExecutor.runWorker(ThreadPoolExecutor.java:1128)
	at java.base/java.util.concurrent.ThreadPoolExecutor$Worker.run(ThreadPoolExecutor.java:628)
	... 1 more
java.util.concurrent.ExecutionException: jetbrains.exodus.ExodusException
	at java.base/java.util.concurrent.FutureTask.report(FutureTask.java:122)
	at java.base/java.util.concurrent.FutureTask.get(FutureTask.java:191)
	at jetbrains.exodus.newLogConcept.MVCC.MVCCDataStructure.commitTransaction(MVCCDataStructure.java:299)
	at site.ycsb.db.XodusClient.insert(XodusClient.java:60)
	at site.ycsb.DBWrapper.insert(DBWrapper.java:227)
	at site.ycsb.workloads.CoreWorkload.doInsert(CoreWorkload.java:621)
	at site.ycsb.ClientThread.run(ClientThread.java:135)
	at java.base/java.lang.Thread.run(Thread.java:829)
Caused by: jetbrains.exodus.ExodusException
	at jetbrains.exodus.newLogConcept.garbageCollector.OperationLogGarbageCollector.moveAndRemoveRecordsFromLog(OperationLogGarbageCollector.java:69)
	at jetbrains.exodus.newLogConcept.garbageCollector.OperationLogGarbageCollector.clean(OperationLogGarbageCollector.java:51)
	at jetbrains.exodus.newLogConcept.MVCC.MVCCDataStructure.lambda$commitTransaction$1(MVCCDataStructure.java:297)
	at java.base/java.util.concurrent.Executors$RunnableAdapter.call(Executors.java:515)
	at java.base/java.util.concurrent.FutureTask.run(FutureTask.java:264)
	at java.base/java.util.concurrent.ThreadPoolExecutor.runWorker(ThreadPoolExecutor.java:1128)
	at java.base/java.util.concurrent.ThreadPoolExecutor$Worker.run(ThreadPoolExecutor.java:628)
	... 1 more
java.util.concurrent.ExecutionException: jetbrains.exodus.ExodusException
	at java.base/java.util.concurrent.FutureTask.report(FutureTask.java:122)
	at java.base/java.util.concurrent.FutureTask.get(FutureTask.java:191)
	at jetbrains.exodus.newLogConcept.MVCC.MVCCDataStructure.commitTransaction(MVCCDataStructure.java:299)
	at site.ycsb.db.XodusClient.insert(XodusClient.java:60)
	at site.ycsb.DBWrapper.insert(DBWrapper.java:227)
	at site.ycsb.workloads.CoreWorkload.doInsert(CoreWorkload.java:621)
	at site.ycsb.ClientThread.run(ClientThread.java:135)
	at java.base/java.lang.Thread.run(Thread.java:829)
Caused by: jetbrains.exodus.ExodusException
	at jetbrains.exodus.newLogConcept.garbageCollector.OperationLogGarbageCollector.moveAndRemoveRecordsFromLog(OperationLogGarbageCollector.java:69)
	at jetbrains.exodus.newLogConcept.garbageCollector.OperationLogGarbageCollector.clean(OperationLogGarbageCollector.java:51)
	at jetbrains.exodus.newLogConcept.MVCC.MVCCDataStructure.lambda$commitTransaction$1(MVCCDataStructure.java:297)
	at java.base/java.util.concurrent.Executors$RunnableAdapter.call(Executors.java:515)
	at java.base/java.util.concurrent.FutureTask.run(FutureTask.java:264)
	at java.base/java.util.concurrent.ThreadPoolExecutor.runWorker(ThreadPoolExecutor.java:1128)
	at java.base/java.util.concurrent.ThreadPoolExecutor$Worker.run(ThreadPoolExecutor.java:628)
	... 1 more
java.util.concurrent.ExecutionException: jetbrains.exodus.ExodusException
	at java.base/java.util.concurrent.FutureTask.report(FutureTask.java:122)
	at java.base/java.util.concurrent.FutureTask.get(FutureTask.java:191)
	at jetbrains.exodus.newLogConcept.MVCC.MVCCDataStructure.commitTransaction(MVCCDataStructure.java:299)
	at site.ycsb.db.XodusClient.insert(XodusClient.java:60)
	at site.ycsb.DBWrapper.insert(DBWrapper.java:227)
	at site.ycsb.workloads.CoreWorkload.doInsert(CoreWorkload.java:621)
	at site.ycsb.ClientThread.run(ClientThread.java:135)
	at java.base/java.lang.Thread.run(Thread.java:829)
Caused by: jetbrains.exodus.ExodusException
	at jetbrains.exodus.newLogConcept.garbageCollector.OperationLogGarbageCollector.moveAndRemoveRecordsFromLog(OperationLogGarbageCollector.java:69)
	at jetbrains.exodus.newLogConcept.garbageCollector.OperationLogGarbageCollector.clean(OperationLogGarbageCollector.java:51)
	at jetbrains.exodus.newLogConcept.MVCC.MVCCDataStructure.lambda$commitTransaction$1(MVCCDataStructure.java:297)
	at java.base/java.util.concurrent.Executors$RunnableAdapter.call(Executors.java:515)
	at java.base/java.util.concurrent.FutureTask.run(FutureTask.java:264)
	at java.base/java.util.concurrent.ThreadPoolExecutor.runWorker(ThreadPoolExecutor.java:1128)
	at java.base/java.util.concurrent.ThreadPoolExecutor$Worker.run(ThreadPoolExecutor.java:628)
	... 1 more
java.util.concurrent.ExecutionException: jetbrains.exodus.ExodusException
	at java.base/java.util.concurrent.FutureTask.report(FutureTask.java:122)
	at java.base/java.util.concurrent.FutureTask.get(FutureTask.java:191)
	at jetbrains.exodus.newLogConcept.MVCC.MVCCDataStructure.commitTransaction(MVCCDataStructure.java:299)
	at site.ycsb.db.XodusClient.insert(XodusClient.java:60)
	at site.ycsb.DBWrapper.insert(DBWrapper.java:227)
	at site.ycsb.workloads.CoreWorkload.doInsert(CoreWorkload.java:621)
	at site.ycsb.ClientThread.run(ClientThread.java:135)
	at java.base/java.lang.Thread.run(Thread.java:829)
Caused by: jetbrains.exodus.ExodusException
	at jetbrains.exodus.newLogConcept.garbageCollector.OperationLogGarbageCollector.moveAndRemoveRecordsFromLog(OperationLogGarbageCollector.java:69)
	at jetbrains.exodus.newLogConcept.garbageCollector.OperationLogGarbageCollector.clean(OperationLogGarbageCollector.java:51)
	at jetbrains.exodus.newLogConcept.MVCC.MVCCDataStructure.lambda$commitTransaction$1(MVCCDataStructure.java:297)
	at java.base/java.util.concurrent.Executors$RunnableAdapter.call(Executors.java:515)
	at java.base/java.util.concurrent.FutureTask.run(FutureTask.java:264)
	at java.base/java.util.concurrent.ThreadPoolExecutor.runWorker(ThreadPoolExecutor.java:1128)
	at java.base/java.util.concurrent.ThreadPoolExecutor$Worker.run(ThreadPoolExecutor.java:628)
	... 1 more
java.util.concurrent.ExecutionException: jetbrains.exodus.ExodusException
	at java.base/java.util.concurrent.FutureTask.report(FutureTask.java:122)
	at java.base/java.util.concurrent.FutureTask.get(FutureTask.java:191)
	at jetbrains.exodus.newLogConcept.MVCC.MVCCDataStructure.commitTransaction(MVCCDataStructure.java:299)
	at site.ycsb.db.XodusClient.insert(XodusClient.java:60)
	at site.ycsb.DBWrapper.insert(DBWrapper.java:227)
	at site.ycsb.workloads.CoreWorkload.doInsert(CoreWorkload.java:621)
	at site.ycsb.ClientThread.run(ClientThread.java:135)
	at java.base/java.lang.Thread.run(Thread.java:829)
Caused by: jetbrains.exodus.ExodusException
	at jetbrains.exodus.newLogConcept.garbageCollector.OperationLogGarbageCollector.moveAndRemoveRecordsFromLog(OperationLogGarbageCollector.java:69)
	at jetbrains.exodus.newLogConcept.garbageCollector.OperationLogGarbageCollector.clean(OperationLogGarbageCollector.java:51)
	at jetbrains.exodus.newLogConcept.MVCC.MVCCDataStructure.lambda$commitTransaction$1(MVCCDataStructure.java:297)
	at java.base/java.util.concurrent.Executors$RunnableAdapter.call(Executors.java:515)
	at java.base/java.util.concurrent.FutureTask.run(FutureTask.java:264)
	at java.base/java.util.concurrent.ThreadPoolExecutor.runWorker(ThreadPoolExecutor.java:1128)
	at java.base/java.util.concurrent.ThreadPoolExecutor$Worker.run(ThreadPoolExecutor.java:628)
	... 1 more
java.util.concurrent.ExecutionException: jetbrains.exodus.ExodusException
	at java.base/java.util.concurrent.FutureTask.report(FutureTask.java:122)
	at java.base/java.util.concurrent.FutureTask.get(FutureTask.java:191)
	at jetbrains.exodus.newLogConcept.MVCC.MVCCDataStructure.commitTransaction(MVCCDataStructure.java:299)
	at site.ycsb.db.XodusClient.insert(XodusClient.java:60)
	at site.ycsb.DBWrapper.insert(DBWrapper.java:227)
	at site.ycsb.workloads.CoreWorkload.doInsert(CoreWorkload.java:621)
	at site.ycsb.ClientThread.run(ClientThread.java:135)
	at java.base/java.lang.Thread.run(Thread.java:829)
Caused by: jetbrains.exodus.ExodusException
	at jetbrains.exodus.newLogConcept.garbageCollector.OperationLogGarbageCollector.moveAndRemoveRecordsFromLog(OperationLogGarbageCollector.java:69)
	at jetbrains.exodus.newLogConcept.garbageCollector.OperationLogGarbageCollector.clean(OperationLogGarbageCollector.java:51)
	at jetbrains.exodus.newLogConcept.MVCC.MVCCDataStructure.lambda$commitTransaction$1(MVCCDataStructure.java:297)
	at java.base/java.util.concurrent.Executors$RunnableAdapter.call(Executors.java:515)
	at java.base/java.util.concurrent.FutureTask.run(FutureTask.java:264)
	at java.base/java.util.concurrent.ThreadPoolExecutor.runWorker(ThreadPoolExecutor.java:1128)
	at java.base/java.util.concurrent.ThreadPoolExecutor$Worker.run(ThreadPoolExecutor.java:628)
	... 1 more
java.util.concurrent.ExecutionException: jetbrains.exodus.ExodusException
	at java.base/java.util.concurrent.FutureTask.report(FutureTask.java:122)
	at java.base/java.util.concurrent.FutureTask.get(FutureTask.java:191)
	at jetbrains.exodus.newLogConcept.MVCC.MVCCDataStructure.commitTransaction(MVCCDataStructure.java:299)
	at site.ycsb.db.XodusClient.insert(XodusClient.java:60)
	at site.ycsb.DBWrapper.insert(DBWrapper.java:227)
	at site.ycsb.workloads.CoreWorkload.doInsert(CoreWorkload.java:621)
	at site.ycsb.ClientThread.run(ClientThread.java:135)
	at java.base/java.lang.Thread.run(Thread.java:829)
Caused by: jetbrains.exodus.ExodusException
	at jetbrains.exodus.newLogConcept.garbageCollector.OperationLogGarbageCollector.moveAndRemoveRecordsFromLog(OperationLogGarbageCollector.java:69)
	at jetbrains.exodus.newLogConcept.garbageCollector.OperationLogGarbageCollector.clean(OperationLogGarbageCollector.java:51)
	at jetbrains.exodus.newLogConcept.MVCC.MVCCDataStructure.lambda$commitTransaction$1(MVCCDataStructure.java:297)
	at java.base/java.util.concurrent.Executors$RunnableAdapter.call(Executors.java:515)
	at java.base/java.util.concurrent.FutureTask.run(FutureTask.java:264)
	at java.base/java.util.concurrent.ThreadPoolExecutor.runWorker(ThreadPoolExecutor.java:1128)
	at java.base/java.util.concurrent.ThreadPoolExecutor$Worker.run(ThreadPoolExecutor.java:628)
	... 1 more
java.util.concurrent.ExecutionException: jetbrains.exodus.ExodusException
	at java.base/java.util.concurrent.FutureTask.report(FutureTask.java:122)
	at java.base/java.util.concurrent.FutureTask.get(FutureTask.java:191)
	at jetbrains.exodus.newLogConcept.MVCC.MVCCDataStructure.commitTransaction(MVCCDataStructure.java:299)
	at site.ycsb.db.XodusClient.insert(XodusClient.java:60)
	at site.ycsb.DBWrapper.insert(DBWrapper.java:227)
	at site.ycsb.workloads.CoreWorkload.doInsert(CoreWorkload.java:621)
	at site.ycsb.ClientThread.run(ClientThread.java:135)
	at java.base/java.lang.Thread.run(Thread.java:829)
Caused by: jetbrains.exodus.ExodusException
	at jetbrains.exodus.newLogConcept.garbageCollector.OperationLogGarbageCollector.moveAndRemoveRecordsFromLog(OperationLogGarbageCollector.java:69)
	at jetbrains.exodus.newLogConcept.garbageCollector.OperationLogGarbageCollector.clean(OperationLogGarbageCollector.java:51)
	at jetbrains.exodus.newLogConcept.MVCC.MVCCDataStructure.lambda$commitTransaction$1(MVCCDataStructure.java:297)
	at java.base/java.util.concurrent.Executors$RunnableAdapter.call(Executors.java:515)
	at java.base/java.util.concurrent.FutureTask.run(FutureTask.java:264)
	at java.base/java.util.concurrent.ThreadPoolExecutor.runWorker(ThreadPoolExecutor.java:1128)
	at java.base/java.util.concurrent.ThreadPoolExecutor$Worker.run(ThreadPoolExecutor.java:628)
	... 1 more
java.util.concurrent.ExecutionException: jetbrains.exodus.ExodusException
	at java.base/java.util.concurrent.FutureTask.report(FutureTask.java:122)
	at java.base/java.util.concurrent.FutureTask.get(FutureTask.java:191)
	at jetbrains.exodus.newLogConcept.MVCC.MVCCDataStructure.commitTransaction(MVCCDataStructure.java:299)
	at site.ycsb.db.XodusClient.insert(XodusClient.java:60)
	at site.ycsb.DBWrapper.insert(DBWrapper.java:227)
	at site.ycsb.workloads.CoreWorkload.doInsert(CoreWorkload.java:621)
	at site.ycsb.ClientThread.run(ClientThread.java:135)
	at java.base/java.lang.Thread.run(Thread.java:829)
Caused by: jetbrains.exodus.ExodusException
	at jetbrains.exodus.newLogConcept.garbageCollector.OperationLogGarbageCollector.moveAndRemoveRecordsFromLog(OperationLogGarbageCollector.java:69)
	at jetbrains.exodus.newLogConcept.garbageCollector.OperationLogGarbageCollector.clean(OperationLogGarbageCollector.java:51)
	at jetbrains.exodus.newLogConcept.MVCC.MVCCDataStructure.lambda$commitTransaction$1(MVCCDataStructure.java:297)
	at java.base/java.util.concurrent.Executors$RunnableAdapter.call(Executors.java:515)
	at java.base/java.util.concurrent.FutureTask.run(FutureTask.java:264)
	at java.base/java.util.concurrent.ThreadPoolExecutor.runWorker(ThreadPoolExecutor.java:1128)
	at java.base/java.util.concurrent.ThreadPoolExecutor$Worker.run(ThreadPoolExecutor.java:628)
	... 1 more
java.util.concurrent.ExecutionException: jetbrains.exodus.ExodusException
	at java.base/java.util.concurrent.FutureTask.report(FutureTask.java:122)
	at java.base/java.util.concurrent.FutureTask.get(FutureTask.java:191)
	at jetbrains.exodus.newLogConcept.MVCC.MVCCDataStructure.commitTransaction(MVCCDataStructure.java:299)
	at site.ycsb.db.XodusClient.insert(XodusClient.java:60)
	at site.ycsb.DBWrapper.insert(DBWrapper.java:227)
	at site.ycsb.workloads.CoreWorkload.doInsert(CoreWorkload.java:621)
	at site.ycsb.ClientThread.run(ClientThread.java:135)
	at java.base/java.lang.Thread.run(Thread.java:829)
Caused by: jetbrains.exodus.ExodusException
	at jetbrains.exodus.newLogConcept.garbageCollector.OperationLogGarbageCollector.moveAndRemoveRecordsFromLog(OperationLogGarbageCollector.java:69)
	at jetbrains.exodus.newLogConcept.garbageCollector.OperationLogGarbageCollector.clean(OperationLogGarbageCollector.java:51)
	at jetbrains.exodus.newLogConcept.MVCC.MVCCDataStructure.lambda$commitTransaction$1(MVCCDataStructure.java:297)
	at java.base/java.util.concurrent.Executors$RunnableAdapter.call(Executors.java:515)
	at java.base/java.util.concurrent.FutureTask.run(FutureTask.java:264)
	at java.base/java.util.concurrent.ThreadPoolExecutor.runWorker(ThreadPoolExecutor.java:1128)
	at java.base/java.util.concurrent.ThreadPoolExecutor$Worker.run(ThreadPoolExecutor.java:628)
	... 1 more
java.util.concurrent.ExecutionException: jetbrains.exodus.ExodusException
	at java.base/java.util.concurrent.FutureTask.report(FutureTask.java:122)
	at java.base/java.util.concurrent.FutureTask.get(FutureTask.java:191)
	at jetbrains.exodus.newLogConcept.MVCC.MVCCDataStructure.commitTransaction(MVCCDataStructure.java:299)
	at site.ycsb.db.XodusClient.insert(XodusClient.java:60)
	at site.ycsb.DBWrapper.insert(DBWrapper.java:227)
	at site.ycsb.workloads.CoreWorkload.doInsert(CoreWorkload.java:621)
	at site.ycsb.ClientThread.run(ClientThread.java:135)
	at java.base/java.lang.Thread.run(Thread.java:829)
Caused by: jetbrains.exodus.ExodusException
	at jetbrains.exodus.newLogConcept.garbageCollector.OperationLogGarbageCollector.moveAndRemoveRecordsFromLog(OperationLogGarbageCollector.java:69)
	at jetbrains.exodus.newLogConcept.garbageCollector.OperationLogGarbageCollector.clean(OperationLogGarbageCollector.java:51)
	at jetbrains.exodus.newLogConcept.MVCC.MVCCDataStructure.lambda$commitTransaction$1(MVCCDataStructure.java:297)
	at java.base/java.util.concurrent.Executors$RunnableAdapter.call(Executors.java:515)
	at java.base/java.util.concurrent.FutureTask.run(FutureTask.java:264)
	at java.base/java.util.concurrent.ThreadPoolExecutor.runWorker(ThreadPoolExecutor.java:1128)
	at java.base/java.util.concurrent.ThreadPoolExecutor$Worker.run(ThreadPoolExecutor.java:628)
	... 1 more
java.util.concurrent.ExecutionException: jetbrains.exodus.ExodusException
	at java.base/java.util.concurrent.FutureTask.report(FutureTask.java:122)
	at java.base/java.util.concurrent.FutureTask.get(FutureTask.java:191)
	at jetbrains.exodus.newLogConcept.MVCC.MVCCDataStructure.commitTransaction(MVCCDataStructure.java:299)
	at site.ycsb.db.XodusClient.insert(XodusClient.java:60)
	at site.ycsb.DBWrapper.insert(DBWrapper.java:227)
	at site.ycsb.workloads.CoreWorkload.doInsert(CoreWorkload.java:621)
	at site.ycsb.ClientThread.run(ClientThread.java:135)
	at java.base/java.lang.Thread.run(Thread.java:829)
Caused by: jetbrains.exodus.ExodusException
	at jetbrains.exodus.newLogConcept.garbageCollector.OperationLogGarbageCollector.moveAndRemoveRecordsFromLog(OperationLogGarbageCollector.java:69)
	at jetbrains.exodus.newLogConcept.garbageCollector.OperationLogGarbageCollector.clean(OperationLogGarbageCollector.java:51)
	at jetbrains.exodus.newLogConcept.MVCC.MVCCDataStructure.lambda$commitTransaction$1(MVCCDataStructure.java:297)
	at java.base/java.util.concurrent.Executors$RunnableAdapter.call(Executors.java:515)
	at java.base/java.util.concurrent.FutureTask.run(FutureTask.java:264)
	at java.base/java.util.concurrent.ThreadPoolExecutor.runWorker(ThreadPoolExecutor.java:1128)
	at java.base/java.util.concurrent.ThreadPoolExecutor$Worker.run(ThreadPoolExecutor.java:628)
	... 1 more
java.util.concurrent.ExecutionException: jetbrains.exodus.ExodusException
	at java.base/java.util.concurrent.FutureTask.report(FutureTask.java:122)
	at java.base/java.util.concurrent.FutureTask.get(FutureTask.java:191)
	at jetbrains.exodus.newLogConcept.MVCC.MVCCDataStructure.commitTransaction(MVCCDataStructure.java:299)
	at site.ycsb.db.XodusClient.insert(XodusClient.java:60)
	at site.ycsb.DBWrapper.insert(DBWrapper.java:227)
	at site.ycsb.workloads.CoreWorkload.doInsert(CoreWorkload.java:621)
	at site.ycsb.ClientThread.run(ClientThread.java:135)
	at java.base/java.lang.Thread.run(Thread.java:829)
Caused by: jetbrains.exodus.ExodusException
	at jetbrains.exodus.newLogConcept.garbageCollector.OperationLogGarbageCollector.moveAndRemoveRecordsFromLog(OperationLogGarbageCollector.java:69)
	at jetbrains.exodus.newLogConcept.garbageCollector.OperationLogGarbageCollector.clean(OperationLogGarbageCollector.java:51)
	at jetbrains.exodus.newLogConcept.MVCC.MVCCDataStructure.lambda$commitTransaction$1(MVCCDataStructure.java:297)
	at java.base/java.util.concurrent.Executors$RunnableAdapter.call(Executors.java:515)
	at java.base/java.util.concurrent.FutureTask.run(FutureTask.java:264)
	at java.base/java.util.concurrent.ThreadPoolExecutor.runWorker(ThreadPoolExecutor.java:1128)
	at java.base/java.util.concurrent.ThreadPoolExecutor$Worker.run(ThreadPoolExecutor.java:628)
	... 1 more
java.util.concurrent.ExecutionException: jetbrains.exodus.ExodusException
	at java.base/java.util.concurrent.FutureTask.report(FutureTask.java:122)
	at java.base/java.util.concurrent.FutureTask.get(FutureTask.java:191)
	at jetbrains.exodus.newLogConcept.MVCC.MVCCDataStructure.commitTransaction(MVCCDataStructure.java:299)
	at site.ycsb.db.XodusClient.insert(XodusClient.java:60)
	at site.ycsb.DBWrapper.insert(DBWrapper.java:227)
	at site.ycsb.workloads.CoreWorkload.doInsert(CoreWorkload.java:621)
	at site.ycsb.ClientThread.run(ClientThread.java:135)
	at java.base/java.lang.Thread.run(Thread.java:829)
Caused by: jetbrains.exodus.ExodusException
	at jetbrains.exodus.newLogConcept.garbageCollector.OperationLogGarbageCollector.moveAndRemoveRecordsFromLog(OperationLogGarbageCollector.java:69)
	at jetbrains.exodus.newLogConcept.garbageCollector.OperationLogGarbageCollector.clean(OperationLogGarbageCollector.java:51)
	at jetbrains.exodus.newLogConcept.MVCC.MVCCDataStructure.lambda$commitTransaction$1(MVCCDataStructure.java:297)
	at java.base/java.util.concurrent.Executors$RunnableAdapter.call(Executors.java:515)
	at java.base/java.util.concurrent.FutureTask.run(FutureTask.java:264)
	at java.base/java.util.concurrent.ThreadPoolExecutor.runWorker(ThreadPoolExecutor.java:1128)
	at java.base/java.util.concurrent.ThreadPoolExecutor$Worker.run(ThreadPoolExecutor.java:628)
	... 1 more
java.util.concurrent.ExecutionException: jetbrains.exodus.ExodusException
	at java.base/java.util.concurrent.FutureTask.report(FutureTask.java:122)
	at java.base/java.util.concurrent.FutureTask.get(FutureTask.java:191)
	at jetbrains.exodus.newLogConcept.MVCC.MVCCDataStructure.commitTransaction(MVCCDataStructure.java:299)
	at site.ycsb.db.XodusClient.insert(XodusClient.java:60)
	at site.ycsb.DBWrapper.insert(DBWrapper.java:227)
	at site.ycsb.workloads.CoreWorkload.doInsert(CoreWorkload.java:621)
	at site.ycsb.ClientThread.run(ClientThread.java:135)
	at java.base/java.lang.Thread.run(Thread.java:829)
Caused by: jetbrains.exodus.ExodusException
	at jetbrains.exodus.newLogConcept.garbageCollector.OperationLogGarbageCollector.moveAndRemoveRecordsFromLog(OperationLogGarbageCollector.java:69)
	at jetbrains.exodus.newLogConcept.garbageCollector.OperationLogGarbageCollector.clean(OperationLogGarbageCollector.java:51)
	at jetbrains.exodus.newLogConcept.MVCC.MVCCDataStructure.lambda$commitTransaction$1(MVCCDataStructure.java:297)
	at java.base/java.util.concurrent.Executors$RunnableAdapter.call(Executors.java:515)
	at java.base/java.util.concurrent.FutureTask.run(FutureTask.java:264)
	at java.base/java.util.concurrent.ThreadPoolExecutor.runWorker(ThreadPoolExecutor.java:1128)
	at java.base/java.util.concurrent.ThreadPoolExecutor$Worker.run(ThreadPoolExecutor.java:628)
	... 1 more
java.util.concurrent.ExecutionException: jetbrains.exodus.ExodusException
	at java.base/java.util.concurrent.FutureTask.report(FutureTask.java:122)
	at java.base/java.util.concurrent.FutureTask.get(FutureTask.java:191)
	at jetbrains.exodus.newLogConcept.MVCC.MVCCDataStructure.commitTransaction(MVCCDataStructure.java:299)
	at site.ycsb.db.XodusClient.insert(XodusClient.java:60)
	at site.ycsb.DBWrapper.insert(DBWrapper.java:227)
	at site.ycsb.workloads.CoreWorkload.doInsert(CoreWorkload.java:621)
	at site.ycsb.ClientThread.run(ClientThread.java:135)
	at java.base/java.lang.Thread.run(Thread.java:829)
Caused by: jetbrains.exodus.ExodusException
	at jetbrains.exodus.newLogConcept.garbageCollector.OperationLogGarbageCollector.moveAndRemoveRecordsFromLog(OperationLogGarbageCollector.java:69)
	at jetbrains.exodus.newLogConcept.garbageCollector.OperationLogGarbageCollector.clean(OperationLogGarbageCollector.java:51)
	at jetbrains.exodus.newLogConcept.MVCC.MVCCDataStructure.lambda$commitTransaction$1(MVCCDataStructure.java:297)
	at java.base/java.util.concurrent.Executors$RunnableAdapter.call(Executors.java:515)
	at java.base/java.util.concurrent.FutureTask.run(FutureTask.java:264)
	at java.base/java.util.concurrent.ThreadPoolExecutor.runWorker(ThreadPoolExecutor.java:1128)
	at java.base/java.util.concurrent.ThreadPoolExecutor$Worker.run(ThreadPoolExecutor.java:628)
	... 1 more
java.util.concurrent.ExecutionException: jetbrains.exodus.ExodusException
	at java.base/java.util.concurrent.FutureTask.report(FutureTask.java:122)
	at java.base/java.util.concurrent.FutureTask.get(FutureTask.java:191)
	at jetbrains.exodus.newLogConcept.MVCC.MVCCDataStructure.commitTransaction(MVCCDataStructure.java:299)
	at site.ycsb.db.XodusClient.insert(XodusClient.java:60)
	at site.ycsb.DBWrapper.insert(DBWrapper.java:227)
	at site.ycsb.workloads.CoreWorkload.doInsert(CoreWorkload.java:621)
	at site.ycsb.ClientThread.run(ClientThread.java:135)
	at java.base/java.lang.Thread.run(Thread.java:829)
Caused by: jetbrains.exodus.ExodusException
	at jetbrains.exodus.newLogConcept.garbageCollector.OperationLogGarbageCollector.moveAndRemoveRecordsFromLog(OperationLogGarbageCollector.java:69)
	at jetbrains.exodus.newLogConcept.garbageCollector.OperationLogGarbageCollector.clean(OperationLogGarbageCollector.java:51)
	at jetbrains.exodus.newLogConcept.MVCC.MVCCDataStructure.lambda$commitTransaction$1(MVCCDataStructure.java:297)
	at java.base/java.util.concurrent.Executors$RunnableAdapter.call(Executors.java:515)
	at java.base/java.util.concurrent.FutureTask.run(FutureTask.java:264)
	at java.base/java.util.concurrent.ThreadPoolExecutor.runWorker(ThreadPoolExecutor.java:1128)
	at java.base/java.util.concurrent.ThreadPoolExecutor$Worker.run(ThreadPoolExecutor.java:628)
	... 1 more
java.util.concurrent.ExecutionException: jetbrains.exodus.ExodusException
	at java.base/java.util.concurrent.FutureTask.report(FutureTask.java:122)
	at java.base/java.util.concurrent.FutureTask.get(FutureTask.java:191)
	at jetbrains.exodus.newLogConcept.MVCC.MVCCDataStructure.commitTransaction(MVCCDataStructure.java:299)
	at site.ycsb.db.XodusClient.insert(XodusClient.java:60)
	at site.ycsb.DBWrapper.insert(DBWrapper.java:227)
	at site.ycsb.workloads.CoreWorkload.doInsert(CoreWorkload.java:621)
	at site.ycsb.ClientThread.run(ClientThread.java:135)
	at java.base/java.lang.Thread.run(Thread.java:829)
Caused by: jetbrains.exodus.ExodusException
	at jetbrains.exodus.newLogConcept.garbageCollector.OperationLogGarbageCollector.moveAndRemoveRecordsFromLog(OperationLogGarbageCollector.java:69)
	at jetbrains.exodus.newLogConcept.garbageCollector.OperationLogGarbageCollector.clean(OperationLogGarbageCollector.java:51)
	at jetbrains.exodus.newLogConcept.MVCC.MVCCDataStructure.lambda$commitTransaction$1(MVCCDataStructure.java:297)
	at java.base/java.util.concurrent.Executors$RunnableAdapter.call(Executors.java:515)
	at java.base/java.util.concurrent.FutureTask.run(FutureTask.java:264)
	at java.base/java.util.concurrent.ThreadPoolExecutor.runWorker(ThreadPoolExecutor.java:1128)
	at java.base/java.util.concurrent.ThreadPoolExecutor$Worker.run(ThreadPoolExecutor.java:628)
	... 1 more
java.util.concurrent.ExecutionException: jetbrains.exodus.ExodusException
	at java.base/java.util.concurrent.FutureTask.report(FutureTask.java:122)
	at java.base/java.util.concurrent.FutureTask.get(FutureTask.java:191)
	at jetbrains.exodus.newLogConcept.MVCC.MVCCDataStructure.commitTransaction(MVCCDataStructure.java:299)
	at site.ycsb.db.XodusClient.insert(XodusClient.java:60)
	at site.ycsb.DBWrapper.insert(DBWrapper.java:227)
	at site.ycsb.workloads.CoreWorkload.doInsert(CoreWorkload.java:621)
	at site.ycsb.ClientThread.run(ClientThread.java:135)
	at java.base/java.lang.Thread.run(Thread.java:829)
Caused by: jetbrains.exodus.ExodusException
	at jetbrains.exodus.newLogConcept.garbageCollector.OperationLogGarbageCollector.moveAndRemoveRecordsFromLog(OperationLogGarbageCollector.java:69)
	at jetbrains.exodus.newLogConcept.garbageCollector.OperationLogGarbageCollector.clean(OperationLogGarbageCollector.java:51)
	at jetbrains.exodus.newLogConcept.MVCC.MVCCDataStructure.lambda$commitTransaction$1(MVCCDataStructure.java:297)
	at java.base/java.util.concurrent.Executors$RunnableAdapter.call(Executors.java:515)
	at java.base/java.util.concurrent.FutureTask.run(FutureTask.java:264)
	at java.base/java.util.concurrent.ThreadPoolExecutor.runWorker(ThreadPoolExecutor.java:1128)
	at java.base/java.util.concurrent.ThreadPoolExecutor$Worker.run(ThreadPoolExecutor.java:628)
	... 1 more
java.util.concurrent.ExecutionException: jetbrains.exodus.ExodusException
	at java.base/java.util.concurrent.FutureTask.report(FutureTask.java:122)
	at java.base/java.util.concurrent.FutureTask.get(FutureTask.java:191)
	at jetbrains.exodus.newLogConcept.MVCC.MVCCDataStructure.commitTransaction(MVCCDataStructure.java:299)
	at site.ycsb.db.XodusClient.insert(XodusClient.java:60)
	at site.ycsb.DBWrapper.insert(DBWrapper.java:227)
	at site.ycsb.workloads.CoreWorkload.doInsert(CoreWorkload.java:621)
	at site.ycsb.ClientThread.run(ClientThread.java:135)
	at java.base/java.lang.Thread.run(Thread.java:829)
Caused by: jetbrains.exodus.ExodusException
	at jetbrains.exodus.newLogConcept.garbageCollector.OperationLogGarbageCollector.moveAndRemoveRecordsFromLog(OperationLogGarbageCollector.java:69)
	at jetbrains.exodus.newLogConcept.garbageCollector.OperationLogGarbageCollector.clean(OperationLogGarbageCollector.java:51)
	at jetbrains.exodus.newLogConcept.MVCC.MVCCDataStructure.lambda$commitTransaction$1(MVCCDataStructure.java:297)
	at java.base/java.util.concurrent.Executors$RunnableAdapter.call(Executors.java:515)
	at java.base/java.util.concurrent.FutureTask.run(FutureTask.java:264)
	at java.base/java.util.concurrent.ThreadPoolExecutor.runWorker(ThreadPoolExecutor.java:1128)
	at java.base/java.util.concurrent.ThreadPoolExecutor$Worker.run(ThreadPoolExecutor.java:628)
	... 1 more
java.util.concurrent.ExecutionException: jetbrains.exodus.ExodusException
	at java.base/java.util.concurrent.FutureTask.report(FutureTask.java:122)
	at java.base/java.util.concurrent.FutureTask.get(FutureTask.java:191)
	at jetbrains.exodus.newLogConcept.MVCC.MVCCDataStructure.commitTransaction(MVCCDataStructure.java:299)
	at site.ycsb.db.XodusClient.insert(XodusClient.java:60)
	at site.ycsb.DBWrapper.insert(DBWrapper.java:227)
	at site.ycsb.workloads.CoreWorkload.doInsert(CoreWorkload.java:621)
	at site.ycsb.ClientThread.run(ClientThread.java:135)
	at java.base/java.lang.Thread.run(Thread.java:829)
Caused by: jetbrains.exodus.ExodusException
	at jetbrains.exodus.newLogConcept.garbageCollector.OperationLogGarbageCollector.moveAndRemoveRecordsFromLog(OperationLogGarbageCollector.java:69)
	at jetbrains.exodus.newLogConcept.garbageCollector.OperationLogGarbageCollector.clean(OperationLogGarbageCollector.java:51)
	at jetbrains.exodus.newLogConcept.MVCC.MVCCDataStructure.lambda$commitTransaction$1(MVCCDataStructure.java:297)
	at java.base/java.util.concurrent.Executors$RunnableAdapter.call(Executors.java:515)
	at java.base/java.util.concurrent.FutureTask.run(FutureTask.java:264)
	at java.base/java.util.concurrent.ThreadPoolExecutor.runWorker(ThreadPoolExecutor.java:1128)
	at java.base/java.util.concurrent.ThreadPoolExecutor$Worker.run(ThreadPoolExecutor.java:628)
	... 1 more
java.util.concurrent.ExecutionException: jetbrains.exodus.ExodusException
	at java.base/java.util.concurrent.FutureTask.report(FutureTask.java:122)
	at java.base/java.util.concurrent.FutureTask.get(FutureTask.java:191)
	at jetbrains.exodus.newLogConcept.MVCC.MVCCDataStructure.commitTransaction(MVCCDataStructure.java:299)
	at site.ycsb.db.XodusClient.insert(XodusClient.java:60)
	at site.ycsb.DBWrapper.insert(DBWrapper.java:227)
	at site.ycsb.workloads.CoreWorkload.doInsert(CoreWorkload.java:621)
	at site.ycsb.ClientThread.run(ClientThread.java:135)
	at java.base/java.lang.Thread.run(Thread.java:829)
Caused by: jetbrains.exodus.ExodusException
	at jetbrains.exodus.newLogConcept.garbageCollector.OperationLogGarbageCollector.moveAndRemoveRecordsFromLog(OperationLogGarbageCollector.java:69)
	at jetbrains.exodus.newLogConcept.garbageCollector.OperationLogGarbageCollector.clean(OperationLogGarbageCollector.java:51)
	at jetbrains.exodus.newLogConcept.MVCC.MVCCDataStructure.lambda$commitTransaction$1(MVCCDataStructure.java:297)
	at java.base/java.util.concurrent.Executors$RunnableAdapter.call(Executors.java:515)
	at java.base/java.util.concurrent.FutureTask.run(FutureTask.java:264)
	at java.base/java.util.concurrent.ThreadPoolExecutor.runWorker(ThreadPoolExecutor.java:1128)
	at java.base/java.util.concurrent.ThreadPoolExecutor$Worker.run(ThreadPoolExecutor.java:628)
	... 1 more
java.util.concurrent.ExecutionException: jetbrains.exodus.ExodusException
	at java.base/java.util.concurrent.FutureTask.report(FutureTask.java:122)
	at java.base/java.util.concurrent.FutureTask.get(FutureTask.java:191)
	at jetbrains.exodus.newLogConcept.MVCC.MVCCDataStructure.commitTransaction(MVCCDataStructure.java:299)
	at site.ycsb.db.XodusClient.insert(XodusClient.java:60)
	at site.ycsb.DBWrapper.insert(DBWrapper.java:227)
	at site.ycsb.workloads.CoreWorkload.doInsert(CoreWorkload.java:621)
	at site.ycsb.ClientThread.run(ClientThread.java:135)
	at java.base/java.lang.Thread.run(Thread.java:829)
Caused by: jetbrains.exodus.ExodusException
	at jetbrains.exodus.newLogConcept.garbageCollector.OperationLogGarbageCollector.moveAndRemoveRecordsFromLog(OperationLogGarbageCollector.java:69)
	at jetbrains.exodus.newLogConcept.garbageCollector.OperationLogGarbageCollector.clean(OperationLogGarbageCollector.java:51)
	at jetbrains.exodus.newLogConcept.MVCC.MVCCDataStructure.lambda$commitTransaction$1(MVCCDataStructure.java:297)
	at java.base/java.util.concurrent.Executors$RunnableAdapter.call(Executors.java:515)
	at java.base/java.util.concurrent.FutureTask.run(FutureTask.java:264)
	at java.base/java.util.concurrent.ThreadPoolExecutor.runWorker(ThreadPoolExecutor.java:1128)
	at java.base/java.util.concurrent.ThreadPoolExecutor$Worker.run(ThreadPoolExecutor.java:628)
	... 1 more
java.util.concurrent.ExecutionException: jetbrains.exodus.ExodusException
	at java.base/java.util.concurrent.FutureTask.report(FutureTask.java:122)
	at java.base/java.util.concurrent.FutureTask.get(FutureTask.java:191)
	at jetbrains.exodus.newLogConcept.MVCC.MVCCDataStructure.commitTransaction(MVCCDataStructure.java:299)
	at site.ycsb.db.XodusClient.insert(XodusClient.java:60)
	at site.ycsb.DBWrapper.insert(DBWrapper.java:227)
	at site.ycsb.workloads.CoreWorkload.doInsert(CoreWorkload.java:621)
	at site.ycsb.ClientThread.run(ClientThread.java:135)
	at java.base/java.lang.Thread.run(Thread.java:829)
Caused by: jetbrains.exodus.ExodusException
	at jetbrains.exodus.newLogConcept.garbageCollector.OperationLogGarbageCollector.moveAndRemoveRecordsFromLog(OperationLogGarbageCollector.java:69)
	at jetbrains.exodus.newLogConcept.garbageCollector.OperationLogGarbageCollector.clean(OperationLogGarbageCollector.java:51)
	at jetbrains.exodus.newLogConcept.MVCC.MVCCDataStructure.lambda$commitTransaction$1(MVCCDataStructure.java:297)
	at java.base/java.util.concurrent.Executors$RunnableAdapter.call(Executors.java:515)
	at java.base/java.util.concurrent.FutureTask.run(FutureTask.java:264)
	at java.base/java.util.concurrent.ThreadPoolExecutor.runWorker(ThreadPoolExecutor.java:1128)
	at java.base/java.util.concurrent.ThreadPoolExecutor$Worker.run(ThreadPoolExecutor.java:628)
	... 1 more
java.util.concurrent.ExecutionException: jetbrains.exodus.ExodusException
	at java.base/java.util.concurrent.FutureTask.report(FutureTask.java:122)
	at java.base/java.util.concurrent.FutureTask.get(FutureTask.java:191)
	at jetbrains.exodus.newLogConcept.MVCC.MVCCDataStructure.commitTransaction(MVCCDataStructure.java:299)
	at site.ycsb.db.XodusClient.insert(XodusClient.java:60)
	at site.ycsb.DBWrapper.insert(DBWrapper.java:227)
	at site.ycsb.workloads.CoreWorkload.doInsert(CoreWorkload.java:621)
	at site.ycsb.ClientThread.run(ClientThread.java:135)
	at java.base/java.lang.Thread.run(Thread.java:829)
Caused by: jetbrains.exodus.ExodusException
	at jetbrains.exodus.newLogConcept.garbageCollector.OperationLogGarbageCollector.moveAndRemoveRecordsFromLog(OperationLogGarbageCollector.java:69)
	at jetbrains.exodus.newLogConcept.garbageCollector.OperationLogGarbageCollector.clean(OperationLogGarbageCollector.java:51)
	at jetbrains.exodus.newLogConcept.MVCC.MVCCDataStructure.lambda$commitTransaction$1(MVCCDataStructure.java:297)
	at java.base/java.util.concurrent.Executors$RunnableAdapter.call(Executors.java:515)
	at java.base/java.util.concurrent.FutureTask.run(FutureTask.java:264)
	at java.base/java.util.concurrent.ThreadPoolExecutor.runWorker(ThreadPoolExecutor.java:1128)
	at java.base/java.util.concurrent.ThreadPoolExecutor$Worker.run(ThreadPoolExecutor.java:628)
	... 1 more
java.util.concurrent.ExecutionException: jetbrains.exodus.ExodusException
	at java.base/java.util.concurrent.FutureTask.report(FutureTask.java:122)
	at java.base/java.util.concurrent.FutureTask.get(FutureTask.java:191)
	at jetbrains.exodus.newLogConcept.MVCC.MVCCDataStructure.commitTransaction(MVCCDataStructure.java:299)
	at site.ycsb.db.XodusClient.insert(XodusClient.java:60)
	at site.ycsb.DBWrapper.insert(DBWrapper.java:227)
	at site.ycsb.workloads.CoreWorkload.doInsert(CoreWorkload.java:621)
	at site.ycsb.ClientThread.run(ClientThread.java:135)
	at java.base/java.lang.Thread.run(Thread.java:829)
Caused by: jetbrains.exodus.ExodusException
	at jetbrains.exodus.newLogConcept.garbageCollector.OperationLogGarbageCollector.moveAndRemoveRecordsFromLog(OperationLogGarbageCollector.java:69)
	at jetbrains.exodus.newLogConcept.garbageCollector.OperationLogGarbageCollector.clean(OperationLogGarbageCollector.java:51)
	at jetbrains.exodus.newLogConcept.MVCC.MVCCDataStructure.lambda$commitTransaction$1(MVCCDataStructure.java:297)
	at java.base/java.util.concurrent.Executors$RunnableAdapter.call(Executors.java:515)
	at java.base/java.util.concurrent.FutureTask.run(FutureTask.java:264)
	at java.base/java.util.concurrent.ThreadPoolExecutor.runWorker(ThreadPoolExecutor.java:1128)
	at java.base/java.util.concurrent.ThreadPoolExecutor$Worker.run(ThreadPoolExecutor.java:628)
	... 1 more
java.util.concurrent.ExecutionException: jetbrains.exodus.ExodusException
	at java.base/java.util.concurrent.FutureTask.report(FutureTask.java:122)
	at java.base/java.util.concurrent.FutureTask.get(FutureTask.java:191)
	at jetbrains.exodus.newLogConcept.MVCC.MVCCDataStructure.commitTransaction(MVCCDataStructure.java:299)
	at site.ycsb.db.XodusClient.insert(XodusClient.java:60)
	at site.ycsb.DBWrapper.insert(DBWrapper.java:227)
	at site.ycsb.workloads.CoreWorkload.doInsert(CoreWorkload.java:621)
	at site.ycsb.ClientThread.run(ClientThread.java:135)
	at java.base/java.lang.Thread.run(Thread.java:829)
Caused by: jetbrains.exodus.ExodusException
	at jetbrains.exodus.newLogConcept.garbageCollector.OperationLogGarbageCollector.moveAndRemoveRecordsFromLog(OperationLogGarbageCollector.java:69)
	at jetbrains.exodus.newLogConcept.garbageCollector.OperationLogGarbageCollector.clean(OperationLogGarbageCollector.java:51)
	at jetbrains.exodus.newLogConcept.MVCC.MVCCDataStructure.lambda$commitTransaction$1(MVCCDataStructure.java:297)
	at java.base/java.util.concurrent.Executors$RunnableAdapter.call(Executors.java:515)
	at java.base/java.util.concurrent.FutureTask.run(FutureTask.java:264)
	at java.base/java.util.concurrent.ThreadPoolExecutor.runWorker(ThreadPoolExecutor.java:1128)
	at java.base/java.util.concurrent.ThreadPoolExecutor$Worker.run(ThreadPoolExecutor.java:628)
	... 1 more
java.util.concurrent.ExecutionException: jetbrains.exodus.ExodusException
	at java.base/java.util.concurrent.FutureTask.report(FutureTask.java:122)
	at java.base/java.util.concurrent.FutureTask.get(FutureTask.java:191)
	at jetbrains.exodus.newLogConcept.MVCC.MVCCDataStructure.commitTransaction(MVCCDataStructure.java:299)
	at site.ycsb.db.XodusClient.insert(XodusClient.java:60)
	at site.ycsb.DBWrapper.insert(DBWrapper.java:227)
	at site.ycsb.workloads.CoreWorkload.doInsert(CoreWorkload.java:621)
	at site.ycsb.ClientThread.run(ClientThread.java:135)
	at java.base/java.lang.Thread.run(Thread.java:829)
Caused by: jetbrains.exodus.ExodusException
	at jetbrains.exodus.newLogConcept.garbageCollector.OperationLogGarbageCollector.moveAndRemoveRecordsFromLog(OperationLogGarbageCollector.java:69)
	at jetbrains.exodus.newLogConcept.garbageCollector.OperationLogGarbageCollector.clean(OperationLogGarbageCollector.java:51)
	at jetbrains.exodus.newLogConcept.MVCC.MVCCDataStructure.lambda$commitTransaction$1(MVCCDataStructure.java:297)
	at java.base/java.util.concurrent.Executors$RunnableAdapter.call(Executors.java:515)
	at java.base/java.util.concurrent.FutureTask.run(FutureTask.java:264)
	at java.base/java.util.concurrent.ThreadPoolExecutor.runWorker(ThreadPoolExecutor.java:1128)
	at java.base/java.util.concurrent.ThreadPoolExecutor$Worker.run(ThreadPoolExecutor.java:628)
	... 1 more
java.util.concurrent.ExecutionException: jetbrains.exodus.ExodusException
	at java.base/java.util.concurrent.FutureTask.report(FutureTask.java:122)
	at java.base/java.util.concurrent.FutureTask.get(FutureTask.java:191)
	at jetbrains.exodus.newLogConcept.MVCC.MVCCDataStructure.commitTransaction(MVCCDataStructure.java:299)
	at site.ycsb.db.XodusClient.insert(XodusClient.java:60)
	at site.ycsb.DBWrapper.insert(DBWrapper.java:227)
	at site.ycsb.workloads.CoreWorkload.doInsert(CoreWorkload.java:621)
	at site.ycsb.ClientThread.run(ClientThread.java:135)
	at java.base/java.lang.Thread.run(Thread.java:829)
Caused by: jetbrains.exodus.ExodusException
	at jetbrains.exodus.newLogConcept.garbageCollector.OperationLogGarbageCollector.moveAndRemoveRecordsFromLog(OperationLogGarbageCollector.java:69)
	at jetbrains.exodus.newLogConcept.garbageCollector.OperationLogGarbageCollector.clean(OperationLogGarbageCollector.java:51)
	at jetbrains.exodus.newLogConcept.MVCC.MVCCDataStructure.lambda$commitTransaction$1(MVCCDataStructure.java:297)
	at java.base/java.util.concurrent.Executors$RunnableAdapter.call(Executors.java:515)
	at java.base/java.util.concurrent.FutureTask.run(FutureTask.java:264)
	at java.base/java.util.concurrent.ThreadPoolExecutor.runWorker(ThreadPoolExecutor.java:1128)
	at java.base/java.util.concurrent.ThreadPoolExecutor$Worker.run(ThreadPoolExecutor.java:628)
	... 1 more
java.util.concurrent.ExecutionException: jetbrains.exodus.ExodusException
	at java.base/java.util.concurrent.FutureTask.report(FutureTask.java:122)
	at java.base/java.util.concurrent.FutureTask.get(FutureTask.java:191)
	at jetbrains.exodus.newLogConcept.MVCC.MVCCDataStructure.commitTransaction(MVCCDataStructure.java:299)
	at site.ycsb.db.XodusClient.insert(XodusClient.java:60)
	at site.ycsb.DBWrapper.insert(DBWrapper.java:227)
	at site.ycsb.workloads.CoreWorkload.doInsert(CoreWorkload.java:621)
	at site.ycsb.ClientThread.run(ClientThread.java:135)
	at java.base/java.lang.Thread.run(Thread.java:829)
Caused by: jetbrains.exodus.ExodusException
	at jetbrains.exodus.newLogConcept.garbageCollector.OperationLogGarbageCollector.moveAndRemoveRecordsFromLog(OperationLogGarbageCollector.java:69)
	at jetbrains.exodus.newLogConcept.garbageCollector.OperationLogGarbageCollector.clean(OperationLogGarbageCollector.java:51)
	at jetbrains.exodus.newLogConcept.MVCC.MVCCDataStructure.lambda$commitTransaction$1(MVCCDataStructure.java:297)
	at java.base/java.util.concurrent.Executors$RunnableAdapter.call(Executors.java:515)
	at java.base/java.util.concurrent.FutureTask.run(FutureTask.java:264)
	at java.base/java.util.concurrent.ThreadPoolExecutor.runWorker(ThreadPoolExecutor.java:1128)
	at java.base/java.util.concurrent.ThreadPoolExecutor$Worker.run(ThreadPoolExecutor.java:628)
	... 1 more
java.util.concurrent.ExecutionException: jetbrains.exodus.ExodusException
	at java.base/java.util.concurrent.FutureTask.report(FutureTask.java:122)
	at java.base/java.util.concurrent.FutureTask.get(FutureTask.java:191)
	at jetbrains.exodus.newLogConcept.MVCC.MVCCDataStructure.commitTransaction(MVCCDataStructure.java:299)
	at site.ycsb.db.XodusClient.insert(XodusClient.java:60)
	at site.ycsb.DBWrapper.insert(DBWrapper.java:227)
	at site.ycsb.workloads.CoreWorkload.doInsert(CoreWorkload.java:621)
	at site.ycsb.ClientThread.run(ClientThread.java:135)
	at java.base/java.lang.Thread.run(Thread.java:829)
Caused by: jetbrains.exodus.ExodusException
	at jetbrains.exodus.newLogConcept.garbageCollector.OperationLogGarbageCollector.moveAndRemoveRecordsFromLog(OperationLogGarbageCollector.java:69)
	at jetbrains.exodus.newLogConcept.garbageCollector.OperationLogGarbageCollector.clean(OperationLogGarbageCollector.java:51)
	at jetbrains.exodus.newLogConcept.MVCC.MVCCDataStructure.lambda$commitTransaction$1(MVCCDataStructure.java:297)
	at java.base/java.util.concurrent.Executors$RunnableAdapter.call(Executors.java:515)
	at java.base/java.util.concurrent.FutureTask.run(FutureTask.java:264)
	at java.base/java.util.concurrent.ThreadPoolExecutor.runWorker(ThreadPoolExecutor.java:1128)
	at java.base/java.util.concurrent.ThreadPoolExecutor$Worker.run(ThreadPoolExecutor.java:628)
	... 1 more
java.util.concurrent.ExecutionException: jetbrains.exodus.ExodusException
	at java.base/java.util.concurrent.FutureTask.report(FutureTask.java:122)
	at java.base/java.util.concurrent.FutureTask.get(FutureTask.java:191)
	at jetbrains.exodus.newLogConcept.MVCC.MVCCDataStructure.commitTransaction(MVCCDataStructure.java:299)
	at site.ycsb.db.XodusClient.insert(XodusClient.java:60)
	at site.ycsb.DBWrapper.insert(DBWrapper.java:227)
	at site.ycsb.workloads.CoreWorkload.doInsert(CoreWorkload.java:621)
	at site.ycsb.ClientThread.run(ClientThread.java:135)
	at java.base/java.lang.Thread.run(Thread.java:829)
Caused by: jetbrains.exodus.ExodusException
	at jetbrains.exodus.newLogConcept.garbageCollector.OperationLogGarbageCollector.moveAndRemoveRecordsFromLog(OperationLogGarbageCollector.java:69)
	at jetbrains.exodus.newLogConcept.garbageCollector.OperationLogGarbageCollector.clean(OperationLogGarbageCollector.java:51)
	at jetbrains.exodus.newLogConcept.MVCC.MVCCDataStructure.lambda$commitTransaction$1(MVCCDataStructure.java:297)
	at java.base/java.util.concurrent.Executors$RunnableAdapter.call(Executors.java:515)
	at java.base/java.util.concurrent.FutureTask.run(FutureTask.java:264)
	at java.base/java.util.concurrent.ThreadPoolExecutor.runWorker(ThreadPoolExecutor.java:1128)
	at java.base/java.util.concurrent.ThreadPoolExecutor$Worker.run(ThreadPoolExecutor.java:628)
	... 1 more
java.util.concurrent.ExecutionException: jetbrains.exodus.ExodusException
	at java.base/java.util.concurrent.FutureTask.report(FutureTask.java:122)
	at java.base/java.util.concurrent.FutureTask.get(FutureTask.java:191)
	at jetbrains.exodus.newLogConcept.MVCC.MVCCDataStructure.commitTransaction(MVCCDataStructure.java:299)
	at site.ycsb.db.XodusClient.insert(XodusClient.java:60)
	at site.ycsb.DBWrapper.insert(DBWrapper.java:227)
	at site.ycsb.workloads.CoreWorkload.doInsert(CoreWorkload.java:621)
	at site.ycsb.ClientThread.run(ClientThread.java:135)
	at java.base/java.lang.Thread.run(Thread.java:829)
Caused by: jetbrains.exodus.ExodusException
	at jetbrains.exodus.newLogConcept.garbageCollector.OperationLogGarbageCollector.moveAndRemoveRecordsFromLog(OperationLogGarbageCollector.java:69)
	at jetbrains.exodus.newLogConcept.garbageCollector.OperationLogGarbageCollector.clean(OperationLogGarbageCollector.java:51)
	at jetbrains.exodus.newLogConcept.MVCC.MVCCDataStructure.lambda$commitTransaction$1(MVCCDataStructure.java:297)
	at java.base/java.util.concurrent.Executors$RunnableAdapter.call(Executors.java:515)
	at java.base/java.util.concurrent.FutureTask.run(FutureTask.java:264)
	at java.base/java.util.concurrent.ThreadPoolExecutor.runWorker(ThreadPoolExecutor.java:1128)
	at java.base/java.util.concurrent.ThreadPoolExecutor$Worker.run(ThreadPoolExecutor.java:628)
	... 1 more
java.util.concurrent.ExecutionException: jetbrains.exodus.ExodusException
	at java.base/java.util.concurrent.FutureTask.report(FutureTask.java:122)
	at java.base/java.util.concurrent.FutureTask.get(FutureTask.java:191)
	at jetbrains.exodus.newLogConcept.MVCC.MVCCDataStructure.commitTransaction(MVCCDataStructure.java:299)
	at site.ycsb.db.XodusClient.insert(XodusClient.java:60)
	at site.ycsb.DBWrapper.insert(DBWrapper.java:227)
	at site.ycsb.workloads.CoreWorkload.doInsert(CoreWorkload.java:621)
	at site.ycsb.ClientThread.run(ClientThread.java:135)
	at java.base/java.lang.Thread.run(Thread.java:829)
Caused by: jetbrains.exodus.ExodusException
	at jetbrains.exodus.newLogConcept.garbageCollector.OperationLogGarbageCollector.moveAndRemoveRecordsFromLog(OperationLogGarbageCollector.java:69)
	at jetbrains.exodus.newLogConcept.garbageCollector.OperationLogGarbageCollector.clean(OperationLogGarbageCollector.java:51)
	at jetbrains.exodus.newLogConcept.MVCC.MVCCDataStructure.lambda$commitTransaction$1(MVCCDataStructure.java:297)
	at java.base/java.util.concurrent.Executors$RunnableAdapter.call(Executors.java:515)
	at java.base/java.util.concurrent.FutureTask.run(FutureTask.java:264)
	at java.base/java.util.concurrent.ThreadPoolExecutor.runWorker(ThreadPoolExecutor.java:1128)
	at java.base/java.util.concurrent.ThreadPoolExecutor$Worker.run(ThreadPoolExecutor.java:628)
	... 1 more
java.util.concurrent.ExecutionException: jetbrains.exodus.ExodusException
	at java.base/java.util.concurrent.FutureTask.report(FutureTask.java:122)
	at java.base/java.util.concurrent.FutureTask.get(FutureTask.java:191)
	at jetbrains.exodus.newLogConcept.MVCC.MVCCDataStructure.commitTransaction(MVCCDataStructure.java:299)
	at site.ycsb.db.XodusClient.insert(XodusClient.java:60)
	at site.ycsb.DBWrapper.insert(DBWrapper.java:227)
	at site.ycsb.workloads.CoreWorkload.doInsert(CoreWorkload.java:621)
	at site.ycsb.ClientThread.run(ClientThread.java:135)
	at java.base/java.lang.Thread.run(Thread.java:829)
Caused by: jetbrains.exodus.ExodusException
	at jetbrains.exodus.newLogConcept.garbageCollector.OperationLogGarbageCollector.moveAndRemoveRecordsFromLog(OperationLogGarbageCollector.java:69)
	at jetbrains.exodus.newLogConcept.garbageCollector.OperationLogGarbageCollector.clean(OperationLogGarbageCollector.java:51)
	at jetbrains.exodus.newLogConcept.MVCC.MVCCDataStructure.lambda$commitTransaction$1(MVCCDataStructure.java:297)
	at java.base/java.util.concurrent.Executors$RunnableAdapter.call(Executors.java:515)
	at java.base/java.util.concurrent.FutureTask.run(FutureTask.java:264)
	at java.base/java.util.concurrent.ThreadPoolExecutor.runWorker(ThreadPoolExecutor.java:1128)
	at java.base/java.util.concurrent.ThreadPoolExecutor$Worker.run(ThreadPoolExecutor.java:628)
	... 1 more
java.util.concurrent.ExecutionException: jetbrains.exodus.ExodusException
	at java.base/java.util.concurrent.FutureTask.report(FutureTask.java:122)
	at java.base/java.util.concurrent.FutureTask.get(FutureTask.java:191)
	at jetbrains.exodus.newLogConcept.MVCC.MVCCDataStructure.commitTransaction(MVCCDataStructure.java:299)
	at site.ycsb.db.XodusClient.insert(XodusClient.java:60)
	at site.ycsb.DBWrapper.insert(DBWrapper.java:227)
	at site.ycsb.workloads.CoreWorkload.doInsert(CoreWorkload.java:621)
	at site.ycsb.ClientThread.run(ClientThread.java:135)
	at java.base/java.lang.Thread.run(Thread.java:829)
Caused by: jetbrains.exodus.ExodusException
	at jetbrains.exodus.newLogConcept.garbageCollector.OperationLogGarbageCollector.moveAndRemoveRecordsFromLog(OperationLogGarbageCollector.java:69)
	at jetbrains.exodus.newLogConcept.garbageCollector.OperationLogGarbageCollector.clean(OperationLogGarbageCollector.java:51)
	at jetbrains.exodus.newLogConcept.MVCC.MVCCDataStructure.lambda$commitTransaction$1(MVCCDataStructure.java:297)
	at java.base/java.util.concurrent.Executors$RunnableAdapter.call(Executors.java:515)
	at java.base/java.util.concurrent.FutureTask.run(FutureTask.java:264)
	at java.base/java.util.concurrent.ThreadPoolExecutor.runWorker(ThreadPoolExecutor.java:1128)
	at java.base/java.util.concurrent.ThreadPoolExecutor$Worker.run(ThreadPoolExecutor.java:628)
	... 1 more
java.util.concurrent.ExecutionException: jetbrains.exodus.ExodusException
	at java.base/java.util.concurrent.FutureTask.report(FutureTask.java:122)
	at java.base/java.util.concurrent.FutureTask.get(FutureTask.java:191)
	at jetbrains.exodus.newLogConcept.MVCC.MVCCDataStructure.commitTransaction(MVCCDataStructure.java:299)
	at site.ycsb.db.XodusClient.insert(XodusClient.java:60)
	at site.ycsb.DBWrapper.insert(DBWrapper.java:227)
	at site.ycsb.workloads.CoreWorkload.doInsert(CoreWorkload.java:621)
	at site.ycsb.ClientThread.run(ClientThread.java:135)
	at java.base/java.lang.Thread.run(Thread.java:829)
Caused by: jetbrains.exodus.ExodusException
	at jetbrains.exodus.newLogConcept.garbageCollector.OperationLogGarbageCollector.moveAndRemoveRecordsFromLog(OperationLogGarbageCollector.java:69)
	at jetbrains.exodus.newLogConcept.garbageCollector.OperationLogGarbageCollector.clean(OperationLogGarbageCollector.java:51)
	at jetbrains.exodus.newLogConcept.MVCC.MVCCDataStructure.lambda$commitTransaction$1(MVCCDataStructure.java:297)
	at java.base/java.util.concurrent.Executors$RunnableAdapter.call(Executors.java:515)
	at java.base/java.util.concurrent.FutureTask.run(FutureTask.java:264)
	at java.base/java.util.concurrent.ThreadPoolExecutor.runWorker(ThreadPoolExecutor.java:1128)
	at java.base/java.util.concurrent.ThreadPoolExecutor$Worker.run(ThreadPoolExecutor.java:628)
	... 1 more
java.util.concurrent.ExecutionException: jetbrains.exodus.ExodusException
	at java.base/java.util.concurrent.FutureTask.report(FutureTask.java:122)
	at java.base/java.util.concurrent.FutureTask.get(FutureTask.java:191)
	at jetbrains.exodus.newLogConcept.MVCC.MVCCDataStructure.commitTransaction(MVCCDataStructure.java:299)
	at site.ycsb.db.XodusClient.insert(XodusClient.java:60)
	at site.ycsb.DBWrapper.insert(DBWrapper.java:227)
	at site.ycsb.workloads.CoreWorkload.doInsert(CoreWorkload.java:621)
	at site.ycsb.ClientThread.run(ClientThread.java:135)
	at java.base/java.lang.Thread.run(Thread.java:829)
Caused by: jetbrains.exodus.ExodusException
	at jetbrains.exodus.newLogConcept.garbageCollector.OperationLogGarbageCollector.moveAndRemoveRecordsFromLog(OperationLogGarbageCollector.java:69)
	at jetbrains.exodus.newLogConcept.garbageCollector.OperationLogGarbageCollector.clean(OperationLogGarbageCollector.java:51)
	at jetbrains.exodus.newLogConcept.MVCC.MVCCDataStructure.lambda$commitTransaction$1(MVCCDataStructure.java:297)
	at java.base/java.util.concurrent.Executors$RunnableAdapter.call(Executors.java:515)
	at java.base/java.util.concurrent.FutureTask.run(FutureTask.java:264)
	at java.base/java.util.concurrent.ThreadPoolExecutor.runWorker(ThreadPoolExecutor.java:1128)
	at java.base/java.util.concurrent.ThreadPoolExecutor$Worker.run(ThreadPoolExecutor.java:628)
	... 1 more
java.util.concurrent.ExecutionException: jetbrains.exodus.ExodusException
	at java.base/java.util.concurrent.FutureTask.report(FutureTask.java:122)
	at java.base/java.util.concurrent.FutureTask.get(FutureTask.java:191)
	at jetbrains.exodus.newLogConcept.MVCC.MVCCDataStructure.commitTransaction(MVCCDataStructure.java:299)
	at site.ycsb.db.XodusClient.insert(XodusClient.java:60)
	at site.ycsb.DBWrapper.insert(DBWrapper.java:227)
	at site.ycsb.workloads.CoreWorkload.doInsert(CoreWorkload.java:621)
	at site.ycsb.ClientThread.run(ClientThread.java:135)
	at java.base/java.lang.Thread.run(Thread.java:829)
Caused by: jetbrains.exodus.ExodusException
	at jetbrains.exodus.newLogConcept.garbageCollector.OperationLogGarbageCollector.moveAndRemoveRecordsFromLog(OperationLogGarbageCollector.java:69)
	at jetbrains.exodus.newLogConcept.garbageCollector.OperationLogGarbageCollector.clean(OperationLogGarbageCollector.java:51)
	at jetbrains.exodus.newLogConcept.MVCC.MVCCDataStructure.lambda$commitTransaction$1(MVCCDataStructure.java:297)
	at java.base/java.util.concurrent.Executors$RunnableAdapter.call(Executors.java:515)
	at java.base/java.util.concurrent.FutureTask.run(FutureTask.java:264)
	at java.base/java.util.concurrent.ThreadPoolExecutor.runWorker(ThreadPoolExecutor.java:1128)
	at java.base/java.util.concurrent.ThreadPoolExecutor$Worker.run(ThreadPoolExecutor.java:628)
	... 1 more
java.util.concurrent.ExecutionException: jetbrains.exodus.ExodusException
	at java.base/java.util.concurrent.FutureTask.report(FutureTask.java:122)
	at java.base/java.util.concurrent.FutureTask.get(FutureTask.java:191)
	at jetbrains.exodus.newLogConcept.MVCC.MVCCDataStructure.commitTransaction(MVCCDataStructure.java:299)
	at site.ycsb.db.XodusClient.insert(XodusClient.java:60)
	at site.ycsb.DBWrapper.insert(DBWrapper.java:227)
	at site.ycsb.workloads.CoreWorkload.doInsert(CoreWorkload.java:621)
	at site.ycsb.ClientThread.run(ClientThread.java:135)
	at java.base/java.lang.Thread.run(Thread.java:829)
Caused by: jetbrains.exodus.ExodusException
	at jetbrains.exodus.newLogConcept.garbageCollector.OperationLogGarbageCollector.moveAndRemoveRecordsFromLog(OperationLogGarbageCollector.java:69)
	at jetbrains.exodus.newLogConcept.garbageCollector.OperationLogGarbageCollector.clean(OperationLogGarbageCollector.java:51)
	at jetbrains.exodus.newLogConcept.MVCC.MVCCDataStructure.lambda$commitTransaction$1(MVCCDataStructure.java:297)
	at java.base/java.util.concurrent.Executors$RunnableAdapter.call(Executors.java:515)
	at java.base/java.util.concurrent.FutureTask.run(FutureTask.java:264)
	at java.base/java.util.concurrent.ThreadPoolExecutor.runWorker(ThreadPoolExecutor.java:1128)
	at java.base/java.util.concurrent.ThreadPoolExecutor$Worker.run(ThreadPoolExecutor.java:628)
	... 1 more
java.util.concurrent.ExecutionException: jetbrains.exodus.ExodusException
	at java.base/java.util.concurrent.FutureTask.report(FutureTask.java:122)
	at java.base/java.util.concurrent.FutureTask.get(FutureTask.java:191)
	at jetbrains.exodus.newLogConcept.MVCC.MVCCDataStructure.commitTransaction(MVCCDataStructure.java:299)
	at site.ycsb.db.XodusClient.insert(XodusClient.java:60)
	at site.ycsb.DBWrapper.insert(DBWrapper.java:227)
	at site.ycsb.workloads.CoreWorkload.doInsert(CoreWorkload.java:621)
	at site.ycsb.ClientThread.run(ClientThread.java:135)
	at java.base/java.lang.Thread.run(Thread.java:829)
Caused by: jetbrains.exodus.ExodusException
	at jetbrains.exodus.newLogConcept.garbageCollector.OperationLogGarbageCollector.moveAndRemoveRecordsFromLog(OperationLogGarbageCollector.java:69)
	at jetbrains.exodus.newLogConcept.garbageCollector.OperationLogGarbageCollector.clean(OperationLogGarbageCollector.java:51)
	at jetbrains.exodus.newLogConcept.MVCC.MVCCDataStructure.lambda$commitTransaction$1(MVCCDataStructure.java:297)
	at java.base/java.util.concurrent.Executors$RunnableAdapter.call(Executors.java:515)
	at java.base/java.util.concurrent.FutureTask.run(FutureTask.java:264)
	at java.base/java.util.concurrent.ThreadPoolExecutor.runWorker(ThreadPoolExecutor.java:1128)
	at java.base/java.util.concurrent.ThreadPoolExecutor$Worker.run(ThreadPoolExecutor.java:628)
	... 1 more
java.util.concurrent.ExecutionException: jetbrains.exodus.ExodusException
	at java.base/java.util.concurrent.FutureTask.report(FutureTask.java:122)
	at java.base/java.util.concurrent.FutureTask.get(FutureTask.java:191)
	at jetbrains.exodus.newLogConcept.MVCC.MVCCDataStructure.commitTransaction(MVCCDataStructure.java:299)
	at site.ycsb.db.XodusClient.insert(XodusClient.java:60)
	at site.ycsb.DBWrapper.insert(DBWrapper.java:227)
	at site.ycsb.workloads.CoreWorkload.doInsert(CoreWorkload.java:621)
	at site.ycsb.ClientThread.run(ClientThread.java:135)
	at java.base/java.lang.Thread.run(Thread.java:829)
Caused by: jetbrains.exodus.ExodusException
	at jetbrains.exodus.newLogConcept.garbageCollector.OperationLogGarbageCollector.moveAndRemoveRecordsFromLog(OperationLogGarbageCollector.java:69)
	at jetbrains.exodus.newLogConcept.garbageCollector.OperationLogGarbageCollector.clean(OperationLogGarbageCollector.java:51)
	at jetbrains.exodus.newLogConcept.MVCC.MVCCDataStructure.lambda$commitTransaction$1(MVCCDataStructure.java:297)
	at java.base/java.util.concurrent.Executors$RunnableAdapter.call(Executors.java:515)
	at java.base/java.util.concurrent.FutureTask.run(FutureTask.java:264)
	at java.base/java.util.concurrent.ThreadPoolExecutor.runWorker(ThreadPoolExecutor.java:1128)
	at java.base/java.util.concurrent.ThreadPoolExecutor$Worker.run(ThreadPoolExecutor.java:628)
	... 1 more
java.util.concurrent.ExecutionException: jetbrains.exodus.ExodusException
	at java.base/java.util.concurrent.FutureTask.report(FutureTask.java:122)
	at java.base/java.util.concurrent.FutureTask.get(FutureTask.java:191)
	at jetbrains.exodus.newLogConcept.MVCC.MVCCDataStructure.commitTransaction(MVCCDataStructure.java:299)
	at site.ycsb.db.XodusClient.insert(XodusClient.java:60)
	at site.ycsb.DBWrapper.insert(DBWrapper.java:227)
	at site.ycsb.workloads.CoreWorkload.doInsert(CoreWorkload.java:621)
	at site.ycsb.ClientThread.run(ClientThread.java:135)
	at java.base/java.lang.Thread.run(Thread.java:829)
Caused by: jetbrains.exodus.ExodusException
	at jetbrains.exodus.newLogConcept.garbageCollector.OperationLogGarbageCollector.moveAndRemoveRecordsFromLog(OperationLogGarbageCollector.java:69)
	at jetbrains.exodus.newLogConcept.garbageCollector.OperationLogGarbageCollector.clean(OperationLogGarbageCollector.java:51)
	at jetbrains.exodus.newLogConcept.MVCC.MVCCDataStructure.lambda$commitTransaction$1(MVCCDataStructure.java:297)
	at java.base/java.util.concurrent.Executors$RunnableAdapter.call(Executors.java:515)
	at java.base/java.util.concurrent.FutureTask.run(FutureTask.java:264)
	at java.base/java.util.concurrent.ThreadPoolExecutor.runWorker(ThreadPoolExecutor.java:1128)
	at java.base/java.util.concurrent.ThreadPoolExecutor$Worker.run(ThreadPoolExecutor.java:628)
	... 1 more
java.util.concurrent.ExecutionException: jetbrains.exodus.ExodusException
	at java.base/java.util.concurrent.FutureTask.report(FutureTask.java:122)
	at java.base/java.util.concurrent.FutureTask.get(FutureTask.java:191)
	at jetbrains.exodus.newLogConcept.MVCC.MVCCDataStructure.commitTransaction(MVCCDataStructure.java:299)
	at site.ycsb.db.XodusClient.insert(XodusClient.java:60)
	at site.ycsb.DBWrapper.insert(DBWrapper.java:227)
	at site.ycsb.workloads.CoreWorkload.doInsert(CoreWorkload.java:621)
	at site.ycsb.ClientThread.run(ClientThread.java:135)
	at java.base/java.lang.Thread.run(Thread.java:829)
Caused by: jetbrains.exodus.ExodusException
	at jetbrains.exodus.newLogConcept.garbageCollector.OperationLogGarbageCollector.moveAndRemoveRecordsFromLog(OperationLogGarbageCollector.java:69)
	at jetbrains.exodus.newLogConcept.garbageCollector.OperationLogGarbageCollector.clean(OperationLogGarbageCollector.java:51)
	at jetbrains.exodus.newLogConcept.MVCC.MVCCDataStructure.lambda$commitTransaction$1(MVCCDataStructure.java:297)
	at java.base/java.util.concurrent.Executors$RunnableAdapter.call(Executors.java:515)
	at java.base/java.util.concurrent.FutureTask.run(FutureTask.java:264)
	at java.base/java.util.concurrent.ThreadPoolExecutor.runWorker(ThreadPoolExecutor.java:1128)
	at java.base/java.util.concurrent.ThreadPoolExecutor$Worker.run(ThreadPoolExecutor.java:628)
	... 1 more
java.util.concurrent.ExecutionException: jetbrains.exodus.ExodusException
	at java.base/java.util.concurrent.FutureTask.report(FutureTask.java:122)
	at java.base/java.util.concurrent.FutureTask.get(FutureTask.java:191)
	at jetbrains.exodus.newLogConcept.MVCC.MVCCDataStructure.commitTransaction(MVCCDataStructure.java:299)
	at site.ycsb.db.XodusClient.insert(XodusClient.java:60)
	at site.ycsb.DBWrapper.insert(DBWrapper.java:227)
	at site.ycsb.workloads.CoreWorkload.doInsert(CoreWorkload.java:621)
	at site.ycsb.ClientThread.run(ClientThread.java:135)
	at java.base/java.lang.Thread.run(Thread.java:829)
Caused by: jetbrains.exodus.ExodusException
	at jetbrains.exodus.newLogConcept.garbageCollector.OperationLogGarbageCollector.moveAndRemoveRecordsFromLog(OperationLogGarbageCollector.java:69)
	at jetbrains.exodus.newLogConcept.garbageCollector.OperationLogGarbageCollector.clean(OperationLogGarbageCollector.java:51)
	at jetbrains.exodus.newLogConcept.MVCC.MVCCDataStructure.lambda$commitTransaction$1(MVCCDataStructure.java:297)
	at java.base/java.util.concurrent.Executors$RunnableAdapter.call(Executors.java:515)
	at java.base/java.util.concurrent.FutureTask.run(FutureTask.java:264)
	at java.base/java.util.concurrent.ThreadPoolExecutor.runWorker(ThreadPoolExecutor.java:1128)
	at java.base/java.util.concurrent.ThreadPoolExecutor$Worker.run(ThreadPoolExecutor.java:628)
	... 1 more
java.util.concurrent.ExecutionException: jetbrains.exodus.ExodusException
	at java.base/java.util.concurrent.FutureTask.report(FutureTask.java:122)
	at java.base/java.util.concurrent.FutureTask.get(FutureTask.java:191)
	at jetbrains.exodus.newLogConcept.MVCC.MVCCDataStructure.commitTransaction(MVCCDataStructure.java:299)
	at site.ycsb.db.XodusClient.insert(XodusClient.java:60)
	at site.ycsb.DBWrapper.insert(DBWrapper.java:227)
	at site.ycsb.workloads.CoreWorkload.doInsert(CoreWorkload.java:621)
	at site.ycsb.ClientThread.run(ClientThread.java:135)
	at java.base/java.lang.Thread.run(Thread.java:829)
Caused by: jetbrains.exodus.ExodusException
	at jetbrains.exodus.newLogConcept.garbageCollector.OperationLogGarbageCollector.moveAndRemoveRecordsFromLog(OperationLogGarbageCollector.java:69)
	at jetbrains.exodus.newLogConcept.garbageCollector.OperationLogGarbageCollector.clean(OperationLogGarbageCollector.java:51)
	at jetbrains.exodus.newLogConcept.MVCC.MVCCDataStructure.lambda$commitTransaction$1(MVCCDataStructure.java:297)
	at java.base/java.util.concurrent.Executors$RunnableAdapter.call(Executors.java:515)
	at java.base/java.util.concurrent.FutureTask.run(FutureTask.java:264)
	at java.base/java.util.concurrent.ThreadPoolExecutor.runWorker(ThreadPoolExecutor.java:1128)
	at java.base/java.util.concurrent.ThreadPoolExecutor$Worker.run(ThreadPoolExecutor.java:628)
	... 1 more
java.util.concurrent.ExecutionException: jetbrains.exodus.ExodusException
	at java.base/java.util.concurrent.FutureTask.report(FutureTask.java:122)
	at java.base/java.util.concurrent.FutureTask.get(FutureTask.java:191)
	at jetbrains.exodus.newLogConcept.MVCC.MVCCDataStructure.commitTransaction(MVCCDataStructure.java:299)
	at site.ycsb.db.XodusClient.insert(XodusClient.java:60)
	at site.ycsb.DBWrapper.insert(DBWrapper.java:227)
	at site.ycsb.workloads.CoreWorkload.doInsert(CoreWorkload.java:621)
	at site.ycsb.ClientThread.run(ClientThread.java:135)
	at java.base/java.lang.Thread.run(Thread.java:829)
Caused by: jetbrains.exodus.ExodusException
	at jetbrains.exodus.newLogConcept.garbageCollector.OperationLogGarbageCollector.moveAndRemoveRecordsFromLog(OperationLogGarbageCollector.java:69)
	at jetbrains.exodus.newLogConcept.garbageCollector.OperationLogGarbageCollector.clean(OperationLogGarbageCollector.java:51)
	at jetbrains.exodus.newLogConcept.MVCC.MVCCDataStructure.lambda$commitTransaction$1(MVCCDataStructure.java:297)
	at java.base/java.util.concurrent.Executors$RunnableAdapter.call(Executors.java:515)
	at java.base/java.util.concurrent.FutureTask.run(FutureTask.java:264)
	at java.base/java.util.concurrent.ThreadPoolExecutor.runWorker(ThreadPoolExecutor.java:1128)
	at java.base/java.util.concurrent.ThreadPoolExecutor$Worker.run(ThreadPoolExecutor.java:628)
	... 1 more
java.util.concurrent.ExecutionException: jetbrains.exodus.ExodusException
	at java.base/java.util.concurrent.FutureTask.report(FutureTask.java:122)
	at java.base/java.util.concurrent.FutureTask.get(FutureTask.java:191)
	at jetbrains.exodus.newLogConcept.MVCC.MVCCDataStructure.commitTransaction(MVCCDataStructure.java:299)
	at site.ycsb.db.XodusClient.insert(XodusClient.java:60)
	at site.ycsb.DBWrapper.insert(DBWrapper.java:227)
	at site.ycsb.workloads.CoreWorkload.doInsert(CoreWorkload.java:621)
	at site.ycsb.ClientThread.run(ClientThread.java:135)
	at java.base/java.lang.Thread.run(Thread.java:829)
Caused by: jetbrains.exodus.ExodusException
	at jetbrains.exodus.newLogConcept.garbageCollector.OperationLogGarbageCollector.moveAndRemoveRecordsFromLog(OperationLogGarbageCollector.java:69)
	at jetbrains.exodus.newLogConcept.garbageCollector.OperationLogGarbageCollector.clean(OperationLogGarbageCollector.java:51)
	at jetbrains.exodus.newLogConcept.MVCC.MVCCDataStructure.lambda$commitTransaction$1(MVCCDataStructure.java:297)
	at java.base/java.util.concurrent.Executors$RunnableAdapter.call(Executors.java:515)
	at java.base/java.util.concurrent.FutureTask.run(FutureTask.java:264)
	at java.base/java.util.concurrent.ThreadPoolExecutor.runWorker(ThreadPoolExecutor.java:1128)
	at java.base/java.util.concurrent.ThreadPoolExecutor$Worker.run(ThreadPoolExecutor.java:628)
	... 1 more
java.util.concurrent.ExecutionException: jetbrains.exodus.ExodusException
	at java.base/java.util.concurrent.FutureTask.report(FutureTask.java:122)
	at java.base/java.util.concurrent.FutureTask.get(FutureTask.java:191)
	at jetbrains.exodus.newLogConcept.MVCC.MVCCDataStructure.commitTransaction(MVCCDataStructure.java:299)
	at site.ycsb.db.XodusClient.insert(XodusClient.java:60)
	at site.ycsb.DBWrapper.insert(DBWrapper.java:227)
	at site.ycsb.workloads.CoreWorkload.doInsert(CoreWorkload.java:621)
	at site.ycsb.ClientThread.run(ClientThread.java:135)
	at java.base/java.lang.Thread.run(Thread.java:829)
Caused by: jetbrains.exodus.ExodusException
	at jetbrains.exodus.newLogConcept.garbageCollector.OperationLogGarbageCollector.moveAndRemoveRecordsFromLog(OperationLogGarbageCollector.java:69)
	at jetbrains.exodus.newLogConcept.garbageCollector.OperationLogGarbageCollector.clean(OperationLogGarbageCollector.java:51)
	at jetbrains.exodus.newLogConcept.MVCC.MVCCDataStructure.lambda$commitTransaction$1(MVCCDataStructure.java:297)
	at java.base/java.util.concurrent.Executors$RunnableAdapter.call(Executors.java:515)
	at java.base/java.util.concurrent.FutureTask.run(FutureTask.java:264)
	at java.base/java.util.concurrent.ThreadPoolExecutor.runWorker(ThreadPoolExecutor.java:1128)
	at java.base/java.util.concurrent.ThreadPoolExecutor$Worker.run(ThreadPoolExecutor.java:628)
	... 1 more
java.util.concurrent.ExecutionException: jetbrains.exodus.ExodusException
	at java.base/java.util.concurrent.FutureTask.report(FutureTask.java:122)
	at java.base/java.util.concurrent.FutureTask.get(FutureTask.java:191)
	at jetbrains.exodus.newLogConcept.MVCC.MVCCDataStructure.commitTransaction(MVCCDataStructure.java:299)
	at site.ycsb.db.XodusClient.insert(XodusClient.java:60)
	at site.ycsb.DBWrapper.insert(DBWrapper.java:227)
	at site.ycsb.workloads.CoreWorkload.doInsert(CoreWorkload.java:621)
	at site.ycsb.ClientThread.run(ClientThread.java:135)
	at java.base/java.lang.Thread.run(Thread.java:829)
Caused by: jetbrains.exodus.ExodusException
	at jetbrains.exodus.newLogConcept.garbageCollector.OperationLogGarbageCollector.moveAndRemoveRecordsFromLog(OperationLogGarbageCollector.java:69)
	at jetbrains.exodus.newLogConcept.garbageCollector.OperationLogGarbageCollector.clean(OperationLogGarbageCollector.java:51)
	at jetbrains.exodus.newLogConcept.MVCC.MVCCDataStructure.lambda$commitTransaction$1(MVCCDataStructure.java:297)
	at java.base/java.util.concurrent.Executors$RunnableAdapter.call(Executors.java:515)
	at java.base/java.util.concurrent.FutureTask.run(FutureTask.java:264)
	at java.base/java.util.concurrent.ThreadPoolExecutor.runWorker(ThreadPoolExecutor.java:1128)
	at java.base/java.util.concurrent.ThreadPoolExecutor$Worker.run(ThreadPoolExecutor.java:628)
	... 1 more
java.util.concurrent.ExecutionException: jetbrains.exodus.ExodusException
	at java.base/java.util.concurrent.FutureTask.report(FutureTask.java:122)
	at java.base/java.util.concurrent.FutureTask.get(FutureTask.java:191)
	at jetbrains.exodus.newLogConcept.MVCC.MVCCDataStructure.commitTransaction(MVCCDataStructure.java:299)
	at site.ycsb.db.XodusClient.insert(XodusClient.java:60)
	at site.ycsb.DBWrapper.insert(DBWrapper.java:227)
	at site.ycsb.workloads.CoreWorkload.doInsert(CoreWorkload.java:621)
	at site.ycsb.ClientThread.run(ClientThread.java:135)
	at java.base/java.lang.Thread.run(Thread.java:829)
Caused by: jetbrains.exodus.ExodusException
	at jetbrains.exodus.newLogConcept.garbageCollector.OperationLogGarbageCollector.moveAndRemoveRecordsFromLog(OperationLogGarbageCollector.java:69)
	at jetbrains.exodus.newLogConcept.garbageCollector.OperationLogGarbageCollector.clean(OperationLogGarbageCollector.java:51)
	at jetbrains.exodus.newLogConcept.MVCC.MVCCDataStructure.lambda$commitTransaction$1(MVCCDataStructure.java:297)
	at java.base/java.util.concurrent.Executors$RunnableAdapter.call(Executors.java:515)
	at java.base/java.util.concurrent.FutureTask.run(FutureTask.java:264)
	at java.base/java.util.concurrent.ThreadPoolExecutor.runWorker(ThreadPoolExecutor.java:1128)
	at java.base/java.util.concurrent.ThreadPoolExecutor$Worker.run(ThreadPoolExecutor.java:628)
	... 1 more
java.util.concurrent.ExecutionException: jetbrains.exodus.ExodusException
	at java.base/java.util.concurrent.FutureTask.report(FutureTask.java:122)
	at java.base/java.util.concurrent.FutureTask.get(FutureTask.java:191)
	at jetbrains.exodus.newLogConcept.MVCC.MVCCDataStructure.commitTransaction(MVCCDataStructure.java:299)
	at site.ycsb.db.XodusClient.insert(XodusClient.java:60)
	at site.ycsb.DBWrapper.insert(DBWrapper.java:227)
	at site.ycsb.workloads.CoreWorkload.doInsert(CoreWorkload.java:621)
	at site.ycsb.ClientThread.run(ClientThread.java:135)
	at java.base/java.lang.Thread.run(Thread.java:829)
Caused by: jetbrains.exodus.ExodusException
	at jetbrains.exodus.newLogConcept.garbageCollector.OperationLogGarbageCollector.moveAndRemoveRecordsFromLog(OperationLogGarbageCollector.java:69)
	at jetbrains.exodus.newLogConcept.garbageCollector.OperationLogGarbageCollector.clean(OperationLogGarbageCollector.java:51)
	at jetbrains.exodus.newLogConcept.MVCC.MVCCDataStructure.lambda$commitTransaction$1(MVCCDataStructure.java:297)
	at java.base/java.util.concurrent.Executors$RunnableAdapter.call(Executors.java:515)
	at java.base/java.util.concurrent.FutureTask.run(FutureTask.java:264)
	at java.base/java.util.concurrent.ThreadPoolExecutor.runWorker(ThreadPoolExecutor.java:1128)
	at java.base/java.util.concurrent.ThreadPoolExecutor$Worker.run(ThreadPoolExecutor.java:628)
	... 1 more
java.util.concurrent.ExecutionException: jetbrains.exodus.ExodusException
	at java.base/java.util.concurrent.FutureTask.report(FutureTask.java:122)
	at java.base/java.util.concurrent.FutureTask.get(FutureTask.java:191)
	at jetbrains.exodus.newLogConcept.MVCC.MVCCDataStructure.commitTransaction(MVCCDataStructure.java:299)
	at site.ycsb.db.XodusClient.insert(XodusClient.java:60)
	at site.ycsb.DBWrapper.insert(DBWrapper.java:227)
	at site.ycsb.workloads.CoreWorkload.doInsert(CoreWorkload.java:621)
	at site.ycsb.ClientThread.run(ClientThread.java:135)
	at java.base/java.lang.Thread.run(Thread.java:829)
Caused by: jetbrains.exodus.ExodusException
	at jetbrains.exodus.newLogConcept.garbageCollector.OperationLogGarbageCollector.moveAndRemoveRecordsFromLog(OperationLogGarbageCollector.java:69)
	at jetbrains.exodus.newLogConcept.garbageCollector.OperationLogGarbageCollector.clean(OperationLogGarbageCollector.java:51)
	at jetbrains.exodus.newLogConcept.MVCC.MVCCDataStructure.lambda$commitTransaction$1(MVCCDataStructure.java:297)
	at java.base/java.util.concurrent.Executors$RunnableAdapter.call(Executors.java:515)
	at java.base/java.util.concurrent.FutureTask.run(FutureTask.java:264)
	at java.base/java.util.concurrent.ThreadPoolExecutor.runWorker(ThreadPoolExecutor.java:1128)
	at java.base/java.util.concurrent.ThreadPoolExecutor$Worker.run(ThreadPoolExecutor.java:628)
	... 1 more
java.util.concurrent.ExecutionException: jetbrains.exodus.ExodusException
	at java.base/java.util.concurrent.FutureTask.report(FutureTask.java:122)
	at java.base/java.util.concurrent.FutureTask.get(FutureTask.java:191)
	at jetbrains.exodus.newLogConcept.MVCC.MVCCDataStructure.commitTransaction(MVCCDataStructure.java:299)
	at site.ycsb.db.XodusClient.insert(XodusClient.java:60)
	at site.ycsb.DBWrapper.insert(DBWrapper.java:227)
	at site.ycsb.workloads.CoreWorkload.doInsert(CoreWorkload.java:621)
	at site.ycsb.ClientThread.run(ClientThread.java:135)
	at java.base/java.lang.Thread.run(Thread.java:829)
Caused by: jetbrains.exodus.ExodusException
	at jetbrains.exodus.newLogConcept.garbageCollector.OperationLogGarbageCollector.moveAndRemoveRecordsFromLog(OperationLogGarbageCollector.java:69)
	at jetbrains.exodus.newLogConcept.garbageCollector.OperationLogGarbageCollector.clean(OperationLogGarbageCollector.java:51)
	at jetbrains.exodus.newLogConcept.MVCC.MVCCDataStructure.lambda$commitTransaction$1(MVCCDataStructure.java:297)
	at java.base/java.util.concurrent.Executors$RunnableAdapter.call(Executors.java:515)
	at java.base/java.util.concurrent.FutureTask.run(FutureTask.java:264)
	at java.base/java.util.concurrent.ThreadPoolExecutor.runWorker(ThreadPoolExecutor.java:1128)
	at java.base/java.util.concurrent.ThreadPoolExecutor$Worker.run(ThreadPoolExecutor.java:628)
	... 1 more
java.util.concurrent.ExecutionException: jetbrains.exodus.ExodusException
	at java.base/java.util.concurrent.FutureTask.report(FutureTask.java:122)
	at java.base/java.util.concurrent.FutureTask.get(FutureTask.java:191)
	at jetbrains.exodus.newLogConcept.MVCC.MVCCDataStructure.commitTransaction(MVCCDataStructure.java:299)
	at site.ycsb.db.XodusClient.insert(XodusClient.java:60)
	at site.ycsb.DBWrapper.insert(DBWrapper.java:227)
	at site.ycsb.workloads.CoreWorkload.doInsert(CoreWorkload.java:621)
	at site.ycsb.ClientThread.run(ClientThread.java:135)
	at java.base/java.lang.Thread.run(Thread.java:829)
Caused by: jetbrains.exodus.ExodusException
	at jetbrains.exodus.newLogConcept.garbageCollector.OperationLogGarbageCollector.moveAndRemoveRecordsFromLog(OperationLogGarbageCollector.java:69)
	at jetbrains.exodus.newLogConcept.garbageCollector.OperationLogGarbageCollector.clean(OperationLogGarbageCollector.java:51)
	at jetbrains.exodus.newLogConcept.MVCC.MVCCDataStructure.lambda$commitTransaction$1(MVCCDataStructure.java:297)
	at java.base/java.util.concurrent.Executors$RunnableAdapter.call(Executors.java:515)
	at java.base/java.util.concurrent.FutureTask.run(FutureTask.java:264)
	at java.base/java.util.concurrent.ThreadPoolExecutor.runWorker(ThreadPoolExecutor.java:1128)
	at java.base/java.util.concurrent.ThreadPoolExecutor$Worker.run(ThreadPoolExecutor.java:628)
	... 1 more
java.util.concurrent.ExecutionException: jetbrains.exodus.ExodusException
	at java.base/java.util.concurrent.FutureTask.report(FutureTask.java:122)
	at java.base/java.util.concurrent.FutureTask.get(FutureTask.java:191)
	at jetbrains.exodus.newLogConcept.MVCC.MVCCDataStructure.commitTransaction(MVCCDataStructure.java:299)
	at site.ycsb.db.XodusClient.insert(XodusClient.java:60)
	at site.ycsb.DBWrapper.insert(DBWrapper.java:227)
	at site.ycsb.workloads.CoreWorkload.doInsert(CoreWorkload.java:621)
	at site.ycsb.ClientThread.run(ClientThread.java:135)
	at java.base/java.lang.Thread.run(Thread.java:829)
Caused by: jetbrains.exodus.ExodusException
	at jetbrains.exodus.newLogConcept.garbageCollector.OperationLogGarbageCollector.moveAndRemoveRecordsFromLog(OperationLogGarbageCollector.java:69)
	at jetbrains.exodus.newLogConcept.garbageCollector.OperationLogGarbageCollector.clean(OperationLogGarbageCollector.java:51)
	at jetbrains.exodus.newLogConcept.MVCC.MVCCDataStructure.lambda$commitTransaction$1(MVCCDataStructure.java:297)
	at java.base/java.util.concurrent.Executors$RunnableAdapter.call(Executors.java:515)
	at java.base/java.util.concurrent.FutureTask.run(FutureTask.java:264)
	at java.base/java.util.concurrent.ThreadPoolExecutor.runWorker(ThreadPoolExecutor.java:1128)
	at java.base/java.util.concurrent.ThreadPoolExecutor$Worker.run(ThreadPoolExecutor.java:628)
	... 1 more
java.util.concurrent.ExecutionException: jetbrains.exodus.ExodusException
	at java.base/java.util.concurrent.FutureTask.report(FutureTask.java:122)
	at java.base/java.util.concurrent.FutureTask.get(FutureTask.java:191)
	at jetbrains.exodus.newLogConcept.MVCC.MVCCDataStructure.commitTransaction(MVCCDataStructure.java:299)
	at site.ycsb.db.XodusClient.insert(XodusClient.java:60)
	at site.ycsb.DBWrapper.insert(DBWrapper.java:227)
	at site.ycsb.workloads.CoreWorkload.doInsert(CoreWorkload.java:621)
	at site.ycsb.ClientThread.run(ClientThread.java:135)
	at java.base/java.lang.Thread.run(Thread.java:829)
Caused by: jetbrains.exodus.ExodusException
	at jetbrains.exodus.newLogConcept.garbageCollector.OperationLogGarbageCollector.moveAndRemoveRecordsFromLog(OperationLogGarbageCollector.java:69)
	at jetbrains.exodus.newLogConcept.garbageCollector.OperationLogGarbageCollector.clean(OperationLogGarbageCollector.java:51)
	at jetbrains.exodus.newLogConcept.MVCC.MVCCDataStructure.lambda$commitTransaction$1(MVCCDataStructure.java:297)
	at java.base/java.util.concurrent.Executors$RunnableAdapter.call(Executors.java:515)
	at java.base/java.util.concurrent.FutureTask.run(FutureTask.java:264)
	at java.base/java.util.concurrent.ThreadPoolExecutor.runWorker(ThreadPoolExecutor.java:1128)
	at java.base/java.util.concurrent.ThreadPoolExecutor$Worker.run(ThreadPoolExecutor.java:628)
	... 1 more
java.util.concurrent.ExecutionException: jetbrains.exodus.ExodusException
	at java.base/java.util.concurrent.FutureTask.report(FutureTask.java:122)
	at java.base/java.util.concurrent.FutureTask.get(FutureTask.java:191)
	at jetbrains.exodus.newLogConcept.MVCC.MVCCDataStructure.commitTransaction(MVCCDataStructure.java:299)
	at site.ycsb.db.XodusClient.insert(XodusClient.java:60)
	at site.ycsb.DBWrapper.insert(DBWrapper.java:227)
	at site.ycsb.workloads.CoreWorkload.doInsert(CoreWorkload.java:621)
	at site.ycsb.ClientThread.run(ClientThread.java:135)
	at java.base/java.lang.Thread.run(Thread.java:829)
Caused by: jetbrains.exodus.ExodusException
	at jetbrains.exodus.newLogConcept.garbageCollector.OperationLogGarbageCollector.moveAndRemoveRecordsFromLog(OperationLogGarbageCollector.java:69)
	at jetbrains.exodus.newLogConcept.garbageCollector.OperationLogGarbageCollector.clean(OperationLogGarbageCollector.java:51)
	at jetbrains.exodus.newLogConcept.MVCC.MVCCDataStructure.lambda$commitTransaction$1(MVCCDataStructure.java:297)
	at java.base/java.util.concurrent.Executors$RunnableAdapter.call(Executors.java:515)
	at java.base/java.util.concurrent.FutureTask.run(FutureTask.java:264)
	at java.base/java.util.concurrent.ThreadPoolExecutor.runWorker(ThreadPoolExecutor.java:1128)
	at java.base/java.util.concurrent.ThreadPoolExecutor$Worker.run(ThreadPoolExecutor.java:628)
	... 1 more
java.util.concurrent.ExecutionException: jetbrains.exodus.ExodusException
	at java.base/java.util.concurrent.FutureTask.report(FutureTask.java:122)
	at java.base/java.util.concurrent.FutureTask.get(FutureTask.java:191)
	at jetbrains.exodus.newLogConcept.MVCC.MVCCDataStructure.commitTransaction(MVCCDataStructure.java:299)
	at site.ycsb.db.XodusClient.insert(XodusClient.java:60)
	at site.ycsb.DBWrapper.insert(DBWrapper.java:227)
	at site.ycsb.workloads.CoreWorkload.doInsert(CoreWorkload.java:621)
	at site.ycsb.ClientThread.run(ClientThread.java:135)
	at java.base/java.lang.Thread.run(Thread.java:829)
Caused by: jetbrains.exodus.ExodusException
	at jetbrains.exodus.newLogConcept.garbageCollector.OperationLogGarbageCollector.moveAndRemoveRecordsFromLog(OperationLogGarbageCollector.java:69)
	at jetbrains.exodus.newLogConcept.garbageCollector.OperationLogGarbageCollector.clean(OperationLogGarbageCollector.java:51)
	at jetbrains.exodus.newLogConcept.MVCC.MVCCDataStructure.lambda$commitTransaction$1(MVCCDataStructure.java:297)
	at java.base/java.util.concurrent.Executors$RunnableAdapter.call(Executors.java:515)
	at java.base/java.util.concurrent.FutureTask.run(FutureTask.java:264)
	at java.base/java.util.concurrent.ThreadPoolExecutor.runWorker(ThreadPoolExecutor.java:1128)
	at java.base/java.util.concurrent.ThreadPoolExecutor$Worker.run(ThreadPoolExecutor.java:628)
	... 1 more
java.util.concurrent.ExecutionException: jetbrains.exodus.ExodusException
	at java.base/java.util.concurrent.FutureTask.report(FutureTask.java:122)
	at java.base/java.util.concurrent.FutureTask.get(FutureTask.java:191)
	at jetbrains.exodus.newLogConcept.MVCC.MVCCDataStructure.commitTransaction(MVCCDataStructure.java:299)
	at site.ycsb.db.XodusClient.insert(XodusClient.java:60)
	at site.ycsb.DBWrapper.insert(DBWrapper.java:227)
	at site.ycsb.workloads.CoreWorkload.doInsert(CoreWorkload.java:621)
	at site.ycsb.ClientThread.run(ClientThread.java:135)
	at java.base/java.lang.Thread.run(Thread.java:829)
Caused by: jetbrains.exodus.ExodusException
	at jetbrains.exodus.newLogConcept.garbageCollector.OperationLogGarbageCollector.moveAndRemoveRecordsFromLog(OperationLogGarbageCollector.java:69)
	at jetbrains.exodus.newLogConcept.garbageCollector.OperationLogGarbageCollector.clean(OperationLogGarbageCollector.java:51)
	at jetbrains.exodus.newLogConcept.MVCC.MVCCDataStructure.lambda$commitTransaction$1(MVCCDataStructure.java:297)
	at java.base/java.util.concurrent.Executors$RunnableAdapter.call(Executors.java:515)
	at java.base/java.util.concurrent.FutureTask.run(FutureTask.java:264)
	at java.base/java.util.concurrent.ThreadPoolExecutor.runWorker(ThreadPoolExecutor.java:1128)
	at java.base/java.util.concurrent.ThreadPoolExecutor$Worker.run(ThreadPoolExecutor.java:628)
	... 1 more
java.util.concurrent.ExecutionException: jetbrains.exodus.ExodusException
	at java.base/java.util.concurrent.FutureTask.report(FutureTask.java:122)
	at java.base/java.util.concurrent.FutureTask.get(FutureTask.java:191)
	at jetbrains.exodus.newLogConcept.MVCC.MVCCDataStructure.commitTransaction(MVCCDataStructure.java:299)
	at site.ycsb.db.XodusClient.insert(XodusClient.java:60)
	at site.ycsb.DBWrapper.insert(DBWrapper.java:227)
	at site.ycsb.workloads.CoreWorkload.doInsert(CoreWorkload.java:621)
	at site.ycsb.ClientThread.run(ClientThread.java:135)
	at java.base/java.lang.Thread.run(Thread.java:829)
Caused by: jetbrains.exodus.ExodusException
	at jetbrains.exodus.newLogConcept.garbageCollector.OperationLogGarbageCollector.moveAndRemoveRecordsFromLog(OperationLogGarbageCollector.java:69)
	at jetbrains.exodus.newLogConcept.garbageCollector.OperationLogGarbageCollector.clean(OperationLogGarbageCollector.java:51)
	at jetbrains.exodus.newLogConcept.MVCC.MVCCDataStructure.lambda$commitTransaction$1(MVCCDataStructure.java:297)
	at java.base/java.util.concurrent.Executors$RunnableAdapter.call(Executors.java:515)
	at java.base/java.util.concurrent.FutureTask.run(FutureTask.java:264)
	at java.base/java.util.concurrent.ThreadPoolExecutor.runWorker(ThreadPoolExecutor.java:1128)
	at java.base/java.util.concurrent.ThreadPoolExecutor$Worker.run(ThreadPoolExecutor.java:628)
	... 1 more
java.util.concurrent.ExecutionException: jetbrains.exodus.ExodusException
	at java.base/java.util.concurrent.FutureTask.report(FutureTask.java:122)
	at java.base/java.util.concurrent.FutureTask.get(FutureTask.java:191)
	at jetbrains.exodus.newLogConcept.MVCC.MVCCDataStructure.commitTransaction(MVCCDataStructure.java:299)
	at site.ycsb.db.XodusClient.insert(XodusClient.java:60)
	at site.ycsb.DBWrapper.insert(DBWrapper.java:227)
	at site.ycsb.workloads.CoreWorkload.doInsert(CoreWorkload.java:621)
	at site.ycsb.ClientThread.run(ClientThread.java:135)
	at java.base/java.lang.Thread.run(Thread.java:829)
Caused by: jetbrains.exodus.ExodusException
	at jetbrains.exodus.newLogConcept.garbageCollector.OperationLogGarbageCollector.moveAndRemoveRecordsFromLog(OperationLogGarbageCollector.java:69)
	at jetbrains.exodus.newLogConcept.garbageCollector.OperationLogGarbageCollector.clean(OperationLogGarbageCollector.java:51)
	at jetbrains.exodus.newLogConcept.MVCC.MVCCDataStructure.lambda$commitTransaction$1(MVCCDataStructure.java:297)
	at java.base/java.util.concurrent.Executors$RunnableAdapter.call(Executors.java:515)
	at java.base/java.util.concurrent.FutureTask.run(FutureTask.java:264)
	at java.base/java.util.concurrent.ThreadPoolExecutor.runWorker(ThreadPoolExecutor.java:1128)
	at java.base/java.util.concurrent.ThreadPoolExecutor$Worker.run(ThreadPoolExecutor.java:628)
	... 1 more
java.util.concurrent.ExecutionException: jetbrains.exodus.ExodusException
	at java.base/java.util.concurrent.FutureTask.report(FutureTask.java:122)
	at java.base/java.util.concurrent.FutureTask.get(FutureTask.java:191)
	at jetbrains.exodus.newLogConcept.MVCC.MVCCDataStructure.commitTransaction(MVCCDataStructure.java:299)
	at site.ycsb.db.XodusClient.insert(XodusClient.java:60)
	at site.ycsb.DBWrapper.insert(DBWrapper.java:227)
	at site.ycsb.workloads.CoreWorkload.doInsert(CoreWorkload.java:621)
	at site.ycsb.ClientThread.run(ClientThread.java:135)
	at java.base/java.lang.Thread.run(Thread.java:829)
Caused by: jetbrains.exodus.ExodusException
	at jetbrains.exodus.newLogConcept.garbageCollector.OperationLogGarbageCollector.moveAndRemoveRecordsFromLog(OperationLogGarbageCollector.java:69)
	at jetbrains.exodus.newLogConcept.garbageCollector.OperationLogGarbageCollector.clean(OperationLogGarbageCollector.java:51)
	at jetbrains.exodus.newLogConcept.MVCC.MVCCDataStructure.lambda$commitTransaction$1(MVCCDataStructure.java:297)
	at java.base/java.util.concurrent.Executors$RunnableAdapter.call(Executors.java:515)
	at java.base/java.util.concurrent.FutureTask.run(FutureTask.java:264)
	at java.base/java.util.concurrent.ThreadPoolExecutor.runWorker(ThreadPoolExecutor.java:1128)
	at java.base/java.util.concurrent.ThreadPoolExecutor$Worker.run(ThreadPoolExecutor.java:628)
	... 1 more
java.util.concurrent.ExecutionException: jetbrains.exodus.ExodusException
	at java.base/java.util.concurrent.FutureTask.report(FutureTask.java:122)
	at java.base/java.util.concurrent.FutureTask.get(FutureTask.java:191)
	at jetbrains.exodus.newLogConcept.MVCC.MVCCDataStructure.commitTransaction(MVCCDataStructure.java:299)
	at site.ycsb.db.XodusClient.insert(XodusClient.java:60)
	at site.ycsb.DBWrapper.insert(DBWrapper.java:227)
	at site.ycsb.workloads.CoreWorkload.doInsert(CoreWorkload.java:621)
	at site.ycsb.ClientThread.run(ClientThread.java:135)
	at java.base/java.lang.Thread.run(Thread.java:829)
Caused by: jetbrains.exodus.ExodusException
	at jetbrains.exodus.newLogConcept.garbageCollector.OperationLogGarbageCollector.moveAndRemoveRecordsFromLog(OperationLogGarbageCollector.java:69)
	at jetbrains.exodus.newLogConcept.garbageCollector.OperationLogGarbageCollector.clean(OperationLogGarbageCollector.java:51)
	at jetbrains.exodus.newLogConcept.MVCC.MVCCDataStructure.lambda$commitTransaction$1(MVCCDataStructure.java:297)
	at java.base/java.util.concurrent.Executors$RunnableAdapter.call(Executors.java:515)
	at java.base/java.util.concurrent.FutureTask.run(FutureTask.java:264)
	at java.base/java.util.concurrent.ThreadPoolExecutor.runWorker(ThreadPoolExecutor.java:1128)
	at java.base/java.util.concurrent.ThreadPoolExecutor$Worker.run(ThreadPoolExecutor.java:628)
	... 1 more
java.util.concurrent.ExecutionException: jetbrains.exodus.ExodusException
	at java.base/java.util.concurrent.FutureTask.report(FutureTask.java:122)
	at java.base/java.util.concurrent.FutureTask.get(FutureTask.java:191)
	at jetbrains.exodus.newLogConcept.MVCC.MVCCDataStructure.commitTransaction(MVCCDataStructure.java:299)
	at site.ycsb.db.XodusClient.insert(XodusClient.java:60)
	at site.ycsb.DBWrapper.insert(DBWrapper.java:227)
	at site.ycsb.workloads.CoreWorkload.doInsert(CoreWorkload.java:621)
	at site.ycsb.ClientThread.run(ClientThread.java:135)
	at java.base/java.lang.Thread.run(Thread.java:829)
Caused by: jetbrains.exodus.ExodusException
	at jetbrains.exodus.newLogConcept.garbageCollector.OperationLogGarbageCollector.moveAndRemoveRecordsFromLog(OperationLogGarbageCollector.java:69)
	at jetbrains.exodus.newLogConcept.garbageCollector.OperationLogGarbageCollector.clean(OperationLogGarbageCollector.java:51)
	at jetbrains.exodus.newLogConcept.MVCC.MVCCDataStructure.lambda$commitTransaction$1(MVCCDataStructure.java:297)
	at java.base/java.util.concurrent.Executors$RunnableAdapter.call(Executors.java:515)
	at java.base/java.util.concurrent.FutureTask.run(FutureTask.java:264)
	at java.base/java.util.concurrent.ThreadPoolExecutor.runWorker(ThreadPoolExecutor.java:1128)
	at java.base/java.util.concurrent.ThreadPoolExecutor$Worker.run(ThreadPoolExecutor.java:628)
	... 1 more
java.util.concurrent.ExecutionException: jetbrains.exodus.ExodusException
	at java.base/java.util.concurrent.FutureTask.report(FutureTask.java:122)
	at java.base/java.util.concurrent.FutureTask.get(FutureTask.java:191)
	at jetbrains.exodus.newLogConcept.MVCC.MVCCDataStructure.commitTransaction(MVCCDataStructure.java:299)
	at site.ycsb.db.XodusClient.insert(XodusClient.java:60)
	at site.ycsb.DBWrapper.insert(DBWrapper.java:227)
	at site.ycsb.workloads.CoreWorkload.doInsert(CoreWorkload.java:621)
	at site.ycsb.ClientThread.run(ClientThread.java:135)
	at java.base/java.lang.Thread.run(Thread.java:829)
Caused by: jetbrains.exodus.ExodusException
	at jetbrains.exodus.newLogConcept.garbageCollector.OperationLogGarbageCollector.moveAndRemoveRecordsFromLog(OperationLogGarbageCollector.java:69)
	at jetbrains.exodus.newLogConcept.garbageCollector.OperationLogGarbageCollector.clean(OperationLogGarbageCollector.java:51)
	at jetbrains.exodus.newLogConcept.MVCC.MVCCDataStructure.lambda$commitTransaction$1(MVCCDataStructure.java:297)
	at java.base/java.util.concurrent.Executors$RunnableAdapter.call(Executors.java:515)
	at java.base/java.util.concurrent.FutureTask.run(FutureTask.java:264)
	at java.base/java.util.concurrent.ThreadPoolExecutor.runWorker(ThreadPoolExecutor.java:1128)
	at java.base/java.util.concurrent.ThreadPoolExecutor$Worker.run(ThreadPoolExecutor.java:628)
	... 1 more
java.util.concurrent.ExecutionException: jetbrains.exodus.ExodusException
	at java.base/java.util.concurrent.FutureTask.report(FutureTask.java:122)
	at java.base/java.util.concurrent.FutureTask.get(FutureTask.java:191)
	at jetbrains.exodus.newLogConcept.MVCC.MVCCDataStructure.commitTransaction(MVCCDataStructure.java:299)
	at site.ycsb.db.XodusClient.insert(XodusClient.java:60)
	at site.ycsb.DBWrapper.insert(DBWrapper.java:227)
	at site.ycsb.workloads.CoreWorkload.doInsert(CoreWorkload.java:621)
	at site.ycsb.ClientThread.run(ClientThread.java:135)
	at java.base/java.lang.Thread.run(Thread.java:829)
Caused by: jetbrains.exodus.ExodusException
	at jetbrains.exodus.newLogConcept.garbageCollector.OperationLogGarbageCollector.moveAndRemoveRecordsFromLog(OperationLogGarbageCollector.java:69)
	at jetbrains.exodus.newLogConcept.garbageCollector.OperationLogGarbageCollector.clean(OperationLogGarbageCollector.java:51)
	at jetbrains.exodus.newLogConcept.MVCC.MVCCDataStructure.lambda$commitTransaction$1(MVCCDataStructure.java:297)
	at java.base/java.util.concurrent.Executors$RunnableAdapter.call(Executors.java:515)
	at java.base/java.util.concurrent.FutureTask.run(FutureTask.java:264)
	at java.base/java.util.concurrent.ThreadPoolExecutor.runWorker(ThreadPoolExecutor.java:1128)
	at java.base/java.util.concurrent.ThreadPoolExecutor$Worker.run(ThreadPoolExecutor.java:628)
	... 1 more
java.util.concurrent.ExecutionException: jetbrains.exodus.ExodusException
	at java.base/java.util.concurrent.FutureTask.report(FutureTask.java:122)
	at java.base/java.util.concurrent.FutureTask.get(FutureTask.java:191)
	at jetbrains.exodus.newLogConcept.MVCC.MVCCDataStructure.commitTransaction(MVCCDataStructure.java:299)
	at site.ycsb.db.XodusClient.insert(XodusClient.java:60)
	at site.ycsb.DBWrapper.insert(DBWrapper.java:227)
	at site.ycsb.workloads.CoreWorkload.doInsert(CoreWorkload.java:621)
	at site.ycsb.ClientThread.run(ClientThread.java:135)
	at java.base/java.lang.Thread.run(Thread.java:829)
Caused by: jetbrains.exodus.ExodusException
	at jetbrains.exodus.newLogConcept.garbageCollector.OperationLogGarbageCollector.moveAndRemoveRecordsFromLog(OperationLogGarbageCollector.java:69)
	at jetbrains.exodus.newLogConcept.garbageCollector.OperationLogGarbageCollector.clean(OperationLogGarbageCollector.java:51)
	at jetbrains.exodus.newLogConcept.MVCC.MVCCDataStructure.lambda$commitTransaction$1(MVCCDataStructure.java:297)
	at java.base/java.util.concurrent.Executors$RunnableAdapter.call(Executors.java:515)
	at java.base/java.util.concurrent.FutureTask.run(FutureTask.java:264)
	at java.base/java.util.concurrent.ThreadPoolExecutor.runWorker(ThreadPoolExecutor.java:1128)
	at java.base/java.util.concurrent.ThreadPoolExecutor$Worker.run(ThreadPoolExecutor.java:628)
	... 1 more
java.util.concurrent.ExecutionException: jetbrains.exodus.ExodusException
	at java.base/java.util.concurrent.FutureTask.report(FutureTask.java:122)
	at java.base/java.util.concurrent.FutureTask.get(FutureTask.java:191)
	at jetbrains.exodus.newLogConcept.MVCC.MVCCDataStructure.commitTransaction(MVCCDataStructure.java:299)
	at site.ycsb.db.XodusClient.insert(XodusClient.java:60)
	at site.ycsb.DBWrapper.insert(DBWrapper.java:227)
	at site.ycsb.workloads.CoreWorkload.doInsert(CoreWorkload.java:621)
	at site.ycsb.ClientThread.run(ClientThread.java:135)
	at java.base/java.lang.Thread.run(Thread.java:829)
Caused by: jetbrains.exodus.ExodusException
	at jetbrains.exodus.newLogConcept.garbageCollector.OperationLogGarbageCollector.moveAndRemoveRecordsFromLog(OperationLogGarbageCollector.java:69)
	at jetbrains.exodus.newLogConcept.garbageCollector.OperationLogGarbageCollector.clean(OperationLogGarbageCollector.java:51)
	at jetbrains.exodus.newLogConcept.MVCC.MVCCDataStructure.lambda$commitTransaction$1(MVCCDataStructure.java:297)
	at java.base/java.util.concurrent.Executors$RunnableAdapter.call(Executors.java:515)
	at java.base/java.util.concurrent.FutureTask.run(FutureTask.java:264)
	at java.base/java.util.concurrent.ThreadPoolExecutor.runWorker(ThreadPoolExecutor.java:1128)
	at java.base/java.util.concurrent.ThreadPoolExecutor$Worker.run(ThreadPoolExecutor.java:628)
	... 1 more
java.util.concurrent.ExecutionException: jetbrains.exodus.ExodusException
	at java.base/java.util.concurrent.FutureTask.report(FutureTask.java:122)
	at java.base/java.util.concurrent.FutureTask.get(FutureTask.java:191)
	at jetbrains.exodus.newLogConcept.MVCC.MVCCDataStructure.commitTransaction(MVCCDataStructure.java:299)
	at site.ycsb.db.XodusClient.insert(XodusClient.java:60)
	at site.ycsb.DBWrapper.insert(DBWrapper.java:227)
	at site.ycsb.workloads.CoreWorkload.doInsert(CoreWorkload.java:621)
	at site.ycsb.ClientThread.run(ClientThread.java:135)
	at java.base/java.lang.Thread.run(Thread.java:829)
Caused by: jetbrains.exodus.ExodusException
	at jetbrains.exodus.newLogConcept.garbageCollector.OperationLogGarbageCollector.moveAndRemoveRecordsFromLog(OperationLogGarbageCollector.java:69)
	at jetbrains.exodus.newLogConcept.garbageCollector.OperationLogGarbageCollector.clean(OperationLogGarbageCollector.java:51)
	at jetbrains.exodus.newLogConcept.MVCC.MVCCDataStructure.lambda$commitTransaction$1(MVCCDataStructure.java:297)
	at java.base/java.util.concurrent.Executors$RunnableAdapter.call(Executors.java:515)
	at java.base/java.util.concurrent.FutureTask.run(FutureTask.java:264)
	at java.base/java.util.concurrent.ThreadPoolExecutor.runWorker(ThreadPoolExecutor.java:1128)
	at java.base/java.util.concurrent.ThreadPoolExecutor$Worker.run(ThreadPoolExecutor.java:628)
	... 1 more
java.util.concurrent.ExecutionException: jetbrains.exodus.ExodusException
	at java.base/java.util.concurrent.FutureTask.report(FutureTask.java:122)
	at java.base/java.util.concurrent.FutureTask.get(FutureTask.java:191)
	at jetbrains.exodus.newLogConcept.MVCC.MVCCDataStructure.commitTransaction(MVCCDataStructure.java:299)
	at site.ycsb.db.XodusClient.insert(XodusClient.java:60)
	at site.ycsb.DBWrapper.insert(DBWrapper.java:227)
	at site.ycsb.workloads.CoreWorkload.doInsert(CoreWorkload.java:621)
	at site.ycsb.ClientThread.run(ClientThread.java:135)
	at java.base/java.lang.Thread.run(Thread.java:829)
Caused by: jetbrains.exodus.ExodusException
	at jetbrains.exodus.newLogConcept.garbageCollector.OperationLogGarbageCollector.moveAndRemoveRecordsFromLog(OperationLogGarbageCollector.java:69)
	at jetbrains.exodus.newLogConcept.garbageCollector.OperationLogGarbageCollector.clean(OperationLogGarbageCollector.java:51)
	at jetbrains.exodus.newLogConcept.MVCC.MVCCDataStructure.lambda$commitTransaction$1(MVCCDataStructure.java:297)
	at java.base/java.util.concurrent.Executors$RunnableAdapter.call(Executors.java:515)
	at java.base/java.util.concurrent.FutureTask.run(FutureTask.java:264)
	at java.base/java.util.concurrent.ThreadPoolExecutor.runWorker(ThreadPoolExecutor.java:1128)
	at java.base/java.util.concurrent.ThreadPoolExecutor$Worker.run(ThreadPoolExecutor.java:628)
	... 1 more
java.util.concurrent.ExecutionException: jetbrains.exodus.ExodusException
	at java.base/java.util.concurrent.FutureTask.report(FutureTask.java:122)
	at java.base/java.util.concurrent.FutureTask.get(FutureTask.java:191)
	at jetbrains.exodus.newLogConcept.MVCC.MVCCDataStructure.commitTransaction(MVCCDataStructure.java:299)
	at site.ycsb.db.XodusClient.insert(XodusClient.java:60)
	at site.ycsb.DBWrapper.insert(DBWrapper.java:227)
	at site.ycsb.workloads.CoreWorkload.doInsert(CoreWorkload.java:621)
	at site.ycsb.ClientThread.run(ClientThread.java:135)
	at java.base/java.lang.Thread.run(Thread.java:829)
Caused by: jetbrains.exodus.ExodusException
	at jetbrains.exodus.newLogConcept.garbageCollector.OperationLogGarbageCollector.moveAndRemoveRecordsFromLog(OperationLogGarbageCollector.java:69)
	at jetbrains.exodus.newLogConcept.garbageCollector.OperationLogGarbageCollector.clean(OperationLogGarbageCollector.java:51)
	at jetbrains.exodus.newLogConcept.MVCC.MVCCDataStructure.lambda$commitTransaction$1(MVCCDataStructure.java:297)
	at java.base/java.util.concurrent.Executors$RunnableAdapter.call(Executors.java:515)
	at java.base/java.util.concurrent.FutureTask.run(FutureTask.java:264)
	at java.base/java.util.concurrent.ThreadPoolExecutor.runWorker(ThreadPoolExecutor.java:1128)
	at java.base/java.util.concurrent.ThreadPoolExecutor$Worker.run(ThreadPoolExecutor.java:628)
	... 1 more
java.util.concurrent.ExecutionException: jetbrains.exodus.ExodusException
	at java.base/java.util.concurrent.FutureTask.report(FutureTask.java:122)
	at java.base/java.util.concurrent.FutureTask.get(FutureTask.java:191)
	at jetbrains.exodus.newLogConcept.MVCC.MVCCDataStructure.commitTransaction(MVCCDataStructure.java:299)
	at site.ycsb.db.XodusClient.insert(XodusClient.java:60)
	at site.ycsb.DBWrapper.insert(DBWrapper.java:227)
	at site.ycsb.workloads.CoreWorkload.doInsert(CoreWorkload.java:621)
	at site.ycsb.ClientThread.run(ClientThread.java:135)
	at java.base/java.lang.Thread.run(Thread.java:829)
Caused by: jetbrains.exodus.ExodusException
	at jetbrains.exodus.newLogConcept.garbageCollector.OperationLogGarbageCollector.moveAndRemoveRecordsFromLog(OperationLogGarbageCollector.java:69)
	at jetbrains.exodus.newLogConcept.garbageCollector.OperationLogGarbageCollector.clean(OperationLogGarbageCollector.java:51)
	at jetbrains.exodus.newLogConcept.MVCC.MVCCDataStructure.lambda$commitTransaction$1(MVCCDataStructure.java:297)
	at java.base/java.util.concurrent.Executors$RunnableAdapter.call(Executors.java:515)
	at java.base/java.util.concurrent.FutureTask.run(FutureTask.java:264)
	at java.base/java.util.concurrent.ThreadPoolExecutor.runWorker(ThreadPoolExecutor.java:1128)
	at java.base/java.util.concurrent.ThreadPoolExecutor$Worker.run(ThreadPoolExecutor.java:628)
	... 1 more
java.util.concurrent.ExecutionException: jetbrains.exodus.ExodusException
	at java.base/java.util.concurrent.FutureTask.report(FutureTask.java:122)
	at java.base/java.util.concurrent.FutureTask.get(FutureTask.java:191)
	at jetbrains.exodus.newLogConcept.MVCC.MVCCDataStructure.commitTransaction(MVCCDataStructure.java:299)
	at site.ycsb.db.XodusClient.insert(XodusClient.java:60)
	at site.ycsb.DBWrapper.insert(DBWrapper.java:227)
	at site.ycsb.workloads.CoreWorkload.doInsert(CoreWorkload.java:621)
	at site.ycsb.ClientThread.run(ClientThread.java:135)
	at java.base/java.lang.Thread.run(Thread.java:829)
Caused by: jetbrains.exodus.ExodusException
	at jetbrains.exodus.newLogConcept.garbageCollector.OperationLogGarbageCollector.moveAndRemoveRecordsFromLog(OperationLogGarbageCollector.java:69)
	at jetbrains.exodus.newLogConcept.garbageCollector.OperationLogGarbageCollector.clean(OperationLogGarbageCollector.java:51)
	at jetbrains.exodus.newLogConcept.MVCC.MVCCDataStructure.lambda$commitTransaction$1(MVCCDataStructure.java:297)
	at java.base/java.util.concurrent.Executors$RunnableAdapter.call(Executors.java:515)
	at java.base/java.util.concurrent.FutureTask.run(FutureTask.java:264)
	at java.base/java.util.concurrent.ThreadPoolExecutor.runWorker(ThreadPoolExecutor.java:1128)
	at java.base/java.util.concurrent.ThreadPoolExecutor$Worker.run(ThreadPoolExecutor.java:628)
	... 1 more
java.util.concurrent.ExecutionException: jetbrains.exodus.ExodusException
	at java.base/java.util.concurrent.FutureTask.report(FutureTask.java:122)
	at java.base/java.util.concurrent.FutureTask.get(FutureTask.java:191)
	at jetbrains.exodus.newLogConcept.MVCC.MVCCDataStructure.commitTransaction(MVCCDataStructure.java:299)
	at site.ycsb.db.XodusClient.insert(XodusClient.java:60)
	at site.ycsb.DBWrapper.insert(DBWrapper.java:227)
	at site.ycsb.workloads.CoreWorkload.doInsert(CoreWorkload.java:621)
	at site.ycsb.ClientThread.run(ClientThread.java:135)
	at java.base/java.lang.Thread.run(Thread.java:829)
Caused by: jetbrains.exodus.ExodusException
	at jetbrains.exodus.newLogConcept.garbageCollector.OperationLogGarbageCollector.moveAndRemoveRecordsFromLog(OperationLogGarbageCollector.java:69)
	at jetbrains.exodus.newLogConcept.garbageCollector.OperationLogGarbageCollector.clean(OperationLogGarbageCollector.java:51)
	at jetbrains.exodus.newLogConcept.MVCC.MVCCDataStructure.lambda$commitTransaction$1(MVCCDataStructure.java:297)
	at java.base/java.util.concurrent.Executors$RunnableAdapter.call(Executors.java:515)
	at java.base/java.util.concurrent.FutureTask.run(FutureTask.java:264)
	at java.base/java.util.concurrent.ThreadPoolExecutor.runWorker(ThreadPoolExecutor.java:1128)
	at java.base/java.util.concurrent.ThreadPoolExecutor$Worker.run(ThreadPoolExecutor.java:628)
	... 1 more
java.util.concurrent.ExecutionException: jetbrains.exodus.ExodusException
	at java.base/java.util.concurrent.FutureTask.report(FutureTask.java:122)
	at java.base/java.util.concurrent.FutureTask.get(FutureTask.java:191)
	at jetbrains.exodus.newLogConcept.MVCC.MVCCDataStructure.commitTransaction(MVCCDataStructure.java:299)
	at site.ycsb.db.XodusClient.insert(XodusClient.java:60)
	at site.ycsb.DBWrapper.insert(DBWrapper.java:227)
	at site.ycsb.workloads.CoreWorkload.doInsert(CoreWorkload.java:621)
	at site.ycsb.ClientThread.run(ClientThread.java:135)
	at java.base/java.lang.Thread.run(Thread.java:829)
Caused by: jetbrains.exodus.ExodusException
	at jetbrains.exodus.newLogConcept.garbageCollector.OperationLogGarbageCollector.moveAndRemoveRecordsFromLog(OperationLogGarbageCollector.java:69)
	at jetbrains.exodus.newLogConcept.garbageCollector.OperationLogGarbageCollector.clean(OperationLogGarbageCollector.java:51)
	at jetbrains.exodus.newLogConcept.MVCC.MVCCDataStructure.lambda$commitTransaction$1(MVCCDataStructure.java:297)
	at java.base/java.util.concurrent.Executors$RunnableAdapter.call(Executors.java:515)
	at java.base/java.util.concurrent.FutureTask.run(FutureTask.java:264)
	at java.base/java.util.concurrent.ThreadPoolExecutor.runWorker(ThreadPoolExecutor.java:1128)
	at java.base/java.util.concurrent.ThreadPoolExecutor$Worker.run(ThreadPoolExecutor.java:628)
	... 1 more
java.util.concurrent.ExecutionException: jetbrains.exodus.ExodusException
	at java.base/java.util.concurrent.FutureTask.report(FutureTask.java:122)
	at java.base/java.util.concurrent.FutureTask.get(FutureTask.java:191)
	at jetbrains.exodus.newLogConcept.MVCC.MVCCDataStructure.commitTransaction(MVCCDataStructure.java:299)
	at site.ycsb.db.XodusClient.insert(XodusClient.java:60)
	at site.ycsb.DBWrapper.insert(DBWrapper.java:227)
	at site.ycsb.workloads.CoreWorkload.doInsert(CoreWorkload.java:621)
	at site.ycsb.ClientThread.run(ClientThread.java:135)
	at java.base/java.lang.Thread.run(Thread.java:829)
Caused by: jetbrains.exodus.ExodusException
	at jetbrains.exodus.newLogConcept.garbageCollector.OperationLogGarbageCollector.moveAndRemoveRecordsFromLog(OperationLogGarbageCollector.java:69)
	at jetbrains.exodus.newLogConcept.garbageCollector.OperationLogGarbageCollector.clean(OperationLogGarbageCollector.java:51)
	at jetbrains.exodus.newLogConcept.MVCC.MVCCDataStructure.lambda$commitTransaction$1(MVCCDataStructure.java:297)
	at java.base/java.util.concurrent.Executors$RunnableAdapter.call(Executors.java:515)
	at java.base/java.util.concurrent.FutureTask.run(FutureTask.java:264)
	at java.base/java.util.concurrent.ThreadPoolExecutor.runWorker(ThreadPoolExecutor.java:1128)
	at java.base/java.util.concurrent.ThreadPoolExecutor$Worker.run(ThreadPoolExecutor.java:628)
	... 1 more
java.util.concurrent.ExecutionException: jetbrains.exodus.ExodusException
	at java.base/java.util.concurrent.FutureTask.report(FutureTask.java:122)
	at java.base/java.util.concurrent.FutureTask.get(FutureTask.java:191)
	at jetbrains.exodus.newLogConcept.MVCC.MVCCDataStructure.commitTransaction(MVCCDataStructure.java:299)
	at site.ycsb.db.XodusClient.insert(XodusClient.java:60)
	at site.ycsb.DBWrapper.insert(DBWrapper.java:227)
	at site.ycsb.workloads.CoreWorkload.doInsert(CoreWorkload.java:621)
	at site.ycsb.ClientThread.run(ClientThread.java:135)
	at java.base/java.lang.Thread.run(Thread.java:829)
Caused by: jetbrains.exodus.ExodusException
	at jetbrains.exodus.newLogConcept.garbageCollector.OperationLogGarbageCollector.moveAndRemoveRecordsFromLog(OperationLogGarbageCollector.java:69)
	at jetbrains.exodus.newLogConcept.garbageCollector.OperationLogGarbageCollector.clean(OperationLogGarbageCollector.java:51)
	at jetbrains.exodus.newLogConcept.MVCC.MVCCDataStructure.lambda$commitTransaction$1(MVCCDataStructure.java:297)
	at java.base/java.util.concurrent.Executors$RunnableAdapter.call(Executors.java:515)
	at java.base/java.util.concurrent.FutureTask.run(FutureTask.java:264)
	at java.base/java.util.concurrent.ThreadPoolExecutor.runWorker(ThreadPoolExecutor.java:1128)
	at java.base/java.util.concurrent.ThreadPoolExecutor$Worker.run(ThreadPoolExecutor.java:628)
	... 1 more
java.util.concurrent.ExecutionException: jetbrains.exodus.ExodusException
	at java.base/java.util.concurrent.FutureTask.report(FutureTask.java:122)
	at java.base/java.util.concurrent.FutureTask.get(FutureTask.java:191)
	at jetbrains.exodus.newLogConcept.MVCC.MVCCDataStructure.commitTransaction(MVCCDataStructure.java:299)
	at site.ycsb.db.XodusClient.insert(XodusClient.java:60)
	at site.ycsb.DBWrapper.insert(DBWrapper.java:227)
	at site.ycsb.workloads.CoreWorkload.doInsert(CoreWorkload.java:621)
	at site.ycsb.ClientThread.run(ClientThread.java:135)
	at java.base/java.lang.Thread.run(Thread.java:829)
Caused by: jetbrains.exodus.ExodusException
	at jetbrains.exodus.newLogConcept.garbageCollector.OperationLogGarbageCollector.moveAndRemoveRecordsFromLog(OperationLogGarbageCollector.java:69)
	at jetbrains.exodus.newLogConcept.garbageCollector.OperationLogGarbageCollector.clean(OperationLogGarbageCollector.java:51)
	at jetbrains.exodus.newLogConcept.MVCC.MVCCDataStructure.lambda$commitTransaction$1(MVCCDataStructure.java:297)
	at java.base/java.util.concurrent.Executors$RunnableAdapter.call(Executors.java:515)
	at java.base/java.util.concurrent.FutureTask.run(FutureTask.java:264)
	at java.base/java.util.concurrent.ThreadPoolExecutor.runWorker(ThreadPoolExecutor.java:1128)
	at java.base/java.util.concurrent.ThreadPoolExecutor$Worker.run(ThreadPoolExecutor.java:628)
	... 1 more
java.util.concurrent.ExecutionException: jetbrains.exodus.ExodusException
	at java.base/java.util.concurrent.FutureTask.report(FutureTask.java:122)
	at java.base/java.util.concurrent.FutureTask.get(FutureTask.java:191)
	at jetbrains.exodus.newLogConcept.MVCC.MVCCDataStructure.commitTransaction(MVCCDataStructure.java:299)
	at site.ycsb.db.XodusClient.insert(XodusClient.java:60)
	at site.ycsb.DBWrapper.insert(DBWrapper.java:227)
	at site.ycsb.workloads.CoreWorkload.doInsert(CoreWorkload.java:621)
	at site.ycsb.ClientThread.run(ClientThread.java:135)
	at java.base/java.lang.Thread.run(Thread.java:829)
Caused by: jetbrains.exodus.ExodusException
	at jetbrains.exodus.newLogConcept.garbageCollector.OperationLogGarbageCollector.moveAndRemoveRecordsFromLog(OperationLogGarbageCollector.java:69)
	at jetbrains.exodus.newLogConcept.garbageCollector.OperationLogGarbageCollector.clean(OperationLogGarbageCollector.java:51)
	at jetbrains.exodus.newLogConcept.MVCC.MVCCDataStructure.lambda$commitTransaction$1(MVCCDataStructure.java:297)
	at java.base/java.util.concurrent.Executors$RunnableAdapter.call(Executors.java:515)
	at java.base/java.util.concurrent.FutureTask.run(FutureTask.java:264)
	at java.base/java.util.concurrent.ThreadPoolExecutor.runWorker(ThreadPoolExecutor.java:1128)
	at java.base/java.util.concurrent.ThreadPoolExecutor$Worker.run(ThreadPoolExecutor.java:628)
	... 1 more
java.util.concurrent.ExecutionException: jetbrains.exodus.ExodusException
	at java.base/java.util.concurrent.FutureTask.report(FutureTask.java:122)
	at java.base/java.util.concurrent.FutureTask.get(FutureTask.java:191)
	at jetbrains.exodus.newLogConcept.MVCC.MVCCDataStructure.commitTransaction(MVCCDataStructure.java:299)
	at site.ycsb.db.XodusClient.insert(XodusClient.java:60)
	at site.ycsb.DBWrapper.insert(DBWrapper.java:227)
	at site.ycsb.workloads.CoreWorkload.doInsert(CoreWorkload.java:621)
	at site.ycsb.ClientThread.run(ClientThread.java:135)
	at java.base/java.lang.Thread.run(Thread.java:829)
Caused by: jetbrains.exodus.ExodusException
	at jetbrains.exodus.newLogConcept.garbageCollector.OperationLogGarbageCollector.moveAndRemoveRecordsFromLog(OperationLogGarbageCollector.java:69)
	at jetbrains.exodus.newLogConcept.garbageCollector.OperationLogGarbageCollector.clean(OperationLogGarbageCollector.java:51)
	at jetbrains.exodus.newLogConcept.MVCC.MVCCDataStructure.lambda$commitTransaction$1(MVCCDataStructure.java:297)
	at java.base/java.util.concurrent.Executors$RunnableAdapter.call(Executors.java:515)
	at java.base/java.util.concurrent.FutureTask.run(FutureTask.java:264)
	at java.base/java.util.concurrent.ThreadPoolExecutor.runWorker(ThreadPoolExecutor.java:1128)
	at java.base/java.util.concurrent.ThreadPoolExecutor$Worker.run(ThreadPoolExecutor.java:628)
	... 1 more
java.util.concurrent.ExecutionException: jetbrains.exodus.ExodusException
	at java.base/java.util.concurrent.FutureTask.report(FutureTask.java:122)
	at java.base/java.util.concurrent.FutureTask.get(FutureTask.java:191)
	at jetbrains.exodus.newLogConcept.MVCC.MVCCDataStructure.commitTransaction(MVCCDataStructure.java:299)
	at site.ycsb.db.XodusClient.insert(XodusClient.java:60)
	at site.ycsb.DBWrapper.insert(DBWrapper.java:227)
	at site.ycsb.workloads.CoreWorkload.doInsert(CoreWorkload.java:621)
	at site.ycsb.ClientThread.run(ClientThread.java:135)
	at java.base/java.lang.Thread.run(Thread.java:829)
Caused by: jetbrains.exodus.ExodusException
	at jetbrains.exodus.newLogConcept.garbageCollector.OperationLogGarbageCollector.moveAndRemoveRecordsFromLog(OperationLogGarbageCollector.java:69)
	at jetbrains.exodus.newLogConcept.garbageCollector.OperationLogGarbageCollector.clean(OperationLogGarbageCollector.java:51)
	at jetbrains.exodus.newLogConcept.MVCC.MVCCDataStructure.lambda$commitTransaction$1(MVCCDataStructure.java:297)
	at java.base/java.util.concurrent.Executors$RunnableAdapter.call(Executors.java:515)
	at java.base/java.util.concurrent.FutureTask.run(FutureTask.java:264)
	at java.base/java.util.concurrent.ThreadPoolExecutor.runWorker(ThreadPoolExecutor.java:1128)
	at java.base/java.util.concurrent.ThreadPoolExecutor$Worker.run(ThreadPoolExecutor.java:628)
	... 1 more
java.util.concurrent.ExecutionException: jetbrains.exodus.ExodusException
	at java.base/java.util.concurrent.FutureTask.report(FutureTask.java:122)
	at java.base/java.util.concurrent.FutureTask.get(FutureTask.java:191)
	at jetbrains.exodus.newLogConcept.MVCC.MVCCDataStructure.commitTransaction(MVCCDataStructure.java:299)
	at site.ycsb.db.XodusClient.insert(XodusClient.java:60)
	at site.ycsb.DBWrapper.insert(DBWrapper.java:227)
	at site.ycsb.workloads.CoreWorkload.doInsert(CoreWorkload.java:621)
	at site.ycsb.ClientThread.run(ClientThread.java:135)
	at java.base/java.lang.Thread.run(Thread.java:829)
Caused by: jetbrains.exodus.ExodusException
	at jetbrains.exodus.newLogConcept.garbageCollector.OperationLogGarbageCollector.moveAndRemoveRecordsFromLog(OperationLogGarbageCollector.java:69)
	at jetbrains.exodus.newLogConcept.garbageCollector.OperationLogGarbageCollector.clean(OperationLogGarbageCollector.java:51)
	at jetbrains.exodus.newLogConcept.MVCC.MVCCDataStructure.lambda$commitTransaction$1(MVCCDataStructure.java:297)
	at java.base/java.util.concurrent.Executors$RunnableAdapter.call(Executors.java:515)
	at java.base/java.util.concurrent.FutureTask.run(FutureTask.java:264)
	at java.base/java.util.concurrent.ThreadPoolExecutor.runWorker(ThreadPoolExecutor.java:1128)
	at java.base/java.util.concurrent.ThreadPoolExecutor$Worker.run(ThreadPoolExecutor.java:628)
	... 1 more
java.util.concurrent.ExecutionException: jetbrains.exodus.ExodusException
	at java.base/java.util.concurrent.FutureTask.report(FutureTask.java:122)
	at java.base/java.util.concurrent.FutureTask.get(FutureTask.java:191)
	at jetbrains.exodus.newLogConcept.MVCC.MVCCDataStructure.commitTransaction(MVCCDataStructure.java:299)
	at site.ycsb.db.XodusClient.insert(XodusClient.java:60)
	at site.ycsb.DBWrapper.insert(DBWrapper.java:227)
	at site.ycsb.workloads.CoreWorkload.doInsert(CoreWorkload.java:621)
	at site.ycsb.ClientThread.run(ClientThread.java:135)
	at java.base/java.lang.Thread.run(Thread.java:829)
Caused by: jetbrains.exodus.ExodusException
	at jetbrains.exodus.newLogConcept.garbageCollector.OperationLogGarbageCollector.moveAndRemoveRecordsFromLog(OperationLogGarbageCollector.java:69)
	at jetbrains.exodus.newLogConcept.garbageCollector.OperationLogGarbageCollector.clean(OperationLogGarbageCollector.java:51)
	at jetbrains.exodus.newLogConcept.MVCC.MVCCDataStructure.lambda$commitTransaction$1(MVCCDataStructure.java:297)
	at java.base/java.util.concurrent.Executors$RunnableAdapter.call(Executors.java:515)
	at java.base/java.util.concurrent.FutureTask.run(FutureTask.java:264)
	at java.base/java.util.concurrent.ThreadPoolExecutor.runWorker(ThreadPoolExecutor.java:1128)
	at java.base/java.util.concurrent.ThreadPoolExecutor$Worker.run(ThreadPoolExecutor.java:628)
	... 1 more
java.util.concurrent.ExecutionException: jetbrains.exodus.ExodusException
	at java.base/java.util.concurrent.FutureTask.report(FutureTask.java:122)
	at java.base/java.util.concurrent.FutureTask.get(FutureTask.java:191)
	at jetbrains.exodus.newLogConcept.MVCC.MVCCDataStructure.commitTransaction(MVCCDataStructure.java:299)
	at site.ycsb.db.XodusClient.insert(XodusClient.java:60)
	at site.ycsb.DBWrapper.insert(DBWrapper.java:227)
	at site.ycsb.workloads.CoreWorkload.doInsert(CoreWorkload.java:621)
	at site.ycsb.ClientThread.run(ClientThread.java:135)
	at java.base/java.lang.Thread.run(Thread.java:829)
Caused by: jetbrains.exodus.ExodusException
	at jetbrains.exodus.newLogConcept.garbageCollector.OperationLogGarbageCollector.moveAndRemoveRecordsFromLog(OperationLogGarbageCollector.java:69)
	at jetbrains.exodus.newLogConcept.garbageCollector.OperationLogGarbageCollector.clean(OperationLogGarbageCollector.java:51)
	at jetbrains.exodus.newLogConcept.MVCC.MVCCDataStructure.lambda$commitTransaction$1(MVCCDataStructure.java:297)
	at java.base/java.util.concurrent.Executors$RunnableAdapter.call(Executors.java:515)
	at java.base/java.util.concurrent.FutureTask.run(FutureTask.java:264)
	at java.base/java.util.concurrent.ThreadPoolExecutor.runWorker(ThreadPoolExecutor.java:1128)
	at java.base/java.util.concurrent.ThreadPoolExecutor$Worker.run(ThreadPoolExecutor.java:628)
	... 1 more
java.util.concurrent.ExecutionException: jetbrains.exodus.ExodusException
	at java.base/java.util.concurrent.FutureTask.report(FutureTask.java:122)
	at java.base/java.util.concurrent.FutureTask.get(FutureTask.java:191)
	at jetbrains.exodus.newLogConcept.MVCC.MVCCDataStructure.commitTransaction(MVCCDataStructure.java:299)
	at site.ycsb.db.XodusClient.insert(XodusClient.java:60)
	at site.ycsb.DBWrapper.insert(DBWrapper.java:227)
	at site.ycsb.workloads.CoreWorkload.doInsert(CoreWorkload.java:621)
	at site.ycsb.ClientThread.run(ClientThread.java:135)
	at java.base/java.lang.Thread.run(Thread.java:829)
Caused by: jetbrains.exodus.ExodusException
	at jetbrains.exodus.newLogConcept.garbageCollector.OperationLogGarbageCollector.moveAndRemoveRecordsFromLog(OperationLogGarbageCollector.java:69)
	at jetbrains.exodus.newLogConcept.garbageCollector.OperationLogGarbageCollector.clean(OperationLogGarbageCollector.java:51)
	at jetbrains.exodus.newLogConcept.MVCC.MVCCDataStructure.lambda$commitTransaction$1(MVCCDataStructure.java:297)
	at java.base/java.util.concurrent.Executors$RunnableAdapter.call(Executors.java:515)
	at java.base/java.util.concurrent.FutureTask.run(FutureTask.java:264)
	at java.base/java.util.concurrent.ThreadPoolExecutor.runWorker(ThreadPoolExecutor.java:1128)
	at java.base/java.util.concurrent.ThreadPoolExecutor$Worker.run(ThreadPoolExecutor.java:628)
	... 1 more
java.util.concurrent.ExecutionException: jetbrains.exodus.ExodusException
	at java.base/java.util.concurrent.FutureTask.report(FutureTask.java:122)
	at java.base/java.util.concurrent.FutureTask.get(FutureTask.java:191)
	at jetbrains.exodus.newLogConcept.MVCC.MVCCDataStructure.commitTransaction(MVCCDataStructure.java:299)
	at site.ycsb.db.XodusClient.insert(XodusClient.java:60)
	at site.ycsb.DBWrapper.insert(DBWrapper.java:227)
	at site.ycsb.workloads.CoreWorkload.doInsert(CoreWorkload.java:621)
	at site.ycsb.ClientThread.run(ClientThread.java:135)
	at java.base/java.lang.Thread.run(Thread.java:829)
Caused by: jetbrains.exodus.ExodusException
	at jetbrains.exodus.newLogConcept.garbageCollector.OperationLogGarbageCollector.moveAndRemoveRecordsFromLog(OperationLogGarbageCollector.java:69)
	at jetbrains.exodus.newLogConcept.garbageCollector.OperationLogGarbageCollector.clean(OperationLogGarbageCollector.java:51)
	at jetbrains.exodus.newLogConcept.MVCC.MVCCDataStructure.lambda$commitTransaction$1(MVCCDataStructure.java:297)
	at java.base/java.util.concurrent.Executors$RunnableAdapter.call(Executors.java:515)
	at java.base/java.util.concurrent.FutureTask.run(FutureTask.java:264)
	at java.base/java.util.concurrent.ThreadPoolExecutor.runWorker(ThreadPoolExecutor.java:1128)
	at java.base/java.util.concurrent.ThreadPoolExecutor$Worker.run(ThreadPoolExecutor.java:628)
	... 1 more
java.util.concurrent.ExecutionException: jetbrains.exodus.ExodusException
	at java.base/java.util.concurrent.FutureTask.report(FutureTask.java:122)
	at java.base/java.util.concurrent.FutureTask.get(FutureTask.java:191)
	at jetbrains.exodus.newLogConcept.MVCC.MVCCDataStructure.commitTransaction(MVCCDataStructure.java:299)
	at site.ycsb.db.XodusClient.insert(XodusClient.java:60)
	at site.ycsb.DBWrapper.insert(DBWrapper.java:227)
	at site.ycsb.workloads.CoreWorkload.doInsert(CoreWorkload.java:621)
	at site.ycsb.ClientThread.run(ClientThread.java:135)
	at java.base/java.lang.Thread.run(Thread.java:829)
Caused by: jetbrains.exodus.ExodusException
	at jetbrains.exodus.newLogConcept.garbageCollector.OperationLogGarbageCollector.moveAndRemoveRecordsFromLog(OperationLogGarbageCollector.java:69)
	at jetbrains.exodus.newLogConcept.garbageCollector.OperationLogGarbageCollector.clean(OperationLogGarbageCollector.java:51)
	at jetbrains.exodus.newLogConcept.MVCC.MVCCDataStructure.lambda$commitTransaction$1(MVCCDataStructure.java:297)
	at java.base/java.util.concurrent.Executors$RunnableAdapter.call(Executors.java:515)
	at java.base/java.util.concurrent.FutureTask.run(FutureTask.java:264)
	at java.base/java.util.concurrent.ThreadPoolExecutor.runWorker(ThreadPoolExecutor.java:1128)
	at java.base/java.util.concurrent.ThreadPoolExecutor$Worker.run(ThreadPoolExecutor.java:628)
	... 1 more
java.util.concurrent.ExecutionException: jetbrains.exodus.ExodusException
	at java.base/java.util.concurrent.FutureTask.report(FutureTask.java:122)
	at java.base/java.util.concurrent.FutureTask.get(FutureTask.java:191)
	at jetbrains.exodus.newLogConcept.MVCC.MVCCDataStructure.commitTransaction(MVCCDataStructure.java:299)
	at site.ycsb.db.XodusClient.insert(XodusClient.java:60)
	at site.ycsb.DBWrapper.insert(DBWrapper.java:227)
	at site.ycsb.workloads.CoreWorkload.doInsert(CoreWorkload.java:621)
	at site.ycsb.ClientThread.run(ClientThread.java:135)
	at java.base/java.lang.Thread.run(Thread.java:829)
Caused by: jetbrains.exodus.ExodusException
	at jetbrains.exodus.newLogConcept.garbageCollector.OperationLogGarbageCollector.moveAndRemoveRecordsFromLog(OperationLogGarbageCollector.java:69)
	at jetbrains.exodus.newLogConcept.garbageCollector.OperationLogGarbageCollector.clean(OperationLogGarbageCollector.java:51)
	at jetbrains.exodus.newLogConcept.MVCC.MVCCDataStructure.lambda$commitTransaction$1(MVCCDataStructure.java:297)
	at java.base/java.util.concurrent.Executors$RunnableAdapter.call(Executors.java:515)
	at java.base/java.util.concurrent.FutureTask.run(FutureTask.java:264)
	at java.base/java.util.concurrent.ThreadPoolExecutor.runWorker(ThreadPoolExecutor.java:1128)
	at java.base/java.util.concurrent.ThreadPoolExecutor$Worker.run(ThreadPoolExecutor.java:628)
	... 1 more
java.util.concurrent.ExecutionException: jetbrains.exodus.ExodusException
	at java.base/java.util.concurrent.FutureTask.report(FutureTask.java:122)
	at java.base/java.util.concurrent.FutureTask.get(FutureTask.java:191)
	at jetbrains.exodus.newLogConcept.MVCC.MVCCDataStructure.commitTransaction(MVCCDataStructure.java:299)
	at site.ycsb.db.XodusClient.insert(XodusClient.java:60)
	at site.ycsb.DBWrapper.insert(DBWrapper.java:227)
	at site.ycsb.workloads.CoreWorkload.doInsert(CoreWorkload.java:621)
	at site.ycsb.ClientThread.run(ClientThread.java:135)
	at java.base/java.lang.Thread.run(Thread.java:829)
Caused by: jetbrains.exodus.ExodusException
	at jetbrains.exodus.newLogConcept.garbageCollector.OperationLogGarbageCollector.moveAndRemoveRecordsFromLog(OperationLogGarbageCollector.java:69)
	at jetbrains.exodus.newLogConcept.garbageCollector.OperationLogGarbageCollector.clean(OperationLogGarbageCollector.java:51)
	at jetbrains.exodus.newLogConcept.MVCC.MVCCDataStructure.lambda$commitTransaction$1(MVCCDataStructure.java:297)
	at java.base/java.util.concurrent.Executors$RunnableAdapter.call(Executors.java:515)
	at java.base/java.util.concurrent.FutureTask.run(FutureTask.java:264)
	at java.base/java.util.concurrent.ThreadPoolExecutor.runWorker(ThreadPoolExecutor.java:1128)
	at java.base/java.util.concurrent.ThreadPoolExecutor$Worker.run(ThreadPoolExecutor.java:628)
	... 1 more
java.util.concurrent.ExecutionException: jetbrains.exodus.ExodusException
	at java.base/java.util.concurrent.FutureTask.report(FutureTask.java:122)
	at java.base/java.util.concurrent.FutureTask.get(FutureTask.java:191)
	at jetbrains.exodus.newLogConcept.MVCC.MVCCDataStructure.commitTransaction(MVCCDataStructure.java:299)
	at site.ycsb.db.XodusClient.insert(XodusClient.java:60)
	at site.ycsb.DBWrapper.insert(DBWrapper.java:227)
	at site.ycsb.workloads.CoreWorkload.doInsert(CoreWorkload.java:621)
	at site.ycsb.ClientThread.run(ClientThread.java:135)
	at java.base/java.lang.Thread.run(Thread.java:829)
Caused by: jetbrains.exodus.ExodusException
	at jetbrains.exodus.newLogConcept.garbageCollector.OperationLogGarbageCollector.moveAndRemoveRecordsFromLog(OperationLogGarbageCollector.java:69)
	at jetbrains.exodus.newLogConcept.garbageCollector.OperationLogGarbageCollector.clean(OperationLogGarbageCollector.java:51)
	at jetbrains.exodus.newLogConcept.MVCC.MVCCDataStructure.lambda$commitTransaction$1(MVCCDataStructure.java:297)
	at java.base/java.util.concurrent.Executors$RunnableAdapter.call(Executors.java:515)
	at java.base/java.util.concurrent.FutureTask.run(FutureTask.java:264)
	at java.base/java.util.concurrent.ThreadPoolExecutor.runWorker(ThreadPoolExecutor.java:1128)
	at java.base/java.util.concurrent.ThreadPoolExecutor$Worker.run(ThreadPoolExecutor.java:628)
	... 1 more
java.util.concurrent.ExecutionException: jetbrains.exodus.ExodusException
	at java.base/java.util.concurrent.FutureTask.report(FutureTask.java:122)
	at java.base/java.util.concurrent.FutureTask.get(FutureTask.java:191)
	at jetbrains.exodus.newLogConcept.MVCC.MVCCDataStructure.commitTransaction(MVCCDataStructure.java:299)
	at site.ycsb.db.XodusClient.insert(XodusClient.java:60)
	at site.ycsb.DBWrapper.insert(DBWrapper.java:227)
	at site.ycsb.workloads.CoreWorkload.doInsert(CoreWorkload.java:621)
	at site.ycsb.ClientThread.run(ClientThread.java:135)
	at java.base/java.lang.Thread.run(Thread.java:829)
Caused by: jetbrains.exodus.ExodusException
	at jetbrains.exodus.newLogConcept.garbageCollector.OperationLogGarbageCollector.moveAndRemoveRecordsFromLog(OperationLogGarbageCollector.java:69)
	at jetbrains.exodus.newLogConcept.garbageCollector.OperationLogGarbageCollector.clean(OperationLogGarbageCollector.java:51)
	at jetbrains.exodus.newLogConcept.MVCC.MVCCDataStructure.lambda$commitTransaction$1(MVCCDataStructure.java:297)
	at java.base/java.util.concurrent.Executors$RunnableAdapter.call(Executors.java:515)
	at java.base/java.util.concurrent.FutureTask.run(FutureTask.java:264)
	at java.base/java.util.concurrent.ThreadPoolExecutor.runWorker(ThreadPoolExecutor.java:1128)
	at java.base/java.util.concurrent.ThreadPoolExecutor$Worker.run(ThreadPoolExecutor.java:628)
	... 1 more
java.util.concurrent.ExecutionException: jetbrains.exodus.ExodusException
	at java.base/java.util.concurrent.FutureTask.report(FutureTask.java:122)
	at java.base/java.util.concurrent.FutureTask.get(FutureTask.java:191)
	at jetbrains.exodus.newLogConcept.MVCC.MVCCDataStructure.commitTransaction(MVCCDataStructure.java:299)
	at site.ycsb.db.XodusClient.insert(XodusClient.java:60)
	at site.ycsb.DBWrapper.insert(DBWrapper.java:227)
	at site.ycsb.workloads.CoreWorkload.doInsert(CoreWorkload.java:621)
	at site.ycsb.ClientThread.run(ClientThread.java:135)
	at java.base/java.lang.Thread.run(Thread.java:829)
Caused by: jetbrains.exodus.ExodusException
	at jetbrains.exodus.newLogConcept.garbageCollector.OperationLogGarbageCollector.moveAndRemoveRecordsFromLog(OperationLogGarbageCollector.java:69)
	at jetbrains.exodus.newLogConcept.garbageCollector.OperationLogGarbageCollector.clean(OperationLogGarbageCollector.java:51)
	at jetbrains.exodus.newLogConcept.MVCC.MVCCDataStructure.lambda$commitTransaction$1(MVCCDataStructure.java:297)
	at java.base/java.util.concurrent.Executors$RunnableAdapter.call(Executors.java:515)
	at java.base/java.util.concurrent.FutureTask.run(FutureTask.java:264)
	at java.base/java.util.concurrent.ThreadPoolExecutor.runWorker(ThreadPoolExecutor.java:1128)
	at java.base/java.util.concurrent.ThreadPoolExecutor$Worker.run(ThreadPoolExecutor.java:628)
	... 1 more
java.util.concurrent.ExecutionException: jetbrains.exodus.ExodusException
	at java.base/java.util.concurrent.FutureTask.report(FutureTask.java:122)
	at java.base/java.util.concurrent.FutureTask.get(FutureTask.java:191)
	at jetbrains.exodus.newLogConcept.MVCC.MVCCDataStructure.commitTransaction(MVCCDataStructure.java:299)
	at site.ycsb.db.XodusClient.insert(XodusClient.java:60)
	at site.ycsb.DBWrapper.insert(DBWrapper.java:227)
	at site.ycsb.workloads.CoreWorkload.doInsert(CoreWorkload.java:621)
	at site.ycsb.ClientThread.run(ClientThread.java:135)
	at java.base/java.lang.Thread.run(Thread.java:829)
Caused by: jetbrains.exodus.ExodusException
	at jetbrains.exodus.newLogConcept.garbageCollector.OperationLogGarbageCollector.moveAndRemoveRecordsFromLog(OperationLogGarbageCollector.java:69)
	at jetbrains.exodus.newLogConcept.garbageCollector.OperationLogGarbageCollector.clean(OperationLogGarbageCollector.java:51)
	at jetbrains.exodus.newLogConcept.MVCC.MVCCDataStructure.lambda$commitTransaction$1(MVCCDataStructure.java:297)
	at java.base/java.util.concurrent.Executors$RunnableAdapter.call(Executors.java:515)
	at java.base/java.util.concurrent.FutureTask.run(FutureTask.java:264)
	at java.base/java.util.concurrent.ThreadPoolExecutor.runWorker(ThreadPoolExecutor.java:1128)
	at java.base/java.util.concurrent.ThreadPoolExecutor$Worker.run(ThreadPoolExecutor.java:628)
	... 1 more
java.util.concurrent.ExecutionException: jetbrains.exodus.ExodusException
	at java.base/java.util.concurrent.FutureTask.report(FutureTask.java:122)
	at java.base/java.util.concurrent.FutureTask.get(FutureTask.java:191)
	at jetbrains.exodus.newLogConcept.MVCC.MVCCDataStructure.commitTransaction(MVCCDataStructure.java:299)
	at site.ycsb.db.XodusClient.insert(XodusClient.java:60)
	at site.ycsb.DBWrapper.insert(DBWrapper.java:227)
	at site.ycsb.workloads.CoreWorkload.doInsert(CoreWorkload.java:621)
	at site.ycsb.ClientThread.run(ClientThread.java:135)
	at java.base/java.lang.Thread.run(Thread.java:829)
Caused by: jetbrains.exodus.ExodusException
	at jetbrains.exodus.newLogConcept.garbageCollector.OperationLogGarbageCollector.moveAndRemoveRecordsFromLog(OperationLogGarbageCollector.java:69)
	at jetbrains.exodus.newLogConcept.garbageCollector.OperationLogGarbageCollector.clean(OperationLogGarbageCollector.java:51)
	at jetbrains.exodus.newLogConcept.MVCC.MVCCDataStructure.lambda$commitTransaction$1(MVCCDataStructure.java:297)
	at java.base/java.util.concurrent.Executors$RunnableAdapter.call(Executors.java:515)
	at java.base/java.util.concurrent.FutureTask.run(FutureTask.java:264)
	at java.base/java.util.concurrent.ThreadPoolExecutor.runWorker(ThreadPoolExecutor.java:1128)
	at java.base/java.util.concurrent.ThreadPoolExecutor$Worker.run(ThreadPoolExecutor.java:628)
	... 1 more
java.util.concurrent.ExecutionException: jetbrains.exodus.ExodusException
	at java.base/java.util.concurrent.FutureTask.report(FutureTask.java:122)
	at java.base/java.util.concurrent.FutureTask.get(FutureTask.java:191)
	at jetbrains.exodus.newLogConcept.MVCC.MVCCDataStructure.commitTransaction(MVCCDataStructure.java:299)
	at site.ycsb.db.XodusClient.insert(XodusClient.java:60)
	at site.ycsb.DBWrapper.insert(DBWrapper.java:227)
	at site.ycsb.workloads.CoreWorkload.doInsert(CoreWorkload.java:621)
	at site.ycsb.ClientThread.run(ClientThread.java:135)
	at java.base/java.lang.Thread.run(Thread.java:829)
Caused by: jetbrains.exodus.ExodusException
	at jetbrains.exodus.newLogConcept.garbageCollector.OperationLogGarbageCollector.moveAndRemoveRecordsFromLog(OperationLogGarbageCollector.java:69)
	at jetbrains.exodus.newLogConcept.garbageCollector.OperationLogGarbageCollector.clean(OperationLogGarbageCollector.java:51)
	at jetbrains.exodus.newLogConcept.MVCC.MVCCDataStructure.lambda$commitTransaction$1(MVCCDataStructure.java:297)
	at java.base/java.util.concurrent.Executors$RunnableAdapter.call(Executors.java:515)
	at java.base/java.util.concurrent.FutureTask.run(FutureTask.java:264)
	at java.base/java.util.concurrent.ThreadPoolExecutor.runWorker(ThreadPoolExecutor.java:1128)
	at java.base/java.util.concurrent.ThreadPoolExecutor$Worker.run(ThreadPoolExecutor.java:628)
	... 1 more
java.util.concurrent.ExecutionException: jetbrains.exodus.ExodusException
	at java.base/java.util.concurrent.FutureTask.report(FutureTask.java:122)
	at java.base/java.util.concurrent.FutureTask.get(FutureTask.java:191)
	at jetbrains.exodus.newLogConcept.MVCC.MVCCDataStructure.commitTransaction(MVCCDataStructure.java:299)
	at site.ycsb.db.XodusClient.insert(XodusClient.java:60)
	at site.ycsb.DBWrapper.insert(DBWrapper.java:227)
	at site.ycsb.workloads.CoreWorkload.doInsert(CoreWorkload.java:621)
	at site.ycsb.ClientThread.run(ClientThread.java:135)
	at java.base/java.lang.Thread.run(Thread.java:829)
Caused by: jetbrains.exodus.ExodusException
	at jetbrains.exodus.newLogConcept.garbageCollector.OperationLogGarbageCollector.moveAndRemoveRecordsFromLog(OperationLogGarbageCollector.java:69)
	at jetbrains.exodus.newLogConcept.garbageCollector.OperationLogGarbageCollector.clean(OperationLogGarbageCollector.java:51)
	at jetbrains.exodus.newLogConcept.MVCC.MVCCDataStructure.lambda$commitTransaction$1(MVCCDataStructure.java:297)
	at java.base/java.util.concurrent.Executors$RunnableAdapter.call(Executors.java:515)
	at java.base/java.util.concurrent.FutureTask.run(FutureTask.java:264)
	at java.base/java.util.concurrent.ThreadPoolExecutor.runWorker(ThreadPoolExecutor.java:1128)
	at java.base/java.util.concurrent.ThreadPoolExecutor$Worker.run(ThreadPoolExecutor.java:628)
	... 1 more
java.util.concurrent.ExecutionException: jetbrains.exodus.ExodusException
	at java.base/java.util.concurrent.FutureTask.report(FutureTask.java:122)
	at java.base/java.util.concurrent.FutureTask.get(FutureTask.java:191)
	at jetbrains.exodus.newLogConcept.MVCC.MVCCDataStructure.commitTransaction(MVCCDataStructure.java:299)
	at site.ycsb.db.XodusClient.insert(XodusClient.java:60)
	at site.ycsb.DBWrapper.insert(DBWrapper.java:227)
	at site.ycsb.workloads.CoreWorkload.doInsert(CoreWorkload.java:621)
	at site.ycsb.ClientThread.run(ClientThread.java:135)
	at java.base/java.lang.Thread.run(Thread.java:829)
Caused by: jetbrains.exodus.ExodusException
	at jetbrains.exodus.newLogConcept.garbageCollector.OperationLogGarbageCollector.moveAndRemoveRecordsFromLog(OperationLogGarbageCollector.java:69)
	at jetbrains.exodus.newLogConcept.garbageCollector.OperationLogGarbageCollector.clean(OperationLogGarbageCollector.java:51)
	at jetbrains.exodus.newLogConcept.MVCC.MVCCDataStructure.lambda$commitTransaction$1(MVCCDataStructure.java:297)
	at java.base/java.util.concurrent.Executors$RunnableAdapter.call(Executors.java:515)
	at java.base/java.util.concurrent.FutureTask.run(FutureTask.java:264)
	at java.base/java.util.concurrent.ThreadPoolExecutor.runWorker(ThreadPoolExecutor.java:1128)
	at java.base/java.util.concurrent.ThreadPoolExecutor$Worker.run(ThreadPoolExecutor.java:628)
	... 1 more
java.util.concurrent.ExecutionException: jetbrains.exodus.ExodusException
	at java.base/java.util.concurrent.FutureTask.report(FutureTask.java:122)
	at java.base/java.util.concurrent.FutureTask.get(FutureTask.java:191)
	at jetbrains.exodus.newLogConcept.MVCC.MVCCDataStructure.commitTransaction(MVCCDataStructure.java:299)
	at site.ycsb.db.XodusClient.insert(XodusClient.java:60)
	at site.ycsb.DBWrapper.insert(DBWrapper.java:227)
	at site.ycsb.workloads.CoreWorkload.doInsert(CoreWorkload.java:621)
	at site.ycsb.ClientThread.run(ClientThread.java:135)
	at java.base/java.lang.Thread.run(Thread.java:829)
Caused by: jetbrains.exodus.ExodusException
	at jetbrains.exodus.newLogConcept.garbageCollector.OperationLogGarbageCollector.moveAndRemoveRecordsFromLog(OperationLogGarbageCollector.java:69)
	at jetbrains.exodus.newLogConcept.garbageCollector.OperationLogGarbageCollector.clean(OperationLogGarbageCollector.java:51)
	at jetbrains.exodus.newLogConcept.MVCC.MVCCDataStructure.lambda$commitTransaction$1(MVCCDataStructure.java:297)
	at java.base/java.util.concurrent.Executors$RunnableAdapter.call(Executors.java:515)
	at java.base/java.util.concurrent.FutureTask.run(FutureTask.java:264)
	at java.base/java.util.concurrent.ThreadPoolExecutor.runWorker(ThreadPoolExecutor.java:1128)
	at java.base/java.util.concurrent.ThreadPoolExecutor$Worker.run(ThreadPoolExecutor.java:628)
	... 1 more
java.util.concurrent.ExecutionException: jetbrains.exodus.ExodusException
	at java.base/java.util.concurrent.FutureTask.report(FutureTask.java:122)
	at java.base/java.util.concurrent.FutureTask.get(FutureTask.java:191)
	at jetbrains.exodus.newLogConcept.MVCC.MVCCDataStructure.commitTransaction(MVCCDataStructure.java:299)
	at site.ycsb.db.XodusClient.insert(XodusClient.java:60)
	at site.ycsb.DBWrapper.insert(DBWrapper.java:227)
	at site.ycsb.workloads.CoreWorkload.doInsert(CoreWorkload.java:621)
	at site.ycsb.ClientThread.run(ClientThread.java:135)
	at java.base/java.lang.Thread.run(Thread.java:829)
Caused by: jetbrains.exodus.ExodusException
	at jetbrains.exodus.newLogConcept.garbageCollector.OperationLogGarbageCollector.moveAndRemoveRecordsFromLog(OperationLogGarbageCollector.java:69)
	at jetbrains.exodus.newLogConcept.garbageCollector.OperationLogGarbageCollector.clean(OperationLogGarbageCollector.java:51)
	at jetbrains.exodus.newLogConcept.MVCC.MVCCDataStructure.lambda$commitTransaction$1(MVCCDataStructure.java:297)
	at java.base/java.util.concurrent.Executors$RunnableAdapter.call(Executors.java:515)
	at java.base/java.util.concurrent.FutureTask.run(FutureTask.java:264)
	at java.base/java.util.concurrent.ThreadPoolExecutor.runWorker(ThreadPoolExecutor.java:1128)
	at java.base/java.util.concurrent.ThreadPoolExecutor$Worker.run(ThreadPoolExecutor.java:628)
	... 1 more
java.util.concurrent.ExecutionException: jetbrains.exodus.ExodusException
	at java.base/java.util.concurrent.FutureTask.report(FutureTask.java:122)
	at java.base/java.util.concurrent.FutureTask.get(FutureTask.java:191)
	at jetbrains.exodus.newLogConcept.MVCC.MVCCDataStructure.commitTransaction(MVCCDataStructure.java:299)
	at site.ycsb.db.XodusClient.insert(XodusClient.java:60)
	at site.ycsb.DBWrapper.insert(DBWrapper.java:227)
	at site.ycsb.workloads.CoreWorkload.doInsert(CoreWorkload.java:621)
	at site.ycsb.ClientThread.run(ClientThread.java:135)
	at java.base/java.lang.Thread.run(Thread.java:829)
Caused by: jetbrains.exodus.ExodusException
	at jetbrains.exodus.newLogConcept.garbageCollector.OperationLogGarbageCollector.moveAndRemoveRecordsFromLog(OperationLogGarbageCollector.java:69)
	at jetbrains.exodus.newLogConcept.garbageCollector.OperationLogGarbageCollector.clean(OperationLogGarbageCollector.java:51)
	at jetbrains.exodus.newLogConcept.MVCC.MVCCDataStructure.lambda$commitTransaction$1(MVCCDataStructure.java:297)
	at java.base/java.util.concurrent.Executors$RunnableAdapter.call(Executors.java:515)
	at java.base/java.util.concurrent.FutureTask.run(FutureTask.java:264)
	at java.base/java.util.concurrent.ThreadPoolExecutor.runWorker(ThreadPoolExecutor.java:1128)
	at java.base/java.util.concurrent.ThreadPoolExecutor$Worker.run(ThreadPoolExecutor.java:628)
	... 1 more
java.util.concurrent.ExecutionException: jetbrains.exodus.ExodusException
	at java.base/java.util.concurrent.FutureTask.report(FutureTask.java:122)
	at java.base/java.util.concurrent.FutureTask.get(FutureTask.java:191)
	at jetbrains.exodus.newLogConcept.MVCC.MVCCDataStructure.commitTransaction(MVCCDataStructure.java:299)
	at site.ycsb.db.XodusClient.insert(XodusClient.java:60)
	at site.ycsb.DBWrapper.insert(DBWrapper.java:227)
	at site.ycsb.workloads.CoreWorkload.doInsert(CoreWorkload.java:621)
	at site.ycsb.ClientThread.run(ClientThread.java:135)
	at java.base/java.lang.Thread.run(Thread.java:829)
Caused by: jetbrains.exodus.ExodusException
	at jetbrains.exodus.newLogConcept.garbageCollector.OperationLogGarbageCollector.moveAndRemoveRecordsFromLog(OperationLogGarbageCollector.java:69)
	at jetbrains.exodus.newLogConcept.garbageCollector.OperationLogGarbageCollector.clean(OperationLogGarbageCollector.java:51)
	at jetbrains.exodus.newLogConcept.MVCC.MVCCDataStructure.lambda$commitTransaction$1(MVCCDataStructure.java:297)
	at java.base/java.util.concurrent.Executors$RunnableAdapter.call(Executors.java:515)
	at java.base/java.util.concurrent.FutureTask.run(FutureTask.java:264)
	at java.base/java.util.concurrent.ThreadPoolExecutor.runWorker(ThreadPoolExecutor.java:1128)
	at java.base/java.util.concurrent.ThreadPoolExecutor$Worker.run(ThreadPoolExecutor.java:628)
	... 1 more
java.util.concurrent.ExecutionException: jetbrains.exodus.ExodusException
	at java.base/java.util.concurrent.FutureTask.report(FutureTask.java:122)
	at java.base/java.util.concurrent.FutureTask.get(FutureTask.java:191)
	at jetbrains.exodus.newLogConcept.MVCC.MVCCDataStructure.commitTransaction(MVCCDataStructure.java:299)
	at site.ycsb.db.XodusClient.insert(XodusClient.java:60)
	at site.ycsb.DBWrapper.insert(DBWrapper.java:227)
	at site.ycsb.workloads.CoreWorkload.doInsert(CoreWorkload.java:621)
	at site.ycsb.ClientThread.run(ClientThread.java:135)
	at java.base/java.lang.Thread.run(Thread.java:829)
Caused by: jetbrains.exodus.ExodusException
	at jetbrains.exodus.newLogConcept.garbageCollector.OperationLogGarbageCollector.moveAndRemoveRecordsFromLog(OperationLogGarbageCollector.java:69)
	at jetbrains.exodus.newLogConcept.garbageCollector.OperationLogGarbageCollector.clean(OperationLogGarbageCollector.java:51)
	at jetbrains.exodus.newLogConcept.MVCC.MVCCDataStructure.lambda$commitTransaction$1(MVCCDataStructure.java:297)
	at java.base/java.util.concurrent.Executors$RunnableAdapter.call(Executors.java:515)
	at java.base/java.util.concurrent.FutureTask.run(FutureTask.java:264)
	at java.base/java.util.concurrent.ThreadPoolExecutor.runWorker(ThreadPoolExecutor.java:1128)
	at java.base/java.util.concurrent.ThreadPoolExecutor$Worker.run(ThreadPoolExecutor.java:628)
	... 1 more
java.util.concurrent.ExecutionException: jetbrains.exodus.ExodusException
	at java.base/java.util.concurrent.FutureTask.report(FutureTask.java:122)
	at java.base/java.util.concurrent.FutureTask.get(FutureTask.java:191)
	at jetbrains.exodus.newLogConcept.MVCC.MVCCDataStructure.commitTransaction(MVCCDataStructure.java:299)
	at site.ycsb.db.XodusClient.insert(XodusClient.java:60)
	at site.ycsb.DBWrapper.insert(DBWrapper.java:227)
	at site.ycsb.workloads.CoreWorkload.doInsert(CoreWorkload.java:621)
	at site.ycsb.ClientThread.run(ClientThread.java:135)
	at java.base/java.lang.Thread.run(Thread.java:829)
Caused by: jetbrains.exodus.ExodusException
	at jetbrains.exodus.newLogConcept.garbageCollector.OperationLogGarbageCollector.moveAndRemoveRecordsFromLog(OperationLogGarbageCollector.java:69)
	at jetbrains.exodus.newLogConcept.garbageCollector.OperationLogGarbageCollector.clean(OperationLogGarbageCollector.java:51)
	at jetbrains.exodus.newLogConcept.MVCC.MVCCDataStructure.lambda$commitTransaction$1(MVCCDataStructure.java:297)
	at java.base/java.util.concurrent.Executors$RunnableAdapter.call(Executors.java:515)
	at java.base/java.util.concurrent.FutureTask.run(FutureTask.java:264)
	at java.base/java.util.concurrent.ThreadPoolExecutor.runWorker(ThreadPoolExecutor.java:1128)
	at java.base/java.util.concurrent.ThreadPoolExecutor$Worker.run(ThreadPoolExecutor.java:628)
	... 1 more
java.util.concurrent.ExecutionException: jetbrains.exodus.ExodusException
	at java.base/java.util.concurrent.FutureTask.report(FutureTask.java:122)
	at java.base/java.util.concurrent.FutureTask.get(FutureTask.java:191)
	at jetbrains.exodus.newLogConcept.MVCC.MVCCDataStructure.commitTransaction(MVCCDataStructure.java:299)
	at site.ycsb.db.XodusClient.insert(XodusClient.java:60)
	at site.ycsb.DBWrapper.insert(DBWrapper.java:227)
	at site.ycsb.workloads.CoreWorkload.doInsert(CoreWorkload.java:621)
	at site.ycsb.ClientThread.run(ClientThread.java:135)
	at java.base/java.lang.Thread.run(Thread.java:829)
Caused by: jetbrains.exodus.ExodusException
	at jetbrains.exodus.newLogConcept.garbageCollector.OperationLogGarbageCollector.moveAndRemoveRecordsFromLog(OperationLogGarbageCollector.java:69)
	at jetbrains.exodus.newLogConcept.garbageCollector.OperationLogGarbageCollector.clean(OperationLogGarbageCollector.java:51)
	at jetbrains.exodus.newLogConcept.MVCC.MVCCDataStructure.lambda$commitTransaction$1(MVCCDataStructure.java:297)
	at java.base/java.util.concurrent.Executors$RunnableAdapter.call(Executors.java:515)
	at java.base/java.util.concurrent.FutureTask.run(FutureTask.java:264)
	at java.base/java.util.concurrent.ThreadPoolExecutor.runWorker(ThreadPoolExecutor.java:1128)
	at java.base/java.util.concurrent.ThreadPoolExecutor$Worker.run(ThreadPoolExecutor.java:628)
	... 1 more
java.util.concurrent.ExecutionException: jetbrains.exodus.ExodusException
	at java.base/java.util.concurrent.FutureTask.report(FutureTask.java:122)
	at java.base/java.util.concurrent.FutureTask.get(FutureTask.java:191)
	at jetbrains.exodus.newLogConcept.MVCC.MVCCDataStructure.commitTransaction(MVCCDataStructure.java:299)
	at site.ycsb.db.XodusClient.insert(XodusClient.java:60)
	at site.ycsb.DBWrapper.insert(DBWrapper.java:227)
	at site.ycsb.workloads.CoreWorkload.doInsert(CoreWorkload.java:621)
	at site.ycsb.ClientThread.run(ClientThread.java:135)
	at java.base/java.lang.Thread.run(Thread.java:829)
Caused by: jetbrains.exodus.ExodusException
	at jetbrains.exodus.newLogConcept.garbageCollector.OperationLogGarbageCollector.moveAndRemoveRecordsFromLog(OperationLogGarbageCollector.java:69)
	at jetbrains.exodus.newLogConcept.garbageCollector.OperationLogGarbageCollector.clean(OperationLogGarbageCollector.java:51)
	at jetbrains.exodus.newLogConcept.MVCC.MVCCDataStructure.lambda$commitTransaction$1(MVCCDataStructure.java:297)
	at java.base/java.util.concurrent.Executors$RunnableAdapter.call(Executors.java:515)
	at java.base/java.util.concurrent.FutureTask.run(FutureTask.java:264)
	at java.base/java.util.concurrent.ThreadPoolExecutor.runWorker(ThreadPoolExecutor.java:1128)
	at java.base/java.util.concurrent.ThreadPoolExecutor$Worker.run(ThreadPoolExecutor.java:628)
	... 1 more
java.util.concurrent.ExecutionException: jetbrains.exodus.ExodusException
	at java.base/java.util.concurrent.FutureTask.report(FutureTask.java:122)
	at java.base/java.util.concurrent.FutureTask.get(FutureTask.java:191)
	at jetbrains.exodus.newLogConcept.MVCC.MVCCDataStructure.commitTransaction(MVCCDataStructure.java:299)
	at site.ycsb.db.XodusClient.insert(XodusClient.java:60)
	at site.ycsb.DBWrapper.insert(DBWrapper.java:227)
	at site.ycsb.workloads.CoreWorkload.doInsert(CoreWorkload.java:621)
	at site.ycsb.ClientThread.run(ClientThread.java:135)
	at java.base/java.lang.Thread.run(Thread.java:829)
Caused by: jetbrains.exodus.ExodusException
	at jetbrains.exodus.newLogConcept.garbageCollector.OperationLogGarbageCollector.moveAndRemoveRecordsFromLog(OperationLogGarbageCollector.java:69)
	at jetbrains.exodus.newLogConcept.garbageCollector.OperationLogGarbageCollector.clean(OperationLogGarbageCollector.java:51)
	at jetbrains.exodus.newLogConcept.MVCC.MVCCDataStructure.lambda$commitTransaction$1(MVCCDataStructure.java:297)
	at java.base/java.util.concurrent.Executors$RunnableAdapter.call(Executors.java:515)
	at java.base/java.util.concurrent.FutureTask.run(FutureTask.java:264)
	at java.base/java.util.concurrent.ThreadPoolExecutor.runWorker(ThreadPoolExecutor.java:1128)
	at java.base/java.util.concurrent.ThreadPoolExecutor$Worker.run(ThreadPoolExecutor.java:628)
	... 1 more
java.util.concurrent.ExecutionException: jetbrains.exodus.ExodusException
	at java.base/java.util.concurrent.FutureTask.report(FutureTask.java:122)
	at java.base/java.util.concurrent.FutureTask.get(FutureTask.java:191)
	at jetbrains.exodus.newLogConcept.MVCC.MVCCDataStructure.commitTransaction(MVCCDataStructure.java:299)
	at site.ycsb.db.XodusClient.insert(XodusClient.java:60)
	at site.ycsb.DBWrapper.insert(DBWrapper.java:227)
	at site.ycsb.workloads.CoreWorkload.doInsert(CoreWorkload.java:621)
	at site.ycsb.ClientThread.run(ClientThread.java:135)
	at java.base/java.lang.Thread.run(Thread.java:829)
Caused by: jetbrains.exodus.ExodusException
	at jetbrains.exodus.newLogConcept.garbageCollector.OperationLogGarbageCollector.moveAndRemoveRecordsFromLog(OperationLogGarbageCollector.java:69)
	at jetbrains.exodus.newLogConcept.garbageCollector.OperationLogGarbageCollector.clean(OperationLogGarbageCollector.java:51)
	at jetbrains.exodus.newLogConcept.MVCC.MVCCDataStructure.lambda$commitTransaction$1(MVCCDataStructure.java:297)
	at java.base/java.util.concurrent.Executors$RunnableAdapter.call(Executors.java:515)
	at java.base/java.util.concurrent.FutureTask.run(FutureTask.java:264)
	at java.base/java.util.concurrent.ThreadPoolExecutor.runWorker(ThreadPoolExecutor.java:1128)
	at java.base/java.util.concurrent.ThreadPoolExecutor$Worker.run(ThreadPoolExecutor.java:628)
	... 1 more
java.util.concurrent.ExecutionException: jetbrains.exodus.ExodusException
	at java.base/java.util.concurrent.FutureTask.report(FutureTask.java:122)
	at java.base/java.util.concurrent.FutureTask.get(FutureTask.java:191)
	at jetbrains.exodus.newLogConcept.MVCC.MVCCDataStructure.commitTransaction(MVCCDataStructure.java:299)
	at site.ycsb.db.XodusClient.insert(XodusClient.java:60)
	at site.ycsb.DBWrapper.insert(DBWrapper.java:227)
	at site.ycsb.workloads.CoreWorkload.doInsert(CoreWorkload.java:621)
	at site.ycsb.ClientThread.run(ClientThread.java:135)
	at java.base/java.lang.Thread.run(Thread.java:829)
Caused by: jetbrains.exodus.ExodusException
	at jetbrains.exodus.newLogConcept.garbageCollector.OperationLogGarbageCollector.moveAndRemoveRecordsFromLog(OperationLogGarbageCollector.java:69)
	at jetbrains.exodus.newLogConcept.garbageCollector.OperationLogGarbageCollector.clean(OperationLogGarbageCollector.java:51)
	at jetbrains.exodus.newLogConcept.MVCC.MVCCDataStructure.lambda$commitTransaction$1(MVCCDataStructure.java:297)
	at java.base/java.util.concurrent.Executors$RunnableAdapter.call(Executors.java:515)
	at java.base/java.util.concurrent.FutureTask.run(FutureTask.java:264)
	at java.base/java.util.concurrent.ThreadPoolExecutor.runWorker(ThreadPoolExecutor.java:1128)
	at java.base/java.util.concurrent.ThreadPoolExecutor$Worker.run(ThreadPoolExecutor.java:628)
	... 1 more
java.util.concurrent.ExecutionException: jetbrains.exodus.ExodusException
	at java.base/java.util.concurrent.FutureTask.report(FutureTask.java:122)
	at java.base/java.util.concurrent.FutureTask.get(FutureTask.java:191)
	at jetbrains.exodus.newLogConcept.MVCC.MVCCDataStructure.commitTransaction(MVCCDataStructure.java:299)
	at site.ycsb.db.XodusClient.insert(XodusClient.java:60)
	at site.ycsb.DBWrapper.insert(DBWrapper.java:227)
	at site.ycsb.workloads.CoreWorkload.doInsert(CoreWorkload.java:621)
	at site.ycsb.ClientThread.run(ClientThread.java:135)
	at java.base/java.lang.Thread.run(Thread.java:829)
Caused by: jetbrains.exodus.ExodusException
	at jetbrains.exodus.newLogConcept.garbageCollector.OperationLogGarbageCollector.moveAndRemoveRecordsFromLog(OperationLogGarbageCollector.java:69)
	at jetbrains.exodus.newLogConcept.garbageCollector.OperationLogGarbageCollector.clean(OperationLogGarbageCollector.java:51)
	at jetbrains.exodus.newLogConcept.MVCC.MVCCDataStructure.lambda$commitTransaction$1(MVCCDataStructure.java:297)
	at java.base/java.util.concurrent.Executors$RunnableAdapter.call(Executors.java:515)
	at java.base/java.util.concurrent.FutureTask.run(FutureTask.java:264)
	at java.base/java.util.concurrent.ThreadPoolExecutor.runWorker(ThreadPoolExecutor.java:1128)
	at java.base/java.util.concurrent.ThreadPoolExecutor$Worker.run(ThreadPoolExecutor.java:628)
	... 1 more
java.util.concurrent.ExecutionException: jetbrains.exodus.ExodusException
	at java.base/java.util.concurrent.FutureTask.report(FutureTask.java:122)
	at java.base/java.util.concurrent.FutureTask.get(FutureTask.java:191)
	at jetbrains.exodus.newLogConcept.MVCC.MVCCDataStructure.commitTransaction(MVCCDataStructure.java:299)
	at site.ycsb.db.XodusClient.insert(XodusClient.java:60)
	at site.ycsb.DBWrapper.insert(DBWrapper.java:227)
	at site.ycsb.workloads.CoreWorkload.doInsert(CoreWorkload.java:621)
	at site.ycsb.ClientThread.run(ClientThread.java:135)
	at java.base/java.lang.Thread.run(Thread.java:829)
Caused by: jetbrains.exodus.ExodusException
	at jetbrains.exodus.newLogConcept.garbageCollector.OperationLogGarbageCollector.moveAndRemoveRecordsFromLog(OperationLogGarbageCollector.java:69)
	at jetbrains.exodus.newLogConcept.garbageCollector.OperationLogGarbageCollector.clean(OperationLogGarbageCollector.java:51)
	at jetbrains.exodus.newLogConcept.MVCC.MVCCDataStructure.lambda$commitTransaction$1(MVCCDataStructure.java:297)
	at java.base/java.util.concurrent.Executors$RunnableAdapter.call(Executors.java:515)
	at java.base/java.util.concurrent.FutureTask.run(FutureTask.java:264)
	at java.base/java.util.concurrent.ThreadPoolExecutor.runWorker(ThreadPoolExecutor.java:1128)
	at java.base/java.util.concurrent.ThreadPoolExecutor$Worker.run(ThreadPoolExecutor.java:628)
	... 1 more
java.util.concurrent.ExecutionException: jetbrains.exodus.ExodusException
	at java.base/java.util.concurrent.FutureTask.report(FutureTask.java:122)
	at java.base/java.util.concurrent.FutureTask.get(FutureTask.java:191)
	at jetbrains.exodus.newLogConcept.MVCC.MVCCDataStructure.commitTransaction(MVCCDataStructure.java:299)
	at site.ycsb.db.XodusClient.insert(XodusClient.java:60)
	at site.ycsb.DBWrapper.insert(DBWrapper.java:227)
	at site.ycsb.workloads.CoreWorkload.doInsert(CoreWorkload.java:621)
	at site.ycsb.ClientThread.run(ClientThread.java:135)
	at java.base/java.lang.Thread.run(Thread.java:829)
Caused by: jetbrains.exodus.ExodusException
	at jetbrains.exodus.newLogConcept.garbageCollector.OperationLogGarbageCollector.moveAndRemoveRecordsFromLog(OperationLogGarbageCollector.java:69)
	at jetbrains.exodus.newLogConcept.garbageCollector.OperationLogGarbageCollector.clean(OperationLogGarbageCollector.java:51)
	at jetbrains.exodus.newLogConcept.MVCC.MVCCDataStructure.lambda$commitTransaction$1(MVCCDataStructure.java:297)
	at java.base/java.util.concurrent.Executors$RunnableAdapter.call(Executors.java:515)
	at java.base/java.util.concurrent.FutureTask.run(FutureTask.java:264)
	at java.base/java.util.concurrent.ThreadPoolExecutor.runWorker(ThreadPoolExecutor.java:1128)
	at java.base/java.util.concurrent.ThreadPoolExecutor$Worker.run(ThreadPoolExecutor.java:628)
	... 1 more
java.util.concurrent.ExecutionException: jetbrains.exodus.ExodusException
	at java.base/java.util.concurrent.FutureTask.report(FutureTask.java:122)
	at java.base/java.util.concurrent.FutureTask.get(FutureTask.java:191)
	at jetbrains.exodus.newLogConcept.MVCC.MVCCDataStructure.commitTransaction(MVCCDataStructure.java:299)
	at site.ycsb.db.XodusClient.insert(XodusClient.java:60)
	at site.ycsb.DBWrapper.insert(DBWrapper.java:227)
	at site.ycsb.workloads.CoreWorkload.doInsert(CoreWorkload.java:621)
	at site.ycsb.ClientThread.run(ClientThread.java:135)
	at java.base/java.lang.Thread.run(Thread.java:829)
Caused by: jetbrains.exodus.ExodusException
	at jetbrains.exodus.newLogConcept.garbageCollector.OperationLogGarbageCollector.moveAndRemoveRecordsFromLog(OperationLogGarbageCollector.java:69)
	at jetbrains.exodus.newLogConcept.garbageCollector.OperationLogGarbageCollector.clean(OperationLogGarbageCollector.java:51)
	at jetbrains.exodus.newLogConcept.MVCC.MVCCDataStructure.lambda$commitTransaction$1(MVCCDataStructure.java:297)
	at java.base/java.util.concurrent.Executors$RunnableAdapter.call(Executors.java:515)
	at java.base/java.util.concurrent.FutureTask.run(FutureTask.java:264)
	at java.base/java.util.concurrent.ThreadPoolExecutor.runWorker(ThreadPoolExecutor.java:1128)
	at java.base/java.util.concurrent.ThreadPoolExecutor$Worker.run(ThreadPoolExecutor.java:628)
	... 1 more
java.util.concurrent.ExecutionException: jetbrains.exodus.ExodusException
	at java.base/java.util.concurrent.FutureTask.report(FutureTask.java:122)
	at java.base/java.util.concurrent.FutureTask.get(FutureTask.java:191)
	at jetbrains.exodus.newLogConcept.MVCC.MVCCDataStructure.commitTransaction(MVCCDataStructure.java:299)
	at site.ycsb.db.XodusClient.insert(XodusClient.java:60)
	at site.ycsb.DBWrapper.insert(DBWrapper.java:227)
	at site.ycsb.workloads.CoreWorkload.doInsert(CoreWorkload.java:621)
	at site.ycsb.ClientThread.run(ClientThread.java:135)
	at java.base/java.lang.Thread.run(Thread.java:829)
Caused by: jetbrains.exodus.ExodusException
	at jetbrains.exodus.newLogConcept.garbageCollector.OperationLogGarbageCollector.moveAndRemoveRecordsFromLog(OperationLogGarbageCollector.java:69)
	at jetbrains.exodus.newLogConcept.garbageCollector.OperationLogGarbageCollector.clean(OperationLogGarbageCollector.java:51)
	at jetbrains.exodus.newLogConcept.MVCC.MVCCDataStructure.lambda$commitTransaction$1(MVCCDataStructure.java:297)
	at java.base/java.util.concurrent.Executors$RunnableAdapter.call(Executors.java:515)
	at java.base/java.util.concurrent.FutureTask.run(FutureTask.java:264)
	at java.base/java.util.concurrent.ThreadPoolExecutor.runWorker(ThreadPoolExecutor.java:1128)
	at java.base/java.util.concurrent.ThreadPoolExecutor$Worker.run(ThreadPoolExecutor.java:628)
	... 1 more
java.util.concurrent.ExecutionException: jetbrains.exodus.ExodusException
	at java.base/java.util.concurrent.FutureTask.report(FutureTask.java:122)
	at java.base/java.util.concurrent.FutureTask.get(FutureTask.java:191)
	at jetbrains.exodus.newLogConcept.MVCC.MVCCDataStructure.commitTransaction(MVCCDataStructure.java:299)
	at site.ycsb.db.XodusClient.insert(XodusClient.java:60)
	at site.ycsb.DBWrapper.insert(DBWrapper.java:227)
	at site.ycsb.workloads.CoreWorkload.doInsert(CoreWorkload.java:621)
	at site.ycsb.ClientThread.run(ClientThread.java:135)
	at java.base/java.lang.Thread.run(Thread.java:829)
Caused by: jetbrains.exodus.ExodusException
	at jetbrains.exodus.newLogConcept.garbageCollector.OperationLogGarbageCollector.moveAndRemoveRecordsFromLog(OperationLogGarbageCollector.java:69)
	at jetbrains.exodus.newLogConcept.garbageCollector.OperationLogGarbageCollector.clean(OperationLogGarbageCollector.java:51)
	at jetbrains.exodus.newLogConcept.MVCC.MVCCDataStructure.lambda$commitTransaction$1(MVCCDataStructure.java:297)
	at java.base/java.util.concurrent.Executors$RunnableAdapter.call(Executors.java:515)
	at java.base/java.util.concurrent.FutureTask.run(FutureTask.java:264)
	at java.base/java.util.concurrent.ThreadPoolExecutor.runWorker(ThreadPoolExecutor.java:1128)
	at java.base/java.util.concurrent.ThreadPoolExecutor$Worker.run(ThreadPoolExecutor.java:628)
	... 1 more
java.util.concurrent.ExecutionException: jetbrains.exodus.ExodusException
	at java.base/java.util.concurrent.FutureTask.report(FutureTask.java:122)
	at java.base/java.util.concurrent.FutureTask.get(FutureTask.java:191)
	at jetbrains.exodus.newLogConcept.MVCC.MVCCDataStructure.commitTransaction(MVCCDataStructure.java:299)
	at site.ycsb.db.XodusClient.insert(XodusClient.java:60)
	at site.ycsb.DBWrapper.insert(DBWrapper.java:227)
	at site.ycsb.workloads.CoreWorkload.doInsert(CoreWorkload.java:621)
	at site.ycsb.ClientThread.run(ClientThread.java:135)
	at java.base/java.lang.Thread.run(Thread.java:829)
Caused by: jetbrains.exodus.ExodusException
	at jetbrains.exodus.newLogConcept.garbageCollector.OperationLogGarbageCollector.moveAndRemoveRecordsFromLog(OperationLogGarbageCollector.java:69)
	at jetbrains.exodus.newLogConcept.garbageCollector.OperationLogGarbageCollector.clean(OperationLogGarbageCollector.java:51)
	at jetbrains.exodus.newLogConcept.MVCC.MVCCDataStructure.lambda$commitTransaction$1(MVCCDataStructure.java:297)
	at java.base/java.util.concurrent.Executors$RunnableAdapter.call(Executors.java:515)
	at java.base/java.util.concurrent.FutureTask.run(FutureTask.java:264)
	at java.base/java.util.concurrent.ThreadPoolExecutor.runWorker(ThreadPoolExecutor.java:1128)
	at java.base/java.util.concurrent.ThreadPoolExecutor$Worker.run(ThreadPoolExecutor.java:628)
	... 1 more
java.util.concurrent.ExecutionException: jetbrains.exodus.ExodusException
	at java.base/java.util.concurrent.FutureTask.report(FutureTask.java:122)
	at java.base/java.util.concurrent.FutureTask.get(FutureTask.java:191)
	at jetbrains.exodus.newLogConcept.MVCC.MVCCDataStructure.commitTransaction(MVCCDataStructure.java:299)
	at site.ycsb.db.XodusClient.insert(XodusClient.java:60)
	at site.ycsb.DBWrapper.insert(DBWrapper.java:227)
	at site.ycsb.workloads.CoreWorkload.doInsert(CoreWorkload.java:621)
	at site.ycsb.ClientThread.run(ClientThread.java:135)
	at java.base/java.lang.Thread.run(Thread.java:829)
Caused by: jetbrains.exodus.ExodusException
	at jetbrains.exodus.newLogConcept.garbageCollector.OperationLogGarbageCollector.moveAndRemoveRecordsFromLog(OperationLogGarbageCollector.java:69)
	at jetbrains.exodus.newLogConcept.garbageCollector.OperationLogGarbageCollector.clean(OperationLogGarbageCollector.java:51)
	at jetbrains.exodus.newLogConcept.MVCC.MVCCDataStructure.lambda$commitTransaction$1(MVCCDataStructure.java:297)
	at java.base/java.util.concurrent.Executors$RunnableAdapter.call(Executors.java:515)
	at java.base/java.util.concurrent.FutureTask.run(FutureTask.java:264)
	at java.base/java.util.concurrent.ThreadPoolExecutor.runWorker(ThreadPoolExecutor.java:1128)
	at java.base/java.util.concurrent.ThreadPoolExecutor$Worker.run(ThreadPoolExecutor.java:628)
	... 1 more
java.util.concurrent.ExecutionException: jetbrains.exodus.ExodusException
	at java.base/java.util.concurrent.FutureTask.report(FutureTask.java:122)
	at java.base/java.util.concurrent.FutureTask.get(FutureTask.java:191)
	at jetbrains.exodus.newLogConcept.MVCC.MVCCDataStructure.commitTransaction(MVCCDataStructure.java:299)
	at site.ycsb.db.XodusClient.insert(XodusClient.java:60)
	at site.ycsb.DBWrapper.insert(DBWrapper.java:227)
	at site.ycsb.workloads.CoreWorkload.doInsert(CoreWorkload.java:621)
	at site.ycsb.ClientThread.run(ClientThread.java:135)
	at java.base/java.lang.Thread.run(Thread.java:829)
Caused by: jetbrains.exodus.ExodusException
	at jetbrains.exodus.newLogConcept.garbageCollector.OperationLogGarbageCollector.moveAndRemoveRecordsFromLog(OperationLogGarbageCollector.java:69)
	at jetbrains.exodus.newLogConcept.garbageCollector.OperationLogGarbageCollector.clean(OperationLogGarbageCollector.java:51)
	at jetbrains.exodus.newLogConcept.MVCC.MVCCDataStructure.lambda$commitTransaction$1(MVCCDataStructure.java:297)
	at java.base/java.util.concurrent.Executors$RunnableAdapter.call(Executors.java:515)
	at java.base/java.util.concurrent.FutureTask.run(FutureTask.java:264)
	at java.base/java.util.concurrent.ThreadPoolExecutor.runWorker(ThreadPoolExecutor.java:1128)
	at java.base/java.util.concurrent.ThreadPoolExecutor$Worker.run(ThreadPoolExecutor.java:628)
	... 1 more
java.util.concurrent.ExecutionException: jetbrains.exodus.ExodusException
	at java.base/java.util.concurrent.FutureTask.report(FutureTask.java:122)
	at java.base/java.util.concurrent.FutureTask.get(FutureTask.java:191)
	at jetbrains.exodus.newLogConcept.MVCC.MVCCDataStructure.commitTransaction(MVCCDataStructure.java:299)
	at site.ycsb.db.XodusClient.insert(XodusClient.java:60)
	at site.ycsb.DBWrapper.insert(DBWrapper.java:227)
	at site.ycsb.workloads.CoreWorkload.doInsert(CoreWorkload.java:621)
	at site.ycsb.ClientThread.run(ClientThread.java:135)
	at java.base/java.lang.Thread.run(Thread.java:829)
Caused by: jetbrains.exodus.ExodusException
	at jetbrains.exodus.newLogConcept.garbageCollector.OperationLogGarbageCollector.moveAndRemoveRecordsFromLog(OperationLogGarbageCollector.java:69)
	at jetbrains.exodus.newLogConcept.garbageCollector.OperationLogGarbageCollector.clean(OperationLogGarbageCollector.java:51)
	at jetbrains.exodus.newLogConcept.MVCC.MVCCDataStructure.lambda$commitTransaction$1(MVCCDataStructure.java:297)
	at java.base/java.util.concurrent.Executors$RunnableAdapter.call(Executors.java:515)
	at java.base/java.util.concurrent.FutureTask.run(FutureTask.java:264)
	at java.base/java.util.concurrent.ThreadPoolExecutor.runWorker(ThreadPoolExecutor.java:1128)
	at java.base/java.util.concurrent.ThreadPoolExecutor$Worker.run(ThreadPoolExecutor.java:628)
	... 1 more
java.util.concurrent.ExecutionException: jetbrains.exodus.ExodusException
	at java.base/java.util.concurrent.FutureTask.report(FutureTask.java:122)
	at java.base/java.util.concurrent.FutureTask.get(FutureTask.java:191)
	at jetbrains.exodus.newLogConcept.MVCC.MVCCDataStructure.commitTransaction(MVCCDataStructure.java:299)
	at site.ycsb.db.XodusClient.insert(XodusClient.java:60)
	at site.ycsb.DBWrapper.insert(DBWrapper.java:227)
	at site.ycsb.workloads.CoreWorkload.doInsert(CoreWorkload.java:621)
	at site.ycsb.ClientThread.run(ClientThread.java:135)
	at java.base/java.lang.Thread.run(Thread.java:829)
Caused by: jetbrains.exodus.ExodusException
	at jetbrains.exodus.newLogConcept.garbageCollector.OperationLogGarbageCollector.moveAndRemoveRecordsFromLog(OperationLogGarbageCollector.java:69)
	at jetbrains.exodus.newLogConcept.garbageCollector.OperationLogGarbageCollector.clean(OperationLogGarbageCollector.java:51)
	at jetbrains.exodus.newLogConcept.MVCC.MVCCDataStructure.lambda$commitTransaction$1(MVCCDataStructure.java:297)
	at java.base/java.util.concurrent.Executors$RunnableAdapter.call(Executors.java:515)
	at java.base/java.util.concurrent.FutureTask.run(FutureTask.java:264)
	at java.base/java.util.concurrent.ThreadPoolExecutor.runWorker(ThreadPoolExecutor.java:1128)
	at java.base/java.util.concurrent.ThreadPoolExecutor$Worker.run(ThreadPoolExecutor.java:628)
	... 1 more
java.util.concurrent.ExecutionException: jetbrains.exodus.ExodusException
	at java.base/java.util.concurrent.FutureTask.report(FutureTask.java:122)
	at java.base/java.util.concurrent.FutureTask.get(FutureTask.java:191)
	at jetbrains.exodus.newLogConcept.MVCC.MVCCDataStructure.commitTransaction(MVCCDataStructure.java:299)
	at site.ycsb.db.XodusClient.insert(XodusClient.java:60)
	at site.ycsb.DBWrapper.insert(DBWrapper.java:227)
	at site.ycsb.workloads.CoreWorkload.doInsert(CoreWorkload.java:621)
	at site.ycsb.ClientThread.run(ClientThread.java:135)
	at java.base/java.lang.Thread.run(Thread.java:829)
Caused by: jetbrains.exodus.ExodusException
	at jetbrains.exodus.newLogConcept.garbageCollector.OperationLogGarbageCollector.moveAndRemoveRecordsFromLog(OperationLogGarbageCollector.java:69)
	at jetbrains.exodus.newLogConcept.garbageCollector.OperationLogGarbageCollector.clean(OperationLogGarbageCollector.java:51)
	at jetbrains.exodus.newLogConcept.MVCC.MVCCDataStructure.lambda$commitTransaction$1(MVCCDataStructure.java:297)
	at java.base/java.util.concurrent.Executors$RunnableAdapter.call(Executors.java:515)
	at java.base/java.util.concurrent.FutureTask.run(FutureTask.java:264)
	at java.base/java.util.concurrent.ThreadPoolExecutor.runWorker(ThreadPoolExecutor.java:1128)
	at java.base/java.util.concurrent.ThreadPoolExecutor$Worker.run(ThreadPoolExecutor.java:628)
	... 1 more
java.util.concurrent.ExecutionException: jetbrains.exodus.ExodusException
	at java.base/java.util.concurrent.FutureTask.report(FutureTask.java:122)
	at java.base/java.util.concurrent.FutureTask.get(FutureTask.java:191)
	at jetbrains.exodus.newLogConcept.MVCC.MVCCDataStructure.commitTransaction(MVCCDataStructure.java:299)
	at site.ycsb.db.XodusClient.insert(XodusClient.java:60)
	at site.ycsb.DBWrapper.insert(DBWrapper.java:227)
	at site.ycsb.workloads.CoreWorkload.doInsert(CoreWorkload.java:621)
	at site.ycsb.ClientThread.run(ClientThread.java:135)
	at java.base/java.lang.Thread.run(Thread.java:829)
Caused by: jetbrains.exodus.ExodusException
	at jetbrains.exodus.newLogConcept.garbageCollector.OperationLogGarbageCollector.moveAndRemoveRecordsFromLog(OperationLogGarbageCollector.java:69)
	at jetbrains.exodus.newLogConcept.garbageCollector.OperationLogGarbageCollector.clean(OperationLogGarbageCollector.java:51)
	at jetbrains.exodus.newLogConcept.MVCC.MVCCDataStructure.lambda$commitTransaction$1(MVCCDataStructure.java:297)
	at java.base/java.util.concurrent.Executors$RunnableAdapter.call(Executors.java:515)
	at java.base/java.util.concurrent.FutureTask.run(FutureTask.java:264)
	at java.base/java.util.concurrent.ThreadPoolExecutor.runWorker(ThreadPoolExecutor.java:1128)
	at java.base/java.util.concurrent.ThreadPoolExecutor$Worker.run(ThreadPoolExecutor.java:628)
	... 1 more
java.util.concurrent.ExecutionException: jetbrains.exodus.ExodusException
	at java.base/java.util.concurrent.FutureTask.report(FutureTask.java:122)
	at java.base/java.util.concurrent.FutureTask.get(FutureTask.java:191)
	at jetbrains.exodus.newLogConcept.MVCC.MVCCDataStructure.commitTransaction(MVCCDataStructure.java:299)
	at site.ycsb.db.XodusClient.insert(XodusClient.java:60)
	at site.ycsb.DBWrapper.insert(DBWrapper.java:227)
	at site.ycsb.workloads.CoreWorkload.doInsert(CoreWorkload.java:621)
	at site.ycsb.ClientThread.run(ClientThread.java:135)
	at java.base/java.lang.Thread.run(Thread.java:829)
Caused by: jetbrains.exodus.ExodusException
	at jetbrains.exodus.newLogConcept.garbageCollector.OperationLogGarbageCollector.moveAndRemoveRecordsFromLog(OperationLogGarbageCollector.java:69)
	at jetbrains.exodus.newLogConcept.garbageCollector.OperationLogGarbageCollector.clean(OperationLogGarbageCollector.java:51)
	at jetbrains.exodus.newLogConcept.MVCC.MVCCDataStructure.lambda$commitTransaction$1(MVCCDataStructure.java:297)
	at java.base/java.util.concurrent.Executors$RunnableAdapter.call(Executors.java:515)
	at java.base/java.util.concurrent.FutureTask.run(FutureTask.java:264)
	at java.base/java.util.concurrent.ThreadPoolExecutor.runWorker(ThreadPoolExecutor.java:1128)
	at java.base/java.util.concurrent.ThreadPoolExecutor$Worker.run(ThreadPoolExecutor.java:628)
	... 1 more
java.util.concurrent.ExecutionException: jetbrains.exodus.ExodusException
	at java.base/java.util.concurrent.FutureTask.report(FutureTask.java:122)
	at java.base/java.util.concurrent.FutureTask.get(FutureTask.java:191)
	at jetbrains.exodus.newLogConcept.MVCC.MVCCDataStructure.commitTransaction(MVCCDataStructure.java:299)
	at site.ycsb.db.XodusClient.insert(XodusClient.java:60)
	at site.ycsb.DBWrapper.insert(DBWrapper.java:227)
	at site.ycsb.workloads.CoreWorkload.doInsert(CoreWorkload.java:621)
	at site.ycsb.ClientThread.run(ClientThread.java:135)
	at java.base/java.lang.Thread.run(Thread.java:829)
Caused by: jetbrains.exodus.ExodusException
	at jetbrains.exodus.newLogConcept.garbageCollector.OperationLogGarbageCollector.moveAndRemoveRecordsFromLog(OperationLogGarbageCollector.java:69)
	at jetbrains.exodus.newLogConcept.garbageCollector.OperationLogGarbageCollector.clean(OperationLogGarbageCollector.java:51)
	at jetbrains.exodus.newLogConcept.MVCC.MVCCDataStructure.lambda$commitTransaction$1(MVCCDataStructure.java:297)
	at java.base/java.util.concurrent.Executors$RunnableAdapter.call(Executors.java:515)
	at java.base/java.util.concurrent.FutureTask.run(FutureTask.java:264)
	at java.base/java.util.concurrent.ThreadPoolExecutor.runWorker(ThreadPoolExecutor.java:1128)
	at java.base/java.util.concurrent.ThreadPoolExecutor$Worker.run(ThreadPoolExecutor.java:628)
	... 1 more
